2026-06-26 15:26:01,888 [INFO] ThreadPoolExecutor-0_0: Processing 038743d6a3de4cfebcc4782f6311bf89.jpg
2026-06-26 15:26:01,920 [INFO] ThreadPoolExecutor-0_1: Processing 07fb1540c22a4b0b847a0c9b75f294dc.jpg
2026-06-26 15:26:01,935 [INFO] ThreadPoolExecutor-0_2: Processing 18a41104d494461f96afd4f376cc8da2.jpg
2026-06-26 15:26:01,935 [DEBUG] ThreadPoolExecutor-0_0: Importing JpegImagePlugin
2026-06-26 15:26:01,981 [INFO] ThreadPoolExecutor-0_3: Processing 1f1f9f7188ca462e91e0b024a2cac3e8.jpg
2026-06-26 15:26:02,012 [DEBUG] ThreadPoolExecutor-0_1: Importing JpegImagePlugin
2026-06-26 15:26:02,136 [DEBUG] ThreadPoolExecutor-0_2: Importing JpegImagePlugin
2026-06-26 15:26:02,167 [DEBUG] ThreadPoolExecutor-0_3: Importing JpegImagePlugin
2026-06-26 15:26:03,577 [DEBUG] ThreadPoolExecutor-0_0: tag: Software (305) - type: string (2) Tag Location: 22 - Data Location: 50 - value: b'[PROCESSED_BY_AI]\x00'
2026-06-26 15:26:03,592 [DEBUG] ThreadPoolExecutor-0_0: tag: unknown (40094) - type: byte (1) Tag Location: 34 - Data Location: 68 - value: <table: 178 bytes>
2026-06-26 15:26:03,592 [DEBUG] ThreadPoolExecutor-0_2: tag: Software (305) - type: string (2) - value: b'\x00'
2026-06-26 15:26:03,608 [DEBUG] ThreadPoolExecutor-0_1: tag: Software (305) - type: string (2) - value: b'\x00'
2026-06-26 15:26:03,608 [DEBUG] ThreadPoolExecutor-0_0: tag: ExifIFD (34665) - type: long (4) - value: b'\x00\x00\x00\xf6'
2026-06-26 15:26:03,639 [DEBUG] ThreadPoolExecutor-0_3: tag: Software (305) - type: string (2) - value: b'\x00'
2026-06-26 15:26:03,639 [DEBUG] ThreadPoolExecutor-0_2: tag: unknown (40094) - type: byte (1)
2026-06-26 15:26:03,686 [DEBUG] ThreadPoolExecutor-0_1: tag: unknown (40094) - type: byte (1)
2026-06-26 15:26:03,733 [DEBUG] ThreadPoolExecutor-0_3: tag: unknown (40094) - type: byte (1)
2026-06-26 15:26:03,763 [DEBUG] ThreadPoolExecutor-0_2: tag: ExifIFD (34665) - type: long (4) - value: b'\x00\x00\x002'
2026-06-26 15:26:03,825 [DEBUG] ThreadPoolExecutor-0_1: tag: ExifIFD (34665) - type: long (4) - value: b'\x00\x00\x002'
2026-06-26 15:26:03,856 [DEBUG] ThreadPoolExecutor-0_3: tag: ExifIFD (34665) - type: long (4) - value: b'\x00\x00\x002'
2026-06-26 15:26:03,888 [INFO] ThreadPoolExecutor-0_0: Skipping already processed image: 038743d6a3de4cfebcc4782f6311bf89.jpg
2026-06-26 15:26:03,996 [INFO] ThreadPoolExecutor-0_0: Processing 42c9359c671d4dc38e08873c65dad439.jpg
2026-06-26 15:26:04,042 [DEBUG] ThreadPoolExecutor-0_2: Requesting tags from LM Studio (qwen3-vl:8b) for F:\kuvat\test\18a41104d494461f96afd4f376cc8da2.jpg
2026-06-26 15:26:04,088 [DEBUG] ThreadPoolExecutor-0_1: Requesting tags from LM Studio (qwen3-vl:8b) for F:\kuvat\test\07fb1540c22a4b0b847a0c9b75f294dc.jpg
2026-06-26 15:26:04,072 [DEBUG] ThreadPoolExecutor-0_3: Requesting tags from LM Studio (qwen3-vl:8b) for F:\kuvat\test\1f1f9f7188ca462e91e0b024a2cac3e8.jpg
2026-06-26 15:26:04,258 [DEBUG] ThreadPoolExecutor-0_0: tag: Software (305) - type: string (2) - value: b'\x00'
2026-06-26 15:26:04,273 [DEBUG] ThreadPoolExecutor-0_0: tag: unknown (40094) - type: byte (1)
2026-06-26 15:26:04,273 [DEBUG] ThreadPoolExecutor-0_0: tag: ExifIFD (34665) - type: long (4) - value: b'\x00\x00\x002'
2026-06-26 15:26:04,537 [DEBUG] ThreadPoolExecutor-0_0: Requesting tags from LM Studio (qwen3-vl:8b) for F:\kuvat\test\42c9359c671d4dc38e08873c65dad439.jpg
2026-06-26 15:27:15,248 [DEBUG] ThreadPoolExecutor-0_2: Request options: {'method': 'post', 'url': '/chat/completions', 'files': None, 'idempotency_key': 'stainless-python-retry-0fea7000-bffc-4460-8f0d-4973f851a37f', 'security': {'bearer_auth': True}, 'content': None, 'json_data': {'messages': [{'role': 'user', 'content': [{'type': 'text', 'text': "Analyze this image, which could be an internet meme, screenshot, artwork, or photograph. Extract 6 to 12 highly relevant keywords. 1. Always include the image type as the first tag (e.g., 'Meme', 'Screenshot', 'Artwork', 'Photo'). 2. If it is a meme, identify the meme template/format, the main subjects, the core vibe/emotion, and 1-3 key words from the text. 3. If it is a screenshot, summarize the main topic or software shown. 4. All tags must be strictly in English. Do not use any other languages or alphabets. Return ONLY the comma-separated list of tags. No introductory text, bullet points, or quotes."}, {'type': 'image_url', 'image_url': {'url': 'data:image/jpeg;base64,/9j/4AAQSkZJRgABAQAAAQABAAD/4QBIRXhpZgAATU0AKgAAAAgAAwExAAIAAAABAAAAAJyeAAEAAAAAAAAAAIdpAAQAAAABAAAAMgAAAAAAAZKGAAcAAAAAAAAAAP/bAEMAAgEBAQEBAgEBAQICAgICBAMCAgICBQQEAwQGBQYGBgUGBgYHCQgGBwkHBgYICwgJCgoKCgoGCAsMCwoMCQoKCv/bAEMBAgICAgICBQMDBQoHBgcKCgoKCgoKCgoKCgoKCgoKCgoKCgoKCgoKCgoKCgoKCgoKCgoKCgoKCgoKCgoKCgoKCv/AABEIAaABoAMBIgACEQEDEQH/xAAfAAABBQEBAQEBAQAAAAAAAAAAAQIDBAUGBwgJCgv/xAC1EAACAQMDAgQDBQUEBAAAAX0BAgMABBEFEiExQQYTUWEHInEUMoGRoQgjQrHBFVLR8CQzYnKCCQoWFxgZGiUmJygpKjQ1Njc4OTpDREVGR0hJSlNUVVZXWFlaY2RlZmdoaWpzdHV2d3h5eoOEhYaHiImKkpOUlZaXmJmaoqOkpaanqKmqsrO0tba3uLm6wsPExcbHyMnK0tPU1dbX2Nna4eLj5OXm5+jp6vHy8/T19vf4+fr/xAAfAQADAQEBAQEBAQEBAAAAAAAAAQIDBAUGBwgJCgv/xAC1EQACAQIEBAMEBwUEBAABAncAAQIDEQQFITEGEkFRB2FxEyIygQgUQpGhscEJIzNS8BVictEKFiQ04SXxFxgZGiYnKCkqNTY3ODk6Q0RFRkdISUpTVFVWV1hZWmNkZWZnaGlqc3R1dnd4eXqCg4SFhoeIiYqSk5SVlpeYmZqio6Slpqeoqaqys7S1tre4ubrCw8TFxsfIycrS09TV1tfY2dri4+Tl5ufo6ery8/T19vf4+fr/2gAMAwEAAhEDEQA/APRLP4M6X/wsaPx/qurfbZLCb/Q7SKHyovN8r/7bXWaj4bn166k8/wC2xx+T5cMtp+6lrc0f7D9ljng/1n/oqo9S17yb/wCzwQXMkcsP77yof3VfwhLG1qNbnq+9I/of2tarqcPoPirxX4P1mTw544vvNktf3n2v/Vfb7X/nrFFLL/39r0CbXoNf0u38+by/33mQy2k1R6x4P0rxVd+RfQR+ZFZ/6HN/zyilrzu80Hxx8Ez5NjPJLpfnf9dYq+no46GJo36nKqdGrU974j0yHxLqum/uP9bW5Z69pV5a+fBcRyRxf88pq4/R/GHw/wDG+nyXs+q6bHJLDFJeQ3f/AFy/1X/kWWtDQtM0OC6j8ieS9klh+zebqM3/ADyl/wCeVd+Gba56nxHHVwtJHYQWdv5ck/7zzPO/10NR/Y5/N/fjzY/+e0VY9niG6k1WCDzP3PlzXc3+tqxD4kmh8y+/tW5+0f8APL/llLW7nVp0vaMy/s2rU/hmpDpfnVXNnND+4P7yOo4fFXkiT7fY+bcf9OlXLO8g1KKMQX1t5kv/ACx8797U0sRGqvdkY1sDicPrIr/9N/3vWj/VVJNDPN5kH/PL/XVX8mfzcW8HlU4cl/3hz+1Rcs4fJ/1//LX/AJa1chFx5vkVTihni/5b/wDbGtizhMH+vNZQ5/Z6GdQjm1ODQfs+nzjzPNm/c/8AXXyqP7Rn1L9/cXH7uvP/AI5eJNW8Ny6frmhwSXP2W8/1MNdB4D+IeleN9LjvrESxebD/AKqWH/VV8/XV6s1I9+lh5fVoVCTWPDc81h5+hz/ZtQtf9TN/z9f9Mpa2PDfiWDU9PjgH7qSL/Xf9daLP99/r4P8AVfu/Krh/id/wkfgnxHb+P9DuJPs8s0UepWn/ACylrixGXXoe1pl0aqqz5KnxHpE2pTzf6+f93/yxqO8msfEul3HhXxHpUVzHLN++il/1UtZ9lr1jqVhHqtjfWMscsMX72Gb91+9qxNewHy/3/mf9Nv8AWV5GGxtfCYv94OphnCJ8B/HL9kXXPgb481S/8OQXN9o9/qUsmj3f/LWKL/nlL/01irvP2Y7yfUoryC+gkl/saGLzofO/5ay/+1f3VfVnj3w3Y+MPBt5pV9Yf62H/AFv/AC1il/5ZSxV8rfshaNrkHwm1iHVDJbah/wAJFfx6xNL+6/exXUsVfqXDGMeZYmDXxKS/r8D1sDmtWUPq52v/AAm39pX/AJ2fNjupv30P/TL/ADFXN+NrP7ZLcTwT/wCq/wBT/wA9a1Jv3Ovx289j5n/LSaaGbyvsv/fr/nr/ANcv+WsVZfirWNDhtZPOn8y3i/dzXfk/upf/ACL/AM9f3v8A0183/plX9BU8NGvhffPrsoqcmI9wsfD3UrHQIv8AhHIDHH+5+0wyyzfvf3te6eGrODXvCVnPn/SJYfM82Kb/AFtfNfkz3mvafB5FzF9qvPLmh8797FFX0x8NzALaRfIki+yzRW3k/vf9bXyONw/saxnxvVSw0JosYmFrn7PLH5v/AExqnqUM+jxxzwQSyf8ALOaatzyYJoY7if8A7/Qw+VXH/FX4h2HhTwnqk8E8UUlrZ/uf+WvlS/8ALL/yLRhp3Xvn5Th6VTEYr2cPtHQeCfjZoc2s3ng+fXNNlvIpvL+yed/qpf8AnlWhr2ned+/H/LX/AJY18F3l5PD5l9P/AMfH2zzJrv8A5a+bX2R+zR8VIPjB8PvI1W+/4mlhDF9s/c+X5sv/AD1r4HinK6tF+3vzRPo814Wll1CFanrH7RzfjbQvEehWsninw35Ulxa+b51pLD5kUsVfHfxb8X+I/ip4ouL/AMY+JLmOOL/U2mn2cX2aKL/rlX6AeJLKDzZPI/ex/wDLH/rlXwH8fvCv/CB/E3VNDngkjt/Ol+x/uf8All/yyrt4LzqOIpywHL5n82eJ/DNLE1442V5R2Og/Z71ODw38QdHsPB37y4lvIraH9z/z1/df8sv8/uq+/NH/ANDtZIPP/eRQ/wDo2vkf/gmn8MbfxJr2ufGLW4JZY9BhistN87/n6uv9bL/2yi82L/t6r7AvLOaC1jngMsf/ADxrn44zKnTjHDx93lPQ8LsqxGX4OU5u8ZS930Of8n7ZfxzwCWKSKb/WwzeVVfwr8Nv+EbluINKg823uryWTzvJ/1Xm/89a6iy02CH9/BUkN55OqR6VB/rJa/H5Y7MqNT93Lm/4J+w1HSkcnqWm31nL5E8HlSVThhnhteK6T+2L681mT+1Z/Nt/9X9k/5ZVJceHLGWLGh65bSyf8sbTzq9inVxlXD+0qROWfsfaanL+f7VJDFPCak1LS9Qh8y4+wxeZ/y2/561Xs9SF5/pNv5X/f6t/7Sp4bklNjeF9p/DNTTYP3v7+tDy/+XfH4Vn2QgvIv3FxF5n/LbyZq3IdNghi6eZ5tfW4SrRxGG9opHiVVKhW9myPyfsf+oos4Z9SufsNjBJ5kv+pqPXtS0rw1YSarqt9FbW8X/ParnwH8X+HPG11rH9lT+ZJa/ZfO/wCev73zf/jVc3tYzrezgbewrql7UuQ+CftsXkarP/y2ikh8r91Re+Gr4QR2Fjqsf2OKbzJovJ/e11mpQwf6jNZd5DBDTlTpR1JpYirUObhmnhlkgvrGWLyqy9S1LSrOKODXIP8Alt+5l87/AD5VdZN5E3+vrk/iR4Pn8SaBeWMF9JFJLD5fnQ1tPFrE0tIrmid2B5oVrS+Epy2c8/8AxNbH97JLD5cMM037qKKuf037drGoSatrll5Uf+rs7T/W1H8MfidY3trZ+G/FWq20esReVbfvf3X2qXyv+WX/AH6rtLyz0qa1/fT+V/yz+1xVx1MRUoVac6p6kYtVJRZ5/wDE74b+HPip4S/sPxHBLF9lmiks7uH/AFtrLF/qpa8bXxT8U/hLPJ4W1W+iks4rz9zND/y1/wBV+9ir6A1S4/0b7RbwSR+b/rv8xV53428N6V5X2G+gij0u/hljm87/AJ6/89a6sRmtGT9q4c3KfQ5JiK/LLDfFCXQ6jUtM8N2cUc4n/wBM/wCWPnf8tf8Alr/qq4v4J+JPDOvfEbxR4BsL6OPULXXpbm0h87zZZYvssXm/+Rf+/X7qo/jlpniOxtLjXPCs9zHbxTfvof3UUsUsX/XKq/7Oug2Or/FbR/i3ZLF5eqeFbqSbyv8AVRXX+ixS/wDo2vjcNh8PiZT5i8TQjg8Fz857hpvhvUNAtZDff6Tced/rof8AlrUl5eWN7pclj/rY5Yf3H/LSrGpzX01r+4g8z/rrXN+HNN8VQ+HIx45gjl1C1/5bQ/6q6/55S12UsJQo+9E+UVerOdzzfXvBEHg/xRcf2VBJ9n1SH7N/ZNp/yyil/wBbL5v+f+WtdZ8PfGM8F1ceB9WvZbn/AEPzP7Qmhii83/v1+683/pl/rf3VbmpaCNS0u4E8HmR/vZPOrj/Dc0GseHLjVbiaW2k+2fZpoZppbb/VfuovK/6ZS13YqblRpypq9vi+/c9GliPar2cz1Cz0eAaX/pHl+X53/LGasebTZ4ZfPgn83yof9bWH4D+MF/NdXHhXxHY23mRTf6Hd/wDP1FXWf2xpNnDJ58/lSf8ATb915VetTlTxdH+6bUvbUSvZ2fky4uD+7i/5Yw/8sv3sv/LX/P8Arakm0H+0v38E/wBmkimqvN8QvCmjyf2Vb+I4o5Jf3kMUU0UkteX/ABO/ad1WGK4HhfSpY7i1vPsXm3cP/LX/AFsX7r/nlL+9/wC/Vc98Jh58h2xp4rFu0YnuEP8AqfIvl/7bQ/8ALKpBpvnS+RBfRy+bXzf8PdY/aT1jVLeDVfFXmx380UkP2Sziiiii/wCWv+t/6Zf9Na9Ms/BPxG03/Ttc+NOrXMcUMX7m0s7WP/rr/wAsqVTBVcVHnonFicBToT5ZOJ6ZDpomuo7Ge+iik/67VJ4k8jR7Xz/3X+p/cw15/o+sa7o+vR6T44nvdSj1SaWT+0ZoYvKtZf8Anl+6/wBVF/mWvSIfBNhqWlxz3F9cxxxf8ecvneZ5X/f2uLFYLGYenfY82cacJ+8ed+JYb680GQzwSf8ATavI/iF8eNK+DOveF76xvo7m3lh+zalaed/rf3v/ALSr6M1nR76zMcGqwR+X537maGb91LXx3+3V4CGj/EDR72xg/wBAutN/8i+bWFLE0p/uuT4j2MulzxlA+xNH8SeHfFWn2fjDw5qsVzZ6pZ/66L/lrVzXdHg16wksZ4JfLl/z5tfG/wCwf8bNV03x5efCvXL+X7HqkP2nTfN/5ZXX7r/0bF/6Kr7Ys/I8qPz/APlrDRUwtXAVNfgkePjKksLXsviPnvwr4q1z4b+N5PhJ9ol8z+0vsVnDDN5v2XzYpZfN/e/8spf3X/f2KKvXNM1j+0ufP/1tZ/xg+DOh+NtU0f4jQT3Om6xoM3mabq2nTfvYov8AlrFLF/y1i/1X7r/plXSWfgnQ9Rl/tzSvNiuIv3k32SaXyv8Av1XzXEGCjPkqUGejh8xhWhaoR6PD5Mv2eeCub8efDHwP4PtdQ1WD/QY9U825vPJm/wCXr/nrXUTXn9meKbeC+g8uSKHzP9T/AM9a5f4q6DP488ZWdj/aHl6fpdn9p/6+pf8A91LX0nhnKt/b9OlNW5tJSZw4vFPCfvqZ4fo8ME0seueI5/s39qTS23lRebF/21/6a/6qKvK/EniOf7fearAf9DtZvsU13LDLJFa+V+6i/wDttfQnirwTfC5jvoPNj+yw+XDDD5X7qLyq8v1j4QfHa98J6he6VpWkeXqlnLZaPaed/pX7r/W+V/zyll/df+Qq/rLOqVHAqEKcvsnq8E8UwxFeaqsueCfDc954os7/AMiKKOLyrmaW0/eebL/11r6A0GzGj6NcQTwReZL/AK7yq8r/AGXdCv7Tw55/jjzbbULWaW2/s+abzfKlil/5ay/9dfNr1zXjBNax2NjP9pk/df8ALGvzbHVXUrOx0cRZx9er+zXwojh1Kx+wSW8E/wD21/5ZV4v8cvI1PVLfSrGfzLOX95NDFN/rZf8AprWh4k8eDxJ48k8AaV4jtoo/Jljm8n/l1l8r91F/n/2rXJ+D9N/seK4/ty31f+0IpvLmu7T95+6/55S/9damhmGHT9mYZTh8NgV9axFXlfZkcPgmeGw8+A/6R5Mv/LHzPK/e/wDx2vP9N+Ieq/s3/EaS/sf3scU376LzpY/tVrL/AJ/9FV9Uf2D4b8SaDb67oc8v2z7H/wAg7yZYpfN8r/nl/wAsv3v7397Xg/xy+G8F4bi3v/3V5L/qfNmr0sXHBZlg/Y8h9fgsxea05UnrE+oPCepaV488L6f4q0qeK5s7+GKSGaL/AJa+bXzv+2x8ANc+JWl2eueB9Clk1y1vIrKz0/zv+PqKWX/Vf9/f/atU/wBgn4xv4W8ZXHwX8R33l2+qebJo8P8Azyuov9bF/wBtYvN/79V9YQ6D52vW8/n/APLb/XV/P+Mx2I4YztRp7uR+c8TZHTrKWGq/CZ/wx+D/AIc+A/w60v4ZeDvMlt7CGWS81Cb/AJf7qX/Wy/8Axr/pl5VdB58Hm/YfI/d5/wBbUmsTQGw/fzf6qH/XVn+d5Esnn1y5tjsTjK/NV97nPFy/AwwFFUqXwxJLyWCztJJ55/8Alj/qf+WtWNN02+0HQZPFWueV9suv+eM3/fqKvgf9pj9tfx9c/wDBRPwd8Cfh1rJi8P8Ah3xhYaLrEMB/d6pdSyxRX3m/9copfKi/55SxS/8ATKvuzWNSN5oMdgZ5P+21e1Vyb+z6VKtU6xul/md+Kpzoxip/a1OTvdSh837QD+7rH8SeNrHwno0l9q1x5Vv+6j87/wAhVJ4r17SfDenyX19f20UcXm/vpZv3UUUX72WX/tlFXxn8Wv2qNV+MHi6T/hHPNtvD9rN/xLYv+Wsv/TWWujK8FiMVK8vgPzTjLjXB8OUbfFOWyPtzwH8SbDxtoNvqsE/mfaoZf+uvmxS+VVPUof8AT/t0EHlydq8b/ZR8V/bPCX2Ce4/1V5L/AMsfM/1vlf8A22vYLP7PDpck9x5Uvm18xm6jh8XOlyc0T9L4Qx/9q5PSxUl70oo0PCt5/wAT+3nz/wBM5q7yaHj/AEj93Xmfg/A8b6Hbweb+91KKP/yLXql5/pl1HpVj+7+1fu/+uVe/kzVPL51PsxDOUo4yOh5XrHg7XPjLLIbG/ubK4im/c6fLDL5UX/XX/wCO16J8B/hLq3wxtdQn1bXLa9uL/wAryYYofK8qKuoi/srQYvsWlwRxf89vJhqObUp/9R58tc2GrxqVufqYYnE1KtHlj7sexcmm+2S+RB5cklYem+feXVxBqsEttcRfu/KlrQvL3VbyWOebVbn/AJ6eT51SXkE95YSQT+Z/8ar2MRhcXWUZQj7p5dPGUaRl3ln5MXP72qfkzzRed+98uX/Uy/8APX/rlXSalNpV5dSQWGlxxSS/8soYa4ubQdJ8uSx8OX1zHH50vnQxXn/LWWsKeD9lU0mdlLExktTxv45eBLH/AISOPxH4cg8ySW88ya7tP+XCX/tl+9iqn8N/j/PpsUlh4jPmR2s37nUf+WX/AFy82X97LXuA0fNhHY6t5Vz/AM/l3/z1ryfxj+yNpWsRfbvA/iP+zZPO8yG0u/3scX+f3tfV4udDNcDTwnLGM4/aKoYt0K/NU96H4nUaPcaXrHheS+0q4823uv3kM0P/AC1rj/iR4P1XU9B1Cx/5d7qaKSGH/nlW5+zf4J+I3g+11zwd4/0O2treLUvM0e7hm82KX/nr/wBcv3v72tjXprGCaSCeaOX9z/z2/wBbXhywNHCSlSqf8A9/L8x5q3PQOH8FeK769sLjRL4S3tnLN+586z/9pV6B8Jfh9ovg/S7eDQ9LitrO6m8zzvJ8v/v1/wBMoq4vwJoJvLX+w7G4+zW8v7y88n/lrXcQzjTZf7D/ANVHawxSQww/+ja87gfhXEZrerKXuBxTmNPD/u6Z1E39lf6j7d/3+/dVY/s1ZYvI+z+bH/0yri7PWJ7yaOCeeXzP/IVbn9pT+V+48yOSKH/llX6NifDevyc9JnxFPO6NL+IWP7Hsf9RWfrHgPStSjkH2GKLzf9dWfceMb+G6knnntpLf91/11rQ0fxvpV5/o0995cn/T3/8AHa+KzLh3NMsfvw0PdwuLjiY89OZx5+Etj/whuoaVqv8ApN5dTeZDdxfupYv+eXlV53qXwx8ZeG7T7dBfX0n/ACzhih1KXyvN/wCWX7qX91FF/wBcq+iPJn8ryPIqOHyJv3E8Hlyf9Nq8mlKrhloejTxlfqeF2fg6DRtL+w+DrGP7RawxRWf9rQ/62KL91+98r/nr5X/f2rHwM8HeHPGvwvj+Jt+f9HutSuvtlpNN+6iiil8qKKWL/rr+9r2i88K6VNFHOZ/L/wCmsVZ/9j6V4b+0QaV5umySzfvv7P8A+Wv+fKqMIqNPFe1re9zHtUsyqujy0yn4b0f/AImkn26GO2jim8vyYof9VW5eaZPeRSeRb/vP+eMX/TX/AFX+f+mVY8esWWmiM2MEf+u/4+5v3cX/AGyi/wCWVc3r3xm0Pw34ts/CuuWVzcySwxR+daQ/6qWXypf/AI1X2MMbRoUL0o/0zxK1DF4mrdbm5r2mTzXVxfWM8knm/u7P/nlF5Xmy/av/AGl/2yrU8E+O77RtQkG7zLeWb99D/wC1aufuIbWPz545beWHy/tcP+f+utRz6DpWpf8AHvf20cfnfvpf+eX73zf+2v8Ara561SFVfvPtGVTnivZzOknvLGeGTyP3tvdf8sq4f4kfB/wB8R9Dk8OeKrCW5s/9ZD++/e2Ev/TKWtjR5iZfsI/54yyf9cv8/wDtWrEM0BlzPPXx9aVLA4ltakQqVoO6PiP4tfsN/GLwDDeX/gae+1uOX/kG6jpMP+lRfvfNi/df89a+qv2Qvj74j+PHwejT4m+FJ9C8WaNL/Z3iTSbrTpY/Kuov3vmx+b/yylruvJnvP3HnyRR0Tf2VZn7RfX0ccn/T3XtUcc+IZQwcaaX3ng5zmMctp1MTVnzf8A6Qw6HPYeRPfSSyS/6mufs/DelaPF5H9qReX/zx86X/APdVhnXoLzy/7Kvv3cv7z9zDWhZmebrPLJ/22r9xyHwayudCnVx0nL+6tD+es58aMYq7pYOPL66mpef2VMPPn/eSf89prOLzarzWelSmSCexik/7Y1Yg0eebpBVyHR+0wr9Oy/gXhnKZc9CjH8z4nEce8VZg7utL5aHN3ngrwpqXmefocX73/XVXvPhL4VvIo4ILe5sZLWaWWGW01Ly/K82u0h02x/54UT2UPSCvSxeAwGI/iwR05VxJxDgpc9OvLml5nlc/7PWuWd1qE/hXxHc21xdWd1HpsvnRSRRXUsX+t/exf8spf3v/ADy/9FVyesfAf47w2FnpXjG+8QXMlrZxR6xqGn3lh5V1L+682WKL915X/kL/AFtfQH9mQeX/AK+rA8Nz6za/8hTyv+m03+qr4fiLJsDRcZwilD0Z9fhc8z/HfHiJc++j/rQ+M/BP7K//AAjfhLT/AA54jt/s32Wb7TNDDeeZc3Uvm/8ALWX/AL9f+Ra7j+wYNNiksdK0q2to5ZvMmhis4v3teweK/BMFnNIJ5/3kVcvoFn4Vm8Rx2PjHVYrLT/JlkvLuX/ll5UVfNLBZPg6PNCG/Xd/iLO8z4lzzFU8LUry6aLRfgfmX+1p+0V4x8V/GTVPDvg74ja3pvhfQYYtO03w9pOsXVtY+bF/rZfKil8r/AFvm15fefFX40wyx/Yfibq/mf8sfN1KX/wBq1j+NtN1Xwr438QQarPJ9jl166khlm/1Uv7391LXefDH4ff8ACyNes9K0qDzJLr/lt/qq+XxWJiqrqUvgP7X4NrUsp4epUqm8Yr8Fu7lv4YeIv21tQ1zS9U+HvgdPEWtRatFe6X5Ft5sstzF/qv3X/LX/AFVftTo/hrXLy10+3ggtotQ+2WvnQ2k3mxWv72Lzf+uteV/8E9P2OrH9nzwY3j/xlYR/8JJfw/Z7TzYf+PC1/wDjsv8A6Kr6IgvPscsfkV+IcUZpTx+YU4eyj7kvj+7/ACPn8+zf+0cTzU/snlfjzwf4/wDB9jJqk/g69uY4of3P2T955tfNvxK/a1Pwm+BfjD4v6nexTSaDpsv2OG6m/wCPq/ll8q1i/wC/ssVff3/CST/6ievO/wBov9j79lb9rfwNqHgT41fDOzu7e6vIrn+0bR/s119qii8qKXzYv+WvlVtg4ZZUzOlWq1L04/Z/M8KjjHCdpwPxe/ZZ8P63qPjmz+P/AI4nleOLWLW9/tXUZv8Aj/v7rUIv3v8A5Fll82voH9on/gpl4Z8HRf8ACEfBnxbY63qkvlfbNchm+021hF/y1l/6ay/88oov+2tcr/wU0/Yn8Yfsqfs6N8P/AAr4uudb8OaZ4ktY7q/df9JlsPKl+y+b5X/fr/8Ae+VXw74ch/1YNfqGEo5XmsPb35/e5bdkj4TxG4qzHC1b4Vacq+R9GfEL9qLxV488OSeDbHVdSis7r/kJTXd55ksv+f8Alr/yy/8Aauf4b1LyYvIt/wAK830fEMsh/eV3nhXTb/Xrq30qxHlXF1/qZv8AnlXvSyujh8Lakj+Xs3zfEZzmsJYnc+uP2Xb2/s/Dmnzwf6vVIfMh/wCmv73yv/aVfSk83nRR29h+9/5414/+zH8K/FXxIl0+x8D2Mn9l+HIYrabUP+WUXlRf6r/prLX3B8MPhXofwl0GO+vvs17rl1D5k13ND/x6/wDTKKL/ANq1+RZnkWKlip1a3uxP7L4XzHDYDIqNKg+aSiji/hj8Adbhu7fxx4x/0Lyv3mm2kv8ArZZf+estdJrHhzXNGlkvoLGPy/J8szQ/88q6C81ie8lovNRnm8yCb95WH1nBUMJ7BXsb1KuKxGJ9rUOL/wBVUc15DDLHPP8A88f337n/AFVbmo+FmvOIJ/KrDh0z7HLJn/Sf+Wfk15dPEVKVT91DmPR/dSoliHUoIZY/I8qWtCz/AOPriCX/AFP+u/5ZS1n2Wj2Plf6j/Vf9NquQ3lwB+4/6519rgp4uOH53LSR8nU9j7Yr3kNxpsskE/mSyRQ/vvO/1tc3pvhX+x9euPEljfyy291/roq7CazmvNLk8j/ll+7m/c1jz3n9mxfuK+NzOtVwuM55H0mC/eYf2dMz5pvNljNV5vtGf3HmVycP7QngDUvFF5oc+qyRyRTfZvtctnLHF5tdBB4j0k/uBfW0vm17mWZk662OXE4OpQ1qFiYT+V5/n1zer+A9KvdUj1WC+l/6bRTTV0nnQTD9xP5sf/Pb/AJ61Xm/cyYPmf9dq7nJ4mry1DKnipYX3qZxfgm8sZrWPXNKnj8uWHy66C9mg823nsZ/Lkih8vzYoa+c/hv8AGC+0e6uPDfxAsb2xk/dW1nFp/wC9/wC2v72vQLP4ha5/Ysmq6TpUV7HYXnl3n+meV/n/AD/ra/YOA8HhqGAjRgtjfPcFWnNzbujvLzUoPOxN9hk/1X/TKX/PlVoWesaVPa/8f0cX/baXyv8Alr/y1/7ZV5/4V17Q/idYSX0/hXUrGSLypIZprzy5ZfK/9pf62tzw1qWlXkf27w5pV7H5v+p/tGb91F5v73/VV+j06dZVvZnx1ahTjSbl0Og1KbQ9S/cTmKW4/wDIsv72sPWNN+xyyT2I82Pzv31p/n/rrWhDBqv2qT+1dV+0xy/66KKGL97/APaq0P3s0P7+f/vzXRj8BgcXhuStTuePLMHgZRlTqay7GfARo/7iE+Xb/wCr/c//ABqpP+Ewt4ZZIL7zZZJf9dN50tR6lDBDHJB5/wD00rDmEEEvMEvmf9ca/EeJMl4Ywlbkc+Wfr+h7WBz7M1/fOom8S2/lfZ/+Eii/6Y/6H5vlV5p8Wf2mvAXw4guItc+IugabdD93p0XiG8iill/6axW3m+b5X/kL/prW/wCcfK/1/mSV8z/8FGfg5p3xC+DR8VWGm+Zr/hi882zki/1v2CX/AI+ov+/sUUv/AGylr4GnhMsq472fP7nofbZJj6+KxcKVaHJGXW9/wPZfh9+0v8L/AI03X9ieGfiR4d1K8tW8yztLC7/eyxeV5X+q/wBb5X/TXyvKrb+IXjbxH4V0H+1v7Ktr39z5X+u/7ZV+NcEuq6LqceraJfS215azebDNDN5UsUtfbXwD/wCCh3/C1PBknw6+Mmi3v/CQaNZ/aZtbtIZZba/tYov3ssvlf6qWL/W/88pf+mX+qr3cTkbhhW8Nqfe4zL6eCfOpc0D26H9orSodLk0PXfB8X2OWHy5rTzvN83/PlRfuv9V+6rP/AOGqPDfg/WLe/wBDsY7bT/8Al807/ll5Xm/5/wAxV5n498YeDvsseq2Piqx8uWHzIZopvNili/6ZS189/HL48WGkWEkHhzVYpLz/AJYiH/0bXz+GweYYqvCg4HmVHl8YSn+p+nHgP45/BvTdCvvjTqPj220jQV/eXeqeJporaO18r/ll5sv+t/1v/bWuK8V/8FY/grNblvAHgzxFr5l/5iENnFptj/39l/e/9+rWvxj8Q+LvEHjnxbZal408R6lqSR6lF5sWoXnmfuvN/wBVX3F47+FXjf4Z/EvWPAvjHSbixvbXUpY/Kmi/1v8A01i/6ZV9L/qfl+DqU44mXNObbtt20R+D+J/GuZcP4HmwNO/97sfUcn/BQfxVr9r5+laVpumyS/8ALL7HLfeV/wBtZZYv/RVXPhX8VPj58cvEckH9uSx6HYfvNY1H+x4oov8AplFF+6/1teG/Cj4eNdWdpbLBII2h619lfCzw3Y+FfBun+HNDsZYo4ofMm/6ayy/62Wv0jLMn4ZyGFOvUUVLz/wCCfyrlXEfHnG2Z1KSlN0/TT8EdBo+mwWcUcHkf6r/ptXYaDZ/bP9R+7H/XGuP17xV4c8H2sl9rl95flQ+Z5MUP72vlf9pD9rrxj4riuPCvgfxHJpul/wDLb+zpvLll/wCmUste/jPEHCUaXLhvel+H3n7z4efRp4s4tzH2mI92n/M/0R9uT/FT4LeFNR/sfxJ8cPBNjeY8v7Jd+KrCOX/v35tdp9j/ANFjn/dSxyw+ZDN/yyli/wCetfiH4w8+aKSeCeXy/wDV5/6a13v7IX7f3x7/AGWr+38L6fq8mqeD5bvzLzwxqp821i4/e/Zpf+XT/tl/2182vPy3j/ETrWxMfc8j+heIvohVMHk/tMuqOdSH2XbX5rY/W+b9z+48iiCfvcQ1y/wT+OXw5/aE8Gx+OPhxrkcsf/L5aTf8fNhL/wA8pYq7DybL/n4r7qhm2ExkeelPmifyfnfB2ccNZhLD4ylySjuU5J/+fcVYs7y4h/cQT1HUlZYyrRxdH2conPg1Woz5qRT8Y6D52gyarY/6yL/XQ18//GDR59f8OXmlG48r7VDLHX1BoE09mZJzB5kdcn48+EvhXxJ5k+l2MtlJL/yyh/1Vfi+b8T4DL8VUwNaPu/Zkj7qOQZjjKdPFUPj+4/Ir42fBPwfZ3eoaHcaHJY6pFN++8qb97Xrv/BG39lfW/HnjbWPiN4xv77/hG/BupRR2fnQ/8hS6/ey/Zf8Atl+6ll/7Zf8APWvtT4hfsK/Cz4zf2fP4/wDN+0WHlf6Xp83lyyxf88q9c8B+A/A/wr8G2fgb4f8AhyPSNHsPN8m0tIf+Wsv+tlr8+x/EFKGBqU6T+Z+o5LWzn2PLiNPnc6T7ZDDYR2NjB5UdV4Zp4OZ/9ZVfUdY0m0i/0ifyqw5vid4Vhl8j+3LavxnHZtRhU98+qw2FrVIHSfbP3vSpPtlx6D865+z8VaTqUX7jVLH/AJ5/66pJvFVjZxZnni8z/rtXl/23h4SaUjf6pVueJ/H65vPFPxQ1Cw1MW174XutNisptKu7OKWPzYpZf9b/z1/1tedzfsvfsx/EfSp/B2sfAzwutvL+887TdHisrqKX/AJ6xXNr5UsX/AH9r034vS32qa1JfeFfDN9eeb/zy8r/W10fwB+FfiKylk8VeK9K+zSeT5cMUvlV5lHizNsDW9ph63Kr/AGf8jox2UZdiMHyV6XOfE/xs/wCCM/jDQ/B1x4p/Z68ZSa1cWMP7nw9rk0UdzdRf9Mrn91FLL/0yl8quB/4Ju/ss6h+018XdU8OeOtN1LTdI8JQ+X4qhh/dXPm+b5X9n/wDTKX91L/1y8qX/AJa1+tXkmzl/19V9D0bw54Lk1SbwB4R06xuNY1KXUtSls7OKL7VdSxRRfapf+esv7qL/AL9V+ycNeLFb6p7HEx56n2f+Cfj2ZeF2V4jM4Yql7sesTQ0fRvBvwr8P6f4V8K+HLGyt7Wz8vR9E06Hy4rWL/pr/AJ82Wqc01xefv7/97/22qSDTPs8txfTTeZcXU3mXl3N/y1lo8v8A5d8fhW+Y55i80lzS0P0PLsuwmBo8tMr0TAw9YKs+Sn/PtL+dcd8cviFL8MfhfqnjHSoYpdRih8vR4Zf+fqX91F/8d/7ZS15E6Wl5nq0VGvU9mjx/9rv9syD4Y31x8LPhlNFL4s/df2ld/wCsi0vzf/atdp+z3DfWfwq8P2M80tzcf2PFJeXd3N5st1L5X+tl/wCutfGem/CvXdY1648R67fy3N5f3kt7eXcv+tllr7o+Ep/s3wbpf/YNir1eHZ0a+IlCJ2cTU8PgsFTjR/7eZsTS/Y4s1HDNUmpTQTS8QVHN5EMX7iCvu2uRcnIfnNOpesXP7Sgs/Ln8/wDef8toar69psF5/qIP9bWfqk3k+ZcTz/63/pt/rasf2xBeWsc/2j/v7XxOfUlWqfAfU5TUdOJ8p/tdeGr74ca9H4wFv5el6pN5d5L/AM8rqu0+D+pW/ir4aafqxn+0+VD5c0v/AE1r1D4qaZ4c8VeB7zQ9V/eR3UPl+TL+9ryj4E+EdE+HWm3nhDw9Yxx2d/efaJj53+ql/wDjVYZI1gsRHm+E9XM8Hiszwl4/ZOv0fU57Pt5sf/PKtT7ZP5X/AB7x+XVObR/JlqMwwWZ/fwS1+mypYDE0uaB+fRnXw9bkqHm/jDwTY69rN5B4jg82SK8ljm1D/lrFL5taGj+FZ4fCd5BfQRSXkt5FH5037r7VFF/qpZf+mv72WtyGy+x96PJ83tX7dg8mw+FzL2lKXLH+U/Pcn4yzSnkvsMQubzuWNB+w6DYRwWMEVz9l/wCm1WPO82SP9xHHbxf8sYf3dV4fs8P7itCzh86XIr6SpSUq3OeT/bOKrU3B1Agh/wCWEFv5cdbFnZz3kvkVX8n/AJ4eVW5oP7qX9xPX5hx/x7hOGsG40tavb9WfTcNZPiMyqc0vhPC/2wNS13Qfsfh2xFzZR3Vn5k00P7v7V+9r5n174h+ItN/48fEd7HJ/0xu5a++f2yP7MP7LGuaprWnfaZNGlsLnTZv+eUsl1Fayy/8AfqSSvgvxt8PItXsJGNfyhHiOvn1d4vE7ykz9Qo5dRwNPkRp/Dz9umDwhqselfFuyubnT5f8AmLafD+9i/wCusX/LWvoSy1LQviRa2/jH4Za5bavpcv8Aqbu0m/1Uv/TX/nlX59+JfAfir+1JNJNjLc/vufJr039j7Q/iB8O/iDB4uh1yXSdOs7qK58RRX7eVbXWl/wDLXzf+2Xm+VL/z1/7axV9nToUamH5oOxvheeNa57P4k/4J0fs6/FrWv7Tn8J6l4buBP/pk3h6Xyopf+3aX91/368qvfP2Yf2IfgB+z5a3Gq+APDkkuoXUPlTatq03mXXlV6ZqWj2PhW7s4Mfu5YfMhm/z/ANsq6jTfs80WYB/2xq8qz7FR/d1JnsZhjMZUw3s+f3T5/wDjP/wTe+C/xUsLy+0mx/sDUJfNk87SYf3Usv8A01ir8n/21f2K/ip+yZ4y/sTxxY+Zo9/NLJoOt2n/AB638UX/AKKl/wBV+6r98PIg/wCW5rh/j98Afhz+0f8ADW8+GXxN8Oxalpd1N5kP/LOW1uov9VLFL/yyl/1tfR5ZnDw+NU6nwHzkKtWENz+a1JrkzFUTyi7Z82I1+4f7I37Uvw6/bu/Z40+DxncWx1vS4Yo/FOkzTf6q6/5+o4v+eUv/ANqr4K/ar/4Iw/tL/ArxT5/wm0G98eeGrq8ij0270mz82+i/55RXNt/z1/6axfuv+uX+qr6k/wCCaP8AwSo8afAPUU+On7QF79h1428tvpHg60l/dWvmxRfvb6WL/W/8tf3X/f3/AJ5V6/GuKy7E5aq0a/LUh70O50Ucowee0nQxMLwlufSHw9+GOh+D5ZILHXJNSs4pv3P+hxRf+Ra0PiF8WoPAegyX0F9HLeSzf6H+5/dVY+Ifi+x+G+iyX19PH5nneVDD/q/3v/TWvl/xt8Qp/EmqXk37v7P/AKzzvO/e2v8A36r8zymrn+fVlPFVOanE/XvD3we4bwH72hQ5Y9+5H8TvjNqviSa88++i+zyw+XeTTf62vG7yz+2X9x9ug8ryv9dLaf5/6a13F5oM15Hb2482KOX95N9km8v91/qv/jv/AJClrD1LwdtljsYLiXy/+e3/ACy/9G1+pYPAUqUD+ocjwmXZXQ9lQODvPDc95NJBceZ+9m/+1Vy+veCZ9Nl8g/8ALKHzIZvJ/wBbFXrF54W+x3cYgmjlji/eTSyw/wCt/e1h+NvCgh0u3n8+XzIof+WX/XWX/Vf9Mq9mlhqPsj6TD4iDnYk/ZM/ac8R/s0/FXT/Fdv8AaZdLuv8ARte0/wD562sv+t/7axf62Kv148O65pHi7w/b69oN7Hc293D9phlj/exSxS/8tf8A0VX4Z+JB9jlkuJ7jy/3PmQ+d/wAta/Rv/gkh+0pfeMfhZcfDfXdU8y48MxWscMss3+ttZfN8r/2rF/2yirxsTmWMyCqqtOf7v7R/PPjt4a5bnWX/ANo0KX7xaP0/4c+vYIfOPA82sPxh8TvB3w8tZJ9e+230kX/LppMMUsv/AKNiiqTx54k84WfhbSriWK4uofM1Kb/VyxRf8soq4PxTps93pcnkQV8bxj4z16dWlh8DH/FL9D+Osp8O6WHdSpif+3Ynqnw98YeDvin4Ds/H3gDVY77S7r/U/uZYpYpf+WsUsUv+qliqx+/87/X18R/s9/tIX/7Lnx91zwP4jhk/4RfWbz99D/zyl/5+oq+0JtY0q8tI9Vsb6OS3l/ewzV5WafWsywtPMVtL+mellGLwdHESwf2olia88n/rnWP42m1z+y/+JH5XmS/67/plVz7ZBef9sqr3nkf6+vCqUp4rD1KSPfUvYVeY8n17QfHGvRZ1TzJZP9ZDN51ZY+GPiryvIn/0b/ptDNXrmp3cP+Fc3rGsWOm/6RPP/wBsa+DxGUwpStP3j3IY79yc/DZ2Og6pcTz6rLFHdTeZN/11pmu68s2q2/h3RL6XUry6837Hp0MMsl1L/wBcoov3stLpGkeK/jl8Trf4Y/DcxrqcttLe6lf3MXmRaXYRTfvbuWL/AJa/62KKKL/lrL/zyi82WL6r+FPwb8AfAnQ20rwBDNPJNFnUdV1KbzL7UuMf6TJ+f7qLy4os/uooq+44Y8JsRxPatUXJT79WeLmHElLALkXvTPBvBPwx+OENr/aH/CubmL/pjqM0VtL/AORfKrtIf+Fm6PaRw658MtSH/YPh+0/+ivNr2CaHzpf9R/5BqMTC0l/cQV+i/wDEvuS+wtGb5zxP9csR9uC/E8Pm8befdfYTYf6R53l+TL+6rUh8STwxf8sv+uUNeoazoHhT4hWtvpXj6x83ypv+JbqP/Lzay/8ATKWvL/FfgzXvBetSaJ4gijeOKX/Q7uL/AFV1F/z1r8o4v8Nc24Jl9Yoe9T/m7ep9Tkub5dnL9m48s/62K83jbyZf39vLRD42gmlz9huf+u1cnqWsWFnL9hg/0m4l/wCWMVHm6rNLGBPF5fkxR183lM89zL+D7x9DXw+WYZfvPdO8h1L7ZF/o8EkteP8A7RcU/iTVLPQ/s8n2e1/13/XX/P8A7Vqvq+mapo1zcBdVvZLe68qTzReS/wCt/wCWsX/oqX/v7WhqU0GsWv27yIo5JZq+kp4jFRvhcVDlmedHD0KdX21CXNE87h8Nwab+48mL/vzXrHww1I3mgx2P/Pr+7rj9Sng/5eBXQfCuax0e6uIDPH/pcP8Az2r1+HKiwmY6/CcmdUJYrBnceTBP1qPUooPK8/z4v3VSQTQeV/o9YfjCGebRZIIPNikr9QxeOWHoudOPNc/PcNT5cTyMz/7Sg1i/+zn/AFcX7uGub174tweD9U1TSvFeh3NtbxWctzDqP/LKWtjTYYIbCOeCCvM/2ivGEGpaNJ4Hsb7zZJYf30UMPm+VXz+KwlbFVYVJfCfZcP06dTF+zqdTn9S/aEvvHn7+D91bxTfubStiyM4lk+w28kUnk+Z+5/5614Xo7T6Pr8ekz2MUv7nzP3v/AC1r2TQdesZrryJh+887/P8A7Vr0qWSUauDk6fxn67HAYfD0OWJ3nhXXp9SHkar+6uPJ/wBdWpNDBPL+/n8quP0wT6lLH9hn/wC2sX/LKug8N+fNF5E/+si/d+TXkYXFYvL8R7GqfAcUcPULe2olPw14knmv7ix1yeKW3uppf300P+qlqTWJtDhP+g3H2mT/AKZTf/Hapw6b5P7irENnX9cYnLKVPGe2hM/hLJeKMbhsB7CpBS9f0KcM2uXl1J9h+HN95f8Az1u9Stf/AI7VOz8Ya5qV/J/atjFbafF/rvJ/5ay/88oq7jw3PB5vkX3meXLD5f8A39qT/hnuwOq+fB4/i+xyzfubSbTf3sX/AJF/e1+XcfcaY/hyj7Kgryn8MmfqXBWSYTiSbrVpctvsrqZ/g6G+1KL7fP8A9+YqseCdesPid8S/+EA8OCS50vRv9J8VataTfuopf+WVr5v/AD1l/wCWv/TL/rrFXcaP4U0nQZo9Ksb6O5uIoYpP9Lh/deb/ANcq1PB/hvw54D0u38OeFdDttN0+L95DaWkPlRV/NWcY9YvC1MTjqnNUmfveX4LD4Gj7KhHlRu694H8JeOvCGqeAtb0aM6Tq1nLZahbrP/rYpa/Pbxt8OPG+m/G7VPgP8OfDt54omsLz7NZ6hp37yKW1/wCWUssv+qi/dSxebX6GeIPE3hLwP4Uv/FvjO6jttN0zTZb3UrmX/VxWsUXmyy/9+opatfC74h/BT9oPwr/wlPwI+J3hvxRYRRfv7jw/q0V7HF/118r/AFUv/TKWvkcpw+ZSwdSrh6DqRh08y3On7S1Q+SfCX/BNix023k8V/FX4jSy3kX72bSfD1nFFFF/0y+0y/wCt/wC/UVe+aN8BvgFYeGbTw9qnwN8PalZxfvP+J1psWpSyy/8Ab15tdpqega7/AGrJBPYRS28v7ub99RNpv7ryK8rFcR8R83LKPs4x6WPXpU8HKj7hn6zo3gfxJpn2GfRJbbyofLh+yTfuov8AtlXg/ivwF+158CvGf/CUfCLUZPHng+W88yfwzdzf6dFF5v8Ayy82WvoD7H5PFSf9MIJv+u1deB4oxVKNpwXqdMcPRtqcvZ+NtK1LQI7+eCWxk8nzJrS7s/Kli/6ZS1T03xL4j125uLfw54H1K58qaKObULvyra1/+Oy/9+q7SGz/AOXie4/67VoXEsHl5nuI4v8AW/8AbL/prXvRz7M8ZQtGKj95yU8twsq2hydjoWuTy/btWmMkmfM8q0/1UVZvjXxb4T+HWh3PizxfexR6fZQ+ZyfM83/nlVX4x/tAfD/4U6XJf+J9bSKQrLJb20x/ezf/AGr/AK618EftCftP+JvjHr7/ANsytbaXbTf8S/RbmfypbGWLyv8AWxf8tf8AlrF+9r2ck4bzjNa/PiJ+53f6H6Nwrwficzr3cOSn/Wxr/GD45X3xm8R6hPPbx21n/q7OL/lrF/qvK/1X+trl7PS/7Si8i5MXlyzfufJh82L/ALZf9/f+2tZ/hXR77WJbf7B5fl2sP7nyof3UUv8Azyi/e/8ALL97/wB+q9M8O6Pc6qlvp1wslxb7IooSD/rYvK/d/wDLX/tr/wCRYq/a8oyOjgqPJHY/daNKjkmFWHp7GWNNg1+P7BPcSf6n/lqfM/dfvfK/8heXL5tR3nhaY2smmJZRR3EUP779z5flf8sv8/8AXKu9i8OT2dzOEXE6t+8meaXn91/01/5a/u4pf+2sX/PKn3mm/ZLq3vTb23l/6z/nl5XlS+b/AK3/AL+/582vdp0FE5IZnyP3DxubRzeXX9l31jH/AM9JvKh/6a1x/iTTfsf/ABK/J/d/9cZfKl/1teueKYYJdQkn8j/j1hi87/rrF/8Aav8A0VXj/jbUvJ8yeCf/AEjyf+eP/XL/AO2/va1t7M+hyvGyrVjxP4l/8S+2uLc2/lSeTL/yxrrv2BPi5eeAPjzb6Ta3DpBqekS28sYby/8AVf6V/wC05a4L40a8x1CO4n/1nkxf6r/v7Xn/AOz5421GH496JcaYvmyQ3kskMXmf9Mpa8jNcFDF4KpCZ28TY7CzwX1ar9vQ/Y/4A+PL4fEa48AX1j5tnqlnLcabLD/yyuov+WX/XLyvN/wC/VeyTWcHl+RXy/wDso+L77Xvi/p8Asv8AVWd1cQy+d/qv3UsX/tWKvqS8nsZrP/X/ALyL935VfzRxBltPDYn4D+Q+KcPSweaeyh2PjT9tzwbBp3xB0zxULfy0uZv7OvJfJ/5a/wDLt/7Vrv8A9nv42a54Dhs/CvirVfNs/wDVwyzTf6qn/t1+Hk1f4dR3NmP9J/tGK4h/662373/0VFXmGj69Bd2HkT+V5ctfp/h/nVCGFWGxsOel9pdY9mj8G44yyrhakcZgZctTp/k/Jn2p/bEF5axz6VPVOHUr7zf9fLXzP4J+PE/w3uo9K13VZbnS/wDVwy/6yWKvdNH8beHPFWlx6ppWuW17byw+Z50M1fouYcCZdjaP1jLKnOpdFuvU8bI/EWlCX1XNY8lTv0+TOovJ/OtY576fy/8Aln/rq8f+LWveTLJ5Oq/9sa9AhvfDg/19jHLXD/EjwfpXiS6s9Ksf9GuNZ1Kw0qGX/prdSxWsX/kWWvyDG8NV8JmkaFSnJczPt58TZfOl+7qRl8z6Z/4J6fCS5+H37PEfxA19Vk8QfEGaLWbwyn97FYeV/wASy0/79Seb/wBdbqWva/J6+fWxr9lDC/kWUMUVv5Plwww/8soqz5v3Vf1DkeChl+W0qVLZI+Rr4mVav7SRn3v/ALWqnP8A63yM1oXk3esu8mghr2VuZvUr3k3k1n+P9CHxN8ByeH3P/E0sB5mm/wDPWX/pl/21/wDRtSXc3/PvUem6lcabdR38HmR+VNXm53lmGzrLKmFrR5lLQeCx1TBYyFWnvE+Y8aVo8smq/wBlRRXEv+ul8n97Wxo+owal5c8B82PtVj9sDw1/wjms6hPBBH9n1SH7TD/0183/AFv/AJF83/yFXJ/B/MOl/YZ4PKj/AOWPnV/MuWYOrwnnksBWpWjze7L8j9Or4ulm+C9rGpqdZ4ksxNoFxPPB+78n99XL6b8N5/sHnaHrl9LJ/wA8rub/AFtdxNPBb6XJBRZ2cH7ucVycU5fKtnka0ZdF8ztyvEqnguQ8X+IUPiTw1a/briyuYpIq4/w38eLHUoo/I1Xy5P8AyLX1RMYJovs/kf8AXbza8z+IX7N/wl8ayyX0/hyOxvP+fu0/d15NfLvYr2sZ6np4bH0qsvZVIGx8H/idb+N9L+wz31t/aEUP77yZv9bXaXmm/wD66+T9T+GPir4P38l9pWq+bHFN5kMv/LWvoz4HfEiD4s+CLe+n8qLVIofL1K0/9q/+Ra9TK+Jozl9Wq/EeNnHD0aS+s0NYle9mgtJZILiD93LXi/jzwf4cs/iDea5feXLcXX+piu/9VFXvHjbQfsfmT/8ALTya8P8Aipo99NNJ4jsZ5fMih8qaHzv9bFX1izCnOcE4mOQRcMXdnH6PoNjeWEmq/YfK/ffufKh/1VV5tNvf+Ejkv/P/AHcV5F++/wCetdpND9jtdP8AsBtvLuoYpOn+q/z5vm1nzQzzR2/+g+Vb+T+58r/P/XWvr8NOiqNj9NwWNqyq2ZseEPEkFpdR2883+jyzf9sopa7TWNHns7WTxHY6r9muIv8AXTV4/pujz2fiOO3nsY5Y/wB1/qfNlr2yb99YfYZ4P3csP7mvmsyoUas7zMs+h7OMXCW5qab4P0O8/wCP6D/yNWpD8N9DvP8AUX1zHH/1xrQ0fR/3v+v8qOtSa8ghi/cfvf8ArjDX6/xNxphsncqdOfPM/jrI+EI5hCM6lNcpyep+D7fw3Fcarf8A2mSO1h8zyov+WtV/idN8VfFXiPT/AAr8I7+xttHuvNkvPEPkxSxWsXm/6ryv+Wstdp5Oqzap/aEFxbeX/wAtoruGrE9mYT9og/dyS/8ALaKv544x4ixvE1aHNH3Yn6/w1kGD4fpS9mviK+g6RYeGbCOxsZ/+WP76ab/Wy1cs4Z7y6/1/7uo/sc/lSW9v5n2iKb995v8An/W0alrFjpth59lX5lxFhsRg8D7WR9bgZ+2rezOU/bm1LS/Cv7Enxd167u44fM+Fuv2/H/PW60u6ii/8iyxV/Nh4V8X+JvAXiCz8UeDvE99pOqWM3nWGo6fey211a/8AXKWL/VV/QT+3JcXPxI/Yv+LvhK8DeXL8ONYvfk/5ZfYbWXVP/RtjFF/21r+eiaDsa/ZfBdxq8NSlU+1J/kjalhFLMJ0j7p/Za/4OFv26fgQbfRPizqGnfFTQ4v8Alj4ri8q+ii/6ZX0X73/v7FLX6Afs+f8ABer9gf46abGfiR4i1H4Za3LJ5P8AZ3iGwlubHzf+mV9axeV/398qvwbtbIRXf2eVT5f1r2b4QfArS/iHpUmuasDbWEU3lf8ATS6ufK/dRR/+Qv8Av7/1yil+9zjhfIc3jyVaF/Tf8D7LL+EZ41Xh7p/Rh4M8TeB/iv4bj8X/AAl+IWg+JtNlP/H34e1aK9i/7+xVJpui6tG8sd3bTSNL/wBMa/CzTf2Z/Cuo2H/CVeGtD1LTbOwh+0/6JDL5vm+V+6iik/1v/LL97L/qov8Apr+683l9e8f+JI7r7BP8RvElz/121i6k/wDatfl+Z+D2W0sZCopyjHse/guAMfjHKNKrF8vkz90vi3+0f8EPgNaS/wDC1PiVoWlyxjzZtOmvvMuT9LZPNk/8h18h/H7/AIK16VrMDab8CNNuXi2eWniDVYOf+eUXl23/ALVl/wC/Vfm74c1K+16TyYLi6+z/APLGWb97L5v+tlr1D4e/D3VdSmjnvoZZPN/d/uf+2v7qL/tl5sv/AGyr6zBcH5bgorkhzH2uR+G+Fy9+3xj5p/gdprvxB+IvxS164vfEPiOS9eX/AF0vk/63/nr/AOiv+2X/ACyra8DfD3UdcuvPd7kSGbzFzN5n/LWKL/nr+9/eyfuv+2X/AD1r0L4e/B+CHS44LiD95F+8vPKmli/66y/5/wBV/wCjfXPCvw3bT1s7e01T93FeRf8APOSOKX/ln5X/AG1i/e/9Mpa+sweFw9GHKfaYjM8JluH5aKOZ+H3w+lvNMEdvHFGcReT5n7wfcl+z+VL/AM8/+Pb97/zy8r/lrXoUXhuaCP8AsaFP9VN5fnRTfvP+eX+q/wA/vZa6DStN0ua7MyWqyW7zRCH95/yy83/VSf5/1Xlf9tcuTUpIYIklkb7Rb+VJMySyR+Z/y1/8iyyf8s//ALbXorlUT4ytmmKxdbQy9Xlv0tLj7BDL5jyxeSPO/wBb5vm/9+v+WcX/AH6rH8RXXnWP9lWMH7yKGXyfJ83/AJ5f9Nf+mvm1J4k8Q6dIqWV/LZZis5fJ/c/9Ov72KKX/AK5fvf8AtrXk/jb4hW9nJJ/qv+WX2zyZvK8397F/z1/1v/LKX/trXPUxJ7OWYCvipFPx34q/5cT/AKyLyv3sP/XKL/7V/nza8L+LfiqD7VJBPfySXHk/8tv+uvm1qfE74kMYvIuJ/MuJYYv9TN5n/XX/ANFV4X8QvG0/m3EHn+V+5/fTed/zy/8A3VZPEucrI+6wtOhldL2tbocp8a/F8H2KSZpo5ZP3UcMwmrL/AGQftjfG/RtUkQyLdw38UNv5X+sEtjdRebXmvi/xEvjXX3W3LfZUb92sfevtf/glr+zDceNdbT4t+JrGX7BbebZaDGf+Wsv+qll/7Zf6qL/tr/zyqsbJUcvnzfE/1PwjjjjZVMx5qb9yOx+hX7DfhD/hG/Akniu+sY/7Q1Sb9zd+T/y6/wCf/aVeua9qU8Usggnlj8393XSeD9B0Oz0G30rStDtraO1h8uHyYaj1j4b+KtftZJ9CsbKK4i/1P2uby6/n7iShOpCUY+9JH4/iM1eNxUq1TqfH/wC1p8V518VW/hGd/wB3pmm/aMf89ZbrzYvK/wC/UX/kWsPwF8Af2mvG/g2z8ceDvgtqVzo9/D5lnqP2y1i+1Rf89YvNl82vqjwp/wAE8vg9/wAJ3efEb4wzyeMbiW8+02ek6jD/AKDa/wDPLzYv+Xv/ALa/uv8AplXvE15x/r/9V/yxrnw2MWV4GFOl8UviPAx2X0Myl7/5tfkfl54i07xx4c0u88O/FvwjqPhLUPNlj02HxNZ+X9q/dRf6qX/VSxeb/wA8q57wp8SPH3wl1mO+sJ5LK4/1l5p13D+6l/66xV+tGm3kH/Hx5Hl+b/rq4vx5+yj+y98VPMn8ZfBbRJJJf9dd6fZ/YrqX/traeVLX1vDXG0shxLnJStLsz8p4y8MJZzGMsNU5HHueF/Bnx5pXxs8Ax+MfCsEsX777NqVpN/rbC6/55f8AkX/W109v8G/iRr3xQ8C3E2gXUGj2PjbRtRvLmT91iK11CK6/1X+t/wCWVe6fAH4R/Bf9mjwxJ4O+B/gKLRLO61L7bNDDeXVzcy3UsUUXm+bL5sv+qiirmPip8ZvB8PjeSxn0L+29Qihiimlu9S8y1i/7Zf8A7qv2jIM7wHGmIvSoOUo630Phc2wWB4FwVN4/EJP5u7/M+nNR/fRR/wDo6su7/ceZ/Wub/Z1vNWm+EGh2Ouarc6lcWFn9mmu7ub97L/11rcvNN8+X9/PX3jw88LP2cj6XKM2p5phIVqPwSM/Urz91mHyqz+Jx/wBNK2JtHsYYv9fLVebTLH/UefLVnrXMe8/54VX87yf+WFbE2mwVj6lCfN4rMx9nW3OD/ao023174c6P4q8jzJNBvJbaaWX/AJ5XX7r/ANKorGvE/DdlBAP9HmljuPO8z/trX0pr2gnxV4S1Tw4IPM+1abL5Pnf89f8AWxf+RYoq+a5v9b/y0614eecF0OJqEKkJctSDX53VzxqnFtXhnMFGouaE/wDhjuNNvIJo5IL8eX+5qPTdesfMksfP/eRVn6DZwTReRPB+7lq54kgsfFcUfn/6NcRfu4ZbT915VfhfHeWYrKsRCM7c2ux+ycK5thc2wzqI1POnm/fwVTnt+9xWWPh74jm/1Hje5i/6ZSw1538VPEnxU+FfiOOy1DSdbvtDl/5jmnWcUlra/wDXX975sX/XXyq+E5sbXp2UPyPqaeHoupeMzuNY8NweI4ZIZ4K5/XNJ8FfAPR7j4leJ/Huk+G9L0v8A4/NQv7zy4oq+cviX/wAFDvjXJp1wv7LHwG1Dxmtt+7k8Qf2bL/Zn+q8391/y1uv+2X/f2vgD9rDxn+1b8dddj8R/tDz63JJFN5mm6Vd2kttY2H/XK2/1X/bWvfyjg6hXrRrY18j/APJvuv8An9x3U5V6lL2V/dP0m+F3/BXT9kT4r/FCT4WXfxm0zfdzfZ9Nu7vSrqyiupf+uksXlV7d8QtHgvNLuPIg+0xywy/6mav529U8HzG/kxB/qpv+eNfrv/wTO+L/AMZfin+yrpc/xQnudSh0u8utK03UJZv3t1a2vleVLL/z1/1vleb/ANMq+5zvIsFgcBCthJ/eeS8PUoYjmPXYfFQ+wXngee/l/tS1/ef67/W1sTaZ9stft3k/vP3v77/plXl/jbQfEcPiOOf7DHLHFN/218qu0+HvivVrOxk8O6rNLeyRf6mWb/W187luczr1/Z/yn1tKdKlShUjM3LLTReRRzzwRxyf9cf8AW16BBBB/ZccF9bxx+bDL/wAsf9V/yyrD8K2f+i2/7+P97D/yx/e/upf+WtaA+wzW3+nCXzP+W3k//Gq9qq1Vpy5kZYzEvFI9Q1LUsXUkEEEXl+d5dR/2nBPdfYYJ7bzP9Z5X/bXyqw7zXheSxnQ4P9b5skP2utzw3ptxDFJ503mXEs0vnTf9dZa+FxGIxubYx1H82fB4bC4fL8N7M0DqU/lRweRVzzvJi8+eD/rjVPWde0rw3p/2ifVY7KP/AK4+Z5sX+t/1Ved+Ffj74H+JHjqz8DWM97LqF/DLJZwy2cscsX7rzf3v/PKuWviqGEh7J/GdVHDVqsfaP4D0DSPFdjN4tj8KwT20vlWf+mfvv9V/0y/66/8ATKub8en+zdUkt7f/AFfneZVzRfCt9B4tvNcvoJI5Lqb/AJY/uvNrl/EmsfbLqTz5/Nk/67V+ccX55Ur5dGjOGvMz6nKMFSc/aUjU0DQPD3irxJefDLxdYyX3hv4g+FdU0G8ii/6erX97F/0y/debX5Rf8FY/+COev/sNxWvxh+EGsXviD4b6lc/Z7uW8EX27QLrP7sXPlf62OX/llLHGPK/1Uv8Ayyll/ZX9mPw2LyW88VX0H/LaWOzml/8AItc//wAFS/AWifEL/gnl8YdH8Q2f+jW/gDU9Sh/6+rGL7dbf+TNtHX3HhTnmYZb7PCuH7ucrffbU4a2IjSz+m4/9vH80+l2LXmoRwiTyxLL5dfYvwD0P7BZeGLGGy/0OPUopfJl/5a/vYv8Arl/nzf8Atl8fQyi21nMK+X7V92fs+SaX4p8O295pl7L+9h8vyYvKi83zYpYv9b/5C8r/ANFfuq/pSnW9nU50f0lw7hqFXBtnUeMPixptz4PuNBtbWTTbfyelpDF5X2WK1upZf3v/AFy8qL/rlXz74L+HWpeO/EgiXSZt0tz5ccX2T/lr+683/wAiy/6r/wBG17V4w8Ez6aI7GC+k+x3V5FHNL+9/exebFL/8al/79VJ+z1pulTS297PY23lxTRed53+k/avKlil/5a/9df8AyFXPi8VLEVYc59XleChhYSqU4kfwr+D+kwafHfXulyx28v8Arv8AWyfuv3v+f8y17Z4B8HajayyDUZpLnzQ32r7IvmDzcyxf6ryov3Xm+Z+6/wCnq2/55ebU9jcWhhktZrMJ+6ijhu4hLH5vmxSxf+1f/Rtadp8QINMlj01Yf3cf7z/XfvYpfKi8qX/yF/n/AFVV7tKloaYv63i6XuHpenyxi6a3WOY/av8AUzSyeZ/rZbqX91+6/wA+VWumvXlnF5AEkckX+kTebeeb5v7qL/v7XjC+Pob0zQt5lskcP+ti/wCWv7ryvKli/wCuX73/AL+1k3vxrt7S1jEN95dxF/y1i/5Zfvf/AN1XF7W541LhjGYvc9j1X4kIJY2ubiby4ni8399/rf8A7V+68r/v7LXE+IviZb2l6E+3HzLWHyppQsXmy/5/df6r/wBpV4n48+Omk2emeRfapJ+6h8yH/tr5X/22vGPHP7T/AJvnwC9lkkmh/ezed/21qFVqTPbw/C2DwEPa1me//Ej4120Fr5Anl/5ZSebF/wAtYv3X+f8Atr/01lrwP4nfH6DzZIZ7+X7RFD5f76bzf8/8ta8K+JP7SLXsjwG/RN0WJZXlzXjPiP4y6tq166eF7SYknm6ufnP8sV0UMtxFfc8POuOeG+F6PuT5qnZHu/i74n4kjk1GWQ3EnlR21tFB5lzcyf6qKKOP/lrJX2X+z1/wb+ftL/tA/BjVfip+0PqTeBry/wBFFz4V8Ahf+JlJL5Rkj/taTyv9F/5Zf6LGPN/e/vfsuK+P/wDgjl4F1XxV/wAFLfhHqviKOS+uLPxV/aILfvAPsNrNd/8AttX9Jupa951hb2J/deVD5defnWOpZBCMILmnL7R/OnFXibnXEdWVOg/Z0/63Pxc+C3/BBD4v6j41s9N+IVjJoGlxTf8AEyu7uaLzfK/5a+VF/rZZf8+bX6V/CT9lHwB8MbWzt7HSo/L0uH7NptpDD5drFF/1yr1yX/p3/CjyZ/N/f18Vj+JcXiKPKz87rVcRi5xlVqc3Lt2+4j0HTdK02Lz4LGKL/tjVzz/aj7HBDEajmh8j/ppXwmJr+19+Z00/MJpribknzKry4m8v9xViGx86LH/LSpJoYPK/cTx//Gq8WrTqVUdNK1yvDZ/9dK0NM0G4vBgz+VH/AMtpq+R/2k/+Ci6eD9SbwF+zZpFl4y8QKPLk1+Wb/iUWP/XLyv8Aj6l/65eVF/01/wCWVQ/sHfH/AONPx38TeNdC+PNpb31v4O/su4s7u1klg+3xXXmxeVJF5vleZF9m8391FFF+9/1UVe5lvDeLxNJVHbTz/r7jLF140cPOS1Ppb4y+JPA/hvRo9Dh1X7VqGqQ+ZDp8M372K1/56+bXif8Awh99qWs2+h+Fb/7DZ3V5FbedND5flSyyxRf+1f8AyFXJ/tCfGfx/8X/iRqGhfDmw03RNP0a8+zabLq1nLJLdSxfuvtXlRSxeVF+68qKL/lrFVP4VfGrxBf8AirXPB3jG003ULrw/Nb2WvJ4YtB5thfy2Frcy2sXm3f72WL7T5Uv+q/exSxV/SHAnEeR5LgXgqEeWotJStpd6X+TP498ReF+IuJc9WKnDmpR1Ub20X+Z9afCXWtB+E2gW2i6V4xvdbvB+7mOo3ksUV1/2y/1Vewf2lb6/pceq2J/6Z/8AXL/plX553vxa8DL4ct/HGoeP9Ai0e6hikh1abXrWK28r/rr5vlV1f7PP7UmmeKtTvP8AhU3xntrmO1/4/Lu0/wBJsf8ArlLL/qpa+4x9fLcvw6qYiunJ6ttrf9Dk4R4izyWYfUqeCn7NaJRi3Y+1Zob7b/qJKrzeR1nnirwPw5+3r8H7ywvJviB8YfC+kR2t59m/tCbXrWKxuv8Apr5sUvlRf9tfKr1C81O+mtY76Cb93dQ+ZZy+d5sUsX/PWL/nrXJlmY4DMXalVjI/ZsdTzXL8N7WtQnH1VvzOgvLzSv8AlvfRVz+seJNKhlkgg82Wseb7R1nn8z/rtVe4g/5dwK9qrhKcEfHVOKcROXs4wDW/imngbSNQ8Z3GlG2s9G026vZ5bueLypZYovNi/wDIvlV83w6lcwjyPIi8yvRP2tP+Jn8JZPBv/LPVNStftn/XK1lil8r/AL+xRV4vpv7iWOCA/jXqZLTgqU2z864yzWvicbSp/wAq/M9c0eHMMc//AKKq5pupWMN1cQefF5lV9NvNK1LS7f7OLmL9zF53m/vKp69ps/lSXGlarJbfufKmmih/56/9Na/FfFzCqFGGIhD3tT948HsdTrQlQlLsdpZ6xYQ2vkedR9ssZov38H7uX/ntXm8Pg/xX/ZeqaVoeqy20d1psv2O7/wBb9ll/561seFdSsoY/7D/tWW58r/lrd/62vwGpi61OhCbjy81z98nhKS/hmx4b8H+HPAWl/wBk+APDmm6bp/neZ9k06zijiill/wCuVV/FXw38K/EKwk0rxHoem3NvL/yxu7OtjTYp4f8AXwVJ/qZfIgMv/f6sKWa1lU/ecxEYcvv3Pj/4nf8ABJH9mzUvGUnjG+0rUraz/dedaWl55cX/AMdr2Twf4P8Ahz8N/Adv4O8D+HLa2s7WHy7O0i/1UVeuXkM97DJBPb/u5f8AXRf62uX1PwVY2dz/AKF/o0cv/fqvRjxHWnT9h70o+ZdSEq0TyvXvCtjNFJPBBLHXN6x4bsdSsI7797HcWv8Azxmlj8qvbNS8B+da/v76OvK/jxDqngrw5J/Yelf2lqF1DLJZ2lpN/wAfUtaYarTwt5XtzEUo1r2Rl+CfjBpP/CRx+CL7VbGO8tYfNs7T7Z+9li83/VV6B/Zs80v2+Cx+0/8ATavhT4dfsc/tR6h8dNH+LetWupWOqReIrXUftd35v2aW18397F/0y/deZFX6DzTTzf8AHjP5kf8ArIa+irYujVw0FSqX8/M6auJjha3JH3vdNzw7DPMP+PfzfK/6Y12EMP2O1/0j/WVj6Ppv9m3Xn/vfLi/ew1l/EjxtB4P8G3muXE8Xl2tnLLD5v/PXyq8OFaGBwfvHgul7evY87+MHxCg8VeN7fSdDsf3mjQy2U00Xm+V5Uv8A7V/+O12H7OHw40jwr9o8f3Fj5t5f/wCpu/J/5ZV5P4bs/wDhJNUuNcnhjsZL+H7bqU0s3l/9da+hPCt5f6lo1nBY3EcUfk+X+6r4qdSWNzFVH1/Q+hxcKeGwXs4nQXhn/tnT5zYSRxyzfvq5P4ofCTXv+EkGo+AtMjns7qbzJomm/wCPX/7VXoGm4tB5H277T/01rQu71fK6V7WK4WoZvSTn7p8/hs5rYCfulP4MzHR9Lt/Dk8FjbR2sP7mKKbzf+2stQftGeC4vjZ8BvGnwViv4rb/hMPC1/ov2v/nl9qtZYvN/8i1yXxIM+m3+n+JPB1jc22oWt5F513D/AKryv+msVbH/AAmH9pRR/wDTX/XV6OQ5VVwWNjTp/FD8uhGIx9OlVjiu/wCZ/M98Qvh94u+GnjC/8I+LtCutN1bSr2Wy1HT7uLy5bSaL/WRSV2nwA+P+t/DPXVtru/kFpL+7n8s/6uv2S/b/AP8AglP8OP24hP8AFDw34xj8LfEhrWK2lv7mxEthrcUQxF9p8oebFL/q4vNi/wCWUX+qlr8hf2pf2Dv2wP2Tru+j+K3wU1iDSbeb/kZ9IgkvdMl6+X/pMX7of9tP3tft+FqyxFJRl7rP2PhTj7L50otT977UT7Fj8U+Cfil4dSW0ltpI76H/AEMRTf8APXyvK/5Zfuf+eXm/9df+2vD6P/avw3upLKe+/dy+b5M3nfuv8/uvN/79V8Z/Df49+OfhpGbG0nb7JNL5gtpYsg/7le3fD74y+Pv2h5Lvwl4T8EjUdU8nzJ2Gv2tnj975fm/6V/01uf8AyLSxFFxp88j9pyninKK8eaVXl/un0FefFSxi0e3nOueZ5UP7mGb/AJaxfaq5/WPjlodnax2MF9LL/wBNZv8Arr/mWvK9c/ZJ/blntor3Sfhmt95h8sHSPENhfSRf9NcW00nlf9df1rFsP+Cf/wC2Rrs+7xI3h/R07/a/FUNzL/37tTNJ+leR9awkk3KtHT+8v8zox3H2R5Y7Wudx41/ar0uOx/s+3+0+ZEfMm5/7+15H42/axW8kdpJTGhPmCKKavTNE/wCCZ+m3EVvdeOPjdq1xdC4jjvNP0vwx9ni/7Z3M0vm/+Sten+Bf+CVvwHisk1fUdH1hVmml+x3Oqz/aJJfL/wCusUUX/kKuHE8RcOYGHNWr3/wnwmc+L1eMeXA0j4l/4Wn47+Il5JbeCPBeo6pcBMbLWOSVYvy6VpaZ+zX8f/iHM934vMfhy13cpcDzJcf9M488/wDfYr9E9B/ZLsfBOnx2Pw51yxufKm/c6drej+ba2v8A11lil/8AaXlVY0v40fC3ULXUPhb+2V8HvsUmlxXUtn4s+HumxRX2l+VFL5sUtj/x63cX7r/plLXVS4gq4rDe1y2nGUe97v7j8Oz/AMUc/wAZifZYqpKEJdtF+B8Had+x94N0UYvmkvJ1z/pV2vmZ+sf+rj/HNWbz4G+FdN/1GlRV9LXngv4ZeKGkvvhL8aNE8SW//LGKazutNuv+2sUsXlRS/wDbzL/11pvgn9l3x/8AFTxvb+ALHVfD+k3F15v/ABNtW8SWH2W1/wCmsv7397/1yrgwWc5tj8Z7CcrM+ax2JU6XtpO57R/wQf8A2UYT438YftX67pXm2+jQ/wDCOeFfNh/5f5f3t/L/ANsrXyov+3qWv0k/tIeb5Fc38N/+GXv2b/g/4f8Agf8ADn4xeEv7L8Oab9ihml8YaX5t1L/y1upf3v8ArZZfNll/661Yi8efCrUovt1j8VPBvlxTf8svGGly/wDoqWo4vp4+VSnFw92MT5vDY/DuM3OZ1n7qiG8nm/1EFcn/AMLb+C1na/6d8afC3/hSWv8A8drn9S/bM/ZJ8HyyQa5+0L4Xkki/5dNP1L7bL/36tPNr85q4XNKlTkpQb+RtTzXLIrWrH70eqeTP+7qz9jm/54ivmrxh/wAFP/hZ5Un/AAqz4V+MfEkkX+omls/7Jtpf+2t3+9/8hV4/8R/2wv22Pi9PcaX4Qu9N8A6fL+7hl8Pw/bdTi/7ebqLyv+/UUVetlvh7xJnFZclGVu7Vjzsfxzw7llP95Wj9939yPrr9oT9pD4T/ALMvhD/hK/jN4yi0mOWHzNN0n/WX2qf9Mra2i/ey/wDbL/trXwF8eP8Ago/4z+LviaS71LT28J/C/TIopNY0mafzL7VLXzYvN+0y/wDLLzYvNi8qL/nr/rZaybf9j7w9F4gvPHXifWtbvtY1SbzbzWNbvJb2+uf+ulzL+9lqDUv2CfAPxml/4RzxJqviC+0f/WTaHp/7v7VL/wBNfKi82v0rB+EmOy6l7XEQ93+Z/oj5KXi3kGJl7GhK8zz34JeONZ+PHivxO2ianpuleCPCn2WPTZtPhik+22373y7qW5u/3v8Ayyk/1XlfvYq+q9G0z4geOPgFqXh39nX46XPhO8u/N/tjW9Ps4pLm6+y2ssvlfaZYpfKl/wBV+9i/56+bWB4W/wCCc/h34e/BjX9K+EXwHs9Js7XXLG3vNO8SatqkhuovKupZbryppYv+Wpiii/e+VLLLdf8APKrmmN4/8YWGof2D8V4fDWp2x+xHSdJ0KLzbW5+yyxRRRf8APWLyov8Av1FX53xBn7yPMXh8O0oKS5tE9ra6J6vW5+mcJZLWzij9cnO8Z/1sfGPiW1/b/wDCujeJPDn7M3g7UpdYsppbLXru0mvtW8VWF1/y1/4+v3sUv/T1axf9cpf+WVeX/wDBOf4NftMaR8T7zxdoWtaloFvYQy23imLW4pYraWX/AJa2skn/AD8/vfN8r/W/upa/SXwBpPxT+A+gXiST6RfQ/vbnVdRsrT7NJcy+b5v2q5j/ANV5sUUUcf7r/llFXgMH7enwp+JifEP4cy2uppE+japMutWtx5f2q6iimuYvLk/1v72WOP8A/dV25bxljMxo1qOCoKUbr95p1tq77v8AE/RaHBGVYqrep07HafAb9in9jj9lvTbBvifp2ieJPFMkkUn/AAkHiu0+0+ZJ/wAs4ra2l82KL/v15tfQ2sfGf4WXOmw6JpGvxlNXWU2rsnlx6hHFLKkv2b/nr+9ST/VV+POvfFL4zeMLO8iHia8hgsJoYxqOozed9l8vzZY4o5Zf9VJ+8ll6j/Vyf88q1fHXwz+J/hay8J6pf/EPxEvijT7qa4mgvtWl+1aPfGWK+jljtv8Al1iliubaWKX/AJayxXX/ADyqsXwVmGcv6zj8bN9bdPuPbo5Fw1klSMcLSipeX9bn0P4g8deEfjrrPi34I6Z4utdNtNOmurCw0W5hFhe3Uv8Az1/e/va5j9iT/gpx8Uf2SJtO+FviPxzr9joC6lF9j8qGK9sT5v8ArYrm2l/5ZS/89YvKlr7t/Yj/AGWfBn7SHgPQPjR8f/CyaX8XreO5/tLxjb3Hl30sXleVFL/118qOL/rl5stfH3/BRT/gjj4g+AXirw/4x0n9ojSNd8NeI/Ftrp0OnaheRW2rWsUv/LXyv9VLFF5Un+q/6Zfuq7uG82yzD5hPAU5yjy6K/wDMtG010ej1OHOs2yrNaP1bE0fe27pn7EfAf42fB39qD4f2/j74PeNtJ1azlg8ub+ypfM8qX/nl/wA9Yv8AtrVy8spoJZIJ/wB15Vfzsfs4ftafEz9lT4lT/GH4Oa49k0fiC4i+wrcSPYy2uB5UUsUv/LP/AFv/ALS/1Vfvd+yZ+1n8Ov2wvgdoHxV0uCSyuNSs4vOjlm837Ldf8tbWWX/lr+9/dV9bi+Lcz4eqr63Lnoy91S7Pz/zPwviTw7wMp+2w0OU+FP8Agsx8fvi38N/2pfh34I8HeP8AUtI0f/hXv22a0tJvKiurqXULqKWWX/tlbW1H7Jf7WnhX4tNJ4c+IGq6RpOuRTfuYZZvs0V1F5Usv7rzZf9b+6r3T/gsB+xp/w058H9P+N/gHzf8AhJPhpZ3Uk1p5P/IUsJfKlli83/pl5Xm/9/a/PDwR+zh4qu4v9damSX/XSzD91XsZNxFmuMxLq5d+8/un4jxlk2XZfKEca+T+8fq3oOj6r9gjuILK58v/AJ6+TXP+JPGVxoOvSQef+78ny5ov/ItfnBN8Gr3wfpX2i38C2tz/AM9orTypP/IVWvhv8WvFPgLxFcah4c8RzWEcs8VxqGl6tN5Vte/8spYv3v8Aqv3X/LX/AJ6xf88pZYpfK40xGe53SVLE0XDlfn92h9R4bZpw5lVdyhXi9PI/UXwf4k0rUdGk8ieuL8balpWj3f26Cfy/33/PH/VVw/7NPxV8HfFSwt5/DmqxyXEUMUl5p8U372L/AJ6xf9Mqj+M1nqniTwxqEGh29zFceT5kP/XWvxurUarwwtemf03lEsLjYqtCV4s9E8H/ALQnhu8kksdQvoo/K/5a3c3lxXX/AFyrrPDfxO8OeJNQ/sqwEVzJLD/y6fvIq+P7P4hwal4ct7j7RJFHL5XnRS/8usv/ADyry/4nTarZfv8AwrfSWN5L/wA+k3l+bF/y1r2v9X6Px3Pap5LSx1f2cdD9OLOHT5ovI+3xRSVJ/YNjNayfv/3lfl/+zr+2N4/+GPji3g1bXLm+0P8A5fIv9b/rf+WsVe4fFP8A4KceDtB8Rx+Ffh/fS6leXVn5k0uofu4ovN/9G12R4Wr1Y3pU+Y8bN8orZRXtKfuntHxU1jxHrF1eaV4c8Yy6TJ5Pl3kUNnFJL/2yll/1X/kWvO9H+GXh7Rtc/wCEhFxc3usedF52oatNLc3MX/f3/wBpVH8Mf2nPDn7Qnhz/AISKCeL+1LD93eQwzf5/dfuq6ibxhBeaV9nnsfNkih/cy/6uWvJwXDGIxOInRxF/i+4+LzTiKWCXLCSJJvFXiTyvInnqOfUtc+wSDw5exWN5/wBNof3VU9HvPJlk/wDI1SXk080sfnwV9tl/CmJw8vYSgvZ/zHxVTjCPNzxfv9j1j/hNtDvNM/0Kf/VTSx/vf+eVeb/HK8vtXsNP0qeePy/tn760+2fvf9VF/rYv8/6quP8AGHxbmvIv7K8Dwfu4h5kPlXn+qrU+FXw9n8baXp/irVtUkvryX7VJN5M3/TX/AO1V+IvMMVmX7rl7H7ZPA0cDS9pUO4+EtnpUNpcWM9j5vmwyx+d5MXmxRS/8sv8ArlXYfBnxVqsMV58P9c0v7NqGjfu/tcNn5UV/F/z1/wDjv/TWjQfCsGg2EcHkeXWpZ/6Ha3F8P3Un/LGb/llXt4TLJYapCcvM8DEY2FdnWadPP5uZ/L/7/VoTaxBDYST3H/XTzq+c/EPxC8ZeKZbyx8Y6t4k8Af2XrFrbabq2nTWEttr3+q8ryvNill/ey/uvK/8Attbln4qsdS8Sf2Vrn9pS29rZxeTLLN5sX/bWKL/v7X1GDr4alUXtp8sTxMfha7jenE7zU/FV9r0txY6VpUX9n/8AQRl/5a/9cv8A47VjTdNghlkvvI/eVX/4STFrH9h8v97VzTdYGpRSYg/1X7uv0bLsho1JwxdL3j4uvj8XTcqFT4TQ0y8/1cArcs7wwRSQE/u5f3c1Y9n5CjyBBVzzoIYq+tpYWmeZHG4jDR5qZ4v8bP8Agnh+xP8AGaS41zxl+zL4Sk1CX/Xahp+m/YZZf+ustp5Xm1+cnxB+Ev7PH7Ov7c3iTwV8I/A/2fw7ofhewsfFOgfbrrUYrr7dL+98z7XLL/yyubHzf+WUXlRf8ta/Xe8m86XyLf8AeSS/6nyv+Wtfj/8AtU/D64+HH/BTbWPGPxD0myvvCviPUZdR1SXVLu1ijurD97FL/wAfUsUX7r93+6/5ayxRRV5md18LCksPF2lKL/C23mfWcK5nnlXFe19pJxj0338hnjn45eO9fsbz4Q/BP45yX+o6Rexf2d8P9UuItOub2L/W+VF+98q/l8r/AFX/AC1l/wCute0fAHwb4l+Kmm2tnL4rOg+JLW28zXvDGraR5dxaxfuv3vl/88v3kX/LL/lrXiv7ROheKvgJ8RdI+N+mXWseOfh1FBFqrHU9Z+2/8TDzZbm2uY5brzZfKii8ry/K/wCev/LLza9Iv/28/wBmOy0CDVPjBo2o6Tc6fN9mENxZ+ZdRS+V5vlRSRSy+V/01/exRfuvKr8j4hyp4rBwWXU3O97yik5KXZr8bdO7P0qePxOLqc1d/ge6fGXwH8Uvhn+zvZ+IfBPxG8U2/ibRtSl/eaHdyRxX9rc3X+jRSxf8ATL93+9rgPgd+1xJ+0HqF34R1nx2+q+MNDEVudMmm8u5vv3svm/Zv3v8ApX7qOSX91/yy8qt/xT/wUm+DfiY6f8Pvh3Z3PijxN4nmittMtbO72RWssv2Xypb6XyvNii8258r/AFXm+bFL+6/1Xm+p2H7Jf7Ovx61d/i18Zfh1p0uqTwxfZri0vJYrk+V5sXm/aYvK/deV/wCiq+Gq5e8Lg/Z5zT96fwSja69Y9jWlWjD7ZyvhvXtV1KL/AInZluY4ukMs3mfvfN/e15v+2D8K9Vg8L/8AC8PA/hyPUtY8LzWsmsad/wAsrrS5f3Uv7r/lr+6l/wC/Uv8A2yr6gs/2V/AHgm/s9W8Harq17Z/8ttO1GaKXyv8Anl5XlRebL/2182tTXvgPcakbwT31tF/amm3WnTebN5v+til8r91+6/5a17/C1arklp1KlqX4fM+fzOjhcybo9Wfn1H+wVr/xO8B2f7Qn/BPTxja6to11FLJP4R1/93La3X+qltPtMv8Azyl82LypfK/6618j/tYfCD9p+S/t739pr4M6/oMNgfs1mb7SJY7GL/nr5cv+qlll/wCutfsj+xL+zl8If2Ex4j/sPxrqfiDUPFGpRXOsfJ/o1rLF5v8Ax7W3m/uv9b+9/eyy/uov+mVfQmv/ALQnw58SaBeeFb7w3Lc2cv7u8tLuzi8qX/tl/wAtab8TsJlGdS5IxnTW0npL/Jrpe2xxPh/GKh7NuUj+Uzw38H/EOv2J1W6hjsrP/VwzS/8ALXyv+edfoX+xr+zj4ctPgz4X8RRaJepqM0Us95eDUZf3vmyy+V/y1/55fuq+1/jN/wAEY/2ev2jFm1r4bal/wr3UXvP9XpcP2nTPsv8ArZYorb/ll/rf+WUsUX/TKvpvwj+xL8BfB/hCz8H+HGs4bPS7OLTtNtRrI/dRRRe8VfokPE/Ice6Veqnyc3vRtfofAeIXCWbY/LYUMq9yp9rWx8I6b8K9Ds4v3/mf9/q6jQfCmh2dr5FjB/5Gr6n8RfsdfCy9v/sGl+IJRef8+kV55v8A7Sri5v2DZb7WLzxX4q+LXjC20O6n/wBD07SfsFtbWsX/AICy3Mv/AH9r7J+M/hxlsfcoXf8AhsfjOD8GuN8Qr16zj82zyj+zYIYpB5H/AE0q5o9n4q1mL7doelS/Z4v+XvzvKil/65f89f8AtlX0Qn7Amhaj8RbPxRpnx2udB8OWGoxXp8KWtp9p83ypfN8qWS6ll83/ALa+bWxrH7KXn+KZJoP2mJdS0+W88z+z5YYpZf8ArlLc/wDPL/yLU1vH+Siv7MwkVGXf/JHr0fA1PXH4iXy0/Fnj/wAMfgD4w+JEUnjHxHPJbaP/AKubUJf9bdf9Mov+ev8A6Kr2TwR8H9Khij0PwdBJYxxf667i/wBbXtn/AArfXPEnhv7DBoclt5UP+p/5Zf8AbKuF1m+Hgvw9rlj4W8b2+neJLXSLm4htL/TvtPm+VFLL/qq+I4y494tzSlGrXlKnT/ljoj7Hhvw44cyut7OlC8n9qWrG/EH4J6p480az0rQ/F9zpuoaXD5f9rQ/62WLzYpfKli/1UsX7qvzx/bq+Df7Rf7EHxSk/aJ8KaNPr/hfWY/s+r3cVp5n9m/8APSKWOL/Vf9Mpf9V+6/7ZV+jX7NPxOvviP4N/tXVYf9M+2Sx6lDD/AM9f3Veia9oMGpReRPYxXNvL/wAspofN/wC2VfnuWvBY1uvU99y3v19WftGX46rw5JYf7B+Tvw9/an8QXtlbj4nQW0nhzVIYvJ1b/VxRebLFLF5v/TLyv9b/AMta8e8Ffs4fDnw7feJ9O+CXirSNbW58qSbOvWvm/YLa1iluvKi83zZZfN+0/vYv9VFaxf8APWvvz9oH/gi9+zt8TJ7jXfh9FrXhDyv9Jm0bwzLF9hl/65W0v+q/7ZeVF/0yrwbS/wDgmr8Tvhh8VNHvv2ffiVomm6DaGKTUtW8TaJYatq32qLzZZZbaKWKW2i/5Z+V+682L/prXuZThMLlk6ns3ywmvh1t5PS+vY+p/1owvLzwlaR8U/FL9nPRfjr8Jo/Cvwm8O3OpfE61vJbvTdE8F6PdS3Msfm/8ALX91/qoov9V/zy8r/pr+6+df2N/BX7RnxO/ad8KfBbwFo91d6xqniOMahHdQfao/s0UsX2m6l83915UUcXm/9sq/fD9l7RtP/Yo8L6vpfiG+0m4s7+aKSfxNFo8sd9+6il837TLFLL5v/XX91FF/zyiqh8X/ANoD4V/AjwTca38BtG0e2h8Ra7Le3v8AY9pK0V1dXMUs32qWK1il/ey/89f+Wvm/89ZYq9TDccf2XGWDrUZVOb4f6dtDwa0sbm2J9rSnynb23wg0P4HeIbPxJ8O/F2o+Z4j1L/iqoda1i6vftUvlSy+bbebL+6l/65eVF5UVeZ/8FF9W03Xv2RPiDZa9PbJZt4Yuv9Mv4fN+xSxRSy2sv/TKXzYoqj/Zh+K2pePfBeofE74kaTqOseJNT1GW307w9qk5li06yMtrayxRxf6rypLq2jufN/1vlS/9da9Y034nfCPxtoWsQ/Z447iwh+06lp3k/vfK8qX/AL+xfvf9VX53iq8cHxJTxkn58vp57HbThVjT5Je80fzap8UPHnjLVIdG/wCEZ0ma5upotv2fQ4ovN8r/AJ5xReV/9t/7ay1+sX/BH2z8beC/2XtPk+ItncaFc2N7q8eoaNL4esbaW8tf3UttLLL9l+0mOKWW9l/1n/Pt/wAsooq+mJfDngb9tr9kHx98HvBM2geIr/RdHuv+ED1RIoov7L1SISxaZLbSw/6qW1lj8r7VF/zyl/5ZS15n/wAEZP2QviZ8EPgR4r1X9t+31e41TxlrF1LJ4O8UT/bY7W18rypZbmOXzf8Aj5/5axfvf3UUXm1+mcS5zlmecLzv+7akvd05vOydunXp5HmyxFenW5KnvHpv7KP7efhH4l/tP+MP2ffCfiiPVrPTNBtdRjlx5v73/l5i83/lr5Xmwf8Aff8Ay1ryz9oT4eeAvgp4quLPQrW9trW/12/t9Ngm/wBVFFFFa3XlRS+b5v7r7dHFXpnh/wDZ/wDhL4B/a1b4qfAj4IafpOlyadLZ6hd6ReeZJdSxSy/8uX/LrF/q/wDll+9rjf8Agqh8Af2hfGHw08P/ABM+Elvqtzc+HLy6km8NadZ+Z9v+33VrF5vlf8tZYvs1t/39rxfDLjOlkfFyo4bm9g4RT5tfe9eh+aeL/ClLiPh32lOH7yOv+f4Hj/n2M0vn+fVfWNTsL218m+/eyRf6mavl/wCEP7bF9Nqkmk/EWxjit/8AVw3cUP8Aqv8ArrXuEPjbStetft+larbSxy/8toZvNr+pcfm2DzqjzU9z+GnkWcZNjfZ1L+zl2PoH9kz4M/EfWfiRofxG0rwb/ocWmy/bNW/1UX2CXzYv+2v72L/yFX0X4D8B2F5NqGuX0NtJJLN5cMMX/PKvD/2UP2nNUm0vT/hJerbeXbab9ns5oZv9b+9ll/8AastfRnhWaez0vMH+r/1lfy3xfHExzr2leny8vb8D+6PDfEUsPwzShQqynfu9V3Xpc+Q/2/Pglqvwl8Map8d/A8H/ABL5f3evWn/TWWWLypf+/vlV83/CWafXtG1TxV4qnklj+xyyeT53lRRf5/df+Ra/UTx3puh+NvBuqeD/ABj4clvtP1mzltry0l/1UsUtfK8P/BPGf4b+CLjVfCvj6XUtLim/0y01Gz/0mK183/yL5VduS16eZyVGL94/aOHeJ4YKMqeKdv5ZfofL95o40GK4n1WDyriX/SZvN/1teH69eaVNr326extvLuvN8n995f7r/ll/6K82vfP25Jf+EVv/AOyvCt9HbWd/5VtDdyzfvYpZZfKll/8Aav8A39r5X8SeJILzVLi+0Of/AEfzvs1n/wBcoq/aKlKGFwVOnBcr/wAjzOJsynj0qiqHunwN8ear8JfiH4f8cWM0v9n6p5tlr0MP/PL91+9/9q/9sv8AprX3Bo95bTCOf7dH5fnf8sa/Of8A4SSeH4c3E8NvJ/ov7yGvrj4S/GzT7zXpLH7bF/Z/iOzi1rR/K/65Rfaov+/vlf8Af2Wvk681RzGMv5v0PyHiKKrYX28PsfEe2TXk+m3Uc9jP+7rUh1KC8tY/3HlSVz+m6nY6p5fn3FbENnYmL99BJH/22r6uniPbKEOQ/KJYyhRm6qe58v8Ax5+IM/7Pc5fSNMm1F9Ss7WWz09LaX/ll/rZZP+eVffP7OereH/FvwV8IeM/CAi/szWfDdre2n77/AJ62v/LX/prUXjDwf4c8SaL/AGH458OWWpR+d5n72z8zypf+mVcC3gn4g/CDw3b+G/2dBpMVhYebJZ6JrM0v2b97L5ssUUsX72Lzf3v/AG1/5ZV/NWWPLqODSkv3nc/rrMsTWx1GJ7teWfkXXkCbzakm0eDyvtEE8UX7nzP9dXxv4i/4Ko+JPhnqsnhT47fsg/ELTbyK8+xQ3OiR217Y38v/AEzl82Lzf/ItehfAj9sa2/ag8YXHgvw/8L/iD4bv47OW9mh8R+FpLePyopf+en+q/wCWv/PWvZllWJq0/ay2tf4lt954f1atSjz8uh61rH9q6/LJpQ0qX7HFN5cM3k/62WKseHwV4jh8ZXF9oc9t9n/1fk+dWheajf2fl2M8/wBp/feX5UUNaHhuUaNo32KD95J/y2/6ay1yVuH6OKnTtPm/QwWPqUYzNiHTfJ+z2P8Ay0/641c02zg021+wwVX0HR9c1jzJ4IP+mcM3/LKug03w3/Zv7/VYPtMn/kKv23LcThcnyiFKcz4LE062PxnNGJHZ6bPNF/r44qy/GGu2Pg7Tvt2uX0UUf/XHzK0PGHjA6Zf2fhzQ7e2/tC/82SG0ih/5ZReV5sv/AFy/exfvf+mtfLX7an7YPjT4e+MND+Dvwd8LW2peJv8ARbjUrvULXzLG1i/e/upf+mX/AKK/1tfFZvxtV9v9WwMbzffRHsYXIVo63wnsN58ZvOMc/g6fH7nzIbu0s5ZJa+Xv24vg/wDCv4u/C3X/AIgfE/xcNS07QtHv9W07Vbay+zXNjLF/rYopYov3sUssUUX72KWL/lr5X7ql0b4ueN/Emoy6F4l+L2i6THJL5c39nP8A6Va2v/LKLyvN/wBbL/6Ki/6axS1zP7TPwp+I3xB8F6HYfAv4q3FlPaxX9z4jhh82P7VLL5Xlf9+oov8AVf8AT1LX5jSzXOf9YIYjMa3IvnZLstOu3U/QaGXYPL8B+4+M80+Evxx8BeOfgbceEPEPiiSXQ/Ji0rQk1CL979liiiii8r/nrL5UUXmyxf8ALX/nl/qq+cfit4Y/Z28DfEG21Pxpf6nf+HrW++0Wdh9jiliii8ryvKki82Lzf3X/AG183/W+bX6DfDXwF4++OX7L+j/BLxIdS8JeMdH0WwtrafUY5Ul+3RRfurqKP/nlL/7Vliqr8Cv+CeHxb+IFjfeEv2ldJ+F+pDS5pd3iabTf7Svpf+2X7r/yLLF/21r7LKsxp08dVqUJPk5veSe9+qdkj52GKxFaM1V92Xn/AMA+cfg98W/2atYf/hYt9rVlF4kvYYrmbUJdPli1O1l8r/llLLFF+9i/e/8AtL/nrX0r+y54J/aT+M0WqWNvqvijw/4T1TR/M0fx54h02KPypfNi8ryraWXzZfNtZZf/ACFX0x8FP2I/2YP2doZNU8D/AAl0S61yX/XeIbvw3ax3Uv8A1y8qKKKKL/rlFFWR+0p+034c8H6ZqHha41y5jvIofLi+yQ+Z5Usv+qiiil/1sv8A0yqM4rZS+aco88vs31+S7nBhPr0q3LCbl8zq/Cug/Dn4JaDHodh4qvr2T/ltqHiG88y5l/z/ANMq5P4m/FSxvIozYzyW37799qPneX9li8r/AFvm/wDLL/lrF/39r5Jh/bQ+CHxa+OGm+HfAX7QN1pK6np0UTDWIbWOWK683yvssf2uL/W/9cpZaT4ufDf4jeKfiCmmXPif+3BClh4Xk1yGzlsorj99LL5sttFL5X726l8r/AK6xRf8APWvjMfgcwqwtiF7ODV1Hlevl2Pr8qyqu8TGrOSPW/hxpnxQ8VeObv4weM9U/sbwhLa/6IZx+6v4ovN8qWT/nlL/rf+Wtbum+Kbf7dHq019b/AGeX7LcXk0V5/wAev/LKXzf+2sddvo+u+DvCHw7s/A893bXOnxWdr9slhhil+1S/6qL91L/rf3tZtt8GNE8XS3nifxZY3Hht5rS+j0pNPu/3ul/afN83/plL/wAs5fKlil/5a1+a+xw+ZY3lqrktpt0X9an1Mq8sPpI5+Lxv8TdU8V3un6VqN7odvpemxfY/9Miklv4pf9Vdf88vs3+si/56/upf9VXdfAPU/jf8SNUk0r4mW9tFo8UP/Iw6f+7luv8Apl5X/LKX/P8Ay1rkNDvNZ0fxTb2Wo/D+5ik0ezi07+0NPh/0bWf+msUcsv7qL915v/LX/W/9Mq9n8K69faP5mlX/AIV8q3l/dzf5/wBV/wDuq/Ssj4XlU/eyX7rt6HzmOzSjfkjH3yx49h0PwrpV5PYweVH5Msk0UX/PL/VVj/Bb4hWfxI0fUP7Iu5b3R4rz7PDNN/1yi82L/tlL/wCiq4j9sP4hDQfhlef2GbiXUNZm+xWcFtDL5lrLLF5vmxyy/uq3/wDgm18LL/w/8N7PwtftbeXa/vLy7/5ZebLL/n91VY/gd8R5j7DBe61YeKzjC5ZlarVj2jwT8Pdc8SXXkfbpY9Pi/wCPyWH/AFsv/TKKvgX/AIKD/wDBUbTfg/J4+8E/svDTbyf4d6R5njrxl9iivrbS7qWXyrHSrHzfNtft0svmy+bLFLFFFay/upf+WXd/8Fqf+CnfjX4Taho//BO39iLTze/F/wAdSRaTM+kSxebo0V1+6itYv+nqXzf9b/yy/wBbXzb+2L+wT8Pv2T/+CZet/sx+C9dt9b1rTdRtZ/ip4ltfNk/tPxZLF5uPM/55WsXmxRRf88pfN/1stf1Nwd4c5TkuBpxxMIzqcvXofkOO4kxGa1JTh7sOxX/4J+f8HW+p+B9Yt/AP7bfwmtNT8PyzGOHxj4Ks4rG+souf+Pmyh/0a658r/VfZvpLXs/8AwUN/4KN/A6L9of4Hftg/s2/ES28SeA9QufK8R6vaQyxRXVhdXf2C6tZYpYov+WXm/wDXKX/rlX8+M0M9ndSQTj95FN5dfUP/AAT38eaV8Q9RuP2J/iJqccWg/Eu8+w+H9QlfnRteuovstrL/ANcpZTbRS/SKX/llLW+d8P4DG4eVJq8TfL67p1o1Yn9DH7LF3N4O+MfjP4WTz82N3F5I/wCev+fNr6f87/RY/wD4zX5nfsx/tL+IdV+O3wW+I3izzLK8+IXh2XQfF9pMP+PXXraLypYpf+3qKv0I8Rah4jbw9cXmmarbRyRQf6H9qs/Mj/7a1/L8ctlkvt1UWkJS/r8D9JzbB/XXRqfzRX+RL4k8b6H4bi/4mt7bW0cv/Pabyq8j+MGj6H4wlk8VeFdVltpJf9d5M37qWWvOtctvEd/qNxqeuXdzqGqSz/aZobqf/lr/AM8ov+mX/LKKut8NwjQfDmh+FdVni/tC6mlkvP30UksUsssXlf8AtKKvO4a4lxeaZwva0/3MdL/kcOe5HRwGW3ozvMx9N1LxTpsXkarr0tz/ANfcMX72qesfs4fDm7hjvoIY5bP/AFn9h2kPlxeb/wDGq6SbTZ4b/wAieCrH+kQjyIf3X/TKv3PHcKZPnHsq1T7P9an5pguJMzwFWdKMtzn9B+G9jpssk9vZRxyS/vP3VnF+6/8AatZ83wNvtH8W2fjjSp7391qUUl5/qv8Aj182Lzf/ACFXohvBDF5AqxZa99jtZJ/P/wBUajP+D8lxWUz9nGKkl7p1ZfxHmtHHXnPmuef+I/En7Pfwl8WXfxHt76Pw5capNF/aep+d9mtrqWKKX/Wf8sv+WX+t/wCmVU9d+M3hzxXd2/2HxHpskl1N/oerWl5FJ9q/5a1xHxg+CPwe8Z+NpJ/i0LzUtHtvKj0e1095Uli+1S+V+88r/W+V/wBNZa8n+I3jv4f6Zd3Fj4r8Ry6TJf8AlSQ2nnS3t9L5X/HrL5sXm+VF+6/5a+bL5Xm/9Mq/nWrl+JpN0pc7f4fLqfsOD+r4+MZqWp7h8TvAf/CK2H/Cf/CzXNSttYlmlvZrT/llfyxf63yov+WX/XKvfPgj8R4/jV8H9A8R+K7WP7JqkF1Za8IvN8ryv3trc+V/5Fr5m+A/ju38XWGn2PjHX/JGsG1+z6d5N15ttqXleVJ5Ukv/AE18qL91F5X7rzf+Wte4eFdGvvAfwWk8IbrHzLCz+03kNpefvYvtUv2r97F/5C/7ZV0cNS+p5zZbL4vkcue0IVcH7CXxM/APW/B8Hw91+48AeIp7aLVNBml07WIvOi/dXVr+6l/8ixS1saPeQ6Ra58OTy2Nx50X760m8vza/UrxT+z58F9V+K48T+L/hH4P1uHxReXUmsXet+FbW9uftUsvm/vZZYpZf+Wkvlf8AfquF/ac/4JU/s2eMPB39u/Amx1Lwl4gim/5h15Lc2Mv/AG7S/wDtKWKv3GhxLhaj5oT5T8KzngKvJ8yjzRPg/wAE/H74jeD7+O/sfEcnmRTeb++/5ZV96fsl/wDBVb4ZeLLW38K/HDXLLw/qn+r/ALRu/wB1Yy/9NfN/5ZV8T/8ADB/7Vt3q8mh6T8O7nV/Km8v7XaTfuv8AyL5Xlf8AbXyq9r/Zi/4Ib/Fz4seIbfxJ+1Prdl4J8Fx3kUl5p9pqUVzqeqRf88ovK/dRf9df/IVZY2WEzSDeIqXidXDmCxeV1PZQp8p+mujaxY6/c29xpV9HJHdfu4Zopv8AW1qTefFHJ/qpI5YfLmirndBh+DXw61zRfhJ8GPCenaH4W8MxfZ9PsNLh8uOP/P73/rrW95v2z/8AXX5/hMNTwGMqPDza7SP0OpJzprmPhv8A4KOfso/8I18Ktc+Jmh+Zc6XFDLHN/wA9dL/55f8AbLza/O/wr4bsdS0u3nsb62l8qHy5ovJ8qv3c8YaBofjzwjqHhXxTpX27T9Us5bLUrSb/AJeopYvKlir8pdE/4J7eJfCvxH8WeCfDnjK5uf7C1G6tobTULPyvNi/5ZebL/wBNYpYpf+2sVfe5ZxdRxFNUcTN88PxudFSFsOuU5mym0uz+HNvY31jFLHdWfl+T5P8An97WP8DfEc+m67H4Bn1DzfsEP9o6b53/ADy82KKWL/P/AD1o+J15P4bi/wCEc1WCSK40v/RryKab97F5Vbv7B/7HX7RH7SXivVPi/oen2um+H5f+JdDq2rXnlebF5sXm/Zv3Usv/ACy/55eVXuyxOFpJYmvNRj5/gfPrLpYrD1aMo+7I6C3/AGstd8Iy2a2Ai8yK8ikmtCZfK/deb5sXlRf89a+r/gP8bPhl8fbWzsPB3iqyttQl8qObSdRm8q6il/8AatfK/wDwUC/Ytvv2XfiN4L8VaHrkl7pfjKG6jmhm/efYLq18r/lr5UXm+bFLF/yyi/exS15XpENxDf288E/lSedF5M3nf6qvpMFmlL2arUFeDP5o4yyzE5PiJUub3V8J+wn9pX83mfZ4fNjos5xDL5FwKks4dDmi8+DVY44/+mU1R+dBD+/gr+VKcatP4/hP7dtGRc1218K+MNLk0PxH4cjvbO68r7ZDLD/y1/1sX/bWL/W+bXSTeMIP7L/svQ7D7Nb/ALr9zDD5UVcHea9BZ/aILaeK2uPJ/cxed+9/z/8AGqueG9evv7LkvvEcEceoS+bH5P8Azyr0cDjajq8nQxxNOXsL3Nyz0GD7V599/rK6DR9Gg82Of91/1yrn7O7vvK8/yPN/6ZV83/H34zab438V6ffX/j+503S/C+rRajpv2Sb7F/pVtL+6ll83/Wxeb/qv+WUsVfWYbGU8Grrc8SlgKuOeh9kQ+NtDil8jW7+O2vJZvL8nzqp694wg02KSfz4v+us03+qrw/4e/GrSv2mfBGuWPw/8Qy3l5pLeR/aEUP8Ao0V/5X7qWKWL91dRRS/63yv+eXlS+VWp8Qp7zUtKk8D+P/K0nXNUs5Y9NtIdS/4+pf8All9ml/debXofWcTVwtT22kiKeEo4apyyO08KfH74O/29JBrmq6Jfapdab5em3cM0X+iy+b/x6xS/89Zf3UtfC3xutNbj+Nfjv4mQeI7bzPOlsoYdQ06WT/Rf3Usv/LWL/pnF/wBsq+wbP9nu48BfD6RfDmuf2lqktn/xMv3P2b7VL/z1i/5ZRRf9+q+Wv2rPEfxD+MGiQ+Cvhl8NdZi8erDFbTS6hpv2aPzf+eX2mX91L/11/wBVX59gMTi62cr3fLm+Z7rwdF0vaQ+zqfnf8fPid8fdL0+TWI7eSz+y6lLHqGo2s3mfZbqXyvNl/wCmXm+VF5X/AEyr7D/4JK/Hf9o/9pqey06P4Xaxr8+m+I4v+Ek1u103y7GK1/4+vNluf9VFL/0y/wCWv7qvXf2Lv+CSWmeL/C/h/wCMv7bXiSO3j1nTYr288E6fZxW1zfxS+VLF9uvv9b/2yiiil/6eq+vb34k/Dr4BeFP+FQfs5+FdI8JeH7CHzIdO0Ozitoov+WX/AH9/df62v0niPH5A8p+r1qcZVEfP18bjq+KtTMv4kfBKX41eOtL8Q/Ea10iLQ7Ay/a9Il0fzZb+XzYpYv3ssXm+V+6l/66+bL/11r0Tw3o+leG9L+w6HZRW1v/q4YrSHy4oq+cvGHx01HUfj/J+z5qvxJ8X+HfEUTy3xabSLDyf7Ni/5ev3sUv8Ao3/kX97/AMspa0/2Tv2stJ8RfGm/+CXjT4p6Nr+oXGgxarZ2thosum32ly/8vVrc20ssv/TOWL/tr/0y834OhlWOWFjVoT5YLXl8vP8AzO+ph7UPe1md9+1z8bovgR8CbjxrJDcG4v8AXLDRbP7L/wA9bmX97L/2ytYrmX/tlXwd8TP2p9G1S5u7bxz4s8MaDbxfvdR1C0vPMli+0/8ALW2il/e/afK/55f89YvNr9Gf2ovgb4O/ah+C158F/Ef+jaff/vftdp5Xm2t1/wAspYv+mtflxqH/AAQt/a78U+LdP+E2veMNA03wna6x9t1nxfp+peZLe2sv+t8q2l/e/af3f/LX91/qvKllr3smwOXZw4vEVeScP60/4bqeYpfVNjsv2f8A9lXwB+0FpsHjLwh4Pj8Ra1r1j5niLxRq8PmX32+XypZZvM/dRWnlXX/PL97L5Uv/AD1r1bX/ANnf4lfDnX9QiPxF13Uk0XwNrniaW71VYIoohpqfaYrqXyoovNuft/2b91L+6/1svlfuq+t/hL8H/hX+y78G7PwB8K9K/s3Q9Ghljhi87zZZf+Wv72X/AJay+bXJ/GD4PfEb42aV/auh+I9NstDv/Dd/pPiS0iml+039hfReVLF/0y/5Zfva7qsZV8a6UpOcF/XX9LHrYPMKuGhdv4j5J+Cf7Q174n+INxpGqXkWZYbW90m3/tj/AJa/vfNii83/AL++V/01r7W17w3PZ2sc9xYxS+bD5n76H/VV8R63/wAEw/jP8E/Fmn+K/wBnWLT/AIg2st5++h8R3ktldaXF/wAsoZYoov8AS/8ArrF5X73/AJZRV96aDr3j/UvCWn6D8R/hxY22ued9m/s+0m8yKX97+6/e/wCf/IXm1w0/DqrVz6nVVP8AdNG2a8S4SOGvSnzM8/0HUj/wltvPP5X2eLypLz9z/qopf8/5/wBVL6ZeaPcw2MnkWP8ApH7r/lj/AN/ax7P4e655sk9//pPmw/ufK/5Zfvf+etZfxm+IXiTwroVnY+B/Cv8AaXijWbyKy03T4v8AlrdS/wDLL/rr/rZf+mXlSy/6qv1fF5DOhhKeGw1M+EWcUHUlXqy5Ty/4ueFfEfxf+N1n8K/DkEsl5FqUVtNDaCLzZYov3sv73/VRf62X97/qv/RVWP8AgpV/wUH+Gv8AwSO/Zdt/APgebStV+K/iiGX/AIRDRLSPzLaHzT5Ul1LHJ/y6xf6qLzf9bL/21pn7RH7Rvwi/4I3fsx6t8cPiprtv4s+J/jSGW3s7SGT93ql/FF/x623/ADysYpZf3sv+tl/79RRfm9+wd+w7+0h/wVM/bKtf2hv2w01i9vddvTfXn9r2/li10+LH73yv+WMflfurW1+kv+qr7HhnhjC8P0HXn71WW/8AXZHzOYZ3ic7nb/l3H/yY+iP+CVP7Lut/ssfs/eKP+C2n7al/c6z478R6RdXvgCz1RRJdP9u/dfb8/wDPzf8Am+VF/wA8rWWSX/l6/deifCrwrq37RX7E/jTT9cvo9S1DxbeXWteJNQh/5a6zLF5v7r/plFFF9li/65f9ta9Y/wCDiLWL7wh+zB4H+C/g6xltre/1jzBFF/yyitYvKi/9G18p/sK/tE/8KZ+BniDw54/1z7NpeqQxW013/rZbWWKL/Rb+L/rl/qpYv+eXlf8ATWv03B0Oegqtry3PKqVaaXsl7p+M/wAcvB9x4O+I+qaHPB5clrqUsc3/AH9rA8N6zf6Ffx6vpV/JbXlrN5lndxTfvYpYv+WsVfX/APwUa+D+h+NvEeoftC/DKCK50/VJv+JlDp372K1v4v8AWxf9tf8AW18d/wDLTz68PMqHLOx7eBr3pWP30/Z7bQv2nPih8L/i1oVl/wAS/wAR6Pa/EW8hh/1Vrqnmy2F1aRf9v+kXNfoBDq97qXw+/sueeT/Rrzy55pf+eX+f/atfDn/BtL41074tfsi6N4R8W6VFL/wgmr+KNOhu/J/e+VLLouqRRf8Af3V9Tr9I/FXg/wAKw6PHpWh2/lW8s32n91/y1lr8YzDg/wCtY6rKo/cn/kfZR4i58LCg/jj/AJnlcM0EMfk2Jl/56fvq5f4wQ6tZ2seuWM/7y1mi/fSzeVFF+9/1v73/AJ5S+VXpE3hDStNm8+CeSX/tjXhf7a/jXS9C+GFx4bnvfL1DWYYvJhh/5axfaovNr5bMsqy/JcomqVPlUNvNndhsVWx1WMZs9wvf7KvD9usfK8uX/nlXL69BpUPl+R/rK8h/ZD+KNz4jm0/w9rniCW982b7N++m/1vm/6r91/wB+v/ItepfEfXrHwdYSeI9VsdSvY4v3dnp+k6bLc3V1L/zyiii/eyy//vf9VXTwXxPDO8DOFT3ZQ37M+fz7Io4HE81P3ucsQ6OJrDz4L6Oq974P8Y6lpck+laV5kcv/AC1lm8rza8P/AGov2tPHHwH0HS4dQ8O23hvVNZmikh060hivr61tfK/1tzLL5sUX/LLzfKil8r/VRSy/62vz/wDFf/BQ/wCOHg7xvcarqvxTvraT/Wabd3f+kyxS+V/qvN/e/wDtKKX/AJ5f62vXr5hWxFGaoR5rHmUMqnRrJ1D9APilp37Qv2m40zVvCV74U0u+0e60688Q+Ta3NzFLdReV5sUsXm+V5X/LL/lr5tfmR4u0jx54Z8d3Hh3SL7WD8Q9L1H7HGLSWWW5luIv3X3P+Wtt/y1/55eV/39r9v9G0fSvFXgPT7Hx/Y+bJ5NrJeWl3+9/exf8A22vnv9oTQvhOf2jNPvPB3hbTbbxJF4bl/t7ULSH/AEmWLzYoraKX/wAi1+dV8xeW06mJqxuv5f6Wx+i5DiHR9zl3PPP2Xfif47vfFw1jx78Oo9C1i10f7RY2/m/6NbXV1/rZYpP+mXmSRVy37E37Zd18cv8Ago3+0V4B03V5LnRf+ENtdO01JZv3Uv8AZktrpcssX/XWW6uZf+2tcT/wUV+O/jr9le00rxz4V0SP+1/EfhyWPRvEOo2f2mK18qW6i/dfvf3UsUsnm/6r/Wyxf9cpfif/AII7fF6X4Oftw6Hreq3/APoevfatF1Kb/nr9q/1Uv/gV9mrq4a4dp4jLMVmU4cvtY+7Ht1b/AMvI7cxqTrVfcP1e8eXkGj6FeefP5UcU0Uk0v+r8rypfNrsPgp+0Fpniq+k0zS9btr3WNL/4+7Sb/Wxf6r/ll/21/wDItYf7TPxZ8N/DX4aap411zRpNSszZy/8AEptLOLzbr915UUX73/rrXi37I/hbwvrHxAm8V3OlX/8AZ9lqd1JoWoNqUsfm2372KLzP+WsUsUUvlfupZfN8qKX91+9ir5TEZXHB4B4h1u+n9bio4lVY+znE+vZviFpXlST6r9mtreLzZJv3NcP+0h8bYNS8HW/w58K3EltrEvlXEMv7qP7La/8AbWL/AJa+V5X/AH9/55V4f+11+0t/wr3xHeX1vpX268tbz7F4V0n979llv/K82W6uf+esUXm/6r/nr/5C8L+FfxD1zRvHlvruu65c6lcXWpRXupajqE3mS3Uv+YvKi/65eVX03D+GrTwcK1b7XwruvM8nF4H2qm6T5fP/ACPbLzxT4q8K39vPfa5qVtced/qZZpa90+Evxmmmuo9D1y+iufNh/wBDu/8AnrXF/E6Hwd8SNL8ieePzPJ/11cP4P1KDw35fhvVb6L7ZYal5cP7797/0y/8ARtfTV8BQxdGUIQtM86lzUqfvan1xZ6lBeS4P+rlrmNY+EOmX3jr/AIT3+xpZbwab/Z0vk+V+9i83zYv+/X73/v7Wv8Krz+0fCdvqs8/+th/czf8APWugmm8nS5J/P/eeTX4znOJxGVY+6+zc+jwfsq1H2Z89w/ssfCzxR8W/EHjz42fBfRL5vOit9H/tCGK5iv4vK/1skXlf+1f+WVewfY9K8EaXb+HPBvhy20izih8uztNPs/s0UUVfN/7bP7QU1v4x0f4P6L4r+zXkkf2y/trSb955cvmxRf8AouSvoD4Y/DPxT4O+H3h/wz41v/N1S10eX7ZaTTeZ9g83yvKtf+2UX/tWs6v+tGdUafP1+5Loz3fquAwGGjKenMeT/ts/BPVf2lfhVZ+AIPFcVjJa6xFqOmzTWcUnlXUX7r/W/wCt8qWKWXzf+2X/ADyr8/PiX8MPEPw38XXnhrxzpX2HUIvK/c+f5kX/AGy8r/W1+tcOg/Y5f3+lW19/y0hmm/8AaX/kWvN/2kP2S/hz+054c/sPxVodzomqS/u9N8T6f/x9Wv73/wBFf9Mpa/YuCK+Oy3Bxo46/IfiHiLwnguI48+HlyyPG/wDhbXxi8FTW51TVbm5s7q8/5a+V5ssX/LXypfKr0zwT8WbHxULjS4Li8jvLX95/xMIfL82L/pl/yylrL03WfDnxm0G31VYbaSzl8qSz/c/6r915UVamm+Cf7Blknsb65j83/njN/qq/AsZjsTQ/d1In7zB0cVS/lZ2ngPQbjxLH9v1X97H53mw/88vN/wCetSfbP7S8RyQaVB5tvFN/5Cqv4P8AEg07TI9D+3SSfvvLmu5of9V/21i/z+6rpPDfg+fR7ryJp/Nj/wCWPk19blNeH1On7Xvc8avTtKdzYh02DXtLuIIL7y/Nh8v9zN/qq+W9S+Ffw61j4s2/7L2leP4vtkum/adYu5popLqWLzf9VbRS/wDo3/trX0x/Zt9ZXX7ifzY6+f8Awr+xbrng/wDb20v9prw5PHc6Hf6xf3Ovfa7z97Yebp8sX/frzfK/65f9coovN+uw1HBY6p7SpPlUPh8zzfaYjCR5VtI+tPhT8NPBfw08K6f4R8FaBbabpGlw/Z7PT7T/AFUUVU/HnwT+Ffjy6+3eKvB1jc/9MfJ/dV0lnqfk2v7isfUvEkFl/wAt6vH16Sp3OWhGrOsU9T0Gx02WS+sdV1aK4/1n7mb91XkPxb+JvhDxJ8UNP0DVPBdlLDo0Utz/AGpNN5cst/5sXlRReVL/AMsv+Wvm/wDTKvVrKGfxJ4j/ALKsb+S2+1WcttDdxf8ALKXyv3UtfnRqNprsmseEfh14wvXW51TxdpmkzWmtyS4n82XypftP72L91/rZZf3v+qilr4bCYbEYvHqUVpzbfqe/KHLhJPn2ierftdfts+JvhHodn4/n0m9uNPku4vO1DUNYijjMUUXmyxS+b5svmyxf9Mv9b5X+qqLxP+3R4Gtf2eZPj/8ADN9EvNE+xyy6bLrA/wBK1SW2uvKli/1v7qX93J/rfN/5ZV5r+2zafs86J8GJ7L4xW2r+J7STQvtM13Z/araOXVIv3UUsVt5vlRW37yWL/prFa/va6Hw9+zX+zn8YodH+KnjzwLptl8PtB8Nxalo+lTTfZrH97L5v+q/deVF5UttF5Uv+t/55V+i4TJ8sxuBp1a0JSnzNP+v+G0PjcFioxqzTPWP2afigv7Tmjz+PfD3gTV7nR4/+JVZ+KfJiitpf+PWWXy/N/e/622i/1UX+tra+IH7M1v42/bH8IfGa90aCGw03Q/LnlltP9JjurXzfK8qT/prFc+b/ANuteN/D39t++1jX/Efjr4RaVaxfDz4exf2PpunWFv5f2/zf3VzLbRebFFFbRRSeb/z1/wBV+6rc8Of8FLYfGGvf8IT4W+HWrXut3Nt5+n6X53l/av3vlf6z/ll/rP8Av15tfHY/L8zy7HVI4WP7t7+98K/pnfSrTq1eWMz7Z8E6xqv2GSC+8z91NLHXKftJfEvVvA/wj8QazpPmQ6h9jli00x+VJ/pXlS+V+6/5a1g/s2a3488Q+L/HZ8UvbR6fpmr2tlDDD/pMX2/7LF9u8uX915sXm+VF/wBspa5j44+JJ/iP4k1PwRomkXNzH4ahsb+81m0/1dhdebL/AK3/ALZV8tWzTFYWuqVH41v6Ox7mBwWHrYi9XYwvh94//aJ8a2Gj6V8UdPsk0vU/3c0uny4l83/ll/qv+uUv/f2vadHmns9Bjg/5af6qGL/plXF+CfAfiO88N6fceKoP7Nt7X95DaQzfvZfN/wDRVegRf8esc/keVHL/AKn/AJZ1+rcCZDneKvi8YrQfw9/xPJ4qzXKqS9lQ6djU8NzX1mP3E8kX/XGtSbTZrzy/PP7zzv3P/TKpNBs4Joo554K86/bW8XeO7X4e2/w6+Dd3cQeNPHl7LpGgzW1n5kul2vlebfX/AP262vmS/wDXXyq/pnKcDScKcJ9T8UxGNkpz9mb3xD/aV+A3gLRLrXPF3xT0m5s9K1I2er3X9oSx2NtfeYf9FEsUX+lXX+sP2WKXzfNirzP47/8ABQD9nH9j39ngftw/Fq/sJdR1/SM/Cv4faZe+Vc3VrL+8i/1vWWWIxfaro/6qKLyov+eUv4R/ED/goT4r+JHxwtdY0+8v7Dw34cGup8ONJuZzcS6DaXNtLFpkIPP/AB7fuf8AVjr5kv8ArZZZT89eL/iB40+JurvqvizxVqWrXAjji+16tdyyyeV/7Sir6zE0srwuF9yHvpnFDKcdi66nWqe5/Kfo1/wTv/bw+FX7cX/BXvwx8Xf+ClNva6voWo2t1pfgTSdRiFzpHhfUJLuKWx82KX935XMkWZfM/eyxyy190/8ABT3/AIK0aP8AsJ/Fi9+Dv7HGmaX/AMJJ5/meLvE2tWUVzKJP+fSOKLyvKr+eSG8vtB1SO+0u+ljuIpvMhlhr68+PHx4/4bS+F/h/9oy+g/4uB4c0e10H4qf9P/lfurDWv+2sX+iy/wDTWKL/AJ+ooq+RrV6nt+eWzPqqeFoUYQhGPLGJ7x8bP+C0vx3/AGkIbM/H/SvCXiD7BD5dn52j3UXlf9+rqvI/En/BQK/hsP7Kg+GXgm5s/wDWfZJob/yv/Sqvm/UhcTxefAay/wB/nmCKX/tjXdTzPE06fJTl7oVMBhqlX2h7xZ/tmeDtNlvL7Sv2SfhvbXl1/rtRtLzxHF5v/bL+1fK/8hV83/EKbS9S8USa5pWlW2m291N5n2S083yov+/tdBD5/lf6isPxV9o+we3nVzVMTWrP94dUKVGB+xH/AAav/GDw58Pfg38YIPHGt2Wm6XYeKvDlzNqOozeXFF9qtdVi/wDbGKv2k8nQ9YsPPsZ7aSOX97DLaV+EH/BuNH8Ppv2f/wBoub4qeBYvEnh/7Z8Po7zSZpvKil83Vdar9E/ip8dfEX7I3g2PXf2UPhVZat4T/e+d4D1bWLrzbW6l/exS2Mv7391+6l/0X/Vf88vK/e+b+fcR8TZVlOMhhsRLlcv63O/K8qxOLqyqQifVGvabPZ/v54IpY4q/Pjw3+1b4h/aH+NGmfCz40eDoJfD+qajLby6dDpvlXOg3/wBqii0yXzYv3v8Ay1i83/rrF/01ru/C3/BR74reKdB+2/FD4H2Vlp+qeVHZ6hpPiTzIpYpf+Wv+q/8ARvlV4P8AEXwZ4H1H4w6p8XNE8Z3nhXxHoGnf2qbSUH/Sorb/AKZRRS/62Xyopf8AplX5RxRntHGYmOGpSvCcXtrrtqfeZPlk6HNKrE9n+LXxOP7P3x9l8b6TfJY6aun2/wDZFpd7care/wCrltbH975vm+VJayf88v3tz+9i/dRS+86f+1l4Kb4SR/G3T7yKHR7nQf7Wh1Cb/n1li83zf+/VfEnw/wDG/wALv23vitpHwu+IfiCS78K6fNdah4D1S11b/W3Xm+ba2sv+ql/exeb/AK2LzZfK/wCuVOi/YG+I37Qnh/XvAXxg+Iup+CPh94I1j/hHtK8MeGrvzJL+1tYooor/AM2X/llL+68qKWKX/Vf62WvPynLqGV4fmnL2cnbm8/RLW5ricLHEVuWR82+LP2mtQ+MHx/1P43+N7658YaldXn23UtFtNYltvKsP+WVhbSxf6r7LF+6/6ayxS/8APX97+l7/ALCH7IOt6noXxi1f4R6H9tsdUl1zTJU0qK1kml83/QZbnyvK83yooraXyv8AVeb+98rza8A/ZL/4JxeG/gh4jvPin8RPho39laDeeT4I8N64nmfapYv9brVzFL+9/wCuUUv/AE1l/wCeXlfRGv8AxI8ceJNQ8++8ry/+m1Ge8Q/U6f8AstRr0037jqYChVnCK+yel2epT69LJY6VY/vPJl8mKab/AJa1x/7Lv7BOi+DdT1z4iftB+JB4m8aeKLuW51KezmltrG1i/wCWVrbf6qWus8Hw32m2MfiOefy47r/U/wCf8/8ALKuw0fxhB537+evzepn+YynyYiPuBVw/Kv3RN+1P+xr8B/2xv2eb/wDZ2+JvhyKPR5Yf+JPd6dB5culyxf6qa2/55Sxf/aq/mg/aa/Zh+K3/AATm/ax1b4AfFjzPtWj3fm6RrNmhii1Kx/5dr+2/66f+QpYpIv8AllX9Rum+PNDhi/4/Yoq/LT/gqx+01+y3/wAFFfGtz+zb4A+Edz4k1fwlDfSeHPifbT+XHFdRQyy3Njbf89Ypfs3lf88vNi82L/llLX63wVxM62FqUK2tG3/gJwYKli/rqpP4Ttvgl4q0L9u/9mXS44bnzbjXdB+xaxFaQfvYrryvKuf/ACL5ssX/AGyrofB37Ovj7wH9n8G6HpVt/oH7vzZpq+Nf+Cex+Kn7L/gz4k+KNAhuPJ8NJa69pn9pQ/urqKKKX7da/wDXWW1/e/8AbrFX63QeJPDnjzwHofj/AEr91Hqmj2t7DNFD/wA9Yopa+czjKqGJrtQnempafNJ/qehjaVTA1uSGp8h+IP2RvCuj+DbyDx14VjlvLqa6vbzUZof3t1dS/vfN82vkvQfAeqw/GnxB4AgvfNj0vyrmG7/1XmxRRebF/n/prX3Z+0V8ctK8YfC/XPA/wW8ceG9b8SS2d/Ho+nQ+JLXzZbq1i82WKL/prF/6Nr5f+Eum+d8KvC/iO/FzJqmqWf8AxPppof8ASZZf+WsX/bKvvqOB+qYClGR5TxNWnGSmeufDfQbHXrqz/tW48r/lnDL53/TKrH/DK+q+PPj7/buq/aY/D9hpsX2y7i/1V1L5sv7qKvQPgn8Dftmjf8JV4qhkijl/487SvQIZ4NBtfsNjB5UcX+pir57OuIqeDn7Oj8Xc87B4TFVpe0n8BqQwwaDpdvpVjB5Vv5P7mHyaw/iT4s8NeCfCl54k8Z6lHp2m2VnLe6xdSj/j1tYovNll/wC/UVGj6P4j8Sa/H4j1W+8rT4v+PO0/56/8tfNryv8A4KPfCv4m/FT9mDxx4O+GFhe3uuX+gxW1naad/rbr975ssX/fqKX/AK6+bX546LzfO6MMT8E3qz6ih7OjC8D4V/4Ju+LNb/bD/wCCqkPxk8T2vmWWlXd/4imtJT+6tYoovKsYv+2UsttX6vaxNfalfyXH/kKvyD/4INfEq78G/ETxhYyaT9uk1TSLXyZZrvyv9VLL+683ypf+ev8A5C/65V+kHxH8SeMfFUNv59v4fttP/wCXyK08SSy3Mv8A368qv3SvlssNP2dKn7seWMbHxWccWYKOJ+r1avK13+89EvdYsft/2E6tbeZ/1+RebUepeK4NNi/fz+V/y18mvG4byx039xpWlW1tH/1xqO816+mr6zIOE8yxNT2mLtyfyr/M/LuIPEuhSp+ywkfe/mf+R83/ALIvxOvfhr8Rrj4LeKtctpY7r/SdHmm/5ZS/88v8/wDPL/prX1pDN51h/wA9Y/8AplXwH8cvCuuaD4zuNWsfMjuLW8ik86L/AJZSxfvYpa+tPgP8bIPip8NLe+1Wwtra8tZvLvNOi/1UUv8A9t/dV/NfFGWUq1P6xQ/r/hz+lstqvn9mzc8SeKvEfhuK4sbCfyo7qb995VY/w3/bqn+G/iOTwP8AHfQ/+JP50sdnrkVnLJLYRf8ALLzf+ev/AGyrQ1iGx16L7DPP5vm/66b/AJa1w/xI8H/2xD5F9B5sn/Pbyf8AP/PKseD8PLN8RLDVPiivdPZxksLQo89SJ9e+CPE3w1+LWgR+Lvht490nWtPl/d/atKvIpIvN/wCeX/TKX/plWnNoM9n/AMe8/mV+XeseC/Ffw98R/wDCYeAdVvtE1jtqGk3kttL/AN/Yq9M+H3/BUv4t/BSaPQ/jfoP/AAlmlxfu5tQhhitr7/41L/36ir6jF5DisLV5I7/18jyfq9KtH2kZcx9+Q6lqv2X7DP5nl/8ALGvF9Y+JPjG816SDStD+0yWGsfZpv33/ACyrU+AX7aH7Pf7TVrn4c+MRFqhh8ybRNQhltr6L/tlL/rYv+msXmxUftAW/jjXPAuteFfC0VlJJrEMXk6h53722lil83/2l/wCRa+dzKrj8DWjTrwLy3D0KleUGeseD9Gg82O+Ply+b+9/65V4x+1x+yCPid4p8L/Ff4ZNHY+JPDfiiLUdSiu/+PbVLX/lrFLFL+683yv3X7391L5ssUv8Arf3Xk37LP7WHxF+E3xAj+DPxmvrm5t9UvPsWn3c3myS2t1/zyl/6ZS//ABqvqy8+JGk+V58+qxxRy/vPN86vZyutSjDmXUxzTJsZRqe78P5nwr+0D4c/Z4sPDGseEviJ4H1Ky0+/vPMh0+61fzfKl/1vlRebL5ssUX/72vFvjD+074jb9nS4+B+meFrgXGq6PFb3l9calaxSyxRXV1F5ssUX73zZYoraX/ll/wCiq3f+Cj+ufEf4w+Nbz9qv9njw9JqfgfwjD/wi+patFZxSRRX/ANq/4+vKl/5ZfvYrXzf9V5sXlV4h8Jv2Sf2z/wBp/wARJofhX4P6vIdU+9fw6bLL+6/56y/88v8Atr5Vfb5NgcVgqTfPzf8Atvy9D84zuosLP3InrH7PFrZ+Af2Ko/E8mpw2s91o+p3s3nD5JZYrqXyv+/vleVL/ANMpZf8AplXSf8E9vD/imx8XeJvjj4w8EXWh3YtIrfQo9Yh+zRWv7rzfNl83/ll+8/7a19ffCr/glL4i0PTdEt/jB4r0GxsNH02wttP0eWH+1vsv2b/pn/x6+b+6/wCWvmxf9Mpa978N/Bj4ZeA55L2x0q51/VJbz7bNrfia8l1K683/AFvm/vf3UX/bKKtMNwrm+eRrRUOVVJfE9LRujy1xPgMqw/tZy5p/ynF+Dr2fwf8ACbR/C0Gh63ZXF1oPmw3cWg3Vz9qupf8AW3X+q8r97LL5v73/ANFVJ8PvAv8Awj3hK30TVm8vzZvtupQyzeZLdX8v+tll/wCWX/7r/lrXomsefeXXnzz+bJL/AK6ab/nrUdn4V+2fv55693K/DLJMmxftaz55/wB7Y548X43MaL9n7pl2XkfvPt1v5kdaFnpv2yXz76eSKOL/AF3lQ/8A22rk2gzwxfuIK4v4hfFWx8Ex3GlwWP2nUIv9dL/yyir7HGZ5kGRUuWvUjFLp/kjip4HNs0/hx5jc+JfxL8EfCDwNqnxE8a+IrbTdE0bTpb3UtQu5vLijiii82WvgP/gk9/wWM+IX7eH/AAVSi0Px54esfD/gPS/CXieTw3aeR+9sLD7LDLiWX/lrL/oPm/8Af2vmn/gt7+1t4t1zwnH8JdR8X/aP7ZvIpJrS1/1XlRS/vf8AyL+6/wC2UteDf8EkL/xn4V8e+ObbwLpkkvjPxt4DuvBHg+Jj+8iutclisIj/ANdf3n/frzZf+WVfT5HmcMzw0cRS+CXw+hjXyz+zYNVV755n8J/+Cdf7R3xI8S+DrKz+HviDSoPiDp/2nwjdT6JLJ/akPlfvZYvKHleV/wBdZYq9z/aB/wCCEH7Yn7Mvwmt/jHP4ZsfEfhfzvL1jUPD3my3Oly/9PMXlf6r/AKaxebFX9Q/wS/Zx+H3wl+Dfw8+DcWmw6tZ/DTQbDSvDuoatbRSXUX2W0FqJv+mUnlZ/1f8Az0qt4i+HnhCLxfcaPbx2lsniOGYX2lSRf6NqZEeJf3X/AD18r/v5F/1y4nOMfi4LnpnZQjaKcj+N3xJ8H9c0eX7PfaVJFJ/01hrP+HfinxR8LPF0XiPw8Y5Hi/d3un3QlNtqlr/y1tbn/nrFL/qpYq/oQ/bS/wCCYPw5+Eus3muT+ALa9+HeqTfvvJs/+QXL/wA8v+uX/PKX/llX5j/tf/8ABLnT9BuZPGX7PXir7TZy/vP+Ee1b/Wxf9tf8/wDXWvjcHxpg6uL+rYpcsju+qy9j7T4jwD4v/s8+JvCHw38LftIeC7GbUvhv49t92ha3HFL5VrqkR/0rSrn/AFvlXUUscn+tl/exeVL/AMta8+/tmCz/AOQrof2mP/nrF+7lr6G/4Jw/t4+Ff2TNe8S/s4/tZ/Dc+OvgT8SbqK2+JPgO7XMljdxTfutasufNhvoh/wA8vK83j/lrFFXqH7eH/BMzwz+y7J4X+Mvw1+Klv4x/Z7+Jc8cnw9+LEdt5kUUUn72K1vvKi/dXUUXm/wDLL975Uv7rzfNii+udSEafPDY4qfvux8Yza94b1Lixg/7Y3f8Ara5Px55E2lyeRB/zy/8ARtfcGg/8ESfiN8ZfCP8AwnH7Nn7TXwq8Zaf5Pmf6Jr0tt5X/AF1+1xReVL/11r5P/ac/Zv8Ai1+y343/AOFZfFyxsoryWH7TD/Z2sWt9FLF5v/PWKWX/AJ5VVKr7Xc0PoH/gnL4n8Q6F+xN+0PH4d1WS2l0/UvBGrTeV/wA8orrVbX/0bqdtX0f+y/8A8FJNX8UaLJ8Hfiv4iIVhLJomu3fm+ZHc/wDPrJ/0y/efuv8Av1/y1rzv/g3StvA+r/HL4l/D/wCJGh6dq3h/xJ8Ibq31jSdU/wBVdeVr+g+V/wCja+ufil/wQa+APjvVJPEf7OHxvufB0nnSyS6Hq2m/2tbf9MoopfNili/7a+bX5jxtgMmxlblxlrv4T63IsZPC0jn/AAz4u13wvqc9x8OZLKWyubv7XqHhjWbPzdP1KX91/pUUsX72wl/dxfvbX/trFLXXWn7Rn7KHxa1C5+H/AMU9Oj8G+KIvNtta069P2OXzZfN83/Tov3V1FL5kv73zf+WtZ17+wV+0D8E/BEdj4osIrzSoIIrbXfFXhLUrq9uYrD/l5ljtrr97FL5Xm/8ATKKvALL/AIUr8U/E+sWXhXxlbeCIo9WuvJudWP2mW6ill83/AEaX/lrc/wDXWvyirltGtHlk3eHwSjpZab73XbS672Pr8uxcsROR9k+Bf2G/hto3g6ew+FHj698PeFJZotRtpdJ1L/VXX7r97bS/vf8AnlFL/wBta6i88SeI/h747/4WNPrsn9qf8e0Oo/8APWL/AJ5fvf8AllF/rf8AplWh8EPEOh+EvAFv8O9Lsfs2nxQ+ZoM0s3m+bFL+9/1v/PXzZfN/7a1J4l0HQ/GFr/YeufvI5a+ar4qU3y16kub+Y3c5KfLJGhN8eJ/FMUd9fa5HL/22qP8A4TCDWYsWOf3vm/Y/N/5evKl8qXyv+2tcX4V+A/hzwTdXGuQarc3Md15XkwzWcUn/AD1ll/6ay+b5vlf62rGg+FILPVbjVb6f7TcXXlfbP3PlfvYovK83/Wy/9/f3X/XKsPqcaqblU54smdalDY948B/Fqx8YfDTyL6+tvMtbP9z5M3+tiirh7z4heKtYuvI0r91b/wDPWsPTdNvv7Ukn1W+8y3l8qSG0hh8uL/rrWxeeNvDnhSKP7dPFHJL/AKn/AJ6y1zZhlEsTh4ynPl5V+HQ5qNRxqy5fhKX7RHxS8V+AP2Nvi74v0RpV1fw54Ev7nTrm26pdS2F15Uv/AGyli83/ALZV8Gf8E/vhvaT+BZdbOpHUNW1WK1TQodL1e1kvrKXyrqKXzf8Anl/x8/8ATX/VV+i3xO8VeAT+xX8Ubjxr4dkfSb/wRqf9rSxwxf6V5sXlRf8AkWWKvlf4a618J/hb4Euf2ivhF4TvvFPgzw9d22sS+AdX1iKO20r7NdRf6VZXMvleX9mijuf9Fl/1vm/62L/VS/RcP1qP9g/UaUbTlO3P/NtaN+nz08zOFRRrSmc98Q/g/o3hjwdqnhvQv+El0aP4neMR4Wh1vW7T/QLawiliiur+W5i/0WKLzY76WKWWXzZfNr2vwr+0ToevaXp+lTeKY9A8DxabFbaDp93eeVFLaxeba+V+9/e3f7qKL/nrF/yy/wCWVdz8GPij4A1P4Dwaz8NfEFjZ+Fn0K6Wz1aW/luIrCwj/ANbLcyS/88v3vm+b+983zfNrwD4o698WfB/7PXjz4++C9f0628Qa/pl/qtq8UdreRjw5F+60yGxk/wBV5X9mRR3UX/PL7VL+6/5ZV9Dj8tp4jCwpqbjLmjH/ALedvyS8/wATjoSrVMTKpPU8p/a8+OEGqfGjwPpvwLh8uX4faPayeFbvSrP/AEGW6sfN+36V/wBcpbCWKLyq+sP2J/BPiP4hfBvT/H+q6H9h0+XWL+5s/Oh/ey2vm/uvK/79V8F/sW/AT9qn463kfxO+L3ivxJpPhfX9S/tbUrrULz974nl/5ZS+V/qvKi/5ZS+V/wC0vK/Tw/Hi4HgiP4c+FfCsfl2sP2bTfsn+qii8qvos8zXDZTlsKEp884Rt6vY5pxnisTblOsvNesbO18j/AJZxVl3lp51/Jbzz/u68/wDtmual/wATXVfKjs5f9TLND+6qp4++Pvw0+FfhW48T+OfiHp+jaZaw/vtW1aby4ov+uX/PWX/plF5sv/TKvxmE8zzrGWVK/N2PaccLgqGp63N4q0rw5FH599F5kv8AqYf+WtfIn/BWj/gozB+zJ8F7j4PeBFkk+JXjqzlstH0+1m/0nTLWX91Lfy/88pf9bFF/9qr5t/aR/wCC03ii+vZLT9lnRL2OCKP/AJHDXNN8uS6/69rb/llF/wBdf+/UVeYf8EmfgX4j/aQ+O/iT9q743XNzrc+jTeXZ3+qXn2mW61SX/lr/ANNfKi/e/wDbWKv2DgzgGp9ehicc7RhtH/P9T5bP89jgMunUpLY94/4Jz/sm65+zf4Jt9d+J9j9m8QX8P2nUtO/58Iv+WUUv/TWX/wAhV9MWesedBHBOf+uMNXB4UsbOLP2GP/ttUmj3nhSHT7iCfQpY7z/ljd+d+6/79V/QNGlg6OkIcx/MGc1cfnGO+s1LRuU/tn73Pkf9sqsfuJqz/wBz5tWP3Hk/+1a+go/u4HxdRuVSakeP+NtNg8Ri8uNVsYvM/wBV+5h/1Vc34I8bX3wl8XSNp9j9p0+/s/s15D/6Klir1TxVZ6VqcUf7+KWT/ltL/wA9a5P/AIVX4q8baz/wjnhTSvtt55PmQwmby6/iRwdSMqf2JH9+YWc6b9oegeFfFVj8QvDkeuaXrnmxy/vP9d+983zf/Rtdh4a0cfEiwvNKsZ7b7RFqXlwxed/z1/8A3UteWeG/2Qfjb4Y1u3/tDxNpPheS/WK4vIZGivfNtf8ArlFL/rf+2v8A39/1VfQfwO/Zq+Ffwr8USeN7DxFqWpap5MscM2rXnmeV5v8Azyii/dVzZNleKynMvrNCWx35ji6NfC+zmeX+KvhL/ovkarY/vP8Apj/yyryf4kfAfStY0/8A5BXT/pjX3B4p03Q/Essf7iX/AKbf9Na8j8SeCbiC/kssxf8ATb/ln5tfpeGzXC5hSl7f3ZnzOFq4mg9Nj4H1L4Vz+D9Q8/7DJ/o032mz8qb/AFUv/tKWuu+F3/BTLxT8D9Rs9L+Ost7r/hyW88u41mX/AI/tMi/56/8AT3F/z1/5a/8AXWvfviF8K7HU7WTEH+q/6Y18MftjfC298P2F+0dh+6lilrGOEwWKrKniI88WdTx1am7o++f2sfg5pfinRdJ+N/ga9iuZLGS1vPOtP3kV1F/yyl/79V5XpnxKu4NA1LSPFVt/aVnc2csd5aEfvZYvK/5ZSf62KX/nlL/yyra/4JD/ALWWkftF/sk2/wAJvGeqQyeKfh+P7Kmiurj97daR/wAuMvlf88oov9F/7dYvN/1tdJ8Zv2dbH7fJf+Dr+KOOL955XneVLFX5ZnXtOHs9eEqfDF3T8t0fqfD+PpZnlDp1Vqffnw38N/DL4H6FY6V8MfCum6ZpNrB5enWmnQ/uvsv/ACy/7+1c174/a3DD5EFjY23/AD28qGvMv2dvEMniz4EeG7PUDnUNK0e10m8/662sUUX/AKK8qX/trXU3mjwT2skE8Ef/AG2r9w4bxWCjgliqavza/wBXP514rwuMjjqlKX2TL174zXF5dSedNJLJL/rqp6b42n1KX/lr5dbGneFfAGp3UlhrmlS20n/PX7Z/6KqOHR/AN54t1jwr4O1y9udQ0G8ittShu4Yv3vm/88pYq/RoZxTy7CqvWfJCR+N1cqzbNMY4U7e70LE15Y6bpY8VatB5nlTfubT/AJ6/63/yFVOH9pDwoNYjh1X7DF/yz+yXc0Udb+vy+HdOi0/Q9Vso5JPsflw+b/qvN83zf/atch4w8E/DnxVYSWOq6VbS2/8A128qX/yFX8hcf8cZ3j+JZxwdWcYR25fz+Z/RvB3DuX4PKKcMRT5qkviOX+LX7RXhy80a8sfDmuW1tJLqUtt5MV5+9/df9Mv9bXk/ir4qaVFoOsa54i8RW3mWEMX+l3c3lyxSy/6qKWsf4q6p8CPh9r+oaDqvxzufslksVzeab/asUssX72X/AJaeV9p83yvK8r975v8A11r52/aq+JXinwJ8Db/9pr4ieCbfwp4X0aXy/hP8PruLzJde166/49b++i/5axReVLdfvf8AW+V5X+ql82nknDea8T5lTlias5X6y/yPr8QsuynCOdKFkfAP7eN5c/Fr9pvV7hr37TZ6PNFp1qfJ/d/aoovNuYfL/wCuskv+fNr7U/4Nev2Ypvjb+3tf/GbUIDcaJ8L9Hl1YzSDMcup3Pm2NiJP+2X265/7ZRV+e3jGG+8N6Pb6heanc3usazN5k11qE3myyyy/62WWX/nrX9AP/AARJ+FWgf8E1f+CRA/aU+Iuh+X4g+JU3/CVi0LeVc3EVzFFbaPYeb/01ijil/wCmX2qWv7IyxYfIMjUV8NOPL9x+MZlUlmuOuenf8FVf+Cot1+y18XfAHwP+HV60l5H4k0vXfiFeQH/j10GK/illtf8ArrLFHL/2y/6619n/ABG8CaJ8W/CC6Yt7LDLgXOl6rYTfvrSb/lncxyV+CvxGufEXx4+Ofijx94nu/tmra75t5q8sA4H/AEy/65V+uP8AwSK/aFj+O/7Gvhm31O8Z9Z8JxjQtTjk/1hji/wCPaTH/AFxEfPrHJXwORcYUs4zephavwv4T0MXlrwuFgzs9C8Y6x4h3fB/41+HrW28UmGWN7aSH/QNdt/8An6t/T/prF/rYv+uWJT8Kftl/8EqLjV7y88Ufsl6s/neR5k/gHULz95D/ANeMsv8Ayy/6ZS/9sv8AnlX6ieNPAfhnx5pB0fxRZR3MAzIvH7yKT/npHJn92a8k+Jfwm8T2JkltTNq9nF+8hu/+X6L/AOO/9dax4syKtTf1vD0+bl+84YVJcns+Y/ld/bG+D+q6b48vJ9X0O503XLW88vWLTUYZYpfN/wCmsVdz/wAE0v8Agpze/sbw6z+zf+0l4IHxD/Z7+IEvl/EL4c6ifMNt5pi/4mlj/wA8rqLy45f+WXm+VF/qpfKmr9k/22P2Rfhl+2BoNxpXxGsYpdYsIfL03xNDD/p2l/8ATKX/AJ6xf9Mpf/IVfi/+3V/wTy+Lf7NOsyT+I9D8zT/O/wBD1u0/49rr/pl/11/6ZV7fCfEuDzLCrDVPcqR3jI8fnnSqck/vO9/b6/4J36j+xZrGiftA/s2+OZfG3wL+IkRvPhn8QbCUyRyRyHzf7PuhF/qrmL/yN5Wf3UsUsUXyF8bPGGq+Nr+3vtc/eSRf6ND/ANMq+tf+CT//AAU28Lfso22sfscftpeDv+Ex/Z2+IN1jxLot0fMl8MXMv/MUsv8Alr/zz82KL97+682L97F+9xP+CxH/AATI8W/sNeL9O+IfgTUj4t+EPjT/AE34dePbSXzLa+tZY/MitZZIv3f2ny/3ueksUcksX+rlii+4VGVPRnXGpF7Haf8ABAL4fa74k8b/ABU8e6VY+ZHo/hew06aU/wDPW+1WKX/3GS1+qXg/Uv8AhA9LkuL6+klkl/13k/8ALKvmj/g3Z/ZytfD/APwT61v4halpn/Ew+Jfj2W5jmiP+t0vTIvstr/5NS6lXufjb+3NN12TSr7/VxTfuf+WXm/8AXWv5S8V87m+IPZ4afwe7/wBvH6XwvgaVbC/vD0jTfipPeS+RBPL5f/TWvJvjj+xB+zr8fru48R+MfB0llrkv7z+39JMVtff9tf8AllL/ANtYpa2f+J54Pl0++1yD7Nb6z5UVn9r/AOWsssXm+V/rf9b5UUtbkOveTN5HneX5X/LGvk8nzjN8M711ZH0MsHCjU/dSPnybwH8dv2ddMt4fDnxT03X9Li/0eG08Q2flfuv+mv8Azyl/6axS1c03462Zv7fR/G+gSaJfSnzPskt55X7r/nrF5v8ArYv+mten/FSbQ7zT/P1yCWSzl/dzQ0+18U+H/jf8MLfw/rumWV9Ho8sVndWmq6bFLFLdRRRfvfK/55S0ZnjcFXlerDlR21Z16UYP2fNH7UlZNf5mRo/jyx1iwkuNE8R2N95X/Lp9s8z/AL++VXnWuN8e5buSC18daXZWk03/AC52MvmxRf8AXXza1NV/4J/eHPEuvW6/B/xXrWgapK3+h6Tbw/bYvK/56+bLL5sXlf8ATWXyv+msVUZf2Hf269NuY7b4dwSa5JFN5d5NPr0VtYj/AMGHlS/9+vNi/wCmstell3Dub4nD+0y+XNT84/r/AME5qmdZHhp+/wDijU8H+I/H/wAN/DP9h299bXNvLNLc3l3LD5svmy/vZZf3tc9r2pT3l/8A2t/bn2n/AJaTedXunw+/4J1/tC6zo/8AxdT44+G9JuPJ/wCQf4e02XVv/Isv2WvT/hz/AMEy/gp8ONdg+InxH8dan4k/suUyw2moCKytE/55SyRf8tv+2knlV4eNy/McvqOGMkcVXiDLsVLlwseb5Hhf/BTLWZ/gJ/wR81WDxDayWeoa/DYaXHx/z9X8V1LF/wB+raX/AL9V82fDX9nv9oK2/wCCaq2PizQP7C03xNa2tpq+ralexGW1jvtesPK/dRfvf+PXzP3X+t/exf6r/ll+iX7b3x7/AGeNP+F9t4T8ffAzw/8AF63k1I3EPh7WruK4sYrqKL91LJJNFL+88qST/ll/z1r5w+F/i39gvTfESeKYf+CfEPhOS1u/tEF34Yi+3W1pL/z1i8ryrmL/ALZRV+z8EcGZrjOGac40uV8/MpSWj7WPznN+KKWV4ucasG5fyrV/ceO/tc+Ap/C37MbfCD4N6Na+HdF17UtM0DW5rXTfNlisLiWK3/d/9NZZfs0X/XLzf+mVel/GPTTp3w+l8PHw5bWWmWt59is9Kns4v9FtYov3Xmxf6rzf3UX7r/Vf8sv3te6eJvC/7MPxU0DTptD8d31tZaXrtrqsUa2f23yr+KXzbaWWKXypf3Usf/LWuU/ad/ZF+Pvxf+D8dx+z1rmgeJLj+0vMvJodY/smW6/7ZXf+q/8AAqWtM24M4nwSwzqU+eEJuUnHXdr8dPyIwPHuS5hQqUIT9nV5dpaNHi2pfty+AIYrPSfjT4/sbHVJZv8ATNW1a88qK6/dS/vf3tbmm/tv/s16MY4PB3im28SSS/8ALbSZovKi/wC3mWWKL/yLXz38c/B/hvwHFHpXxa+Dt94b8aRQ/wCmaJqOgyxS+V/z1ill/wBba/8ATX/VV4/Z+MLG8l8iDVY/L/5beVXoY3AZRmFa1alKPl/SPjJ8X5tleIUJLnX8x90eMfjB4k+P2lyf8Kd/e6pYWcttDaS/vLWw/wBV5V1LLF+68397L+6ll/5Zf8tYvNrx60/4JgyfEPxLJ4t+O3iy51/UJf8An/1GWT91/wC0ov8AplF5UVe+/s03mhQ/BHw3/wAIdYxxW/8AZsUc3kw/8tf+Wv8A5F82uw1j4kaH4btZJ9cnii8r/ll51Yzjl2RwtSXJ/Xc9pY/FZl++53bofHnxd/4JS+FdRm+3+HfGlzp2h2Gj3VzeWnk+ZL/otrLLF5Uv/bKu0/4JffBa0+FvhjxZ4a0zU/tNnLqUWpQzTTf6qXyvKl/9FRV7f4P/AGiv+Fn6NeWPhz4HXtzpeqWd1bf8JDq159mi8qX915sUX+tl/wDIVcR4RvLj4d61Ivha+lj+0w/uf+msX/TWvksZxxUwmc0qWGqe67cy/M/Vci4fWc8O1o4qG/wyPZ9e0fwr/Y0n/E78248n/UxQ1wc0PkS+f/ra6jUoR5XBkrm5oYIfMg8iv6O4brc9CNS/Nzn8r8Z0oYfEyoR93kK8M1SVHR/yz8ivsT8yj8B4/wDD3xfqF54o0/w5fTxx3F1+7h82b/Wy/wCt/wDaUtfSnwx8B2Xw98JST3Gq/wBpaxfzeZqWrf8APX/nlF/0yirwvxH+yjrvh/4jaf430PxH9ts7DUormbzrPy5f3Uv/ACy8rzf3v/fqvcNf17+xrDTxPPY3On3/APx5zTTSxf8AkWv4sxUa2Co8taFj/QTLMTgcfTUsPPmJNftbG8u5NVggtpbi1s/Lhlhm8qX/AKZf9sq6jR/t9nYRzz+b+6/1PnTRebdf9Mv+utcfrH9ufYbe/sfCserfb7z/AEzTvtnly/ZZYv3v+t/dS+V/2yrqLO9sbO6k8i+8qS1/eTSzXnlf9/YpZa4MLCv71WNT3DpxlFbbnaT/AOq4/wBZWPrGj2Opf6+D95Umg69Y6lpcd9DPFJHLN5fnRTfuvNqxMIJosba6amHrVf3kGfPOp7J8hy/ir4bjUdL8/wD1skX/AH98qvjv9rT4ewDS9Q0rXLGXy4v+mNfemmjyfM/cRfvYf337mvnP9sDwrpXirw5cT2MH+kRQ+XN++rfD5nicLXhSqGtfDe0w3tIH4/8Ag74teOf2Pv2goviF4BvvKm028l+02g/1V/a/8tYpf+mUv73/AK5f9sq/RHwX+2j8OP2iPCVv4r8M6i8Mko3Xen3kmbmwl/8AasX/AE1i/wBbXw18If2RPiV+3j+2Npn7N3ge6Oj3WsCW913XLq182PR9Mi/4+bryv+Wv/PKKL/lrLLHF+683za/bDUP+Cc37Gvwb+Cuh/BnwH8F7OTT9FH+h3d3J5mp3UvlfvZbm5/1sssv/AH6/dRRRRRRReVX6HxVwzgM9ySliKi/fLr5efc7+FeJHl+M9nVh7hw/7B/7QvhybxHcfDjXdU8uPWZv+JPLN/qvtX/LWL/trF/6Kr64ms/3UYg/e/wDXGbza+Z/CH7PHwd8O6vZ+IIPCNtoGl2E1rem0i83/AFtrLFLF/rf9V+9iir6A0fxhB4k+0aV4cntrmT7HLJD5M37qKvD4XwuJwKjQn8Nzy+NJ4PMMX7ah8yneTWVnf+RPB+8/6ZTeb/6Krn/G3hW3vP7U1zSriX7HrNn/AMT6KGaWKX/rrF/y1/79VJ9jnmuvP1W+jluJf+eP+qrY00weR59v/wCRq+3zznzfKZYVr0kujWx8HgaNHA472qX/AATH+EFt4gu/hnH4f+P91LqeoRfu/OuofMkvYv8AllLLFF+683/2r5vlV5X8Vv2NvA3jqW8vrX41+OtE+2+bJNaWviWW5ii83/ll+982voD+x7GbS/t37zzIofMmi/7a14n+118Z/A/wB+Gl5448RzxRx/6zypv9b5UX+t/df8tf9bF/39/6a1+FVeEM0oY72lKWv5n6RhM3w8afN8J4xD8A/wBjz9iqR9f8P+FrLWfF6TRPb6n4hm/tKTzZf+WvlS/uvN/6a18xftmeINC/bA16z1zxV45l1K30vzf7H0+0m/0Gw83/AFssX/PWWX/lrL/1yiirwT9oH9qnx5+0R42uNV1SeSx0/wA7/Q9Ki/8Aav8A01/8hRVP/wALI/4RbwxHB/zyhr9OyChjsoSqV/fqS89j43ibM54icVTlaH5/8A4/wf8As3wftd/8FGPhv+xn4Utrr7HrPiSw0nUpbT/WxWv+tv5f+2VhFc/9+q/Wj/gq1+1vpPiP4sal+y18NFjsvB/wh0+1smitG8uL+2ZYovKi/wC3W182L/trL/zyr5B/4N2tI8O+G/2jvjd/wUj+I2nxzaV8HPhxdXEU0vbVL6X/AJZ/9Nfstrcxf9vdeE6l8efFXiS71jxz4jv4pdY8W6ldatrEvnfvZZbqXzf/AGrX33Etev8A2BGlD45/0zwctqctfnPs7/gmp4dsvij478WS63D5n2bSMx+bD/z0lir17/gmH+0PpnwF/ac1PwpqGrw2OiXs9zbalEw/dRReb+7l6/8ALOTy/wDtl5teKf8ABGnx1ZTeMPGmmzzfvJNCtZYf+uUV1/8AbIq8Y+Mvxkvfg/8AtfeJtUt3iI0/xXfvLFN/y1i82Wv55y6OPwPE850nrBJpfmfX4mtTxGBi5+Z/SnGolAnB7dM0/AznFfOP7Af7Tuh/GTwrF4Gl1yK51DS9HtbzTpt//HzYSx/uv+2sX+ql9P3R/wCWtdn+3Fa67cfskfEubwprmp6TqVr4I1S50zUtJvJba6tbqK1lliljki5z5scdf1Dl+b0cdlMa8tuW79eqPkKtH2VXlRX/AGkP2V9K+MNoPEPhHVpfDviiOLFrrVpF5kcv/TK5i/5axV8jeKbCDwjql58EP20/hVY2Ed/N9m03xPd2f2nw9rP/ADy/1v8Aqpf+mUtebfsC/wDBcfXtBtNF+GH7Zl5Nq9vKIraHx1bxf6TFxjzL2KLiXt+8i/ecZxKea/TaeL4Z/HbwMlwh0rxPoOrWnmQyxSxXNtcxH/nnIODXkZf/AKt5xieZLlqLto/+CePmmAxVSlz0ZWl96fqfhV/wUU/4IM+HNYtbz4nfsof8SnUIv9IvPCd3NLJFdRf9O0v/ACyl/wCWvlS/upf+WXlf6qXxn9gz48RRfB3WP+CPP/BR3ULiy+EnxJl+zfDTxpqUJki8AeJvN82yl80cxW0lz5fmj/VRS8S/upro1+5/if8AZZn+HGlf2X8NGvbnSIjiHSZZvtL2EX/TLzf+WX/TL/v1Xyl+2x/wTy+HX7Ynww1zwd4n0u2ttUv4ZY4fEVpZ+ZLFdf8ATX/nr/6Nr9VwmU0quB5adTm9dz4qjnOOy3G+zxUOWP3/ANIp/wDBHPQZ/hj+xR4f+CHjGCKx8UeDdS1nRfEmk+d+9sLqLVbr91L/AOQpf+2tekftLfCufUrWTxVpUHm+VD++8qvzx/4JF+GP2yrfxZ+0l4M8UeIdS1LxZ4AvfDtzef2tP9p+1Sy/arWX95L/AM9bW2tpfN/6Zf8ATWvvb4D/ALY3hv4kRf8ACAfE2CLw/wCKIv3flXf7u1v/APr2l/8AaVfxL4ocOYrAcR1OXbm5vv1P6H4TxssRl8KlL3kef6x/Yfxm+Et58D/H/wDo0l1D5em6tD/rbWWL/VS18p6lefFz9mXVP+Ea1zVZZbO1m/0O7lml+yyxeb/y1/7Zf5/5a19+ePfgPpmvX/8Aavhy+8q4/wCeVZej/DfxVZy+RfaH9pk/57f8ta+IoZ7jKMoUq1Pmgfawq0Z631OD03w3/wALO+CMfiL7DLbf2zoP9pWcN3/rYopYvNi/9pV8+fAX4q2Xw6+MFuniqf7No91/o2uw+b/qrX/lrL/2yr7h8SeDvA+hfCW48JTaxe+H76/kllvLvSdHtbaWKKX/AFsX72L97X5+/tRfBPV/hn4xj1IeIf7S0+6/eaPqEMPlRXX/AGy/56/9Mv8Apr/01r25xy3F10k73W3byOnA1J1aVSkj9GNH8NQ+FfEEnkWEUVxL5XnGH/ll+6i/dV6p4Q0GbWJbeKA/u5es1fM/7LX7S3g74wfArQ9RuJL288WeDdNsNK8UrL/rbryovK83/pr5vlf9/fNir6I+G/jnwj8V/Clx4Z8EeM9Enu5YfMMVpeebLF/yy/exf62v6o4YhRxPC8Vg6fK4xtbpdaX+Z+E59iMPl2dSp42dk/vMr4nfH/4f/Dy/k0TwDax61eRzeZ5pm/0aKX/2rXgHxC8a+MPiTqkd74p1yW98r/U2n+qtov8ArlHXfeMf2dfG/hTWbjz/AIPajr+l58ww+Fddi+3Wv/btdeV9qi/7a1B4d+F/w4tr+OPWPHN9pd1L/qtO8WeHLrRrqL/pl+9/d1+Q1uD87xHEn1nHw/d/h8j9PyLNuFcNl3NgvfqLutTxD4qeD7+88ESX0H+stZopPKrzPR9S0PR5ZJxqsccfnf637HX6Ef8ACjf+KbuNWsdK+2xxQy3MPlfvPN8qvzX8SfBTx9r3g3xRb+MfAGrReUIo4f7R02X/AJ6+b/y1/wCudf03lvEGHyzInhXFOKj7p+Y5rw7jeIuIliqLslbm77nSfB/9p3w54b+I8mraV44/eXU32b7JaeVJ9qi/6axS19CeI/iP4Au5I774V/EfUvB3izyf9Mu/DMP+jRS/88rm2l/dS/8AXKvzr+APwrvvCuqXl9Y+Fb6xuJf3fnQ2csXlf6qvoj4dw3F7rP8AZWh6VfXuof8AQJ0nTZbm6/8AAaLzZa+ayPibEPFSp11+7l0PpeLPDPI6+WxrRfJWj9pbnrXiv9qfS/FWm237P37fPwx0Dxbol9L5Wg67aaP5dt5v/PX91/x6S/8ATW18qviH9rX9iHSv2afjbpeleFdcub3wv4o0261Hw3qM3+ti+yyxRXVrL/z1li822l83/prX6J+Av2Qv2iv2jPDGoeBvFHwRufC/he/s4v8AiYeNpora5ilill/ex20P+lf9/fKrwD/gp9q/w9s/jN4L+Afwr1P+27P4X+FbqPxJrn+t/wBPvotKiitfN/56/ZdMill/6+oq7uJ8Nk+NjCrh4cs/wZ+GYzC4rKssrRxM+ZR+GXU4P9nvXtc034XyeFdKvvK+y3n+u/5a/va7jTdB/tKX/ia/6TH/AM8Za4/9leHStY1W88OX3/LWHzP+/Ve2Q+GrGzl6V8TmWByfFYWNKtG9Q8nhivmOJp+0hUfIvM0J9H1zX9Lk0rw5feVJLZ+XXN+A/hl4j1PxTHF4ysY7azsIfMm/ff8AH1L/AM8q6yzm+xxfuPMrQ/t77HYfaIIPMk/5Y1+W4ngnKMpxH16b92Oup/QeQ8b5jPA/UIWvLTzLGsQ2955hrk9Yh8iX/R61LTXvEmrmSfVbG2jji/54+bWfNN/rK/ZODs9weY0EqStFH43x9lOKwWIc6jXv/Mx/P9qkqSb/AJ4Ypn+j9Of+u1fo06h+P06fsn+8Oz/tj990/d1n+KtH0PxVa+RcGL/U/wDtKpKkgt+9vX5DxRk2W43C2qaH77wjnWYZbVtTNjwfeW891cC4n8ySX955MUMslWNXhgxJP5EsUd15XnXcMNWPDfhu++wSTwX3lSSzf6qsP4kalquheE7i+guI5LjzvLs/332aWX/v75sXm/8AXWvwbFqlgq06C96J+7YXHVcdRhVl7p0nw7mtoZdU8OW88X+piufJhm/1X/LL/wBpf+Qq2LOY/wCon/1leefsmW18Ph9earrb3suoXWpS/bJtQm82WX/2l5X/AFy/dV6Hef6HdRzwQf8ALaurB1ORwt8P6GeJpp1PeLEH+t4/1leb/GbwTfWdhcarY+Zc6XL/AMfkUP737L/9qr0j9/D5f26xltpP+eM01H23yYv9R/o8v7uaGt80wntY+1X2fhOfDYn2eh8b/sS/CXS/2b/+Cj8vjx5THZ+Lfh5f6Vprf9PX2qwuo4v+/UVzL/2yr70+JGpX02lxzif/AFsMUv77/VV85/Gzwp/ZugZ0qCOK40vUotR8K3cUMXm2EsX/ACy/65f/AB2vYPhv8VND+M3w9jg8+K21C1s4vtkN3+7+yy+V+9/7Zf8ALWL/ALZV+gcK5rWzXLnQkuadMxqxo0cUv7xTvNen+wSQYl8uL/U/9Mov+uX/AG1rY+G9nZeG5dQn0mD7NHLD/wAsf3Vc/eaDiLyf+Wcvm+Taf6vzf+WX+f8ArrWh4C8Sf2mfsN95UVxF/o3+u/1tbxUaWMjzG+a4JfVPaUToJryCG16/6r/njWxoM3kxRwX1j5v7n99DWWNNshF++nklrn/i/wDFLwt8CPhj4o+LHjHVfs2h+F9NlvdSli/1vlf88oov+WsssvlRRf8ATWWKvouSNKhyQ+3c+Hh7Sda0yn+1z+2t8EP2PvhhceMPizrkkUl1N5em+HrTypb7VLr/AJ5RRf8AtX/VV+Unxz/4KHfG/wDa78G+JPB3jzSdIttH1nWLW9s9EsLPzP7LitfN8qKK5/1ssv72WWWWX/pr5XlRSyxV4z+0t8aPiR+1L8btY+M/xAu5Y7u+m/4lulRTeZFo9r/rYrCL/plF/qvN/wCWv+t/5a12P7NPwl1zxVrMelQfvJJf9TDFD/n/AJ615EqXLL2dLWbHnWMp5Vheeo7Q6nn58N/2ZL5H/LSuH+J3iqeG6+w+f/yx8yvqD4++A/8AhW9zJpWuaV5ckUPmf9dYq+H/AIj+JDeeLdQnnn8v99++rtyfA4nEY/lrw+E+apZhhMwhGpSnzn6LeFdYt/2Yv+DdO4eCKKLXP2ivjhL++x+9l0bTPKtf/Rtj/wCTUlfFt542nmljg+0ReXFNFHX2H/wWasrX4F/sefsX/sl28H2a/wDDnwgOva9af88r/U/sssv/AJF+1V+fEN2v7z/W19VmmGjXlaX2TvwtS8Ln1Z+yX+0tqvwZ8eR+I9Mv/Kklh8u8/wCmsVZH7TXxBfxz8b9a8X2Uo8vUrz7RDXi3gPXf9P8A9Ih/8g1sa9rzG/jEHmeX5NfAzyOhSzN11HVxPVhiv9n5D7R/ZH/bs8c/s6694P8AHfhPVYvtGg/vTaTTfu7r915UsUv/AEyl/wDtv/LKv3O1f48eDf2o/wBgbXvjR8O5Wn0zxH8PdTkiilH721m+yyxS2so/56xS+ZFL/wBcjX8wE2v/AOgW89v/ANdOtfpD/wAG/P7ds3hr4qaj+yF491rf4X8f2d1c6ZFL/wAuuqRWvmy/9/bWKX/traxf89a6Muq1cDTqUfsSv8jjqX5T4+17UoNHv/I/5Z19N/sNf8FNvjZ+xhdLYeGdTXXfCdzcA6j4Zvp/3X/XS2/59ZD0/wDRkUhxj5Y/aL0W48H/ABa8UfD8z+b/AMI54kv7KH/t1lli/wDaVY/g/X/Nuo7Ge4/dy18i1Wwdb2+Hl7yZWHqXP6TP2NP28PgD+234BXxd8KteZbu0jxrHh7USkd9pknA/ex94/wDprH+7Ndx8Rfgn4X8fCW/vEu7K/wBn7nVNKuTbXMXXjzP+Wnb93JmL2r+cT9mb9ovx9+zn8TLL4pfDLxTc6RrNhN/rrX/lr+9/exSxf8tYv+mVfsL+zX/wXd/Y4+Ifhuz0/wDaC+Idt8O/EsmIRaax5j2N/J3NtKB1/wCmUv7396P9Z1r9Y4X4rqV7Uqnuz/M8zHYLB41ctSFzZ/Y5/Zcuvgf+1t+0PrPiVYNUl8aweGLn+14bLyxdRQxX8Xkyx9PNjz+88v8A56x18uftOXnhz4M+JNU8LeKtDlubeLWJbazi8nzfN/5axV+kXw305rHS9f8AG2o6Pc2N54j1eW9NjdxeXcwxRxRW1rGf+eX7uKOXy/8All5pr80f+ChPxP8Ahr8Z/HfiCPwhrltqUngmH7NNcxTfur6682XzfK/65eb5X/bKvK47wWX5w/ay/iL/AIY/Q/CbLMbLM/q6V6X5djj9B/bMvvhvp/kWGlebbxfu/wCyf7euvNii/wCmXm+bFF/1y8ryq24f+CtHwgvNYuPC994A+IYtrWbyv7V/sG1kil8qWX975cV15v8A36ilr5c8N6x4c8SapHoeueI4rK3uporaaWXyv3X73yvNi82uA8KaX8U/Evx3uPgV4Q8KRyeI/tl1JNaah+7tbWKL/W3Xm/8APL/P/LWvyzDcN4e1nR5z+hM64KwsaftYe6fY37XP7TXjPTfh5YfGD4GaHP4+8N3Ql/tj+yD5l9YRY/1v2aX/AEr93+98391+6/7ZV85eCP8AgpX8GPiXpf8AwgfjuDV9Kt76f9y2rWG77LL/AM9f/RXm19JfCD4Y+AfgFoVxpXjj4jR31v8AbJdW1jVtRs/s0Xm+VF5svlf8ukX7rzf3v/TX97Xvmj/Dbwd+1H4Vj8P6/wDD7wtJ4MEEUZ/4SGHzJfK/1X7qL/rl/qvKl/7a13y4TyynQtOhef8ANF20/L8rn4/GOc5fjp2j+7j17nxh8BfHviH9nH42W3xI0bUItU8H3UP2PXrK1l83zbaWWLzbr/prLF+6l/7ZSxf8ta+4/En7Pfwyhl/4T/w7PfSSXXm3tnqEOpS+bF5vlS+bFLF+9i/56+bFXyb+2J/wT11P9lH+z/ib+z98QL22+HkupRW/iq01D/Sf+Eaill8r7fF/y1ltovN/exfvZYv+estfQ37IHxi+HUcMX7LGu/GO18a/6BL/AGTq1ppn2OOKTyYpfsEf72XzYv8Aj5l8391/zy/55V6fDmOzPIsxpU3N+ybV7eq3W3r37nzXHHDeE4kyt4iME6sddd18z1z4d/Gv9pPwLbJaaN8Q5dftPL8uCz8UW321R9LiLyrnPvLJLXqOl/tb/Ey8XyvFf7NQmtsfvpdF8RRSmXr/AMs7qKH2/wCWn/LWuW+Bug2ONY0K+n8z7BeeX5ss3/PWKu48K2f+iyfv5P8AtrX9F42vg8dGnyU4tM/F+HsFmGBhUjWm04/CVbL4xfA7xFbyJe/CD4geHpMfvjokN/b/APpllq9b+LvghBcm0tY/i0XM3lmE2Hii5/8ARsXm1sQ2f/TCpJrODysiCWvN/s2jf3VY+khisdTpXVXU8+8T6l+zRqtnHe6j+wv4p8aXVr/qH8S/DeW5uB/2861j/wBG1LZ/tCfHm30keH/AH7O/hL4d6fCPKgPiDXYrkxRf9MrHSsxf+TMVdZqUPneZOP3Vcpr3+u/CrjltJO9jz62KzCurVK8jkfiX8UNE8HeAtb+LP7Tnxf1nxHonhzRrzVtStYdMi03SIYraITHytNi/e3UhxFFFDdXMufNr8zP2nPjOPip8Qf7cg8AWXhuzihijh0TTpvM8qXyv9bcy/wDLWX91F+9/6ZV7Z/wXG8Z+INJ+Angr4W6DOiyeN/iVpltqULzf62wsf9Pl/wC2Xmx21fJ81nY3hknnnkk/67V4WZ8lHEJSPguOa9Spg44alPzlr2Og+GPjyfwT4ys9cgn/ANVN++r7Q03WNK8V6Xb6rY31tJHLD5nnedXwP5x83z/Ii/7817R+zH8SL6z1C48Oarb+bZ+T5kPlf8sv3tfNZphfaw9pT6Hx3BGf/UsZPDVPgZ9ITfYbP/lvF/3+qOC8nvZZPI/49/8AnjXD+K/i14O8LW3nW/2m5lP/ACxlrQ+GXxa0T4j214IdKubG4sPKkm83/VS+bXi4ujUll3PiIe4fqmVZzl2IzX2GHqe/vY6yG8/dVn3lE00HSub+IXxO8K/DfRpNc8Va5HbW/wDq/wB7/rZf+uVeVlOb0Mt/hqyPrK/DuYcR1/q1KHPORof62pIYZ+tcP8N/2ivB3xIv5NK0Oxl/6YzTV6xo+jwT+XP/AMs6+zwXiDgak/Zy931PmeK/BziTh+jCpUpfER2d5Yw38ljPceZJazeXND/qv+2Vbmj3mh3ksYuNK8qOL/ptXP3ngPVfDc3n2Nj/AKP53+ph/wBbFWp4Vhnml8j7PL+6/wBdXynEuPwFbBe2pVub5/od2UYfOcHiOStR5fl+p02seJPDPh3w/q2ueIruO00/TtOl1G6eaby4/Kirxyb4zy+M7G40L4naFoFzpd/D5kdpdy/YpJbWX/VfaY5ZZf3v/LX/AL9V1f7S2i3niT9mf4heFbSyknuF06K58qL/AFssVrL5ssX/AJCrz74Sfs+/F74g6jZ/EP4y6F/wjOl38320+HruXzdTli/5ZRSxy2sX2WKXyv8Arr5X/PKvx36nWxc/a05dfwP3bJ50YZfet/Xoe/8Awx8KQeD/AA5pfhWAy+XYWcVt5ss3mSy/9NZf+mtdJeQ/vf3FU4ZTD+/qxNMPKj88f62GvcjhWqJxOtFzKf8AbEEOtR+FZ5/Mklh8z9z/AMsqr6xDOG8ietCG9n/48f8AlnLD5f8A01qvFNYQ3VxpV9P5Un/LGvHxmY4nC1oUpQ5oS69mbUqFGr8Jnww2WsaXJY6rY+Z/z2r4X+LPxO8dfs0/tLXnirwrfeVeaXefZry087yrXVLCX/llLF5Uv7qX/rlX3ZrB/wBGkBn/AO2vnV+ff7V/irQ/GHxLvPEmk30Vzb/8e0M0U37qXyq/XvD2thlOfs4+9JfefIZ3WlSxkKav8R9yfsu/tLfDn9qjwvea54VnkjksPKk1jSbv/j60u6/+NS/vf3v/AC1rY8SQwaD48s77Sp4rn7VNFHD/ANdfNr8p/hjeT6D8RpPEfhy+vdN1Sw03zLPVtPvJba5i/e/6rzYv/RVekeNv+CjXxws/C8nhyD+wNSuPJ8vzdW02WKWWX/nr+6lii/8AIX/fqt8/pKpW9nH3Jn2mChiZUbL3oSP1UnFxFayWPkXMcfnRSfZJf9bF/nzZa+SP+Cucuq+LP2LbjSdBn/0fw58TtLj8SWkP/PKWwlltfN/6ZebL/wB/fKr0L/glJ+1d4R/ao+AVn4D1DT5dI8VeErOKO80XUf3svlf6rzYpZf8AW2v+q/7+16z8Uvgd4c1e28WaJrmhyXOl+N9H/s7xhp0U3/H/ABeV5UUsX/PKWL/llXzmJzvEZfQ+r4hax+189fwPmMfgZ0Mb7p+LHwr+EE/jbU8QW48vzustfa/7NXwl0PwT9nsdCsfKuJYfs013/wAtfKrv9R/Yy8P/AAD+GOmW/g2F9a0S38q3/wCEp+x+V9vl/wCnmL/lldfu/wB7FL/6Kr039mP4J/bL+38VarB/o8X+pr9f4PwWRRyyOO9qqk3/AFofzV4g1+K84ziWDUWqUen+Zx/7RX7BGufHj4D64fCuh+Z4g0aH7ToP7n/Wy/8APL/tr/8AGq/B/wCGHw+u/wBoj9r3w58CtLID+NviDYaDESen26/itf8A2rX9Xnjz4heHPgb+zn40+Kmq2McVn4X8K3+q3n/XK1tZbr/2lX8+/wDwbYfs/wD/AA0B/wAFb/CHjXXNNjk0vwJBf+K9SMp/5axReVa/+TVzbS/9sq9anGg8wnXjorH13CWVzy3LoQn8Ruf8HGXxhg+Jf/BUzxx4X0meOTT/AATplh4dsxF/yy8qKKWX/wAiyyxV8Lw/uq+hP2mf2ev2yv2nv2rfiB8ddK/Zs8Xvb+N/GGqa1ZyT6DLHF5V1dSyxfvJf+mUsVP8ADH/BJ39vDxVJHDD8H4rKOX/ltf8AiKwi/wDatfP47OcopVJzq14x/wC3kfe4eChTPEfCt5LAkk4X/rjWveef+7r7Z+EH/Bv9+0prk0dx43+Kvg7R7eX/AF8No91eyxf9svKii/8AIte/+BP+Dc74Vrd+b8Qf2pNbv4v+eWl+HrWy/wDIsst1XxGO4y4bp1Na3M/7t3+SZ24bBVqp+adpj/hHbfzh/qppaydD+IniP4e6tZ+KPCutXOnappd1Fc2d3aS+XLFLFL/ra/aa4/4JRf8ABJH4AaLHafHvx3cRtLN5kMvizxx9ill/79eVXkuua3/wbj/CrV47zwf8ENQ+IN5FN5hNhLqk0X/lQuooq8jCcT4PFubhSnKP+Gy+92NZZfXlU5VqfFnxu8eWvjbx5aeOzc+YfFej2urXh/6epYv3v/kWtf4DfseftZftBXav8DP2cvFviG3uvNjh1aLT/s1j5v8A1/XXlWv/AJFr7CX/AIK7/s+fC7yrv9ln/gmd4E8P3NhD5ej67qNjaxS2/wDy1i/d2lr5v/kzXQSftf8A/BVz9qqxuYbfxD/wgGj3cP8ArtK03+yY/K/6ZSyxS3X/AG1ilqcPRzHF1bUMNp5v9F/mi44LDUPexFWMPV2PNPA//BCn4+adpkfjn9rz9pT4e/BXw3LN+8kutXi1K+P/AEy/5ZWv/kWX/rlXtf7PvhL/AIIhfsKeJLb4hfDKTxR8dfiV4aX7ZYa0ui3Wty2NzwfNtoooorC1kyAfN/1sWP8AW15ppv8AwT40vVNf/wCE1+NPj/V/GOqS/wCu/ta8upPN/wCusssvmy/9/Yq6P4keJPg78IPM8Har4q0DSfsujy6jD4ZtIYopfKi/6ZRf+1f+eVffZVwnm9Rxu40/wf4nk1syyeWJ9hhpOcvJO33kP/BQH/gsh+1l8VvCGofDH4Y/Dc/DPQNQjmttT1OTUvtOrzWvneV5MVzD/otp5mcfupJT/wA8pY6+B/hz4ifUPE95cS2/n2FrZxboZZv+WUX7r/ll/wBs/wD7VX2d4g8Q/so/Hb4deK5oPiJdSap4e03+0dRtbTTZZJYbD91F5v8AqvK/df8ATXyv+WVfHc/w91Dwtp9x4j8Oa5Fex+T/AMTLyf8All/y1/79f5/55V5OKo1KGKlRmuazeu9z+wvC/Lcpo5NCdKDjU05rqzu/0PRPC/hDQPGliuq+Mdej0m3softupTD91FJF5trF5UX7r91/rfN/65RVX1K58EaL4kk8Tfs5anr+mzadDJZi9d/9JupftUv72Pyv3sVtLF5H7r/plXkl94+l1vS7ywXWY3jlhil+yG7/AOeUvlf+1Zakh17XfhPb6D8RdF8Squof2tFe2zpB/qpYpYrqKX/pr+9/9FV6P7hUeSED7/GUHOXtOa/93oel+NvFXxp8SHyPH994x1KO/hiuf7N1yaW5i+y+VFLLLF5v/TLypf8AtrXKfDr9pH4q/sx+NrfVPg34qi0HQtUMkWoLDB/o03l+VLL5kUv/AF0ir0j4a/tIvP8As93Xh/4n2WqX2rXOmaudN1OGPy4rC0n/ALOltbSKMfuoovtVut1LLFH5vlWvlf8AXLzf4xeLfBPxPnu9cstCW71HUL2Wa8vYprn7PbSy39/+6+WXzJf+XaWKWX97/wA9fN/dVw1KSi78x8/ToU8Wp0sRQ5fyPpT9o3/gpzc/Ff8AYb1Pwva3FlY+IPE+kX+na9p/nfvYovssvmyxRf8APKX/AJ6/9Nf+etfnV8MP2jfjh8FfFOj+MPhn43vrPUNL1W0k02VB5n72KXzYv+usXmxR/uv+2Vew+Pvhj4/1zwJq/wAT/GdxDptvNJ+5tIrX7NLf+bF+6u44v9VFay/vIvNi/dfupYv3Vdn/AME5f+CQ3xp/bc1zTfiJ8R9A1Hwp8IbCb7ZqGurB9muNZhjzm203/nqZP9VJdf6qL97/AK2UeUezLFho037U/MeLsNgcsoulQ05r/M/eD4DX3hjxr4Q0f4oeCbOSPT/GXhuw1Wzm/wCWv2W6tYpbX/yFc13FnD5N/wCR/wBMa8p/Yhk0jU/2bNI0jRvD0elweD2GnadosUsssWl2HlWF1YWvmyyyyzeVYXNjF5sv/PKvWr2b/T+YP3cv/Tav0HKKlKvQhOB/MmPpyo4uceUuW8//AC8E1YvJp/J/5Z/9tqrmb9zH/o9F5N5MXAlr3TgK+pTf8sRBXL6xCuZM/wCsrpLyaDyq5/Uv33+vrQwq7n5e/wDBc/xvH4i/aa+F/wAMdM05tvhTwlqmtX88Q/6Cd1Faxf8Apok/7+18+2fisXmjfYdV0q2luPO/c3fk/vYq9B/bUvz8W/8Agob8T9Unv4/sXhyaw8OQzH/p1sIvNi/8CpbmovDfwx+AP2WT/hI/HGt+Z53/AC6abFFF/wCja+NzVQ+s80z8g4ixmIxOPnCnZdNbHBwzQdK9A+HGsTeG4ZNVgsYpPtX7uaL/AKZVj/8ACB2P2/OhzyX0f/Tbyq0P7YvobW38AaV/ptx+9kh060m/1X/PX/rlFXlKdOruz4KllmYSxn7pe/5Gh4k1j+0rrz4Glljupv3MP/LX/rlXsnwf8N/8If4c/f8A/IQuv3mpf+0oq5P4Y/Df/hGf+Kj8Rz/adUl/6Y/urX/rlF/7VrtdU8WaR4N0K88SeJtXttP02zh8ya6u5vLiir804w4oVRfUMJt+bP6E8NvD2pgW8fidak/w/wCCa/jz4heHPhv4SvPGXiq++zWdrD5n/TWX/plF/wBNa+D/AIkfGDxX8ZvHF54q1yfyrfzv9DtP+WVrF/zyruvjJ8SfFX7Sklv4i8P2F7F4dtWl+x2nk/6qXzf9bL/018ryv+/v/XWuR8H/AA3+2ap9hn8zy/8AltXyeBqN2pVH+8P7z8K+FsrynDfX8RrUf4L/ADPVP2adGnnurO+g83/Xf66KvsTwfqf2Owzrn/LL/llN/wAsq+b/AAfptj4Pls9K8iL97+7mlmm/7+/+Qq9kh8Y6H5XkT2Pl+VDFH5P/AC1/z/8AaqrOMJHD042+M7+N6+Fzur7M9Qm8YQXnjz7Doeq/2R5UPmQ2nnfvbqL/AD5Van9pf2DLeT2Pm3PmzeZNDL/yyl8r/ll/0y/dV81/Dj4qWXiLxNeW3iMyeHPFGial9mml8SxebFJ+6l/dW0v+tll/5ay/9Moq7/xr8a/GHhvR08R3HgSXxDokx/tWz1/w+p8u1il8r97LFLL5v+qk83915v7qL/v7+d4inmksYk9p9Nl8tkfkdTAYKdOKf2TY+KHxP8WeI7rVfBvgTVtHj1uySLmTyvN8qWL91LFFF5v7rzf3X/bKWuC+Iv7YXi3wp8No/iDH4etr7ULC+8vXdJl1L97L/wA9fKkrkPC3xY8J/te/FC08Jap4Rlj0K7hzonj2wHl30V15st1bWvl+V/z620sv/LWL91/qv3vlVZ/ar8BeHvgp4Qi8U+P9Bj1SOX/kL6zaad+61O68391F5fmy+VLL/wB+q+heBxODrUpQ6/Z/Nb/ga4XB4PEfuZx5WfSXgD4rfDvxpa29vpvjbQJ7iX/XWmn6xFc+VL/zyr0IabBexeRAf9b/AM8q+dfCviP4N/E3RrGTVPEekRW0sVrJa3dzNa2cogltZbrzfs0svmxeVF5f7r97/rZf+eVdV8PPjloeg+Mrz4dT+I5L6zi8r7HqHnebF/qv3v8Arf3vleb5sUXm/wDPKt8PmGIVaUK8eVHlZjkjiv8AZ94npk0P77PkeVRqWm/2lFHBPP8AZpIv3kN3D/rYpa0IJoLz9/AIpPN/ewzf89aj8nEv+kf6uujEclShZHz9P2+Hq3Zxd5N/aV1JpWq2/lSf6uaL/nlXwXr3wOvrK/uPhH4Vvr291jS7yX9z9s8zyov+ev73/VRf6r/v7X6Sa94b0nUrHz57iXzIv9TN5P72KvJNW+GfhXw/4g1zxXPcfZtQ1iG1j1LUPO/1sUX+q/8ARsv/AH9rPCcT1OF4SnDWe8e1/M1oZTDMMT7RnzN8Kv2e/DnhzS7jSdVnjl1DzvM1L/rrXjf7SHwf0rw5f3F/BY+ZHF+8/wBTX2Je+CpvAdjJcTap9pk1SGK9hu4v3XlRSxebF/21/exf9tYq8P8AjlZweKtLuIPI8z/lp/qf9VXoLiuvmVWnXqy96W59dhsNGjKFKmeR/BPXvGPw313T/ib8HfH8em+KNGmiuYYYZvMiuopf9bFLF/zy/wCWVfrR+yX+2D8Hf22Phz9u8OahY23izS4f+Kk8M+d+9tZf+WssX/PW183/AFUv/TWL/lr+6r8m/gPZ/wDCN/F+30rVbGT7PdWcscPm/wCq/wBbXsnxa8NeHPg/9n+KngGeTQPEmlzfadH1DSYZYpYpf8/62vqMzwdDGZRGb1Uzz89wVOrWSj8aP0Y8VeA77zZBpV9c6bJL/wAtbSb/AFv/AF1i/wBVLF/0yl/dVl6Pr3xN+G1hHBqvw5tvFNv/AKuHUPD0MVjcxf8ATW5tv9VL/wBsvK/65RV8z/si/wDBYf4ZePdQj+HP7TU8XhvWP3UcPifyf+JZfy/9Nf8An0l/exf9Mv8ArlX3po1nB5Ud9Yz+bHL+8hmr86yuhxTw5mCdOo3R35eh8TmmCw84NV6evc8r/aQ8Ewf8FAv2HviJ+zJ8JPiNpvhvxRr1nFp15/aE3/HrF9rill82KL97FFLFFLF/21r4r/Yy/wCCcX/BQH/gkVo3jC9+BWi/D3x1rHihrWO81Zb+X91axRXX7qKKWWL/AJ+fN/7ZRV+jHjbw34V8VXVvPrnhXTb24tf9TNd2cUssX/XKX/ll/wBsqp2esar4VtfsNjqtzLb/APPK7m+0/wDo397/AORa/qbhvMMbict9tOgp832b/wCZ+Q51KlSqezpVnD5I/ObxX8YP+Crur2knk/sv+G4hF/qf3MsX/tWvg7x5/wAFm/27dF8Rah4Vt/CnhPSb6wu5bebytEuZJYpfpLL5X/kKv3y8SeK7HXrXyNVMUf8A02irg9N8BfDnTbr/AIlWu3Nl5v8Az6ebH/6Krnx2E4UnB+0y2XtH5Nr9UdWRYp0Zr6ziIyh6pP53Pxt+HP7af/BYH4u2Hn6V8UNRtNPlh/f3dv4YtYvK/wC2vlV6Dp37Dn/BZL9pGCNvEOu+PdS0qWKLzrvxNr0mk2P/AF1i/tCWKKb/ALZV+uPhrwHocOoW/ivQv7S1e8ih/wBddwy3MsUv/PX97/qq0NS/4T+8u5D/AMIdq8kn/LaabTZZaMq4SyWvD2k6UKfkopSPVzTjSngP3eFouX9691+B+Xnw0/4Ie67ojfa/i58SvCtq8v8ArpNJubrUpYpf+2sUUX/kWvdPB3/BL39l/wAESxz3ul6l4kk/6iE0VtbS/wDbKL97/wCRa+r9Z+H3j+8l/wCQFcx/9Mpf3dY83wr8cf8ALfSbmvp6fDWR0veiub1d/wAj47E8ZcQYmVl7kfJW/Hc8z8N/Bn4V/D2/j1XwD8K/DeiXkUPlw3ek6DFFc+V/11/1tdZDDP8A8fE4rqLP4V30P76ef95/zymqvqWgwQ6zH4cN/Yxah5PmfZJZv3vlf9cqnE5lkuUrkfJBmdLLc8zlOraUn82fO/7eP7UUH7MnwXuPEfhyx/tLxZqk39neFdO/1v8ApX/PX/rlF/8AGov+WtfIfwq8VeHLP4SyaHD4P025vNZh1SS8h1bR/tN9LLdReVdfabnzfN83/ll+6/e/6qKL97XC/wDBXr46WvjX9u7/AIQvwdrP27QfBsVrouYpv3V1dRfvbmX/AL+y/wCt/wCmVcLD4k8b+FTJeXxj/svXtH+0+G/EMPmxxSyxS+V+9ii82WKXyvNi/deV+9itf3sX+toyXOsPjcQ5YnSMl7vp/wAFH3WV5E8ppa/xNJPpqfScn7Qt0PCGv/DfTv2YvhD4ft/Esn2bXtW0XQZppYrX/VS/ZopbvyopfK/1UsUv/PLyv+eteI2P7Ptj4sUaMfGNrZXA/d2ct5L5cX/LL/Wyf8svN82LyoovNl/1v/XWu703xJocOsXniPQ4Ln+z5bO6tvB93NefZvK826/dS3PlS/8ALK182LyvN/1v2X/W+VLFWhDoPgfTYrzxGYZY7z/Sr3w3LNqX/IL8q6/deVL/AMvcv+jS2v7r/n6/6ZVnmWFyxNy5eaPSx+28K8TZhCjyUJ8s+t3c8z0P4H+FfDnw4j8b2uk6tLq+qS3X2aHV4Io4/ssv2X7DdW0csX72SW6iuf8ArrayxRf8tfNrh/iX8L/jR4T8RSDxBZRl2Hy+Ta/6MP3ssX+q/wCWX72KWL/rr+6/5617Z4J0f7Zr2oeI/DkEslxYabLJDNafvJYpfKli/wDRUvm+V/0612nhXWfDlno1x/at9JHZxTWsc1pp3m/8essUsUsvm+bF5sv2r7NL/wAtYopfKl/df6qX5atVylwtTbU/M+5w3EPEcKvLpI8C+FX7PvxP+I7WHhKbxNbaTb3+sWGnfbdbm8q2sPN/1t1L/wA8ooov+2v72L/nrWp4k/4J9/FDwHeoviP4kWP2GWb/AIk1raebJc30XmyxebFFL/qv9V/y18r/AFsUv+qr6R034kX15dXniqy1W5juLrzZJpobOKP97Ldfb5Ypf+esX2qK2i/e/vf3v/TKKKuX+KmvaH4U0HR/GOu33mebD9p8mWb/AI/7WKKKKKL/AJ6/vfs0v/PL/WxV5VT6tTXNOR3QxPFOPxNl7i+/9TyH4ZfsUXk3jnSdY+JWrRaloaXkVzrtnFeXUtzf2EUvlS/6qLzYv9VLF/z1/dfuv+esX7eQ/EK30n4eWvh3wVHZW2l2um/ZtNtdFs/LtorWKL91FbeV/wAsvK/1UX/PKvxK074+fFu10u/8YeGLCN/CcWsS22mg/vJbXyovN8qOWL/Wy+VL/rZa+wfgJ/wUn+EmkfA/w7aeM9cubjXdK0K2e8aGcSxW0ufNi82WXMn7r91/5F82vCzer7aMVQ+yZ5lwtmmIqQqV2p+h9/fs0+LtL8K/HPU/hheW4tZPGPg6PXYrCEfuzdaZLDYX02f+mkVzpP8A4DS16xeQ/vfIgr8U/AX/AAUa+Juqf8FovgvcWV60Wj3XiqLwBd6TFdHy5bXU5vsEvm/89ZYpZYpf+utrFX7gXkPneZ5/leZ+6r9J4OVdZdD2n9an8+8e5e8tzbk8ivBKDHHxUd5/zwqSaEQxeQajm/7a19ofCKroU7yse8hg83/Tp47a3i/eXk0v/LKL/lrL/wB+q2NSzBF9um/1cUP76Wab/VV5J+0V8VNB0n4UeI5rGUtZ3XhjXY5tYUj7NFLFpcsso80/63y4opZP+eUXlf8AXKKr9j3PHzTFSwuDnOO5+TWm2nj/AOJHi3xR8TbD4c+JP+Kt8Yapr0039jy/8vV1LLF+9/65S10Fl4D8ded5994Vki/6+7yL/wBpS16pZzaVrFhHfWN7Fc28sP7mWGbzYqkh8Ki7l3WNhH5n/fuvPxWUcOx/e4mv+KP56xGfcQ4nHvkwmvo2efweFb68jkgvr6WOP/nlp3/x2uk8B+G9D8K2skFjYx2Pm/vJv+mv/XWuw034b+KrzzJ7GxtpY7X93NL/AGla+VF/2182uo0Dw34c04RnxL9ikki/5ZRQ+b/6Kr4PinibgrKstnQw9WPtH2d2ffcI5Vxbjs0p1KlBqH+GyOHh16+837D4c8Ha34kuJf3nlaHZ+ZF/21l/1UX/AG1lrF1f9mf47/Gnx1Yaz8X9G0zRPD+kw/8AEt8MRal9p/e/89bnyv8AWy/+iv8A0b69q37TPwr8GWElqn9rfY7X/XfZNBl8qKqej/tffs+eJL2Nbfx9Fbeb/wBBCzltv/IssVfzVWzP21adTDx0f2uv/AP63yLCYzBUffh73zI/B3gP/hVenyaT4d8HaT9nl/13nWfm+bXN69+z14H166vPFXg0y+H9Utf3k2nyw+ba3UX/ALSr2jQJ9K17S477Sr62ubeWH9zNDN+6rL8VeG5/s0nkeZ5csPlzVz5ZiVgcT9Ylqz7DCcSZnhp+zUj578banpVn4ot4LG+to7j7H/z28rzZf+eVSeFfGMF5+/8A9bH/AMtv+Wn/AH9rm/Hfw48L/D3xFb+Ib3UIo/7Umljs9Ql83/QJf+WUXm/8svN/5Zf9cqy/FXxCg+G/ifdrmlfZo7+GKTzYv9V5v+qr2cVmmIzCvCpGnoz6rA5zSrS/enqn7R3xE+F0EmqW+qfAvUtfu7qzii0391FHdebFFF+9uZJf3X/LS5/e/vfN82X/AKa113wI+MNzo/hDTvh5rF9pf2nVI5ZNO8Pw3fmyWtrLLLF/Z8f/AC1u4rX93a+b5X/PKt79rT4Af2xFJrmlGT+0LDzfO8mbzPtVeF/BTWfhTpfhGPwUNVl13S/Jltrv7XB5n2qK6/4+v9V+9i/65Vx46OGp4X2VWPMlL/t7/L/M+OwkHVpc8X8j0u9i+Blh4X1T9p34fyW3l6XY/bfM8PS/6FL5X/LXyv8Aj183/nrL/wAsoov9bXovwr+Nnwk+LVh/Yl94302XypvLvIftkUsvleb/AK3/AK5S/vfKl/6ZVyf7LXwa+Ef7P/hnURb6B/Zuh23lSalLdzSySy+VFFF5v73/AFteN/syeBfhzr37Q/ijx7458HX2iaprOr37eHLabUf+JbLFLdSy+bLbf8/P73/lr5sX/PLyv+WvoQy7LsZg+aNeV/sfzfcONSpCpLmOq/aN/YTbx14ajf4H+ORZ3Fr5sk9pok3+ixfvfNi/dRf6rypYv/3vlV8+/BD4jeOvAvjBZvFV9q2hzxXkWk+IrLUZJfN0uKWWKXzfKl/6a/8Af2KXyv8AlrXv37LXw+/bv0f9rTWPiJ8SNQsLn4TeVf6VoUGlaxpdzc+VFL5VtLc+V+9/56eb/wAtfNl/exV9HeMPgv8AsxfEfUo/FHi/4ReG9W1SL95Z3ctnFJdf8tf+Wv8Ay1/1ssv/AF1l82vTq5a8BRWHxD54yjdPqm+htgs7q0pNcvMn+Bmfs0+MvFt9faj8PviJqegSXXky6j4Vm0mb/j6sPNiil/dS/wDPKWW2/e/vf+Pr/plXqd558Msf7ivN/hL8Pv2e/glrEkHw58A21teSwy20OoSzS3tz9l/5axRXMsvm+V+6il8r/VV1njD4weDtB0uSfXdWisv337mW78ryv+utfOYqvg6VL2VOXwnlvDYjMMbzKG5sabo+q6x5k89xHHH/AMsf+mtY+veA9L8SWv2HVbH7THF/z1/561j/AA31PUdY+Lkd54X8Yy6l4dl0L7TqX+mfaYvtUvlfZfL/AO2UUv8A5Cr0zTdHz/x8f6uvx3izHY6eJhC+nke/Sw1PLzwv42fDzW9N+HOoTwT/APHh/pNnN/zy/wCmVfJev6lBNLH5995v/THyf9VX6cXnhvSdY0aSxvoI5Y5f9dXxD4r/AOCXv7RHiT4syWuhaxBZ+C5dSluZtZ/tKLzIrX/rl/z1/wDIVfS8NYqOKUaNR2cY/wBfMijjsPSlKUiH9l39lz/hfHjH/hMdWElt4f8AC/leddw/8vV1/rYoov8A0b/+9rU/aW8H2P8AY15ocEHmeVef8sa+hvgL8QPhjY/DLSfAXwOnsbrwnpHm2EOsreSySX91bS/ZbqWT/trH/rf/AGlXM/E/4d6XqV3cWOk30lzJLN5v+p/1v7r/APdf9/a/SsizCpOp9XqOUYwl8Mv63PIxLr4it7Sfu/yn5j/Hf4EQa6NQx4d/eRQ/af30Plf9sqz/ANi3/gpp+1f+wNdf8IvHPeeJ/BkV5++8J6jeebbRRf8ATtL/AK20/wC2X7r/AKZV9ufEj4MwRWkkE0EnmSzeZ/11l/8AasX/AMar5j+Kn7OmlTXUk9jY/u/+XP8Ac/62L/Pm1+g18fh6FHlceaBl9Xjjqfs6p+lH7HX/AAUm/Zn/AG6LOS2+F/iqTTfFFtZebqXgjX4/s+pxf89ZYov+XuL/AKaxV7Br0X2iLz6/AvxJ8APEfhXWv+Eq8N+ZbXml6lFJpuoWk0scsUv/AD1ili/1VfXn7KP/AAWY+I/hSwj8AftUwXPiSOKby4fFkMP+nRRf9PMX+qu/+uv+t/661+k8K8S5XOEKPNyH4fxrwNjaXPisP7393/LufoBrH+t8isO8H8TT1H8PfjN8MfjN4cj8VeAPFVjqVnL/AKma0m/5a/8APL/plL/0ylq5eQY/cQQ+bX6tRpYfEw5o7H884+vjMLW5JqzKfnX0UvnwTy/9sasf29rnm4n1WWqeP+mH60f8tazr5JRk/aInC5/iqf7ts6Czvb6aKPz/AN7W5o/26aWOxsf9ZL+7rm9Hm9a5v9qzxz4t+E/7POseKPCcEn9qXcP2LTbuL/lw8391Ldf9sv3v/bWvlc7xeFyPATrVJcqP0fhPD1uJM2o4VP4vw9Tm9N/aq8G/tAftB63+zX8OdVubnRvD+n3UniPxPp8nlx38sUsVrLa20v8ArfK82T/Wxf63955X7r97L3fi74O/DPXbdIta8CaVdCPzPJk/s6LzLTzf+eUv/LL/AK6xV+e3/BPnW9c+Fv7YXh3R4rP/AIl/idL7TNS4/wBV5sXm+b/39tov+2VfqNp2m2OpWEc/n/62Gv4k8R81zbG5hHE4es7PbXbVn9lTyTB8MxpYela3Kvn3v53Pizx7/wAEZv2GvH2rSajqHhfxfpMnky/8i94k/wCWv/b3FdVyXws/4Jm/tC/A/wAPap4H0H4ofDjxzo/2OWTR4fGOjXVldRXX/PL9z9q/0X/trFL/AK3/AFVfek2m+TL5E/8Aq6IdHgx55/1kteXlHipxDk9H2dSpz/4jy8Xk2CzCr7TlPxa0v/gl9/wWE8Q6nqnh/QfhWGt9UEst5aQ+KtGjtov3v+ti8268qKu51r/gkn/wWP1ex0Pw94k8LeGYrew0y1sppl8fWFt+6i83yvN+yS+bL5UX7r/lrX68Wd5qum/6if8A1tXP+Eqv5pcX09fp+XeLWYYvB+0qKPyv/meFUyieCrf7Ofm78KP+CTn/AAUr8DWNwPC3xe+EPhhZYfL8mNLrUZP+Wv8Ay1lsP+mtfOX7Vf7L/wDwUi/Yy0KS5+IfgCy13w3HN/yMvh+5lvbOKX/llLLF+6li/df6r7VF/wBMq/b+z18Tf8t/9bVj+2IIYpAZ/wB3LD5U0U0PmVjg+OsTXzFcsIzU+iX6rX77np08xxmBXNUqH812nftD/HxbP7DBDMbf/lt51pLL/wA8v/jUX/fqvRtF/Zm/a++PmjjxzofwL+JPiSzuJYvJl0Twhf3NtL5UXlRReZFF5VfunoXwO/Zm8Lazb+I/C37L/wALrLVLSb7TDqNr4DsLaWKX/nr5vlfuq6jxH4p8QancfbdZl+0gDjza/Toxq4ijCpJcv4mf/ESq+GXJSTk/Nn5Afs//ALFH/BQjx38P9b8CWf7KB0/SHhlt7z+29TsLG5i/7/XUXlS/va5vxJ/wRz/4KFaTcfadF/ZluZPKb9zND4q0byv/ACFdV+y/9pf2aPIsfKjj87zPJi/dxVcs9enmmj+3fvf+mNcVbCfVXKrGSs+n9M5V4p56tLL8T8Zv2QP+CV37cXwp/bk+Dnx3/aD+FjeGPB2jfGXwxJqWs3eq2En+k/2pa/ZrWO287zZfNuvKi83y/wB1X726D4k+2a9ceHL7ypfssMUkNp5P73/prL/6Krxf9qjUZZ/2YfEHj6zt/Nv/AARNpfjSzH/PWXQtQtdU8r/tr9h8r/trXr3xR0rQtF8aTaotla3UGqWPmRzrBFJ/7S/65V+kcFZlRx9N0/5T864ixuMzfEfWa0iHxh4r/s2W4gHhzUrmSKHzPJi8qWXyv+ev+trLm8SX/lSX8/2ayt/+WMs03meb/wB+v3X/AH6lrOsovAYd7ibw5HG73XmeVHP5cfm/89fLi8qL/wAhVyHjb4tWOgeIrzStMEv2vyvMx/aMVtFFFLL/AKVLLcyyxeV/11l/56+VF+9r9Io0VJXZ81G6KHxh+IOn6DZwXmpWTatqGnpJPFd6/Y7La1NsZIpNQlxFFHDFF5fmyzRebLL/AMetr5sksteS+OdE8U/tBeCviJ4me61WWzl+H+r+G9Hh1GH7NaxTXul3Vt9lii/1X2qWW9ilupf+WX7q183zYpazfiDc3GpaykFxqcep3Au7WT7b/ZnlWM0sX/HtLHY+V9qlltf9VFdX9zdeV+9liill/exX9Y8R6rpnw51CDz/sUdtoMsemwzTebLFF/wBNbn/Wy3Usv72WWX975sv/ACyo9hXq4WryGc6VOE06x+DH7JmofGvRda03U/hjr3iKyllm8yb+xb2WPzf9V/zy/wC2tfoX8Hvil8TbLTTcfFp/GOpW/vrEv/kWvZP2Yv2drf4KfDnw/wCDRZRR/wBqeG7DWoYvJ8r/AEW5i82L/wBG/wCf3Vd74j+FYltPPsvs0cn/ACx82aKv4d8ROOsXhs6ngJx5XF231Z+88K8KcP4vA069SMXzeSM3wX+1F8GvHmiR+AZ5rbwv5WpRSwxatNFH9q/deV/rf+usUv8A39ir03QfhX4UmtY/EelX0VzHdf6mW0m82KWvO9M/4J7aH8Qf+Jt431X7Dby/vJodP/1sv/bX/llXpHwj+GnhP4A2Mnw7sLyOz0yXUpbnTTMf3UXmxRfuvN/7Zeb/ANta+JrYfC5hQjWvZn0WKybLMFK+Ed32K+v/AArsbyKSx8iT/U18l/Gz9nvxV8Mb+41Wx0uS50uWbzPtcMP+q/66194alpsEMsZgvopY5f8AUyw1l6lptjqUX7+D/W/67/prWeGhWw0vdMsPiHSlaqfn98Df2idT/Z81jztVaSbwvfzeXeQ/8+v/AE1/6ZV9u2WsaT4k0C31XS76K5t7qHzIbuGb/WxV86ftmfsZ/wBm+E9Q+IHwr0vEcXmyaxokP/kWWL/41XAf8Eu/jlNr+jeIPghrOtYl0S6+06TDLN+9+yy/62L/ALZf+1a+nhhoYnATxNPeHxLyOfFYZVZ+0pnpX7Ufg/8AtjQdY0r7D9ps7/8AdzfufNr5/wD2e/iRY+VJ8JPipfRXNvFP/wASfUdQm/1UX/PKWWvtzxJ4Pg1K1kgn/wCWv/LavC/iF+yZ4O8VazJBquh+VeXX72aWL915v/XWuvK8/wAJRoexxEPdfwvszFYapM+rPG15PqeqXEF9Xg/jz4NeDoPGmqeMf+E//wCEO1CLR5Y9N1D7H/ot/wCb5X/HzLL+682L91/zy/8AIVfSk0OlaZF5GlX3/XaX/nrXF+NtH8D+JLXUPB3jFrLUrPVLPy7y0im/1vm/upYv+utFGtQeI5q3oZ4SVbktE+Wf2ZP+CgnwqutQk8EfGrXtJ0jxBa3n2L+0Jppf7I1SKL/prF/qvN/6a/uq9O+LPwH1TWY5PEfwl13yre/hlk068hm/exeb/wAtYpf/AGrXxZ8X/wBk+fwxrWoeAbvwtLcyWt59ms7v7HL5ssX/ACyl/wC2sVeM/D/4q/tA/s+OjfCj4o6lodp53mf2fFP5ttL/ANdbaX91/wCQq96fDdHMorEYSo6c4/d/XyZ7tLAut70Jn6e/so6N43/Zj+F8fwk1TTI7rQ7CaX+zfK/1tr5svmyxf9cv3ssv/bWvOv2k/BXxr8TeJbjWPg7quvyabqlvFb/2TFqUtt5Uv73zZYv3vlReb5sX/PL/AFXm14h8Jv8Agsx8TfDlolj8avhPpvia18n97d6Tdy6Tc/8AoqWL/wBFV6zpH/BbL9gqwtoz4o+GPxWsbnPmf6BpGmXsX/pfFXA8o42p4q+lReq/4DM6mGngVz8h9f8AwZs73Qfhzo9j4jvotS1yLTbWPXtb8nyvtV1FF/ra8A/aM+G/7QPxf+Lt5F4P8K3uo6fc6da22m+bNFHbxeV/9t/9G1gWf/Beb/gnDp9vtj8D/F26/wCeMSeD9Lj/APcpXL+I/wDg5e/Z78JTyQfC79krxZq+f+g9r1rpv/oqK6rlq8IcX46rzxpQXr/wDgoZxVwFSUow1l5H3t8AfgVpXwh+H1n4H0SC5lMSyyTTS+V+9lll82vTLPwTrl5F9ugsYhb+T5k0vnf6qvxU+Kf/AAc1ftneIYLrTfgt8I/AvgW3l/49b2Wwl1a+i/7ayy/Zf/Javl34z/t2ftjftjzpa/tC/H/xH4i0/HmRaM80VtpsX/XKxtfKtv8AyFW2D8HsZVq/WMyrRXpr/X3nlV8yxeMrH7RftRf8FjP2F/2aY5dE8MePk+KfjFV8uDQPh/eRXNrFL/086l/x6xf6r/ll5sv/AEyr4T/aP/aX/bK/bt0q41n4m+KJPCXhGWb/AIk/w08M3ksdt5X/AD1vrn/l6l/1X/xqKvBv2ZPgFq3jO8OoxWP2LT7WHzZp/J8v/tlX15pvgPVdN8L/AGHSoYpZIof9TX6/wz4cZXhKXPhaWv8ANLX7ui/M+MzXjLAZBmFOjP35bmr/AMEdfHurWmn618A9WhythN/amlw/9dZYvNi/7++VLX2nr3nm/knvrKOWTyf9b5P/ADyir8rNS+MOufs3/GPR/il4Injiv7W8+0zWkv8Aqpf+esUv/TKWL/0bX6v+A/iR4H/aP+FWn/E34Z6rHc6XqkPmfvf+WUv/AC1il/6axf8AtKvzLiPKsTlGa1Kk1o5f195+nzxWEzXA0sbR+GX4PscmZoNeluJ76D/j6m/8hfvf3X/o2uX8YfAfStYtZNVn822kuvK/4+4f3sssvmy/vZf9bLL5vlReV/zy/wCeVegQ+G59Om8iCeL91N++/wCuVU9N0H+x5fP+3ebcS+bH5sX/ADyli/8A3tY4LOaFpQrL3Th+rS+OnM+e/G37PdjFYSWHkfu5ZvLh86H/AJZfuv3teF/GD9jmGLVI77Q4ZYpP+e0UP/o2vuzUtBuNemvNVnvvLk/deTD5P+Zf+Wv/AD1ovPhvAT5H2H95F/y2/wCmv/LL97/36/79RVk8zwlOt7SnU5QqUKlWny1D8w9H/wCFqfs9+LP+Ew+Ffiq90TUP+W01p+8jv4v+nm2l/dSxfuv+Wv8A5Cr7Q/ZR/wCCpXwr+Kktv4A+O8+m+CfFEvlR2ct3ef8AEs1SX/plLL/qpf8AplL/ANspZa7j4kfsu+FPEkUkE+k/u5f9T5MNfKfxs/4Jj+OPFUsn/CH2Mfly/wDPWv0fIfFD+znTp1Kl4n4/xV4d5fm/POnDlqd/63P0gvNB87/UTxVnzaP5P7ivx7uP+Ci37an/AATw8WzfBfTPGuh+OtG0iGK2k0nxDDLexWH/AE6xXPm+bF5X/PKKXyoq+hPgn/wccfs1+JVj034+/BfxR4SvJfKimutJ8rVrH/rr/wAspYv+/Utfv2WcT4XMsNCopW5j8MzTw3z3Lpc8afP6f5H6Aed5MVV4fEmqQy6hpU99LJZ3Xlfuap/Aj4p/CD9rPwb/AMJ7+zr8UdE8UaXF/wAfkulXn721/wCmVzbf620l/wCusUVdpB8NZ7OKSe+MXmf8sa+O4/zHIquVzpYmV0d3BuT8Q4TNeeMJU5fceUaB8Hfh74V+ICeNdO8F6dH5f7y0l+yRebYS/wCql8uX/v7/AOiq9vh0HQ5rCMaVB9m8qH/l0mrk7zQZ4TmCCjR9e1zw0fsN9Y/6P/7Sr+Kc8rYKrjPYU3+7P64y2WLrYNSxM7z/AK7ljx5488K+A7W3vvGPji2spJf3cMN3/wAvUv8A0y8r/W1j+Cfipq3jySzn8AfDnUr7Q7+zluYfE13eRR23/TL91/x9eVL/AM9fKrw/9pz4JeOPG3x4s/Eel/2lc6f4j8q2/tGL/mDWsXlfuv8Apl/qvN8r/lrL5v8Ay1lir6Y0Gax0HS49K0qCK2t4ofLhhi/1VfRPg/hLC5VCtOpz1J/dE0qYvFU5WgXLwX1n5cH+jSyS/wCu/c/uoqrzRX0N1/x/SSf+Q6sf2xBL0uKkhvLHNeLPA4GnT9lSj7oqdbEzepcs4b395cf9cv8AXfvfNiouJp5pfIn8qK4/67fuqrzeKrHTbW4vp544reLzZZppv3UUX/PWvP8AR/2qPA+sa9eaVqs9tY6f5vl2eozTfupf+uv/ADy83/llXqZLSo4PH0uVcpwY3C161GelzuBeTwzceb/qa0J7zzrX9/8Au/8ArtWPNefvf+WX/fmrlneed/qP9ZX9DYeLlhVzn5i04YmxoTQ+da8wS+Z/12qvD/rY4IK5P4nfGbwB8H7Tz/HGuW0WoSw+ZZ6d5PmSyxf89f3X+qiqP4TfH34LfFSXS4PCvjLSP7Y1TTftv/CPS3kX26L/AJ6xeV/rf3VfF43iPD1sRUwkY/D9o9utk2K9lCr9k9o0fTbC80G40PVoI5I7qGWK8il/5axf88q579lxLnxp+zn/AMKd1vXftvij4QaxL4U1KWX/AFstrFFF9hll/wCmsuly2Mv/AF182tnTdY+x2sk+K8I+Kfxy0P8AY2/a80f9qHxRqtvofw68e6dF4W+LF7cy+XFpV1F/yCNZl/6ZRSyy2Ev/ADyiuov+eX7pcBcSLAcT/V5T92en+X+QsVgpfUrHr/iT4ceMoYpJ7HVY4vN/d+VLeeVXF/8ACh9d1LWbzxHq19FHcXU0snk2kPmy/wCt/wCesv8Ay18r91/qv+Wtanjv/gqX/wAEwbDSv7WuP+ChHwYa3/1n+h+PLW5l/wC/UXmy/wDkKvm341/8HDn/AATJ8CQzW+g/tL634kj875rP4f8Aw5upLof9vOq/ZYv+2sUVf1FSx8JI+U9lUps928beAvCvwx0v+3PEd9FZR3U3lwxeT5kt1L/zyii/1ssv/TKKvKblIPE2kXHxr+M+lW/gr4Q+Erz7Tq+qeOpvsVtf+VL/AK25/wCmX/Tr/rZZfKi8r/nl8QfG7/g6O06w1PUD+xb+xBpOnahc/wCjDxv8TNSOo311a/8APKWKLyvK/wCuX2mWKvgn42ftK/tcft9/ECz8XftOfFjVvFn2H/kEaXN/o2m6Z2/0a2i8qOI+8UVViOI8PgsM4U1eRxrKcwzPE/vPdgvvZ94eIP8Agqan7Sn7fl38YtK8DyR/D6wsotB8ODUDFb6lc6PF5sst/JHj91JLdSy3X/TLzYoq+sfg1+3f+wxdXUTX/jSTQdQLY83XNKuo44v+2nlfZv8AyLX5U/CvwTcWkX7+x82SL95/qa9I0fTZxdxzz2P+t/5ZRQ1/OHE/A+W8T5pPG1lafc/ZcjxP9n4KFCJ+znhj4geAfiLoX9s/DvxvpOt6eP8AmIaTqUVzF/39irD+IVn9s0u8gnn/ANb/AM8q/JvwT4kn8E38euaH9t03WPO/czWn7uX/AFv/AD1/z/qq+lPgX/wUH8c6DL/wivxUsbnW7OKH99dy/u7qL/tr/qpa+DzLw7xNGN8PLmX3H0+DxtFTuz6M0Hxh4j8Exf2V4jnludPim8uGab/llXoGm6lBqdrHfWM8Ukf/AD1hrh9B1Lwr8ZvBF5qvhXXI7mO/8qSH9z5UtrLF/qovK/5Zf62qfwll1TQde/sOeCSO3uv9dDN/yyl/z/6Kr85zTDZpkmLjSrL3JbHsuGBxtCU4fHE9U1mGDypLeavzl8MfCGx+Ff7bHj/xR4Csray0S21j7NND5PmSCWX975UX/PKKL/41/wA8q+9vid4wn8K+DdU1yxgi8yKHy4f+mtfLd7ZjR9LvNcvh5uoapN9pmm/56y1+0eFXCGL4hnUlP+E/dl5s8X61RwNKc6p7J4D+JFjrFpZwarPFHcS/u4fN/wBG82us17w3YzXXkXw83/ptXmegaCLy1/0g/u5f9dF5Ndpo8/8AZtr5+q3/AO7tYf33/PWr468LMx4bU6+HjzU/yOLB5/luNqezhP3jofjHp6+FILzX9F8ezQW9jpt1FLJ+68qX91F+98qX/nl+9rzr4H6jPNo1wNXvbW2j1TUopIZtWvJbm5upZf8AWy/vf+mXlRRRV7h438FeHPid4SuND1YyyyXXm/8AXWKWvF9O+HsHwy8Uf2b4juP+JhF+80fUPJ82K1l/5ZS+V/qpf+2tflOaYTF5bmHNP+G5f18z6vK6WFxGXypQ/iHpFnZ6VaWsdjYm2uZLqaW2hlu/3nm/vZf9bF5Xlf8ALKWXyv8AyFXy/wDGz/gj/ofjD4oXGleHPHFzpMmvabLqOjxfY/NsbCX/AJ9ZZf8AW+V/qv3v/LL/AKa19QaBrGt+HrO8ttV1T7TeX83mf2h9slufN/df8tf+utbF5qM9poOl332+WWS1h8v7XaQy+VFL5UX+q83/AJZV+vcMZ7luPj7Bx1totj5LN6Gb5HNVqL9ep+Gnxs/Z0+MPwb1vUND8ceAL20jtdSljm1DyfNi83/rr/qq8q1LRb4HBsZa/ejw58JbDw34o1Ce4sftNvrPmyXn2uH7T9vil/wBb5vm/+iq434+f8Emf2TP2hdLnvvAcI+F3ifyfMjh0q08zR72X/rl/yy/7ZS/9sq/Qa+R16GGhiKPvd11X+Z15dxzQxMfYYqHL/e3X/APw1/4RufypJ56x7zw3+9/5a19mftc/8E1v2jP2UZpB4y8K22raP/0MPh6b7TY/9/f+WX/bXyq+c4vCs8P2gX8HlSed/qZfKrzY4uvR+I9KvVwNan7SDvH+Y83/AOEPvpv3FvX0B+yL+zH4q+J2q+RYw+XHF/x+TS/8sq2PgP8As6eI/inrMdjpVjJFZ+d/xMtRlh/dRf8A23/plX3p8Kvhv4U+EHg2Pw54dsvLj/1s0s3+tupf+mtejl1OvmlbkfwH43xbxfg8rhOnh3zVP63Kfg/4Y6V8PdGt9D0qD93FD/qZf+WtSa9ps80slxpR/wCev72L95XYeTfzRf2V58nlyzf8ekP+q/55f+1asTeKvDmj6NJB5H9pXktn5c0s03mxS/8APL/v1X6BisW8ly6MKMb9D8Wy6hU4jzT22IlrHW/6Hx3+1d8Nz4k8OW+qHzftF1/qZYYf9VLXn37H/wDwUT+NH/BP3x9Ja6j4c/tvw1qk3/E40W7/AHcV/wD88pYpf+WUv+f+eXlfVt58N/8AhJPtk99byXNxdTeZNNNN/rZa83+IX7KWh6xH9h1XRPtMcv8Az1hr8rzZLFTaxdPmiz+gcgzaGAwyw1/cfQ/Rj9l79qT9lz9ubwjB4k+A3xCtv7Ui/eal4a1CbytTsf8ArpF/7Vi/dV3k3wN8Rw8QQfav3P8A39lr8QPGP7F1z4S1mPU/CL6jpF3bzeZaSWF5LFLF/wBcpa7j4fft9/8ABUz4CpLp3hz9pzxPe26/eXxFDFq3/pwillr8pzbgSONr+0wVflX8sl+vU+xo4n2q/dSP2T0f4G+ODLHP/YUUXlTf6rzq6jTvgBrVze/a9Qgi8yvxN8Q/8F3P+CsOlXP2G6+NsFr/ANNR4K0v/wBq2teV/FL/AIKOftr/AB+E9v8AFr9pHxRqVrcxfvtJtdSlsrGX/t2tfKi/8hV59Dw4xz/3itG3ludfscbV+Kx+4vx2+Pf7Jf7LZfTfiZ8RLG41mKH/AJFnSf8ATdRk/wC2cX+q/wC2nlRV8MftP/8ABRj4r/GzTrjwN8KfDcngPw5dRSxytFcebqt/F/01uYv3Vr/1yi/7+18e/BbxlDqt5b6LGkluk0UXkmX/AL9eVX1N8MPgn/aWlx655H+t83yfJ/5a/wCYvNq6WUYPJq6i48z8/wBD06WBwGFo89V80/P/ACPi/wAWfAf+2rqWG0glNeR+MP2e9Vs7v9xpcvmf9ca/WjR/2UdJ1LQZPI0n7NcS/wCumqvr/wCwroc1pJb3Bl/56TTS/wDPX975X/23/trX3uV5viqCThseBjPqVWeh+OPgjxZ8ZP2eviBZ/EP4V+NtW8Oa1pc3+h63pN5LbSxf/av+mVfpN+x7/wAHLXjXwulv4O/bs+GP/CT2sX7r/hL/AAhDFbalF/11sf3Vrdf9svsv/bWuT/aD/wCCe8+j2slxDY+XH53mfuq+H/Hfwxl0fVJNKuLf95FN/wA8a+snXy/PqHscXT/zPGllmHk+eB/QL8Df+Cnv/BN39o1LdPA37VXhvSb65hydL8amXRbnzf8Anl/pX7qX/tlLLXv83wxg8SaXHqvhXxVpt7byw/uZbSbzYpa/lH1HQLq0mELw4P8Azyq3oGufELwlfRX/AIL8X6vptwP+WunXctvL/wCQq+Hx3hPkmMbnQqOPrr/kaKnXpfBM/qJ1L4Y30PmQT+X/ANsqx5/hvxJi+ktv+uM1fzz+C/2xf+ChnhSGNvCv7WvxOtoIj+5hPjC/ki/79yS+VXpmgf8ABa7/AIKf+ALiKDU/jZFq8MXW31rwzYSH/wAhRRS/+Ra+Pxfg9iqjccLjYv1uvyudqxtajH95TP3A/wCEV8VaZL9nsdcjl/5Z/voa4ebwr+0lo11I1jfeG72P/p7vLqL/ANpV+Y/gz/g46/bA0+5jj8a/CLwFqsX/AC3MWn39pL/6Nl/9FV6l4X/4OT9LvRHB44/ZFmjJ+9Lp/i/zP/IUtrF/6NrzP+IX8YZbG8JKp/28v1sxU877Q/A9j+Jf7IH/AAUG+LOuXmq+NP2g9IvNPl1L7bB4etNeuraxtYv3UsUX2aK18qXyvLj/ANb5v/kWXzXaL+xv+1h4PkNxZ+KPCnmf6ubzdWlli/79fZf3tc/oX/Be79l3UbbztU+F/jSy/wCuMGmyf+39acX/AAWq/ZK1sZg07xfH/wBdtHtf/kqtcbguNaHKqlBadkn+TNaeZ+0i1Y+hvBOr/FrTdB/srxj4c0SKSKHy4f7P166ki/6a/wCti83/AD/rasazqXxw17/QvDnj/TfDkf8Az96do/2m6/8AJuWWL/yFXzFef8Fjf2VZYf8AQNC8ZS/9ctBtv/kqq/hL/gqbofxX8a2HgD4E/Avxn4i1i/8A9Tpv2O2tv+2vm+bL+6rCvU8SMVT0vCK9EcEcFlvN7Tljc9S1/wDZF1TU5NQvrj4ya3qWp3/7ya/8Q/6TLdS/9NZa9E/Yy/ZOm+GPi6T4z+Nb6K51ltPl0/QYbT/VWtrLLFLLL/11l8uP/v1/01rr/g98Pdc8S6Xb+OPip4c+xahL/qfD0032mK1/66y/8ta9Qh/7a15mUU8xoOpUxNS9R/18zXE1+aHs76Gx9snmi8iuI+OfwR8G/H74Z6/8HfiPo323QvEOkS6dqEQ/6axf63/rrF+6li/65V18M0Bi/f8AmxVTm1LyZc+f+7lreDqZfi1ik/3i1ieXye2ifzDfGr9hz42/AL40+IfgxrvheSS+0C9+zzSwL+6li/5ZS+Z/zyli/e1U0L9j/wCKmozf6bocttHX9IHx+/Zv+HP7RVhZ/wDCwNDtv7QsP+Qbq32OKSWL/pl/1y/6ZV89/FT9hWf4e3PkarBF5cX+pu7T/VS1/QfDvGX9rYNRqy5anb9Tx8RSo0f+XZ+S/gP9j+DTYo77VYJZf33+pmhr1Twr8H7HQZbfyIPM8rzf9b/21r6k8VfBODR9U+w2EHmVHoPwNv8AUeLK3iiji8399LD5tepWrVW+eTNaWLw/sjyvwf4J+2S29jY6V5cks37nyof3v7r/AD5VbmveD/CvhvzNDgvf9I8n/Vf9Mv8Apr/5C8qL/pr/ANNa9oHwl1fTbCT+w7+2juLryvtmoyw+XLLL/wCRfKiryfxV8PZ9H8SW+h2V/Fc3n/PKGbza1oY2i/daOvC03Wf7s4fWNNghv8aVb+Z++/cyzQ/vZf8AW/5/z+9uaxZ/2la+R9huRJ50X/LH97/1183/AL+/5/dVqXnww1zT7WO3v9K8v7V+7m87zZf/AGr+9/1ssv8A6NrU0fwqYRJq9vB5v76X7H++8rzZYpZZZf8Av1L/ANMv+Wv/AG1ro/cyR60KdWJ0Hwq+P/jL4Mapb6ppV9c+XazRedDdzf8AH1F/y1il/wCeX+f9bX3J4P1nwr8SPBmj/Fvwdfxy2d/D5kM3k/8ATX97FL/018391X57+JNBxpck0EEnmRf88v8Alr/8a/df+iq90/4J+/GC38K+Lbz4LX37vR/Efm3umw/8srW/ii/e/wDf2KL/AMlYv+etfE8W5PhcVhG3T5n+Xoa061ahU5oH0R8SJoNT0b+yhB5scs3mTRV43r3hv+0vElvYt+9t4v3k3/bL/P8A6Kr2jxVo/wDotwf+eX+pri4bOCa//wCuX7z99/yyr9S8JqmByzI/Zr47s+Xz/GYyq5U18MkXNNh8mKOjX5vI0bUNVnnjto7XTZZJppv+eVEOpW/m/wCgweZ/02l/+NVoTf6Zo15Y/YY5JLqzljhhh/d/9sq+g46zujLh+a5L30+9nyeU4WrDFRtI6D4J+ML7WIo9JvrjyryWH7TN/rf3VdJ8VPAdj4q0uQXEEUslr5slnNN/y1rm/g/5/lR65BpVtbR/6uH/AJaS+VF/n/yLXoHiS8gs9Gk+0Qfu/scv7mKH/W1/JODi81yeX1jfX8D99lUWCzOEqJ836loXiPwrF9vg1y+ij8nzPKhm/wBV+98qLza9L+GvjpJ77VPC+v6f/aUksP8AaNnFqJ8zyov8/va0fEuj+HfGOg6ffznUrmPyf9dDDF/pUUv7qX/v1LVfQfBNvoPim31O4gk8u1s/s013LN/x9Wv/ACy/7a/6qvAoZLm8K9OeXR5pP8z6PHZrlVXByWKO8s/Df9vaDJPpXmS+V+8h/wCesVR+D5p5rqOxMH7v/prVf4b6ve6br3n6VBLFHLD5fk3f+tii/wDjv7qKuD+MP7dX7K/wN8ef8K5/tTUvFvjC6m/0PwR4D02XVtTll/55eVF+6i/65Sy/+0q/qnhmpjqeSQjmXu1FufhObRwrxkpYXWmfQFl8MPB3iS1k0rXLGO5t7qHy5oZYf+WX/PKvmP48f8Ef/wBiCz1STxV4U8LWWm3kt55k2k/8sv8AW/8ALL/lrF/2y/df9Mq7zSPjN8Y/G2j3E/jHwR/wgscsMX2PSf7YivdT/wC3mWL/AEW0/wCWX7r97/y1/wBVWeLyC0l/0Gxijj87zKwqYOWZYnWnywX2ur9F/mfC8RcbvKsJ9WwrUpdeqX/B9Dy/Qf2Uf+EV0uPSfBs/haxs7WHy4bSG8l/dRf8AgLVj/hm/4gXkskE+ueH7aPyf+Wt5L/8AGq9E/tLVZ+P3Xl1H5N/D/wAsK74To5d7lL9D8VnjMVjazr1F+Zw//DPeq/vPP8caJHJ/29f/ABqqf/DK/iOaWOCx8VeG5f8At8uo/wD2lXoHm+dcZnrU0Gzn1LVLfSoP9ZLN5f76avneIM2xCwzqc/w+h9Tw7mM6eMVKEF7/AKnF6Z+zT4qs/wDQb6bTT5X/AF1/+NUeNvgPfWfg241y3/eyWHmyfuq+lNZ8H/Y9Lt7j7d5sn+rmmrwP9q7xf4H8N/2H4I1XxjH/AGpdXn2n+yfO/wCWX+qillr8Mx3HOc0583Ipo/fssyWliJ09z5P8VXGkzS/Z/Iiljl/d1z/gP4V6V8SPGX9h/YIv+/P/ACyr3C8+Ceh+KopL2xnjtpP+mM1Z/hr4Y+Kvhv4tj1zQ/L+0RXkUnm3cP7qWL/lrF/21/wBVXs5VxVhs0wk0/cqHvVMHVwcv3Zy/j3/gnh4H+I/hyT7DYx+Z5P7nyq+T/iZ/wTq8ceCb+QWWlXtzH/yx8qv1kGpaVceErfxxoc32nS7qby5vN/1thL/zylri/FVnpWsRdYpfN/13k158cwzG7dOdvU9rC5hXoWUveiflf4D+G2t+CtZt9sEltJFD5fnY8v8A66/+06/Rz9jPR5vGHw5/tXVYI/MsJvs00vk/8ta5/wCIfwY8OeJLb9/B+8/561c/Zj03SvgzYeIPDmuTy239s6xa3tndww/6ryopYvK/8i15NfNKk63tK8feie5iJ4bH4b3PiPoCLTdKh/0DyIv+2P8AyyrUm0eCWWOCeCKT/tjXJ+FfEljr1/HBY6rbXMkv+p+yTf62uws7yCY+ePM8z/nr/wA8q+ryvMsPilY+Rx2Dq0PhOb8efDfQ/EnhLUINV0rzY4ofM/65V+R/7dXwBn8B/GnVNJgt/wDR4vKk/wCusUsXmxS1+0H2yCawk/cfu5f+WX7r91XyH/wUy/Z1n174Xx/GLQ7GWS48OTeXqX/PW6sJZf8AW/8AbKX/ANKv+mVe9hMyp0MZyy+Ezw0pTp8h+T+pfDH919unFe2/8E8f+CdyftWfEC81fxTbXNt4P8PTf8Ti7h/5epf+WVrFL/5Fl/55Rf8AXWKWrdn4CE1hHBn/APe/8tZa/TT/AIJ16N4H0f8AZf8AD9j4O8rzIvNj1j9z+9+3/wDL1/5Fi/79eVXpZzm1TA5e50/tGHtK0q1jn5v2A/2bLPQf7DsfhzZRW8UPl/uof3v/AH9r5T/bf/4Jd+DtA8L3Hj/4cfaf3X/IStP+eX/TWv08vDB5Ufn/APLX/pj/AKquP+JGg6Vr3hyTQ5/s0sl//wAsZv8AnlX5LheIMXhcVOqqh61OcmownqfgXrHwBvtNmkg/e/8AXGaubvPhvPZy+RcQS1+mHxU/Z68N2eoXGlT6V5ckV59mrySy/Yn+LPxa8U3Hh34S/Dm91sWE3lzXcMP7qKX/AKayy/uq+4wPGqnSTqSJrYajTPjabwfPDFu/eV0HhrQfJi/0iD/plX1bN/wSz/ai1/Xo/Ceh+EtNhurW8+zXk0+rxR21h/11l/e/+QvNr7P/AGY/+CTvwB+D9rb658RoP+E78QRQ/vv7Rh8vTIpf+mVt/wAtf+2td+J4gwzwvtG7nkurCNQ+I/2Sv2OPHHxsuv8Aim/Dkv2OKb/TNWm/49Yv+2tfqh+yv+y78K/2afBH2HwrpUcuqX//ACGNWls/9Kuv+mX/AEyi/wCmVdZ4b8N+HfB+mR6V4V8OWNjZxf6m0tLOKOL/AL9VYN5fwy5gg/0f/Wf6797FXyWaZ9VxlJU17sf63FTpmpDez/8AHxirnkeTdc/6sf8ALKaGsuGb/lhP/rIqsTalDFFJ/wBMv3tfIunOMr1Nh83M7EesaxY6DFH/AGnrkVtHLN9mh86b/lrVizh/dRmA+bH5P+uiri55oPiT4n1Dw5rnhyOXS7CGLyfOh/1V1/z1rsLMQWcUcHkS+XF/qailhamOq8y+GJtWcaFHlNDzvJirD+IWnT+NvtGh6rPL9nihi8n/AKZS/wCqrUmvPJtf34rk7P4teD/EmvXHhzQ9Viufss3lzSxQ/upZYv8AW/vf+mVe7ioVcFTp16fu8tjkpUvrMeQ4PWPgx4bMuZ9K8z/pt5P72uX17wHBoP8Ap3n+XHF/y2l/deVXvEVnY3lr/wA9ZK+U/wDgob8R9d8N6j4T+CXhqD954tN/JrHk/wCt+yxeVF5X/bWW5/8AIX/TWvdyjiXG42fs2efPKovEwhF2vuY+j+KrH4qePNQ0PwOLa50+XTZbKG7mh/5ev+Wsv+f+eX/TWu0m/Zj0rwfYWc8999p1C1hi/wCJh5P73zasfsr/ALNOrfBnw5/bnxGH/FUX/wC8mtP+fC18r/j1/wCuv/LWX/7VXWfFrx54c+Evg7WPHHilZP7P0HR5dR1LyYYv3VrFF5v/ALSlr7HC0cXyc7+J/wBI9ut7DDTVKg9F1792eT6x8DLHxDrMYn83/lrJD/0yiqv48+AMH2qTVfDgto44of30UsP/ACy/zLXmt7/wUW1a/wDC1h410T4LW8Nne6ba3v2S71b7NLFbS/6qXzfKlil/deVL/wAsov8AprV/V/2+vhFa+E9H03T/ABRcpeaxaWuo6lay2cskthFdWv8Aqv3Xmxeb+9/5616FKpjaVTlZs1OmrtmF4qt7iz8yxnsfK/5Z/wCu8397F/mX/PlVwd7PrngLVLPxx4OvpPMivIrmzm/55XX7r/tl/wDuq7T4h+JPC15f/wBqz332H/Q/Mmhlh8qWL91+68397/rf9VWfeabBr2i5v4JfLupv9V53+t83/wCO17NWl7bBtVYi9rTcj7Qh8SaH4q8B6X44sf3tnf6bFewxed/yyliil/8ARVc/psMHnST3E/mxxeb9j/8AaVU/hvpt9ZfBHQ7Gyt/Kt4rPy4fK/wCeX/LL/wAheVVOHxJ5Pg288cQarZalJYf67RPO8qWKL/lr+9/5618hkXFOHyDEVIupzR/HQ8XF4LG5k/Z0af8A28dBDZ2+sWsgnuPs1xF/qbvyfN8qWtzw34lsdAtf7V1WwiubyKGX99af6qX/AKa1yem+PNKg8OWfjG//AOJJb39nFc2cWo/vbmX/ALZRf9NZYoqw9Y+M3w51jQNQ8jx/5n+mfZvtcWmy/wCt/df6391/yy/561yVeL55lmM4uX7uX3XO7D8N46nQ96n76PozwdD52l/vbGPy4v8AnlD+682o/HupWNlpf2G/nto/tX7uGGaGtiD+ytH0uOCCCWOP/lj51eL/ABa8VHXvH1v4c0qb95azS2UN3F5v7qWX/W/+Qq+OzvFUcpy6VH7cv1Prsmw1TGV+ef2T0zwrNYw2FvpUEEdtcRQyyQyw2flebay/88v3VWNZmgmhjz5n73/lrNWHaeFNc0fxbZ6rYz/Zo/7H8uaH7H/y1/z/AMta2Jh+5uPt1v8AvIpvL/fQ/wDbXzf/ACLX2vhDVqYmcvbL4bWPjfEWUqFNOlM8T+PHwBuPjN4js/7V+Kmr2XhvyYo7zQ7TUpYov+mv7qL/AFv/AG1rrPhX8JPgr8B9Mk0j4LfDnTdAjuofLvJtO02KO6uov+msv+tl/wC2sstbl9eQwmPz/wB3H/q/+uVR/wBm48yCf/llX7PmVTD4avz1dW+729Efh+JzXNcwpKitIx/lVr3723JBqW4/uYPK/wCuNHkwXnmT/aJYo6k/seGytev7yWo5v3MWK8yWdUqtG+H1PncRlVSnK9aAQ+RD/r4Kjmm/z5NSeb50Pkf62o/tsFlDJB+9/e/9Nq8ipXqTfPUiYSwVCPu/DEjF5BFF5H2f94auaDeT2d1JqsH+siqvD5F5+4uB+8/56/8ATKtCaGxs4Y/I8vy/J/1sVfmXGeaezo/V6fxS/I+44H4fjicwWIf8OP5noHhX4tWPiPw5Jod/BbW159s/1vnV+e//AAUv8NfEH4dftVa58ZL5by48J+LfsMem6jL5skVrLFa/ZZbD/pl/qpZYv+mUv/XWvqwmCz1iTyIPL8r/AJbRVsXsNj4q0CTQvEljY6lp91D5d5aXcPmxS/8ATKWKvgMoqU5U50KkT96wVaOX4r2nL7h8f/s6/tRWM+oW+h+I9Vilkl/dwyzTf62vqiGaxvLD7RiLy5f+WtfM37R//BMUXnh+41/9nXXJ9I1CKb7RDo0955sX/XKK5l/9q+b/ANsqx/2Jfi18b/C8t58Bv2ldKmtde0v95psurf6NLf2v+q/deb/rfK/dfvYq0xPD08PhJ4vDS26HtVMRgcZL2kX8j6Z1KygvLS4sp4JI7e6/10UM1ZfhvwTfaD4jjsb7/SbO6/dwy10mj/YNS0v7dBPHJH/z286tTR57Gz6+b5dfI4LOMwwmMSq/DImthqU6NkdJD+z54cmtY/t19c+ZLD5leN/GDxV8Hfg/r1x4O13xzpsusf8ALHSftkUt1L/2yr3CHx5fQ2tvB5Mflxfu/wDXeZXH+KvgZ8FvHms6h4q/4Vl4fudQ1S8+06xLLpsXm3Usv/LXzf8AW1+o4Kjlma0tdz5mp9cwla/P7h85+G/23tK8EXcl9P8ABXxJbW8U3mfa9Jmtbn7V/wBNfKlli8r/AL+16b8Pv2/P2Zfipqf9mT+OLbw/qn/Pp4ms5dN/8iy/uvN/6Zeb5tX/ABV+x98P7y1k/wCEU1WW2/c+b5N3XhfxZ/YE1u7+0arpehfarj/nlF5Unm+V5vmxf+iq7auEWAp3hT0/uno0q+DxENZvm8z7g0f7DeRefBfRSRyw/wDLGaqeveELG90+TQ54I7nT7+Hy5rS7/exSxS1+WVn4P/aE/ZU1uOX4a+MfFvhfyp8zaJNdS/Zpf+mv2aX91L/118qvV/gr/wAFjvin4B1K30r9pT4Wx61o/nfZrzVvCC/6da/9NZbaX91L/wBspYv+uVU8P9ao3pfH56HHLCYuP7ylselfEj/glp50Mk/wR1W5tv8AW+dpOrXn2mL/ALZS/wCt/wDRtef/ALNHwG/bf/Zv/av0+DUPhZ4gl8H695tt4qltP9Jtf9V+6l/df88pfKr9FPg/8Sfhp8Zfhzo/xT+Futxaloeu2f2mzu4v8/62KX91LF/z1rcmm/e/uK8Svn2Mw1CeFxHLL13OCdOu63OzxvWNN+MepaN/xTfw5lk1Dzv+YhefZovK/wCev72ub8E/sl/GnWNZ1DxV8W/ipZW1xfzeZDp2k+bcxWsX/PL975VfRn7+aiaGfrXyEpRiryhc9CFerPSB5XefspfB3UtZt9c8VaHJrd5azeZD/aN5L5Xm/wDXKL91XaabpsHhuwj0rQ9KtrGztf8AU2lpD5UUVdBDpn+s+asvWPs+mQ/6+OuHFU3Gj7YdKpVnVszyT9qvxL4/+GPwm1z4l/CX+yba80vzb3WNPv8ATvM+3Rf89opIpf3Uv/f2uM/ZM/bR8O/HKGPw74pt7bRPEfk/uLSKb91df89fK/8AjVejfEKbSvG2jXng6+/0mzuofs15F/0yl/1tfnj45+FHiT4UeLLHQLHVZLa/stYlj0fVopv+WsX+q8z91XpZT7TFYLnj31OynhsJV5oT+M/TbUof9F8jz/3f+srPivJ5os/upfKr53+A/wC2Brc2lx+E/iofLuIvK+x6tLD+6li/55S//Hf9V/7V+iNN8jWIoxBfR+XL/qZvOr06tCs4R00PKqQ+rTtIueTj5fP8qq8wgvLqOeD/AFkU37n9z/qqr69r1jpthJP+9l/6Y14nq/x98VeEfHkk/iiW2udDutStbez8mH97F5svlReV/wBtZaj2SdSHP8JWHw1StTnNHvFnN5P7+Dza1P8All++glrL02Gxm/cC+/eUeMPEkHhvTLi+P72SKz82GLzv9bX1OEw1H2TdLoeLVr+ylaocf+0J8ToPAXhKQaVfR/2pfw/ZtNii/wCWX/TX/P8Ay1ryv9nvw3/ZsXnwW8sUf/LGo/Hngnxj4k1SPxjrk/mW8s3+u8n/AFX/AEy/65f62rnjDx5Y/B/wHeeKh/q7CHzPJr844jz2tjMfDBU9EfV5bhEqF4/FI9s0fU/Ol/cX0csnk/6mub8bfDfwd4q8b6H491zw5bXOseF5pZNH1GX/AJdZZfK83zf+ev8AqvN/661+UXxd/bU/a88T+Przxzp3xS1nSJIf3lnpGnTf6NbRRf8ALKSL/VS/8tfNl/8AaVfo9+yf8WvGvxh/Zx8L+KvGdvH/AG3f6b/pc1rD+6llil8rzYv+uvleb/21r7XDZHXyzD066qXl5GtfK6uHftKg/wCKnxU1Xwf4o/4SO/n/ANDuvKtpv337rzf+uv8A01rqPO0rx54Sk0qeCK+s7/TZfOil/e+bFLF/zyrl/G3giDxva2diL7TZbeXWLX+0oruHzfNsJZf3v/o2ug+D/jDwP4q0uP8A4R24vftmlzS2U2n6jNF9utfsv7r97/z1/wDRv/PX97X12U5hiJUm6nVs4MbQoypRdPeJ8UftM/8ABPTxN4X8BaZ4S+C+navf3TannQtFtYZfsOmWvmxS/Zf3X/XW5l83/v15UVdf8Gf+Cafj/wCGHgO48f8AjH+yf+FkX/mx6PpOoXn2nTNBi/1X2qXyv+PuX/W+VF/qv+mv/PL7MvPGH9mmSDEdzJ50v/f2qc+pf2x/r5/Nr1HmFWNS6keT+/lLmZ8d6P8AsZ654DluL7xFfXOrXksP/IRimll+1f8AXWLyvKi/5a/6qvP9N07xH4k8UWfw48OaVFFJLefYoZZrP/Vf9Nf+/X/oqv0Is/EdjDF9hhgllk/5beTDXD+NfB9hL441DxVodh9m1O/s/wCzrPUJYf3Vrdf8tZf+/Xlf9/Za87O+N/qOXVKc1770j6nVl9CWIxPJEk0ebXPCujWcEN7Y/wBh2EMVl/Z3/L1L5UX/AJCry/xJ4J+GnivxLb2Nx/xINU1Sby4bu0vPL8391/rZf+WUv/bWtDQdS8VQxahod8dJttQtZvtsM13eS/6fa/8APWL/AJ5f62Ks/T/EXh3xboUi2OrfaZLDUpbbTbT/AFX2X975X+q/66/8ta/Ao1MyniXXlP8Apn6flmCo4Olqed/EfwH8Tfh7rWn6Pp/ir+39LsIvLs7q7837R9l/1UUUv/LKX91F/wA8opa5v4iaN49+G914R1Xwp4hsItIurOK51XRNV/eSfvZf9VH/AMtZYvK/9Ff9da+gPEngO/17wveeFtLt7Hy9Uh8u8/fS+b+6/wA/+iqyB8FPC2jeH7zStVsb6LU9U/eQ63D/ANMv+WXm/wDtL/prX1GDzOtGV2j1IVqMnE+g/id8QrfR4v7K0rVbaOTVIYo9N+1zeVF5stYfw98H/wBj6DJ/p1tJJdWcsn9n+TLL9q/5a/8Af2vN/wDhGb74j+NJL/xxdS6vo+jTReSIv3Xmy+bL+6/5Zf6qLy69khstcmlkgsbDTbm3lmijs7TVv9V5X72WX/ll/wAtZfKry8xzGedYrnPHVKlltDkhI6DQJvOtY9Vnt/L83/U+VZ+XFVia3sby1+3wGPy7qHzIZv8AllRpsN9qXhe3gnsPs0nk/vooZvM8r/rlL/zyrPmm/wCWH/Tb/v1/n91X9C+FFGVLC832T8X47qKZT+x+ddeeP+mUn/tXzauTeRN+5NvFL/0286sufyPtUk8//PbzP9T/AKqpLPUoP+XeeL/tlX6pnmHy/E2dT41t8z8lyxYunUmlszYs7S4mlkn/AOeX7uuf1LR/7MHn+RL+9/eTTS1sfuJ4v38Hm1X1Kz84+RYTxRfvv9VN+9il/e1+VVsDjcBjuenU9ztbQ+hxEY4qjZox72zvrKX7PPB+886q/neb3rUsdNgvLX+1f7Ktv7Pl82582GaWXzf3tr5v/tL/AL9VTmsvtnl21jN/yxijr0JYyo8NOpKSaXVHyePytTrRVLmUuzDR/Ilv7zA/0iKz/cw/6z/W1cms5xpccMH/AH5mrw/4JfHaDWP2ivEngm+nSK3l/eaFL/z18r91L/8AHf8Av7Xvk0w8qO3n/e+b+8r8Cz3Ma+KzGUn/AEj914cyR5RldOE/ievzZzesQT+bm+sfL/6bf/bf+/tFnqM9ldfv/wDv7XUXmm2PT/VSf89a4/4nePPDnw90G88R3E/2n7LD9pm0nT5opLqX/nrL5UstefTdWnU56Z9PQTxD9mbmm69PCPIH2mP/AD/9qqv4v8N+FfHljHb63odtex+d5kMs0Pm+VL/z1rzOy/ab8HQ2n2vWtH/s2OXTftvm3X+qi/55RS/88pfK/e1u2Pxn+GGqa1b6UPHmnR3V/wCbcaQn2zyvtVrFLL+9/wC/v2mvosDm9SNBqqrF1smxFOd6ZEfBOt+A7W4g8G3H2mOWbzLO01H/AJZf9MvNroPBOsT6lfyaHqulS22oeTLJDDdw+V5v/XL/AJ61oeD9esvEml/2rpN9Jc2f/Lnd/wDPXyv3UtdBpt4PsvkwQy/Z/wDnjUYjCZfmHs60dDmqYnF4f93Iy9Hs7680u48++/eSzeZDL/rPKlrc0iysdN0vB/4+Jf3k377zf3tU7P8A4RXTZZLGGexik8n/AFMNXNNu9DvJftFjB5cn/TH91XuYWrl+FnCMPiOHEPFSjeXwkc0xh/cCern7iGL/AFHm/wDTaqZ02D7VHOL6SP7L/qasTGCG0jt4IIvLih/c+V/yyr6zCVKk1oeLKrTU/eKevaP4O8SWMmh+MdDttSt/+W1pd2fmxV81/tIf8E3/AAdqWl3HiP4LTy2WoRfvP7Jmm822l/6ZRV9IGfVf9I8iC2/dTeXD5Pm/vYv/AN7XP6vN4p17QNY0Pw5qv9m6pLZyx6bd/wDPK6rys+zShl9L3kexl88Q37lT3fwNT9jv4dXfwK/Z08N/DN4o0ktYbq5mih/5ZS3V1LdS/wDo2vSLPxJ+9/f14P8AAD42fFjXfDMek/GXwV/ZOsRWfmQ3dpB/o11F/wA9f+mUsX/22vUNHngmm8/z/Nj/AOmNfkWbZhXq4r2sfePVWETXNM9Es7y38qvP/jx+1T8HfgDp/wBv+Ivj/TbG4uv3mm6JDNFLfX/73yv3UX/bX/W/6qqevfGbw5Z3V54V0OeW+1SKHy5pYofNisJfK/5a/wDo3yq+EP2rv2T/AIv678Ydf/aBsL6TxJPf/Zf9Eurv/j1tY4vKiij/AOuX/bKvqMow9PGKDxacY+m/zPmsxzGGEp1PYfGek63/AMFbPjh4uuJJvgf+zZZabZ7v3J8Ya7LLfS/9u1pF5UX/AH9lqx8Nv26f2sfiprUen3/w70a5uIv+PzSdJ0aXyvK83/W+ZL5teI/ssfEi18N+PLfVvjhYaJqWl+TL/wAS+0hll/5axfZfN/56/uvNilr7Q039sb4L69F9hg1W2so/+uMsUX/oqvsM54cwGLw0YYdcsT57hfjmjD2n1xxcr2LngTwrrmg2EmreI7iL+0L/APezQw/6qKvG/wBtjwfoc3gjT9UnsY/7UuvGFrHZzf8ATLypfNr2DxJ+0N8CNG0e41O3+IOmavJFD5kOn6JN9tvrr/plFbRebLLLXz74x+IviL49+LtP8XeI/C19oGj6D5snhvw9qEPlXMssv+tv7mL/AJZfuv8AVRf8sv3v/LWX91lk+Aw2X0fq7hp+Z70M1jja7r0n9xyug6Cfssfn/wDLL93XUfA3x78VPhv4y/sMXEUnhu682ObTpv3kVhL/AK3zYv8Anl/1y/1X72uo0fwfocOlRwX0Ev2iX95/rvL8quP+IPxI+HPg/VdU0qDVr25uNGs/tN5FFD5kX/XL/wC1V9xisLlE8CoVlyIzoYqWJxnJ8Uj2DR/jxceMPHlx8M/t1lc+V/pHlQ+V5sUXlfvfN/7+xVY1jQbG8i/sq+Pmx+d/zxrw/wDYusYIbrWPH1/byxfb/Kjs/O/e/wDXWX/tr5tesfEL4h6V4V8Oahrn26Py7WHzK/KasKbxcqVH3483un0uOrU8BlzlLTlNDwR8cviaPiNJ4H8Rz6Jc/wChy3MM2nebHLLFF5X72X/nl/rf9V5tdZqWo32pS+fPPLLXzn+zT4wn8VfGSPVdVn8uS/hltv8Av7F5v/tKKvpQ2cEP/LfzK/a+DsowcsBJzp+91P51zfiDFYnGS9nU93oXIbODWPBtxof/AC0l/wBT/wBda8E/aK1jSZ/CcnhvxFqkemyRXcX7q7m8vypfNr3eGYQ/6j/V1i/EP4Y/Cz42R29l8VfAunapHY/8ec0kX72L/trXw/F3hY8Zmccxw2ij9lH6Dwrx5SwkadGuz8zfFngaLxfL/YPwf0G31bULqb7Np2f3kUv/AD1lllll8qGL/W/vf/ItfcHwW+HHjD4cfBPRPB/iKW+udL0bTYrbUrn97HFf3Uv73/yLL5stdZ8Pv2b/AIZfB7UJL7w5BfX3/PnFq00Uv2X/AL9RRV3mseMNc16wt9K1W+/4l9rN5kNpaWcUUUX/AE1/1Vd2D4ezmphPZRp6/wB5nvZz4g5fz80qnunP/DHQf7Nik1zXP3uqXX7yb/nlF/n/AJa1qXnw90LXtQs9Vv7Ly/st59phhh/d/vfN83/0bFUdnrFjpv8AqIPN/wCutalnqX9py/8AH95ccX/TGX/41Xo/UKOWYWMMZaPL+Z4NDiuhjqnNQcvkXJ9BsZ5ftE8HmSf6yvC7z4P/AB38VftBXmu+P/H0mm+B9L1KK58K2nhiaW2luv8Aplc/vf3v/TXzf9bXvk3/AAjVvF599q2pSeV/qYof3cVV4ZtC/efboLm5s5f+WOozf+ivKr5HMuLMjwfuxi+b00PqMB9drf4ZGHrGsQ6DF5Ggn7NHF5snnf8ATX/lrLXnfxN+JtjoWk3F3rfjDTYtU+x/bdNtJrS6kuZZf+eXlRRf+ja9I16fwdpthJOb77FJL/qfJ/ef8sv+mtfNfxn8HTeMfF8nxUn8QXN9i0isvK+x/wDLrF/qrr/W/wDTT/0VX4xicfPM8xqVcRUvD7J+k5DltKOvwm54OiS/8YW/jO+tZfPvbWW1S5tJv+XWX/llL/118uOWtTR/CviPwrfyeffWWpWeqTSyQ3f2Pzf3X/TX/P8Ay1irm/BPxU0Pwr4Ok8OeMdJuYpPscttD5Om+Z5X+q8rypfN/7a+bWho/i/xd4b1D+z9Egjk0uKa1tvtd3D5kVr/qpfNiii/6ZRS/6r/nlW1NuKXMfTrDVpzsjc1jxBb6aZL/AMK6rpMvlfvJobTWP3v/ADy/1X/PKrkPiSxmsPPsZotSjuvN/wBTD/rZf3UX/LL/AFUtc34Jh0Px54gj8NT2F7psfkxR6baSzRf6VLF5vlf8svNi/eyy/wDf397XaWepQaDYyeF9Vg8u4uvKvZrS7mii83915X72L/Vf6qKuqMY1anuTM6kPY+7OPvHWf8I3PpuvW+hT2Mtt5s3mQzQ/6r/rrF/z1rrNN1Oezlk/0658v/nj+6/dfvarw+JL7WPDf+nWMUt55Mv/AB6Tf8vX/PLzf+/VHgOzvteh+3z2P2aSKb/U+dXK5U8PKNKn8V7+nQ+Zq4n2tH2lQ0NSvIJ4vPnsZPLi/d+TD/6KqvDqV9LYW89xodzpskv/AC6Xf+ti/wC/X7qX/tlXiP8AwU48ca18PP2WvEF14U8Q3um3mqalpenf2hok3+k2thLL5t9LF/018qLyv+2ssteQ/sH+G/i58P8AQtL+Knjn43XsXhS/hl1H/hHrSb7Ta3VhF5v72WSXzf8ASpf+/sX/AD1/1tftfCuerh/KfrFSouXm+Hrc+LzHhnF8QrmpdD7I8n7Zdf8ATP8A5bRVHZab/Zo/5a3Mnk+XN5037qX/ALZV438PP2tvD2oab4d1DxfqltFdeI761tvslp5v7rzf3X/PX/nrLXsl59o0268ieCSKSv0LA57gOI17aGk1pqfnOfcPZpwlpWVubzLH9pXHmxwZ8yT/AJbed+9qObWILISXA/e2/k/6n/lr/qqjms5/+WE//wBtpn7/AP1+Zf8AvzXVisPhpQXPJ6eh8vhcwqxvzR5uYt6Zr1jNF59ib6282by/9L02W2ill/66yxUfYoLOWO+H7rypv33/AFyrP1OHVZ4ZP7Lg/dxQ/vvOhqMa/PNo1vqurfurj/l8/wCeX/bKvzTN8XSqTnhqXNB+lk/0PuMowftoqtNL77nyH8X/AIP+I/A+vx6npZlinsJpbnTdWtJq9t+Bf7Slj4/0O30rxTd21lrlr/rraWb/AFv/AE1irv5vDdj4likg1WCK5t/9Z53/ACy8qvH/AInfsYatdyyX3gy+itvKmivbOGWb/Vf9cq/NcdltWm7c3Mj9QwmOwuMgqU/dke+Q69BeaZ/x/f8ALb/XV80/tB/APx9dfEzWvHGla3c/2fqU1rJDLLdy/upfKii8ryv+WX/f2ui8AfG/4jeAfF0vws+MOoQ3Ly2fmabrMVr5cV//ANMv3X7r7V5VekaR4q0LXrX7P9uikj8n/nt+6lryPrE8vqJTPUw9OeFlzqx8xeJfgXq2n6tJqnh6/wBWvY72Xy9Q/wCJt5csUX/PXy/N8r/lnF+6irs/2afhZo+hX/8AwnGkrNPoc1tdadDpGofvfKiiupfs0v8Ay1/79f8APKX97+982KvYvEHw38O+JbC40LXNKjj82by/Ohm8r/trXL6l4P8AFWg6NrGleB9cktryKHy4fN8qWKX/AKa/9dfN/e11LMnVpctVe7I7Z1faL4juPDfirSoZZJ7Gxjto4pvs32SGHy/KrQm8bWOmy/v544vN/d/9cq8z0GabR/AUd9rl9LHqF1N/xMpf+evmxeVF/wB+vNq550HxD8Gx65Y2Muk2d1+7vP7Q/d+VLVQxkeTkobR7/ocssFR5/aVTY1j9qHS7zWbjQtKvbaSPyYpLzUJofK82X/VeV/11rUtfiRcXl/HBBYxX1vF+782K8/0mKX/Wxfuv+uVeK+O5viD4Qg/tXwlqNtqtvYal/pdpDD+9ltZYv/asstdVZ/2Vo9rZ65rf2ax0ewh/4+5f3X7rzZZfKi/7+y1w4ipiptfznpRwWDqUdPhPdNN177Zp9vPP/wAtYf3NWIbwjifza4Pwf8W9D8VfD631XwdP5kn7qP7J5P8Ax6/63/W/9+v/ACLXUaFqf9pRRzzQf62GvtuGs7xl/Y1fs9T4XO8oo03z0zYhvJ4YpJ4Kr6lAJZZJ/wDVSf8APaKpIcxS+R/rKkng8mXyILivrcTVweOhy14c8T5XkxOFlzUzDhmvtHPkWMH7uL/ljXH/ABC+P2h+CL/UPDnjG+ltpIrz7PpssU3/AB/xeVF+9ii/55fvfK/7ZV6JeQ/bP3EH+sirk/HfgODxvpcljPBH9o/1cMv/AC1ilr5zE5FgoVfbUoafy7HpRzPE/Vnc8L1j4neI9R/0HwrBJpFn/wAsf+ested/E74heKtHtfsM/jjW5P8Aln5U15LFFL/2yrc8SWeueD/C154p1Wwlk8q8lsv9d+6iuovN/wDateH3nn6xLHfX3mSV9RkGUYnHVfbYv3YR+GK2PwrjDjfDYSFTD0f4j+J/11Czs/3Xn+RWpp323zv+WlZcNnP9q8gQV0Fnps8P/LDy6+2eEpuNqZ+HV83r1JXjM9A+HvjzxHoM0cJ1WWSP/V+TN+8r2zTYYPFXl3+q2P8Aqof30v8A01/55V4v8KvhvrniSSPXL6DytPih8yaWvbIfFWh3trHpX2D7NJF/qZYZv/aVLBcJ0a+KjiKq1ifsfh9nWMw2Xy56l4y/plieHN1+4/dx15f8ePhjomseErfQ9KsfKkv9e+03n/T1LLL+9rtNe8YaHo/mT32qxRRxfvPO/wCmVc/r2s6Tqfhi38R2V9+8uofM03yv9VFF/wA9Zax4vhhlhfYqPv8A2T9U4czuOHxXtUSaD/whvw90a38OaVPcyx2v7v8A13+trz/4++PP7Y0+38N2PmR2/neZN5v/AC1qTX/FWh+D/C9nqs8H2m8v4Zf3s03m15XN4kvvFN/9on8yvi+Hcicq/tKn2Tl8RONsLTwP1fm9+ZJD4w1Xwrqkeq6VfeXcWs0UkMsVfXHwH/av8D/FrQY7G+vorHWIof8ATLSb/wBGxV8X6lDPN+/8is/+zb6zl+3WMEvmV+o4HHxyw/n+jmlJPU/TCHUoJov3Fx/21qvealYw8efJ/wBcof3tfFfwr/aF8f8AhXULfSvEeu3Nzp/nRRzQyzebLFFX05o+pG8l8ievcw+d/Wfhgd9bM8HSw/tIT986ibWNdvf3GlaVcyf9dauWfg/XNY/f6rfxRf8AXGbzauaDpsEPlwf89a1BNBZ/6ivCzviXF4ZclOKj8j0eG8tpZ1P2lepzf3bkej+G9D0b9/PYRSyf89pquTXlU5tS8nzKrzaxBD+48+vyvMsZVzCtzVvekfumU5ZRwOGtTp2RJeSzzXXkH/tjXB2fir4qXkl5oXivw5pttJFeeXZyxXkv+lWv/PXyv+2tdY2peRFJNNP/AORq5vxXeaHr0UmlarB5sn/LH/ll/wCRYv8AVV8pmPDWIxs/aU5Ll80fWYHOqOE/d1IHF/FnWPEej3cg03wrLqVxFpssmZZvLtoovNii825l/wCWUX72vMfDPx4tPG3gi38b6dbeXp9+ZdOvP3v2m2ilii/e/vf+2sX+trvvEnwN0nUvBF54AvvEepS2eqab5c13/aX72WL/AOO15bp37Iv7Qnwt+Hd38L/g346Pk2tnfSabdWk3lRXUt15v7q5i/wCeX+t/1v7ryq82nwlgoYS1R/vObfofeZTn2AnC1/v0PUvB/gOx1K1uNJv/APl6m/0OGGq+p/BmfXrWOx0PXL22jtbz/Xf88v3X+qirofhX8KtW8IfDrw54U+I3imK4uLTS7W3vv33/AB8XXlRebXp8MOleVHYiCOL99XBR4clGpJ1Kmn2f68zrr8Seyn+7PI/Dfwr1XQfEVn4qXVfK+yzeX5M3737V/wBdYvKrtP7BgvPGX/Cf32hxS6hL+8mu4a7CfTrHyv38Hmf88ar3ln+98jz/APlj++/fV6GGy2lhnr8J5uJzqtij/9k='}}]}], 'model': 'qwen3-vl:8b'}}
2026-06-26 15:27:15,249 [DEBUG] ThreadPoolExecutor-0_0: Request options: {'method': 'post', 'url': '/chat/completions', 'files': None, 'idempotency_key': 'stainless-python-retry-9a1dcfaf-434e-4f11-9253-99270682d92e', 'security': {'bearer_auth': True}, 'content': None, 'json_data': {'messages': [{'role': 'user', 'content': [{'type': 'text', 'text': "Analyze this image, which could be an internet meme, screenshot, artwork, or photograph. Extract 6 to 12 highly relevant keywords. 1. Always include the image type as the first tag (e.g., 'Meme', 'Screenshot', 'Artwork', 'Photo'). 2. If it is a meme, identify the meme template/format, the main subjects, the core vibe/emotion, and 1-3 key words from the text. 3. If it is a screenshot, summarize the main topic or software shown. 4. All tags must be strictly in English. Do not use any other languages or alphabets. Return ONLY the comma-separated list of tags. No introductory text, bullet points, or quotes."}, {'type': 'image_url', 'image_url': {'url': 'data:image/jpeg;base64,/9j/4AAQSkZJRgABAQAAAQABAAD/4QBIRXhpZgAATU0AKgAAAAgAAwExAAIAAAABAAAAAJyeAAEAAAAAAAAAAIdpAAQAAAABAAAAMgAAAAAAAZKGAAcAAAAAAAAAAP/bAEMAAgEBAQEBAgEBAQICAgICBAMCAgICBQQEAwQGBQYGBgUGBgYHCQgGBwkHBgYICwgJCgoKCgoGCAsMCwoMCQoKCv/bAEMBAgICAgICBQMDBQoHBgcKCgoKCgoKCgoKCgoKCgoKCgoKCgoKCgoKCgoKCgoKCgoKCgoKCgoKCgoKCgoKCgoKCv/AABEIAaABoAMBIgACEQEDEQH/xAAfAAABBQEBAQEBAQAAAAAAAAAAAQIDBAUGBwgJCgv/xAC1EAACAQMDAgQDBQUEBAAAAX0BAgMABBEFEiExQQYTUWEHInEUMoGRoQgjQrHBFVLR8CQzYnKCCQoWFxgZGiUmJygpKjQ1Njc4OTpDREVGR0hJSlNUVVZXWFlaY2RlZmdoaWpzdHV2d3h5eoOEhYaHiImKkpOUlZaXmJmaoqOkpaanqKmqsrO0tba3uLm6wsPExcbHyMnK0tPU1dbX2Nna4eLj5OXm5+jp6vHy8/T19vf4+fr/xAAfAQADAQEBAQEBAQEBAAAAAAAAAQIDBAUGBwgJCgv/xAC1EQACAQIEBAMEBwUEBAABAncAAQIDEQQFITEGEkFRB2FxEyIygQgUQpGhscEJIzNS8BVictEKFiQ04SXxFxgZGiYnKCkqNTY3ODk6Q0RFRkdISUpTVFVWV1hZWmNkZWZnaGlqc3R1dnd4eXqCg4SFhoeIiYqSk5SVlpeYmZqio6Slpqeoqaqys7S1tre4ubrCw8TFxsfIycrS09TV1tfY2dri4+Tl5ufo6ery8/T19vf4+fr/2gAMAwEAAhEDEQA/APwvh/6bj93FWxZQ+d5dwbjyo/8AptVjUtMs/Dl/G2pm2uZJf3nlRfvKp69rE+pXXnwWX2aP/Vw2kP8Aqoq8XmdVHqBd6xBpttJpUJkuf33mQ1lzfbo/38/l/vaPJn83/UV1b+FPDMngVvFh8f6Fb3i6t9n/AOEYEN19vEfleb9q/wBV5Xlf8sv9b5vm/wDLLyv3tWaHIfv5qj87/nhB9K2JodKgij/fyyySw/vofJ8vypajh/sPypPPPl/9ca3J9mZfk+V2qP8Afw/8sP3ddj4s+INt4o8HeG/CK+F9D05PDtlc251HTtP8q61PzZZpfNvZM/vpIvNEUXH+q/XmprPyYvPh/ex/9MadmSU5pqj82b1q5MdJmtMASx3HnVH5PTyKsCvDNP5tSQ+fR5M8HWuw+Hv/AArnUtUkg+J3iPUtNs/J/wCPvSdHivpfN/65SyxUAcvDCZpcf8s6PKm9K7vxV8OPD3h7wRofjDR/ij4f1eTWZbqObw9Yed9u0bypf+XnzYvK/e/9MpZa4ybyIf8AUVmT7MITPDLndWhoVnPNfbb6Dzf3377/AKZVX0eznmuo4P8AlpXrPw38Q+N/gnFeePvAnivT7P8AtnTb/QdQhvo/M+1WF1aeVcxSxf6qWLypf+/vlf8APKuWdTozWjTOz8c3Hhz4LXXg+w8M+PZPFvh/WdNtb3WPD2n6PLpvlSy/8ussUv8ArZfKi/4+v+eUteo/tx/tnab8Qf2evAX7P0/gXwhp2p/DeC5ttGvvDWmiK4eK58qWX7bLDLnzY5fMilzHH5sv72Xza+Y9C8QWKpeabPDceX5MUkOtzTf6ryv+WX/2qrvieePVLeO/8WWzRaxayy3E0Jhljllilhi8r91/zyii/e+b/wAtfNope5DQ7Kk/ZI4WXz7zzL6eD/ljWfN++lj8jzPMrU1LU7eD9xB/y1/ezVTWb91+4g/eS1R5VXUkm02ezsLe+8+KWOWaWPyv+WtZfkz+b/00rYs9NvrybyP3UcfnV1ml+CfCuseE7f7FrVzc+IL/AFjy/wCzoYZf9FtYopf9b+6/1ssvleV5Xm/8tfN/6a17QunT5zh4YNVs/L8g/vKuadZ65psVxfWNj9pt5f3d5+5/z5VdBNo5s5f9fH5n+r/65Uf8i3YSGDVf+Pr/AF0PnfupaPaG3sjQ8EzaFe69pY8YjVv7LivIv7YtNJhikuvsv/TKWX/lrWx8Tte+B9n4Sjsfh1BqVjrn/CVX8flXc3mRf2N5UX2X7TLF/rbrzfN83yooov3X/LX/AJZcvea94j1eKSCDy7azl8r9zDDFHF+6/wBV/wBdf+utcn/Zs+o3Unnz+V5U1SMkvNduZ7uS4g/541T/AH8N1WhqdnY6OP3F95sn/Lbyv9VFVO81KeaWPP8Ayyh8uGq9ocZ0Gj+MJ9Hure+/sOK58qbzPJl/5axf88q+jvhn8c/h5of7N3jnwHffAGy1rxJ4j+y3PhXxpLDL/wAU99ll825+zReb/wDHa+SYZr4/6QJ/Lrt/C+reFtNtzceMJdQubeKCXydO0/8Adfvf+WXmyy/8sv8Av7/qv+2tZVKV0enh8X7ONjW8a+OdD+I+p3moz6HLpskVnF/ZscupeZ5Uv/LWWWWX97L5svmy15lqV7P6ReZ51amsXkH2SOCxWX/SpvM/6Zf5/wBbWP8AY58efPPWtL90c+Jq1axHZ3k8N15EP7ySuw+Hvg/XPHniK38N2NhLc3ks3lQww1h6DZiKWOfyP+u3/XKvTPAXxc1vwHdR33w6n/sjXJfNjm1yKb/VRS/uv9Gi8r91+6ll/e/vZf8Anl5VFSrb4DCCp3PYNN0Gf4V/Eaz+GXjieOTWNBmitvKtJopIrX/lr/rYv9b5X/2r91X61fDX/gpx8Dv2A/gZoVva+ENHsfEySb9TklixdaxF/wBND1Ffkj4V8Y6V8JfD1v4p8OaFff8ACWSw/abzXNbhi/0WL97+6sYv+Wsv+qllupf+eX7qKL/Wy+L+PPjX4r8VeLft99fSXN553mTXd3+9/wD3tc2Gqc1b3T0acYcsj+jr9sf/AIKWfDD9qP4IeR8E9LuTcGUSadqN51MckPWOPua/F39rRb46p9t0OxjtpLqH99D9j/1v/wBtrQ/Z7/ai8caP4cs4PEk8sl5FNFcw+TB5X72L/Vf9dZfK8391L+6/1X7qvO/jx8TtW+IfinUJ4NJ823lm8yb+ztNi8rzf+evlf8sv+2XlRV6OLqv2XJE8+o40loeL69/pvmefY/vIv3k0UNcvqWpQTDyIIP8Av7XaeK9egEUljpX724lm/wBM1H/Vyy/9Mv8AW/vYq4u8huIJZP3Eccn/ADxhhrzaftDmM+9mns5flnjl82sv7Z511Jjyv9T/AN+q0LyH7Hdbb2fyvKrT8N+F7TXLr7R4gvhp+lxXccV5qxszJFFkSyCPg/62SKOQxRfuuYv+Wf8Ara76SAyPEmj6l4bu/sGs2UttceTFc+VPD5X7qWHzYpf+2sUsUtY/nTwdK6HXNe1vxrcW7a/q7Xk8Gmw2NnJdXnWKIeVFH5kxJ/dxCOOPt5UUXTyqztS0fVdHMf26yktpJYYpIYpof9bF/wAspa1Az/tnv+lH9p/N/wAe/wC8o/137nyKr+VN6UAbN34bv4vCcfjSV7H7Pc6hLbNH9ui+0+bHFHN/x7eb5nlYk/1vl+VWFN/1wrf8GzeDbbxHa3/xIs7+80cS/wDEx07StRisbmaL0illhlii/wC/Uv8A1yqpFceHhpM8dxptxJeMT9jmhvRHHFwP+WXlfvesv/LT/wC2aAY8/ajyPerkM0EMMnn2MUvm/u/+uVU5ryab/Rz/AKugCOaGaHzK6rTfAmoaj8ONQ+IuiS2rWWjX9rFqKf2nFHdRSSrL5T/ZvN82WPMUv72MHyv+WmPNizytSWc3ky/+1aANzzv+e97XS+D/AA3baloWuasfB2palHYab5n2u0u/KjsJfNi/ey/upfNi/wCWX/LL/W1y0P7qus8E2eh3mqRw+I7m5js/+W01pBFLL/5Flirgc1TO6nTOfm1K+M3+hRRD/rlDFFUd7/aswjnvbGOKPyfLhmhh8vza7TWIfhxZ+Dbz/indSudY/tL/AIlurQ3kUdt9l/6a23leb5v/AG1ri7yG+vfM/wCWUcv7z91VUmUdTJ8WdUv/AIX2nwtv/Dfh9rSwklls9Qi0O1i1MfvfM/e3MUXmzR/6z/W/89f+mUVcleaaPK+3f89aLPTfO/5b1qRWtjZx+fPP5sn/ADypyqlezMOHz4Zf3/8Aq6uWdnpV5N+/uPL/AOuNXJobeaX/AI96LOz0/wA3/UVP1kfsgn+Hur/Zft0H72Pzv9dWXNo99Z/8sK9E8H+JL7wrf6fqtjqsdzHYXn2mHTtR82S1/wC/VWPEmp/8JVL9un0nSbaSWaXzvsn7qKWWWX/nlSp4kKlI8r/6+PxqTzoPNrtJ/C0H2X9zYSRf9cpv3VY83hWDr5Etae1onN7MpwzWP2WP7P5vmVJpunX2pXX7iD/W10ng/R7GG6jvr7S/tNnFN++i87y5Za9x8H/tOfDL4ZeDPFnhvwr+zP4WlvPFvm239raj5t7Lpdh/z623my/89YvN83/W1y1sU07Uztw2HUv4h41oPgn7HYfbZ7Hy4/J/fXd3/qq2PiR4I0rwVfx6VbeJItWuJf3nnWkP7qXza5+88TatrGoSTzzeVH/zyqh4j16x0m78jwtfS/6n99LL/wCRa5VTr1XdnqUa+Cw+h6P+0dH8LNJ1PRtN+EngfWvDfkeGrCLxJp/iDUIrmX+2Yv3V1LFL/wAsopf3UvlVwnxI+MPjn4kay+ueN9dlvtU+x2unfa8xR+Va2sUUVrF5UX/PKKKuW1LXr7WJZJ74ySSS/wCulrPhhn616OHp6fvDyMbiKVWr+7Oohs/+JX/bnnxeX53l/wDTWiz02e8l/fwUeG4YJrWTz5/3n/LGvfNB/ZR/tj4S3Hjj/hMdJtvKs/tM02o6xaxxS/8ATKKLzfNll/6ZUT/dnLTpng+sTW9n5c8H/LKH99++rHs/FWqw3Xn28/leb+8r2T4zfBmx8N22nwWNjL/aEum+Zr1pDN5nlXUUssUv/f3yvN/7a14fe6BfQyyHyP3dVzUTV0q0T7y/YU/Yk+Fv7b/gnxzYWHx80Pwh4r8KeE/7d0jT/EMI8rV/KB+1EyZ/dCKLjjP+ui7ZI+Tde02ws/tE/nx+ZF+7+yTf62ub8HzTw6pHpc+uSW1vdfu5vNml8r/tr5VdB4816w8SaXpcEGh/Zry1hljvLvzv+Pr97+6/dVyezPRp1qTpe+Y97qXm2scE9vH5cUPlw13ngP4V6T42l0vQ/CviOK51C/8ANkmtPscsf2XyovN/7ayyy/uovKryu80y/ml/56V2Hw316fR7+zn/AOm1aRhBHD+9q1Sn4x8KT6D9osdcsfKuLWby5v3P+qlrl/8Ar3/CvsD9oP4S/AHWPhr4b8V/BbxxLfXl1D/xVUWo+VHLFdS/88ov9b/z1/5ZeV+6r5v174ez2c0kEFj5tx/q/wB1VykqcuSRFTCs4+b99/qPL/dfu6k06afzf9Ig/wBbWx/YPkxSfuPKk/5bedUf9g/Y5fPuJ4o/+mNV7QzVKsXNB8B3/iS5t9L8jzZLqby4a9+/aV/4Jg/tEfst/BTwP8fPijpFiPD/AI90n+0NCmsdQiuZYov3PlRXMX/LKXypYv8AplXzrp3i4+H7rztKm8qT/plW5rPxV8f+NobfQ/EviTUr6ztYfK020+2SyRRf9cqqnUgqep0KFKn8Zl3g0uG0k0qC3likl/13kw1Xh1Kxs5cQf9/q1PEn7m1jgsYL2yuIv3d5DN/yyrl7yy1WaX/UfvKw/imVSxsav42g1KKSeee5ubiWb/ltNXc/ssfAPxV8efiBH4U8Kny7n+x9U1aGabzfK8rTNPlv7qL91/y18qL/AMixV5NDps/2r9/+6/67V9Sf8Ewv2nPB37Lv7Tfgv4xePPDkmt6f4c16KS8tPO/5df8AlrLF/wBNa6cLSp0agU6lSRuePDB8N/s/h3VfB0Wk3lhZxeTD5P2aWL91F/rZZf3st1/y18qX91FL/qvKryvWPEtjPrNxBcX1z5cv7ubyZvLllr6l/wCCyvxw/ZP+Pnxs1Dxr+y1quo3GieI5or3U7jVZPtEpv/8AlpLEJj5v/f2vh6a8/wCJ155Hm/8APGbyf9bFSxrU6mhhWoxOo1jR9VgmvLHSp4777LZ+ZNNp959p8qKX/pr/ANtayPDfhm58Si40Gx0SS5vIBLJNDaWctzdRRRRSyyyxRf8ALaKKKOWWX/nl/rf+etej/B3R/B0/iTT9cn8R+XZ3UPl6xp03m+V+68r91LFF+9li/wCevlV7R/wyX8TdBsPHH7W37PWuX2m2fhKa11HQbvwRNLHLa/b5fssVrFL+6l8r/j5i83/pl/01rCkoFqnofGnjnwrdeFfET+HPF+nm21C1WKR7QGL95FLF5sX72KXyv9VLH+9roLj4u/Eaw+Gl58LPCltJbeE9U+wRaxp1pb5+3y2t1dS2v2n/AKaxS30sX/LL91L5ValxqHwy8L+ELbWoNK1a28eW2v8A2iD+0nhfS/sHlfvYvsxi82W583yv+mX/AEyrivFvhDxTNHaT69Y21lJdQy3Om2f2OKOS6/e+V/qoov3UX/XXyov3UvlV3oxOP87/AE+Q2/8A6JrY1bUPEfieK3Oq31zc29hZ/Z7Pzp5ZIrWLzf8AyFF5sv8A5FrP+x+T+/t55fMrqNN17WPC1tYnTPGUoktbr7bZxQ3ksf2CX91+9/66/uov9V/zyi82s1uBjw+FTNLHBBff6RL/AKmGGug1n4U33hvwHo/xHvLrSpLPWdRurays4tSi+0iW18rzZZLb/WxRfvfKi83/AFvlS1h3l5BAY7GxnlkuJf3k0sv+t82vVPBPgLw54X8UWcH7RfiGyjt7/wAKf2joMV3eS3trL5sX+ixSy2kvmxf6r/tl5X+qqqex006UTxO802eaKSe3/wBXVOuw8YWdjAI/7Kgll/c+ZN++rk73/W+R/qv+e1FOoYVKZTmh8j/ppVf/AK+Pxq55I/6ZUeR/yx/7a9a1MSnUn/TD910o8j3ohh/66UAbcP8Arvxq7DeGGWMef5f/AFyqv/07/pVizh86XIrzah6dKn7x7D8G/CvwP8YfBn4gf8J98Rb3TfGlhZ2Enw90SHR/tMWsyy3X+lRSy/8ALLyov3teLzXdxaX8ljAeP+eVdXp032O1+328Ef2i1m/5aw+Z5v8A39rJ0fRrK8s9Qvp7yKO4tYfMhill/wCPr975X7r/AL+/+QqdOUOU0r05nS/BzQvhV4i8RXMHxr8f3PhjSYdGvriK703RvttzPfRWsstraxRf9NZRDF5sskcUUUpNcxeabPDLH53l+Z5Pmfuf3nlVX02zHm/v5/LjqwbzM3kW5qKk7u504WjfQ0LPTLC8sI4LHzftH/LbzYajm0e+s2/48K9M+FPg6Ge0/tS+t5PLj/eTV6b4x0L4P654Tt18LaX9i1HyfLm/ff62vmsRnKp4j2fLofpuXcGU8fl/tebY+XjZ3A5g/wC/VFveTwy/89a9g8Yfs7eMdN8OR+OItDuf7Pl/d/a4of3Xm/8APKvM7zwfPDL5/n+V616GGx1Gqj4/N+Gcbl+vQz/7eniqxD4q8kxzwTyRVX/sef8A5bwVXm02ftY/9tq7v3J8r7Ksak3iQTWMkECxxyRTeZ9ri/1sv/TKsebWJ/8AtpWhoPhv+0pZIJ57a2ji/eTedNFH/wB+v+etXIfDc94fI0qD95/y2lrf9yQvbHLzXl9/2z86tzwL4QXxJqUk/iODVBolj5Umuarpum/af7LtTLFF9q8vzYov+WkUX72WL/WxV1Fn8PvCugWtvrniPxTbXNnL5v7nT5opZfNirUHxk8L+G9G/4R3wdoNtZfatNl03Xpf9b/alr5sUv73/ALaxRS/uq1jXjskP2ErfvDh7PwfPefuLGxkuZIofM/df8sq6rxB4c8Cw+E4rjUdQ07TNX0pYrKbSdGEtz/bH72XzbqW5/wBVF5UXlxfuv+mX/TWWuZ1j4nateGSx0ry7a3/59IYa5+bUri8l8++nkqIyrJj5KUPhC81L7HqnkaV+6k/6ZV0mm+Ntd0fy/Pn/AHctY8M+lWlri3g/0j/ntL/yyqP/AF2Mzx+XSdW5MHUTPqTwf8VPgVrvwht/DfiTSbn/AISi11KWT+1ov3kV1a+V/qvK/wCevmxVJpv7Gdj8c9UuLf4EH+0riX7L9j0nyZft11LLL5X7qL/lr+9r538F+J9M8OzG+lt5JZPOi8nybzyq99+GP7YXjn4SeDdY8NfDjxjc6TZ+I/ssevQww/vbrypfNi/e/wCti/7ZVwKXsq15HowlOuh/ir/gn74/8H+Df7V8R6VLbXkX2qS8067h8q6sPKuvsH72L/r6ili8r/pl/wBNa8PPgO+03VYrH/hIrby5bzy/3s0X7qul8efHDxj4s8W3niu4v7m91C/mlk1K7u5pZZbqWX/Wyy/89a5qGC51i/kn1XzI5P8AWeTV1MXBLnF9SlL3UWJtB0OzupIPP83/AKbRUnxM8Er4Vv7TSorDUo9UtYP+JvaXdn5X2W6/55R/9svK/wDIv/XWrum+Cb6a6+3z1Hq819pGoefDPLLcZ8vzZa51j6d/3ZrSwFa/vlfwhrGq6lLJBBY/vIoa2NN1i+mv/wDToJf+ec13/wA8q9O/Zd+Amt/HjxTH4R8HwfvJofMu65r9oT4U3Pwq1678I6rPJbXEU0sc0P8A01ry/wC2qdbF+w+0fVLhmTy/6xzFa88YfDLQfhBrnw50rwBY32uazqUUn/Cb6tef6VYWsX/LK2i/5Zeb/wAtf3teT6no+lTWEc8HirzbjzvLmtIof9VFWHcTTmWTzpvMrU0HUdD0zVI76fSra5jim/fWl3N/ra+kpf3z4XERcKtoFOfR4IZflg83/rtUn2yeGKM/YY/M/wCe0NdRqXxI8KT6rHqlj8OdIto/9XNp/nXUkX+q8r/lrL/21/1tY83iTw5NFb20/hvyvKh8uaWGaX97V8tQx9mXP+FwfEaea3nvtdkvo7X/AFMWof6TF/36lrZ0L4t/DrVLa4sfHPwwspJ5ZRJDqGiXstlLEf3v/LP97FL/AMs/+/VcdZ33hW9ikE8EsUn/ACx8mrE2j6TecQTxyf8AXatVU9mM9YvP2dfCvxA8E+IPir8OfHGm/Z9LvIvJ8MXepeZqf2WWWX97H+6i83yvK/ey/uv9bFXjesQ6toOqfYIfK8yKvo7/AIJ6/tpp+wJ+0JZ/Hw/C3TvFlxYaTqdnDp9/feV/x82str/rf3v/AD0rgP2ofiN8KfjJ8UfEfjT4Z+DU8LaRrviO/wBV07w7bYkj0eKWXzYrWPHHlf8Axqtb3+Eua5jzTTfGE8NrcGeD95LD5dWLOafUovtE/lfvf+W0X/PWubms54pZDViG88mL7DN/z2rKpAwO816LVfBN9b2ME/8ApkXlfbLTzvMi/wCuVfSH7JX7WnwI8N6NceB/jF4N025+36bf22m6tN5ttLYXUvlfvZfK/wBbFF5Uv7r/AKay18rw3kGpaXZ2X/HtHF/rpv8AnrWxo8MHgnWbefVZpP7P/dSfa9Pm/wCWX+t/z/1yqKYHsHxO+Btx8Q7DUPiB4c1W+udP0bWJdB027+x/urryv+PWWXyv3UXmxRS/uov+eX/LKKvD9D/c6pJBPpUWm28v+jXmrQw3X+i/89ZfK8397X0x8Gf22J/hv4Xt/hJrmlaJ4p8PxQ39lpv/AAk+m+b9gtbrypf3Uv8Az183zZf9VLXSW37IPws+Lvwl8WeM/g54+03UtQsILC9m0m0u5ZbmWLzZYrqX99FFL+6l+zf63yv9bL5v7r97Wn7w29nSqLmPlj4SfDnwB448eR+BfiV8RLDwbZ35upLPxLqNndfYfNitJZbWKXyovN8q6liii83yv3Xm+bLXBXNnqsGtSaVfQy2VxF5vnWk0PleVL/y1ir2zwT+zrrmveI7fwdfWMl7JLeSx6bq2k3n2aK6l8qKX/Wyxf8sovKl/5ZV5P4vmgh1W4gguPNvJZpZLy7/561sc/s/ZHf8A7Fl3+zloP7VfgjxP+03pd7efDmw8R2svi3SrF8ySW0f+siI4zF5v+t5/1Vc7+1b428PfEr9pf4gfETwVYyWWh6v4w1S90WzmhijltbGW6lliil8ryovN8ryv9VXmVn59ndSQW5kiklm/5ZV1V/FompeENOnsbC5j1dbyWO8m83zI7r/nl5Uf+t83/W+b/wBsq6I1Fycpn7T2hzN5Nx/r5aks7P7ZFJ83+q/eTVH/AK6X/UebJ/0xrqPBOm6QNes5vGM19F4ftbyL+2JtJh8y5itfN/e+V5v7rzf+eVZklnxt8I/Hvw88D+EvHfi/RTZaX430e61LwtdGaKSS/tYruawll/dfvYv9KtpYv3v/ADzrirs5h/1Ef7r/AKY11vxBufBP9rapD4Gn1a50uO9/4k812Iv+PWX/AJ6+V/y1/wBX/wCRa5K9z5v7jzYo6AI4vP8AKkzUZh/eeRP5fmRVc81vsv2fH/LbzKr2cMEH7+fzPMoMzY/137irlnZz1HDB/wAsPIrUW4uEsPsUEH7uSvHqVD6DDUg86b7L9h8iP/Xf67yf3tWPGWpeCJrr/ilPDVzp2R+8hudT+0/uvKi/6ZRf9Nf+/v8A0yrPm+3QxcCqfkX011J+4p0ZRQ6kXJhZ+fexeR5Fdb4J8DX+pajHa/YZPMlq/wDDzwp+68+by4/N/wCW0te2+GU8EeC9Gke98uW48n/W14eZ5pKl7lNXPqMhy29WNSoe1+D/AIG/BbwT+x5qHxG8R+I5f+Eki/d6bp3/AD1r4vsvG19Z6zJBDP8Au/OrrPHvxOvtXsf7JFxc/Z/O/wBT51ebgeTqn7iDzfNrz8swTnGdSt9o+lzLPngv3eHPpDwH+2NrVl8G9U+DniMW17o9/D5nkzf62KWvA9e1ITX/ANo8j93L/wA9q1IfBOuQ6N/wlV9pVzHpcU3l/wBow2fmW3m/88vNrk/EmpTfbvs9iP3derhcFTVU8LM+Ja+Lw3spliabyeZv3kf/ADyo/tLwdPFeQXGh3PmS2fl2fkzf8tf+/VY95++4nnljosv7Khuv399LL/1xr1vZcp8VVqkl5ea5eaXb6UJ5PsdhNLJZw/8APLzf9bWXZzar9q/cT/8ATP8Ae1oTTzw/vqrjWPJ/cGD95Whn7RG5o/w31zxVpdxfQeI9Ito7CHzPKu9etY5f+2UXm1z83hSeb/lvRDeQTS/v62B/wh/lR+f4iuf+2Vn/APbaz56sWaWp1DLh8KwQ2uJ5/LqSbQYPK/19aMz6DPFGINSuf3X/AD2hiqsLLSnH7++kqfrEjT6sgh8N2P2COaC+j+0ed/qZaz73TfJl+z/aK3LSfTNIkjlggj8z/ptRNeWE032iGGLzKy9vLmudNHBKUino3g/XPK8+DSpJf3NWYdI1ZZczf6v/AK4198/8E/Lj9iG9/Zb+JsH7R2n2dx4vfw6//CGXTSTebHd4m8vGO/m+VXyV8Q4LeW/uL3Slj8v/AJ5ZryFms62IlScdj6BZTRhR5onL2XhsXkv7+fy673SPB/gjTfC8muXuuCTVJZv9E0//AFn7r/nr5tcLDr3+iSW8EFXIYtWu9LkvgP3cX7yasq0a09OYMOqNI0dU166s544I7jHlVPNZwalayXvkReZ5NY832GWKzmM0snlf8tfOrS1/4j2UU9xY6Hoiabpf9pXUmm6fH+8ltYpf+WUkv+tl/deX/mWiGGk/gJ9pFVveOg+CPxd8cfCvxNb+JvDt99mu4v8AUzQzVhfHT4la98UPFlx4h124+03d1N++l/55Vwc3iC+iv5JhNUd1qs13FHBDLJ5fatqWWUqWK9vy+8d2Iz2X9mzwyK154V86687z46kvPCuleVGbGeKKTyf31U7y8vof3FU/tl9/y3glr3aTqHwVRTaLH/CK+f5nkX0VRzeCdV/5YTxVXhvfIl/5aVJ/af8As10+1ObkYf8ACH+KvK8+CHzaj/4RvxX5v2f+ypf3VXIPEl9Z+XBBP5damm+Kr7zfOg1yWOT/AK7VXPSMv3hhyjXIf3Gq2P8A39/1tU4LyeHpXsFn8YPiN4kijg1zVbLUrfyfs3k3emxS/uv+eX+q/df9sqsT+CfA954WvJ77Q5ba8/deTd6dN5kX/TXzYvK/9q/9sqv939gz9ozzOa80rU9Lkgn8qO4/57RVz8xuIeTb16JqXw3vtCtY/Eeh65Y3Mcv7zyYZovNi/wCusX/LKuX8Vaxq3iTWZNb1zyvtF1N5nmwwxRRfvf8AnlFF+6i/7ZUez5DT+KY9nejyo69E0A+CPEngG40oeZZeJLWbzYbua8/0a6tfKl82L/r6/wCPbyv+2tebw583yJ66TwfoN9qUNxPYwS/6L+8m/wBb+6irOegUyndalfaPNGs8EcscX+uim/55V6h+zX+0h44+Enj3R9a8GT/ZriK8ljmlm8qT7Va3UXlSxS+b+6li8r/llLXD+KtH+xy/bp/K8z/ntF/y1rL0eaD7f5E8HmyRTeZDSp1DOpelUP1G+Nl9+yB8Vv8AgmqfEUPie10j4q+F9W/s7R/DekxebbX+mS3f2qW/uZPK83/l5uf+Wv7qWKvzJ8Y6Dfabqd5BBB5v/LSbzf8AW16Jo/jae8ls5/s8knmzeZ5Uv/LX/pl/6Kqn4w8bDUr+40qewtv9K/eWd3DD/wAta7v3Xsiq9X2lI8f1Kz8mLzxB/wBsquWOq6ha2F1oV5axfY70eZcN5EXzeV/qv3vleb5Vd5q9pB4k8OW8A8N21teWHmxzajDD+6uov9V+9i/561xf9jz6ldRiefyvK/dzQ/8AXKoMKY/QLHR5Jo28U219b6ZY3n/E41zT7MXMnlS/6v8A5axRf8s5P+Wv72utk/aM1XwR4QvfAXww0zTfD+n+I/B9rovj+0hH2618US2uofb7a6liu/N8mXzY7b/VeV/qpf8AnrLFXOaL8X/F3hLwH4k+F3hvVZbfR/Fk1ides/J/4+vssssttF5n/PLzZP0rhvJ86Xz/AN7F5taiJIXnmEkEH7yOo/Onmlq59jnhi/cXH/LGrFvptheRx28N9/pks3l+VN+7i/7+0gKfk9fPrW1Hwp4g0TRdK1rW9IuLe01qyml0i7u4THbX0UU0sUkkcuP3sfmxSx8f8tY/wrZ0L4gT/C/xdaeMPhRc3NjqFjZyxRX2oRWtyJZJYpYpZfL8ryov3Un/AE1/661y13q2p6rBaQahqsssdhB9nsYpZvM8qLPm+VH/ANtJKANr9/Zy8/vI/wDnrWpZ6lBND+//ANXXYQ/Bv7T4JuPH+h65ZXNna3kVvNp32yKO+i/6a+V/y1i/65VX1rwT4Ah8H2+ueHvHEkuqSzeXeaJd6bLH5X/TXzf+WteFUnTqH1NJ+yObmhgvOYBXsv7Ev7J15+118b9O+CfhPxv4d0W71RC0WoeJr4wW5kA/1QcDJPsOa8KmzZy+R5/l10HhTWL7R7+O+0q+/eedWfszX6zRpntfx/8AhH4i/Zy8ceIPg34o/s291DwprF1p39oaVN5kUssX/POT/lrXkGpeKr6XrB5XlV1GsfGCfUrD7PrmlR3Mn/Pbzv3tYfiTUtD16KOfStKubb/nt++8yKuSWGo812dn9pTUPckc/wD2xPOZPPnomvLH93PY+bL/AM9vOqvPo85i/wBf+7qveWfkxfuJ/MrvpUqVjxquKrOVzcvfib4qvPC9v4Hm1y+l0e1m8yHTppv3UUv/AD18qsO81P7ZbRwQaVFHJ/z9/wDLWWs+aG+hqTyfKm/cf9/a6qVKictTE1qpH+/ml/cVJDoM837+eCTy5Zq1LPTc+X5H+slrcs9H1Wz0aTyJ45Y5Zv33mwxeb/2ypc5BJo/hvwPZ+DdYn8Rz3sWuedFHo+nfY/L/AOussv8An/lrXL6lZz+bi3g/1VdZqXgPxJpjR32uQfu7qHzIf33m+bWf4k1KxEH2fSdKito/+mVZ31NPZo4/yZ/9fPb+bUcMMH2r9/5kUfnVsaleT+T9n8j/AK7VT+xzH9/5HlV0/wAQ5yvfQTwzeRYz/aY6kEM8seZ4cVJDDPZ3OB/rK7Cz8U+Dv+EXk0PxH4Hjubz7ZFJDrdpqXlyxRf8ALWLyv9VXNU8jspYmm/jOLiguJ+1SfY7jzf8ARzWpD9hmikEF9FFH/wA8pasWf2eb9x5/l1g3NdD0sNOnfSZoeFde8RaTYSQWd9J5f/PKltvEk0tvJYzRSfva9T0G/wD2X7P9k/VI7ga3/wALdl8dWv8AZskQi/syLQfssvmxf9dfN8v/AL9Rf9Na8UaC3vLqSee9/WuP2EJ1W7Hpzx8+T2ZtwzQWdhb33kRfvZvL8qvb/Gfi/wDY+0H9hzwZb/D3xHr978YdU8TX0vjzT5YvL02x0eLP2aL/AFX72T91ay/9/f8AplXglprfgGz1n7Xf6FcyWcVn5c1p9s/1sv8Az1rD8bax4c1jXryfwPY3Ntpfnf6HDdzeZL5VddLCqZ51XG+zJJvEmqS3Mn2K4Pl1T+2arNLJcc/89P8AXVThvJxL/o89dZZ3HgCPwfGIf7S/4SCW8/feb5X2Xyv/AEb5ta+yVPocH1qtVM+//s+zsrOe1m8y48n/AEyHyfL8qWpPDniOGGXyNV/eRxQy+T/0yr1a9+FnwF1j4D+D9V+G3j7V9S+KGqaxdW3irwxPpvl2Nha+bL9lliuf+WsvleV/5F/1XlfvfMte+FuuaPd+ReweVJL5v7qWb/lr5vleVVeyT91ijiQn1HSbs4sbGL/rtLW9rvgrwDafDXT/ABTpPj6K41y5vJY7zRfscv8AosX/AD182uIsoZrS6/f2Mv7qby5q0L3UtEntcaVPL5n/AH7qJUJxceSR20MywcacvaRKg8OXGo/8eENZ15o9/Z/66yra0bxBqenXEc8Mkf510R8eaReCMeKfDnmR+d++mi/dyy1m516c7cpzc+CrHnc8M/Wo/J/ff6+u8/sHwPr0dxPY30tjJ537mK7/AOeVc/rPgm902Unb5n/tWumnV+yzmqUIdJmfpusz6bLXqng/xf4cvPDl5Pca39muLWGL7HaeTLLLdfvf8/8APKvH5Yp+k9XNNJs5Y77P+qm/1UM3ly1aOKodx4w8X395L9n/ANGlrn7wWOpReRPB9muIv+e1SXmr6VPf/boIJP3v+p/5Zf8ALL/v1/8AHajms54fLn8j93/1x/1VdXtDj9kzm9S02eGX/ppX0B+wj+x/8fP2v/iZeeBf2fvC3/CQazo3huXWrzTzD5kXlRf63zf+usssUX/bWvE5oYIbqOf/AJ6/+Qq9b/Zy/aY+L37LXiyTxd8GfG2reHNYutOubL+29EvJba58uT/WfvYqKh0YY6H4qfBm4hikstK8K6vbXFrD5epadqFnL9psLqL/AFsUv/PL/lrXh+sQmzuvP/1Xm/u5q9o/4aW8R/ELXtQudV1y+j1C/wD9J1Ka7vJfNupf9V5ssv8Ay1lryv4n+D77R7/z76x8qO6m/c+bDWJ04n2VWl+7Njwtr2iQ6fJYXxl8v7H++/c+ZLLL/wAsvK/55fvf+WtZeozT6bf/AGH/AFtxFN5fk1l6D5/2qOxH/Pby66DXrSCzl+3WP72OX/ltND/qv+2VbKoed7M0IdS86/0+eDVfMj8nzLy71Gzl8qKX/nl+683zapzQ2M32yxOly21x5P760u/KilirpNB8EXHiSws7i4uJY7yL93DFLD5Xmxf8spYv+/Uv/f2rHiT4eX3/AAkfh+w+HOlfbbi/8qOG0h/5a3Uv/LrF/wB/f9V/01ro9mHszw/xToN9oGrSWVx5sVxazeXeQzfu5Ypf/jtZf+kQxSQY/d17hrXwy8L2HxpufCvxx1mLwto9/N5upar4e0f7TFYSyxebFF9mi/1Xleb5UsX/ACy/55VxHjLwX4L0/wCHnhvxP4c+Jmm6tqGp/av7e8PWmm3MUugyxS+VF5sksXlS+bF5cv7r/prVEnBed/q66jwr4ksbOKS3ngtpfN/57QxS/wDo3/VVzc3/AFwqxo/kebH/ANdqxqAdRrHhv7H4cjnuP9ZLN5f+u/e/9+q4sfuZZD+6r1y8iHin4X+fY2NzLJpd55upaj+68qKKXyoov+WXm+b5v/LXzf8Atl/y1ryuazgs7ryJ4K1pAdBD4kn/AOW/ly0TaxBeHrHUZs9Lm/19x5dH2Oxil/0GfzK832VI9P2tYsaZbzmX9zBWwdNvoR599Yf+Qay7LUp7LmDyq6Cf4hX01hb6VPB+7i/1P7muWp7U1/cmXNeX00tSf2l+98ieHyq0NSm8K3mlx/Ybe5trz/lt53+qrDvIZ+tFPYCxPrE8MX7j/lrVjTdHXWIrzVYD/wAesPmTf9/aw/Jnhuo66TR/Ps7W48i4/ef6v/U108hmZ9npv9pX8hn/ANXVj+x4fO+z+R5taEP/ABLZYzb+XJH5Pl1saDDpXlR+f/rJf9dLTnowI9N8E+do326CeLzLWby/J/z/ANtaz4dS8m1kgnhll/5417x8K/h7f/Gfxlpfg2xsZZJPsf2azitP3nm+b/yy/wC/stbH7U37AHxX/Zh+JV58LPih4ekstU8mLyfJh/dSxS/vYq6PqlSrS5+U6k425T53m8YT6xpf2Gf955X+pm/55Vz954qnhl8gfu66TWPhv4jh1STyIP3n+r/c/wDLWuPvNN86XyJ/3sn/AC2hrOnSsclT2p1Gj6bpWpWsc9jPFL5sP+mReT5XlVY1Lwrfaba/6dBH/wA9If8AP/PKsPTdMOY7CAyyxy/u5vKmr6F/a3/4KB/E/wDa8+FPwi+EnxC8EeHLKT4P+GJvD+ka5oun/Z7rVLY+V5X2kmX/AJZRWsX+q8rEsssnSUCtf+XZB85aleQZx5H+qqvNDYzRfuIP9b/qauaxrGh3l158Fj5Un/TGas/+3vIikgsf3VYmZH5H+sM8FU5bP/n3nq5537nPnx/9cqPJvpj0ijp+0DmcdiTTTqsMXn5jqv8A2PfXvmefBWhptnPDL5F9fRRR/wDXatzR/Eng7R7XUIL7w5/a9xLDLHZzf2l5flS/89amyL9tXObg8HaqYY/I0qXy/J/7+1Xs/BN8Yv8AR4K6TXvjZ4x1LRtP8OX2reZZ6XDLHZwxfuvKilrk5dYvp+PPkrU5eaoaFv4UtzF/pF9FH/22qSHQdDhuv9O1Wsfzh/z8S/lUnnTzf6iszWl7Y7jTYfA8MUf/ABPJK1IdH8Kz/wCo8R/vP+e001ef2ej315L/AK//AMjV1mm/DHXP3c8/7v8A7+1z1MTRpP3zT2VYjvNHgs4pPsM8Vz/1xmrHh0bSpvM/5Z/9sa9o034S65pvgP8A4T+fwPJLpfnfYv7W8mXypZf+eXm/6rzf3VY48EeANSH2GfXIraT/AKbTRf62nTxFGp8BnUpVrHnem+CP7Rlk+w/6yKo9d8D32jxRjVjLHH/z2/5ZV6JZ/BnxV9g/tbw5fRXtv/qvOtKp698QvHGm2tvY65Pc3Mdr+7hhu4fNii/7+100ldnKebzaZq1nD54g/d0Wev38MX2aeeu8m1/wrrFjpehQ6JqWm2dhZ+ZeRf2x5v2+6/5+v+mX/LL/ALZRVzevaPBN0/dyf8sZov8AVUmo/DMqnVZjw/2Trwk86CW2uP8AntVPUfDWqaRH9vax/dy/6maX/VVJ5M9nL5Hn/vIv9TXoHgn4t+foMfw/8cQ/adH/AOWPlQ/6qX97+98r/trL/wB/awqfuvhOipUueZw+fN5k8H/LL/XVqaDqXmxSW4sfMkl/1NbmsfDGaG1k1Xw5ffabeWaXyYv+esVcnD9o86M2M/lyRfvIZoa2pVNDKqdBpujz68LyCxsZPMtbP7b5VpZ+Z/qv9bLL/wA8oov3v73/AKZVHNZ3s2qR6Vpd99tjlvJYv3MP7r/pl5Xm/wDPX91UnhvXv7A13/hIzBFq1x50v2yLUYYrmKXzf+WvlS/62X97/wAtaPtd7aG4/sqeSK387zP337yXyv8Anl5v/bX/AKZRUzIpwgaPf/6D+6kl/d12njC80LxL8G9P1UXH/E4tdYljmh/562vlf62uDvLSeGX7d9o/7810nw3/AOJldSaVPBJLHdWcsUPm/wDPWkdVM4uyvJ/M8/Plf8s69A03TNK1Hwvea4dVi/e/urO0/e+b5v8A7S/debL/ANsq871Kzns7qSxnrrNBu559Lj/1v2f/AJfIv8/9taqoFM6zw34q1zUxp+h219+7ih+zQxf9tfN/9q1sfELxh4O0vwJZz+FdVvrbWIryKSHypv8AyL/11/6axf8APKuP8Kzzw69HPBBJ9otfKkh8qj4heG77TYdP1SeCWPyoZfO/6ZS+b+9/8i10Uv4JnUOH1j4heI9ZutUn8VX39pXF/N5t5d3f72WWX/nr5tSeFfD9j4ptY7fS9Vil1Tzv+Qdd/u/N/wCuUtZfiTTfJ1DzoB/rf9dWfDmzmjuPIj8usiTY1PQvJi/f/wD22s+z02f7VH5Fd74Vhij8NWEng7xPJqWs61qUtnqXhCHSJZDLFF5UtrL/AKrypfNl/wCWX73/AFVctrOLwf8AH9/yx/1037zzaGrG3szU8K+JNU0bT9Q0ka5fR2d/D/pkNpeSxRXX/XX/AL+y1j6xps8N1HBP9mk83/UyxTVXs/PgmjgJjrU0nTZzpl5qc89tFbxTRfbJPO/e/wDLXyvKi/55U/aBTp+1Muazvv8AlhP5sf8A0xoh8+GvRNB+Eh8VfbJ/CnjLSYo7WHzJotW1KKxll/6ZRRSy/va1PEv7NPxU8K2Gj6rrnhSX7Pr0PmaPd+TL5V//ANcv+etcftzp9keZ2d5/rPtEH/XarEOpf8sBB/39ruNN+B3irUov9B8OXMsn/TL/AMi1lzfD3XIbryIPDtz/AK7/AJYw1mqsGaLDVmYepQ32myx+f/rPJ8yo7Obz4pIJ4K9M/wCGZPiaPg5p/wAd4NBlufC+qeJJdFs7uKbzJft8UUUssUsX/LL91L/6Nrk9S8Ba5oEXnzwfu/8AntVtxfuoKlJnPz9q3NNvNDh8L6hYz2Mv9sfbLWSzu/O/1UX73zYv/RX/AH6rPvIT5UfkQReZRo0OZY74f6uKby5pv+WtXT3MAh1+fzZbCf8A5a/8tak03xJfaZqMcHnxeZFN/qZqy7yyubO/kqSGz/4mEc9xB+7l/wCeNdNID9MP+CB3xB+Feh/tweD9S+ItxbRafFeS+TNd/wCqiuvKl8r/AMiyxV+nX/BxdJ8BNM+A/h/xJrcOmf8ACfRa5a/2DL5n+lfYf3vm/u/+WsVfzw/DbxtqvgjxRZ6roc8tt+58yGWL/lrXqHxg/ai+JvxgtbPQ/H/jG91KPyfL+13c3+q/55f9sq9nC1oQjHmOX2v7zmO0+KnjD4EfHLxlo/ji+sf+EEs7rTZbbXtO0mH7T9lv/K/dXUX/AE6+b5Xmxf8ALKvmfWPDcG77d9hi8z/ltD/z1qxD/aug2moeGvFfmRyReV+6u4f9VL/rYv8Av7XN6lr1/Dp8kEAk+zy1w4mrRctDT6yampfYYbDyLH93cf8ALH/plWHealrmcTz+bJdf8tv9XViy+0XmgyQQWMUdx/y2u5pv/IVR31nb6b5c8Fx/pEv/AC1/1flVy+0MTHhhnml8+exoms/Olk/ceVJXSWfkabpf/Hj+8lm/8hVJ4bvP7Nv/ALdBY+Zef6yz87/llL/1y/5a1n7QDj9Y02+0y6kt5/3UkX7uqcM04izPPJXaTeDtVm/cT2MsccsPmfvqj/4VXrk0XnnSpaVSRt7M5OGb/pvUk2mmWLz7e+j8utyz+Huqm/ksZ7H9553/AC1rtLT4B31na2eq65pVzbWd/wDvIbu7h8qLyv8AplXPUn7M1pJ1dDzM6ObK1jnI5qvNZ32K+vPir+wD4/8AgJo3hfxH8TvB9zZaX420H+1fB+red5kV/a/8spf+mX/PWX/rrF/z1rxvWPh7ocMv9lWP2mW4/wCmX72ueWMnRfvHQsNSPK4NNvvKq5pum33/ADw/d16RpvgO+8ryIIP+mn+prPvNBnhlkg/sry/Krn/tNFLCs5+GG9spvPhP7yu08KfEjxhNc2+mT6j+7i/d/vv9V5VWNN0GxvNL+3X8EfmWv7uz/c+X5v72XzZZa6j4b/DfQ/FWveRrmrfYtPih+03k0XlSSxRf9Moq4cTiabOiFK257JefFrxxrHwqt/2O779oXTb3wPFrH23R4vsf2axtbr/nr5vleb5Xm3NzXyH481K+03WpLfTz/wAtq7DxJoN/P5kGlfvfKm/5ZVz/APwimtzf6+xk8yKHzKrAqXPzzkZYn+HyQI/AXxa8Y+G/s/2HXJY7f/V+V51e+TeNvhJ8bPhz9h8R2Ntpvii1/dQ6hafuopYv/jtfO+paPewxRz/YZfs//LH9zXWeA4YofL8VWI03y4pvLvLSaaLzf3v/AEylr2FiVze4eJUplz4hfBPVfDcMn2Gx82S1h8y8/c/89f3sUvm/9cq870fXvsd1JBf/ALyP/ltFX0ZefELwrrEVv8Orie503T5dY+0/23FpsUVz/wBMov8Anr5X73/nr/6KrzPxJ8E5ryW8ggvtN+0RTfubu0m/dXX/AFyr0o+zq/CI5vWPBOlaxovneFb+O+uP+eMP+t8ryvN/1X+t/dfvfN/65Vx+max/ZF/H9ugi8uWby5v3PmeVXun7OmpfFT9mP9oK3vtK+Jtz8MvEnk3Wk3moato/mxRSyxfvbW5i8r/VS/8AXKvN/iF8LJtNuriexhj/AHU3/Lp+9ili/wCmX+f+eVXUpfuR/wAIr6nqOreCdZt9V0mb7TZy/vIZf+WUsVWPE2keENU8ER+P/DviSL+2LrXrqO88PRWf/HhF5UXlXXm/9NZZbn91/wBMq5fTNeMVjcaVfQSyWcsPl+TNN/qpf+WUtbGveFbGzlj1XStVlk0e/wD+PO7l/wCevlRebFL/ANcq4qVOwjD0fUvJluP3H+th/wCWVWJofsXmX0F95kcv/Lb/AOO0NZ/upIPI/eVY8mf7Bb+R+8/54/uasCv50E0UdvPB5claEMOq+D9aj/f/ALyWGKSHyay7yz/fefB5fly/9MakmmH7uef/AJZf+QqFuaFj4haD9jit/FUEEv2e6ml8mb/nrWfoOp38NpJ5H+rim/5YmvRNYhn8bfC/9xB5smjTeZ50P/PLyv8AP/kWvM9B8/ypLeCCX97/AMsf+mta1DoO0vJoNB8R28+hzyfZ/O8z/tlXefE6zgvPgjZ+KoNVuYtYtdYurb+z5Zv9VYS2sUvm/wDgVLc15Hpt5PeWtvB5EnmWtemQ6lNrHgj/AE6eWX/Q/Lhim/56/uvN/wDIX73/ALa06X8EDyOfTZ9Sikggg/5Y+ZDWXBDb/ZbixuLf95LD+5/6ZS16BNrEE3hy40P+w4pJIpv3OoQ/88q4uGznhu/P8jyvNpVP3RzmXPDfeGtUuLGw1D95FNLH51pN/ra6DwvqVsNBvNIvtC8y8+2RSWerefL/AKLFF5vmxeV/y182s+98/TbqPVYP+usNdRofxr8SeFvC/iDQbCCx+z+LbO1t9em1HR4rmXyorqKX91LLF5sX72KL/VVX8U6qZn+LdF8N6HDp9zpvj+w1mS60i0vduiwyxx2ssv8ArbCXzYov3sUv/PLzYv8AprXonijQtJm/Zh8P+KY/jvFq0mo+Nb+2m+DunXt35uhxRWsUsWofvvNi/e+bLF/y16f63/WxReeQ/FPW9MfVJ9D0vTYrC/m/5B3k+bFF/wBMv3v/ACy/+NRVz15eTxXUmlXF99m8qbzPKquS7OmnUo0tQ0HWdV0eWO4sp4sxf6mva/hJ+1jd+CZNNGt+CdNuodO1i1vfObTYpJZfKl83ypftfmxeV/2yi/8AaVeQQ+FbDyvPsfGNl/1xlhlilqT+x54Zf3Gq2Ukf/X55f/o2o/d9Djp1PZH0r4J/asurf7Ppemz6bqVv/pVz/Z13Z/ZvKlli8qWKKWL97F+6iii/1vm17H8PvjB+yF421m8134m/BbxtFpcujxRw2mk699tltb+L/lr9pu4v9V/rf3UsX/bWvgfTYbHzv9O+0+X/AMtvJmiruPBPiXw74bMY/t3xBFJF/wA8vK8r/wBG151Wk4S0Z6OGxtHqfaHw9+J3w38NeKJL34Z65HpNxFpv2L/hIdJs7WT/AFuny2F15tj+9tf3sUsvm/uv3tcX8WvG3hXxl4T0Pwd458KWOiR6X/o2patpNnL5V/F5UUUUssX/AEyii/5Zf9Nay/h78Qvg74a0D+3PDnxc1a51ywmtbnTdJ1zwrF9mv5f+XqKWWK6/1VfX/iT9tj9iH4pi/s/il+w34TtJb6b99qngvxtJbGP/AKaxxXX7qro4qpRn0+463Uo1IHzR8Jf+CSPjn9pfw3qHjD4A+P8Awl4ps7CGW5vIdO16KK5+yxReb+6il8qX/nr/AK3yv3v/AH9ryP8Aac/YK/aF/ZM8UXngn4t/Dm903ULC8urebzof9Glli/59pf8AVSxeVLFL+6/56199/Bn9kb9kn48az5H7K/jjUtE8SeT9ph8MeLPKtvtUX73zYra5tJZfNl/7ZRf9ta+dP23vGH7Rmj+KP+Eb+KniO+1K40uGXTodRu9e+0/ZYvK8ryvN/wCeVevTnHEr4Dy8TT9l79M+L59Hn+3xwX0Ecf7mjXvDeq6DLHBqtj5Un7r/AFsP+ti8r91X0ZrHwlsdS8L6XrmuaH/ZFx9ji+2Wk37yKWL/AJZXVtL/AMtYpfK8r/rrVP4zeA5/G3hfT9VsdVjvv7G02Kys5YpovN8r/llF/wBdYqy+rOPxnne1Z893k0P9nxwW/l+Z/wA8Yv8AnrVjw/42vtNlj+3f6T5X/Hn9r/5ZV0l5o/w/s/h9caV/YdzbeLItYi/4mH9pf6NLYeVL5sX2byv9b5vlS+b/ANMq4PXtG1Wzuv8ATvLj83/ll/z1/wCmtH8Ik2Ne8V2PiSLUL+HSY7G4v7yL/iXWnm/ZrWLyv9VF+9/56/vf+2Vc2NSnMvkXH+s/1daHg+ax8N+LrceI7GW+s4pov7StIpvK82L/AJaxeb/1yo8VaDqvhrVLjStVguYri1mltpobuzljlili/wCesUtYmtIjh164vbCOCxhi+0RTSyTeV/y1rYh0Gez0z+3L6D935Pao/hJ4b/tK/kgn/wBZ/rP+2Vfbmpf8E5fH+j/BHS/ibq1hJ9n1SziudNm8n/Vf9Mv+/X72s6n7o6aeGq1UfJ/hvwrBefuLiDzZJf8AllDWx/wr2f8A4SOOxg8r/np+5/8AjtemeKvhjqvg+W4sfPjsbe1/d/a4of8AW15f4q8YDw3FcWGlf6yL/pt/yyrOlVoon2PspHsnwH1j4LfD34o6X4j+NXge28d6HYQ3X9seHpryW2+1S/ZZYrWLzYv3sXlXXlS/9sq5vWPjx4c0Gwt9Kg0myjjis7qyhu7v97dS2st19qi83/nrL/yy82vF9BvNcmvpD+9ljl/10Pnf62sPxVps/wDwkXkQXFzJHF/yxqvrlP2hr7KX2D0DxVr032qPXIdC8qO6vP8AW+T/AK2Wu8/4aK8R+I/CWh+DvFUH2nT/AA5DdWUNpLD/AKqKWXzfK/7+xV5vpkGuax4WvILGexi0/wAOWf2n/S5ov9bLLF+6tvN/eyy/vf8AVRf88pa7jwR420q8vtQtdK8OW0kcuj/ZtS+1w/8AH1+9/dXXlf8ALpLF+6/1Uv8A3982uXEYixthvaRrWZ7J8SPjl4/+P3wI8N+HNW8Xx6lb/D7R4tJ0LSZv9ba2v/TL/P8Ayyir5r/4TafQfFseq32leV5s376voD4J/BnxHp2sW9jYW1zc3F1eRW3k/wDP19q/49f3X/TWvL/Hnw3nhluP7Vgktrf7Z5f/AE182ufEz9pR53E9KphKy1ge4fs96D8FvGHwR+JGq+ONWii8WWsNrceD4fsflfapfN/e+VLXceCf2M/B3ja10u+sfL8zWbOL7ZaCb/jwl/dReVL/AM8opZZa8f8AgPo8EFhcaHAZYreXWPs0M3/LWL/47X6t/Ar9mfQdC+Fuh+O7Gf7RZ6pD5epQ2kP+quov+ev/AE1/5a18RjsQqdVI7smoRdZxqs/NjxL+xD9su7Pw5pVvLH9qmi8mbyf+WvlRf+Qv3tcfrH7Fvj/QvEsnhzQ7G5+xyzf6ZX6+fE/9mnSrK60Pxz4b0rzY7qH/AEzyof8Alr/z1r1H4XfsieB/HXw91HxBPbZvHs/LzL/yyr2qOFrSgnD3j3MZhssw69pVZ+IXg/8AYtvrzxHJ4VsZ7m2kih+0zfa/9bFF/wBcq9o8E/8ABOzxXrGvf8I5fWNzqUlhD/aM0sVnFL9q82Lyov3X/LX/AFv/AKNrx79tv9qPxF+yh+2XpXxK+EGvx6xbWMstnqukyzf6DfRRfupYv+uUsX7r/tlX7N/sW/EX4QeMvgx4Y/am+DF9LdeAtU037fBL5xkubCbyZf7T0+583/nlLH/qpZf+WX7r/WxV2zw2Oy6MalSHuyPl6mNybEylHDy5j8nf2kP2WPhjZ6NoeifCnwZqWieKItN/0zwxqH7yL91/rZYrn/Vfvf3svlf9Na+f/jD+y74j0fwHqHxi8HaHJc6HYXkVlqU13D5dzYSy+VLFLLF/rYopfN/dS/6qWv3V+Plt+xP8TvGWheGLXRr231aW4l1bT9T8JiKGSKW1ii/9q+V5vlRV8W/GrQ/DXxesdX8ESwWeiWdvF/Y2nePItJNlY+LfKH26xtJPK8rybnzf+Wsn72X7L5UX/PKsaeKhL3jk+qOMruHun5SazoPirw/oOl+I9c+xfY9UmuorOWG8ill82LyopYpfK/1Uv72L/W1qeG/iFP8AYJNK8+2uZPO8yzlmm/exS/8AXX/llXafGH9nXxHpujXmqixudNuLXUvs2padd2f+quv+eUv/AE1/dV4H4k0HXPCuqef9g/dxf88Ya9jDV0vhPJxOGVN6HuHxC/aL0r4tfC/XPB3xp+EltrfjCW8tbnQfiFaXn2a+sIoovKltZYv+WsXlRReV/wA8qw/hj8QrHxtoMfwW8f31lbfZZpbnR9W8n/TpZfK8qK183/nlXH/Cv4zeOPhZ4ys/HHgfxH/ZusWE0vk3f2OK582KWLypYpYpf9bFLF5sXlf9Na1PiHD4Hg8Wx+OPhzPJY6Xf3ktzpunzalFLdaX+9/1Usv7rzZa9z2ntaR59Knr+8OP+M/wr134e+I7xr3Sv3cV5LbTfuZfK82L/AD/5FrH0fWILz/R77zPLv/3f7r/nr/yyr6U0e8vvjZ8L7jwBPBHHeWt5LrX2SaGKP7VLL5UUvlf89f3UVt/zy/8AIUVfPeseA9V8N3V5YwfureWby5vN/wCWVKdPQ7PZlfTYfsWvfZ9Vg8zyof33/XKtjxh4Pg0f7R/ZWq219Ha3nlTTWnm+VFF5UXlS/wDf2X/yFWXNN5/9n6tfQSy3Fr+6vPO/5a/5/wDatdhZaD/b3g2PVYT/AMes32aaL/nr/wA8q5g9mcH58F3ayfaIPKki/wBTVe8+0QnyZqkvNNns/MggqvNDP5UcE483zYf+WtZknYfDe8sZZZLDVZ5Ix5P/AG1uovNrk9SJ0HXryxn83/UyxzVsaDPPFdWc5n/eRfu/+uX72qfjbTZ4fEn9q+R/rYa6aR0Gfo+r/Y5ZL7/W+V/yxm/5610EOsaro+qefYw3MWn3X2r7H++l/wBV5Xlf/va5ezhnEX2H97+6/wBdWh/bF9Z6pHPYz/vIv9TW5znSeFbP7Zo3kX1xJF5UMvnf5/661Y8S/De+0e1uINWn8qS1/eTQzQ+X5sX7ryvK/wCuv/or97Ueg+ReWv2/VNVto7iKb9zDNN/qv+/VbHjDxhBDf2eq/wBuXOrXkX/LW7h8ryrr/lrL/rf3sv8A01rH2tEzPN9Yg87zPP8A9ZFXNz/vv9B8+WPza9A1jTZ5rWO+sYI4/tX72bza4+8s/Jlkggg/eUU6hoR6OLGziuJ576T/AK5eT/rar+dBeS/9NKPsd9DdSQXE8cflfu5q0LzVbSDQ4/C9kltItrqV1L/a0MPly3UUsUX7r/rl+6/8i1sB0l58GPFWmTf8gqKX/rjUb+A9chP2efwvJXqln+1d4imupDe6VbSSS/u5vOhroNN/aK8OalDbweI9KsYv+uNn+9r5WOJzP7UD1PZ4Q8X03wnpUMUgvvC2peZ/yx8qarB0HwrZzRz32k6vFHX0J4b8YfBa8uo7HVdcvra3l/5a/Y/Nliqxo8Pwk17zPt3jGP8A1377yoYv9VXTSxGL+3AzjQw6PG9Bi+HNnpfnT33iCLUP+WP/ABIfMil/8i1seEPG3wsm8Wx6V4xvr6LT/wDltNNZ+XLFF/39r6E8H/B/4A+bJZf8LOvvs8sMX2P/AEPzP3v/AC1/7ZV6BD+wr4V8SSyWXg7Vf+Eks7ryvJ1H+zZZfN/eyxfuv+2sUtdtKtKHxwK+r0p/8vD67/4JDfAb/glj4r8b6b4i0H9qz+2PEMMv2nTfDut2f9kX1rLF/wA8pRL/AO1K+z/2tf8Agif+zv8AGrwpc3vwl0qDRdUki4tpJN9rdfXmvxF1L9g/4jeCfM8f+Dv7S02SLyv7Nm07TZbaKX91FL5UX/LKWXypf9VF+9r0Dwr+0t+178KpdP8AAGq/tC+JI7f/AJYxS69Lbf6L5X7qWL/tr/yyr38DiYVF/KccqVT4Oc7Txh+zpq3wfv5Phz/oWpafpf8Ao154e1GH91L/AM9YvN/56/8AXKvmPxh+zr4OPj280rwB4xli1DyZZJvD2o/u7mLzf+eX/PWvvD4b/H7wrr3wgk8AePoPEGkeLPO8zTfFl3Na3Nj5v73/AFssVh5vlf8ALL97Xj3j39l/9oLxp8TZ/H3grw9FrWs6HP8AaLqXw/p0ttdWx82I4ktv+WX72SP/ALayxV7OK+q16X7sz0pU+SZ8KfGf4D/E3wJoOn+I9d0O+to7qa6j0fVprOWKK/ltfK82KKX/AJayxebF5v8A11ryPTby+1K1uIL6x83yv+m3+qlr9VvEf7R+g+KLX4a/sx/tzeAbO++GngqXU4p7rRbaOyvbX7dFF/p4ER8mS6tZZfN82SL/AMiy+bXz742/YJ8HfELx5qE/7IXj+Lxb5WpWv9m6f/x7X0sUv7qLzbaX/lr5v7r91/8AGq8Kthn9kuNKlI+O/G3gPXdH0/R/GPkf6HqkMskMv/XKXypYv+uv/TL/AJ5Sxf8APWu406XwB8VNL0a/1bxD4hvviBr3i/VJfG0uoQxSWI0b7LYSxX8cv+t+1eb/AGlLL5v/AEy/1X/LX1Dx94a0nXvgB408Na/4H1K28UaXNa3Pw9i0mHyraXyv9F1j7TFL/rZfKisfNl/df8gr97XrH/BJH9mODx58V9L8VweALbxBeReFb+TUvD2o2csf9qRf2fdRX8UX/LKKXypYv3v/AD1/6a1nCi/aD/hHxfoOpeMfhv8AEuP/AISPSPMvIrz7NeWl3DL5v7r915UtfuV+y4Ivip+zRF8DdJu7nWdL/seHXfDcU37y5itfK/0m0i/65f8APL/lrXzL48/YV+2ftGah4i1XwrLcx39na+I/Df7n/W2sv72L/tl/qv3VfRf7NPwz8Z/DfXvDmi+DryGyvba7i/s+GYf6qX91+6rtlk08VSPqMnVGVGUZbyPFf+CnP7EXij9nnw7Z+KfGM9jdx6p/pZ1GG4/dS+b5X+if5/1tfFXw3/ZpvfjZ4juL77DbWXmwy3MMs0P+t8qLzfKr6W/4K6fHD44eJvjZb+A/iJ5+p3cs3l6PaIv7qKKL/nlXrf8AwSy+Cuk+P9Fjn166tdJu5YZbazs9Tk8uW6/dS/uv/IstfMY3Lq1Kt7OB6FLJ4usutviPibxh+yX4k02/0+3sfDv+qhlkmh/5ZReVFL5sv/kKWus+E/7EN/8AHL4g659hgudN0vQbO/kmm1DyvNiitYv9Fil/6ay+V+9l/wCmUstfqB8YP2FtU0/wDdNqGiKYrN5UW5tJuYopYvK/dVxf7PX7FHiKz+B2zx/qvmm60eW2h8mb97L+9/1sv/f3/wAi15H73C1LVD2FkuAmrwkfkPN8GPiNrFr4guPDelXNzp9hNFJ5vk/6391/zy/z/raj+EvgPxxoPjKO+vrH7NHa/u/Ol82v04m/Zqk+Huj6ilhYyfY9T/0ee7/6axf/AGqWvH/jx+z3Y6x4c+3eFf8ARriL95N5X/LKvMxeeYeMOWR7mD4G+tv2lOR6/wD8EsvFvwz+FHxS8OeLvippdhNYy2l9ZW7XNl5slrJ9l82OWL8P3X/bWvBP+CmXwH0L4M/EG8MH+k6fdQ+Z/wAS+b/pr/z1rl/h7/wsbTbDS/B0+q3Nz9g1L/nj/wBMq9E+M03iPxr4S+w+Kp/+QXD5f2vyf3ssVelg8asTg+Q8jHcPYnBV5wPA/Dem6vpH/CP/ABb1Xw5bW2l+KNSlsv7J0/8A5dZbXyv3X/TL/WxS/wDbWv04/Yd+OXg7X/Alv4H1y4sotYsJvs2pafDpsUUX/TKWXyovKl/7a18R69qXgfw38DPHHgDVdDubm38W2el61o+reT5UsWs2vm+b/wBussVzL/5Co/YC+MsGvfHOP+yrGX7Z53l3lpFN+6/dRRV4uMwPtqy5D5FYmOCxnLUP2I/ac+OPwB/Ze/ZW1j4+/HDxJFpPhvRrOKSb/n5v5fK/dWsUX/LWWWX91X4meDf+DpX9s7w38cdY1rw18NvBkXgHVL4JD4KvtPLy2tgD5Y/0oEGW58vH72X90Zc/uu1eX/8ABe3/AIKEeKv2qv2hU/Z10DWv+KG+FM0unQ21pL+6vtVizFc3X/bP/j1i9oT/AM9a/PzTJiLyJyO9fpGT4KnQpR5z5DOMwr4v2kb+7qfs1/wXF8NfATx//wAE5/h3+038Lfhtp+iT+IfGETW8plsZL77Nc2Es3lXP2X91F0ik8rtn/ln0rwT/AIIkf8FEfHvwIg8SfsfeIfiGLDwn4pgutb0yHUDF9hi1OO1/efaZJuYYpYov3vl/8tbWL/prVr/grB+2x+z78a/+Ce37MP7N/wCz54igurnwp4Pin8b6faxS/wCgapJa2kXlP/z1k837Ufxr5W/4Jd6Vaa1/wUE+Dfh/XTJ9jvviTo1je+T/AMsopb+KKX/0ZXp8RU4YrDOnH+U+U4SjXwFO9TpJ7+p+vnjvX/2evDXwv1rxj8UPHV7beKdL021ufBh0m1+2/arWX/j18z975X/PL/prF/0yr1P4T/tTaR8UYLjw5ZWNvr/gvT9IWXR4/FthHcS2vmWv2vzYpYf+fWL7TFFL5X+tltf+PWvQv2iP2GLbQ9M8IXvjfxJpH/CL3OnRXF7q3neXdWv+q82Xzf3VfJHxa+H3w7+G/ifxhY+FfFFz4kuJdS+zWcNpN5st19qi8qK6sYpYv9Li+1f88q/GMZ7bKq0E0frMa/12joV/2zPhN8RfjLcad8d9M+IqXNp4T8G6PZ6vpWoaVHHJdfborqWKXzYpcXUssVt5ssssX7rzYov3uPNrxv8Aac/4Jy6H4O+Bln4q/tWXSfEkX2+48bWmoTfZotL8q6isIvKll8r7X+9l/e/ZfN/df88q9M1j4tWPwr1S4g+P2uR63eazZ/8AEyu9Pm+3XVh5sX73zbaWWX97FF/01/79VH+0z+3L8C/DHx48TeCv2WfHP2bQLq71S98F6ukXmWulm+0ryrqK2sbv/VSfvZYv+/XlRfuoq93AYp1H7SUTzauGlHc/L/x58MfGOg3Umkz6V/plhN/yxhrl9B1ODzf9O8yOSX/XS19ofG741eAPiRf6P4j1zxjput+IPEesX97488b+GYfs2p/apZf3Uv2b7Laxf9MpYv3sX/TWKvA/jl8B9V0fy/HENhZS6fqk0v8AZt3aQ+XFL/2y/wCWVe/h8TY8urhjQ/Zp17XNH8UafPYz+X5V5L5M0v8Aqopa9I/aF8K6V481238Zarocfh/S9Z/0bWJoYZYrXS7/AP6a/wDPL/Veb5X/AEylr5z8E+MNV8K3Wn6rb3scclrrEUn7mb975tfZniP4weHPGH7NP2DQ4NNik1TyrLxJon9mxRfav+WsWoeb/rZbr/l1ll/df62KuqnJ3DDHyfDoP+n3Glarocltby6D5kPlQ/63915trdf9cv8AVfva3PCsOleCfiXceB4fEct7peveG4pLzyv+fryopfK/7ZS+b/36r2T9nbTZ9dutP+GXiqC2ubzS4fsWgzXcMUUv2C6l83yvN/5a/vZf9V/01l/exV8//Hnw3/wivi2SfShLF9lvPLmh/wCWsUtdKhRlT0H7Ktcy/Hnhu+s5ZPPH+kRTeXNXHzTGaLPkV9KfAf4b6V8cvBHiDwdBY/8AFSWtn/a2g+d/y9RRebLdRf8AXXyv3v8A2ylrxfxh8Pb7R/tE88HleV+8/ffuvNrlmqtI6VhrUjn5rO402ws9Vg/1cv8AyxrU1ia317QLO+nnl+0RTeXN/wBcvKrDmm/0WSxNbng+zgm8L6hz/wAsf+W1FPczI9Bm8OQ+A/EF9qtjLLqF/NFbaP8A9MovN82WX/yFFF/21rj5tTnhuv8AUfvIoa2NY/c2FvB/yzirm5ZvJlk/56S10HLU3LlnqU9ndfboJ5f3VbHhXwrrmv3Ul95Esdna/vLy7/55RUeAvDc+vX9vpVj5fmXX/LWX/llXqGsfEKHwH4cvPhxpBij0u/8A3l5ND+6ub+KL/j1/1v8A01/e/wD7qLyszSEZnC/GDxF4PHjy4/4VloMum6U0EUcEU15Lcyn91/rZP+msv+t/6ZebWV488UaBq3hfw3oek+AI9I1DS4br+3tW/tKWWXWbqW682KWWL/ll5UXlRfuqt6P4bn8j/hJL6D/R4v3n/XWub1E3GparcarPPL5n/PatU7GlTYw5pp5rzz8VoTaDPZ6dHqp837Pdeb5M3/tL/rrUc0M8XT/v9RNN50UdjMZfLi82SHyv+esv/wC6rc5TY0fxHcZksZ7C2ubeX/nt/wDHauWc0E11b2/2+yjjlm/1sv73yv8Av1FWHNd2PlST6UZfs/8A02h/1VSaxqen3s3kaZBc/vfK/wCPu782Xzf+uvlVjyMDrPEnirQfN0+40LVf9M/1epeVZyxRebF/zy/56+bF/wBcqr6D4k/s2Xz4J4/MuofLmmhm8uuLh8+eKT9x/qq1IdH1VtL/ALVgsfNt4vKjvJvJ/dRebR7M6D0S8+J2uQxR+Rq0f7qH/nt/9troNI/ac8Y/YP7KvrmKOT/Wf8geK58qWL/VeVL5v/LXza8vvX8Orp+ltpV9cy3ksMv9pQ3UPlxRXXmy/wCq/wCesXleV/5Frch+Hvj+C1+3X1j/AGbbywyy2c2rXkVtFdeV/rfK83yvN/1sX7qL/nrUeyMfZnqHgj9pz4qanf2+lHxXJLZ+d5nlWk3l/wDLL/WxRf8APX97Xpng/wCKniP4k3+n23iSyk1v7VqUVlZ6fFNFLdSyy/8ALKKKWWKX/wBpebXy3DZX2gwx308Ev+lQ+ZDW5e/EnVbK10+DyPL+yw/8fcM3+tll/wCWv/XX/wCNUv4RJ9MfEj4wX0N1ef8ACudU1K50+68qPTYtWs/Lupf+ev8Aqv8AW+V5Veyfsg/8Fhfi98C9QtL+wU3U9ibq2is9bji8qOKWX97DHL/rf9b+9i/6axV8J2fxOvhax6V/blze2cv+utLuH91F/wBcv+eUv/TX/prLXoHgPwH8RvGM0k/hvxjJHZy2fmedqOvWsf7qL915Vz5svlf89f8AyF+6/e10UsTVpAfSmvftIeOPjl43vJ/HGlaTq9vql55l5pMVn/z1l/exW3/PL/plF/01lrz/AMVw658E9U+w6HB/bfh+6mi1Hwr4hh/0a+0aX/plc/62KWL/AJ5f6r/Vfuq5Pwr4k/4Q77RfWOq+bqFrDF5Pleb+6/e/8sv8y/8AXWvpz4D+N/AGm38fiPx/PbRaHqn7u883yopZYpf+WUX/ADyl/wCmtaTxtWqdVCnafukfwM1jw5PoOn6r4j0O21fxx4X1iW9/tvUbP7N5trFFF+6vpfN/0uXzf3ssvleb/wBspf3X2f8ACb9iT4m+FPhTJ+1X+zn4oNj4wtfG0Uvhu1xFL/xK5YpbWW0/66+bLL5tfLHxml0P4qfEvR/HHw50qTw/p9/N9is9J8n97qlr5ssvm+V5XmxRRReVF/z1l/65fuovsT9i34heP/B+taH4HuPEcsWh2E11JZzTf6qW68r/AJa/9Mv3Xlf8sq7sDz160Tpq4dQ/eM+hPgF4R8HWdl4Ti8aaRbG8sNBtbKGWWHzLm1i+y+b+9/6Zf88q2/i98FdC0K80vx/4btrb+0ItX/cxWv8Ay9Rf8ta7P4N/DnwR8S/Dn2ci9/0WaWT7XDD5cf8A39/5a10HiTwD4b+Ht9f/ABR8beNrey8N6HZy3N3dajN5Vta2sX72WWWT/wBq19FUxlHDStE5quKdJfuTy7X/APgmv8Jv2kNft/ij4+0+bTbwQeX5VmCf/Rtec/tZ/s1fsGfsd+A28XfFL9pbQPhrZRxb9Im8R6nFFLJ5XlZ+zRf626l/65c/va/PD/gpj/wdsfEK78RX/wAJf+CZmk2mkaNaySW83xL8T6T9our+XIHm2VjN+6hi5zmaKSTH/LKKvxo+M3x/+MH7QXj67+Jfx0+JWu+LNbvJR9r1XXtSkubmQen7z+VfPYqaxVTmkRRznM6NnGofu98Yv+Dof9gH4T6BYeB/hj4D8ffGW503T/s95rF2ItEsbuX/AJ6/vfNl/wC/sVfLXiP/AIOrfHLxT6T4E/YX8JW2lbpRZ2ureML+5kij9P3XlV+Tct/p5uXMNnL5f/LOKWXpTP7QtP8An0j/ACrjlhsPNe9AlZ1mCl8bP1n8B/8AByb4d8SeFbvwR8XP2R5Y0urz7RDqfhrxnL/ov/btLF+9/wC/tfZuh+Cfh7rHw90z4vaV4gt9W0fxV4eivdCmth/yylr+dKPWYYLWS2GmR7zNn7V/y0r9Yf8AglL/AMFPP2GfA37Luifs/ftUeLb7wtqfhu6vfsmrSaDLfWt1a3N1JdR/8ekUsvmxmWX/AJZ96+B4t4UjicMq2Dh79z9O4D47rYHFuljJ+5I+vfgD8JPDmm+Lf7V1W2i+z2v7yaWb/lrXon7QXwJsde8J2nxM0PwlHc6h5P8AyD/+WUUX73/yL/qq5z4U/ti/8EyviVerD4O/4KE/DG1jl/1w8Q3lzonl/wDgwiir7g/Z6m/ZI+Jlj/ZXw0+P/gnxvH9jlj8rw94rtb7/AK6/6qWvGybK88oR9nUhyn03EPF+STq+1oy5j87te/Y58VfE79l/VNQsbHzLi1vJY9N/56/6qvzr8D/tBX37JHjjXPHF9pXlaho0N1JD5sP/AC9RWssVr/5NfZq/pPm+AWh+A/h9ceAfDt95j+dLIJvJ/wBVX86n/Bf39l7xV8BPirceLLKwuE0fX7siaWKH915pEUnlSfTy819Ll6qxx8IVUflGd8mYxliKW36H5zajLcalBLqdzM0kkkuZZZT/AKyu2/Zz+Mvgf4I+O5PFfjb4EeHfiBa/2NfWi6P4muJkt4pJYDELkeVKB5kZP7s/iMSeXLHyWj3mizeBdUs7mXbqAvLZ7TP/AC0ixL5v/tOuZlIHHvX6ArbHxNOmmpRkaEurXUjF45PL/Gv0h/4Nsv2GviV+01+3x4c+ON34SvP+EG+Fskms65rQh/dC+8mX7Daxf89ZfN8ubH/PKI/9Mq+a/wDgld+xVZft+/tleGP2eNU8ZQ+G9Hu0lvde1aSDzJYrC2HmzeVHx5sp/wBWPTPmf8sjX9OfjfxV+zR/wTx/Yxj+DH7LugWOk6ZounfYtHsdPP7397+6lu5ZP+Wsv/LWWWuTE14R0PUy/AvE1o04RIP2yPiXpPxN+DMvhbR7ZrP+wxFp93pOsviWWKX91FLH5R5PvX5Uft7Ta5DoOl/8I3/a9jqmlw/8S3XIZv8ASov+mXm/9/a+4PgB8cvhb4l8Vyf8JZfReZf6HdR/6Z+8/e/6L5VW/wBsPwr8F/jJ8J/t3h6y02W4i/eW88M8UcXlf9da+PxvD9bNMdCvF6RP13KMHgcHhpUq0dGfjJo+m2PgPRrPVfs8epRxTfaZptR82PzZf+WtY37bHwV1vwb8aLPUL7TbbRNO8b+D9G8XaDp2nTeZFYWup2sV1FF/2y82WL/7VXsvxa+GNj4k1nQ/AHw/1T/iX6pr39nQ6j/rYrWKWWL97/1y/e/+ja4f4w+KPg/8U/2p/FGtfFaTxB4Y8BxXl1ZaPbaJZ/bb6wtbWLytMtYorqX/AFUUUUUX+t/dRRf9sq9SWXywVPVHzOZU6UalqZ8n6heX3hyaSf7TLLJFNXuHwC/aKsvGfgjV/gf8QDF9j1SGKTTbuaH/AI9bqL/VSxf+Qv8Av1Xl/jyytr2KSef93JL+7mim/wBbFLXN/DHV4vDfiiz1W3n/ANVN++/fS/8AtKsvZ03DnR8jiL85oeNtB1bwhqkg1DS5cXU3+h3csMsX+q/z/wBsq9A+BvxTuLPQdQ8OzzRxxyw/uYZv+WUv/LL/ANq07xz4FHxF8T3cNjNomnC10f7TZy3c1rptt5VrF/yy/wBV/wBMv3UX73/Wy/8APWWvLdN1Kezuv+WnmSw/voZv+Wtbq1SmNUj6w8NzWP2/T/7D8Yab/wAJB/Y8VzD/AGfqX+ql83zYv3v+q83/AJZeV/rfNi8qtT45fs96r8YJZPHHgfSpftl/psV7Np0X73zZfN8qXyv+ev7397XzX4P1Kxxb65YTy+Za3nmw1+7P/Bvn4Z+E/jLwn4hvNUtbe71WK3tY7X7TiTyrX97/AKvP/LTzf+Wv/XKlgafJX5We9gcM/ZyrSV4xR+V3wl+G3xN+A8Vn450LQr6PXNLvPtumw3cP/LWKuP8A2nPhvPZRXmuaV/yD7XUpY7Obzv8AllX9DH7X37BHgGXQrnXfBOlW0UqJ8tt5P3Iq/Bv9tLwTqvgn4g6x4A0r/V+d5nk16uaU6dJLkPcWAo43Lva0j4/vIp/7V+z+R5slbmgzX1no15ffvP3sP/LKGtDQPDf2zxJGZ/8ARriWb/lt/wAsoq9Y+JHwl8HfD34GeD/Efhz4t6bq2ueLft8niTw9aQ/6VoP2WWKK182X/pr/AK2vAqYn2R8v9RrHgfiqzuIP9HM/7yL/AF0P/TWsfR7P7ZdRwQGL97NXUa9ppz9ugg/eS/66o9N0GCz0GQf6qT/pr/zyrppVTm+rfvTpNB/4RXR9Gkhgv7m21CWbzIbuH/l1i8qX/lr/AMtfN82uo1/9nDxz/wAJTp/wzv8AwrJ/bksMVzqWk/8ALzYeb/qorn/pr+9i/wDAr97+982KsvQdH/tLxHpdjB9hsbi18qOGaKb91F/01ll/5a/9da+nPhvpvwy+A/w5/wCFqeI/GP2n4qaz4kl/s2G78qWK1sIopfNll/56+bLL/wAtf+eUX+t/1tdNP+c6qGHt7p5/+3p8CdG/ZZl0v9nbRrmSPxJYWcUvxCx/yy1TzZfNtf8AnlLFF+68r/8Ae18j3k0/2+T/AEeOKOL/ALZV658d/i1rnxC8eap4x8VX1zfapqk0sl5qF3N5ksssv72WWWvI9Ss57Pn/AFn/AC0no9r9g4MV8RXvMeT5Ag8uT/prWeZuf38MUUlbmpT2OpCzgsLGT7R5Pl3n77zftUvm/wDkKsOGKCGb7R+98yummcJc07x54j0eLUIND1u5sY9Us/sWpfZJvK+1Rf8APKX/AL9UumeLZ/DHim38Q/D+8vtJuLURSWc0OpfvYpf+Wv72Lyv+mlYTfaP+Pc/uq0Gs57OWPz/+WsPmQ1sZlz+wfEdndfv/ADYpIv8Ant/6NrZ8VeMPF/j3VovEnj+wtZLjyYrbzodHitvtXlf89fskUXmy/wDPWWX97L/z1rT8K/E7VNB/4ReXVdCttS0fw5qUtzDpWo2f+g3Xm+V5sUvleVL+98qL/lrXceKvjrqHizSI/hBYeFftvh7+0/8AiT6dNp1rc39ha/aruWK1tr7yvtX/AC/S/uvN/ey/89fKirQDA1n4xeB9a+KY8Ra5+zL4S03T3177bqWh6Hd6pbW32XyovNtY/NupfKi/df8AXX97XXrp37Il5+y1q/j/AMP/ABC1/TvirYa3Y/ZPBOoaV9p0i/sZbq/+0/ZbnH7ryrX+zf8AW+V/y1/1v/LHyvR9TvtYupLfVbD7Tb/vfJhu/wDWxRRf9Nf/AN7VibU9DEenzwXFz5ks3mTeb5X/AH6/dVmB2Hw98E6r8SNA8UfEafytN0fwvZ+ZN537yKKWX/j1tf8AtrLFXJnWJ7y6jsYfN8v/AFk0UNbGsa/4c1rSpNK8OaJL+61L99qPnf8AH1a/uoov3X/XX/pr/wAtYqz9N8m7l8jyPLuP+WP/AE1rkqgbH/CKz/ZbO+nsfNj/AHscP/XWuk+HsvxG8bX/APwh3hX7N5d1Na20P2uaKK1tZZZf3Xmy/wCqi/5a/wDfqWub03Wb7R7C3g1yf/Q7W88z7JL/AKqWvW/D37Zvxkl+Hvxk/Z4+F3hXwxongT4vXul3viPSbOwNzJYRaZL9qi+wyf8ALL/pr+6/65eVTpU4fbND698YfsDfAP8AY5+Alv8AHb41ftIeDrn4of8ACKxfbPhPqOpRS6nFfyy+b5X7qX/llF/z1/6a/wDbX0L/AIKF+Af2Jf2d/gFpmqfC/wCM9h4++IWsXgk1DS9KuIv7I0m2iil82WIRfvYZPN8ryv3v/wBf8nYb3x/8Tb+38OaV9uvtQl8qSHUfOlkll+y/uvK/79V7heeD7H4V/wBh6H8TvEcV94guv+YHNDdf6f8A9dZZfK8qLzf+Wv8A36/560U/Y3OqlVb92B9Sfs9+MPEnxz1TT/H/APYX+j+F/Dcsk3nTSx/vYovKi/66+VLLFL/2y/6a19mfsreFZ/HvxB0vSdJ/eafpfmx/a5f9bdeV+683/v7LL+9/5a+b/wBcq8b/AGFfhjP498ER+Hf7cj0i81T/AE3XtQu4fLitdLil/wBK/df88pfNi/df88vKr6o8B/E74LeD5bjxj4HvrbTdPtZpbb+zov3ksvlf8tf/ACF5v/bWvWw+PwuDpf3jWUasvckfacx8H+FfCEaeFZJbaTyYo/sEU3l/9MvNlr81P+DrX9rfxf8ABr9gHwf+zTomsSWWp/FXXpf7Ya1/5etHsYopbqL/ALa3VzY/9+pa1PiR+2Z4y8SeLY/+EO1WSLyryK2h8mb/ALay+b/z1/5ZV+VP/Bf79tjxD+1f+2FF4X1TUpJNP+HPh2LQrOHbkR3Uv72+l/8AIscX/brFXm08c8XiGi8zwEMJg4VI/aPz5m/dUQWc83SrkNnBNL/qK7DwfaQw2sgnsIpZJf8AU3cv+tir0qVP2rPk8RjFRpXOU0vwB4j1aOS4sLKSXyhUX/CN6qZfIggr1CHUvJtZIPPrAmk0q3bbCfM/64w13Sw1No4qOZynqcxpnhLWtavPsVrBH5v/ADy86KOu90r9lTxpqFoZ77xR4V00zf6mO78SW0ksn0ihMslep/8ABPr9ijx/+3l+0jo/wK8CahDpovpfN1PVp4fMFhaebFF5vlf8tZf3sflRV+4X7T3/AAbt/sl/Az4CjW/hJ4G1TWv7MsgdWvLzUZZLk+X/AMvX+t6/9c6KVHDp8tQ6KlbEez56Z/Np4h+H/iLwsJI7yL93FJ5fmxSf5/56VjWf26zk8+CeSOTtX3Z+11+wqfC1hJ4k8D6rLqWnxTeXNDN/rYq+R9W+H04u5IoziQfu/KlhrGrhnB6E4bMW9Kh6L+z5/wAFEf8AgoB+znPb/wDCk/2s/H2ixxS/udOi16a5tf8AwGl82L/yFX3x8K/+Cln7Q/8AwU5+BWr/ALGv7aX7EPiz443V/Z/adO8c/CTTIrfxDpflS+b5n2YReVN+UX/bSvzB8JfDnWIb+K7urdIv+eea+ifhj4l1z4exW+ueDvEdzpuoWH+pu7Sbypf+/tZxw1GU+aVO7LxGdTor2UDyD9sb9lD4i/sv/Ej/AIRvxf8AB/4geEbO+Q3mhW3xG8LyaTfzW2eSY/8AVnBB/wBXXjboyHIOPevqfxvqXir4heLbjxH4qvotXvL+b99qOo/6TLL/ANda9N+CvwY+B/jmOPwr49+Gvhe4uL+Py4buXzbGSL/tpFLXYsHOvL3I2OVZ1QoU7z1Phzw94k13wlrFv4l8Oarc2V7Zy+ZaXlrN5ckUnrX3v8Fv+C2vi3UvA0Xwr/ak+GHhvxAkcPl2XjbRNBtbHV7Xk/62OLEV12/55y8/8tOle7fHv/g2NurTwaPG/wAA/i5HeXUkHmf2FLPFekDy88S/uq/Oz9ob9hj9o79mfXZ9H+I/w8v4ktf9ddW0MkkQ/wCun/POuKvgmvjgd+Bz+jJ3oz5X9x+8v7Hn7MMPxq/Zm1X9rT4eeN9J1bRBo8txpEun3nmRS+V/rYpf+eMv/TL/AL+18va/qXjL4qeI5PCviTXLmy0vzv30UP7uL/nl+9/7+1+bv7Hf/BR/9sH9ha7v1+AHxv1bRNM1U/8AE38NXC/adNv+OsttL+6z283/AFtfp1/wTU/ag+FX/BRnxpp/wy8LRWXhP4hyw/aNe0/W9S/0a/8A+estj/z1/wCvX/W/9df3td2Wewpy5ah9HQ4gxkny1Kmn4H0/+xV/wTXvPi5aeF7u5aKPT9LvIv7S1CWH/W+VFF+9/wCusvl+bX5Kf8FFLyD4P/FrxZ8JPDlvbXOoXXjy/ubzVpv9b5UX7r/tlX9KnhvwN8Ufgp8Kv+EO+CGq6NKbCzupJppo/Mk+1eVFX4H/APBSD4AeI9N8Ua5qs+kR/wDCQS6lFczeVD5v2r/SovNiox9CeNk1DYIVqtZyqc58h6x4Vn8E+KP+EO8VWMUV55P2a88mbzIv9V+6l83/AD/qq831ez1XQdeknv7H7NcWs3l+VND+9ilr7A8bfs6eI/iFf2+uT2Nz/Yel/Zbnxtrnk/urC1l8qLzZZf8All5svmxeb/y1lr5v+Oc3ir4heLdc+I3iO+klvNU16WS8u7ub97LLLXzeJy6eGD2ntaZy/iTXtVvLXT55/wDWRQ/uasG8+HF7Ya5BO2pfbPOik8NyxeV5X/TWKX/47/5C/e/uufmhnhtfI8//AFU37mtSfTf3VvqjT/u7r/XS+TLF+9/55f5/561x/wAI1pFfRdY13w3qNwLXVZIv9b+6/wCetfdf/BMD9pHxr8E/GmmeI9D8TyRwoPmgnm/5ZV8ITQ/6f5//ADyr1z4A/EKw8KeKLMXx/wBHl/dV5uZV61OHtKR+r+HFPA1s0jQxn8OZ+6viP/gqHp/i7wjPpx1MfapIOEr8fv2wfidB4q+KuqeI4IP9b5sde+fDfw3qvxIsJP8AhFf9Jk8n/ljXzX8fvhV4k8PeMo9D8VQS22oS3nl+Tdw15eHzXF4vWofsHG/DORZVlvLl32jx/wAN6Pqt5Lea7PPL/wA9K1NR0HXTpXnz+b/zzhmlrsLPTdDm1n/hG/DlhL5fneX5s37yW6r0zxT8JPEcujaXpU2k3NlJLD5kMM0PlebXmYvNvZVrNH4fTyf2kuU+Z7OznFrJBfGWT/pjWXrFnBB5cBn/AO2Ne2eJfhvPo1r5M9hF/wBNpq8//wCEb0qG/wD9R5kldeBzb2p4uKyh0Jmf4bvLDTbr7dBPJFH5P/LX/llXeeMPg14q+D/giz8V+MbDUra41mHzLOHVof8AWxf63zYv+ev+trD8B+CZ/FXjyz8iDzY4ryKOH/prLXpH7YPxH1zxhdaf4I/ty5vdH0GGK203Tru8lkisJZf3t15Xm/8ATWvpKWJ/cnm1MPyU5e8fO+pZmtLi+vvM8v8A54+dWPeQ280scP2iT/2rW54qmzLHYmwto44v+W3/AD1rH8mCH9xBP5kn/TH91WtKofP1KZX1/TRZy/uL/wAz/lp5tZcMNxeS/v4Iv+m1blno+q69fx2OiWMtzeSzeXDaWkMsktdD4itNI0H4U6DZW+t6NearqesXWo3kdhYxTXtra+VFFa5vYpT/AK2X7T/okvlSxSw+b/y1ir0qZJ5dPnzfIgPm1JZzGGXM8Hm+b/0xrU03TYP9Igt/M+0f6qgeG76GK4nvoJYvsv7ub/plVHGXNNGugyaURqUef9J8q0h8zzYvK83/AFX/AFy/e/8AXKtCG80rTf7c8N6V4bsdb+1eVJZ6tLZ3VtLaxRf8tYoopYov+/sUtXJhrt5YaX4s/ty51b+wYYraGHUf3sUVr/rfKi83/ll/rf8Av7Who/jyfwr8TLzVfgfBc6Jb3811babFqF5a3stra3UUtrLFLL5UXm/upZYvN8qKtAMtvEcusaDZeDrzw5Zf6APLtNQiHlS+V5ssv72X/rrL/wCQoqx/Hmmar4b8XXnhODVba5ksLz7NNd2n+q82L91+6o1Lz9Hv5PsOq/8ALb9zLD/y1iqvDNcTX9vfT+ZLcS3nmTS1mBqalqV94V8zQmv7a58qb99NaTS/vauaPrN9/Y0mq3E9tFcRTReTD+9+1S/63zZYq2J/hFrmj+F7P4jeI9KvotH1S8lttN1CaH91dSxf6397/n/VVTh/4QDTdLknvRe3t5LDLHDaWk32b7LL/wAspf8Alr5v/XL/AMi1zlfwjD1Kz/tK6jvr6+8q3l/5Y12nw91PSvBOs/brHwBb+KdQurO6sptJ8Q2cstr5UsX7qWLypYpfN/5a/wDLL/VVzeg69Yw2F5YQaHY/vf8Al7l83zYv+uX/AO6/5ay1oaP481zR7n/iR33lSeT5fnRf62sPaVrlHuH7P+vfE/wdYyeFvDGh+HvC+oaXZ3X2y7urGL+05f8Anr+9uvN8r/plFF5Uv/PKKWrnxI+DPwyg8R2fiPVfidq2peILryv7Ym1CHzYvN83/AJZf8tf+/v8AzyrxfRvG2u+G9Qj1X7d5Ukv/ACxrpNY8YeI9Yurex1aD7N/ofmeVFN5v2quKpUqqpeJ14aLufUHww/aE8R2fwl8SWPg6w/4RbQ/sf2L+29Wm8y+v7X7VF5sUUX/LXzf+Wv73yv3VbHgn9tfVdCs7j4c+ANK+zf2pD9mvLuaH7bfX/wDyy/1v/LL/ALZeVFXP/sXfsFftGftf6pbwW4l0nwv+6j1LW9R837DpcX+tl83/AJ5f89a+3PDPwh/4J0/sRWEkK+KLnxh4g0uH7Tqd3p/lWVtF5X/TWWLzZf8Anl/21rgzPG1J0+SB6mBwdWpWvM+VBpf7QvhE3/xZ1DUrvTtJ0LR5dRmh8791a2sX72X/AMhf/vZa/Lnx34y134meN9Z8ceIZ5Jb/AFrVLrUbyX/prLL5slfsD/wVU/byhf8A4J+av4L0P4K23hu8+JWv2unabdmGWOWXS4v9KvvLk/66xW0X/b1X43wxedJ0/GvZ4ewdWnh/aVHzcxwcTY+DjGhTXwluKzMU3nQRgkit/SLDVfEWuQ+GfCGm3F/f3M32e1t7WHzJJJf+mVZV1FNFb28Fn/x8e1fo3/wTg/Yv+Kvjn4R2+g/sjeDftvxI8Rx58YfEzUIfMtfBthJ/y62P/T1J/wAtZf8AtlX1PtaOEXvnxNPD1cTpTXNI8Q+HP7JXw6+Fehtr/wC1TPeahrnmxfY/BlhqsVtFFF/0/S/62L/rlF/39irzX4ofFz4SaBqj23gL4eaHZps4i060Mn/kSaSWWv0B8d/8G+3xO+H2sW9/8U/H+v8AiSSWb7TeRQzf62vlb4Q/8Ej/ABX478ZasPiZqd1omlw69f2WjwzQ/wCk38UUvleb/wCi6wxHEOCpUeaKsTQ4TzKeJ5q873+zHRGJ/wAE7/8Ago34o/Yh/am0v9pPwj4UstSuLWzlsrzT9Qh/dSxS/wDXLyv3tft78N/+DmD9kL9o34C+INE8Q+B9e8K+MbzQruOLS7jF7YvL5Rj4uQOeT3jr4q+Af/BuP4V+Jl1cQeHBe20nk+Z5uoXctfMf7bH/AASw+NP7C3jK4sYLe5tpLWb/AFXnfupYv+WUsUtbYHG0MyV0b4rD18v/AHSPZPGPiqx8SXV5f2M8Ukd15sk0P/TKvlP48fs9jTT/AMJHpP8Ay1m/cy+TVP4S/H7XIbr+w9cMttJ537mvQNf+IUGseHJLG+/ex/8Ao2vQ9oeX/DPmf/TtNupINVrQ03UvJ8vyL6SrHjb/AEy/kgNYemWYs7ryIJ/NkirP2lgqUvbHpGjeG59Suvs8OqxRSS/uoZZq9ss/2G/2vIfDmh+P/CvgjUtXt9e02W9s/wCyf3nlRRS+V+9/55f62L97XzfD4pns/wDQT+8/5Z11lp8bfGMOl3FhB441L7HLD5f2T7ZL5UsX/PKu3DYlUjya2F5dD6I+D/7Zn7Qnhu+s4J/H+reZa+V5Pmzf88v9VX3/AKx8W/hP/wAFLf2QdU0T4g6JB4f+Lnhe08zR5LSzA/4SO1xN+7ij7+XaxDzf+eVfl58DP23dD8LeKbOD9oz4ZWPxD8PxQ2ttNDd6lLFfRWsUsX7q2uf9bafuovK/dV9W/B7xf+zn4x+LtnY/su+MLfxPFFpsVxZ+DtXkitdXupYrSL7TF5v7q1u/3vm/uv3XmxebF/119CpKjiNjzIUpUXJVFY+Cf2nP2adN8JeJne8hij+0y8TWv+f9b/z1irxa4h8ffAbxXpXj3wZr17Y3FreRXuka1p83lSxSxf6oxn/llLFX3x+3F+zf8adI0m48Z+DdOv8AWfD+qebe6faLZSx/ZZY5fNltIov+WXlS/wDLLyv+WtfGVh4q0Px14cutB1KIL/z1h87/AJa/89Y68vHUaUZ89M9vLsTiqUY680D+g/8A4Ig/8FOPEX7eXwRuJZYYpPGmgwjTvHlpFF5cUv8Aosv2XVIv+uvlfvf+uVY/7cngj4OeCZPEniPXPEdl4o1y6s/M/sm0h/0WLzf3sv73/tlX4ff8E5/2tfHv7Ev7SNvqnhvxlfaboeuy/wBieMVtJvL+1aXc/upfM/65f63/ALZV+vPxfsfA/jD4N6poeqfZotYurz7N+5m/e/8ALXzfK/7axVyUsbY/RchwdXHU58n2Tw/w1+2B4O/4Zl+InwBt/hVHY3nxGs4rbXpbubzZYvsstr9l8r/plF5Uv7qvh/4tfDGx0G/vPhzqs8ltqEv+m6bD5P8Arf3vleV+6/5a+V+9r6M1j9mPx/N4Xjt/+WcvlfY7u7/dS+bXB/Ej4Y+MdZ+KGj6prk/9pXl1ZxadNdwzf62KL91/8a/e15WZYqlVR0YbCSoSnc+O/FXhvVdM1nyP9bJVOXUtV/sWOxnguZbe1/1Pm/8ALr/z1r7Y8VfCTwPDdeH7Hxx8Oba2s7XUv+JlqNpeeV9qtf8AplLL/qpab+2z8GP2SdX8dab4b/YZ0XxtNp8tpHHqR8VXUVxLdXXlRf8AHtFFF/10ir5z6zBx5jd/Ej4xs4p7yw+3eRH5fneXN++/e1cs5v7Mv5LEQSeZF/02rU1L4e67oV3eaUdKk+2WE0sd5aSwy+b+6/1v7r/plWHPNmWOeb/WVjU/fI9/J8xngMUpn2P+wv8Ate638Eb3zoYLa9t7r/llcx1Q/bL+NXiL47fEq4+Jl7YRx+VD9mhij/1UX+f3tfN/w+m1y9v47fw5BcyXHnf6mL/W13EN5quvaN/ZVj5kkcX+u/6ay14tOjUpVuX7J+uVOKo5rl6p/bLnwx1PztZjv5zJF5v+u/5aV9Z/sqeNtF1L4r6Ovxg/4neiWs0Ug8797Xzp8Mfhj4j1K1kgsdKk8zyf+eNdpoPhrxV4bsbiew82KT/Vf9NYq8nNMD7WtzwOvJMLRcOesemf8FDdB+DuhfEjUIPhJrUN5Zap5VzZwQt/qpZf+WX/AH9r5v8Ah78JvHHxC1PXIPhx4Oub280Hw3da1r32QRS/ZbC18rzZZfN/9pVT8YTeI7vXo/Pnuf3U377yf9bXong/wroXg6LXNV+I/iLVvD9nrPhWW48N6jF5sf2+6i/5df8AprFLXbluAp0Y3mfI8SVqKrclLoed2V5YeG/s/wDwjkEf2yX95N9k82P/AL9S/wCtri/id4w8ReNfF2oeKvEZllvP3sl5dy+VH9ql/wBV/qoov8/62us8Yaj/AGRa3muWNj9uk/5bXcP+q/7axV4/rWo/bNMjt7fzY5IppftkVevSqc3uI+AxtQw9S1i+muvPgg/ef9dq6Hw14V8G6l8PPEHiPVfHEek65pf2WTTPD13pssn9vRSy+VL5UkX7qKWL91+6l/1v7397+68qXnodNH2+NfIllrtPAXgnw54k8ZafoXj/AMY/8I/o91qUX9pah5Mtz9li/wC2X+f/AEbXt4P2fKeCM8Df8JTr95N4N+HEOk+G21nR4rK/u7q7itotQNr/AKVLLHc3f+puvNi/5ZSxeb/qov8AW+VLh/E7w54c+HutyeD/AA1exfaNGml07Utbs9YlubHWZfNl/e237qL91LF5X+ZfKi7f47/EIabe3ngDw54ji8W6PYaxLJZ+Ifscv2m/i/1UV15V3LL9k821itv3UX/PKL/nlXj+palDeXUd9DBJ+9/5Yyzf6qKu2ozMp+dPDf8An2Nx+8ir0j4feMPB3/CJeJNK13wd/a+uappsVto+rQ3n72wuvtUUv2ryv+Xv91Fc2vlS/wDPWvO9Y8j7V5GfL82H/XRf6qum8N3VnBZ293HeW6ySyyW0xJ/exS+b5v73zf3X73/pl/zyl/7a0ci3KOj6lPDa6h4cnsfM+3/8ef77/Vfvar+KtN0qHzL/AEP7TFHLNF9j87/yLVzzpptZ/cWHm28v/Hn/ANMqp3nn2dhb2P8A11/dS0GlQy5tSGI4J7b95/q62PhvZ6VqWs/Yb7m3im+0zS+d+98qufvIoILqTyPK8v8A57VseCZ/sd1H/wBNZvLm/wCmvm/uqDI2JtT1670HybjVZfs/nS3NnaSzfuopf+Wvlf8APL/Vf+Qq5e86eQJ5PMrqIfIvNG0uD/rrHNXPzaaTqnkf8tJa5wLGj6bb/YLieefmL/ljVzR7K+vLqMWNvRo+nQalqkcH27yrPzv9d5P/ACyrrfHnxL0nWNEs/B3gfw3Foml6X5snned5tzdS/wDPWWX/AJ6/+Qq5KtSV+SJ1UqdNkWnWf/E5t9C0ry77UP8AyFFX6F/8Emf2Nf2efib8RJdV/a28WTaMmjWcN6NIntphqV15vleX5cYhP+iy/vf3tfDH7N/g+D/hKLe+vp/Lki/0n/pr/wBsv+mv72Kv0M8H/E7xVr3xGt4PDn9rX2qX9nYaL4ku4fKkubqK1/79RS/uvN/1steNjMyhhXynr0KU4qx93/tIftG/D+28F+Ifgb4G+F1n4U8NaePs8en6Vaxx3wl/1Xm3A7SeV6ebLXwR+1F8H/GXwT+Fd58VIPjFoH9jxeVJeS6tD+9sP+WsX73zf3ssvmxf9Nf9bX0Z8W9e+I3gnwv4b0PSvg7qXhLWNG/5CV3No8tlFdX/AJXmyxSy+bLFqH73975X7qvy0/4KQ/tf+MPjHrn/AAz9fX8kXh/RtYl1a80mGGKLyr+X/rj+6/dRVOBws81xN3sa4nM3luE9w8Y/ah/aa+JX7W/ju38XfEDW76+t7Cz+x6PFdzSyeVF/9tlrzY6d5P78Qx/jUelRvNdZmrQkkLyxksOK/SsLhaeHoezgfmOPx9bE4jnkVtSkOzzsciGv6bP+CXf7SPwB+D//AAS/+Fdj8ObGL+0P+Fe2FzqXlQ/62/8A+Xrzf+2vm1/Nf44PhC+0G3h0TRZY7wQ/6Zd/bf8AWy/9cq/QD/gkz+0FY6j+z7qHwyv9b8q48OXkvkwzf8+sv73/AOO14Of81PC86PZ4bqU54uHOfrB8MP2tBrHxQuPGPj7xHFFJfwy2UP2v/VRf88v/ACLXnfwr+G8/xU+NPiD4jXx+zWdrNLczXd3/AKqLza+b/Ad5ffFvxbH4b8OQS3McU3mXkv8A0yr7Q8bH4Z/sz+EdL+Gniv4naRY+LNU8H6p4nh8Paj5vm3VrY2st1cyy+V/qoooq+Hw1CrmOk/sn6Tj8Xg8rpe0Og039pXxl8PbqSHwtPey2fnSyZmmi/wBb/wAsq6f9p/S/AH/BRD9mfVtPt/Dsdt4w0DTPtGmzMYjLL5v+t8v/AKZV+bnhX/goR4q+LUXhPVfB1jYyfb/tVz4k07+x5fKsPKl/1Xm/9cv+Wte8fA79p2x8N38l9YzxRyfvY5vJmr6LKvbZdU5onx2NxuCzVXj7p+T/AO2L8Ctf+CPxA1DUZdB+xJbXnlajD5P/AB6y/wDPX/yFXFw+KoPK8jEcscU3lTS1+on/AAU/+GPhz9pHQZPH/g6xtpLzWdBuo5vJ/wCesUXm/wDxr/v1X5J6NDfTaNcH/lp53l19tSxNLFUfaRPz6rzUcTOEjP8AG2sQTXX+g/6yuf8A7Ygs4o5/+WlV/FPiSFrr7PBB+8lm8v8Adf62v28/4I8f8Gx2iXGh6T+0j/wUp0GS/wBRuoYr3RvhFMP9FsIv+WX9p/8APWX/AKdP9VF/y183/VRZVKnsj0cFS9qfjv8ABP4e/Eb4/wDjO38D/Cz4ZeKPFOqXX+p07wzo8t7L/wB+oq6D47/s7/Ez9ny6j8OfFrwN4k8JeJIofM/4R7xjoMum3UsX/PWKOX/WxV/X/wCDPgJ8F/hz4ci8HeAPhD4Y0PSjD5f9l6T4ftbW2/79RReXXn/7Y/7C/wAAv23/ANn/AFL9nr41fD+zvdHniJ0u4iTZc6Lcj/VXVjL/AMussfb2/dH93WeGzGlOfs5I2rZPGb5uY/jV1TXZZba48hvLqt4Y8YNoGtf2lPe6jaPF+8s5dPl8uUS/8sq9G/b0/Zj8ffsU/tZeMv2YviVqH2nUfC2o/ZoNQ8jy/wC0LDyvNtbr/trF5deG3omhlkhm/GtcRW5J/uyaeBhFclQ/ZP8A4JP/APBVST9rDxxZ/sr/ALVPiDTU8Q6pZw2XhbxpqMcUcuqTRf6u1uZf+fny/wB1FL/y1/ew/wDLWvmf/gtV+w8f2O/2vTeaXp4tdD8Y2P8AaVkI28yKOXzfKuv/ACL+9/7a18IabqU9jLHfW80kUkR/10M37yv09/4KEftgeFf+CgH/AASi+D/x28YSSyfE/wAIeNf+EV8aXcr5+3SfYPN+1f8AbzFFbS/9dfN/55VaxdStS9nI56mAhhZXpqykfnP4iVzqMd+P3fm2Ucnm1/SL+x1+yD4k/aJ8T+FviZ8T7CGy0OLQbW9kiK/vLqWWGL5K/m5gtJ9c8QWWiL5n+lvHbH/tpX78ftR/t0/GL4c/DG20n4VX76Mhijto2tB92Lyq8DHVvZTP2Xw4yfG5hltdUuWN7LmfQ7f/AIK6N8J7HX9J+FnwPsLGw1bSLaL+0ZbS7lkPmeYPKtTFn/nnn8JRXy543+Evj/wp4D8P/tGWIsovtU0unTaTpOpRXP2W6i/1tpL/AOQv3UX7rypYv3tfI/jH9pb4jWfiS313xHcSalcf2lFJN9rm/wBbX0B8Hv2wNJm0vw/Y+K9Dj1LR9G17+0ZtDu/9VL5X+t/65V83j8TVrUf3Zz5rgXg8V7GLuo7vueN/tIePfHGsfv8AQ7+OX/ntD50sX73/AJ5fva4/wT4p8b2V1pc/g6C2vfEEU0svnaTNLFL/AKr91+982L975sX/ACy/5a17x8YPGP7KHxPl8ea5r1v4k028utesLnwfaeGNNtbmKKw/5eopfNli/e/6r/7bXh//AArzXJfDlvpWuWP9m2+qWf2mG0/6a/vf3sXm/wCq/wBV5VeLTrzp8p5XsmcH/wAJHf69qmqa5rljJfXl15Xk3c3+tll/5ay/5/561h/8IHc6lqcedClkjl/6Y/6qvXIfAWuWen2c9jpX+t/dzXcsP73/AD+9ruPBPgOCztI9Vn0qO2t4v9ddy/vZZf8APlV2U61R++ethsC6x5f8GfgDY61rMeh6sZY5JfK87yf9bX258E/+Cb/9papp88H2aKzl/d8Wf+q/55S/+1a5/wAE+Kvhz4J1638RweHLaWT7H5c3nf8APX/VSy/5/wCeteif8N4WHgmwk/4Q7VYpbiX/AFMVd1Kph56VD9CyvCYTD0Pel757b4Q/Yi+Hnw48F3WueJ7gQXCQy8y9IK+Qv2ote8D6Pded4c8uK8lm/feV/wAtaz/jb+3r4/16KOy/4STzfN/ealD/AMsq+W/Hnxmn8S3Uc888n+ul8799WdeVGppCJ7dfOMNhMLyX94seMNfhvNUkvhP5cfneXN/yzq5481LxJ8WtLs/CmlapFpul6No8sv2SXWJfsvmxRebLLF/01l8r/v7Xj+peJIPNjsYP3n/XWukm+Kl9qWgW/g7StW/0eWaK51KaGz8rzZfK/dRf9sv/AGrLXLUpVuX3D83zDHe2ncJtS1XTfDlxYmC2kt/+eM1cvD8PZ7zS7jxHpXleXFN/pkMs0v8Aovm/8tf+uVdxr2j3H+jzwXsX/Hn/AKr/AJ61Tu9Hg03Rvt04iiki82T/AF3/AC1rkw9WdJ2PExNJ1l7h5vqUP2O/jsfsPl+VN5c0M1dhoPxU8HeFvCXijQ9V+DukXtxrOjxadZ6jNeS+bo0vmxS/araX/nrL/wBdfK/ey/uv+WVcX4q+3Wd1H+/l8y6o8N+G4bzWY77xH4jttNt5f9dNdzeb5VfUYH+CfO4mFZTLGvaDfaboNv4x8R6VfW39qeb/AGbqE37r7fFF/rf/ACL+6rz+81IXl1J/q/8Atr/yyrqPi1r/AIWHiPULfwBPff2HL/qYtRm/e/8AkKuHmvIPK8jyP+mn7qu2mM6TxJo5mivPIg82O1rHvJrH/UaXBLH5sMXnedN5v72KvUPG2g2M2gf2XpNv5d5F5tteQ+TF+9ii/wDtsVeX6lD50/nwT+VJ/wAtq05fZmPszU0e8gmuo4BP+887/Wy/5/z5VdR8YPhLrnw9sNL8YiC5/wCEf8UQ3Vz4V1aX919vtYpZbWX/ALa+bF/qv+uX/PWvO9N/c38eP3skVem+PdemvPhh4bt7jVZbm3tZbq2s4Zb6WSKw/wBVLL5UUsvlReb5v/f2tjSmcdfeFdJ0GW80PxFLfRapa2csc2nzad5ctrfxXflfZZfN/wC/v/kL/prXNtNPDfx+Qf8ASK6TXrS+03XpL2+vLmSS6/0ma7/1kssUtc/NZ/Y7/wD6af8ATGgxOg8K5l8OSTj/AFcV5F/yx/6610nxC+Htj4b8K+E/FUGq20v/AAkej3Vz5MU3my2ssV1LF5Uv/PL/AFUUv/bWsP4eEjQdUsf3n+p8zyf+2sVSaxeTXmg6fOZ/+PXzY/8AyL5v/tWsKpmc/DNP5sk8Fx5f7mug0az+x+F5Ncl0q2uf33lzeb+8/wDIVcvDCIL/AMgGWuw0eG//ALGkBvrbzNLm+0/67ypZa4sSenhtz2HQ57DT/GWh6N4B8fyf2Bd6bFH5t3ef8et/9liluopftcUUX+tl/wBb/wCRa+w/2OfFPxU0HVbzwB4csLG58QWsMv8Aof8AYNrfS3/72XzZfNmtfKli/wCmsX7r91XzPoHxa0LTf2c/Dc/g2+8ZXOueF9YsLnUtOm1j/iRapa+bdS+VLbeb/rf9Jli/65Sy19Yfsi/A3xf4kl0vVviJ4j0nUv8AiWxf8S7RNSilsZYrWL/iWRSxRf8AkWL/AK6/6qvmM2pqVK57eBtOr757Bo/7bR+BngfVPH03gfw/HHYeVczQ6to8sUUsUX72WLyopYopYpf+Wvm+bX4dfELx5f8AxC8d65471OG3huNZ1K6vZoYYfLii82XzfKijr9df+CnHgn4m6x+yN8UPiBquq3OpWf8AbEVzDaXf+q0aw+1eV5Vt/wCiv+2tfjBPPu3k9hX0fCkpxwknI+Y4hlCeL9nT+E39HvYPN5g/1vSpPO/e1z+mXflH5Z61ftscVyLuFsY9TX2tKr+6PiatBwqnZ+CdNstdvPsVzfeXIIf9TXdfs1+LdT+Bf7Qcmh3U0mNesYo4IYf+Wsvm/uv/AGpXqf8AwRn/AGWPCX7YH7a2i+CfiHp8974b0vR7/Xde0qGfy5dQitYv3Vr5n/LLzZZIov8Arl5teK/tw6x4M0P9sLW4fhRP5Wl+Hrz7JYXFrcf8tbb/AJ5Sf9da48wjSxGH9ma5c6lLMPkfqj+w38cfCvwY1WT/AISP/lreRRzQ/wDLX/WxV89/8FT/APgolafGn4peM/jD4AvJLbXPGsH/AAh/hWaKf97YeDbX/j6/8D7rzf8AtlFLF/y1r8+L34y/EDUb+3sG8R6l9n8jy5oYbyX/ALa1p+MbLULPT9A8U3Nhc/Y7rzYobuWLyvN8ryv3X/bLzIq8PAYSjhJcsvtHuZ1ja+MUafRfifoB+zt8HfHXwr/4J8ah+0jc2Ekmn69N/Z0Mv73yrWL97+9/6a+bL/6Krx/4J/tXX2g+Mo9D1X/V3X7uug1n/gq18PH/AOCc+ufsYT+EL37ZLeRf2DdxQxfZooopYpf/AI7Xyv8AAy8uPFXjO3nt4Jfs8U3mXk3/ACyii/6a17uKo4WNKMaR8pgKWNoznOR+3n/BMDxh4O+J3jKPw54xgtpI/wCx7+SGa7h/1X/HrL/6Kilr8Yp9d0TSde8ZXiX0QtLK6uTZ/wDTXMvlV03ir9s7XvhPqtwnw48XSW91Hoc1nbz6fL5eZbn91LLJ/wBsv+WVfLF7rtxff62WooU/q1M6o4StiqvtZbH2p/wQP8C+D/jN/wAFfPgt4d+KEcVxYR+KLrWoop/9XJdWOn3d9bf+TUUX/fqv6kfjn+0befDO0jg8P20Zk7yzRV/GN8CPjn49/Zw+NPhv43fDHWH0/wAQeFdXi1DSbvH+qlj/APafav6q/wBln9tf9n3/AIKU/suaJ8fPAWp2UUtzZxW3irQ5pv3ug6p5X720l/6Zf88pf+WsVfC8YzzZU4Sw8+WHU+vy6NFachz3xP8A+Czmn/B/xFHpPj/XLK283/lj9kr6X/ZH/b2+B/7XWjyXHwx8cWOpXlrD/pmnwzfvbX/rrHX40f8ABYb4M+FYdU/4Sr4ZeONJ1KSKHy9S07TtSilli/6a1wf/AAQI8B/tGWf7eOh+P9D8OatH4XsPtUevXc3mx23lfZZf3X73/W/vfKrgyaGLhGE1V5pfeeniIYeNL3omB/weD+EvDvhj/go94Q8VaHBHDea98K7W41g/89ZIr+7ii/8AIUcVfk1NN5tfbn/Bwr+2Tov7Yf8AwUm8WeJPBOpi88P+E7O18MaNeRHEcotR+9l/G5NzXw3ZXn2cyfuYpf3P/LWGv0anzSo+8fOqnqXLP99Lmuq07ULzS9IOiz3rizvhFeGEH92ZYvNjyfzlH/bSub0iCF2klnikdz/qfKrofHUNtYay+n2k6SJYWcVv5sQ8yOWX/lp/5F8yuhWpw5jkr/vanIdF8CLrR7v9pXwZZXkWNNPivSzexeT/AMs/tUXmV+6X/BQXwl8H7b4QeFpvB99ZS6hft++ltJopJfK8qvwu/Y30C68U/tJeE9OaHmLX4bmX/tl+9/8AadfrNrGpeALLxFpd98VLeW50fyfMmtIv9b5VfIZ1jqVLGU6L66n9BeGmVV6mQ1akJctn9+h8t+NvB8/lahfXH/P55dn+5/5a1z9n4kg8K+OLOe/n8q3l/d/vf+/X73/nlX0x+2Zr37K8OjaXB8HdK1K2uLWaLzruX/nl+983/Wy/62vkPx7qVjrEskPhyCSWSL955s3/ALSirDGexjC1M+ezHDVvr/vnqGj/ANlTazcX3hTXY/tEUP8Arof3UUv/ANtqvrGpeKrPVLjVdVg+3fvovOl+2fvYvKrQ/Zd8Er8QvFFvobQfYY7qaKO8lu/N8rzZf+etY/xO8N30N1ef2Hqv/HrN5f2uGavjZ4iPt/Zm8soqex9odZefFrSodFt4PI+zfav3n/PWubvfiR4O02wuLiDVr651D/WQ/vv3UVef6bZ+Kte0aSDyP3nnVX1L4b+MYbq4sf7Kk8yKby5vJ/e13UZXqHNetROo174za5N4czfQf62b9zNXB3nxa1U/6PBP5Ukv/PWrl58JfH82nx/8SO9qvZ/Afxx4ktZL6x8OXNzHFN5fmw/6qKWvVpUYyZzPMq0NzL8VeML6fS49WuL7zZJZq4v/AITK+mikgxXUXnwq8R/8sIPNk/6Y1Xs/h750P+narbR/9cZq9SlhuQ4quY1q7Ob03U5/tX2ieDzI/wDltXaeFPh74w8bSyeI7HQ5fsdh/wAfl3FD+6tf+utR6DD4H8NxSTatfeb5X+p8n/lrVib9p7xV4V8Oah4O8Dzf2bp+qfu7z7J/y1rp9l/y7OX23J78z0DwroPhybxRp/hXVfGNtHHL/rrub/VRRf8ALWo/2qPB/gf4Y+LpPD3hz4m2XiTS4v8Ajzu7T/lrF/01r53/AOEw1yaX7dPP5f77/llVPUtSuNS8vz7+WWuGeWqdY7qeZUIUfhOg1jx5YzTf8gq2ljim/wBTF/qq4fVtYuJr+Sax/dx+d/qf+eVWJoZ7yaT+yoJar6lpo02XyJ545JP+W3lV6dJU6S9meDXftn7Qz4YZ5+f3lE3keb+4novLz915FFpZwY8+tzmPfPEkMF5r32Hw5qt9JJdab9t/e/u/3v8Ay9Rf+jf+/X/TWvM/FWgzw6pJP5H+t/1P/XWu4+Hs3/CK+KPt089zbaxpc37m7m/5ZS/9NYv/AGr/AMsq6TxV/ZWvfCq80rS/Dkkuof29Le69qPnRf6VF+9+y+VF/yy8rzbnzf+WX+q/dU6n7s0PB/JMN1HP5H/TOauoHkTfDm4nE8fmWupRf9dYv3UtF5oN9eWH2G9sYv3X7yG7ih/1sX+f/AEVVfw3DBDpeoQD97JFDFJ5Mv/LXypayMzP8STSz6NZ3/wC6/dQyxw1l/wBpW97L/wAeMXmeT5Xnf9Na1NXM8GlyWCz+bH532mz/APatZej/AOh6pbz/AOr8qb99/wB/a2pmNQ1PhjeQQ+J/sM88kUd1Z3Uf+p/5a/ZZfK/8i+VUcM85tZIPI/d3UPmf9cqz9Hmn03X47/d+8ivPMrpDY+d9og8j93dWf/tWlVJOb1L9zLb33/LOX/yLXonw28XfDiz+C3jTwfrvgGW98WX82l3Pg/xDFeeX/Y32WWX7f5sX/LWKWKX/AMhVw9nZNqVh/Yc/7qSKb9zLVzwrrF/4V8R2euW9j/pFheRedaS/8tf+mVc9Tc66VM9Q/Zw8Si1urjwqIPMklvIrmGKW8+zf6r/prLX6KfsseD/7N+Eul/E34O65ZW1nqmsfZpv7Phl83zf+eUv+q/8AasVfmWIR4C8a/wDCV6TDL9nlm+26PqH/AEyl/wAyxf8AXXzf+eVfpZ/wSm+I66Jf3FpaS3NlHa/8THTdQnhl/dRfuv8AVf8ALL/97Xx2fwdOXPA+oy2EHKMJH2z4t/Ypu/2xP+CfvxK+D8+hy6T4wvvDcUmjxQw+XFdf88vL/wCesXmxf62v5hdTt7/Srx7C+tZIri1m8uaKX/lnJX9cvg/9orQtItJPB2q65c+XdWfmQywzeXLLa/8AbL/P72vwM/4LtfsAS/ssfHtPjz4AtxL4M+IsstzB9lz/AKBd/wDLWKTH/PTr/wB/a93hfMqVSPsZHgcQ5TVpVfa9D4LikIheH1qKLUZYZcL5f40RRz30bwwmPj95VOftX2Z8lCld6noHwg/aQ+MX7Peu3Hib4M+PdS8Oahf6bc6deahpM3lSS2sv+tirsf2KfD8niD4syeKJPDLa3caRp11cWWlmz+0iW5+yy+VLJ/0zi/1v/bKvBxjBzX2Z+wrrOl/B74Rah8V9N8b+ILeGXWbC38bRaBZSiK10uW6+yyw3Mv7qL97FLKBF5v8Ay1rix7rPDTVLc0kqOG9883+J3wyg1G0j1/S7WS2uP+ePkxeVLFXuf7Yv7U3hv9qf9ij9nz4C23w3i8D6t8D9AvtNvY5R/o3ieS5+wRfb4/Ki/dS/6EfN831qz4o+PH7N3irx55FvBc2On3XlW1nFd6PF+68qX/nr9qll/wC2v/oqvR4vFX7F+vaXP4dsdbltvsEP76LUbO1uYpf3X/LLyrr/AJ618Ys0zHBQ5alO6O+pTw1ejGofnX4ittetba4t7zSfNj/dfvv+eVZ0+oXEmgwWk2o3PlxTS4tPN/dx/wCf3lfdWofAr4ReL4ZLnRfHdjpPlXcXkzRWnlReV/21/eyy/wDXKuO8V/sdfDy8tNQnvfFdlJ5UP+hzWlnF5ssv/TX/AJ5V6WE4mo1I8tVcpiqFGfwM+K54Z5ofP7UQw/va9s/4Zf0qe6kgg8UCL/njgebWBqP7OuraZ4oj8PXHiiyjkk/5bS/6qvcpZpg6v2jGouWJxur+HGsNC0/XQ3/H+JfJ/wC2cuK7v9lH9sP4y/scfECPxz8KPEITzcR6lpN4PMstTi/543EXcUjfsofGa/j8nRNHg1J/+eOn3Pmyf8tP/jR/SvP/ABR4N8UeDdTk0nXtDuLO8i/10UsNbOpg8XTlSm1JPoTQq8v2j95v2Uv+C0P/AARL+LXg6DWP2mbTXfh5r4ixqWia3oUurWM0v/TK5tbWU/8Af3yq8v8A+CqH/Bxd+z03wa1H9mL/AIJV6BqGmRaxFLba98SLjTvsPl2sp/exWNrIPN8yT/nrL5XlY/dRZIli/Ew5zzRWODyvB4R/uoWOmVSVVe8F5dNPJkS8UkP+u/GmVLZ29xPPHBbD55T1r0rxS1EfY/8AwSv+FGi3+sfET9p7x5bWw8PfBn4Xax4hklv4PMil1mW1Njo9r7SyX9zbSxf9e1fKl9fPi5EH+r/5Y1+gvxX8O+GP2K/+CX9l+xLZ6nc3nxj+NuvaX4r+IOh6fFj+xdGtopZdMsLn/pr5ssd15X/TWvgXR9EVtfFhqsUiJbf66OavJw2L9pKb6X09F1+bua0MqxHOqvSR75+wd4fm8MeKY/FF5peby78u301pj/qh5v72X/yGYvxr9Pf+Cjnwo8HfD7xD4Z8UeENe3aP4j0gTRQv5X+ti/wBZF+6r8tfgh4wvPD2sx+ILO8k/0Gby/K/6ZV9taF8SbD4k/D+48N+KryS9+1Wf/Etu/tn/AB6/9cq/KeKK+MjncK/2D+nuD8DhlkNONGpacb80f5ro8e+IWpQaldahpWrarHL5X/Lbzq838EzDTfEcc9jfeZJ/z6eTXrEPwO8R6lql59n8KyX1xFZyyTQ+T/qq0Pg9+zTf+PJfs+h+VbSRQ+ZNd3c3l2trF/z1llr6vL41cbSufF5lhKscw55nX6B4N+Ivwy/Zbj+OWkfFTSYrf4gahLo83hPT9V8zU/Ktj5stxcx+V+6jilij/wC/sX/PWvKNL+JFjeD/AIRWew8yO6m/czedR8SPDWq+A7/VLG4g+22/2zy/tenTebFdf9NYvN/1teZzeJNdh1O3g0OCO+t5Zv3NpL+7ltZf+WtRishjz+0O6lnWEp4f2FRH054V+G0Hhu6t577ypPNmir9Rv2Pv+CUnwL8WfCCz+JPxP8TXMd3r2kyXHlafcRAW3m/6uUS49K/IX4Y/HPw3eaDrFh4yv5ba8lh8vR/Omiiiil/66+VL+6r6Q8S/GbxV4b+Ddn4V8G/tX3t9p/kxSf2fDef6N/6N/wDRtRgaEKMuWpA8rH4bDV4J0alrnN/tU+ArHwfqmqeFvCuuW2pXEV55f+ifvfNr5L+IWs65oEUmhapfS+XF/rrSHzZa9w02bxxr2qZ0q+tpY7r/AF3mzeb5v/kWrmv/ALKPiPxJo0muT/Dmyvo/3XnXc15Xq0qiPDx+Fg4aTifH+seJJ7y0jsYPMjji/wCmNZ9nearDaSWNjpUsccv/AE2r3zWf2UfiN5Uk/hzwBcy/9cZvMryfxV8Gf2jNNupIL/wNLF5U3+q+x+X5Vd0al/iPlalJr4Tl/wCzfJlkn8R65HH/ANMf+WstYd5q+h2Y+zwQebJ/12qS9+EvxUmuv32hy0Q/Af4jXn/MKkj/AOutdXsmclRuBz95r3k/v6pzaxPN+4r0jTf2V/H175g/sq+l/wCuNnLJViz/AGddczJYweFb2W4/z/yyrSnSMva1ZnmcWpf8u4FdBD4b0TWNGFxY30v9oRTfvrSaH915X/TKtj/hTOq2Zk8+xll/5Z1Hpup6r8PdUxodj9mvIv3n2uL/AFsVaeyD2hTn+DPiqyi8/XLH+zY/+oj+6lqv5PhXw35nkCK5klh/5a/8sqp694w1XWZfPv55f3X/AD2mrL/ceb584k8uWj2Zz+0PTNN8Sf2bLH4kng823l/d3kPk+bLWhZ6lqug6zHPBBbSf2zD5kMNp+8/7Zf8AXX/W/uv+uVZf2yDUtLj8AWMEUtnLefadNmih/wBbL5X7r/rr/wA8v8xVof6dLo3n2Nj5Vv532nzpv3l15sX/AC1/9pf9Nf8AW1PJROmPtLkepQ/2Pr0nhTVp4ov33mQy/wDLLzYv8xVJqXhTXP7UuJ9K0ryriKz8yaGKH/ll5X72X/tlFUfkaqPFElhb+bJ++8yGX/ll5Ute2Q6x8W9BurPxVqtjc3Nxpdn/AMIx4kh+xxebFYRRfZfKl/df8tYpfKil/wCmXlf8sq29mdEf4p8t3kPnaRJPCZPMtbzy6wwf9ZPAf+WPrXoF54Uv/wC0NY8OQn/Ww+ZDF/yyli/5ZVw/2PyYv+mkVZ/wTmqUws7Oe8sLy/J/1UPmf+RYov8A2rWx4PvLi81Czgm/57eVUdnNP/whuoaV/wAs/tlrJN+5/wCutaHwrs/tl1/yz8y1m82uaruRD4in428Nz+FfFFxof26K5ktbzy/NtJv3VXPsc+vD+3P7K/4mEU3+mRfvfKl/6a/+ja7j4qeBIIbW31yDypZIv9dXsn7Jehfsk+PNZ1i+/aF1TUvD+n2Hw9lj0f8A4R6HzZb/AFmKWL7LL/0y/df9cv8AVVnX+E9TC071Dzf4SeD7/wCI/hy88OWw/wCJhplndatpsPnfuoooopZbr/yFFXsn7Nvj3Vvh74j0/wAi/uYvsv8Ao15p/wC9i/0WX/nr/wCQqueA/gD4jvNLt/HHge+jtpLX/jzl0/8A5ZXX/PKuL8Va9quj+KLzxwJ5ZLy6vJZNY87/AFvm/wD72visb7StUlBn3+Hyul9ThUXxH6OeD/id4O8K6JHcar8TbK51CK8/cy6dDLcxWv8Ayyl/1v8Ara6z9pj9qT/gnaP+CdnjzwB+0l4IudT0u602WRYBL/p2qX/m/wCgxW0v/PXzfK/65fvZa+B/2XbyDUvFt5Pf+K7GOzl0GW9/0ubyvNuov3vlf+ja+T/23fjjc/F/UNL0q3uLn7Po3m+d5v8AqpZZa6OH8IoYv2h8/ndWtGhyTgfOc1pLC37i3/5Y/vvKr1H9mj9kT4z/ALV+v6jo/wALNG+0R6Npsuo6tfXP7uK2tYhg8/8APU/8s4u9ct4P+G+u+Kr7/Tv9Bs/+W03k19ofBv8AaXi+Cnwv1T4c/DrSrbSdHutN+zXnk/8AHzdf89ZZf+estfZZjmqwlH9170j4fD4J1a3vnzZ4Y/Zz8P3Pi7R/C1+Zbn7VqUUd5N/0yEv72snwR+0/4p8F/sp+Kv2VNM0m1h0/xZ4vsNZ1LVl/1ssVrFNF9l/65ebJFL9Yq9p1iG+/4Tfw/wCOPDl9F+9huv7Si/e/6LL5VfG9nMYTz3rfLcRUxND2kjPHYanGp7NH6JfCT/glJefHz/gkD4l/4KL/AAs+Ist5rngDXbq38XeD2tBhLW18qXzIpOuRFc+d0/rXz7/wTw/ZJ+Kf7dn7VWgfs+/Di7+z3l+JbjUdQ8nzPsFrFF+9ll/9Ff8AbWvqr/ght+318EPgX8BP2oP2a/2jviHBovh3x/8ABm/k0iPUJ/3V1qkUN1D9mi4/4+ZY7rp/y1+zCtv/AINRPiD8MPh9/wAFAvFmu/Ebx/pHh/zfhldW2my6tqcVt9qlku7T91EZesnl11YlU40HLkPLpKquaBZ/bQ/4Ib/tvfsZeA7n47w+IrHxJ4b8LzfbdSih1KW28qL/AJay/wDLL/yFX54/8LN8VebJP9vll82GWSHyppf3Vf1yft1aD4Z/ac/YK+MHwy+HfizTNXvNZ+G+qW2m/ZNSiufNuvssvlf6r/pr5Vfz/wD/AAa+fDzw18Qf+CpGnx+KdGstS06w8Cazctp+o28c8U0ckQtseXL/ANMpZPzrx8PSw/sJTqQNVKrTPgO98eeK4fLxfXMf/Pb99WXqXjbxJqU376+uZZP9X++mr+t79pH/AIIz/wDBNv8AaV0K8sfEP7Lvhaxv7/zc6t4e07+zbn/v7FX4q/sCf8G+uj/trfFv9o/4Y678Yr7wlH8H/F//AAj3hu+is4rmK/uvOux/pP8A1yiii/1X/PWtcDiMFWV3DYFW/wCfh+atl8S/G2l39vqml+KLy3niiijhmiu5f3VfWv7Cv7TGrfH34g6X+zH8XvhL4b8cReJh9mtdR1aKKyvrGWOLzfN+1f8ALX/V/wDLWsr/AIKQf8EZP2sf+Ca+lW3j34sw6Tqvg++1j+ztN8TaTeZ86T975Xmxf62LzYos17f/AMG0f7Ddv+09+1rq/wAY/GPhuS98PfDfR/tKSzD/AEaXVLn91axS/wDPX919pl/7ZV6MsJg8Rra0e/X7zlxjoqi5nw/+03H8E9W+IAs/gf4V1LRooJZLfUrS8ljkjMiS+X5kZ82Q4/yK4XxR8LPHHg7VrvQte8P3EVxY+WLuIfP5XmD930+tX/igLe2+Jmv/ANnN5cf9vXXln/pl5tfoJ8F/+C0Xwx+Cnjfxv4g8W/sz2HxBt/H/AIQ0a11F9QvfKuI7qLRbW1uYsmKXzYvtXm9a58TWxOChBUI8/lfXddfS5pSnOEIKOp+Y3lkcA1v+AvF+vfD7xZpnjjw3cxw3+jahDeafLLFFL5c0UgkjPlye4zXp/wCxp8CvBX7XP7V/g34A+NvHA8HWPjfxFFpUWtRWf2iOyubn93ajy8jMfmmKLr/y1r1r/gpn/wAEmviJ/wAEzPjJp3gP4nfEbRNa0HXtPkv9D8UadHLGLuKKWKKWL7Mek0ZlQmLOOf8AWV1SxFPmUam76HX7Snsan7IGoeMPiNq/xA/a7+LOvya3qiRSq1/qD/vLm6l/1kv+fWvG/ir4N8vW9O1WEyfbNUtPtF2P+ev72X/7XX3b/wAFC/g7+zj+y3+yp+z1qf7G3i241jwX8Qvh5qn2zxJdQeXJrF/5sXmyyR/8spfNlki8r/ll5VfIXxOaS/k8Haz5H7r/AIRe2jOf+mUVfF+1q08fUqJ2jJ2S2skj9SynFYPG5VClyfD+dzmvAnhzVZIbjyLGWWMf67yoa+qP2b9Ng+36fpV9BF5d1D9mm83/AFsUteT/AAr1jwPoPw+8SeHPEXhy9/tW/msJNB1aK8/dWsUUsv2qKWLzf3vm/uv+/VfRnw38K/EHxr4c1z4jQG5ubyXR/tuped+9ll/55S/+iq+Q4iqut7p9nkGJWFxcUeueJPG2leJPC3hvSp7620280HzdOvLuGbyv3Xm/6391Xn/7SHhQfs9W3kfCT9oWTUtL1795qXh7UPNtvtX+q/eyxf6r/v7LXh/jjR/GMFjbjStaubmPVP8ATdN/ff8ALX/VS2v/AF1ilrLs/GGq69pcnhXxHrltLcWEMUf2TXP3UsX/AG1/+O19ZwvzYfB/vPeNuI8TQxVeUaWhY174/X3iqwt9K8R+HJY44v8AptF5UX/TX97Xk/jHU7G91Tz5xFbfvv30sU3l/wDoquo8VePPB2j2EdhP4A1e2k87/W2msRR+b/z18qLyq8n1jWLjxJLixn/1U3/Lab/7VX0tSr7Y/L8dB0XrUPVPhB8YND+Feg+JPB198OdE8U3ni2H+zodW1a8i8qwtf3vmy/Zv+WV1/qv3vm1l6l4P8ceDvtEGb2KSL93NaTTV5XZ3viPTr+O+8iKWOvQNB+JHj7XrXR/DnhzxV5X2Cb/Q7TUfKkitf+uXm/6r/wBFVzVKJw08XK1ucIPF/jjR/LguPt1dJD8fr7zYz9uvrLyv9dF+9/8AjtZ/jb4h+MvAXii48OeKvDmk3MlrN5c02nQxSxf9svKrm9Y+LVjqV15994ci/e/8svOopYYj20u565o37aXjjQfM+w+OLmLyv9d/0yrpIf29viBeSyX194/ikk8n/XeT5kv/AKKr5zs/HnhzypJ5/CsUv/baq/8Awnmh/wCvg8OW3l/9Nq1p0vZHJ7bn+KR9Cf8ADTtjNFJPcX0dzJLN++qSz/aE0rTYv9A8ORfvf+nOvm//AITCWGXFjBbVHN471ybi4vpf+2NdPtKxzVan/Ps+kPEn7V/jiaXJhliji/d/vpvKrm9Y/aQnhijg/wCEqso/+mNpNL/7Srw8zQT3/wBunuPN83/XebDQfsIlkg+wxeX/AMsf3P8Ara0VSqjKW3Od5r3xg1XxLdeRPYyy/wDLSuT8VQ65NL/pEH7yWH9z53/LWL/nrRNqXhuG1j/0eXzP+e3/ACy/79eVVyz1jVTLHPY/urj/AFkN3af89f8Anr5v+t83/wBFVp7Tn+IyOLh0HEtx5/8Ayy/ezVH5MHm/9NK6C8h1WaK4gsbD/Q4v+mP72sfTbK3MUk4/1kX/ACyqTM6CbXvsd1cX2lWH7vyf9V/y1i83/wC211Gj6l4jvfiXear5F7cx3+pXUk13aTSy+b+6/wBKuorn/W/6rzfN/wCmVcHDm0tLzw/+9juJZvM/ff8ATL/2l+9rsPhLr3jj4P8Ai23+J3g7xjHpN5Yf6nUfJi/debF5UsXlS/8ATKWWsKf8Y9A0PGMF9Z+I9PM/m30ksP8Ay2h/exebF5sX72L/AFsX73zf3X/PL/VV9QaP4q8VeD/h9ceCLHxjfSfFzRtY/snydPs4r22v/DlrF9viuorn/l78q6tov+mXlRRf88q8D+Fln4MvbDWPA3kate+LNZ+wadoNppMP7r97L+9ili/5ay+bFF5XleVVj4hax4x16LT/ABl4i1W2ttYtbyWyvNJ/5fpfssX/AC1ii/1X7qKKL975Ussvm/62u2n/AAiv755/qWvWM3jyO4sbG+sbfyfLvIfO/wBVLL5Xm+V/0y82sv4qfDfxV4D8W6h4c8R2P2bUNLvJbbUoZq7ibwrYzfEa4t/Edjcxafqk3mf2jFN/yylrQvL3VNB8eWfiPXLH+0vK8221iGaH7T+68qK1l/dS/wDLLypf3Vc86TkHs7niekQ4tZPtBl/ew/ufJr0jwH8Pb7R/FEdhBfW1z9v02K5s5bT95/2yo/4VjfaDr0diIIo47/8A48/+msUv/wBq8r/v7XYabo0/hrU9P1w33lx3UP2b/nl5UtcVanqPCr98ekaD8MdV+MHg24sfI828ls5fO8qH/nl/y1l8r/tlXz/Zw3Hg/wASSWOlTyXMksP76Lya/SRvG/wM+Mnwa8C6d8OfhNo/g/XPD3huXTte1nT5vK/4SCX91LFLJ/01/dS/9/ZYv+mVfJfxs+G9jZ+Kbi+0Oxli+1f+RayxFQ9CS9nrTO4/Zo8VarD4cvP+Ec822/cxSfa7SH/j1rqPh74b8HeO9V8QeHPiNpMVteXX/INmh/debF/y1rxfwJ4m1X4eS+ffa5HFJYTfaZtJ8n/j6/6ZV3F58Wp9Nvo/EdjYySW/neZ+5/1sVeJUpKq9T3cuz+rSpezqHr/7Sn/BJH41fBbRdL8deG9fttS03WIfMhk0mbzP+WXmyxS/9/K+WNe/Zf1DQdQuF1XwtZfaP+Paa78nzfKlr2Twf/wUt+Jvw18ZW9/oeuXP2ew/1MM3m+V+9i/5Zf8APL/tlXonhv8Abk+C3jb7ZB8VPA/26TVPK86HSbOKP/VReVXLLB4yNb9x8J0VMywOKp8taZ8ZzfBm+Phy4uLHyv8AQP8AXeb/ANNf9VWhN4Vgh8OR6VBBFL5U0sd5d+T+6l/65f8ALX/llLX2po83/BOfx5dahY6r8aZPB0d/DFJN/bmjy3Pmy/8AbpFXjn7R/j//AIJxfs0+IBNpPx+tvirui8waJ4O06W1kl/dfuvNlmi8qH/yL/wBcq7KeBxlWHIeJinl9L36cjG+DOsfAE+DNQn/aE8O3v9l2sMskPiGHWIraW1i/ey/6ryv3stfmWIp5pTx2r1z9on9o3Vvjzr2yx0OPw74etpP+JR4Z0648yKGPg/vZOs0vJHmeo4jj6V5jBANPuo7u4g81I5f9Wf8AlpX12W4Opg8NyTPl8fiqVavzQM3JhHWlinli5gnqwbYzS5hp8WjXExjI/wCWtd5xc0CvDqN9AcQTSV3HwX/aF+NX7OvjSL4kfAv4o6/4N1+KGW3i1vwzq8tjdCKQfvYhLEf9X7Vi2Pg/VHljgfSLnzP3n7rya2/ib4MuvCOujwhrWgmw1PTofK1C3btL/wB/f+eXl1qsPCdL3jP6xT5+Q+uv2Tf+Dhn/AIKX/s0/FDS/GXib9o7xD8QfD9vdxyav4V8Z6ob+K/ix+8j8yUGWEn/nrH36iSvsf/gjJ/wWX/Y18G3Xxn0L9r/4h3Hw81P4pfGW/wDG2kat/ZtzcW0Ud15RNrLJDGfKEXl9a/GGHw95pjMY8vjzK69Pg1q1z8Nbj4oWl1GdMsdUi0+8EhxJ9qlillj/AOuv+qkrn/s6nOLVOBz1MThnpI+pP+C4f/BRWf8Abd/atuvDXw0+Lt94m+F3g2X7H4KluGkjtr6Xjzb7ypYouf8All+8j/1UXX95mvsP/g3T/bC8Cfscf8E3v2jPiZ4x1Syt7rQNSh1HTLSW58uXUJvsEoihH/bXyx/21r8wv2bF/ZY1TxxYeC/2qLLUdJ8M6nOYrzxn4feU32jjgC58rEsd1EOfMijj83HSUV5a813CZ9Hi1oxWo/eDzB/ramWGcKPIZYiisTS5F7qFvhceItSvNUluYlc+bcStLXafsxfsxfFf9r/446H8DPg/4elv9Z1m58qP9zL5VrF/y1ml/wCeUUVdv+zh+y98Oviz8Bfid8aPHHx50Twlc+CYdLi0LQ9Wmi83Xrq6m/eiPnzZfKiill/dRS/8sq/RHw38bf2RP+CN/wCwTJN8I9T0/WvjR8VPCpjE0d5F/aUVrLF/rbmP/mH20f8ArYov9bLLXDicZHCzhShFylL+nr0sehh6VoWR+TV2LjwH8U5V8I62ZZNE1w/2Rq9pD5fm/Zpf3c0f/PL/AFfm192f8HK3xC8UeJf2wvCvhvVvEV7c2lh4Atb2G0muPMiiurmWXzZYo/8All5vlRf9+q8v/aS/ZV+En7G37DvgWX4raXLqPx7+L4tvFcNu2pfuvBvhj/l1/dxdL6+/1v73/VRReV5Qlqn+wd+yF8YP+Cmfx5s9X+MvjTWj4I0byv8AhPfHmu3Xm/ZLGL/l1hllP726k4jii/eeV5vm4xTqU4e1jVn9lP8AEUvZ0tZHqX7T99Ppv/BGH9kzwb4gtJYtUtb/AMT3umwzf8+Fzql1L5v/AKLryldb8MXcHhnwzN4ViNxY2drH+9/65fvf/jtdz/wUw/aG8Ofta/tM6X8H/gToVtpvw/8AhzZS6D4PtLT/AI9orC2/1sv/AFy/df63/plXkfgnX77V/iNcX2q2Mctva6bdSeb/ANsvK/8AtX/bWvmsbQlU971f3n1fDWJnCXL0Pavjf4T8KzfCXTvFfh21+yx2Gh/8I7Z+TD5f2+/tdQlll83/AKa/YLm2/wCutfSH7IP7Vul+B/2ZvDOsJpUl3qvhy4v9Oh1CKb/SbWKWLzYov3v7r7LL5lz5sUsUsX+tr5N8K/Enwrcfs2eJNK1fXbmTxBa+NtL1HR9Ph/5axS2t/wDb/wB7L/1ysf8AyFXUeAv7D/sf/hFD4+sbaS/vIpNN0mG8/eyy+VL+983/AFUXlS/uv3vlf62vJeWPGKEJn2kcbS9rKX2SCL4haVFrPiD4O6rPbabql1qX9o6PrmnTSx20Uv8Ay1sJf+WvlS/89f8AllL/AOQvPvjB8K/H/g+w0/xH4x8K3NlHqk0sejzahD/x9eV/rfK/56/9dax/id4qvtB8ZWfiOfQ/9Itf9Gmiu4fLli8r915VbHir9tL4xfFT4c3Hwr1bxVfXPhe61L+0bzQ/3XlRXX/TL/pl/wBMv9VX12CwNLB4X2Z4OLzp1as2jl7P4keFdT0v7D4q0OO58qHy4fO/5Zf+Raw9S8E6VNaf8JH4O1zzY/8Anj/y1i/66/8A72uf1HUrHTL/ADfWP7v/AJ6w1c0HxVfeG7qPVdD12OWSL/U+bWlJezPDnW9t/EO01/X/AIc6x8G9L8G33g2O28aWuvXUk3iy082L7VYeVF+6uYv+WvlS/wCq8ryv9b+982vM7y8Fnfxz4ljk/wCetemeD9e8K+PdLj0PVrGx0m8im8yHUIof+Wv/AE1rn/GvgOfQftH9uQeZ++8u8rp5OY5vZljTfj94xs9Lt9D8f6VY+KdLtfKjhh1zzf3UX/PKKX/llWxPefsk/E6LxBc6VP4g8C6pdXkUnhvSdR/4mWmWsX/LX7Tcxfvf+evleVa1x/8Awre+0fQLfxVPpX23Q7r9150U3+ql/wCeX/TKWubhh0P7f5H72KSKqJNjxJ8N77QdGt/FUF9FfaXdXkttZ6jaTfupZYv9b+6/1sX/ACy/1sUVc/DNNNL5E8EVGsTT/a5PsNv5tvFN+5llhrQ03TdKu7CT/TpIrz/ljaeT/raCaliP+zrfyv8ASakms4LP/Xweb/5FrPvPt0Pl20HlS0TXk8MX7+y/7bUGJsTTWMMOTBFL/wC0qLy8H+jrpUEkf7n99DNN5vmy1hxalBNFIJ/+2NE03+rz+9jioA0Jr2eCX/lpH/12qxZeJJ4bqP8AcRxyf9Maz/7SsvssdvDYyx3H/Labzv3Uv/bKq83nn9x+6tv+WlBmdh/wmV9o93Hquh3HlXks376H/l1li/df63/trWP4xivtH1T7DfQRx3Ev/PL/AFUsX/PWsO81j7H5f+tohvIL2Lz77/j4l/dwzRf88qB06R7B8YP2Qv2gvgPoXhjxx8SvhpregaP4r037Romra1o8ttFfxf8AbWL/AKZ/+RYq4fTde/tmW40q+giuZLr93D9r/wBV5v8AqvN/7ZebXpH7S3/BSD9pL9qP4H+EP2e/iP4ns5fBXgOHyfC2i6dp3lxW37ryopZf+e0nlZi/e/8Ax2uf/ZW+DPiP9or4maP8K9D1axsrzVLO6+xy6jN5Vr+6ill/e/8AfqpxNOPtbwO8p6bqV98Pde8QQ+Ftc+2/aoZdOs7u08397FL+6ll8r/prF5v/ACy/5a11mmeFfEemS2/xGuNDvotL1nWJY9N1GaHy7X7VF/zyl/5a/wDtKtiH4Y/2nqmj6rpIiuZIv9J8SadaTf8APL/91/yy/wCmVdZ8TtH8cXel2elat4juf7Hv/El/cw2l3N/o1hqnmxfapf8Anl+9l8r97/yyirenT93mF7I7DTfhjoegy+E/Pvra+kuvN/tK0/dSRfvf3sX/AH9tbm2/e/uv3vmxf8sq6T9uT4YweA/FGh+I/B1j/pFro9re+VLN5nlWEvleVFLF/wA9Yv3sXlf88oov+etfPfgn4zz6PrNnPPBLHeaNqVrJNaed5X+qi8r91X2xN8WvhX4w+H3h+fQ/hzZS2f8AZt1p3iTyf3tr9gupf9b/AM9fNiuvKi83zf3UUsX72t8N7sBU6h8h6loGuwaX58+lSRSWH+m6b+5/5Zf8tYv+2Xmxf9sq9A1LwrB8VPAdv/wh1jHHqkVnLHqWnQ/62KW1i837X/1y+y/+ipa9A8N6N4j8efD7VPA/ivQ4rnXPBv8Apum/ufK+1WH/AC9RS/8APXyovN/7Zeb5v+qrj/hLZ6p4P+0eKrGwkivNBhludeml/wCXq1i8qKLzYvN/z5v/ADyrSeF9oUeT/Dzx5qvhvWZPDkE9zLeRfvIYf+WXmxV7h4dvNV+M+gyaFBpUsviS1/5Yww/vZf8A475tef8AxC+GM+geNv8AhJLGw+zXEv8ApMMMP/LWu8+EuvX3hXVLfXdJ0q2kjl/6Y/vZYq82pgHcxp4mpCZ5v4w0fQ9e8EaxD4z8Vf2T4s8Ofu9H06XR/wB1fxf8tbSWWL/VSxf9Nf8AyFXm+j694ii0KSxgvbn91/x+afN/yy/e/wDLKXzf3v7r/plX1x8TvhjB4w1CPx/B5lzJfzS3N5Fd/wDL15v+tlryfXvgnpWja9JBPBLYyf8AXHza5qmXVUOeIp3PH4f7V1K6/f8A73zf+mP+tqx9jvxF/ZX9lSfupv3M3k17Zr1n4i8H2seuQarbX0f7r7Z9r0eKS2li8qKKLzbaWLyv+WX+trJ8dftH/BTw/wCA7vVJ/gne/wBrJZ+VDLNrOIv9VF5UX+q82WLzf+2v+qi82umll9qXunBVqnzX8ZPiTD4MsJNFgQy6tdQ/MZf+WX/TWvCbOKe6uvOn/ef8tP3tWPFXiTVfGHiO88R6rL5lxdTeZNUcH+t4/wBZXdhqSpHJUqSLNraARedMOKivCJpfIH+rrpZLLUbnTLrVNMuPMsNMh8vzpRHH/rf+WX/kSSuXYkn9x+FdFRnHRi51Lspf6qrtk5mdIdtVobP99zXs37HOofs/aV+0D4Yg/ab8G22teCNQ1e1stfSW9ltvsNrLNF5t15kMnm/uovMrO9jetOPJoeZ2yq7bVmxVu1Wwij5j8zHev1L/AOCp3/BBr4Z/s/8A/CP+Kf2Y/EmqRxeMrvytH0i7uPtttLL5Usv+t/1v+qil/wCetfml4y+D3xK+HOoS6d4h8NXI8r/lpFD+7rSliITVjy3OlUfLzlW2nguI/IH/AC14r3H4A6d8GPi7pvgz4JeM7uLwnMPFuqaj4q8bXmo+XbS6X9gtfKtfKwR9p821uvLk/wCet3HXzPHqE9leb5lH7vvLXoPw9134ZJYXEmv3WtT3Bh/cRWlrFHbxS/8ATSSWWuujiVSmZVsLW5L0zb+LPgX4OeGvEeqrpNxd3GkWtxfWtpd2d9FIlxLHF+68uTyv9X5v/LT/AJaivFpsypkXHf8A1QqXVtYvru4McdwfIz/qpjXofwEtfhxpmurr/wAQ9REP2aPzLO1GnG582T/np5WYuOn/AC1j6da5MXX9pLmgj1MJSnh6H7yXMfUv/BMD/giv+0P/AMFE9M8S+KfCmr+HfCXhrwnp9rc654l8aTTW1qTKJZY4ovLil80eVF5spP7qLjPPFYvxX/YK+E/wbuLuz+E37X/hb40+NLXV/sWneGPhz4bv7oy3Xmj/AJazWscUsfHbzYqr+G/2wNE8K/8ACSf2R4OufEF54j8qPUrvxZN+6liiiliii+zWksUX/LWL/W+b/qq5fxv+2Z8W9e0C48K6Tqttomj3X/H5pPh6zisbWX/tlFXm04TvzzNKtVpxcD1f4SeHvgNp97qH7T3/AAUZ8Z+Mfij8V7m8mGpfDrxBDNH9nli/1RvrmaX/AKZ/6rjyv+eMsVc9+1J/wUK+JfxT8Nf8Kn+FnhXSPhx4HhMvkeHvClnFZRf+Qv8A0bXz7eeKtV1P/j4vrmSOX/v1Uem+Fb/WP9O1Qf6r/ntWdSkqj5pBCmqtW8zU8E6/f+F9GuNE8Mfu5dUh+zTXcUP73yv+WsX/AFyr2TwT8DfH/gn4N2/x38Y+Fb6Pwf8A2x9mmu/O8qK/uoopfKii/wC/UtV/2bvhX4Ovdft/FXiu+trGz86KP/S5vK82L/P+t/6ZV6h+098Zvip+0ha/8K5nsPtPhP4fWf2LQf8AhHrP7NFaxS/62Xyv+Wv/AF1rxcRVp+0se/QrToQ/dnzvPr3hyzls4LHzfs91NLHN/wBNf8xfuq6Txt8N7/XrWTXfCsFtFZ/upJoftleX+Jrx7PUxosFj5UmlzeX5R/5ZVc/4WFrkOjeQdclit/8An0irpw0aaO1YmtynaXnxI8K3nhL/AIRzxV4d/wCJxFD5f9oxfvYpfK/7a/58qvG9R8U/2breNKgiij/5bS/89f8Av7+6rpNH1ifUtWjv4YfLt65fx5o08Gq/v4JY5PO/fQzV6aszzqp1GpabpWveDf7c0PVbb7RFN5c2nf8ALWL/AO1VycM19pl1/qP+2NdJ+zf8SP8AhA/FtxY3+kx3ul+I9Nl0XWLT/nrFL5X/AKKliil/7ZVoXngOGa9vNDn/AHdxazS+TD53/PKq/hGdMr2c1jZ21vrmh337z/ltFN/yyl/zFXtmmTf8Lg8B6pq0/l/2hYWcXk+T/wAtYv3VeF+G9H866t4J76Kyjlm+zTTV9Efs0+FbG88Oah4c1VpYvEGl3kv+if8AP1+9il8r/wAhS/8AkKnTp6nbhqh5n8Pbyx1+61DwPrl9Hptnqn/LXzv9G+1Rf6rzf+mVcn488EwWeiR63FceXcRTeXNaSw/6r/P73/v1X0Br3wlsYfHEmlWOh+Zp+qeVJZzf88v3v/72vI/GH27TfM8/Q/tP2WaL7ZaSwyy/9/aurhvZI6MThjz/AEfR9cvIrg+fLH5UPmVnw6pqsviTBnkkuPO/fTTfvK6yDTb6aK8t5/8AV2s32mab/nrFUeg6b9jtZPFU8EdzbxTf6qb915v/AEy/z/zyrn9ocXsz1j9lf4G/Bb4teMrjQ/2hfjTbfDvR/sd1ezeIbuH7TLFLFF+6itoov9bdSy/8spfK/deb/wAtfKrzfxh4D/sfRo72e+j+2SzeXNaQ/vIv+/sVYesfFTXLyW8n/efaPtnmed/9qqPR/EgvNUjvvEl/Lcx/8ttP/wBX5sVUdKnS/hmPPo8F3F53+r8r93/qaz5obiHp/wCQZq7ibw3faxa+fBockX2CGWTUpYYf+WXm/wCtl/55f62KL/v1XLzfYdNlkg+z/vP+m3/LKp9oZ1KRXls/3Mc4uP8Av9Un9g6rDaxzz/6uX/Uy1Tm8/wC1yQef5Uf/AE2qxDd/2YIwIPMj/wCetUZezD+x8zeRcVoTaPBDF5848v8Ac+ZDNNWpoOveHPsFx/xI4pPtVnLbebLN/qpf+etR6xZ3Hm+fq08stxa/u/8A41WNOozT2SOXhz9q/wCmddhZ3ulabo+n6hpV9J/aEV5L53/LKKKL915X/tWuT8nyf3Oa0If3MUYgNZ1DOmeiaP8AGDxHo/l2MGrSxRxf6nyf+WVfbHgOb4H/ALUX7KFxofhWex03x5Yeb9s0m7m/0m//ANVL5tt/z1/1UsVfnfN5/lRzz/6uvWP2b/jbffDHx5o/jKDSra9+wTeXNp13/qrqL/lrFL/11i/dV2YarGHxjVWsE3g/VdB8RyWM/wDpOoRTRfY7uX/VRS+V5v2WXzf9b/zyr2D9nv4na5Z6D+//ALWi8P6DeRSaxd2k3mS2Gl3UX2WX/Rpf3Uv73yv+WX/oqus+MHxa/ZX+MHhjVPiNoehyeDfFH9mxf8Sm0h/0G6uov3UUUX7r91F5UX/TLypf3UUVcfo1nqt7f2firStVjsfNh/c+V+8iltZYv3trL5X/AG1il/660/aclXQv2aPsz9jOHwP8QvHmn6rodjY3PiDS/KvbP99F5t1FF/x9RSxf89fK82L/ALa17Z42/wCCb/jHw3ql5feFbGOK3v4Zfscv/LKXzZf3sVfCf7Lvxa/4Vj43s77w5/o0dhN/x92k373yv+mv/PWKv1Y0f45fHe0/Zv0P4jDQ9I1bR7XUv7K02X/l+sJYv9ba/wDPL97FJL/6Kr6DBVY9TiqwrfYPgeD4D654k1S48D+I9Dj/ALU0aHy4f+mvleV+6rP8bfADxV4bsP7c/wCEcuf3X/PX/l6r9NPEng/4EeKvDmn+P9Dvra2j8mK21KHyf9KtbqL/AJ6xVT/4VL4A+JPhf+ytCvra+s/J/c3cP+qi/e/62vSqYajP94Zfvj83/BHjax8NX9v9u0mOX9z++tLvzY/9b/01/wCmVWPiR4b8K+PLCTz762ttQtfK8mH/AJayxf8ALL97X0Z8VP2dRr0tx4cvrf7NcWv+p/ff9Mv3VfLfxU+G2veA7uSwn1aKKS183yfN/dVy11CnT98z9hVOTvPgn448K2sgn8q50+X/AFMXnfupf+/stfB/7c/j/wAOX/jn/hX3hGzjhi0eUx6lNBN+6muf/tfSvrjxL4w8Y3mox2/jO+votP0vUrWSb99/yyir85vGtnPa69dx3cvnvFcS+bL/AM9a8upUovSmeTCdV4nlqGJ5PkzeTR5372iGH/yLUl35EN3J9hJ8v/lj5tYHcdX448c6XrIu7Hwt4WttF0++1c3kVlFPJJ5X7vy44vMl5/dZk5/6a+1YNum6ySaXy5fNlrLjW4kO2EYre1jwf458J21hc+J/Cuo2MGoL9o06bUbKSMXUef8AlmT/AKyj2opUv3WhVlh8n/lhWwb2JfD0ljNb5eSb7Rayj0/exeVVO+1DS5tMEBST7QbvIm8391FF/wBc6raDDBNdeROf3dXo0cqVoXZ+m/7FH/BYHxJ4pi+FHgv4/Xv9r2Xwl8P3Wm6Xp8sX/IYilEVrEJZPN/5ZWvmRf6v/AJaGX/nrX6leFf8AgqF/wSK+A/gHWbn4hfEnwhZabqVnFenQNQ0zzdTki/1sUUtj5Xmyy1/MtZ6xa+EvEcur6K8hhimlNkkv/LT/AJ5VjeOPGvijx94guPE3i7VJb2/uZv30sppr2VI4YZY6+J9pzWifYH/BW7/gqvaf8FHPG9nonwz+B2h/Dn4ceHJZf+Eb8P6bpltHdXOSR9puZYh1IyfKi/dRf9NT+8r4skMHlxw25/67VAq7jitG1H2WSOWJh5nnfuYnirPS560YU6MeWBb0PQvmjuJ4jLJ/zyrp9H03VbyWT7DYyyyf8tpa63Wj8MrHS9Pn8Ia5Jq8nk+X/AGfLpssflf8Ax2k/tjxV+7g0Oxiij/6ZQ1hUrYak/fmcynia/wAEA0bwTqvlefqs/lx/8tqsXvgLQ7P/AI/tV+0yf9Mf9VV3wr8Nvip8SLqODSrGT/SvN8m7l/1Xmxf63/0bFXTxfsx/Ea88L6f4q8Yw3Njbyw+ZD5sPl+ba/vf/AI1LXBiM0wVL7RtTwOKn8Zzem6n4V021xY6VFqWoRf6mLyf3UVeifB/4D+P/AI2a9HquqwW1lp8UMsl5PdzRW1r+6ill8rzf+evlRS+VFXonwy/ZvsfDejW/xi+IngzUpPB8s0tlpt3F5VlbX91Fa/avKiuZf+Wvlf8Af2vP/EnxI1XxJrNwL/XLaLQ4poo4dOi/dRfupZa8WrmdXF1uSHuxO7D4OGHXN8UjU/aP8SfD6Gyt/h9+zOL7UtLsIYr3UvFerQ+VdRS/vf8All/yyi/exfuv+esVcfpvxJn8H/D6Twr/AMI5pNzJdfvP7bm03/TopZf9bF5v/XKL/wAiy1z+sfGf+x9Zk/4Q7/jz87y7y0u5vMiv7WKX91FL/wBMq4fUtft9SupJ/Pl8v/njWipe0PQow973ynqepT6xqn7j91/yz/c/uqy5hOf3E9Sf8en4VXtIZ7y6kuJ69WjSsivaHafCafQ9FkvNc8SaHc3slrD5lnDLN5VrLL5v/LX/AJa/9+q5Pxt4k/t7Wft2P3cX7uo9R1jFrJY2E8kf76qem6Pcax+4gt/3f/PWtadM5Sx4P0e/1jXrexg/1kt5F/2yr3j4feFT/wALot9DvvNubewvIpLz9z+98r/nrLXL/Cbw3/YV1/avkR/Z7CH7TNdzf6qKX/47X0h+zHpHk+HLwz+HPtOoeKLy1ivLv/lrFYRSxS/+RZYoov8AtlXbhqXtKxFLc8r+Nnwxg8E+I7yxh0Py47WaWP8A66/vf3VeqeKbPRP2e/Fvwj8ceFdcvvtGveFdL1bxh9rh/wBVfy3UvmxRf9MvK8qrnxC0e4+IWveH/B8/hW5j1TxbrEUkP2T/AJ5RS/ZYv/JqK5/79RV53+0tr39vfHj/AIRXStV837BNFbabFNN+6iii/dRRf+iq9H6rH4kejh58tWx9SfAH4b+FfHvjy4+HHiPXJY4/7N/0PUJof+WssX/x2L/yLXx/+0JoPk+MbjQ4J4o9Qis5ZJpv+msX7qKL/tr5X/kWvuz9nvw3rnxCms/EfhzSvNuLDR5bmGGGH/nr9l/9qy18R/tUXmq/8JlqkEFjJ9s/tLzPJlm/1taZlQSwsT6bH0qUMJA878QSwaDD/auhz/u/JltpoprP/wBG1c+IWj+D4fC8c/hWHUrGS/8ANk1jRNW03/kFxfuvsssVz/y1il82X/llF/21rHvPP/tT+1J4PMs7+HzIYYfN8rzf8/8AbWtP4h6LNH4N03XrhbCyvYrm607+xsxfbov+Wvm+V/rYv9b5X+lS+b5vm/63yv3XzXJI+fPINTvJ9SuvPg/d3H/o2q+jzar/AGpbz+fJJJ53/LKauo1LRrGytbef7B+8lh/5YzeXWXo+gzzXVxcQTxf6L+8m/wCeX7qtTGNKftj2j4A6j4H0Hwl8QL74xX2r+XdeFZY9BtNJm8v+1NUluopbWKX/AKdYpYvtUv8Az1+yxV5HqU0H+v8AI/0z/V/uf9VWgby6+y6fpkGq/u4v9Imi/wCmsv8A+6ii/wC2VZesWfkaz9uz5v8A0yh/9FVznbP+EZ8Nn9sl8+fzIo4v9dN/zyovNH+f7D59al5eX1na2+qwaVJFJazfvtR/e/vZay7O8nhm8iCH955P+uroOP2RT8S6bfeFdU+wef8A9NK0NH8YQalax2N9+6ki/wCW3/TKjUtN+2Wv2ifzf3X7uaufmsxZ3XkT/wDkKq/imX8I7AWUEx8iGibTL2z/AOPiCtDQbPTzdSQXxlikrUms55ofI/4+fK/1Plf8sq8n2nsjT2Zl6PNAdPkIt/8AtjUgm8n9xB5kclalloNveWv7hfLki/57f8tak/4Q++mi/wCuX/PGj2o/q1b2JYvIfEel+HLPxJPNF9n1SaX7H5U3mS+bF+6l83/nlXQfDf4v65oP2yDVfKube6h8rypv+Wv+f3tWIfgn44034cx/FSfQ4v7DutS/s7zYZv8Alr5Xm/8AbL/rrXPw+FL6X/jwniljo+tGfsZHoE3xCn02/t/EfhzVfNklh/ffZJv3sX/XWKWv0d/4Jxf8Fd9a+E/w01D4O/EF/Dut+G9YspbjTdO8QRfaYrC/i8r91L/y18qX91/1y8rza/JazmzL5DT/ALuL93XeeG9BsbP4c6h4xvviNptlHFefZodD87/Tpf8AVfvYov8Anl/0183/AJZV00scxezP0Y+D/wC2BoesaprHwk8Y65qVtZ69N/oerQ/8ut1F/qvNirpPCvjbxZ4b16P7DrlzbSed/wA9v3Uvm/8APL/rrF5tfnXoPxm+x69HrnkxXPlQ+XNNLD5cv+q8rzf+/Ve2fCr9rPQ/Ns9B1X/QY/8AltqMUP2mKX/tlXdTzetSNYYeFz9UPgD4k8D/ABVsLfRPGOrW2m6pYTf8fcv72W6/6Zf/AL2vA/8AgpB8MdC0y7/4SSxuvNs7qb9z5X+til/1XlV43r3x+8K2f7/w58Rrm9s/O/49Lv8AdSxS/wDLX/yLXD/Fr9rTVfFXhz/hHNW8VS6lZy/6mab/AI+ov+2leRjeI6x9Fgcrote0qHkfj1p9Htf7Kmn/ANDlh/cwzf6qsD/gpNof7OHiP9hf4MfEr4U+ENN03xdZX2qeHfHktpZeXLdS2trp/lSy/wDPX/lp5Uv/AE0krC8bf25rEV5N+8ks5f8Al7hrlLPwN4j+Ifw98T/CW3uZb25utOivdBj/AOet1a//AB2KWWL/AL9VeS4321W8vtHzHEOXQhONWl9lnygv2UaY0DQfvPN/cyn/AJ5VT0+zuLy5jt7eGSSST+5VzVIJoZizH/WCvqD/AIJD/A7Q/iz+1jp+ueMr23ttH8MQy6jNNd/6rzf9Vbf+Rf8A0VXtYut9XoTn2PIwkPa1eXufRf8AwSx/YH8G6F4fl+PHxl8LSXusE+Xo+nXVl5kWl/8AT1/01uf/AEVX1H/wUf8A2cPgj8SP+CSviqe10rTtN8S/B3w5YXtnNBDFF9p/4mtra+d/21tbmWvpD4g/Ej4V6P4R0/Q54Iorews/sVnd6d/x9Rf8sv8Alr/rf9bX5p/8FaP2nJ7j4QXnw58Kz3Mdnr2sfYtSmim/dX9rFLFdRf8AkWL/AMhV8TlucYnF5lyz6n1GLyyhTwPN/KfmXZ3B8qSA+X+8/wCWtQTzyxSYgHPtSJMN0ggo4lmr70+P5F7Q6T4W/DXxP8V/Elz4W8I2sc93baLqGqzLNN0trGzmvrk/hFbSGuTMxltf+uVfqF/wbHfsvaJ+0B+1N8RNW8SaHHcwWHwl1TTrTzof3cUuqeVYf+kst1X5fXUFxZeZaFcSRy+XJUU6lKo7GsBbb97TrifyovKqXTYrf7V/p0+E9ap3P3qsULe1PUPB0+ryeHbS+0q8kj8r95+6/wCetd38NPjl4s8NeKLfxGdW8vULX/UmaGKWKvYP+CO/wb+FP7Ufhz4u/ATxnatH4rtPB8Piv4falj/VS2MvlX1r/wBtYrmP/v1Vj4kfsg6J4VsLfXDrukXP2qbypoYbz97ay/8AXKvmMyjyVeSUdz0MJUs/Zo8j0f4z/EbwfqEmq+HvEd9FcXUMvnSw3kv73zZfNlrU0j4qeP8Ax5r1vpV7f232jyfL+16tqXlRRf8AbWWtib9mXXJr+RfDt9bXP2WGWT91eRRRS+VF5v8ArZf/AEVXN2fwZ+Kl5osfiOfwdc/Y5byW2hu/J/5axf62L/v1XnRjh+bmmj0KdP2h6p+1d+1R8UviH4I0fwd4l+NOk+JNH0vUrq20fQ9Eh+zWulyxeVa+bFF5X+qlitrb/wAi18t6xr2q/b7jyL6Ty5fN/dV3kPwr8VTRSarPBL5fneX/AKn915tZd78IPEX2uTz4P3kX+u8qumlUw0Z6Iv6sqZxcPnfZtvkUQjjyP+etekTfCWeHwt9vg0PVpby6m8uGH7H+68r/AJ6+b/11q54I8H3vgPXdL8Y/8IPZa/JYXnmjTtbs/NsZf3X/AC1i/wCWv73/AJZV0RxNGRHszzfxJo99o/2ex1WxltrjyYpPKu4fLl8qWLzYpf8AtrFLFXPm8mmi8iD/AJ7V3ms/DjxjN5k+uWNz+68rzpZv+WtXPDXwpghijnvoIov+u1ehSq0Wc1Q4vQfBN9r1/b28EEnlyzeXD5P/AC1lr0TQPDcGjS/2VYQf6R/rPtf/AC1/6612k1nY6F4Xt/DWlaV5lx9slkvJf3XmyyyxeV+6rQ8K+D7HwrF/wlXiO4+0655PmWdpafupfN/1vmy/88v+WtdMdzlNCGLzvCWn/CTStK/0eW88yaHyfN82X/W/vf8Av7X054K+J/w5+CfhKPQ/hZfxX3iDVIbWymlu4fNluvKi8qX91/0183yq+V7vWbDwrdyT33+k6hL/AKNDDp0P+q/56/vf/IX/AH9/560WWm+P/iF44t/Cvg3Srn7RLNFHNd/9/fN/65RV6WFp3n7hofbH7NWsaF8Wv2s/+Ek0PQ7bzPAcMv2y0i/49YvKiisLCKKX/lr5t15V1/21l/55V4XrP7MWq+MPj7ceI/Ili0ewmuta1KaX/WxfZfNl/wDRvlRf9/a/Sf8A4Jh/saeAP2b/AIMap8Z/jTLY2Udr+70jUNQm/ey38Xmyy+bF/wAtf9b5Xlf89f3VeEftXfHL4Zalr0nhbwbpVtpuoa9N/wATjyZov+PXzf3UUv8A01r6rDUqKp8p6GEpXrXO0/4JX6le+D4vEnji/nsZdHtdNltrO0u/K/ey+bFLLL/1y8qKWvzD/aW1Ofxh8afEHiPw5pUktvFNf3P7n91FL5X72vsib4heK/hL8KpJ/Cuq21lZ3Wm38WpWn/LW6837LFF/7Vr4z+LWv3Gs6XqHhy50P7N9qmiubzVvJ/5Zf88v/Iv+q/6Zf9Mq8HNJ+0n7M9/FShUpnj+salqs1hZ/v/N8r93D/wBMv+mVbF3Z+KtZsLz4/eFZtN02TQdS0u2FpaT/AOk/avK/dX/lf88vNtv3sv8Az1lioGmzzazeW9xYR6bIfKk83yZZYoov+WUv/PWuT1PUvtmqXGlQTy+X53medD5X72vnzx/Zo3PFXjs+JfEV5puu6XFqVxdWcsX9rTTSxSyy/avN+1f+Rf8AVV6B428I/syD9ln4d3/gD4hatc/FbXtY1S2+Keh3cUUemaXYWvlfYZbaXyv+WsX/AE1l/wCWv+qrxOz1n7HrEcEE8sslr+8s5vJi/dVuWepf2kdQ1WeCL7Rdf6nzZv8Aj1l/debL/wBcv9b/AORf+eVAc/705+88S32pazcT2MEUcnk/Zv8ARIfKommvtNtfIv7fypJZv+msdV9Nm8m68j/V3kV5/wB/a2PHnnzWtnOL6K5ji822htP+Wtr+9/1X/o2ucZhy6lYz2selz6V+787zP3M1GpWfk3fkWJ/d/wDLHyZv8/vap8/ao7eCeKxj/wCmv+tqOabyf9QZP+us0P72ugDZv/Es9mdPsoNGtrOSw/dTTWvm+bdfvfN82X/prWn4+8OeAZ/Ceh+IPh/rDSXF/aSx6zpUtnL5umXUUv8A5Fili8uX8Zf3X7rzZeLnvPJ8vzx5nm1qaRqVgB9umMkskU37mL/2r/raumY29qbH2w+d59dh8K/iRP4O177d/Z9jc/8ALP7Jdw+ZFLXF2c8E0X2GceVWho3M3+v8uSL/AJ414dWkVSp6nqnjbTdC8231zStV02X+2YftP9n6d5vlWH/TrL+6rn9Nm1XTbryP9b5VV9H1KCz1S3nngjkjl/57V7hN8B4Lz4fR/EDSZ7b7P5P76H7ZFXjY2pPDn1eAy363RueR3mvX15pf2Ge+k+z+d5n2Tzv3Xm1j/Y9Kz58F9J5ldp4q8E6VDa+fBceVJ/y2irj7zTYIf9RXLh8S6xnicv8AZFeGzsJrWQg+VJLRqXg/XLPS/wC1v3ctvL/y2qnPeCH9xPBVzyIJrX9/PLF/zxhr0Y1atI8n6sU9B16fTfMn/wCWf/PGaug0fWNKvLqP/TrmL995nk+dXJ6lDPpsuZ2/d1HFqUNnd+RB5ldKqX985v4Z9Aa/8N/HGm+CP+EqsZ7mKzlvPL87zvNi83yvNri/7Z8caPLH5/meZFXL6b8Qr3RpY57CeW2/5aQzV6BqXx/8R+MPDlnoeq6HpEkdhDL/AMTGKH/TpfNl83zZZf8AlrL/AMsv+uVc04qp8Zr9ar2/dnJ3nxg1eEx3F9Yy/uv9d/01r0zxJ+0VofxCl8N+I/A+labomseHPN+x3enw/Zr66l83zfNlli/1stcPd3nhTXpY/Psfs3/TKGH/ANG1XvPhXB9q8/w5PFL+5ik/1P72uvB+xoP2kTjxNedajyVDi/jv8DdU1CxuPjr4Cslv/Dd/ft9sgWLEuly4/wBVLH/zz/6a/wDouu4/Yhm1z4b39v4q0P7TbXEvmx6l++8qKWKrHgnWPEfgnWpL7S7j7NcWv+utLv8AeRXX/TKWvtD9hX4qf8E/NetbjwB+014ck8JXmqQxR6brlpD/AKLF/wBtf+WVfQVKtPF4bkieJHnwlXmceaJh6l8YYPiRa/8AH9J9si/13m18H/tieM9c1jxTZeHNbnk/0WGWXyfO/wCetfpJ+2B+xn4W+AXl+I9K+Kmm63o+qfvPCureHv3kV/F/11/5ZS/63915X/LKvyr/AGgr5tX+K2qEXHmRxTeXmvEyvLVTxftpRPUx2P8AaYT2cThIYoPM8j95+VRxwx3F4EiPPpXfeFdF+Fa/DvXNV8T6xcyeIP3UehafCv7o/vYvNlkk/wCuXmV1n7CPwP1T42ftA6fpEGnNfxWEovZrTyv9biTEUX/bSXyxXv1sXGlQqVP5Tw8uo/WsVyo/bH/g3j/Z70P9jn9l+P4t+ODL/bnxGvItRvIYYf3sVha/6qL/ANq/9ta/B39rvwjH4D/am+JvgvT7NUj0rx3rFtHH/wA844ruaOv6Yj8A/wBpnwb8JPC/g74ZeBpLnUItHi/0Saa1/wBFlllr8DP+C4nwJ8VfAT/gpT8QfDnijw6dMuNXmtdcWES5z9qtYpZJP+/vm14HD+IxNavUnV6nfj6dLD4j2cD5G8791XpmjeAfhhqf7LXiT4o3WtXMfi7SvH2h6TZab9tiENzpd1p+qSzS+V/rfMilsrb95/qv32K8rrqdB0zw9f6fqTav4mWxktrPfZ2xtXkkvpS4/dZ6Re5P/j9fVN2OKX7s6r9lb9oTxt+zF8adB+NngO5C6joUspEcxPl3MMsUsNzCf+usMkkf41+0Ovf8E94P2kLXT/8AhDdcsbmTxR4bi17R5bSb/W2ssXmxS1+DNjH5d5vA5Y1/Tp/wT7/bJ/ZW+Bf7OHwSk+KHw2H/AAlfhv4FaPbTakthaySkS6fYSxfvP9aP3X/o2uetRo1Fz1DJ1vq+Jhr8R+VvxQ/ZF+P/AMGr+4g8iW5jtZv+PSX/AFsVSeFfiF8W/DejR2P9lXOmxxQ3Ufkxf9NYvKl/7+xS1+jn7S/7aX7PXxl8Wx+I/wDhBopbPzvL1LyppfNli/5ZS1zd58K/2ZPiF4djOla7H+9h8yHzpoqc8pwmJpXie28TSsfnn4c8VaVD5ljq2ifabfyfMhh/exeV/wBNf3VWPsfg7WNLuND/AOEx1aOzuv8Aj8htLzy/N/6619aQ/sf2Piq/ksfCsFlqUcs3lw+T+7uYq5P4hfsWeG7PQpPt2lS2NxF+7hmtIf8AWy/9NfN8quJ5PUSNaWJoOB4nN4P8D+N7b+yrHXJba3ih8uzi87zfssX/ADyio0b9j++mmjvtD8Y+b/0y8791XWaD+wr8TdSlkn0O+ufs8v8AqZq9E8E/sQ/FSHUbeDVdcktpPO8v7Xd3kVtF5v8A11lqKGSW3N/rNGx5HqXwW8SWejf2HY2PmXEU377yof8AW/5/e1y95+zf4r+3x6pP4H/0fyfMvLvzvMii/wC/VfpJ4b/4Jt/FTw3pcHiLz/C0tvdHzIbv/hKrW5i83/tlWhqP/BP34t6naR2P9k21zcRQ+ZDDaQ/uoq9Onl1Gjuc6pxkfmP4O+Buq+bcQaVYy3Nx53+hy/Y66TTf2QPFWpeI7f7dpUsv/AEx/1n+f+Wtfpx8N/wDgnvrl5YSQeKtK+zXH7r/Xfuq9A8IfAf4A/s4CTXPib9m+2eTF/wAS+7vPK83/ANq11LA/8vDP2Wp+afwr/wCCc2q+K9e/srwP8K5JNUl/12o6hN/x6/8ATX/41Xvmm/Df9lf/AIJ76XHrnj7VdN8ZePPO/wBD8PadD5VjFL/z1vpf9bLL5v8AyyrU/bG/bS+J2peZb/AjRJLKPzpbab+zofK+1eVL+6i83/Wy/uq+G7yz8VeKvFv/AAn/AIqsftv2r/mHahNLLFa//HZf9bXo0rUTSUadFH0l8Zf+Cg3xZ+Pvw/TRNbu5ItLWa6k0+K0hitorXzZfN8qLyv8AP/TWvGfCvwN134j+KLfxjPfeZZxXksl5NNDL+6tYv3vmy/8AoqvP9e1i/wDid48t9WnuLm20ewhijmhm/d237r/llFFF/qov/jUte6aP8eNc8K+Eo/hz4b0n/kPQxabrE3nRSX2qRfupfsv/ADytLX915X/bKuj665Rsh4ar/Ocv4wm134tWFxcwW/l2dhpstz5P73yvsFr+683/ALa+VXyn8TtS/tObbB+98r955P8Arf8Alr5UVfUH7WnxO0OPwRJ8OfDmueH7nUNZmiudY1bSf3sUUUX7qKwtpYov9VF5X/LX/W/9da+P/i59usx/ZWlT232iKb/iZf8ALXzZf9V5v/fqWvncTV/fHpVNaWhYhvNKvPEd54AnsY/9Km8qz1a0/dSy3UUUsUUXmyy+V9lllli82WuD8SabBNeW+lQX8v8AaEupS/2ld+T/AKL5XmxeVLFF/wB/f/IVbFlo+q/ZY9D0rSpZLi6m+zQyxWcUv2qX915Xlf8ALX/W/wDo2uP8bXk93dyTwT+XHL/rv+uv/LWuM5Z0zn7OznvNZjsfP8r/AFvnTV1HgmzsdT0HxBqxMscml6P9p8mX/l6llurWLyv+/Ussv/bKubE3lRSarfQf8f8AN++/56xf582uo0Yrpnwv1CfHlx6peRW03/bL97/7VioM6X8Y4eGaea/knz+886u48UxeALn4bafqWn317/wkn9sXUepWk0P+i/2X5UX2WWKX/W+b5v2nzf8AtlXF2dn/AKfcWP2f/WzV0F7dXUvhmzvrgf6P/aUv/XLzf3XmxUBS1OTvbzzoo/PP+qqTWNNGj3UZsdVtr2OWz8zzYf8All/0ylqPUoYILqT/AL+fupqkhhgmPngUEa+1LHhvR/7YuvIng/6416x/wyx4/wBC+F9v8Y9X8LX1to935tvo+ozQ/wCjX8sUX+qilrD+E02lQ69p/wBu/wCPeLypJv8AnrL5VfSH7Un7bOh/Eb4O6H8LfCmgyaRpfhz/AEjT7e0m/dfb/K/e3X/XWXy//Rtb0fZeznzn2OUZVhK1CU60z4/s9SgEv7+tz+zP+XixvopK4+Gbyf3Fbmg69/Zt159eJiKR8thfiO88H2fhzWLuSDxjqstlHFZy+TNFD5v73yv9VXsHwA8Ef8J7f2/hzw5qskVxdfu/J87/AJa14Xr/AIkstel+3WVjFbR+T5fkxV1HwZ+IWueFdat9W0TVfKki/wBdF5NefyRq/wAU+yy3GqjDkgfZn7Qn/BK/9pr4G/DmP4j+PvDsX9ly/wDL3F+98rzf9V5tfLd78N9cs9QksYNK+019IfFT/goF8afip8L7Pwd4/wDFV9qWl2sP+h/vv3VeD6b8SL6z1n/iVa5H+6m8yHzpv9VLUyw+DX8MWJx0V8Zj/wDCk/FV5L/yLkvmS1J4w+A/xN8H2tvfeI/A99bR3UP2mzlu7OWL7VF/z1i/5616x4E/aK8VaDdR6rPb20klrN5kMv8Ara9U+IP/AAUY8U/GX4aaH8MvG/ga2ks/DlnLZabN/ZsX+ixf9Mv+eX+qio+rx9nfmOSnicIz4f1LRxN+4uIJIpIv+etcvrGm31nL5E8P7yKveNSHhvxhdXFjqsH2aT/nt5Nc/wCMPhXoZijPhbXI7mT/AJbS+d5kVctP21OqceJo0a0P3Z4v518O3mR1c028n8rz/I/dxf8ALatzXvBOq6PL+/sfKrDm0HVYYvPg8r91NXfTnTqHk1KUqRcm1i+s7/8A1/lyRf8ALWb91XQWfxI1WztfPgvpYvK/13k/6r/0bXL2cPk2sn9q2PlebN+58mapP7Sni/cZ8r/nj/rf/jtX7M4qtM9c8E+PNK1OK8g8cwSfZ/Jl+xzWln5kvm/9tf8AllR4lh0qx0u3mnn/AHfk+ZNDFeRfuv8Anl/01i/7a1w+j+Rpthb6r4c1y5/tCKb99DL/AOQqz/Ffir+0rWOxn82KT/ltXVhqnsjKrS/ckmpftCeKtHsJPDmheMdSi0+KGX/RPO/dRV43rGpfbLqS+MFdBN4b8+XyJ/8AVyzf66pNY8NjR4pLEXEcvlf8tof3telSq0qRxTpVatM5cf62ODrX6Cf8EZG8N/CfVrz4x6paW39qRTeZo8V3/wBtYv8AyFXwPZ6DPeX8cEA/1v8Ay2r6w/Z70HxVZ6NbmfzP7Pi/eQyzf6qKL/lrWVZRq/uzowGHlhpe0P08+Kn/AAUs+KkMVxofgfxxJ9oupv313aQ+VLF/1y8r/tr/AMsq/PX/AILyXfjb42W3wn/bF8eSi41bxHp2q+GtSu4YcRS/2ZNFLbH6+VfeX/2xrW8YfGzSvAdhJfW8Ed9cRQ/ufNm82LzfK/1tfGPx9+NfjP4rC3sPGHiO5ube1mlk021nml8q183/AFvlx11YWnGj7sDkrU/a1/ankNSQ/u8d6P30svklvqK+2f2M/AH/AARh8M/AS7+Mf7bvxj+JHiv4gRGU6X8HfA+j/wBm200oz5cVzqcsMgMcvHMXleV/01rt5DGdTkPIP2N/2XtP+Nus6h8T/i5qFxoHwm8B+Ve/ETxYAT5MP/LLT7btLfXXlmKKIc5zKR5UUhHQfE/9uL4jfGX49eLPipppTRLPXtR/4k+iWo/0bRrCL91bWkX/AEyitYo4v+2Vc7+0d+1940+Omg6P8KNI8MaZ4P8Ah14Vnll8KeA/D0YjtLSWTObqWQ/vLy68rHmXUv7w9P3ea83+HumC88UWcE5/d+dWZzVlF0+eR9ofD3xh4q1LR/8Aia6rLJJL/wAtq9k8CeJtc02/t57G+uZfK/5Y1x/7Ovjz9i3wH8JdcuPjF8Odb1bxRdfu9B/s/UpY7WL/AK6+VLFXpHw916x+IUUeuHwrZaBZ+T/xIdOtIf8AW+V/5Fl/7a1zRqVqVQ6MuhLF09D6Y/Z1+M2leD7+z1XxHYyyeb/qfJ/1v7r/AJa10nirxt4O8VeMrjxxfatpuiafLN/xMotRvJZbq6lli/5ZW3lS/wDkWvN/h78E/i38SJbeCxnksre6h/1vk/vYv3X/AJCrQ/aQ+AHgf4P6Dpfg7w5rn2m4v7P7Tr2t3f7y6luvNli+y20X/LL/APdf9cq7VjvZe5UPpMJw/XrxPfPhX+1/8DvBOqR+FbfwbptzHdfvIbuXTfK/1sX/AO9r79+GcX7O/wC0d8MI9Q07wVpUbWtp5d5FFaxedayf9dMf9Mq/IL4V/BOx8eeHPD4tzLcyRTSx+dNN5UUsUX/PX/pl5XlS+b5tfof+xnqngLwFcXlt4n8K2VrJK4M01xZ/6VFFJaxSxCX/AKZf88q9Feyq01OmcNfLZYR++fPnxnvP2qPhv4o1iD4EaFe6TZ2v/LbUJvtMVrFL/qpfKl8397/1y8qo/gP8Zf8AgoHo+mXFl4/sb2+jlvIpPtd3eSyeV+6/5a/88v8AW19ffGj9vD9lL4eaFeeMdY1O3mjtLYwajNFp3mxRZ8vj6fu6+Qfir/wW88K2d1cW/wAJPA+m3Nx5P+h3ekwxSxeV/wDuqupiac4/AZ3nR5T0j4qeNvFWseHI/wDhMdV/4Re88nzJorS882WWL/nrFL+6rzP4zfEj9mX4JeDbjxV4q+I0Wt3l1Z/8SeLVvN1K583/AKayyy2stp+9/wCmX/f2vgP9oT9tLxx8YPiXca559zolnazRSTWkupRf8sv+WsXm/wCqlrxfxL8QvC80UkHiPxHey6fFNFJDpNpNL5t1/wBvMsX/ALS8quT67/y7On2v2z6w8SftIfDnxVa/2tpXg6KKzim8zUru78ryr+X91/qovK/1X/TWvmP45ePdcvPFvkQa5bWV5L/pM0UNnLJ9gi/6a/63yv8Anl5X+trm/iF+0V4N8NaXZ2Pw50q+l1iL/XeIYZv9VF/zytv+eUX/AE1/66/89a8v1/WPGNnLHY31vc32qS3kV7eeb/y183yvKili/wC2sta/WTnp+2xB6J4V+IU+j3VxcN5dzJYf8ukX7qKW6/5Zf9+qr/8AC8p4vEf2HQ4Jf7Yv/wDjzl8nzfssssv/AJFl/wBb5X/XWq/g/wCEvirXtA/tWfzI5PJluPO/55RRRS+b/n/plVebwHceNvFuoX3wy8OR23lTS3Pk/wBpeZa6XF5teY8UqXvnfSymtVPO/GHxx8VWd/qGl6HqupW0d1eXX7mKbyvNi/6a+VR4Js/EfirwjqHiKfQ7mPw/YXlrba9qEMPmy2vm+b+9/wCuv+t/1ssVdB48+Hvg74Zapbz65fRa/JdQxSedp95/y1/5a+b/ANNYq5PxJ8WvOtZLHw5pVlbWf/Tp+7l8qL/nrXBUxPtX7p6SoQwy/eFj4kfE7xVrEuh2F9rn2mPQdHtbLTbv/VSxRRfvfKi8r/ll5ssvlVoa7+z/AP2p8A7f9oXSviP4W+0X/ir+xbzwRaax/wATy1/deb9q+zf8+v8A01iryfWNSnvJZJ576Xy/+eNbGg3kFlLb+fqtzHJ53+t/e/uv+eVaEwxGG5zH1JYLM3FjPBHH9l/eTS4/1Utbl7puq6b8OdL+3f8AHnf6lL5P/XXyovN/9pUabZ2HiXXrfwdYWfmXF1eRR3k3/LWX97Wx8TrLSob+38Of6qPS4f8Al0/56+b/AK3/AD/zyoM7UW/aHF6PZwXl1/av2jy4/OrU8YeD9V8H+LbzwNrkEUdxYTeXNaQzebFay+VWx8MfDf8Awnl1p/w/gv8ASNN+36x/yENWm+zW1r/11l/55UalZ+HLPWZNDvrf7TJFNLHNL537q6ii/wCWv/fr/nrU0jKpyw+A5vxJ8MfEegWFncarod7bSXVn9ps/tdnLH9qtf3v+lRf9Mv3Uv/fqubh8+K1kh8j/AKafvq+mNW/b6/agg8b+EPH9/wDE29udU8G6PqmleFdR1HR7C5ltbDU4rr7fFL5sX77zf7Tuf3svmy/va8Ss/BPgy90mS88TeJ7nTZ/OtTZwwab5v2qLzZYrnyv33+ti/deVF/qpf3v72L915vTUpnF7V0jnLPUvscf26xvvLk/55edUf9sf2l+/n1WWKT/ltVO8077HLcefPF+6/wCeX/LX/P8Ara0bfxRpcPghPC0XhmykuP7Q+2y62fN+1eV5XlfZf9b/AKr/AJa/9+qz9kdSzOtBWJ9e8H32m/6Qf3scX/LaKsv9/wD6ieuo0HxJYTWslj9u8uOX/XQ+TUmpaD4cvLC3nsZ/9Il/4/IvJ/1VebTnW6mRzdnqU8P+oFdB4R1nXTqkY0nzfMl/dwwxf89aw7zQZ4ZelWNB1nXfDd1Hf6VceVJFN5kM0X/LKsqlI6KNarTqHoF7qXjjR7WTSjfXsVv/AKzyYppfKrLm1m+muvt088nmf89q6DTf2uvipFo1xod9PYyW91/x+fa9Hilll/7a+VXJz+NrGaST/QfLjl/55Vw/VqtI1q1rmx/wm1/ZmP8Af+bWxo3xOnhl8jz5Yv8Arr5v/wAdrh4dY0O8i/55SVJCLCbj+1q09mc3tEemabr99ejz4PL8z/nt/qvKrY0fxJq2m6hHfDS/Mki/5bQ15npmpT6bF+4n/d/9MZq6iz+JGqw+XixtpJP+e37r97/39p+yNKVV0j6s+EvxQ/Ze8baDJ4G+MWhW1t9qm8z+1v8AlrFR+0f+xB+y9oPw60v4qfAH9pvSNbjv/wB3eeHpv3d9ay//ABqvluz1ie8i8++gl/67VXPxCn0eWSx8+58v/lj5taU6VI7PrKkaGpfD2xmhkgmMXlxf66aub1jwTY+b9hgg82Stz/hZGh6xpX2H7D9mk/1nned+9rPsvFVjZX8c8F9+8zXJUVaEjj9mqr/dnoH7Pf7KPjj486/H4V8AeHb291SWHzJoYbOWX91/z1rh/id4J/4RXWZPDt9Yf8TC1m8uaL/nlXtn7PX7XWufsx6zH8TfhX4jtrbWJbOW282aHzZYvN/1teJ/FTxtP441688YCeWW4uppZJppv+Wssv8Az1q6dSR2Sw9GnR94831nNndf6/yv31bHgPxtpXhu6uP7W8Habrdvf2f2aaK7/wCWX/TWL/prWHrF59s8uxng/ef9MaDplvDJH9nn83/ptXbf9yeUqa9sangmzg/4SnyLj/tj51fUGpfDHwq3w+0fVfhz4xubm3ls/tOvaHd/8uF1/wDGpa+d/BOhTw6pZzXNv5v/ADxr6U8H6bY6boMf9q339mySzRR/88/+2tcyrWrH1mCySti8BOpBHH694V8N2fh6TUL7yv3v7vyv9VL/AOQq+a/ip8OIYdUuJ4If9Htv+WstfVHxnsrKH7Pb+Fddk+0f8tpppvLi/wC2VeT/APCB/Eb4hX//AAjmlQW175X+ulh/exRV68MSfIYrLK1KVj53/wCEW86WMQWX+sq7pHhXU9Ukkh0mz8tIusss1fdf7Pf/AAR1/bL+Pt/HY+DvhjqUdv50Vt9rvLOWOKL/ALa17H4K/wCDfTx3qPiW/wDCdp/aPxH1nR72KG407wzP5VjbTf8ATzcy/uouP+mtelS/e7nh4jC4rm5bH5/eBf2c9V8ZaUdQGoabZWvkyyTX+o3sX7ryovNl8uL/AFsv/bKKWuN0j7B4V8WyaXBP9tktpvLhmh/5a1+13xb/AGG/2Vv2Eb7V7D4g/HL4d6Bb6P8ACDXdK1fQNEvJbrUtQ126sJfK/wBbF5v72SWP91/0y/5ZV+Vvw98CaFqPiO48VXGkx2Udh/y1u/3ssUX/ACy/7a1deeHpRvGQ8NkmOlK1TaR1nwH+GPiP4h6zb/Z4P3dr+8mim/5a1+hn7Mf7OGq+G4o/H/xbspY7i18qTTfD00P2bzbX/ll5VfOfw3+J3wy+DHhePVbGeyuZL+z/AH0UsPmSxVY8bf8ABSz4m+K/7P0Oxnll0uwh8uGGbyv3UVeNUzH2j5YH3uS5ThcB7tQ/Ryb9pDwdZ2F54G8OarZaJ4f1Szlkmu/I/wCPCL/0bL/yy/dV8t/tO+PfBvhuwt/FWlT+brl/N/pmozXnmfav+eUv73/VS1853vxyvvGMVnpUGlX2rSXV55em2n2z/VS/uv8AW/8APWuP+Ofiq202WPStc8f22r6pYTf6Zd6HD9ptrqKX97/rfN/e1hPESrVD6utj8BhMN+6PcPhX+2B4/hlknhEcX+meZ5vkxRf9df8Arl+9ir0D4hftj+Ff+EXt5/t0t9qEUMskP7ny/Kl8r/W+b/rZZa+C9e+IWu2cMdlpVjJbW8sP2mH/AJZVXs5r7XpZL++1yyjs7Xyvtn2vUv3vm/8ATKL/AJa17GExPsoHwONxP1upqe4eMP2rviN4k0u8g1zXLn7Hdf6mb/rl/wA9Yv8ArlXk9n8Wr7TZZILLVYraO6/10v2OKXyv+/tV/FXiSx8R61Z6HY+MbWxs/wDl8u9Rs/8ARYv+WXm/uopf/RVeZ+NtS8OabrNxBB4j/teT7ZLHDdww+VFL/wBNYv8AMVFTFHlT/eHYePPiFpWm/v8AQ57m5uIryXydRu4YrbzYv3X/ACyi/wCmv/TX/nlXnf8AwmHirxJr0d8IJZZK0PAh+HOpeM7O4+NOuavpvhf7Z/xOLvRLOK5voov+naKWWKKWX/v1Wx488eeHPFXxQj1z4Y+ALbw3pcWj2GnWcMNnF5ssVraxRfapf+WX2+68rzZZf+evm1ze1CnSdSZX03Tdc021t54J7mLzbz7NNNaQ/vZf/jtfYGj3vwP+AP7Oen654k8D20nxIlvJZNHmh/eWtrYS+V5X2mX/AJe5YvK/1X+qr5X03WND8E2txPb/APH5debH5X+s8r/nrLXF+MPidrniSKOC+vpJY4v3f+urN4mq/hPosP8AVcJS974j0zxL+1R4w1jXry+gn/0O682Pyf8All5X/TKuH17xfOfMvvt0sckv/LGKuHn1KfzfItz+7+tWLOz8668+ef8Ad1n7NmFTMpdDqLPxKZ7COC+g/wBV5v8Ara5fWIbDzfI/5af8tqsalr0EI8jSoP3f/Pab/Wy1z97NPMf3H73/AJ7VdI86rVdY0NNmsZpY4L6fy7eL/XTeT/yyrQ8VeJNDhsLex8OWP7uL93DNN/rZf+msv/PKsez02+vP3EEHmf8ATapLzR54f3H+qrenTZnGjVPYP2M/Ck8N14o/aM1ywil0f4faP9p82b/lrfy/urGL/v7L5v8A1ytZa8n1LxVPNrOoarn/AJYyx19SfG3R4P2df+CfngP4K+RFbax8RtY/4TTXv+fqK1i8210yL/v1Lcy/9vUVfIYsp7wyC3/e2/8ArP8AyL5X/tWt6n8h6Eqfs6J0HhS8srS1jnuJ5YriLzZPNhh8z/ll+6i/7ay11Fv4V1uy+z32mWEv9oXUMtzZ+T/pMV1F5X/LL/llL/y1il/55f8ALX/lrFXN6Ppv+k29vPPLHH+686WKH/VV3ni/xVqvwx0//hB7DxnbatHrNla3N5+5iltrDzfst/5Vt5sXm6fdRXUXlSyxf63yov8AWxfvZdKdI4ah5f4u0PUdI1uPSI9skjn9z9lglj+1RSxebFLH/wBdYvK8qoree/8A7Ei0wOtzJcXEUk3lXMvly/8APKX/AJ5ebF+9i/7a16T45tfA8mmR6RpUHm+IL3yo5rvSZfLsfKli83/l7/e2t1FdRf8ALLzYpfNl8ryv3Xm8m+oLNYXiaZoa6bJfRSxa9BdzxRxk+cSPs3mkeV5UvlyeXJ+9/wBZ+98oy1ryGJj6loOq6NYXGieMftNlqEV59n+yXf7uW1lillil+0xf62KWL/2rXN+JNF1bw3q954X8RaV9m1Cwmltry0lh8uWKWL/W10et+I7uHxZLrt9r01zJL+8mmTzZMxS/8fMX73ypZf8AWyf+Rf8ArrWS0+mW3mx3GmeZfxTQ5livB5fl/wCfL/e+b/6NrMmoVjZ31n/pEH72ug8N69pXmxwarP5f/TasOz1iDzfIvoPLrUh+xXkX7jypK8ip7Q1pHUQeFZ9Yiknsb62lji/55TVh3nh++hl2+R5lZ8UVxazfuDLHWhD4kv4P9Hngrm/fXNSv5P7qSCeCoxZ/88J/pWxBrHhy8tfIngktrj/nrUf9mwTfv4J4q0MzHns54etEc3/PxW55M8P+vgqveabY/wDLCeg0KZ1KeEfuJ6uQ6zzi3nlrPbTPN/6ZSUf2bPDWgGxpvjC+s5fPx+8rQm8YX2pReR9n8z/rtXL+TPB1qxDeTw/6j/V1n7NgWJpv9L48zy/+W1WIdNnmljgt/NuZP+WPk1l/6RD/ANtTWxZ6/fabayfYf3Ukv/LatBU6pHNeT/6iqf8Ab08I8jz5KkvPt03lz+RVP7HP/wAt/wDllWf7k05pSLGjzG8l+0Tj935376uws/DcH2ryJ7H/AK7f9cq5vQYZ4Yo54P3cnneZ9r/55V0mm+MIdNi/494o4658R5HVhYUlW1O48H6PoU1r+4v/ACpLWHzf3tHir45T/wBlW/hW+n+028U37mb/AJa15PeeKr6zlk8ieWOO6rL/ALZnE3kT/wCsrjWEqzq859/hOIKGX5dKlD7R3mvfEifUpf8AR9c/1X+p86tD4Y/td/tGfCTwr4k8AfDL4m3OkaP4o8r+3rTTpoovtXlS+bF+98rzf9bLXnf9j/bZcwT+XH/01rYs/h7rt5LcQWFjLL5UPmTeTD5tepS/dHwGNxtWrW9oz0Cz/bH/AGktGv8A/hI7H44eKLK4+2RXP+iaxL/rf3X/AMaruL39vb9prxJ4Dt/h/wCI/wBozxJJo8X7z+ybTxV9mi83/nr5UUVfO402ezl/49/NjlqP+0/JiMH2GOupRn/Ocf1+Z6B48+Kl9481648R+MfFWr6lqF1N5l5qF3eS3N1LL/11qnZa9pUNrJfWWlXMnlf8truvO7ya9m/fg+V5v/LKGpIdYns4v38Hm0ewgVPH1ZfaPVNN8VT6xpdxY6UdNtri18ryftd5FF5v/TKq9neX0xjuIJ5JP+mWnQ1z+j/FTVNH0a80mCeSLzfK8maHTYvNi/1vm/6T/rYqw9S8eTmXN9PJJWP1aKOf69i2zvPEniTVbKW4+zj7N9q/5Y/8tfK/9pVsa98fvhheeA9L8HfDL4Axab4oim/4mXjHUPEkupX2qeb5v7qK28qKK0/5ZeV5UXm/uv8AWy+bXid54kvppY5xx5tdZ8Kvh78RfG2tfYfA8Fz9o8mWSa7hm8vyov8Alr/2y8r/AFtbUsN7Q1p4mtW/dmpDN8RvEni648K32h3P9qed++0+b/j583/pr/21r6I/bZ/Y0P7H/wCzJ8D/AIwTfFvR/Ed38ZPDVzrc2j2EI+0aR5fleUBznypPN9Iv3scsVfP9n/wh3w91DXPDmu2Nlq8kujyx6bdwzS/upZYv3UsX7ryv+Wtefza9faxdRz6r9plj/wCms0v/AF1rrlTpKlySNJrlXukk3irVptUkngvqJrLVTFJfTny/K/5a1c03R8S5g/0a3/1nmzV6Z4P174V/D3S5PEd94ck8SeKPO/4k/wDaE3lWth/018r/AJay/wDkL/plLXEc1OmSfs3W+p+GrLXPEsHw88N3sN/oMuknWvG9nFcxaXLLF+9lsbaX91Lf+V/qv9b5Xm/8spfKlrh/EmvaH4Vik8OaHPLcx/8ALaab/Wy1c8efELXPG2s3GoaVpVtYx3V5Lc/2fpMPlW1r5v8Ayyiirn9S+HviTQf9O8R6Vc20nnSx/wClw+XL5v8Ay1iqp+zO3llCn7hGZri8iknnnljt4of9T5NZf2yeaX9xRqVvPNdeRBP+7q5Z2cFn5fkf6ysTjftnuR6bDnn/AFv/AD2q5N++/cZ/7ZVoE/2bp/nwf8fH/LaX/lrWPealgeRBb+VWgFPUtS+xzYNGjWY1L/lv+8/5Yw1nywia6knnNSQ6l5MX7j91J/z1roj7pP8Ay8PqTwrefsd+A/hvp48OWPijW/Fl/oMsesRa59lttM0u/lli/exRRebLd+VF5vlfvYv9bFL/ANMq8v8AGHg+DXvFNnPoflW0ks3mTf8ATKKvM4dfniljEF9XSTfEO+s9Lt5/9ZJL/wAfn/XL91F5Vdc6/tKJ69KtSVP3jc/aL+PPir42eKP+Ej8VTxSXFrptrZf6LD5cXlWsUUUXlf8AbKKKqfw38K2PizS7f+yr65udQ+2SyalpPk/vfsvleb9qi/56+V5Unmxf9cvK/wCWvlc3NoN9eS3EFjPFcx/6zzv3v72ug+HuvT+CdUt/EdjqstleWvlSQzWn7qWKWKX915Utc1Op/wAvKg6VGWJqH2B+yJ/wT8sfjz8ZPD/g7xjqv/CP6Po15L/wnmt6jpvmRaN5UUt15VzF+682LzYpYv3vlS/vfK/55V5f+1j+zNqf7PGseIPBXxM8RaTF448OalLp2pWlpq0VzbSxeVa+V5VzFL5Usv73/Vf62L7LL5v/AEy5vw1+0hq3huw1S48OeMdStpNZ02Wy1L/TJf8ASopf3ssUv/PX/VV5Z8QPHPiPxvq0mseI2k/0qz8v7XFN/wAfUsXlRf8AbWX/AMi16X1ijNBjMEqKLOpP4a8cabI+o+IoYbyKUyebezf62WX/AFsUsv8An/lr+9/1VdBr/wCzr4p1OSSDwbZ6N4nvItStY4dR0nxJa3Mt15sssUX7qKX975ssX/LL/wAi+bFXjN5aX2mxcTyyxyzf8sf9VUZB+1fbjP8A62b/AK5+VU+1onh+0PQNS+A/xNhtbi31X4dX0uoaNDLJqXlQ/wDHrFF+6ll/df8ALL/Vfva4/XvCHirTdUk0PxHoctteWH+jzQ6hD5csUv8Azyl83/VVoaD8SfHHhWw+z6H4jvrK387/AJdLyWP/AJZSxf8AoqWWui1T9qH42ePdF1zQPiJ4tufENl4i1iLUdaXW28w3V/FCYoruST/W+b+8/wCev72p/cmVU4maG3m6iq/9mzwf6iepPO8mb9/BXSeHNZ8HCK4/4SrSZZJPJ/c+T/z1rxzc5+HWL7Tf+P638yOrkWo+HNYTH2mW2k/6a1TvbyCaX9xb/u6r+TBP1rMDqJvAeuQ6NHrkEHmWf/PaseHz4Zf3H7qjTdSms4/IgvpIv+mP/LKpPOgm/wBf/rP+mNaE1CxD4kngizN+9j/6bVcs5tK1H/UXEUUn/Taaqf8AZuYswTxSx1H/AGZfQn/Uf9tqr2Ye0JLyG+02X9/B+7o/tITc/wDo2pLTxVqtn/oN9B5kf/PKWpPO8Hax/r4JbGT/AMhVl7I19qH+gzRfv4KJbWH/AFP2jzP+ePk1H/wjd9NFJ/ZV9Hcx1GdN1yzlybGWkMuTadcQ2H27H/Lby4Zqr2c3neZBfQVoWeg64LX7d/ZUssf/AFx/dVn3tncQ/v4IKALE3P8A00/6411nirwHpXhX4VeG/ibB4qsrm41m8v7abSYpv9KsPsvlfvZf+mUvm/8AkKuDs5tWhlk4iijqSaK+1KL9wZZf31V7Mq/siv8A8JJPD5kH/LOWGq815P8AuxBVz/hG5+lx+6jq5ptvocP+o/eyVp7Mj6yyvpcOralF9hgt5ZZKuQ2cENrxY/vPO/fTVsab4wn8K6/b654bgiivLX/UzeT5tZeseMP7ZFv59j5UkX/LaH/lrR7MPrLK82pfvY/39dRo/wAdvib4V8Jax4N0LxJJHp+vab/Z2sQ+TF/pVrFdRXUUXm/63yvNiilrg5vPvJcW8HlyVcs9H8mLz573/tlLR7MXtCx/wkk80WZ4P+WPlwzf88qp3l5PD/r6J4p4Zf3BqP8Af/6+etPZnKWP+uH/AC1h8yo/JvpopLj7PW54Vs/Dmpapb2N9ffYY5f3c13ND/qv+mte6/t1/sBar+xCfCOtaf+0D8P8A4h+G/HWky3mg634E137Tn/Veb5kf+tP+trT2ZjOpB1eQ+dtN0HVdSl+zweb/AK6o7zQfIl/0+fzasGaeb9x9u8qP/plUmm2dje6hGJx+7/6a1x1Doo061at7OmdZ8GfhXqvxO8W6f4O8OQeZeapeRW0P/bWv1H/br8Dfs0/8Ejf2BrL9l74dWGl638afiTaRf8Jbql9GLj+zraTyyY/L/wBV5XmAY9fLMvpXmH/BJf4MeD/hL4X8Wftz/E3Q/tOh+CPDd1Jo9pL5X/H1L/qv9b/y1r4r+PHjbxx+0J8bfEHxi+I3jL7T5c0X77UZv3t15v8Aqoo4v8/6quzDNU6POfSPAPB0H7Q0PDZ+DsN1JYfE6DUtSt/7N+zfa9O/1trdSxf63/pr/wBcq83vNH8mXz5/9Gj/APIstZ+seMZ4NZ/1/m+V/wB+qx9S16+1geRPNXPUq3PIqG5e6/BNaxwW8H7yKb9zNVPTdI1XxLfxgGXy/O/fVoeFdH0Ky0uTXdcvv3cX/Lp/y1lqneeKjZxeRpcHleb/AM8q5qlS5rT9n1PVPg58ZNd/ZQ+Ktv8AEH4aWegalrFhpt1FZy6tpv2m2tftUUsUv7qXyvNl/ey/63zYq5v9pb9qj4z/ALTnxB1D4m/G/wAf3PiTXL+8luZrub93FFLL/rfKii/dRRfuov3UVeZ3mpT/ALz7Rf8A/bGGqcE8E3E4rSnqaVMTSX8M0LOee8m8/dVj7Z5N1+4/e1n/ANpCGIwQ0Wc3kxZIpHOak15537mDzKjvLyw02LE88Uv/AEyrDu/En/LCA1nzfaL0efPPJW1Ol7QyqVKdM1LzWBqRjggh8uOL/U1X8+4z9nquP+eEENWLOGeaLpWxBc0f9zdeR/q5K9E+G/w31X4neLdL8AaV/pN5ql5FZWcMP+t82X/nlXF6PZ2PlRkn95Xqnw98SeKobC8n0q++0+VpsVlDd3cPmy2EUUvm/upf+XT97/y1/wCutVSqFR/vn1N+zn+xZ+yd4U/aE8SfAX9uj49L4JstB0O+im1PQLiK8i/t6KX91a+bD5sUsXlSyy/8sv8Anl+6r5V+OXg/wdoXiO8g8G659ujivJbazu4ofK82KL/lr5Vc34q8U+MdS1m41z+1ZfMl/eeVd/8ALWX/AJa1z8HiWfUrCSxvoP8ASP8AWfvZv3v/AGyra2HaPRpZhUo0+Uz7PWNV026zBcRSeb/roZq7TQvB0HjXTbi++GQuftGjeG5dW8VQ6teWttFa+VL5X+jS+b+983zYovK/1vmy+V+9rh7yzE37+CeT91/roZqkgm86WOeC2+zR/wDHt++/561mcjxNepuaF5/ZWsXP+vki/ffufOm/9q1T17w61tbs1v8AaPMHlR+TNF5Uv+q83/45/wCQv+etV9Smn1K/jvtV82WO6/efa5v9bL/21rr9P8XeMvBur6RqkE+r6Rr/AIYni/saUwyxmwlil82KWKXzfNilil/exf8APL/trWhmcJDZfupIL793H/rP3MNU5v8AQpZLG/uLaXyv+W0VdJr/AIS8af2FaeObjRI47DVry6t7Sa1hijj+1ReVLLa+VF/zyiltpfK/5ZebFXLzW/ky+fPB/wB+v+WtBxmpDqcE8UkE8H/2qpP7H86Lz7Gs/wCx+361Ys/Ph/5b154Febz4ajhmroJodKmij8ieSO4/5bVn/wBmf7VV7QAs4fOqxxFNVeHz4f3FWPNm9ak6A+2e/wClWIdSn/571T8j3o8qb0oOc1P7S87/AF8FV/Isf7xqOGbEX7+Cjzv+negC5Z2f739xP+8rQOha5FF5/wDyzl/54zVz84nhP+vqxB4k1yGL/Xy+XQbe0NSa81WH/R/t0sVRw/25Cf3F9VeHxT9s/cTwf+QaP7f/AOnf/wAg0GJcs4dVB4g8zzf9dVy8vLiGWO+nsZPM/wCes0NZf9vTwy+fBUn/AAm19D1gk/7810ASXmszzS/6iq95qV//AKj7D5tV5vGE837jyP8AW/8ATGs+bXr6ppmZcvJ728/fzweXVPyf+e99VOa8vsf6+q/nT+bWwG5+4s5vPgn/AO21SalqWq3l19vvv9ZL/wBMaw/Ong6VYl17VZoo4J/9XF/qaAJJtS77aj+2f88BVfzvN70UAWBeeTL1qxDqU80X7isv97Vizm8n9x5H+toAk+2X00tbnhsXE115/n/6r/XVl6bZz+b5BP7yrl5rH9j2H9lWP+s/5bVwYi1WXJA9fLasMJU9pM9A179o/wCIA+HP/CnYfFV9J4f/ALS+2zaT9s/dS3X+Yqg+Ln7Qdj8T/BfgbwboXwy0LQG8JabdW2patYQ+ZfeI7q6l82W6ubr/AFsv/TKL/ll/yyryqa8n83iq/l/8u+PwrfDR9lT5Dpx2ZSx89TQmvJ7yjTYL6a6j8iD95Vf/AI9Pwqx/bF99l+w2UHl/89qzPO9qdJdt4a0Hw7cT65qst9rks3l2enWn/Hta/wDTWWX/AJa/9cq5ObUp5u9EFnPN0rQh8NwWf/H9Uy90v2hnww1J5M837iCugm/sP7LHYwWPmXH/AD1/5a1ljWLGz/0GwsfNk/561JICz+x/8f1ZepXk9528r/plUk0c+pXX7+eu0+GGj/Bb+1bz/hbf9vx2/wDY919ji0TyvNluv+WX/bKtv4Rfs/annf2P2/WpIYf+W/kVqTaDP5Xn1S8m4/54CtPaHN7MWL/p3/CrH/LWq9WP3tYlFjz58ef9orY0HxJ/Zvlz2E8ltcRTeZ5sM1Yfned+4/6bVJDD/wBMKAOg/tK+1m1uP3H/ACx/ff8ALOKsuH9yZLef/Wf9Nf8AllUk00ENrbz2Hm+Z/wAvn77/AFtRzalPNYW9jfQeb5X+pl/5axV0E+0I7zUoIYvIqa71aC78PJYQ6daR/wCmSyfajcSySyxfuvKil/5Zfuv3v/LKL/Wy/wDbLJmhnmv/ACP+Wkv/AC1lqv8Av4ef/I1XSM/aFj+2B5X2eeDzbfzvMm/56xf9cqkl1LxH9qzBqsv70f8ALGb/AJZVT+xz2csk/wDyzq5mCXT/ALd+8ivP9X5Pk+VFLFWoe0Pe9G+Hf7K/xB0fRfDPwv8Ailr2i+M/7HsLKEarpksmm6pr0utTRS3WYvNltLGLS/s11/qvN83zPKqxH/wTz/aH+Kvwif4yfBe70r4jyQeHZda8a+H/AARq0Wrax4YH9ofZfKvraH975sv7u6/deb+682WXyvKllrwzw3498R+D9Us9V8OTyW1xazRXP+p/5axS+b/6NiiqTXfiZ4kvbC48PaH4i1GPQwYkXTpruT/llF5UX7rzeZYopJYvN/55VdPYPaH/2Q=='}}]}], 'model': 'qwen3-vl:8b'}}
2026-06-26 15:27:15,249 [DEBUG] ThreadPoolExecutor-0_3: Request options: {'method': 'post', 'url': '/chat/completions', 'files': None, 'idempotency_key': 'stainless-python-retry-8cd19cfc-c190-478f-8554-56a71f70b80a', 'security': {'bearer_auth': True}, 'content': None, 'json_data': {'messages': [{'role': 'user', 'content': [{'type': 'text', 'text': "Analyze this image, which could be an internet meme, screenshot, artwork, or photograph. Extract 6 to 12 highly relevant keywords. 1. Always include the image type as the first tag (e.g., 'Meme', 'Screenshot', 'Artwork', 'Photo'). 2. If it is a meme, identify the meme template/format, the main subjects, the core vibe/emotion, and 1-3 key words from the text. 3. If it is a screenshot, summarize the main topic or software shown. 4. All tags must be strictly in English. Do not use any other languages or alphabets. Return ONLY the comma-separated list of tags. No introductory text, bullet points, or quotes."}, {'type': 'image_url', 'image_url': {'url': 'data:image/jpeg;base64,/9j/4AAQSkZJRgABAQAAAQABAAD/4QBIRXhpZgAATU0AKgAAAAgAAwExAAIAAAABAAAAAJyeAAEAAAAAAAAAAIdpAAQAAAABAAAAMgAAAAAAAZKGAAcAAAAAAAAAAP/bAEMAAgEBAQEBAgEBAQICAgICBAMCAgICBQQEAwQGBQYGBgUGBgYHCQgGBwkHBgYICwgJCgoKCgoGCAsMCwoMCQoKCv/bAEMBAgICAgICBQMDBQoHBgcKCgoKCgoKCgoKCgoKCgoKCgoKCgoKCgoKCgoKCgoKCgoKCgoKCgoKCgoKCgoKCgoKCv/AABEIAaABoAMBIgACEQEDEQH/xAAfAAABBQEBAQEBAQAAAAAAAAAAAQIDBAUGBwgJCgv/xAC1EAACAQMDAgQDBQUEBAAAAX0BAgMABBEFEiExQQYTUWEHInEUMoGRoQgjQrHBFVLR8CQzYnKCCQoWFxgZGiUmJygpKjQ1Njc4OTpDREVGR0hJSlNUVVZXWFlaY2RlZmdoaWpzdHV2d3h5eoOEhYaHiImKkpOUlZaXmJmaoqOkpaanqKmqsrO0tba3uLm6wsPExcbHyMnK0tPU1dbX2Nna4eLj5OXm5+jp6vHy8/T19vf4+fr/xAAfAQADAQEBAQEBAQEBAAAAAAAAAQIDBAUGBwgJCgv/xAC1EQACAQIEBAMEBwUEBAABAncAAQIDEQQFITEGEkFRB2FxEyIygQgUQpGhscEJIzNS8BVictEKFiQ04SXxFxgZGiYnKCkqNTY3ODk6Q0RFRkdISUpTVFVWV1hZWmNkZWZnaGlqc3R1dnd4eXqCg4SFhoeIiYqSk5SVlpeYmZqio6Slpqeoqaqys7S1tre4ubrCw8TFxsfIycrS09TV1tfY2dri4+Tl5ufo6ery8/T19vf4+fr/2gAMAwEAAhEDEQA/APG/2i/2Y/FXirXrz+w55f3s377yv9VXqHwr8SQfDGws/A/jHy5ZP7N8vypv+uVfVnjz4M+HP7Lk8ReHNctvtEUP760m/d14P47+Ffhzx5rPn+I7CWOSKHzP3P8A0yr4nE4L2JzUsT7Up+FdYOg699u8j/R4pv3PlV65BrGl+MdB+3QWMXmRQ/62vB/Dc3/CSf8AEisfNtrOL/ltLXrGm6PffDzwbcarY/vY5a6cNSFUJPAd5feG7u4/tX95++ruLzWLLUrWQ6VY+bJ5P+urh/FdmZrCznsZ/wB3L/rq7jwFpsGj6N/xNv8AWVrSpnPUqHB6DNqsPi24sZ4f9Hlh8urGj+FZ4fEcn+nebH/yxrrLzwrPCJNWhPmebWf4D8K33/CUSarPP+7rpjTrmU6tE9A8H6PYw2Hnz/6yo/Ct5B/b1xBP/wA9q3P7An+y/boP9X5Nef8AgM33/CwbiCevtckq+yPic7p+1PWIbPyB9unFaFnD51STWf2y1/cVJZw+TX2X1n2qPjvq374pz/8ALSDNWPDd59i1Dr+8qSGy/wCJp59R+TBZa9589c1Sqdyw37o8/wD25f2IfCv7fnwR1DwtrnlRXlr+8hm/5a+bX4X/ABm+Cfxp/YD8ZXmleMfA9zc6fFN5cOrTQ1/RppuvQQ3Xn2M/7uX/AF1Z/wAWvg/8JP2nPDlx4A+JvhWyubOWH/XS2cXm18XnWVU8Z759jkmcywVP2Z/Pv4M/4KG6ilv5sWkW0n/bbyq4v41/tl+KfH7XC6ZBEP3377yq/SX9pr/g2f8Ahb4p8R3mt/BL4jDTbeSHzYbSe7EY/WWvnL4If8EJvjnonjm48Malby3NvFN/rfO/1tfJPIFR/eH2lDPqDR8n/BnTb7xJFc/25B+8/wBZ5VekeDvCuq2evW99DZS+XF/y2r3z42fs4WP7OviiTwrrmlfZriWHy/N8msfw5CdYh+w2PhzzZK8m1aniDvpYqjikekfBP4naVpstvY30EUXlf89a9w0b4P8Awy+LejSeI5/EccVxLN5nnV8h+Av2Of2mvjl8QY4fCulfYrfzvL82G8r1Dwf+yv8AH/4Y+Lf+EH1X4jeVbxfvJv8ATIvNlr6vDe2o0bnzmNw1GtWPoTR/gf4c+wSWP27zY/8AntXPw/s3fDLQda/tyfxVFH5v+umqxp02q+G9LjsbHXLmW38ny5q8r1LTb7UtdksZ/El9Jb+d/qa7amZHDTyiNz2zw3rPwV8H6z/ZXhzVbG+uPJ/5ZUa/8bPFWg3Un/CK+HbaL/p78mvG/hv4JvvhtLJ4j+3SXNvLN/rpq9En8ST/ABCureDw4Ioo4v8AltXk1c4xVz1qWS4SkYfw98e/FT4hePNQ0rWz/wAS+X/llFXqnjD9kWx1LQft1xBFHbyw/wDLKsu9m8Y+bZWP9lW0flTf620/1teieG/G3io6Xb6Xrlt5lvL/AM9a6cF7bF/vKhnUdHCfu6Z5PoP9uWeoR+FRBF9ntf3cMtd5N4Jn0fS49VsbH95FXH/Ejw3PoPiP/iVX/lxy/vfOrrNH+KljZ2Edlrs3m+V/rvJop4n6pWMqmG9tRKdnNrl5fxzz6V/qq7DTdegs7XyPIj/e/wDTapNB8VeFfGFhcWNj+6k/6bV5f48+G3jmz17+1fDl95lfUYbG/uj5PE5b+9PO/wBt7xtBrGg3Gl2Nj5skX7uGGvgv4P8AhX4qQfGrz7jw5JbRy/6mv001KzsdA0uOf4t6HbSR+dF/yxrg/jB8QvgtDr1vP4O8OW0VxL+786ssT/tZ3YWp9Sp8hyf/AAhVj/wi+Z4P9IrzfxJo/iOz8z9xX1J8PbPStf0a30rVbf8Ad/8APaq/xJ+D1iPLNjBXzmJyk9rDZtRPlPTby+s4pPPgrH1LxhcQ3f2f7PX0ZqXwZsZbD/UeVXm+sfA2+vLrz4IP3deTUy2tSPSpZlROb0H4kT2cfkW8H7yu48H/ABU/0WSC+nqv4b/Z2vpovP8AI/eVz/jD4J+ItNlkng82lPA1vYmn1mieif8AC4LKHy/9N/d1uRfFTQ7yLM99FXzfoPgnxxPdZvoJZI66zQfBPjKbVI4PsMvl1xexrhUq0T2DTfiF+6ksbH/V1c8E6xPeXUkGq/8AHvLWPo/w38R2dr58EEtY815rng+WS3ngro9lWMva0T3TQbzSrObPn/u66TTbOx1L/jygjr5z8K+Nr69l86+/dR16h4V+J2lab5fkT13Yaoc9SmV/G2m65NFeWNjBVf4MzT6PYXEGqwfu66zTfGHhXXpZPInijklq5oEXhaGL7DcTxSyUVKntWZFfR4bH+2o/I8yvSJtf8O6Dp/2Gf/njVfwr4P0OH/TsRf6msPxt4bvde1mP+yq9LC0zixJj6PrE/iTxlJ9hgk8uX/lrXsHhrwrY6ZFHOf8AWVH4D+HulaDpdvfzweVJWxeQ/vc2H72vrctp+yPksyxJ5P8AtLTQfCWK3voNc8yP9151U9f8SaVNquh6pocH2m3urP8Aff8AfqvVPGH7Ovg748fD6TQxqn+mS/66KWavlPxhZfGn9mnX44J9Cl1LS4pvL/c2fmeVFX55mGGre2P0PBVaKpHqF5/ZV5fyT2NjHbR2H7yaLyf9bXoHhvxhofjfwj9hggto7e1m8ubzv3VeF6x4vvvipF/wmPh2f7D5X/H5NLVyCax8YeEvP8A655scs3mTSw/6qWWrpYbQipI9Q8N6bDr9/caV5HmfZf3kNak3iTyYv7K/55Vj+Cfhv44s9Gj8R2M8n+p8uaKrF5Z31npdx58H+kVt9WMfaM7jQbzSprX9/PFWhpsPhya6/ceX5deJ+A9S8Vz6jJY6rBLFH/z2roIvGGq6DrMcEEHm29aUqliKlP2p7hdTWOm2vkQT+VHL/wAtqy/Dfg/SodV+3Tmvn/x3+1nBoOv/ANhzwfu4v9d51dRoP7UWh6xaxwaVP5le3gcxpUTyMblzqn0BNNBDdeRB/q60JrM+V5+K838E/FrRNev/AOyp5/3leqab5E1r/r69+ljvanzeJwXsQ0eH97/qKp+KtN/e5g/dVqabMYhJiqfiSb7bF9ug/wCWVa1KoUkU/Cuj+UJPPrc03Tb6yuvt1Y/ha8n8r7fXWQ6n9steBXkfWfa1j1o4al7Iw9Ys/tnmTwf6yuH+GPirXP8AhoKz0Oxgi+z+T++r0DWP30Ulj/y0lri/Aej3Oj/Gm31X/lpRVtKFjGH7qseF/wDBXT4V+DtS8R6ffT2PlXHk+ZNLXzH+xb8MdD+KvxBk1TXL6K20Ow83/pn+9ir6U/4LSXmuXmqaHpWlf8fF/DFHXn8PwB8OfAf4GaXY6r4ji8y6miufskX/AC1upa+Zw2CVXH/vD7PB1YOieqeK/i14V8N/EDR/Dnw5gto49Lm/5dIf+P8Air53/bS1ixvPM1Xw4b2x8Sf8uc003lRVueA/B/7Qvgnxbp/xinsbbVreK88uHTorPyvsEVV/2kP7D+P3heTxV4Vh+zahF/roZv8AW/uq+oxuWzeE/chh5UnVOP8AhXear4b0CznvtV+26xfzebeTed5sX/fqveLyz8Hav4N+w/2HFLrEsP7maKz8qvi/QfFXjj4e6pb+RB5v/LObzf8AllX0h8N/ip4q16KzvtEg/wBHtbP99LXy31StS/iHU/ZXKevQ6TFa/wDCubHzYriWb/XTQ/uqp+G/Dd98Mb+Tw5fTf6ZL/wAtov8AVV2mvaDB48l+3WN9Fc6h5MtYem2d94k8L2/gfVZ5ZdQsP9T/ANdaxnQVzop1LrkOg8H+PLHR/EdxB4j/ANZa/wCu8r97Xtnhb4weB/G2l/2I0FtbW/8Aq5pbuHyq8H+GvwN1XQZZLHxj4j+03Ev+uhmqv+0J8NvFPiPwlnwPrnlXGlw+X5MNfQYCtR9jY8XG4f3jvPiRo+hiW8/cy31v9jl8nyv+ev8AyyryP4M/aNH8R3lj4jn8yPyfM/e175+z3qWheN/Dn/CKeI9ClivIrOXzpYv+mUVc/wCNfgzpOm2kmtwX3meb/wA8a83MsN++NMNV/c8hY8N6BpU11HqsH/LWvVNG8N+B7zR/9Pn82Tyf+WM1eD/CzWDr2vf8IOZ5I5LD/XedXuF54Dm8N2Ed9BP+7l/5a16WW/wfZnm42mr8587/ABs1j+0tfuPCs/8Ax7/va8Xh+Cc+seKP7c8/yreL/U/vq9Y+OV5P4burjXJ7fzP33lVz/hXWJ9e1nT4IP9X/AMtq1gqka1jL9zVonaWc2laP4Xj/ANBkjktYf9dWh4b8SDxJ/wAf1dxr3wr/ALe8JfuIP+WNeJ6xrGqeCtU+wwQV24hOKOHDU6LlY9EvLPSryL9/BVOGy8HWVpJ9ngijkrL0HUtV1jSv38HlVzesaPrn9oSY83y65uXmpnVyUzoPB82lXmqyWP7uSPzq7DWPhvpV5YfuLGLzK4f4V+G77RZvPvhXrEN5/q6KdHuHtTh9H+DOlQy/v7Gtiz+Buh+b9ungruPtkEMQqv8A2l+9+z/8s65qmGomlPE1inD4J8OQxf8ALKuD8VfCXQ9Sv5J/s8VdhqUs/wBv/cVJ4bs/Jk/0795S+rUZo19qefw/BLQ/s3kQWNc/rH7Pc8P7+D/V19CeTBCPPgt6y9ThnmupMD93XP8AUDT66fO/hX4P65Z3UnkTy+ZXUaP8MfEdnfRzzzy17JZ+G4PK8/yP3lE1nPNLH81ZVMtNfrR539s8SaDF5FxcS/Z6Ph78Tz/bsmlX0Plf9Npa9A17wf8AbIuv7uvL/EnhDVNH1mS+g/ex1mlWoi/c1Uemal488r/lt5kdbHhXxtY3kX7iD95XkfhvXtVmi8++sf3ddZ4V8VQTQeQIP3levgcbW/5eHi43A0TsNS+IXirwr43j1XStK8yzim/0z7JDXpl5r1j4q8OSWN94ctrmO/h/1t3D/qqPBPhvw5eWFxocEH+kVl+JNF1Wz0a80OC+8uSL95XLVpc1E9aC5Z2Pnfw3+yv4O1jw5rngfwd4p8r7VeXUl5F/aX72tz9kX9mnw78K/tHg7VdVkl0+w/1PnTfvasfBT9mnVfB/je88VaVqsstxdTSyTQyzf6qu08beCZ/+Ei/tzQ5/s1x/y2h/5615PsztmekeG9AsYbr7D9uijt/+WMPnUaxpng7UtLuLG4sf9I/64143pup/FTXvEcfnz/8AHh/rov8AnrFXoE2sX02lyZg/0iKGunDVO5nUpmPaeRo+vSaHp9jF9j8n/WzQ1l/FXUvAHgLw5J4jnvovtH/PGuL+IXxC8VTWFxjSpYvK/wCWtfN+vf8ACf8Axy8UR2NjfXP9n2s1c2IQUjU8VCD4/fFW3sdK82Kz/wCW37ny6908N/s+aH4Vl+w2MEn7qHzPOrD8N+FdK8K+X+4jikih/fTV3A+Kn9g6X+4t/Nt/+e0NFL2dI09ozH8K6PP/AMJxcX2lCX/Ra9k8K/EK++3x2M/+sry/wT8TvCv2+TyIPs0lR6x8YbHw3rV5qsFl5vlfvK7aWO9keTjcF7U+pIZp5tP/AHFv/rYajs9HnFrJpc6xfvf3lflvoP8AwVQ+O/xs+Ml58Mvgr4GuZZLWaWObyZv9VX0h4c+OWq/A21j8R/tGftC20cnk+Z/ZMNn+9rPEZ3/y7M6WWM+vNNs/sejeRBBXSaDpsH2DE/8ArK/PPUv+Dhz9knwTfyaHfaH4guY4pvL83yf/ALVXqXwJ/wCC2/7Cvxt1D+ybXx5Hod7L/wAsdXu4v3tevl/JOlqGIo1lM+qprPzr/wCz+RWXNo/2PxRb30EH7yuo8H3nhzx5oMeufDnXLbUrOX/l7tJvMiovYbGHxHbwTH/SPJ/1VEYVadY8+cX9s/Ov/gs98crLQfi/4T0Pz/8AiYReV+5/79VT+BvwT8Y/GzVLfxx8VPipHbaXFD/oek3cP+t8r/VV4/8A8FetHPir/gov4XF/P5tv53l/upv9V/qv/jVfSH/BT74b+OPhj+wLZ/E34IX9zbaxFDaxw/2d/wBcv9bWXs37b2h9JglOND3T6A0fwhpXjfRdP8OaHPbW32WGX7ZF53+trw/4zfAG3+G/2eDw55v9oapef66H/ll+9r8U/gv/AMFKv2s/g/8AFXS/FnxI+Ims6lYQ3nl3lpPN+8r90PgP+07pX7VHwlt9cvoLa2uL+z/4+5f9bFW1HG1lKzLrYOtCneB438QvgzpU1hcfbdK/0iWHzJvKrxPTfG3/AAiul3HhzStVk+z+d++mm/dV9qeKtG8ODw5/Yf8Abn2mSw/d18j/ABm+Cdh4qtbz+wp/s3/PaKvYx1OhPA88DHAVJ063s6hsfCX4tXFn8TLPW9DMVzb/ANm3Uc0Pnf8ATKu08H2mq6l4ovL6+nji+1f6n99Xx/8As96b44+G3xV+3efJc2cXmx/6mvrz+zYNYi/4SPw54jtpLjyfMmh/55V8FVpVvan0CnRKfir/AITH4e+Mry+n8VS3PmzfvofO8yvUPg141vvG8tv5GlW32fzvLm87/W15nrFl4c8e6NofjjQrH7NcXU3+t/8AjtdR8E/I8EeI5J/EdjJbR383mQ3cs37q6irpwVP2RxY2meD/ALdXiT9pP4e/GSzvvhlB9h0+WaKOabTrz97/AMsq9Q/Zo8LfGLx5Lca544vr7y4of3MMM3+t/wC2VbH7S2g+MdS8SaPPpU/2m3ivIrn/AFNeyeAtS1XR9Gj1y4g8qT/lt+5rtqfvaxy8n7k+O/EnxC+MXwx/bh0vw5f2MUVn4jm+zQ+TX6MfELTdVm8JWcNlBL5fkxSV8V/FT/ifftc6P44gg823i/6Y/wCqlr7c0f4t2OsaDHARF9s8mujDU/ZVjycSz5r+Kvgmw1i0ksdeg/6aV5n8AbzwPN8RrjStcvo4/K/1Pk16h+2l4qn0ew8/Sp445PJl/wBTX59/BnTfjTZ/EvVPFUE8sv2qby4a71Upcxy/8uT9aNN13wdZadGv/CR/u5Yf9TXz347h8Hal8VY9Kvp7b7RL/qYopq83+Hvg74qTazHquueJf9H/AOePnVsaD8Mc/Fr/AISrz7mT/ptLNXRUqqoedTw1anW9oe4aD4DsbOw/f/8AbGjWPB8EVrn7BHJVjRvEf2yWPSv+WdamsalBD/y3/d1pS9jY1qVKxzej6P8AZZf9RWg1nNNxBD+7qxNeWPl+fBVeHXoBdeRb0zSn7Y0Psf7rrWfBZTw3VbGmz2M0v7+4rQm0eD7L/r65qlM6aVQ5v+zYJpa0DZwQxeeIK0LPRv8AWeRb1j6xeT2d15Fc1X90dZY+2edzWhD9gmrLs4Z7yKo5tY/s2LEBrP237on6sbEP7mXyIT+7FXIYoJhXkc3xs+x6p9h/6bV6B4P8YWM0Xnz1lTxtKZpPDm5eXkEMXkXEFYd5oWlax5mKuXk0GpS+fBPVjTYfJlkg8iummqNY5/Z+yOTm8K2NnFJB5H+to03wTBFc+f8A6qu0m00zDzzBRNiGLyPIrtp4LQ4auJO48K695PiS41XyIvLlmrc1iz0PXrC8vvI/eVh6Po9jeWEc9jP+7iq5qWo/Y7CPyTXnU6f7k9Oa/fGP4CHneLby+sh5UddJr2gQaxL5/k+XJ/z1rl9Hmns5ZJ4K6i81jybCOD/lpWXsqJ0TqHn+pab9o8RyarBB5f2X93/11roNN1Kw1LS5LHyIvtH/AD1rPmm843kE/wDrJay/B94ftVxYj91JXm1be1Ola0TQ0fwr4cvNGuND8R+V5n72sPR/g14Os4pIPDmleVJLN5k0tak2mzw6p5//AD1966S0mt9HijnggrppUvbGVT90eX/FT4P+HP8AhErz/R5IpIofMm8qvluz+J2rf2zH8ObGC5+z/vfOu/Jr7s+Kmm2PiTwlJ/ZU/wDpEtfOem/D2x0fxRJpV9BHH5v/AC2rixtI1w1Uw/B+gzzWsn9lQSyf9NfJrpPAfwrnh1T7D4jmk8u/m/5a17J8MfDfhvw1ayQWNjFLHUnjDwh9sv7fVdK/1cX/ACxrm+rae0NKm58J/H74P+Mf2OPirJ8Tf2bPhzba39qs5ftnlf8ATWvnvXv2zNK+P8UmleMYLbw3rEX+u0+7/wCWv/f2v1Y8B/DGeHVJL6f97HLN++irxP8A4KHf8EVfB37VHhy4+LfwdsbbRNcsIfNmitP3f2queOBnUn7Q6sFi6FL+Iflv4k+IXge016TSfHPhyO2uP+WP+h+ZFL/21qvefBn4JfEgfbtJuIrK8i/1N3afuq4v4k6b8TfgPqlx4H/aL8D3Nzb+d9mh+1w1j6b4D8K69L5/w58cXNjef6z+zruavewPttpCq4ejX9+lI+tP2V/+CjX7RH/BN8tY6xrFz4g8OG4xZS3d5LJLFFX35+yb/wAFkPh5+2DqWy60D+xNShs5c3c03+t/dV+Ld5qXjHw3dR6H4/0qS9t/+W3/AC1rqPhFf2fhLxB/ZnhnX/scF1/pNn/11/55V+h4Hh6visPGofJ5pUjT93qfSH7eHxg1Xx58X9c8ZHSvK/saHzIdRi/1tfph+wf+0VpX7RX7BWhwarpNjqV5a6bF51pqF5FFLX5h+D/Eeh+MdLksfH9jFFcf6vzpf+WtY/gP9rq//YhtfEng7/hHJdf0OK88uzltJv8AllLF/razznIJZdhfaG2T5j7b92V/2kP+Cfnw48Vftm6pBod//wAS+X/Sby087915sv7391Xqln4j1X9nvVNP8D6HPLFZ+dFHD/y1rH+BupeFPG1hZ654c8cf2veapqX2maG7/wBba/vf9VXUftO+Dtc02X/hI4IPtMdr+8hr4DDXqVj7xVKSonrkHxsvoIpBBP5lxLVzwV8QfB2vap9hnguY7j/V+bdw+XFLLXzv4V8eaqLCz8VeHIPN8793qUN3/wAsq7QazPrwjg8+KW3uofM02aL/AJdZYq+tw2G5qPszxamG9rW9oeyeG/DXhybxRcaHqmlRW32r/njDXL/FrwH/AMKx1S3/AOEGnkijv7yKOab/AKZS1ydn8ZtXmv8AS74j/R4ofLmh/wCWtegXnxU0PxfoMmh6pBHLceT5kP76uLG5Z7Oj7Q7aa9kzchvND8H6p/Yehz20lvYfu/8AXf62Ku88bfD2w+LXwvs/EelarJ5lrZ/6HDD/AMsq+N9e8SWMMsk8E9zFced/qZpq+qP2XfFV9efCrT76+1y2jj+x18vTpNViq/wnYfBn7BPFHB44n+0yWv7uHza6z42alBoPw4vPEdj+68r/AFMUNcno+jwTeI7f+y4PMjlm8yaWj9rXUr7QbDT9Dsf9XdXkUflV6tOkfP4mr7I8/wDhiJ9Y0u48Varocn2zzv3Pmw11nha78Y694j8ieeWOOvRIdBsYfhzZwWNlF/qf301V/CmjTzRW88/7vyq6qdI8ipWhKofLf7eHiTVfB8Ueh6HBe3Pmw/8ALKHza6T9lHR9Ds/hpZ65rmlf6RdebHN50NfQmvfAfwb4w163n8R3Eckcv/LH/nlRZ/Afw5o9/wDYf3cdn537mtKeGMsRVPJ9e8E3xtbi+sf+/tangTyJtL/4ms//AJBr2DWPBPgbR7WM2+t232P/AJ41lzeGvDkOlyf2HBF5dFT2IYedaSOD+2QabdefpXmyx+TXL+MPidff88PKkr2Twr4Psby6/wBOn/d/8say/HnwT0Oe68+eCPy6x9ujX2TOD0HXp5tG8+es+88ST2V1H5FvXoll8N4JrXyIP9XVP/hWNvDqkcFx+9o9ug9kyx4Dhn1iL7dOK6Tzv9PjP/Lv/wBNq6jwT4Vg022jIt/3f/LauH/bA0HXLP4VahrngD/WRQ1XM/ZmWtKqdh+4s7X+1oDFLHLXB+KryDzZL6CD/VV4v+wf8efFfxm8O/2V4j8zzLWaW2m/7ZV6p8TtNvtH1TyLH97HLXDUqVah62GjT/5eFfwT4wnvLq4/cV1GpabpV5YST+f+8ri9H0ueHy/I/wCe376uovJoIf8AQYP9ZXN7KtUOqdSiji9H+G9jqXiiQzwV3l58PLjTbCSeD/VxVc8N6ZBLd+f5FdBr15P/AGXJB/yzloWBFUxNLlOL8BzTzX8kH/LOu48nyYvPrm/BNn9jupIMV1E01e3hcNyniYnElea8qOaWCYUXn76LNZ8P7j/X161I8s7D4M69pXirQZL6xvv3dXPEmj31nYGfz6+c/wDgmZ8crHxt8Krfw5PDJ9o8mKP97X1h4k+w2VhHY3y/u/Jr5ikfSVFTgzm/B9n/AGjayefUl5P5Ot29jP8AvY6j/wCE28K6bayQfb4oo4v+WtcPqX7RXwy03VPIn1W2kk/67UvaUaYHpF54bgnuo7+uXm0G+/4SiTVbGD93WXeftT+FdN/48f3vlQ15vD/wUD8Dza9/YVtB5VxLN5f+przqlXDcx10/bH0BoWgwalD58/7qpNe8N+Ta/wCvqn4E1MeNtB+3WNSQ2erC/jE8/wC7rejiVSHVpTqFOG8E0XkT2/7yvN/G/hqDWdZzPpXlf9Nq+hIPB+hzRf6/95VfUvAdlr0X2GCCKOSnVq0apkqVY8r+G+mwabF/ZX27/v8AV7B4O8B+HNSh8i+vo4pK8X8YfD3xHo/iP9xfRR+VXceFvGF94b0aSe/PmSeT+5mrxMTjTtp4Z1j1C8+Hvhzw3L59l+882uk8H6bBeHFv/oP/AD2h/wCetfJ/xI+P3xbh8ufStKlkryfxV+0J+1tDdyXGieFb6WP/AKY1y/2zOgP+y3Jn0h/wUC/4Jp/Cv9v34fXGlT6HZWPiS1h/4lt3/qq/Af8Aav8A+CeHxi/Yh+KN54W8f2MkvlfvLPUYf3kVfppef8FQ/wBr34Y6z5GufBbxJFZxf8trSz8yq/jb9vb9kn9uvQbjwB8d/BniS2uPscv2zVptN8qX/rlX0WV5h9bn8BlJSwJ+SfhzWPEc0Ml94rHmW/8AyxlrQ0zwtY6lqlnqtjP5UcU3mV7h8U/2XdK0G6uL7wNfS3PhvzpfscN3/rfKrxP4k2c/hX7Pe6Tcf6r/AJZf88q/oHhDMKcKPsq0PdPnszVDGx5qcvfPozwH/YfxOij8DzwRW1x5P/H3Xhfxs+CfxN+G3xBt/wDhHB/aUnneX9km/eRSxVufDH4nX39q2euWE/7u1/11fTBvND+JHhyPxJBBFJqFr+9hr7LO8pweY4P92fIYLNv7GxfJWPmf9lHV4fhL+0Nb/D/xJP8AYbO/s/7Rh/6ZXX/PL/yLX6afFTwrpXxO+DcniOx0ry44oa/Nf9qLwrbw67p/irw5B/xMPO/c+T/yyr7o/Y/+KniP4p/s+/8ACv8AxHqv2aTyf30stfhmOyOthMfanTP0WhnuGrYbnPlfXvGH/CKeI/8AhHMeVb3U3l11n2zxH4O0uO4gg8y3l/103/PKvP8A48Q/2D8Wrexnnikk+2eXD/zyl/e16hqWsf2No0cHiL/QY5f+WM3+qr2MFgb7ndTzOjTpe0MPwr4w0m9luIPO/wBV/wAtq6Dw3420OzupLG++zSXH+rhmm/5a15fqWjT6Df3GrWOq21zHdf8ALG0rm9N1jVfDfi2O+1W4+02/nf8ALGvXqZbQrYaxz0s3o1cQfTn9j6H4k+0Tz6VFLqEUP+ph/wCWUtHwZ1jxx8Pbqz8G6rPL5l/N5cP/AEyrH+A3xO0P/hMpNcvv9XL+682vdNS0fwd4q8ZaP4qgni8ywm8yvhM2yCdL94junmVKt+7R9Kfs66Pqt5FJ/wAJHB/x6w/uf3Ncv+0VZ/8ACbfGnR/CosP3dr+8mr0z4b+MLjWfCUc9jPF9jtYf+WNcf8MLSfxj8UNQ8Y3w8ySKaWOvApf8+zwMzO0mh/sfRv7Jgg/5Y1X8LTQQxSYgrQ8b+fZxSD/lpLDWP4V86awkr26VL9yfNxqXrGH4w16ezv8A9zB5clbmvalB/wAK+uJ54JfM8n/W1j6lZwal4jt4P+WfnVc8SakbPRrjSp65qlT9yevGjSPK/h7N4x+IWqR6Hffu7OKaXyf31esXmm/8I3a+RbwSy/8APauPsryfwhL9usIP3f8A0yrY1jxt4js9BkvtWn/d18pVrNVT3sJSo+zMv/hNr6DVPJsIPLjrQ1LxVqt5ayfbv+PeuX0zUoNSij1z/VW//LarHjD4haHZ2H9lQeV+9/1Pk1y+1rHcqVEueA/G0/m3Fh/yz/57S1qTa9BZ3Uc8E9cX4J1LSrywkgn/AHdxW5o+jaqb/wC0Twfu6z9piTKpToWPQIfidBZ6X/0zqxeeNvCvirwRqGh/63zYf30NeP694q8m/vPDk3mxyf8ALGu8/Zv+G9jrGg3n9u+b/rv9bXpYKtXq+4zycTTo0j57/ZL8E6r8PNe1y48jy47rUpfJi8n/AJ6y175qWm6r5UlxPB5laGpaDpXhvxb5EFj+7qvr0NxezR+RP+7r3lhmcNLElPw3o9jD+4ngrP8AGH/Et1SO+sa6CHR/JtY56z9Z8Nz3p8+tfqofXg8KaxPBL5E//LWuwvDBPYf6iuf0Hw0IbWPn95XSWcMH7uCtMNhjmxOJKej6b5P7/wAirk0Pm1qeTB5VRzQ161KkeTVqmXmH/n3rL1iGD/tpXQeT+9rH16FftXNP2RlTqnw//wAE4PiFBoPxQ/4Q7/nlX6MfGDWLCz8Jfbvt8XmeT/z2r8q/gz8Qvhlo3xps5/CkEsd5LN/pkNfanxa+MHhybRrOxv8AVfLjlh/5azV+XYbG1vYn6TPBUblfwr4Un8efbPI1WTy5ZpfOrQ8N/sx+G9N1T7dqv+r/AOu1WPhbNY2cUc/hy+/0eWvUIbOx+wSTz1zVcUdCw1GBy+o/Bnwd/Yv/ABKv+eNfO+vfBnQ/DfxVt/Psf3ks1fSk3iS+s4pIIJ/3deX+MNNn1LxTHrtv/rK8TFYySqHdSw1E+pPgmNC0HwbH9hgi+0f8tqseKrOCaX7dBBXmfwS8YTw/6DfH93Xeax4rgs7D/QP3sctethsb+5M/ZIz9S8S32mS/6DPWhZ/Ej7Ha/wClH95Uem/YNe0uT/npXH3kMF5qkljfHy5Iq5qlesaPDUTH/aD+IU/9gSWP73zLqH/XRVX+Cfxg8caB4R0+x+I3h22kt4v3fnRQ+Z+6qxr+g3w8SRjVfLudP/54+TXaaD9hmj/sP7DH9nl6fua5KU5Vpi0oo6Twr8bPgD48v/sOlarZRXEX+uimhr2DwrZeDvFUvkWOlabLH5Pl/uoa+M/2hP2IJ9N0a8+Jvwk82XUPJ8z91NX5V/E3/gsZ/wAFEf2Y/Fl54O+06lpEdrNLHDLN/qq9WngYy/iQPGhVrVa/7uZ/Rp4n/Z8+Et1aSWGuPpsfm9pa+I/24/gd+xN8EPDV41vqmiSaxL+88mK8ir8K/FX/AAV6/wCCgXxg1m4OufGnUo/N/wCeM37qvNtZ+K/7RHjfWP7a8R+KtX1YZ+9dz+bX6Pw/kdGn7OoZZnh8VWXIfeusfHKxu7q48OeMYLaO3i/5Bv2SvmP4teRea9cX08H+j+dXDzeMPGPir7P/AGrfSx+V/wA9a1LzUtWmtY7Gev1uhLBUcP7h8thMsq4fEe0rGfovimx8N61JNYt+7i/5Y19S/shfFfy7q8nkg82Nrfy/Jr4+1iaDTPFuoW/2f93dTRRw19UfsZ6PBDoOqCf97J+68mvrMkxKxa9mfMcZYKhye1RpeP8AwC3ir4zWV/pcUttYyzeZJDL/AMsq+ptB8N+DdN+H0lj4HvpbbUJYf+Wv7quPvNH0P4b+DZPHHjeCKKP/AFkPmw14X4P/AGi7n45fHiPwP4Ovf9Dlh8v91N/y1r6PGYPIqNLmrnxGE/t3E0ubDy9yBc+LWgCaWOx1zSftN5FN5kN3FD5n72Kuw/ZR/Zj+P37VHjfyPGOieV4f/wCWM2o/uov/ACLX6F/svfsW/Cb4e/BseOvjDpX9pT/Y/M/ffvfKrjPif8VdK0exuND8D2N7ptvFN/yxhr8U4q4kynAVvZ4Y+9yHCZ5mFL94bnhX/gjB8ObzwxHBBPpsVxLD/wAul5FXzf8Atgf8EbfHHwB8OXHjHwdPJfWcv7yaKH97X1B+zf4k1ya6t/FWh/H6K5/6gf73za+tNN+J2k/ELwvH4V8cCP7Zfw/vrSb/AFVfB4Ti2pKsfXTybGYamfz36DrE/gm6j0Ox0O9jk87ypvOhlr1iz8SeI9BsI/IguZJJf+ePmyV9+ft4f8EuoNe0v/hZvwksY9NvLX95NaeT/ra+S7PQbGbQfsV/fS6beS/u5q+kqZvSx+F5Tqwa9lufUn7JfxO0q8+FNxB5/wC8+x/vv+utesfBnwfBpvhyTXP+fqbzK+T/ANlGbQ/t954AguPMk/1fm194fD3wd9i0uPQ5/wB3HFDXxcPdxhz5tqjl/FWg/bNKkvq4/QdRh/4mEFeqeMdNsTYfZ7G+/wC2VeX6b4DvodZk8if93LXtfWUeHhsMZ+j6lBNqkn/TKuX+MH/Eyv7f7B/y1ruJvDU+jyyQfZ6y9Ys4Ne1SOBf3flV51WmetSqGho3w2sofDlvB4kn/AOmlYfxUu9D03S49Lgv/ALTJ/q/KrrNT+Evivxt4bjn0vXPKki/dw14P8Tv2P/2mprqSex8VW0scU3mf9Na8XEZbKrqjsp46jSNwTQaD/wAUrc+V+9/efua8vnu77/hb/wBh+zySx16R4P8Agn8adHtbPXdcsY/Mtf8AXVT8YaxY6DLcX1j4V/0zyf8AXeTXJUwNanSOmlmSqo6Dwr4Zg1jxvb2PkV9CeG/hjoemy4voK+V/2RfiRP8AELxvJY+I4Jbbypq+xLzWPCo8uCDXIpJIv+WNdWCw3/PwwxGIvDmgeR/Gb4b6HoPiO31XyP3kteueCdH8Oab4Ij+w2H7yWGvM/jNeX2peXPP/AKuvWNCh8nwHZ/8ALOTya9qjhqNJ3PDxOJrHkfxshg0eWO+ggrH00C8i8+evQPjnoP8AaXhf7dP/AMsq830fWDNpXkeR+8ruqGeG/hGhefuZc1chmg6VHZw/bLXz56sQ2fk100znqBZ1Yhs/3tSeR71Yg71006Zy1KhH9s8n/X1JBeQTdKj1KEzRSTiq+j2fqa1A0P3E1R3mm/bORWhDZmCKrHIijzBWnsjnPiv9l39l34cw6z/at9YxS6pL/wAta9I/aE/Zd0nX7WPVb791HF/yy86rHwT/AOKPvv8AUV0nxb8bX2paXJY+f5kdflP1c/UalT2RzfwN8Nz6bHHY+f8A6PF+7hr3T+wYJrD9xffu68b8B6l/ovkQf8spq9g0Gb7ZYR1n9SpGn1kw/wDhD7ibzIPIrDvPB/8AZsvnzwebXrkNvBd2v7iqf/CNWE8UnnwV5uJy06aWNOD8K6bOP9OEHlx10kPkfao4P+WdXNNs4PNksYK0NN03yRJ5FZrBWonR7QsaP/ZVmfI87/W1l+KvCsH2r7dB/rJaIdNuJr/7P537ytCc+TLH9urL2RrTqGXDo/8Aov8AxNYPNqvDqTabqkdvBB+7ruPJ861/fwfu6x5vDcGpS/boJ66cJhvZVjhxNQ7zwH4q8mwj0ryPNt5f9d5teL/8FIP+CUfwk/a08D3niPwdpVtY6pa2f/LpD/rZfKr2TwppsFp5cEEHmV6p4P1LSrOL/T76OKT/AKa19VT9pUj8B877anhq37s/lX+PH7JfxG/Zv+I3/CufH/w/lkji/efa4bOtSzs9Ds/Dkf8AZWlR+XFX9FH7fv7LvwB/ac+Gl5bz6toFlrnk/udQ86Kvwr/aW/Zo1X4M6xeaHpfiSxk+yzf8sf8AlrXZhswxmH9ymezRxdLE/EfNfiWaDUpY54NK8qrEHirSpo/sPkf6R/1xrtNNs9E1iHj93cRf66uP8Vf8I5Dr0elQfu/K/wCW1fb5JiatSlz1SMfh6Xsjg/G2utpt/i/h/wBIlmr7I/Yh8+a6t4PsMcvmw18V/FqzuDqsd7P/AKvzv3NfcH/BPfXoJtU0exng/wBbX6Nw1V/en57xnhqf1KHKaP8AwVe+N+lw+E/+EI08S20ltDF50X/bKvmD/gk38H/i/wDGT9sDQ7vwFpV6bSJ5ZTcCPIPljpXe/wDBWTSp7P4uQeCpjIJL+4i86Y1+0P8AwQf/AGV/AHwk+AVn450rw5bf2p5MUcM3k/8ATKvhOPc+x1PMI0afwHucG4DB4bKfe+2fXHwY/Zj8OeG/AenweMb65vrz7H5k0Us1c/8AHn4J/CTwr4IvNc/4Qexjjih/fXfk17hqU09nF9uvp/3f/oqvjv8AbA/bd+H/AI81vWP2SvhlqkV9rH9m+ZeRQzf6qKWvx3MljMXW9ofW4fEYfDPkpn5V/GbxJfeA/wBpHXPid8AvGNtc6Ha+VJqWn2l5/qovN/e19mfsx/tawfE/QdL8V/2rbavofk/vruH/AFtrL/01r4LvP2Y/Ffwl+I2ueI54JY7eKaX7Zaf89ak+D/8AwlXwB+KH9ueANb+xaHrOpRXN5p13+9iii/1Usv8A11riw9Ocf4h9RClRxGHP20+G37Qfhzx5o0nhu/nl+2Rf8spYf3UsVfJ//BQ79kv+0orj4qfCvQ/s15L/AMukP+q/661c+BvxasfiFo1xYwWMttrlh/rof+eVe6fD34hWPiTQbjQ/FU/+kSwyx/8AXKtsLmlbDVeQ8bE5bRpVOc/Kv9jP4zT6l+1fH8K76CWLUIv+Pyv1c1PWNWhuo4IJ/Ljihr8+/jx+xbrn7Ov7Yen/ALSfgexljs5Zv30MP/LWvsyb4qWPiS60+eD/AFd1Zxed/wBdaKuZVnijzcZgqNakWP7SvptU86Gf9351dRFeWN7a82P/AG2ri/FWdN1O3gsD+7rtPCv77w5588FfRYSu6qPAqYajTOL1jWJ/7Ukgg/1dcneQ/wDFW/2rYwf9dq6jxJCbO6uLhTXP2fn3nmTkV1VKoqdKidx4P8YXGm38f7/yq6i88SX17FJPOPMjrxPTdSuP7Zk/ff6qavUNH1KCbRvInnrpwVQ87E4eBz9548nm1mSC4/dR1z+vXnhzMkE9jFJJL/0xq5r+m/6fJOrVzeg3kGpapcGf/llNWlRxqmVLDVv+XZJ4C+Es8N/JqulWMUckv/PGtiH4YeMYdf8At0F9L5nnf6quw8K6lBo/+onrU/4Sqxhl/wCP795XLUNfZ16ZcvPh7/bGn2/nz/vIv+e1bGm+MPDkP2fwrPqsX2j/AJ4+dXPw+Np5rC4t55/+WNeJ6b8GPGWpfF//AITj+3Jfs/8AzxramctQ+iPidNby+HPsVtB5v7nzK+Z/BPir+0viXeeFRB/x619ARWeqwRSWMF9H/qfLryfw38K/7H+LV54j/wCetdyp1mc3tPZHWWln9i/5YVoQ2f7qtSz03/Rf9RR9j8niuylsc1SoZcMNWPI96uTWf7qo/J8mWuo5zPvP3MWKj02HEvnirGsUaZ3oNOQ0IO9WIf3tR+T+6qxDDXQc58x+CfEn2uKSe+/57VH4216Czi+3f62OpNH8K/Y7uOxg/wCPeWo/idpn2OL+yoP+2Nfl9KmfrH7k1Ph7jy/7V8j/AFteoeA9e8n9xXB+CISfBEZzXUeFdNmh0qS4nrSnSOfEWudpD4wh03VP3E/7uo9e8bQwRfaLG4/1teR6lrF9/wAJHHAZ/wDltXcQWdvNFb28/wD22oEti5Z+JL6HVPP/AOetekeFbw+VHPXm+pWYhv7fyP8AV13Gm6l5MUdc31ZmvtSTXof+JzHPYQeWaualoN9qUMc89U5tS86/8/NdRDrGIo65qmBOmniTk7zUb7Tf3GP3dXNM8SaVrEP2Hz4opK1NY0eDWIZPJ/dyeTXiesef4P8AFHnTzy/66iFP2UjKpqdJ8ftH+OGpeDbz/hTuqfZryKH9zNFX5c/tLfHX/grt8ItTuI/E2k63dWUTS+Vc2stfr14P8eaVZ2tvfWM9dRrHirSviF/xKL3StNubOX/XRXdnFJX0mGXNRPmakF7c/mm8Y/8ABTL9rq31J4/FPiXWbaOP+CXPFc54Y/bO1j4oXMkXxEvfm/56zTV/QR8fv+Cb37GnxysLi31XwfbabeXX/LaGGKvzr/a0/wCDZ6/0S2vPFfwT8VQyx/6zyjeVlN1qTPXweMwNP44nxXpviTStemk1XSr6Py/+eNY/xU0zyb+OfSoP3n/LauE1/wCE/wATP2XviPP4V+I2k6lCkU3lvKyS163r1nB/whEeqz/8fF1/y1hr6PLMbTUPZs761eliK0Yr4DyfXr2DXhH/AGr/AKu19a+iP2G/iFZWfjHT4LGeT91N5lfO/jDR59NsPPh/5a/66u0/Yz8SjR/iDZJPF+7hnr9a4VqUZS5YHy/F+X3y5tHs/wDwVPju/FXxR0PxwGWWSWS1j/ef9sq/e3/gj/4qg8VfsjaX/wASqKKSLyo/3P8A1yr8G/8Agp1PZHwRYeJU/eFIYv8AVV+yn/BBnx5ofir9jzR9c0MSfY5f3fk+d/y18qvy/wAR+aObcsDThynL+yYHsv8AwVs/bU8O/sV/sd+I/iHqWo/Z9VjixpcIHM0tfhV/wSx/aJ+LniX9pPUPjf46zq2seKNR8uGaeH975Xm//ba9f/4Ovv2ptX8Y/HjQP2cLPWN+l28sU15axfWqn/BFv4DnXviDb+I9Kgli/saGL97LXykZwp4e8j6CpShRwkqkj7k+IXwZ/wCFha/4gn1XQ/KuL+b/AJ418t/Gz4J33wltbfXP7K/0fS/+Pz9z/wAsq/WzR9N8Oa94cvPt0EUtxpcP767/ANXXi/xU+CfhX4kaNrFj4jsfKjv9Nl8n/rrXhYnBYiovam+Q5xGo/ZSkfE/hvx5f+CbXw/43/tW2i0u+vIov9Em8yX97/wA9a+tPBPiTQ9N8ZWeuf6NLb38Msd5/y08qX/ll/wB/a+R9N+D99/Zeufs5z2P2LVLDTfM0eab/AJ6/5iroP2SviHqo8L6p8P8AxGJf7Q8OTeX5X/LW6li/5a+b/wBta+cxEfZ1D7OrTo1o8p90avoNj48ik8OeI7CKWPyf9bN/yyr5/wDipaWPwT8b/wBlX1x5VnLD/wAS3/prX0p4P8i88Eaf4xnn/d+TFHeQw/8APWvA/wDgpl4C/wCEw+Gdn448Ozy+Zpc0X/o2uzD/APTw8mphvZFjwFrEHiS18/Vf+WVemeD5ReWEkEH+rir5v+EvjvQrzwRb+RPLLJF/roq+hPhjNBefZ/7K/wBXL/rq+pyyCkj4XMv4wa/oFjNpck/k15/o83+lXlj/AMs4q+gPFXg+caX+4grxfUvCv9m6zceR/rJa9f2Rw06vsjDhs4Jrr7dBBWhpusWOpy3GlfvY/Kq54b+G3jHWJfsMGlS/9da9k+DX7KP73+1fGN/+7/541l7T2JpU/wBp+E+f/wDibeVILGxkuY/+e1cnr03irTdUkgh0KWO3/wCevk1+kGg/D34R+FLOOH+yYvL/AOe01VPHVn8AtS0mTStdsdPiW6i8v/U+XXnVMUd1DA+yo83OfD3g+4vtY0aSe+t/KqxZ6PqsP7/7PLXomv8Aw9g0HVJLHSh/o8U37markvhueHS4z5FaUJ1apz1Dz/UtNnvIo/I/1lbHhuGDTYf9INbk3hv9159ZdnoM9nLJ589etSqWOWphiPUrz97+4qOHiXz5/wB3WpNZ2MNhjPmVl6leWPleRBXd9ZPN+pnSWepaTeReRBUc0ME37+uP8H3l9D4j8m4/1ddZr01x5X7iCj6yH1Yr+bD61HDCZ5eBVPR/PmiknnroNHs/3VdNOqcNWkc3rtV9BmPm1seJLP8Ae1T02z8n/rnWntDWlT/cmxDD+6qxDD+9qnDeHzPI8itQ/wDLP9xXVSxJw1KfsjxvQNG0KaKMTzeVJFWP488H2Ovahb1X8NgabfyCfzaj8Yf25MPP0qeX/U18JTpH6CdJ4b8NwWfl6VBcfu67ibwrBZ6N+4nrw/wHrHirR7ryNVn823r0iz8VXF5Yf6dP/qq6aVIxqHJz+G55vEfn/wDTavSP7BnhtY6x9Nh0r7V58P8ArJa7jR5p5uL4/u60p4ZB9Z9lRMez037aMT1IPPs5ZK1L2aACSCCs/R4Ptl19nnrWphjipVvaVjU0H/iZRYnrUhmn83yKNNs4P3cFvB+8rcs9NsdO8y31a/to5PJ/5a1zUsN7UyxOO9jWDTYYNS8v/plXl/xt+Hs95L55r1DR9HvoYv3OqxeXdTfufJo8R+G55pfI1X/VxQ/62rqZNOMvaDp5tB6Hgfg/RtVh8yDzv3ddx4D+3QS/v/3ldB4b+HsDRXHkf6v/AJ61Yi8H3HhWKS5X/lrT/gmMqvtf4Zn6/N5Plz4/eVJZ67rh1S38+5llj8799W5ZeDzr1p9u/wCeVSWej/6f9nnt61Tv79Q4qlKtD3j5f/4KofsueAP2iv2b/EmuQeB7GLXLCH/Q7uKzijlr8a7LwT4qPwl/06w8qS1vJY/Jmr+iDX9Bg17VJPDnkebZ3UP76Kvg/wD4LJfscWPwNsND+MXw50SKPR7/AP0LUrSKH/lrL5UXm1z1q0aT9w+gySPtny1D8d9ent9esPJ/1UcVVvA+vaf4L8WQTW95JHNkSGvRfHnwT+2Xck+lT/6P537nyq8N+Ks+o+D9UgtrvT/LkC7Ipfav1LhXMsPhsL7TnPazbBLG4f2J9nfGDwT4m/aV/ZbWbR4PM+xn/XRQ19ef8G1/7YFh4b0//hlDxJ+61S1hurnyZv8AplFXl3/BCn4peC/iR4MvPgldzxRahLLcnzbv3Ga+lfhL/wAEo/Cv7Ov7VUn7SfhX4jfYdU8mXzrSab91L5tfD8ZYj65j/bnmZLD6nT+rTPzt/bYvLL4nf8FTdb139pHQrq5066vjZaR6SyRSy4/rX63f8El/2Y4PBNhcQeRFHHL/AK6X/plXn/xl/Yb8D/Gz4jaX8RvHHhX7defbPNs5q+5/2MPhtD8ONEg0K9s/Mk82L/W18dOrRr6U5nr4ynz4f2Z8Ff8ABZr/AIL/AHiT9gn4+Sfsm/CH4Z6Pq/2XQraXVbzUV/1csnP8q+uP+Cf/AO1j8Mv+ClX7M1j8TfCqW1lqllaeZeaf/wAtYZa/np/4L1aBqg/4KqfErR55pLq+l13C89IzFF5Uf+fWvRv+CdPx0/aH/wCCVXxK8L+MvGEssfh/xRLFHPpMt5L5XlS/9Mq9vB4ari6Pszgq4KlgqEK1P4z9evi18JD/AMJ5H8W76f8A4mEV5/39rD8ffAfVdN+INv4p8K6VHFJfzfvoYa908YeKvA/jby/ipPPHFoes2cVzDNL+7iii/wBbWfr37Y37OfjDwdefA/4D+Kotf+IF/Z+XZzafZ/aYrWX/AKay18rmWR1MLX987sNn0qtL2a+MPh7rHxF/4VVeeFbjwr5sn2z/AJYzebVj4qfYf+FP6h4V8V6V5d5LDLJ/5Cr86fjV/wAEWf8AguTpVhqPxX8FftZw3UnmS3sOi2mpm2x/0yrybwH/AMFfP2uf2Ur1P2fP+CiXwsvY5BLFbxarNp/72WL/AFUsvmd655ZXVr0/3Z6kMXW9ifX/AOxb4Dvv7G1CCaCSOSW8l8mXyf8AprX3B8E/gl4j0HS476c+ZH/rP9TR+wrD+zL8bPhpofjH4H+KrLX9P+xxXM00X+tir6I1DxJ4cstMNjZNHHJ5PT0r1sFTrZdS/eHymOw1bF1uemcXDo999kk+3f6v/njXP6b8H/BsGq/2rfQeZWhrHiXVbK68++/dR1l698YvA9nayf2rqsVtHFUYniChRReEyirV+M9E0H+w9Hi8iysY/wDrr5NcX+1R+1F8K/2XPhTqnj/xxrlt/oEPmfZPO/1tfP8A8VP26tKhuv8AhFfhzcR6leS/u/3U1flZ/wAF4/jP8ZNFu/B+keIdcuYo9Z1G2M1ofYRGvHw2d/2jiuSme3HIlQp88z6H8Sf8Fbv2mv2irq41XwBB/Ynh/wD1dn+5/e18t/tL/tjftbeG9U0Owg+MWpSSX+sRRzQ/9dZa9M8H6/Y6b8NNHvtK0q2ijurOL/Vf9cq8T+J/2Hx78c/B+hg/8zJa/wDo2KjEVMRTxXJM61hsL9UP3M8EDW9e+HPhu+nh/wBIl0eKSb/v1WpZwwQ2vkX3/kaugh0efQPDGj+RB/qtHi/9FVzd5DPrEtxPBX1ODp+zo858XU/jFe8hg/1Hn1n6lo9j9lk8i+qTyZ/O+z0XkPk/8sK9Kl+9EY9npsEMUkE9ZepaDB5uYK6S8m71n3s//LC3rX2aM/4hT0fQdKgm8+f/AFlSWd752vSaT/yzqOGz/wBP/f8A+rqnDef2br3nzmgfsqR1H9j/AGO68iCCug0fR4Jv3HkVT0eaG8/f7q3NB/0O6+aDzfNr0cPseBifdqnD/E7/AIlFU/CvkXml+fPBXSfFPR9Kmmj+3X8Uf/TKsOy1n4c+FdK/4nniS2j/AO21c1bFUaZ0UKLmc/4q16+0fUI/I/1fnV6B4J/4mVhHPfWNeb+KvjZ8CLOXyP8AhKbK5ktf+eM1cfD/AMFCPhzoOqSeFbC+ikk87y/Krh/tfB0v+Xh01MtrVTHhz5vnz1c86AxefB/rKNS/fWH7imQf8eJ+tcJ9B7Iwryb/AE/9xXWQwwf2L+/rk/sc8MsldJZ/6RoMdV7U1tRK8OszwzV1mg+ML6GWPz/9XLXL2cPnS/uP9ZXQabZ+df2+B+7opYkxqYY6C81KCG68/wD561saD9nF1nya5/Xv+Jbfx10mjzQGw8/P7yumpif3J5vs/ZVjcmmhhsLi+/5aWtnLJ/36r8HP2mf+Cif7Rnxu/bM1nwZ4c+JF9Y6fp18bKyhimr9p/jx4xn8E/s3eLPHEE/lSWGmy/vf+2VfzU/s76tH8Rv2n77Wdf1D7NJqmqyyyy+2TXNh8wWEre1Z6eDyrD49Pn3PtrUv2rv20v2UbXT/EfjH4jSa3p8v72Hzpv3tfXH/BP/8A4LWeF/ip5ifEK+tpLiP93/Z93eeXLXj+sfCvwr+0t8G49C8cebFeaN+70GWL/Vf9ta+V/i//AME0vEWj3l14u+HXiZYNTtv3kMNqvlxS1+n0OIcjx2DhFxOaORUqTmnufvJoX/BSD9liz8uHx5ff2Jby/wDLaeGtyD9sb9iHx5D9v0X476Rc2/8A01hr+dez+OPx3+Fmjx+H/jf4Vvr3T/8AV+dFZ+bL5X/XWvQIPFXgf9oP4df8I98HNVvtEvIv9dDeax5ctZYvJ8nrL21OZ5Sy/HU63Ion72aP+0V8CNdtJLfw58VNNj/64+bRN42+H+pzefYfEbTZf+uM1fz7+HPgz8YfCtsL9PiVrZ/6Yx6jVfWPHv7SfgO6jn0r4i6/9o879zF51cFTAZXKhb2gq+AzWL0if0keCYZ5pY77VdD8yz8n/XRf8tax/wBpb4J6H+1R+znrnwyvoP3n/HzD5v8Ayy8qvwz8E/8ABVD/AIKFfBPS7Oe98RyXtv8A88vOr6g+D3/By9f+D9Bjn+MPwdub3/lnNNp9n5UtfOY3KqDp+6zLBf2lg8R758d+NvAd98MfHn/CD65Yyf8AErvJbabzv+eX/LKvWdV/4JueGP26/gnJF8O7GO21mw/485ov+eta/wC2D+11+w/+2Z4N1D4t/CKC50DxZLD/AMg+7m/1v/fqtj/gh7+1fqsPiO4+HN95ttql/N5k0Pnf63yq4sFSxmDoyfQ+2pV3Vp/3z8yvg/4i+P8A+xD+1RJ8NvBt7JFq8WsxWt4oh/1oEor99fhjD44+J3w00Pxj4yg/0jyf31cn4k/YD/ZQ+IXxk/4XT4j8Dy/8JBFeS3Pned/y1/1tfSGg2d9/wi9vY6VYxx2f/PHya+OznPounOnKZ72Fy6nW/efaLHwrh0rTZY/t8H7z/lj5teyQ3l9aS6XP4cn/AHnnRedXm/hvwT/ov26u4+EviqfR9YjF9B+7ir5bIq98XzymdOLwypQ+E/nO/wCDjn4WfET4ef8ABSnxD8Q7rSnistblFxpGpRf8vP7sc14/+zB+zH+3b/wUc+I+geAvB+havqlnYzxSDVbuH/RrCL18yv6kf2lv2df2c/2qIrex+MXwqsvElnYf8efnQ+XLFXP+FdB+Ff7GfgyPwd8CPhXY6Jo9/NLFNLaQxRy+bL/1yr9Hnmf9nYb2kZnnQpxrS5ZHjfwH/wCCVOlDwHofgf4/fFvxBff2XZxRzaTp2sSxxV9UfCX4D/CT4P2selfDrwPbab5X/L39ji83/v7Xn/g/x5qsN/HP/assnm/66GWavTP+FhQXkUcFfEYziavmWLtM2WV4XDPnsd4dZuJovs899+8r5z/4KM/8E+Pgf+318DNU8O/FTwPY3uuWtnLJo+reT+9tfK/6a165D4v/ANFzBRN4q+x6XJ9uH+thlr2sDWrUXzOfumMoU6jPwQ/4N+Pjp8R/2Rf+Cg3iD9lzXvF97J4btZpbabTpZP8AprL+9r9f/wBor9t74R/DHzBYwfabiKb/AJZebLXyv8LP+CVPwj8H/tuax+1vrniP93debJ/Z8X7r97+9/wDjteofGbwh8K7zWv8AhI9K8OR/89P3s3mVw57nVB0+WM9TuwWWqpV1OP1j9szx/wDGCWSDw54cubaP/prDXN6P8PfiN8SdU+3eKdWlit/+eX+qr0jw1DodnbRzwWMVt/0xrD+LPxy8DfDCwk1XxVq1tpscX+ulmmr4Stgs1x/8M9r/AIT8EjrPhv4D8K/DfVLf7D4btpZP+e0tflH/AMHMfxI0/wAR/tPeBfAuli2/0C1jknih+kVe8fHL/gsl8OTYXHgf4OwS6lef9BCKb/VV+VP7UvxV8X/Hf9q228T+N55JZZZ4Y4vN9P8AOK/SuEuGsRhKHtaq94+fxmOhianLE+8vBOvX158LtHsJ4P8Aj1s/9dDXL/B+0g8Vft4fD/wdB5csl1qXmeV/1ylirpNO0efR/CWnwTweVH9j8z/XVyv7N3xS8F/Cv/gpx8PNf8RWEtzDC0jk+d0Jljx/I16Gb4an9cieZKo6eFP6NvEmkQQ6XHpXn/vPJ8v99XL6b4Dvof8AX/u/NrzfXv8Agpl+zn/an/FYTyW3/XWaKtjTf26v2V/FX/IK+KltFJ/02mrvo4ep7Gx8XVqx+tHQa9oP9m3X+orD1Kz/AHX7iCukh8d/DnxVDHPofjiyuY5f+WvnVsQ6DBNYfaIBFc28v/LavXpYZ0KFxe2VWseZzaPbzWvn5rDvNHn+3/0rvPEuj/2Z5n2f95HWHptnBeeZWPtCKZlzaP53l1j6xpvky/v4K9I0fR9Kqv4l8NwTRyTiCtjo9mzk9Bm8iKPArtPDepQzf6+ubs9N8m1kg/5aVoeCYQNGknnrT23sqJ506Sq1jw/9qLxtPr2qSaJ4cvpIri1mr5r+J2mX/iWwk/tTXpfM/wCmM1fSHjzQbGbx5eGA/wDH15v72vN/Enwgn/tT9x/q4oa/M83x9adY+3y3A0adI+W/Dfw8vtBlkvtc1W5lj87/AJbTVof8Klg8Yazb63pU8kX2WvUNe+Ff9pxW88E/+qm8yu0+D/g+CG1uIJ7H95LXzX1mtVPeWFo2PRIf33mefR9jnEX7irkMMEEXkVchhH2Wv1k+TOfmhrQ0eaD/AI8YKr+T/pfvVfTSIbq4n/5aRVFU6EuxJZ+fZ6pJOa7Dw3eQTeX5EH7yuXhzeWv/AE0rpPBMHk6pHmuL2iNKlPQ2PFVnBPbfbv8AlpWXpuvTw38cGJa6jXof3sfP7us8+G5/tX26x/5ZVpUqXpHFVpUjyP8A4Kc+N5/BP7AHjy+8/wD5YxR1/ND4C8Z3nhXxlDq1refZ/KeSTzfwr+i7/gtVB53/AATs8WeRB5Uct5axzS/9/a/nOuvB6apZG+08cxfe5rGn+9/dnZldWnSXvn3j+yZ/wUZ0S20i38J+M4Ptscv/AE28uWKvpSy+OnhzWJY9QsfCt9Lb+T/yy/eV+MFrDfaZN5ymSKT/AJZV7x+zr+3B47+GMw0/xd4pvrvT418sWcvMdRUhicOv3Z9B7OhW1P0j8N+KvDnja1ksfGOh21zb/wDLHzYa8T+Nnwf+C3hvxl/wsbQ/K8P3H/PGH/VS1Y+G/wC2Z8APGGg48+K2uP8Anj53lV5X8ctYvvjBFJBpV9H9jlmrvwmfVqdH2dU51lTdX2kJH0J8B/FXwk+M0P8Awit/4/0221C1hl8mHzv9bXSeJf2addghkvvPivv+ePlV8N+Cf2UfGPhXWY9c8Oa5Jbah/rIZYa900b48ftKfB/S44J57nVreL/XedN/ra48RmE6nvU2dfspU9zrPEmg339l/YL+x/wCW3l1zesfDex8r7CNKjl83/ntXWeCf2qPAHxOiuLjxxpX9k6h/zx8n91XYaDo/gfx7/o+h+K7aST/ljDFXE82xkGc9TC0cRU96meT6N8GfCv2WOC/8K20f/TaGvM7v4m6r+xz8btP+I3hsS/Y/O8v99/yyr7A1j4V6p4V/6axy/wDLavI/2rf2d9D+Kfwsu308fZri0/e+dLX6PkWdUcwwf1WUDysTglQrc5+kn/BPH45eHP2ovhfZ+OJ9VtvtHnXUc37797+6r6ks7yw03To4PtEUtfgf/wAEjf2o9V+Cnxo0P4O+IrySLR4ryWPUpfO/dfva/VSX45wwWFxrmh+I4pbf/lj++/1tfiviBlv1XGe7A9/KMQmfWGj+NvDkMP2cTeVXQeCodK1i/wDPg/1dfnnpv7Vuh/2zIfEfji2spPO/1Ms1eieCf+Ch3wW+FdtcX2ufFW28uL97+5mrwcqweKfJFHdjqtNn6QaD4PgvIv38H7uvA/29vGOlfDH4aSaTpXlSXkt5F5NfF/xg/wCDlP8AZl8E6XcaV4A1yK+1DyfL86K8r5z+Cf7cnhX9t74lyeOPiN4xuZY4pv8AQ4ppq+xxOCx2Hwn7xcx49OMJ1j7s+FfiTxVD4Rt9V1wSRXEv+u82vVPBPja+nurczmvn/wD4Xlofg6wj8+++02fk/wDLKrngn9qjQtSm8+xt6+IxEq0cV7lM9q0atL2Z9kaDeaVeRR+ffVY8balpMWg3E99PHJbxQ/62vmeH472M37j7d+8/54+dXF/Hj9tKy8H+CbzS9Vg+zR+T5k013NXs4KeMxEvZ1DlpYWjRqc9Q3Lz4tQa9qlwdDsf3nneX5v8Azyir57/bS/b2+Fn7Pfhy4sb6+srnUP8ApleV8J/tOf8ABXr+y9G1Twp8D77/AEiWaWP7XD/qq+H9N17xX8bPEdxqvjme51KSWb/ntLJFXq4PhmliMV7WqaYjGqjD92fanir/AILOeK/G/iK40PwrYfZo/wDrtXl/xm8e678YIv8AhJPH/wAVNSis/wDn0h8qvH/DH7KPx98ba19h+HPw/j8v/ljLX0v8AP8AgiV+3J8cpZINZ8M6pa6fYQfaZZooTJ5n/f2v1zK8Jw7gqS9qz5PGzr4ifNTmcJ8IdN8LWNhJP4W+H+m+X/0EIv8AWy1xtt8JdQ8eftF6frcGlSeVLd7jFivqLw1/wSv/AGr9Nuo7Cx8RRy2dr+7+yeT+9ri/jB+zr+0Z8JZZNV0rwdcyfZZv9bDX6lh8ZwhXyr2S91nycY5zQx3PE+lPGHgPW9Y+Gn/CVeR9m/sazi/c/wDPWvlr/gn14D8V/tVf8FMNIitdElubXR5tkkv/ADy7f415b4u/a0/adjm/4Q/WNH1SG1/1fkxJL+9r0v8AYr/4KKL+wr4lk8Z+GvhfLHrF5893eyw/yr4DM+FMHiK3tcPUUj3q2NxsaPs5w3P3M8VfsH+HNS1n/isdK8yTyfN/c15P8cv+Ccvg7+z/AD/DljLF/wBcq8S+En/B0p8Kbr7L/wALz+CepTb4eZrM19S+GP8AguN/wTB+JekR6rqHxSj0T9z/AKnUYf8AVS14E+Hc0w1b+4eXN0nS+D3z5Xm/Zp8VeA/32leONfsZLX/Uw/2lLXvH7Df7V3xb8M/FDR/gv8VNV+3R3/7uGaau40P4t/sW/tUar/angD9oTw3qUkv+ptIbz97LXzf4q16DwH/wUs+G/hWA+ZH9sl87ya92pSp08HyVD5L2WN+uaH6mePPDdjDoPnzfuv3NfO954l+x+KPsNiJZa+oPipBBeeHbfH7qOWGvnfR/B/2PxRJn/Vy1+d5jialKvofeZfg6ah7xuabNfWcsc+ZZfNrU0fxtbzap/ZV9+6q4dNns7WPz/wDWVxc+gzjxx/a03+rqaWKqs0xOGoo7C80GDUrrz/8AlnXF+JPF8Hg+/k0PyP3l1DLXaTXl/Z6pbwD/AFdeR/tFXl9pvxB0/Vfs/wDo/wDy2r06uI/2Q83DYb98V7PR/tl1Hfar/wA9q2NT8HaH9gkuB/39rL8Sa9Y6x/Z9/oZ/0f8A1c1aniTUvseixwQV8Bi6ftJH22G9ieF6lptjpuvXHkW/7vzq6jwfpulalLtsYPLrP8bQ+TFeXEFdB8MZYP7L8j/nrDXzfs7Vj1/+XRn2esWEsX/XKtjR/IEX/HxXB6lNPoMXkQQfu63PB94NYi/fjy6/WvaM+FNi8hg+1fuIK5u88+z1S4rtNHshNqnkY/d0eKtBsIfMn8j/AFtFWH7o0pHL/D2afUvM8+vQNH0H97HfVyfg+GCzl+wwQV6RDN9j0aOYV4lSoegU7zUsf8fB/wBVWhpusQTWEkEFc/qcP9pWsk8E9angMwCL9/BXDHE1fbEYnDHz/wD8FaPBOq+JP+Ce3jTw5pVjLc/vopPJi/7a1/ORa6hqXhiKTRrqOaCQn99DLHX9b81nZa9a/wBh30Fte6fdf660mhrwv4y/8EgP+Cfn7UE95deLvg9HpFzJD/rtOm8qWvWjLTnPPpVFTfs2fzL3ui6Xrkccsd8dg9ax9Y8E28M3nwX1fuD8Tv8Ag11+DOvX0k3wW+MdzZf9MdSu6+BP2uf+CKn7Yv7NfjrUNP8ACng+78S6ZZjzBqWmfvKiniqkjvo4tU3a58g6b8MdVmsI76G+8uu08B/FPxT4D1mSyvjLJZxQ+XD5VcrLqvjPwLqU+k6/p80ckf7ua3u4fu1S1TxveT86Wnkj/nlTqxdZcrR61LFTPpf4bftdWOg3UcOuTy+X/wBNq9o8K/Hz4WeNYvs2l+OLK283/n8h8yvz40/xheStJ/aWmRyv2JFamh/E77FdBxpkdtJF/wA8pq4qmCrQXuHfTqn23r2m6Vr2lyQX1jbSySzf8fdpDXF2ej+MfB91JP4H1y5ikrxT4e/tcat4Zlk+3S9vL/ew5r1vwJ+1d8OdY/4/v3Vx/wBca83Ewx9NfAdNOvRO08H/ALZnx++G2u258Y6HHfWcX+ul8nza2PjZ/wAFUPCvxI0v/hD/APhHI7GSX/XRfY/LrPu/ip8Ode8Lahcfbo5ZJYf3NfDpsB4w+JlwkA/dy3lfScJYivTrc0tzzcww1Osfpd/wSA+H37Ofxl+NviSfxxNbW1xf6P5fhu0m/wCWt/5tVP8Agoz+zd+2B+wrpFx4ouvFF7qGg3c8vkoe3m18peA/Dfjn4AeI9P8Aid4A1ySO4sJvMhhr9DPhv/wW18DfGz9n28+AP7b/AMP49W82Hy7O7+x/6qv0biXK8sznBwqr44nyuEhj8uxsuT3oSPyGuPjB8QtXvJL268aXsUnZBNXq/wAI/iN8SPiZ4Zt/hfpmjR3N5qk3lf2jLeS+bR8VP2MtY17U9T8cfCbVba+0uSaWS3tIj+9HtXAfCXxx4s+Bvj23lvUlsLqzm+cTR/6qvG4YwGXRzOnHEw9w9jMZ1quDfsvjPpm1/ZA8G+EIvsOq6fFqWuSw/wDLWbzIqr+Ffh744+AMsniPQ/Mlj/59Iv8AVV3Pg7xX8P8AxT9n1SDx9FLcS/66IzV9D+EPGH7M2v8Ag3/hFfFVxqUV5/z1+x+ZX9F5nwtwrmmScuFtzn5HT4izvKcy/fwlKB8rw/t7/GnzY4Nc8AXv2eL/AKbf62u00H/god8TfB9hHqt98Hbm2s5f+Wsv7uKvoz4G/sN/CO81nVPip4x8cR6vo9hZy3MOk/uo5Za4P4zfEj4O/GXwRZ/DLwd4Visbz7Z5d5DFZ/6r/trX8pcV5Hg8ozHkkfrOTZxPMMP7SMDz/wAU/wDBZ7Q9IhzYwfv/APnlaV4O37WXxc/ar8SXlv4m8Y3I0vEv7r7Z5Ve2ax/wRouLzRv+Eq+wy3NvLD5n7mavjDXvhRqfw9+OFz4N8PXkltDaxSYaabtz/wDWrkwtHBxsz0XVqVlY+y/hL4P+FXxC8BSeAP8AhFf9I/eyTahDDF5tY/hXTfgt8FNWk0MeFZLm8i/1Mss1eP8AwT+LXiqHxHb+FfB199m8qbzLybzv9bFWp8WtN8ReNtQt9W+Gc/m6h+9jmhl/9G12YirTpUv3YYfDcsrVz6E+G/7e+oeCdekg8KeFZbbyv+WtpZ19EfCT/gr1P5v9heKvGP8AZP2r935uozeVXwPoPxs8HaD4ct9L8cXtjY6paw/Zpv3P+tlirzD4lQ3nxkgWDwH4gsruLvCIpfNiryZTnW+M9FYDCW9w/ZvUvi/4b8Y2tnP4O+I+kXP2qHzJvsmpRVX8S/FTVZ/Bkng+ee2uf33+ums4pK/FX4HaR8bPhX8RbO+0nTbmRrWb/U/8sq/Rb4Y/EjVZtGjn8VWNz9o8muOWOr4StpU9w3WXUqkPgOs1jwf4O1K1kn8ceHLaS4l/1MtpD5VeX+MfgN4V8VzR2P2H/R/+m1dx4k8Y339jSXEFvLJJ/wAsa5/QfG+ualfx/wBq6RJFHXrUeMVQp8sJmE8h9t8ZJ4P/AGRPgrNoMljqtj+8/wCmUNfLP7VH7G+meFPFcl34P1OS3t/9Z5Jlr7O/t6DQbD+1fP8A3dfN/wC2943nm8MXHiLSr6L/AFPl19dlfH9Gr+6qnk1uGXTqe0pngfge08X6Z8SdJ0f4NeJdRt9UivIsNaXUvl1+lniSD4m+Ff8AgpP+zPceMtV+06h4j03zLz/v1FX5uf8ABLnXNcX9qnT7iaTzY/8AltFN+8r9S/2lpvtn/BXL9leCx/1drDL/AOiq48xzyrjMRJU/gPnMTgfY1+U/Yj4k6nqt5oNvBBBF5kUNefzWf9m2v26f/WV654k0HzorfyIP9VZ/vq8n8bXk8HmWN9Xw+ZVa3tD08NCikH/CSQXl1H5/+rrc/sDQ7y0jngn8ySKvN/7Y+2WvkaVXUeG9Yg03S/P1X/WU8Di61QnE06IeJNYgmuo4P9X5Vef/ABI0e+8SRfboPKljqn8QvjBYzSyQaVP5f77/AF1SWfjax03RozcfvY/+W0td/wBf9/lMqVKiY/gPTbHTbWSDVf3XmzVH49sp4YvPgn8yOjw1rGk+NvEctxB/q6k8VTk2skFv/wAuv+urhxVOnVp89M6qVlWOHhs/tnmCcebWh4PmghlkPkeXHFXWeA9M0O7tZL7XJ4/+mNGseG/9Kj/sOD/R5Zq+T+rv60e37Wj7Ey5/BUGvRfuKjh8Ef2CfIH+sr0TTfsFl+4gsfKkrH1K8g1m0uJ4P3skX/PKv2Lkon5vTq1jHg/0Mef5FR6xL/aVrxb1uaFo51KOOGeCo/GGgjTYv9B/eV0eyo1KIRxM1W5zh9H1iCHXv3EFdhDr1jeQ+RPVfQfCsGpfv/s/7yKibwd/Y/wDxNp/MrwMTlp6UcaY+m+PLGz8R3GhwQfu6k1LxvPoOo+RYwfu5ay5rOxm1T+1tKgkl/wCe1dBqXhTSteij+wz/ALwf66GWvN/s3U9L6z+5I9B+P2laZfeRBB+8rQ8SftC6fo8sc8/7vzYap+G/g/Y/b476+sf3lR/FT4S+HLyL7dc/6u1rT6lWsctPEUbmfoHjDVZtZvNV0O+ll82vUPAnxP1aHSbjStXsY7nzf9dDN+9rzv4Y2djoEUnkWPmW9dBqV59j/wBO0qxk8uWvOoYWvQre+a1VSkuc8z8bfsWfsd/tFePLi4+I3wr0m2uJfN86W00aKKuD+MH/AAbc/sF/EnRpP+ENnvtEvJf9T5MP/wBtr6A+HsP2LVJL6efzf31e2aPOby1jv4K9alThVqHne2rUz8Nf2jv+DVf4ueCLS41T4V/ESHUo4h5kMM13FX50fHv9hX9ov9nXxJcaH41+GWoyR23/AC9w2cskVf1w3evfbL/7PP8A9+ax/ip4b+GOv+FpIfFXg7SL6zl/dzfa9NilrqqYarSpc5VLO6tKXJM/je1HQ72RvOutLng9xDUFnoc88uIX8uv6kPi3/wAEYf2NP2ivCUn2Hw7FoH2r/ltaQxV8V/GD/g1O0uG/kvPhl8cBLH/zylFcPPWkevSzujY/GC08b+N9HsI7G2nlEf8Aq6f8INS0qz+IEc+uH93/ANNq+yP2wP8Agj/+0L+yvpcl7/wjlzq9nF/y2hhr4m1TTv7Kv5or6wlt7uM9JYq1w9R0nojvw+OpYqB9q+G9N0rxtYRz2OqxfZ5Ya5+8+GOhza9JBqtjFcxxV81+CvjB8TPAtjHcWuq3Itopv9RXrPw9/az0vxHdR2PiuDy5Jf3fnU6uYZhTvbY9bC06L/iHrfw9m/4RW6k/sKDy7OL/AJZV2Hi7w38EfiP4UuNQ1v4S/wBpaxFD5kxhh8rza1Phh8PtD8eaN5+h6rbSSS/88a6iD4S654V8xoK8ujxNWw89T0pZTQxGx8QH4VxeJPF95qHgexvvC32X/U6fdzVe1Lxf+0R8OI/MubpbiP8AvLX1D42+AP8Awkn/ABPNKtvLuIv9dNXB+KvhX44mtfsM89tJb/8AXH97X2OV8e1cLS/inkYzh6hVdqkT5/m/bt+PtjeiPQPFc1u3+r8oPX6ofsc/A2Dw3+yD4f8AFPirRIr7xJ4j1KW587/pl+6l/wDatfmh4u/YH+MarN410jQpLmztx5n+iQ19X/Df/gpZff8ACO+C/g5BYyyW9hrFrbalDN+7/dfuopa8bOMTVz6r7eZhhaNDL37Okj7ch8bfEb4Y6NcaHoljHqUksPl/89YrWvy3/wCCsf8Awiem/HnS/DngXQpbHWLq2jl1L9z/AK2WXyq+1P20v+Cinwr+CdrceDfhlpNt/aEU3/LpN+982vlP4haDrniTxlZ/tifGKD+1v7Zs/wCydN0nyf3vmyxfupa5MPS9kKnf23tDyf4KeA59N8Saprk8HlyWGj+ZNLFXrH7EGNe8W6x4k12xiljsP9d/yyqx4J8N33hv4c6x9vgjlki02L+0v+uv/PKuX/ZRvfFX/CL6x4W0Oxli1zXpvLhi8ms8SdmIqwnA8P8AiToEHxi+J+uX/htJLa3i1KXrD/01rm73wt8QPhDqEd9ol9J5ctfZmm/sE/Hf4J3Vx4q8RaFJLb38P77/AEOvG/2iov7G8O3Fjquky21x/wBNoaxhVexyUcxSqchyHws/bd8ReAbrd4m8MW2peVL/AMta+mPhx/wVN/Zwu7aODx14DubaQdZYa/P+zF9qV7JYk1bvPCFl5UYt4ZfMxzWzy2hWWsT0lmfKtz9bPBP7Tn7IXxCsP9B8cWOmyS/8sdQ/1tdh/wAI34c8VWv/ABQ/iO2vo/8AljLaV+N9n4L1W1tftNje3scnnfufJmroPC3xh/aE+HuoRnSPH+pRR/8AX5XmVeH6P2SqWbtn6ia98K/FU32jQ/Pllryv4tfsf+KvjBbR/CTwdBJHeX83+tr5g8B/8FNv2hPBVzHZa3FFqUnneX/pdfv3/wAEMdN8K/Gz4D2/x38f+FbaPVPO/c+dDXDhMjxGHxXtDerm0fY8h8d/8E/f+Dfb4jfCLxJZ+O/GVxL9oih8z/U13mpfBPxxqX/BYv4fwT6VLLp/hKzl8m7/AO/UVfrp488bf2FF/o/lRxxfu5oYa8D02z8Oax8S5PiNpWlQ/wBoedX19Kkz86x2L5sV7x9IWd5+98i+/wCudcX8WvDeleVJPBBUcPiqea68+f8A1lYfirXr68l/1/7uu3+zaNaiedPHezOb+HugwQ3UkE88Xl11l54J0qa1+w2M/wC8lrn7PHSCDy66Cz1GeGKP9/8AvK0w2UUaRlPMqp4X8Zv2V9c166kg0O+8r99/yyrQ8N/s6eKtH8Ef2VfzySV7RPdib9+Z/wB5VebXv3XkTz1nUyilz85dLMjxv4e/BO+8Oap+/wD9XWP+1pBP4P8AhzceI9Cgk+0RV7RNrH2OX/QK8z+NmvQaxpcljPb+bHSxeW0aWHHhsdVqVj5f/YP+JHxN+J3iiSx8Y6Vcx2fnS+T51fcmm/D3Svssf7+uD+Cej+FfBNhb/wDCOaVF5n+s87ya9U1LWPtkNvPB/wBtoa8nBZTGcjtxOP5aR8T/ALS/7V1/8DtZ0u4v9V/0e/m8v/U17R+yvrEHjzwleeI9WsZPLlm/7+18Z/t5eCdc+LWjaPP4cn/48LyKT91/y1r6U/Z1+Nk/g/4c6XpU9h5XlWflzVrSzH94dcst/dHcfH74weDfgD4Xk13xHceXH/rP+2VWPhJ8fvhx8f8AwlH/AMIBrsVzJ5PmV5H+1rN4b+PHgy40rH2n9z++r5fsx4x/ZE0uTxV8Hb6SWOL/AJdJf3lazzZbHJ/Zvsz9LPB+gzj/AJCv7u3rL+POpaV4J8LyTwT/ALuWH9zXx/8AsW/8FA/jf+1FLceHNc8Nyab5X/Lb7HWp+1FD+0LN4j0+wsYLm5t/O/fQ121MT7bCe4c0KXsqx3Hw3+KkH/CUW8Ag8qP97XomnQ48ZXnirz5P3v8Aqa8P8SabfeG/C1v4jgspYriKH99XUfB/9oW+8eeDftt94b+w29r/AKmX/nrXk0nW9selCVJx5D6A8EeMJ5dU8i+gji/67VofELw352hXE8/lfvf9TXk/gnUdc+IUv2iC+kit4q6iDxV/bGqx+FZ9V/eV7VL96jyfZ2rHF+Gx4js/7Qgh/df88a6TwHr2qnS47fXIP3ldRZ+Cb7TYpJ/IrP8AI/tK1uMQ+X5Vc9XDHT9a/wCXZX/tKCC//cHj/plXoHgP4kWPlfYfPryPwHoPky3n26f/AK4+bXQeC9Hn1O/k58qtKVKiZ1D1Cz17w5e6pHP9u/0iub+MPiSy8N+HNQvvEc/+hxQ+ZXLzabfaR4zjvrGeXy/O/fQ1X/aE+IXhWb4fXEHiPypY4v8AllWmJqeyomNPDUqtY6z4G/Eiw8R/D+OxsT+786ugm1KDTZY5/Plkrw/9hX4kaH8WtLvLfQ/3VvazSxeTXtHiTw3Po91HBUYD2co6kYvDctM3PEl54c8VeG5ND1zQ7LUrO6h/1N3D5tfFf7UX/BB79l79pCG41XSoLbQNQuv3nnWkNfZmgzWP2X9/Ul5NBNL+4nq8Thva1f3ZnRxM8LTPwj/aQ/4Np/j/AOA4ry++Emq22t28X+ph+2RV8EfF/wDYz/aF/Z81aTSPiR8J7q2ki/5amGv6v4de+x3UkE//AGxrk/iR8LPhX8eLr7D8RvBGm3v/ACz/AOPOLza5/wCzqvU66Of1qUj+YT9lr9qXXfg94rjHiHWJLe387y5opK/R/wCD/wAbPg58ZvDcfkeKrb7RL+8r5a/4LtfsWaL+zJ8ef7U8MaH9h0vVP+POKKvjT4c/G/4hfDS4t9U8Na5IqWx/c20svFfN5jkdLFPmp7n6Hk+a+2pc5+0Gm+D9D0e1kggnjuY5f9dWfqXwf8K69zY6VHXxH+zV/wAFOLg3celfFPy4/N/d+dX3R8Dvjb8JPHml+f4c8VWMskv/ADxm/wBVX59meBzTL5e6faYXE4Wv/EPoD9m/QfCug+A9Qg1zSo5beLTbr/Ww/wDTKvwM+M+vx2n7QHi/VPCgktYLW+u/Kii/56+bL/8AXr947ue+vPhz4gsfDf8ArPsf7maH/rlX4b+MPBJ8B/H2Tz54rn7frF19sh/7a1+gcN4qtUwcHVPlc1hhqWM/dnTfAvw742vLK2+J2paXfavq185Am1eOSW28n/trX0t+x/oMHxa/aI/4SPxxP5mn+CIftOpQww+ZY+b/AMspYv8ArlXk/wC0t+2ZB4b8OR/AH4H+HZLaOw/d/a4of9bFXsn/AATY8K+K/Afwg1TVvibrltH4T1Sz+06lF/qrmX/trXr4nklUOanTlUOos4bHxJ48uNKvrGK2kv8AUpdR1KGGHyvtUUUv7r/2lVz/AIJp+A9K+OP/AAVtjv7GCKPT7Wb7b5P/ACyqvDoN9r3jjxZ4x+z3MVnoOg+XoP7n/W2stdR/wbuzWMP7c2sarfwfvPJl/wBbXN7P2tWxz5hTthT9xPG/w3+FfiTSpNK1zwdbXP8A11hr5b/aQ/4Ja/sr/GzwvqF9rng6OO4l/wCeNfZHiTRoPtUlxPB5snk15f4k1Gez8yxnEvl17dLA0fZH51iMVXpYzlR+Wenf8Gzvwl1rXri80z4j/Zo5JuIfOrsIf+DY/wCGVpo0nkfFS2+0f9NZpa+/NNvIIb//AJ5R1uTalPZyx+RP+7rVUjop4utOHvn5lzf8GvnnRSXFj8arH/v9Xy/+2N/wQ9+Lf7N0VwdD8zW44ofM/wBEh8yv30s9SgvLXz/P/eUWd5Y3lrJ9usba5j/6aw+bSq4a6/dl0sdWpH8v/wCx1/wSY/aP/av+Ntt4S1HwDq2laet1/pGoXlt5UaxV/Rp8AfgPof7Cv7Oel/BbwBfSX1xaw/8AEyu5f3v72vVNNvNKs5fO0Pw5ZW3/AFys4oqr6nZ6VZy+R/ZMX72s6WGa/iGtfHVqq+I8/wBH1nxV4ki8/VbiT97Whpmmz6FNH5EH+trtIfDdjNL/AKP/AKuKo9Y02eaWOfyP9VXTTpHBq/4gCbyIo55v9ZUc1550X+oo1ib97bwQVJ5P+ie1dtLY4vZFfToP+W2aseT+9qxZwjyqkg710mVSmRzWcHlf6+uXvLOeHVPtFdRN/rvxqQ2cEv8AywoD2Zy8cP8Az8V53420GfU9UzBXrF5+5tZJxXnfiXUoPMknhP7yubGbGuCKegwz+G4o4IIK6jTfGAml8iA/vK5vTfEkE1hJBB/rPJrU8B+ReRSTzw/vPOrmw1P2VI1xNP2sz43+FfhvXdStZLe+n8y3i/1MM1bHiqz1XTIo4LH93JLUln9u02+jsbDyvL/5Y+VNXUeMMabo1vPrh8q4r87p+2P0Q5fwfNf6bDJ9vsvMk/6bV5f8bNSsdBN4J4P9H8mWTya9k1KeeGKPyP8Aj4r5/wDiRnxVr1xoWqz+X5s1Ob9mY+yPRP8Aglr8ZvB1j4cknnsYoryW8l/cyw/va+9IfFXwy8V6X9nvoIvtkv8Ay1lh/wBVX5p/BP4Mf8IH48/4Sr/W28sPlwwxf8sq+iLPx54x0eWO3t7+K5jl/wCWVelhs19nH2Z52Jy2lVPoDX9B+FcOqf8ACHX1/bSyf6ytT/hCfhH/AMIR/ZXhzSrGKOI+ZNX5v/EPxV+0ZoH7QUfir+3JI/D8VnL53m19afD3xJP8QvhzZweANcluY5YfKmu4f+etdNPE+2rHN9S9lSPSPhjD4cvPEcnhzwdPbfupv30MVFp+z3PD8UI/HFjPLH5XmxTRTVc+GHw9uPhjpWlz/vf7Qi/10s3/AC1rc/aE8Va54J+EF5430L/j8irvqKWFo+0OGl+9rezPRP8AhCZ7y1zBP/o/k1yc/gTSbSWSyg/e18t/sZ/8FRP+F5ajeeB9UgkjuLW8ljm83/plLX1p4a8beFNSsJDYiXzPJ/5bVwUs+ot+zmdNTKv+Xhj3fwNgvB50E/lR0eG/hjfabayTwT/6qrHiPXvEh8Eax/ZfmeZF/qa+a/2e/i18cJviXqEHxM1XytPiml+xw+T/AK2vSjir7HFUpH0ZeeFYIT9u/wBbcf8APKuH+JP7PcHxasJLGDzI/N/10Vanirx54q02wuNcsdK/1X+prk7z9syDQfscF9Y+XqF1D/rvJrTE1Pa0QpU6tI8b/wCCcs198Jf2m/HHwPg0qX7HYWf2mG7l/wCWsv72vsTWNe8mw8++g82SvI/g/oP9g+Lbzx/pWlRXMmqfvJvKh/5610HiX4p6pZ69HpWuWEVtby9/JrnwsGhYjY0NS1KeaXz7H93WpD9um0z9/wD6yrkNn4c1PSo76xn8z/rjVeaafWZY/sM/leV/yxr2qVU5fdpmXo+mzG6k+3ebLXSeG9Bt/wC3o7/yK1PDdn/osgng/eVoeG8QxSefB+886q/fHHOnRUj8X/8Ag6H0ODXb/wAN4h8qSKWvx8f4H+Mbm3+32OnySx/9Moa/bP8A4OadBnvLbQ7+CD9550X/ALSr4b+Eug2E2g2dkbHzf+e0VfEZtmVXB4q0D7rIH7KgfA2peGfE9ndGC80q4WT3irufg/8AGrxb8INb+1+fe5/54+dKK/aj4D/8E6/gR+1FoNn4cn0q2sbzyf8AXf6uvSPBP/BuX8HbPxHHP4j1W2ubP/nlXpUoLMqH7xGtXP8A6pWPmP8AYa/bd1b46/DLULU2MUdzDZ+X++/65V8T+MPAeh+Nv2g7jVZ77y5LDUvtN5N/0y82v0Q/4KBfs0+CP+CePjzS/A3wrsYo/wC1NHupPKtK/NPw348g8N+KPFFj4jg+0yX83mWf77/prXXhsFRwlPlIo4+OYVvaH6AfA3/gnv8AAH4z2tx8d5/3d5deVHDp/k/8tYv+WteqeKf2M7GaXyNV/wCQHpdnL52kxf8ALWL/ADLXgfw9/bd8Afsu/D7wvD4j1aWLVLr/AEm807yYv3UX/XWvP/2jP+C2uq/EC5uPDv7L2lXOmyar+71iHUP/AEbFLWFSl7U9X2lb/l2eofCDx5fePNG8YfCuCxtov7Lm8uGX/plWf/wRb1KDwH/wVG1DwPPN/rdNlk/c1ueD9S8AXn7L+n/HfwdYRRa55P2bWIZv3Xm/89Zf+mtfN/8AwT9+J2q/Bn/gpFpfiu4Mv+leb5Mv/TKWWKvP1w1bmDFQlUwh/UJqX+meZP8A8s68v8b6bAPM/cV6BoN5B4q8B6f4lgH/AB/2cUlcX4ws57O05NfTYar7aifm+Jp2xnOefmzni/5YVJDeeddeRPW5N9n+y/6is/8As64/1/2fmtzqp+yqFizmsftXkVuabpv2OXz6y9H0efzY563Ptv2P/wDXU06lYk0IZrGH/lhUd59hm4t6y/tv239/ipIdSg/1EH+srYdOnRNDTbzyYpPOFF5qUEJ8jNU4fP8AK8+s+Geea/zPSpBUpm5NpsF5a/bv+WkVU9Bm86KSCeukhs8Wsfkf8ta5fxJ4w8HeCbX7dq+qxRR+d++pVaqonN9VNSzh7VJDD5VcnZftCfCXUrr+ytJ8S20v/TGKrF58YPBtnqkekwX3m1j/AGphv5w+o1jcvJj5tSQ6lY+VWPr3jbw5Zy+RBff62o9H/wCJlXXhsXRrfAZ4nDVlSJPEk3lWEleNw6l9s1mSD/lnXoHxO8Y/2DYSQT/88a8H0f4keTdSarBYy/8AXGs8dU5DLC0j1zwH4J/tPzJxBXaaZ4Jn0c9Y/wB7Xlfwx/aKnvLv7DBoflx16ppvj2fXrWOCe3/5bVzUsTSqnZUp+yPgPx5428YeFdVt9Vg8Oebbxf8ALarmvfHnwr4wurexvr6SP/rtXvng/QPB2u+HP7K1XQ/9Mi/eedLD/ra8z/aE/Zj8D/ELRpNc0qD7DeWsP/LKbyq+NxOCrUj6+liYXMeHxhoej/6dfarHcx/89fO8yuX8YeD9D17VYr7SoP8ASJf9TXj/AMN/B/iTR9euPP8AEf2mOL935M01e8eA9N1XyrO+ng/0i1mijmrzaX72tqdRuaD4b1Xwr4c/56yf9caufD3/AIk3iOzvtVsP3cs3/LWvSP8AhG/+JZ/bn26LzP8AltXN6l4POpazb65Yz1rU9jSZj7Sseka94E8D/Gb4c6x4c+wW0WofY5f/AEVWf/wSd+D+q/B/4VXHgfxjY+bJa6lf+TLN/wBdZfKrl9H0HxxaePLfxHoc/wDyx8uavbJtN8Y3mjf8UprkdtcRQ+ZNXtYahaj7Q5qmI6Hea9NZWWs+f4qn82OX/jzitIf9VVfxh4PsfHnwz1jQ4IJI/Nh82H7X/wBcq8HP/DV+veM9PuLi/sZdPtZv33lQ/va901H4k6tN4ct/Cuqw/vJYf9b5NdH11Yqj7KZzLDeyq+0Pzz/Yh/Zp1X4MfEvXNc12xluftWsXUkM3k/8ATWvujwHFfeJNf8+CCOKOL/XVoWdnoeg6Ncf8SqOWTya5fwTP4q00Xk89x5cctfGY2nHDV7o9vDWrI908H6RpWjfaJ5/Llkl/5Y/62vH/ANovwT4c02WTVf7K+zeb+8h8qj4e+KvEcHxBt4L+f/R66T4zQnxtf2+lTzx20nk/ua+tyivHEUTxMypKkeR+G/FWqzaZb2OPMt/9XXP/ABI+G/hXU/GVnqt/PbeZFD+5hroPFXwk+MOj3cg0P/j3i/5beTXl+j+CfH/irxb/AMJx4jgljksJvL/6616NWNSJ51PEqp7h9KfAGGDR9GkuP7KjrD+NlnpWvRSX09j+8/6ZVsfCv+3P7P8A3+qR23H76Gsv4qXmlQ3Xk2J+0+b/AK7ya68NVwypnLUpVvbFP4Y+To+l+RPPLLHXYQw2H2uOexP7uuH0HUtK8r+yv+WlanhvUp7vWZNP/wCeU1VT1q84Yn2duQ9c0fR9L+yeeKkhs4PtXkVl6DqU/wBqjsT/AKuukhh8n/Tq9d/wDxqUF9Zifln/AMHBWj/2l4X0/wA+DzZPOr4P/Z18HwWel/br6D9551fqp/wWf+G8HirwbZ6r5H7uL95X576P4Ivvssf9lfu7f/ltX5DxJz/XY2P0rJ+R0JRPsD9gO8/s3Xre3hP/AC2r9APtlx9qt54P+20Nfnv+wHD/AMVHZ1+jA02D+xo/Ig/eeTX3fDdqlA+Mz+Hsqp+P/wDwXs8bTw/tI2dj5/7yLQZZP+uUXlRV+f8A+z3D4V034q2fjjXNKtr63tYZfOim/exV9ef8FzvFVj4w/aq1TS55/wDTP7Nlsq+A9A8Yf2b4D1yDQ4JLnytSi/e/9Mq9XMv3cz2eGqdKpRPqj44fBrQ/+Cm/iSSL4OX1tptx4S8N/wCmWn2P7N/1yiiryfQ/+CUnxUn1XT/C1xodzptpHDFc3mrSw/vf+uVfZH/BLv4bwaN8L7zxj4b8KS22sX/lf8TH/V/9/a9M/aK/bG8Hfs3azcT/ABUvtNvdQlm8yHTtOm/4+ov+eVeTh6h79TEVafuUw8HfAeDR/gF/whHiPwdY3Nno2g/udQhh8uX/ALa1+dfg+E2X7aGl2+kwSSSWF5LH/wBsvNir9kPDWjXHir9mT/hKtKntrHS/G+g/8emow/vbWKvyv/Z7+G+h+Ff29P8AhDrCfy47r9553/bWvCzF1Y4g7cPU9rhp+0P6IP2btYvrz4BeF55/+gPFWh4wvLHUrXzwKr/CWGfRvhVo+lf6uOKz8urnirTYDaxm3r6HLaf+y85+a5tCnSxhxdn+98zNbGj2fk2v7+pNN8K315D59v8Au66DR7OxFri+g/d122ZNKrSpGP8A6r/lhUl5o/8Aovn+RVjUvI+3+RY/6uq/2zSobryJ7iuqnSfsQ9tROf02WbzZIPI/d0GG+hv/AD4K6CHR/sd15+P3dXJrOx8rz6g6cNUTMeGb/lh9mqvefYcST29vWp5ME0VU4YYIrqODFAVIG54b1b/QPIngrx/4zfDeDxVpd5YzzyRebN5le2Wdn5NrHP8A8s64v4qQnUjJB/0xrys3k1R0OnBU/wB8eD+Av2dPDmj38c+lGS5vP+W0vnV2mpfAf7H4ot/Ed9ff6r/ptXSfBnTf7MupPPFdR8QvCs+pafcT2M/+t/1NfFUYV6kj6L9yjyP4n/v9at/sMMv+i16Z8PPEtidG6fvPJrHs7zQ5rWOx1z/j4ih8vzqsaboOdLkvoJ/3d1XqZbVr0aphjaVCrROf+J1nB4wnzY0aD8MfCsGlx+fBH5n/AFxqTQfIh1SSxnroJrz7H/qIa+rjX9r/ABD5ulSpUjn7Pw1pVnL+40qKOP8A641sWYsYJo/I/dVHqV550UZggqPS5vJrSlSMsUfOc3xZ1XwrqlvDP/q5f+WMMNSfGD4hWOm/Cq81y3t5ftFZfg7wfYw+MrO+nMlzby/89a5v9qL4haF8MYrjQ/GX+k6f/rPJ8mvl8yq1qVE+pw1GNWsfPfgO8n1L+2Ncgg+zXF1/z2/5ZV7h+yN8YINS16Twr4j8ry/+WMtfP958TtC8beEpNb8Kj7NHazfvv+msVSfBPXof+Ejk1acyRxy/vbOvifrNb2x7f1U+pPiFrHiPQYtQg0PVftNv/rP+eldh+z34xsdY8EfYdV/dXEUP77zq8X/Z0+LXhy81rUPDniOx828/e/8AbWKvXLPXvhz4bsJBpUH7z/nlNRXxNZGn1aieqeG/twljb/Vx/wDLGWu81iaDQdFjJ/e3kv8Ay1ir4L+JH7dWueFZbjS9K0O5/wBFm8v9zXqn7Lv7bGh/E7RtPsfGM9zbXEs3l/6XDXrZbxDSt7KoediMrlU95H0x4b1G+szJP59XJvidANQjgn8Nx3Plf8tpa3NN03wPr3hL/iVeI4vM8n/llXP6Do8+vTSWNvBF+6/5bCvb9pR5PaUzyUq0q3s5nceG/Deh+JbCSCCD/ppVe88Eizv/ALCIP3dbHwxm+xy/2VPfW0Xm/wDTavUIfB+lTxfv182SuaNKGL/iRPUpUZ0djx+bwHY3kXn2Nh5VxF/y1qn4w1Kx0ERz+IoP9V5X73ya9YvNAg0e/wDsNj/q68/+MHg+317T5LCf97TVCrg/4RnV9jWX7wz4fiF4V16WPz/EcVtVfxtN4Nh8OahP/ZUUkcX/AC2h/wCWteJ/8M0X2vX/ANug8VXNtJFN+5i86tzxhoPxN8K/DS80SG4+03EUPlwzTf8ALWvRwmKrVKUlM8Wth6MT5r8B/HP4p/E74v654c8K2NzbWdrDdf66pLLUvjtZxSapq3m/Z4v+/teseCbzwro0Mmq281lY6xFD++83yo/NqxqXirVbuLz9VsovLl/1P7mvmMTjsTSxPIevhqNKpRJPgn43sdYsJJ9cg+zSf9Nq7jQfIh1STVbG+ilklrzMfBnxx8YPBtxofhaf+zbyX/ltXz3ef8Ezf+CoWg+PI9V8HfH6yk0uKbzPsl3X1WW4uvKmfP4nDpVj9ENN1KCGWOCCDza6T/hJILPy7Gf/AJa14/4D+Ff7Rnw90GzvvGJ029uLWHzLzypq8r17/gqt+z14V+L/APwqT4jarLpuuRfu/K8mvqY42l7G1Q8Kthq3N+7O4/4KWaMPEnwguPsOk+Z5UNfnX4Dm0ObRpNKng8qT/rjX6meCfGHhz4neHJL7XD/aVnLN+5ilhqnD+x/+z1r3mX3/AAisVtJL+9r5nNcpo46PtKZ7mW5nWwkuSofC/wCxD4k/sf4g/wBkzzx/upq/SjR9eggtbeee382P7HXzf42/4JgG98T/APCVfCT4jxaBVi8n+Kv7Mfw51DxH4y8fxavHYWcv+l/9sq9fJcE8JSPLzTE/W8Sfif8A8FbvjNY+JP23PGl9b/6uwmlj/wCuVeD+FLM+EPAf/FAD/iaazN5fk3c37qWsD9ovxbJ8cf2gfHPijTbiTGra95skuf8AW/vq9H+G2m+Ff7e8Hza5pX2n7Lef8ek3/LWWt8batVPsMhw1OjR1PrT9lf8A4THwH8B7jwP8RvEepaReazDL/wATDSbz7bFa/wDfr/VV8j/tOfsr/HfwF430uDxV4/k8W+bN9ps/9Ml/dRf89Za/VjQP2Or7wT4S0/XPhXoclj5sP23WLTUZv3Ustef+L/2e/A+unxJ8MoPHGkWPijRtNutR1iaWbzYr+XyvNi8r/nlXF7T2R63NyVT5f/ZR/wCClfxi+J3hDxB+z14jsZJNQ0uz/wBDmhs/LisIoqufs3wjxh+1z4f1zxHBH9s87/llD5Uv+trl/wDgjn4l0q8+MnxA0LxxpPm65rPm2UN3DZ11Gg6lP8Gf269HvvHEH2GSKaWP99/qpYv3XlV5uOoKrG5vGrR9nM/oI8OXcFn4Ss4PI8uPya1LPyNYi8iD/VxVzfgnXrfx58L9H8R2P7qO6s/9TFXWeFfI0fy4J4P3nnV7WWaYSx+Y51/v8ZHxP+3T/wAFf/hX+wr8S9P8AeN/Dn2m4v8A/UxQ15/ef8HGv7Odlo0d/wD8IDrctv5P/LKvkz/g4/8ACw1j9urwJb/Z/wDj6luvO/8AIVc1Z/soaVZ+ErOeCGP97D++ilhr5DO8+xWX11CB9VlOVYTFUv3h9aab/wAHLH7Hd5L5M/gfxJY/89pvsdfRH7Lv/BT79h/9q+HzvAHxU0i2vIv9dFrd5FbS1+T+pfsxeAJvMP2GP/vzXB6P+xn4Gllk1TSoLmxuPO/1tpN5VPBcYTS/eI7qvDGDrL90z+jSzh13xho3n+Fb6LUrf/ljd2k3mxVHZaPqtnF/ZWqwfvP+etfg/wDCv4nf8FA/2aYo5/gt8cNXks4v9Tp13NLLF/6Nr2zw3/wcCft+fDHy7H4t/s6W3iC3i/dzS6dZ/vZa93D8S4PE7nlVOHsRhvhP1shvPscsljDBJJVOGa+m1Tz/ALD+7r57/YW/4LGfs2ftaSx6FrnhXUvC+sf8trTVofLr6o0b4q/ArWNSjg8PeLLYyS/8spZq3/tHBc/8Q4/qGMv8BqWcM82jZnt68z8YTar/AMJHHBBb/u69Y1jz54ftGhz/ALuuP1KGxh1Xz/I/eVrVoLGRMaXtaNbU4uaz1XRpfItvMruPB+vG9tbeC+sfMqxrEME1r+4gqvoMMGmxeR/y0lrDDZQa4jHHm/xO8EX01/ef2HB+8qT4e6d4js/C8djfQf6RFXol5NpUN/5E8/7ypJtSsP8AX2MEXl120soSrGf9pfuTy/UrL+wf9O1WD95WHqfjWCGWtT4z+NvOuv7K8jypK8znmvtYuo8/8sq0rwVIyw1T2p6hZ6xBDF+//eVoWs2n3k0fkCvP/wDhJPJsJIIP+WVegfDeGDU9PjnNa4YyxJ5f8PbzwBeafHpWqfupIof9dXz/AP8ABRT4b2PiTwleXsE/mSSw+XD++qvo/wAZp/8AhM7fw5q1jJYx/wDTWtT9oTUrHWPDUcF9P5ccX+pr4DHYn2tE+vw2HdGsfN/wU+CdjoPg2SxvoPNklrU034Zf2dqlvPYf6u1rtPJns7Dz4J/3fk1oeG7OfUvDn+jnzfNr5r2Z7PtGYfg/wrf6d8R4/Ed/BF9nih/c+VXun/CK+FfHksc99YyxXEv/AC1rzvwroM0VrHY337r995legWkuqzzW8EEH7uKtfZIzqVTk4fgp4c0Lx7J/bkH2mOWpLz4M+G5vG9nfeHIP9Himi/1Vdp4Vh/tK/uNK1X97JW58N9C/sDXvs8/72P8A5Y141XBP2/7s6aWJ/cnsnwr8K6rZRRz+RL9n8n/UxV80f8Fp/wBuHXf2D/2d4vE3g0ix1zVZ/K02I/8ALWvs/wCCc3k6rHYz/vY6/N3/AIOlfALeOfgVZ6jMPLuLC8tfsdfYZVBUrOqzyZ0/aYk/IKX/AILF/wDBRP8At59bsf2jtXtSZvM8iHy/LH6V9YfsS/8AB0J+2R8MPH+kaX+0R4k/4SDw2JhHe3CLiaKL29a/MWLwJ4kupPLtLGSQ+gSva/2af2JPHXxV1KObVtFura086P8AeeV1r6PE4nAUKPO2elSwVWt0P67v2Xv2rvAH7UXwo074j+B7/wC0x3/lSebXSeMPIF/9vnr8+/8AgjnqV98DfCWl/CuCf/iXxeV/rq/Qj4s6lB/Zf26GEV83gM3jXrWkcONwXsvjPH/FWvT6D4y+3W//AB7/APPKusm1+fxV4Xkh+w20lv5PmebXl/iTxVY3t/J9ug/1v+prH8K+MPHFnfyWM5+zW/8A6Nr6DDVaT5+U+cqUz5v174b6r8VP2n7i+n+02Oj2sPl+V/qv3sVe8aZ4DvrPWceRJLZxf6muD8bfEmxgtZNWn0q5i/4mX2aGX/trXsngnxtBN4Os4P7WilkrwquHp1cZeZ6NKryUeQ7j4bf8U1F9ung8qSugh8Si8uvP+3yeXWP4J/4melyQX372jUpp4dU+wQD93X3+W4bD06CPlsdUre2O803XvJ/4lX+sjl/5bS1+bf8AwU4/Zjg8Sftm+C/H/hzwP5kcU376aGH/AK5V98aPqU83E/8Ayy/1NcP8Qodc16/uPIg824ih/cy1OPw3tJe4a4ev+6NTwppulWnhLT4J/wB1JFDF+6hroNNh/syKO+E/7yuH+H2m+I9S8OR/8JFP/wATCuw03z/ssdjPRgqVbY5sZ+8I7zUb77V58E8n/XGvnf8A4LGeMLH4V/8ABOfxh4x8/wAq4+2WscMv/XXza+lNS02CGw+3Qf6yvzM/4OfvjTceGf2HNP8Ahdb3HlSa9r0Unk/9Mopa7K8atFXMcrpQr4jkmfiR8CNWkvNZ1fWriLdJcLkH/pqZc19XeFf2evB3/CtY/GN9/aUXjCKH7ToPmzSxW0sv/XKvlf8AZ0s9SGk27xQGOOWaX99X3J8PviF/wlMfhfVfFXmRSaD5Xk/9Mv8AprXjTqS9sfpOEw0KUJTPJ/2hP2/P259el/4RyGxvdN/5Z/ZIYZYvNrj9f+IV7N8NNHvvAOuSx+JLqHzPGH9rax/y1/6ZV+oF58Mbj45WGn/EbXPDmm6tb2H7zTfslnF9qlr8/wD48/sIW/wf/ac8L654/wBU83T/ABHr3mTWn/PrF/zyrSdSizL6xF/EfXn7Fso0f4faH4q8D/CSOTR5YfN1LxDaaP8A6VFLF/rf+WVc/wDH7wpP+134kuPiML6LTdY8OTRXP2TXIfsNzLFF/wAtf3tfZnwq0Hw54D+CNn4c/ZWsPFF7Z2sPmf2tdzS/uv8Arr/z1r5n/bM8E+P/AIk6fcHXNKjvfEGqTRRza3pMP2aK183915UtHs1UOeFHmP0U/wCCb/xIg8VfAPR77z4rm3ihi/fQzeZ5tfRE0xlufPgFfk3/AMEVfiR45+APxLvP2Xvibrn+h+HPKtof337q6/65f89a/XSHTZ4bGScQf6395DXRhqnstD5nOsJGry1P5T8p/wDgrr4Dsvid+2v8P4L6x/0iK8l/9pV6p+054C+C/wABv2UJPip8Rpf7It7WGKP+0PJ/1UtZf7Y1nB8Qv2//AAfYzwfvLW8lr2T/AIKu/A2D45f8E8fEngEWP7u1+y3P/fqvFzHAYXF1v3gYCpVjT92Z+b/hv9oT9hnxpa+RZftQeFopP+nzzYpa9Q+G/wAPfgt42l/4oD4t+FtX83/n01KKvwG8Q2+oaLrF1ps0rh7e5kjYH2OKm0nxx4w0E7tD8UX1n/16Xkkf8jVUcowFNawPpYYbEqN4VD+ivR/2XfiBrF/JY6HBHL++/c+VN5tbmsfsQ+K/Kxf6H/pEv/TGv58Ph/8AtVftQ+GNTgj8FfG7xRaTvL+68jWJev51+0v/AAb9+Mf2+/2gPHniCf4x/FPVtS0rQYYvK/tP975tc39g4aeI5qZyY7E4vC0tZnr0Pwr0L4byx2M+lRx6hFN++/c/vap+Trn/AAm9vfeHL6WKOKaL/ltXkf7S/wC0V8VNH/4K8a58CNcnjk0uKGK5h/8AItfQnhuCDWPGVnBYwfu/Or854hjicLnlOlSPosorRrZb7SofeHwf17VZvhdZz3372Tyasal9nh/fz/6yo/AcM8Pw9t4P9V5UNVzd3F5DJ9uNfr+UwrQwa9ofA5pU/wBs5aZch1iDyqkmmE0Xnmsf7HPNKa0If3N1bwf89a9+lUXsTzKf8X94cf4k1if+2ZL63q5pviSf+zPPngqn8SZrHR7+O3P/AC1m8utyHwrP/ZcfkVz06v74KlI8T+JE0+vazJPBY/vIqp+A9B1XWLDyJ7GXzK9s034e6V5sk99XQaPpuh6DD+4sYq1qYb2pnSqeyPK/B/wNnvLr7PPBLFHLXcaZ4P8A+EJ/cfaP3ddBNrHkf6iCs/Xpv7T8vz67cNgjmxOK9kfA/jXwTpXxTit9chg+zXEX+pmqv8SJv7etNP8ACt8f3kU0Xnfua+hP+FP2N5pf/FOzxyx/9ca4vxt8H4P7BuPEf/Lxa1+SY3DeypH6RTr+1rHkev8AgOx021knM8Usf2P/AFVU/hX5H/CLxwwHyrjzpar+G4b7xUbiD+1Y/Liml86rEOg32j3Uf2H/AFf/ACxrxKVM9Y6CH7dZXXkX3l+ZF/qa6Dwr421TV5v7KnsI4/8AprUf9jaVNo2n318f9M/5bRVHfQwaxaxzwf6N5U3l+TXd7I5y5oOsf2b48+z3Fj/pEsP+ur1zwfo/9pXXn30FeP8AhyG+0z4jf8Tz/V/Y/wBzXsngia+8r7FXNTp2rGh2ng/xINB8Wx2MFxXyn/wXa00fEP4aaXofkeb++ikm/wDIVfRGjzf8V59urh/29vh7P480G3ngg/1UPmUZl7f6t+6FgqtGliv3h+Ufg/4J+B9Ouref/hB7aW8/6aw19YfDH4b2P/CL+fY+HLa282H/AJYw1z9n8GfEUN/9usdD82vcPhXZ30Og/YdVsfs0nk/uYa+Jis2q1PZzPp/7QoUoe4d5+z34V1zwTLpeuQWP7uvrTTfipY694c+3X3/HvFDXiej6NPefDT/Qf3VxFDXefCXR4Ne+Glvpc8EnmeT++r63KMulT3PjMyxTrVjl/FWsaV4q1T+1rH/ll/qf3PlVz/iP9pzQ9BtY/A/jPQ5P9d5f2uKGu08VfCWfwpZx2899H5lc342+Bp+J3heTyIP9I/1cMMsNfUV6dSnR/dnm06tL+GcHo32HxvoNx4Ovof8AR5dS+0wzf9Mv+utbmj+G/Cuj6pHoeh6r9m8r/ptXQaD8DD4c8JR+BxPFHeRfvZpfJr4//ac+Knir4V/G7R7HStciit/O8u8/fV58fbRrQ5xVf4R+lHw3hnh8OR/Yf+eNWIc3l/59zb1h/AfUp9Y+F+l6rZf6TJdWddgbO4+y+RBY+ZcV+iZal9WPlMZf2pj3nnw3/wC4/wBXUf8Ab0Gm3Xn/AGHzJPJ/11aGsfubDyJ4PLk/5bVy/ja8+x2H2ix/e16ftKKXvlqH7ksWd55GoSX0B/1tbEHn6lLjyK5/wtNP9l/06Dy5K3NH177H1qKVSic2MvSpFyH/AEOX7DcQeZX4Zf8AB1j8W4Nb+K/gP4NaVN/x4W03nQxf9da/bn+0r3Ur+484+VJFDLJ/36r+cr/grF4ih/aQ/wCCtl5o2q/vLa3MUVc2Nqnp8N0qdWt7Q4z4P6bYeA/BGn6HfQR/aJZopP8AU17BqXhWDxtqkk/ji+ubnS7WHy9N/s6H/wCNVxfxm8Ez+D9Ut/sPmeZa6bXafsT/ABO8ceJPhp58Hg6W9j8nzLy786L97+9rxf8Al8fo0f8Adj6g/wCCbPxa8Yz+I5Ph/odlFolno037ma7s5Y/tUX/bWj/gsjo/w/n+EFv8W/GPm23jCw1KL/hG7SH91FdV1H7OviU/E7UPIvvCut+XFN+5+1+V/ra8M/4Le+JfEXxAbwX4K+JMMkhsNXtorP7KPL8qEyxCuhYejfnPA9n++PT/AB5/wUn8f/s3fsR6HpXgD4t6JY+IIoYo7zSdJhi83/yFUf7PfxU8YftLfC7T/jh4q1yS21S6m8v+ydRm/siLzf8Anr/01rtNN/4Jg/sq/Fv4QfD/AMY32hxReILCaL7HFaTf63/Vf63/AJ616R/wUJ/4Jp/Eb9ov4BW+l/CvxVY6TrGjWfmTWkUP2b/Vf88vKoqUzWniaVL3Dw/9mn9qjQ5v2q/+EA/aM8DyaB4g0vWIo9Bu9E03/Qb/AP6ay3Nfs5eakbTQY76ef939j/57V+Qf/BKL4M2OsfDm8+Enx3+23vjjQdSlk02XW7zzfK/55eV5tfoR4D8Y+KvB/wAJfFnhzx/fSy6hpc32maWX/lrF/wBMq0p03T/eHlZp7N4c+c/Cup6V8Wv+CjtvY6V+9+web503k196eJPB1j4w8Eah4F8R2Pmafqln9mvIYf8AW18H/wDBMmz8HeNv2x/FPj/Q/wB5HLd/67zq/Rz7HBDdR/8APSubDL22L988KScMLemfyp/8HB3/AAT48H/sH/tcw6P8NronR/FVj/aVraf88ecf1r58/Zc/Yw8Y/tAXduum6JeSxyy4zBDX7Mf8HUn7Jc3juy8O/tExSRCLQbSKyMf/AC0l82Wn/wDBG34HaJ4c+E2h6vDZfvD/APGq9aFCCcpT+E6K2d1/qUKNL42fnx8Z/wDgkF40/Zh+Glp8atTNzF9kmEphmT3Ffsv/AMG5OjXF38ANc8Y35/eX88X/ACy/6ZVzn/BYjSYPEH7LGv6asOPslp5ua9K/4IG6adB/ZShsjb+WcRV6MsDShg/b0z5ylmmKq4/2VeXM0fHn/BU/wr4b8E/8Fa9L16w0r/iYa9DL53+f+2tfTn7NPhs6xr9nq08Hlx15n/wVm8C2rf8ABSDwH4tmg+eXzY//ACFFX0x+z34a8nVLMCD/AJY+bX41mlL2/EcD9QyqrfLpn0RZ+RZ6LHDBWfqUMH2WtC9h866jqvrEPky+QIPMr9Uw1P2WGPg6tX/a5mXZ1c0yaxmuo4J/3UlWIdH86L/UeVJ/zxrH1LUtL8N3P/E8vvs3m/8APauqnOj7MxWHq1a1zL+MHgSfWPL1WD97H53mebVjQfEk+sWHkQf6uL/lrW542+JHgbw14X8/7d5n7nzPKrwv4e/tLaT8Trq88OeFtK+zeVNLH51edPE0qVY9H6tVsewfv/K/f1JzFDXP+G7y/mi+zXH+sircmvM2v7+vWpYn2p51Sk6ZHNefvv8AUUv2y2/un86fDDYzf8e8/wC8rPhhn82SvRpYk4amGv8AxD5n039pzw5o9/HBB9mj/c/6rzqr/Fv4y2Fn8L9U1XQ7fzbyWb/VV8t/s0/BPxxrHxf8/wAY6rJLJ/q/9T+6r608Y/Bmx8N2EkMH+kxyw1/PtXE5hioH6/8AVqNI+I/2V/jxfax8UNU8D31h5fmzSyV9af2CdNijsb+y/wCWPmedXjfjz9le/wDB+vW/j/4ZW8f2iX/Xfuf+/tdpqXxO8V6Do0f/AAmMHlW/k+XN51Z0qdakE/YnQTfYZtV+3f62OKb/AJY12h8B+HNetY9VsZ445P8AnjXk+j+MND1iKzn8Kz/6P53+mS16h4Vs9D0eWO+nv5Ja7adSsGhX0Gz/ALY1ST7db/6r/lrXaeG5r7RtVx/rKzzNpdloN5qsE/7vzovJrQ8K/bprD9//AKyWGtDP9ybkN39j8RR30/lVqfE7z/iF4bjNj+88r/pjXl8PiqfUtZ1Cx8//AI8Jq9U8K3k+m6XbwQf8ta9LBUvbHDUplfwf8MfDk1tHBcaVF5n+r/1NU9T+ANifFMk99/q4v9TXqkP2H7LH/oP7z/nrWXqV5falr32Gf/V13Symjuc317/l2XPBXg/w5D5dj5Ncn42+Klh8Mfi/pfw/sbHy5NUhl/5Y/wCqrqIZp/Dms2/kD/W1y/7RXw3nvPFuj/FvSv3txYVv9V9lH92c06qqPU5/4nfGaDwfrMdjrljJfRy/8tZv+WVbngf4/aVeWEmraV5Uf2WrnxUm0K88B3HiM6TFfSRQ/wCp8mvI/Cuj+BtY0b/hJLG+8qS6h8z7J51fNVauLpVj0qeGpVKPtIGp8cv2tPB02q2/hvwPD5muX/7uaWKH/VV8/wDxB/4In/Fv4869J8VNc/aFltrj/j5htMRSRRV7x+xz8MdK03xjqGq6rB9pklml/wBd+98qvpDWJp4Zf3EH7uvp8qwqxWszxMTU+qnyv8DP2ev29fg8LjQ9K+MWialZ2tnFHpvnQ/6quss5/wDgpd4b1Tz/ABToXhLUreL/AJbWl5+9r2jUryfTb/yNKn/0etzwtqN95vn30/mx19JHDVYL92eJUxNKqfn/APtB/wDBTn9pP4YeMv7E8VfALV7az87y/tcUPmxV9IfA34zar8QvA9nqt7oflf8ALSbzYa9M/aWh8Aa9oNvfeI/DkVzHF+7/ANTXN6FZ+FNf8ORweFIPsXlf9NqwnVan7Ooa0v7geK9Yn1I/25pI8u3rU8E+Jbe8uo/tFj+7q5/Y8F54c/sqxnj+0eT++qvDpv8AZujSX0H+sihr1qVNRonLi1efvB4w1L+zdL1i+g/1kuj3Xk/9+q/mK+LfxJk0L/gobqHxT8VaXeyWq6v5bHyea/pt8baxoemeF7jXPI8qT+zbqP8Aff8ATWKvyvX4S/s1eN7nxhrnjHw3YyXF1NdRwzTf8sv3tXDLqmNpGmX5hTwNU8r+P3hvwd48+EEfxi8AeVeyRWf/ABMoppv+WUteN/s669Y/DfRY9K8D38ltHfw+XZ+b/wA9f9bXk/xb/wCF4+FdZ1D4f/DLXJP7LivPMh8n/nlVPTvjZBNa6XNoUEseqWv7vWIfJr57E5bWwlblZ+lYHExxeDuj9VP2Of2ivHOjxx6V4j1zRP8ARf8AUxfuvN/7a15n/wAFwtdgm+F/huxuNJsbnxR4o8SWFtDq3k/8esXmxeV+9/5ZV4n+z34P8HeKvG9v/wAKy8HeIJPEF/D/AKZq2o3nmxeb/wBcq3P+CtHhvx/Y+CPCfxa8VX8f/Eh1LS4v7D8n/W+VLF+9relT9keRU/jH0x/Zvjj/AIJR/CDwv8RvH99/ws3T7qGL+0pv+PmW1il8r97FXqnwx/4KNQftpaNHffsvWN9bafaw/wDE4m1y88q5rj/G2u/Eb9q//gmTeX3geCP/AISSwhlkvIpbPzYvKii/5ZRV5P8A8G/epeBtS+EV5P4p8LSaT4o/tKWy+1yzeX9q/wCWX+qrt9mFfD+1O88B/tpfCTxh+1BZ/B3wdYyW3xAi1Ly7yaaHy4vKi/6a1+gHxO8H658TvhBJpU99HbeILWHy7y7/AOWV1a1+PfiX4J33w3/4K+ahY+DoZbnxJF/pM13afvIov3tfqpeePPFR+Dd5Pqvmx3kWm+XefufK/e0obHNmOGhDCnj/APwRz8LWOgftB+ONKsf3dvFqUvkw1+lk8PneX5E9flx/wRgmvpf2m/iJ/bk8ktx53mf9da/Sv+3v7Hl/06D/AJY15NCpbFnjShD6tyHxX/wXi8N2Hif9n7T9K1tI3t5b2Lzv+/sVeX/sW6DpPg/4X6fB4c/deV/qf3NXP+C5n7Tmk3fw50/SNI8OS6lHFeRed5X/AF1o/YbhsfHnwg0vXJ/FVtpPmw/8ek3+tr62ji8vlR9nVPlK2GxlPEc9I9Q+J/gmx/aE8Bah4b8cWEslndQy+d5P7rza9A/4JX+GNC8O/D3VND8Owf6PYXnlw1JZ+Cf7N0aSCxvvtMcsP+thrtP2CvAx+H/hDWLaeEjzdS8yuvG16FPLuSl8Jz5bRrVc0/ew94+a/wDgqfo0A/aV8H63BYxf6LN5k00v/XKvYP2ddf8AC0NhGL64ji82GKOH99Xk/wDwVth0y7+OPhebXrKX7PFZ/ufKmrxPR/B/xivPFlnfeDNcuf7HtYftM3neb/yyr8lxmHU80jVgfq2X/u8JOkfpJN4k0qa1ksdDn82SKuX1jxhPZ2FxPPY/vIv9TXif7Gfxtv8AxLf65qs/+k28V55fnf8ALKvoDxheWGpeHJL690qL7P8A8sfKr7WGJthj5t5X7TEc54v4P+OXjjxXrOoT6rP9ms7Xza0NY+GN98eLD/hI59dktrP/AKZTeVXk/wAVPG08OgeJPDmhWP2a8lmijs/+mvm/uq9A+A/jDVfDXwqj8HX0/myWEMXnV5Htq3tj1aWGpIp+G/Ad9oNreWPivXJbmzi82PzZpq9A+DPwx0PwHYefocEUskv/AC2mhri/iF4b1z7BcT6FPJ9jv4fM8n/prXafDHXr+bS7Ow/6Y+XNWXtL1jp9lRPSLOz8OQjHkf6R/wA9oqy9ehsZpfI+z+XWxZ6cNNljMFYfiqacfaJ4DXv4aXs6J5tWlR9sRwTWOmyf9M61LOax1L9/b1wfhXUp9Y1CSGf/AFkVdpoJEMXkTwf8tq6sNVPIxNI+W/B+m2NnfyarBpUUUfnV0msalcTRf2r5H/XGsPXpp9Bi8iD/AFdbn9pfbPBsd9XwmHwlHnPs/bORy99r39m2H+o8vypvM/1NSal/wivjzS/sN/ocUlvLD/rfJos4P7euv9P/AOWVZeg6lY6br8ehzny46z+rUfbCxFQ0PB/7K9jDpVxP4cP/ACxrD1j4V/E3Rpf+en/PGGvoj4b+fpvl28E/7utTXrODTdZj8j97HLXbSyuFQ8+pjXTPC5tN/s3QvI8V2MsVv/y2/c1yY/aQ8G2ZuNKn1WK2kis5Y7P99X1hr3gnwd8VPDknhWeDypJYf9b51fl/+0h/wQr/AGttT+KEnjH4O/HeO2t7q88yG0u5vN8r97/11oq5byfAY/2ieqaD8T9K8H3N5farfebcap5X+tr6I+DPjabxJotvfX1j+7r538bf8Eqfjx4J+Dmj31x4x/tfxRa+V50MU37qWWuk8bWf7YvwZ8OWcGhfCS51vyrOLzotOqKOBlRftBf2ifYFnrHkw25vj5UddJZ6PpV5defBPFLJXw/4V/be8iaz0L9oXRLnwl5v/QR/d/va9g0H9t74LaPaSQf8JVbfvf8AUy+dXq0vZWOf2vvHqnjDUv8Aic+RP/yyrYs9S0rUtL8i4n823/5bV43D8ZvB02lah4qvtcil+1Wf+h/9Na6T4G68dS8ER+I59V823/e+dXN7a1U6eWlUNDTbzwrqWvah4UsIPKt5YZY6+f8A4qfCvVfhlqEk/hWf/lt+5r2TUpvI8b2eueHLHzbe/wD3c1aHxU0exvPDsk99YyeZFD/y2r5zOPbfxOQ9bBv/AJdlP9nWYWflz31j5dxdQ/vq9k1K8hhtfsNfOf7N/jf/AISS6k/0eX7RazS/uq+iLPTb7WLX7dPBLH+5r3uGavPH3zyM3pa+4c/9t+2SyQQQVc0e8ns7qqYhg0y9uLGCf95Wp4bs5/3nn19lTqrm5T5yphjk/wBpyaf/AIV9ILG38yT/AKY14n8DdS+I3iSWSDxHY/Ybfzpf+W1fSnxUhsdH0GODXP8AVyzV5n4k0Gx1jRpJ9Kg/0j/V/ua+RzOry4o9rA4a6LmozT+G4reCx1WKST/rtWfeXniqH/ia+dJ5f/Lao/B3wr0rTRb3995v2j/ptXpGnaDP/YsljfTx+X/yxr0qGKq8sTnxWG9mz4z/AOCtHx/8V+A/gZ/ZXhXxHFpuqXXlRw1+Vd7r3iPR/Df/ABVXxGub64uv3n2SH93FX7aftUfsffDn9sDwxeW8ENtc6hYQ+VZzTebFLFLFX45/Fr/gmP8Atpal8S7zw54d8G6l/Z9rN5dnL5Ne5SzJ0aNzLDYHDzfvnB+G/F/k6NcTwWPmSf8AkWvE/hL4k8OeG/2n7zxHqulRx6XdQ+X5U0P/AC1r9EPgD/wSA/ah83/iqoP+WP8Ay2h8qvj/APao8BeDvgn+1/b/AAy1bw5LLeWsPmfuf+eteVWzb61P3on1OXOlh1yQPrT9lf4kfB34S/Eb/hKtVnkt7i6m8zzf9ZXsH7VGm/AH4qfDTXPip8RtV/tfwvpemy3M013NFFLFfxReba/uv+eVfm/8MfB/iP4qftQXHg7VdcuYvsE0VzDDFN5UX/XKvqD41/BT4q/F/wAH6N+yL4A1yK2j8Y/vfEk03/TL91+7rGOJpe0O2tg7/vD2z/gl3+1dBo/wg+3fGKeO2t9Z1i60mGG0h/5ZSy+VF+6/65SxV0n7aWm/DL4MfD3UPib8CNd03SdQ8Jf8sbSaKLzZf+uX/PX91Xyf8DfBPxU82TwB/ZXlf8Ilpt15Onzf8tZbWL91L/5Crwe8h+Jvx48Uf27qviO5/da9/wATjQ5pvNluv9KrovczVI+nP+CXfiT4x/tF/tXyftpfEa+jjs/Oi+2ed+7l/df/AL2v1Y1LWP7N8XRz65+90PxbZy+dDL/yy/55V8T6D8H5/hvqGn6V4O8Kx6Jb39nYXM3/ACyl+y/62vpT48fEjXPEnwC8P2Pg2x+2/wBjfvLzyYf3trWtKxxZjL2lP2Z4f+xP8T9E+A//AAVt1D4Y6rP5ej6zpssln/11r9dLwwQj/TreL97/AKmvwH/aWg1T4b/tQfD/APaT0meTy4tSij1KWL/rrFX7efD34waT8YPAel3+lT/6ZdWcUlefH6v7f3jzpUvZ0Sn8Qvhv8HfGE8lv44+Fek33/TaWGuP1L9hv4R3ul/bvA9jHokn/ACxhtP8AllXUeMPEljpt35F9/wAsqk03xJb/ANnZsZ/N82uyrh6LXuHm060VV988DvP2b/2vfCstxB4O+O/223/5Y2l3ZxV7v+y9r2u/DfwRJofxO8uTVIpv300UNaOj4m/cQf8ALWtC8mg02L7PPWfsKzjYlVKMantKZ+b/APwVu+J/xN8S/tGaPrng/wAK31zp9r5Uf7qH/VV7R4J+J1jD8L/9O0qWK4l0fy/9T/0yr6I8bQ+B9Sv4/P8AB9lc/wDPaaaGpIfDfwrvdGkgHhyKL/rtXk1Mtl7b2h6VPMj4X/YP+JFjoOn+IPB372WOK8lkm/7+19UfD348QfEK/t/B08FzFZxfu5pa6D4e/s6/s56bdXGq6V4ditri6/1377/W1sab+zroepX9xY+Dp/7Nj8mvR9l+5MqeJq+1PE9S8E2Xjb482c+htFJp9hDL/aX77/VeV5XlVl/Df4haVqXxk8WeB9KvopJJZv3MMNdR8Pf2CfH/AMH/ABlrGPiN9pk8RzSyed50v7qvlfxt/wAE/f25/wBlH9qC4+NHwd8VS+JLPVJvMvIf+eUX/TKvKqKXtj0qeJP0A02zhlsDod9pXl+VD/rpqy/DfhuDR7qO+g8yP/njUfgnxtB480azsfEc8v8AbkVn/qf+mvlVoeJNSn0GK3n1WD/lt++rf2fsf3hFOp9ZZ0n/AAkl9DdRwX3+rrQms4Lu1kvvsX/LGuP0fxIfEkX26C28qOKuk1nWP7N0aOeC9j/e13YLE0apy4nDW984PS7PyfFEk9jB/ra9A03yJpY/Orm4Zv3sk8Fblnef6LHXrUqZ5FTc8D16zsdStZLG+sf3kX/LauX03Xp5rW48K+R+7ihr2T/hA7G80v8AcT/vKx7PwHY2eoSW8MEfmS/89q+fqYGrSPbp4qxwfhrUoIf3EFj/AKRFXF+PIbDTPEceueIoPsP/AC0hr3yz+Fdvo9/HP+68yWvG/wBsHwSPjBFH8ObC98rUP+mU3lfuq4qmGZr9Z9sZ/wAJf2rrfxhrWoeE/CtxL/oEP+u8mvRLP9ovw5Z6Ncat4i83/Rf+Wv8Azyo/ZL/Zd+HPwN0Gzt/I8zVP+XyGabza9Y8beA/hzrFrcaVf+FbaL7VD5fkxQ11UaeIOV1KKPN/hv8ZvDk2oSX08Esscv+pmrvPFXxOPhzwnH4jt54pZPtkUcP8A21o8H/CbwBD/AMU5Y6V9mj/6bV4f+0t4V8R6D430Pw3B4il8uXUopIbSH/plLXR7Kt7Uw/c1D3D4qePJ9HtrfxVB5svmzfvoa2PAfxIsfssc88/+kf8ALH9zXn+va9qv2C3sfGNj+7irn7PxxY6Zr3kGD/Q/+etdtv3JjOhT9oZf/BSD4O/Af436do9h8YbKW2j+2RSebpJ8uX/ll/zyr3D4Y/s6/sy+CfhVpfhXw54HttS0/wAn/W6jD5kteT/E7wf/AMLO+z32qmK+jtZopIYq7zwr42vtB0uOxn/d28UP/LauKkv3p1fuvZHUeNv2S/g58TfDf/CK6VYx6bHFD+58n93X53/tLT/te/s9/tfeG/2bPg7ocl94b17/AF13/wA8q/STwT4x0m8v477z5ax/i0YLP4jWfiqfSraWOKHzPN8n97XbUwKOanUPF/iR+zT+034W8G2+q+B9Vjubi1h8z7J53+tlr5X+IXxg/wCCjHw9utQvvib8Ar650v8Ae/Y/sk3m+bX6cHxX52jf8JjYz/u/+W0M1efw/H+x+JF/ceFIILa58qb/AJa2cVedicHRrfu6h006tanqfm/+yX+3V8YtHutQ8Va5+z1rcf2WaWOaGHTZZa+6P2b/ANtK++M3hy4vv+EH1LTfKh/fRXemyxf+ja9k8N2fhXw3Fn/hFdN/e/67ytNiqQalpVlf+f8A2FZRW/8A0xs/KrWjlf1el+7Mp43/AJ+Hj9p+054A0fxRHpXiOC+jkupvL/e2cte0aPNBqUlvNY/vbeWqevaD4H8bWsl9rnhy2lji/wBTD5MUctWPCk39m3UdjYwf6PFXbh6damjmq1Fynnf7b3jzQ9H/ALD8HwT/AOkXU0UlY/wqmv4fMmvr2KKOX/nrXm//AAU48N+P/wDhaHhPx/4cgk+x2v7q88qGrngK81XxJo1v9o1yS2/67V8HnEsZ9dufR5Z7H2J3HjDUtc0e9/tf7b5lv53meVXSeG/i0PFVhHBPbxeXF+7mrzv4kTXw0HS54J/tNxazeZ5P/PWu0+EujwTaX5/iOxito7r/AJZV6eGxMo0dR1MN7Y0PFXiTw5oEsc/hyeKO4lrU8E+ML+e1kgNjF+9/5bV8/wD7Ql5/Y/jKO3sp/wDVTRV2Gg/Fq+03wb5+r/uvK/1NdVPMPbfuzllhvq6PRPGHxa1zQdGvPP8A3klr/wCRa/nv/bH8YWPxU/4KCeJPGX2fy5LCzl/7+/va/bjXvEmueNvA+qa5Yj/VQ/8APGvwf8Vav537VXjiDVYIpLyWGXyf/ItafwjbKf3lb94fQHw9+EsEHg3wfqtvpcceuazDLezah5P72WKKKu8/Y/8Ajl/bHxp0PVZ7e2k/suaXTrOGaH/lrL+9qPw148sYf2afAfjK+/1mg6DdedL/AOQv/atc3+xl8AfFU3gjVP2hL++jj0u6s/tumzRf8sv+WVRThSufUVKif7s+kNS+IXhzQf8Agpj4X8HfYbby/EfgO6k/cw/uvN8qKvkv4h+D5/2e/wDgp3o/xwsdK/4pu/mistStPJ/5ay1nw/Ej4gan/wAFHPC/imDSrnUv+EX02X/VQ/6ryvK83/0VX1Z+058PfDnxm8EXHxN8Of8AHvLNayXk3+t+yyxf62uz3mv3Zn+5pHH/ALY37VFx4V+Ktxqthfeb4f8AtkUmg3cP/LKL/lrFX2R4P+P3gD4/fsn+H/ib8FYIrH7BZ+XqX/LKWWX/AKaxf88q/MPUvDcPjeK8+DviPVf+JXqmpXVz4J8Tf8u11df88q9s/YO8K/FT9nf+0PhX4/sZIvst55dn/wA8rqL/AJ6xVphoVn7hy4unRqnWeK7zwr8SNYvJ7+xk8y1hlk+ySw/6LFLF/wAtYq+mP2P/ABv4x1L4GeH/ABxYz3PmeT++8r/VV83+MPCsGmy6xq0EH+qs7r9z/wA9f3VfVn/BLWH+3v2GfCehn91JdQ+ZND/2yrkr0mq3IcOJp0aVE9EHxg/4WFf/ANheRL9oi/ef6mvQPhjefuvInrHs/wBnWfw34jj8RwQS/wCprtPCvhuDTf8ATtWnitpP+m1erBKjRvM+Km3VrfuzoPCs3/E08ijx5PPDayTwf8sqNN17wro91+/vopJP+mNZ/ja8gvJfIgvv9bXRSxtE6aeBZ53NqV9Df+fP/q6LzWTN+4gFbmpeG/JsPP8AIrm4dSgvJfsMEH7yirJD+rWJNN1L7HrMdjB/y1r3DwefO0qPVoP3ckVfN+m/btN8b/v/APV19GeG5p4bW3/55y1xVMSdFLDB4vtJ4YpNd8+T/rlUfwx8YX2sS4ng/d/8tvNo+Kl55OgyTw/6uKsvwHeQf2NJfwf6yt6Lo1ZmtSn7I8z/AGutS0P4V6zpfirw5Yyx3F/eRW37qH/rlWf8TvCvxG8eeDP+KVvv9IlrpP2zNHgm8G6X4qvrHzfsupWsnk/9tYq2NR1iez0G31XSv3X7mKuPMKftf3ZpgtKp538DfBHirw3pX9leM55JbiX/AF1WPG+m+I9N1m30rSoJfL/6a16p4VA1KKO+voP3kv8Ay2rl/G2pT/8ACUW/nmngcu9iZ4nE+0rWNDw3ZzwafHb3x/eeTVyHyPNovfP8r/R6ks5vJ8v9xXv4an7I8fESXtDn55rGa18+xn8qseGGeC/j/tWf93LXmej/ABs1y88Sf2HPZSx/88fOqxeal4316/j8+b/R4pq8n27+A9P6sekalDfalFeQT33lR2v+pr53+Hvxa8C/EL9pHz5/N+0WFnLZV7xNo974qtY7eC+8uSWvG/hv+y5/wqv4y3niqxgjkkl83zpq82tTq+1O2n7Gkj2DUvDd/wCG9Uj1yx/e6hL+7m/fVcg+J2h6zqlv4cvr7zNUtf8AXWkNV7Ky1zxLrNxqtlrkUknk+XNWf8PfhjpVl4ok8Y+JIJYtUim/c3c1elhvcpHHUp06h6RZ6xoc0scFlceXeeT5kMs1cP8AFr4b2/jD4g6Prl9PFH9g/eVYXw3P/wAJ59unn/d/8sa87/be034xab4c0/xx8Mr25lktby1+2Qxf88vNi82uiocB65No9jr1h5F9+6j/AOWNcXr3wxsdM8uC+g8zza6Twd8TrHx54Ss57HSo/wB1Zxed/wBdaPEupa5Zxef/AGVHJ/zx/fUU5mhX8Nw2GjxYmsKr+MJvthjgt7GrnhW8v7zzPt8H/XGo7WWea/ksb4fvK19ka1Kv7oufCW8/s3XvIvv9XXQftO+MdK8E/Ba88f38H+q/dw1535PiObxbHYQfu464f9vbTPiL8WvgZceAPAF9LFqH/LGssbV9lRM8N+8rGp4b+PF9r3hLyL7VYtNt7qz/AHPnTf6391XB/BPxJB4V+INxb319HLcS/vIa8b/Zv/ZK+I/xO8G/8Ir4/wDHFzLrFrNL/wAtv9V5VdZ4b/Y5+O/gn4q6fP8A8JHLcx2E3lzf9NYq+TVWtVxJ9JTpUqVHU+7NGM954d86/g/6aVlzXs81rmetDR5r+bwvZ2N/P+8ih8uasub/AESWSxr63BVKvsT5zF0KdWtzFi01ifPkeRViz1KezuvP8+o4YYOtV9Shn+1fuK7jGphzY/tLSvFUUdj4qsYr6OL/AJYzQ1j6x8DfA+sTSX2leVbSf8saILz7HL/x71ch1iDyq5cTgaNYdLE1sIeZ/wDCpfHGg6pcTwXH26P/AJY+dWP4p/4Wb/ZchngktpIv9T5Ne4f29BeRcQVTM1j5Un26CKST/rjXmzymjUO2nmVU+R4dY1Xxhqclv4j0OTzIv+Xuuw8E+CdV16Lyb7zf3Ve2Q+GvCvlSeRpUcskv/TGjQdHsLO6/cWHlVOGyX2bDE5l+5Dwt4V0rTfhpeWF9pXm/6HL50Vfzf/tL3ljZ/t2eLNK0pvLj/tLy5v8Aln/y1r+mya8g03wPeXzQf6qzlkmr+XP9pbWNC1/9sj4iarpU8vmS6lL5M0I/5a1ticNRpHTkGJ9sz2SH4qHwR8GvFnhzxxP5ujywyx6PFaf89f8Anl/5CruP2Mv20tK1j9g/xJ8JNdn+w6xa2f2bTYZv3UVeL/si6b4cvLWz8HfGLzdS8288z7JNN+6ir6wg/wCCfn7K+veGPEHjjXPEdzbf2zD5lnaWk3l+VXk1PY0j7en7I8j/AGKPHnirxt8eLjQ54L7Sf7Us7qO81aKH/W16J+3V+3J8CP2b/G+j/Aj4ZXt9YyWsNrJ4ku4Yf9bFL/rfN/8AIte8fs6/sr6V4qlt4Phlff2bHYQyx/6X+9ll/wC2tfDf/BVD9jSfUfHH9maHYSR+JJdSijvLo/8ALWKWumlU+wcNT97WPUPCv7VHwP8A2qNZ0/8AZs+APgDTY9L0H/SdN8Q3c32aWKWX/W+VXQftFftF/tNfsu+F7zwr8VPhXfavp+l/6No+uRQ/vfK/56+bFXkHwF/4JreOv2TtR0v4g+LNJk1LzfK867s7uWTyv+2Vfov4k+OX/C4P2X9Y8AeI9D03X4/sfl6PNNpsUVzFX02BwKnR9occ8TClW9mz5L+DP/BQL4O/tReDY/AGq+I4tN8SS+VbQzf8svK/55V+tH/BP/4VaJ8K/hvpelXtvHJZ2tnF5P2T97X80/8Awo3Sf7U1yDwd9pstc0a8l1GGKGb91+6lr98P+CD/AMbPGPxO/YAt/FXj+++03nk/63yf+mUVfO4icPrtiMwp8sPaH3hqV5YiWODyPNt6+V/2nfid/b3xBt/Dfg2++zfZZv30PnV7B4V8Ta5qWs+Rj93LDXy/8c/BPirw3+0Rb6v/AK2zuoZfOrzeIa9bDUP3Z4GWKlVxEjuLPR59H8vXJ72SX/njXaeG9S/tKKOe+vv3tZeg6xof/CJ/8TWeP91XF6l8WvCs+p+RpU/mR/8ATGviqOcV6f8AEPq44ajyntFnr1jexSaX5/7yiL4e+dL9o0qvI/B/jaxs/iDbwT33mx3VfVHg+zsdNijg/wCWctfY5Vj/AK3RPAx2G9k+Y8n174e315rNv58HlyRVc8VWfjjUpY/+EV/eeV/rqx/2rv2l9K+GOs2/hyxsvM83yv3sP/LKs/4e/FTxxNDHDoel+bHL+8mmmrDGZnS5vZm2Gw94nqGm3ljqXw+k0PXL7y9U8n/Uy1z/AMH5vEcN1qljqtj+7i/1NdZ4J1KwmupB4jt4vM/541ualDYQS/8AEjsfK83/AF1eplv705sbU/dWOD/aum/tL9n7UL7yPL+yzRVyfhXxtpXjD4faPBoc8cn7mLzvK/65V6x490fSvid4DvPAGqzxeXdf66vN/gz+yVY/CWKOx8Oa55lva3ksn76b/W1tjKFbmObDVTvPCtn5NrHYz2Nef/FS7sdN8ZW8E5/eS16pNeT2d1HZGCvA/wBrnXrHwH4o0fxJez/628ijr1qHu0ffPLxNS9Y9Is5vJtf3/wDq6sQzQTSx+RXL/wDCVQalpcd95/7utjToYPKjng/5a16OCtUPPxC5Dy/wrDYzX8k+oaVFJ5X+pmrQ0ez+x3/26eDzY/8AljQJoNNtfs4g8qo/Dd5qt5LJB/yzrzvZH0FSoaGpalZabqlvcQT1Ym1iCzikvrf95+5/5a1x8EM95fyT3/8Ayym/c1uaxNfQyxwQf8tYayqUzq/5clPwHeT+Fbq4vs/8fU1dp9sg1iw8+YfvJa8/1K8ns/8AQfsPmR/89q3NH1i+s/s8E8H7uX/U1kZnUT6jcQxR/wDTKus0H+ytY8MXkF9BF5ksP/LauLh/4mV1JpU//LKtDw3rEJluLH/nlXo0v4R5dWHIeb+FdB8R6P8AFXVP+WWly2cXkw+T/wAta6yaDVdNiknvv3sf/LGug+x/bP8ATqsaj5GpWHkTw1hUjdhc4PQdSvodU/1H7uWus0fTNK1LVY4B/wB/az/sf2y1k8iDyq1PsZs/CX9q/wDLSKu3/lwZqreseb/Gz4hf2D44/tTSvNljsNNlj8mGuL8E/GCD/hHJPFXjHzfLlhl8mLyaj8H+MND8R+I/EAvf+vas/wASeA7/AE3XtPsYD/ofk/voa+Sx2JqPQ+jwOGo25jtP2b9Hn/tSTxHY5i82bzK941HWLHWNPkgnsfKki/5bV5X8H7KfR1j8mD/R4q6jWNYnmuv3H+rlrmwUm6p1V/4SOk0eGDUrWTz/ADf+u1V7yz87/ppVjwrN9s0aSCq93N9jPkGvq6HwngVPZe1CH9zFmrH7iaqf2z7Za1Y/1MXn10AoKqR/679z5FU4YZ4Zf+mdaln/AKrz6z5JvJlk8+r9qKp7EsQywQipPOgvKz/J86Lz4KsQzQQy/uDRSOJUin508N/92rA1P/So4KJrP/l+qvpv7668/wD55VqcuNw+hua9N5Hw51jz/wDoD3X/AKKlr+Rv48eIr66/aZ8eHQ/Mi83xJL+9/wCeX72v66LOEeJPBGsaUP8AWS6bdR/+Qpa/k0+OHh1PCP7Vnj/wpqEXl3EuvSyJ/wB/a8XNj6Lhb2fIej/s6+G/FVnpVvrnjiCS5vNU/d2eoed/qq+gPhh8bB8TrmPwRY+JNSis/DkP2bWJpv3fmy1j2d7osP7DWh+I7Gb7TeaDDL5P77/yLXqn7B/7JV9pvwgt/i34j0qW5t9ZhivZov8AnrFXh0qftHz1D72rZQO08K/tmeDrzXtPHhzxj5Uml6bLbeVNN9millruP2tP2rvgtefC/R/OsYr7xpLNFbXkMMP72KX915Vfnf8AGa8t/GHjzVIPgfYXMkdrNdSf2d/09RVq/wDBNUWvxH+Ndx4x/aJa+vtU87y4dPmml/1vm/8ALWKvUjUo2OKOEq1NaZ7/AOMP2i/jh4P1rR/Cs/jiLU/FEv7ubQ7v/llL/wA8pa1P2uvjNP8AA34VaX8YrHXNNi1iWHzPEmh6fef8vVSXn7K/iPx5/wAFGPEl9rs8WkW/nRXuj2k00v73975VeV/8FMf+CZHxD+Hnjmz8d/27c3PhvVPNudSilm8zyq9LCY6rTjynPUwtOVaHtDj/ANiXXvC3xs+JeoeP7+xubaS68N6pHDDL/qpf3UtfsJ/wQl0HSvCv/BPrw/P+9j+3zeZeRed/0yr8q/2dfhh4A1nwRcQfBYXNtJ4c0e6k8mWbzJf3sX73/wBFV+tn/BDeGx8Y/wDBPvQ4P7K/eWFnF53/AF18qvn6kva5j7x15zRjSwceU+oP+Fh+Fv8AhI457CxuZJIv3flRQ15/+0548+HM2jSaHfWEsXiC/s/+JbN5NesaB4W0OHWLe+t/3UleF/tFeFdD1L4+6Prl9b+b9lhl8ms+IqtGNGMD4vLcPbETmcX8FPgP4q8eaLcWOrarL9o8n/ljNXcWf7Jf9j6X9h/5af8APWu4+GOm/wDCK3/27SoI7bzf9dNXSa948vjfxwfbv+/VfFUo4V/GfSKrWR4f4V+A8+g+MvPvvN8uKb9zLLX0pDqMEPhfyJ/3cnk+XDL51cvN/wAT66t5/wDlnVf4qaxY+Ff7Lg1WeKKOWaL/ALa19Tl+Go06P7s8jG1XOtynzv8AHj9l34t69pd54jsdd8y4lm/0PzYa90+AOgeJPB/gjT7HxHpMX2iKH99N5NeoQ+MPCs9hHpU9lLc/uf8Av1XN+JNYns5Y7GC+riq5d++9odNLEctEy/7SEviiSexsfL/fV3lnrH2yWODyK5eazgs7q3+w/wDLX/XV0Fn50N1HOIPNr6HLac6aPNxEL+/M5fUvPh1m8voK1NG1ScxeR59R695H2C4/56edVjQLOebRvtwr1an704KfIaH9sWPmxwT/AOsr5/8A+Cing6fUvh9peqj97J9sik/8i165qV55Gsx/bv8AWRf8sq8X/b8/aK8D/Bn4VR+I/FVv9ps7X/ll/wA9Za7qEKlf92eTmWNoYaBofCyzvtY8LW8F9YyyxxQ+ZNXaadr3hs/8xyK28r/llNNXw/L/AMFYvA8Pg23n8KwfZpLqH/UwzV803H/BSXxprnxS8VaddX3lWKzf6DFLNXrYbAwonylXPb/ZP1Ghmt9Y8yCetTR9M/s26jgt54/MlrPt9MghtZBYwSxVT/tKez8yeG3/ANV/y2ryfZH3VTck8baZ9jtfIsYP9bN++rQ1KGf/AIRyOCeD95WP4J8VT6lL/wATWx/5bV0l74k0qE/8TX93H/zxrm9mdPtbUTDvJ2s4bfz/AN5/z2roBo9jPaRz/bvL/wCeNZ9nrHg68+0QwfvPNmrL17Ur6z1S3gg/eR+TWVKk7iqVbUfaHUeG5r77VJfQQfafKrD8YeMPCugzefqurR21xL/roa8b/ac/avg+A/hySx0u/kivJfK8n/trXx/428SfE34wRf8ACR+I/FVzbSXU37n/AEyv0fh3gytmtLnPyniPjdZbW9mj9LNB+LXgfUrTyP8AhI7b/v8AV0mmaxoepRefY6pFL/1yr8p/CsPjHR7WOCDxFeySf9dq9E0f4w/FTwr5fkeI7ny/+ms1fUYjw4nCl7kj5Kl4nN1feR+kFlNB5UnkQf62jxVqX9j/AA51Dz7H955MtfDfgn9tL4jaP5cGuT/u6+iLP9pbw58SPh9caHBff6RLDXyGd8J4zLcJzn2eQcaYPMsV7M+W/Ad74q17VNY1Xw4JYo7rWP8A0VLX1xpmg65Bo2n31/BHJJ9j/fV5P8K/Adj4V0v7F5/lSS3ktz++r2AC+1jS45576T7P/wAsa/HquGnPGWZ+14StR9gaHw91KeG6kgn/ANXW5NpsMN19ugWTy6r+CYbea2kg8itC8/1vkQV6mFwns5GeJxK9iXPB+sQTSyeRWhqdl9s/0gwVz/hv/iWyyQV0E037r9xX0dGlofP1Kpz/AO/h8zyK0NNm86w/f1c+xW/+v8jj1qPyYIYpMis6lIPaBDeQf6ipJoYLzmAVThhM8vArYhmMBj/cUeyCo1cz4dNnhl8muX+IX27QbXz7Cug17XvO1SOxg/dSVY16z/t7wb5/kf6RTCl7L2upz/gnXvtmg+ffVJ/aUEN1/o4rP0eaD7B5E8H+qqP+0oNS/wBRWNP2tKsPGU6bR6h4Dhg+y3H/AE1hlr+WH/gqjpFj4O/4KY+PNCht44o/7ai/df8AbWv6mvh7eGa1jht6/mP/AOC7Xhz/AIRv/grR44gvoP8Al8ikh/7+1z5n/BO3hqFqx6J8Mfhv4Oh0vw/4bnMslvqn/H5p/nfupYq/ST4ZfFrQ9B+CMfh34c6VbR6XoOm+XeadqMMXm+V/0yr81/gP4wg+JPgiTVdDsvsOoWFna/Y5Zf8AWxV9ua94J+EkPwBkt/id4ql0m4urOL7ZqMOpfZpbqvn8HQdRan6DjfggfHf7Gd54N8eftfeIPFXgjw5/ZtnLZ6z/AMS+7h/5a+VLXtn7MX7LHg7wr8WtY+P3iqxl+0apZ/ZtNhi/5ZSxSy18/wD7Pegz6D8S/wDhMfA/+k2dr4k+xQ2k372X7LLdeVLL/wB+q9w/au/bG8K/s3/tB+MND1Ty7nw3FefZvCsWn/62K6l83zZf/RVbSp00y8NUlTpFP9qnx3f+G/ih4X8R6FrtzFrks3mQ3c15+6lr6El8YeOPjx+y/eWXjfSotSs9Lhik1L9z+9li/wCmVfB/xI1HxX4q+KHwjg+LcFtLo91D5tnDaf621i/e/wDHzX354k+Nnhz4Wfs03GueDvH8ctxpej/YtHtPJ8qX7LL5v/LKvQoUftixVK6gfB/7B/jbw5oX7X3iTwppJl/sO/8AB+s/uZv+WXlRV+vn/BDHUtD/AOGHpJ9Kn8uP+2LqP/U1+J/7N/8Awjl5+0F/wlUFjc22oazo+vf63/prFX7Of8G99n9s/wCCdkm63/eReJL+P/yLXh1P+RiZ55DnwUT641/wrrmsWFv/AGHqvlSRf88q8n8VfDD4m3l/9uMEkskU3+tmr3zwHBBpBjM4/ef8tq1PEmpWF5YSGeDyq2zHBfWonwuHq/VmeJ6DPqs1h9hn/d1l/wCnaZrP2HyJJfK/5a16xpuj6HqVr58/7uifQPDlnN9vt4PMrxI5Jzv3T2qWO9pSM/wTZ+dLb+fY14H/AMFR/izffDTSvCeqf2ZmP+2bWP8Adf8AbKvqCzmgmtI/+Wdcf8fv2fND+P3hK3t/EflSR2t5FJDXtwwzo0Ty8TVVSqYfwUvf7Z+H1v4pm82KSWGtjUZYNSl+3efLJ/2xrpPBPhvSvDfhePwdBP8Au4ofK86pNR8N/Y7Dz4J/9Hip4bDVn8ZXx0Tk9Y1ifR4ref8A5Z12Gj+JJ7yL7DYwfvIv9dXL6bDYa9YSQeKZ4ovKmlkhzXJ2Xx40LR9euNKnvY/3v+umtK6KNWnSlaoedinWdH92dB8cviF4O+D1h/bvjjVYra3uq8/0f9sj4c6P4T+wQeI4pZPtn/Pb/nrX58f8HDv7W72fhTQfBvhfVrmK4jmikzmvzSs/2yvirHoVs914suZN10n70y17+Gq4P/l4fKYunmc43pn60/8ABRv/AIKU6z8PPijodt4J1nMcOr/6ZLDLXhf7Vv7XN98Rfg5Je+MLz+00MP8AqZf+WVfnx8SP2g9b+JnjdTrN35kkrRp5tTXfxm1DVvAM3hu7uZJI44sr7V7MK+DpQvTPn6mX5jOUPanXfBzxZa65HqOm63eSCzsoZbmH/plLVvSfDkut6i+r6LrH2yR5PMu9kP8Aqo68i8A6umlSWltO5/07zY7pc/8AfuvoD4J6Pf6ja3nhTQ7j/j68r7ZNXlVMxqziRmGU1qbk6R/QZ/Ztj5eft0X/AFxqO90HShYSW8ENeb/D3xVf+MNeuIPtH7v/AFlemab/AKlK2p7H6AZ+m6Pbwxfv7GPy6j1LQYNSl/1H7uukvIYPsvkeRVOH9zFmszSp+9OT/wCEc0rRrqSDyPL/AOm1STWelCKP+yp/NuKk8VwT3kvJ/wCWNc34Pmng1CTz5/8Alt+5rFfxRS1p2PF/+Cinwl8OXnw0k8b31v5txF5X7mvleGa+1jQbex/df9Ma+uP+Cll5ff8AClpPIn/1UNfE/wAK/FU8+jR33/LT/ptX9B+H2K/2I/nfxAy+f1zmgemQ/wBlabYW8E/+srQs/sN5F58E9c3Z3k+vXXkT+Ua3LPyNN/cQQV+ie1pH5ZUw1a5oWdnY3n+vgroPAf2HR/FMdx5/lx/6vya5ObUvJlrUGpaVD/pE7eV++i/ew15GcYOji8FyTO7J6+JwmPjKmfVl74VOvaDbz2M8Ucnk/wCur0D4b+G57zQY4Li+83yoa4/4M+Cf+FkeCJP9Oji8qH9z5M1eqeA/Df8Awjelx6VBX8oZrl8KGeVKZ/Y+R4ybyWnUqFyz0f7Hax3EFE1oZh5/2etj/nnBReQjyq9GlhqRjUxNaqc/5M/m/wCoqxZ3nnfuKuTQ+TFisOz8+zupK6DA6D/llR+6qv8A66KMUQ/uqr2RPtSxD/rf9RR/y/8AkVJDN5VHk7YpL7/pjWVUPamXr+m2FnqlvMZ4vMl/6bVuabD51p/ZXkebH/z2r5n+PEPxG0fWrfxVpXiOOK3tbz7N9km/5a+bXunwx8ST3vg3S4J5/wDSPJ/fVzHT/fMfxVps+j6zcfZ/9XXN6PqVjNf+RbivSPGGjEWsn/TWvN5vB99Z+ZcQD/SKyq/CdNOpc9E+Feo3EOvSQA/u6/nO/wCDiwz3n/BVDxDLYweVIUH/AKNNf0K/DG8ns5be3+0eXJ/y2r+e3/g4tNx4a/4Kg+IdSFx5s8tnFKf+2ktcGM/gnp5B/vRa/Y/m8NWdp4P/ALJt5bm816aK2vPNm/1tfVn/AAWG+D/irV/A/h8+HJ44o7DwrLJeTTf6r/W/6qvjv9g8W/ja/wDh/pM4ljksLzzPO/55fva/QD/grFo3xHvP2RtQ0rVb+2i0u/03zIdQ/wCWssv/AO6rwsNUP0PF0/gPC/8Agnj4b+GXhv4VXE8+u20WqX95dWUM13N+6/55V5/8Qf2D9Ks/2r9D8R/E3xVJc6Pql55em+TeebF9q/5a+bXkfwI8N+MdT/Y8j0PSr77NqEXiSKSzll/df8tf3v8A7Sr6o+M3w90P9mn4c+A/GXxG+Jtz4o1iW8ivbPw9aQ+VF5VHs/3p0KcVRM/4J6l4c179pL4qfs2+I9Kii1jS/Dfl6D53/tKvjz9mr4i/G/W/20Y/gjcr9tuftl1p32LUJv3cVfpHN8GfgdN+2R4L/a28O+MZNN1zxboP2nxJaXf/ACyll/1UUVfGf7Ueg+FfDf7Wml+Mf2a7G+034if8Jh/xMppZvNi8qX/lrXbQv7EznXOs8Qfs3+I/gL+0jpdhP4jstSk0azv7nUvK/deVFLX7Af8ABAHQf7N/4JxW995H7y6166uYf+2stflH+054k8fz/FbxxP4xNtLqFh4DtY7O706Hy/Nl/wCWtfsJ/wAEVdHn0H/gnF4TsbiHy7iX95Xi4Z+1zE4c5d8Ee6eMbzVdN163vvtH7uX95NUfjDxhBLpcc9j+98r/AF1dB8Q9HGsWsc8H/LrD++hrH1jTbGHw59hgg8qSWH99XtYiofA06Zn6DN51r5/kf62tzMH2HyPI82ub0eafR4vsM/72ughvB5fkeRWWG3Oj2hH/AGkfN8j/AJZxVJ9svv8AUfaP3dV5ofO8yeCrH2zyP3Fdv7k5/Zv2VySznsf9RWhDD/aVr9gg/eR+TXH3k19DrP8A0zrpJtZgsf8ASLGfy6zq1P3P7sFUPjP9t79rq3+D/i28sbfSrn91pstt+6/65eVXhf7Otl44vPA9v8Tp7+5/tS//AHlnDLX3B8Wv2afDnxUsNU1W/sY5by6h/c+bXP8Awx/ZjGkWFvYz30X7r93DXzmIp4idaB10fZSifl7/AMFaf2Hvjz8T/h6/xflsJbn7HD5s0MJ/dRV+Q1xf30kn2OJJD5En+qr+tv8AaW+DMHjH9m7VPAH7vzLqzlj82v5S/jd4Ok+GXxt8S+FB+8XS7yWM+VXtyvGijnw1FQquDMDw54jdtaOrq8hjibIPk163+zf8OvE/xQ1u8gh02R7eWCWTMkVc1+zv8LZviFrr2VvbyR+f/EIf9XX7M/8ABM3/AIJm6rpv9n+ONWv7b+z7X/Sfsk0P+tq8NUqqjc5cVWpfWPZRgfl/4u/ZM+IsEmmzaXpEkcdrqX/Lb/lrFXvH7Gnw8vr2XxRquq/vI9Lm/fRV+kH7YH7K9v4k+Kvh+Hw5Y20dvLN5c0UNYfhv/gnLpXwHOseMZ/EdtFZ3/wDpN5aTVx0sb7Wt7M6qmXupRP/Z'}}]}], 'model': 'qwen3-vl:8b'}}
2026-06-26 15:27:15,249 [DEBUG] ThreadPoolExecutor-0_1: Request options: {'method': 'post', 'url': '/chat/completions', 'files': None, 'idempotency_key': 'stainless-python-retry-7499a59b-b662-44b6-84cc-19824b262525', 'security': {'bearer_auth': True}, 'content': None, 'json_data': {'messages': [{'role': 'user', 'content': [{'type': 'text', 'text': "Analyze this image, which could be an internet meme, screenshot, artwork, or photograph. Extract 6 to 12 highly relevant keywords. 1. Always include the image type as the first tag (e.g., 'Meme', 'Screenshot', 'Artwork', 'Photo'). 2. If it is a meme, identify the meme template/format, the main subjects, the core vibe/emotion, and 1-3 key words from the text. 3. If it is a screenshot, summarize the main topic or software shown. 4. All tags must be strictly in English. Do not use any other languages or alphabets. Return ONLY the comma-separated list of tags. No introductory text, bullet points, or quotes."}, {'type': 'image_url', 'image_url': {'url': 'data:image/jpeg;base64,/9j/4AAQSkZJRgABAQAAAQABAAD/4QBIRXhpZgAATU0AKgAAAAgAAwExAAIAAAABAAAAAJyeAAEAAAAAAAAAAIdpAAQAAAABAAAAMgAAAAAAAZKGAAcAAAAAAAAAAP/bAEMAAgEBAQEBAgEBAQICAgICBAMCAgICBQQEAwQGBQYGBgUGBgYHCQgGBwkHBgYICwgJCgoKCgoGCAsMCwoMCQoKCv/bAEMBAgICAgICBQMDBQoHBgcKCgoKCgoKCgoKCgoKCgoKCgoKCgoKCgoKCgoKCgoKCgoKCgoKCgoKCgoKCgoKCgoKCv/AABEIAaABoAMBIgACEQEDEQH/xAAfAAABBQEBAQEBAQAAAAAAAAAAAQIDBAUGBwgJCgv/xAC1EAACAQMDAgQDBQUEBAAAAX0BAgMABBEFEiExQQYTUWEHInEUMoGRoQgjQrHBFVLR8CQzYnKCCQoWFxgZGiUmJygpKjQ1Njc4OTpDREVGR0hJSlNUVVZXWFlaY2RlZmdoaWpzdHV2d3h5eoOEhYaHiImKkpOUlZaXmJmaoqOkpaanqKmqsrO0tba3uLm6wsPExcbHyMnK0tPU1dbX2Nna4eLj5OXm5+jp6vHy8/T19vf4+fr/xAAfAQADAQEBAQEBAQEBAAAAAAAAAQIDBAUGBwgJCgv/xAC1EQACAQIEBAMEBwUEBAABAncAAQIDEQQFITEGEkFRB2FxEyIygQgUQpGhscEJIzNS8BVictEKFiQ04SXxFxgZGiYnKCkqNTY3ODk6Q0RFRkdISUpTVFVWV1hZWmNkZWZnaGlqc3R1dnd4eXqCg4SFhoeIiYqSk5SVlpeYmZqio6Slpqeoqaqys7S1tre4ubrCw8TFxsfIycrS09TV1tfY2dri4+Tl5ufo6ery8/T19vf4+fr/2gAMAwEAAhEDEQA/APvjzphLJfTHH76pP3VV/tv/AC7Y/wC2tR/bP+eH/PGv6AP5PNSGbyf3FWLS78mX9/8A8tTXP6beeffyQTz/AOqrQm1KeGXz/wDWR0AdhpupQGWOf8q6D7bBN/qa8r8K+JL7yrzz/wDntXUf295MUdvAa4MRhvePXw1X9ydBeTwQ/uaz5+1Z8OpT/apIMVoQzUoU/ZIPakc0NR+R71Yn7VHWhBX8j3qOaGrlV5+1Wncn2ZX8j3qPyPerHke9WIbPzq19oomfsjKlsQDk1mapD5NdRe6b5MX+prm9Y/1wrSlU9qHsvZGHeVn3EH/LuBWpNDVOaGug09mZc0NU5oa1Joap3kPagPZmfN/zwxWfP2rQvIe1Z837qtCinP2qnefvutXJv3tU7yHtWZXszHvP9b5FZ8/atS8h7Vn+R71mc9SkV/I96j8j3qx5HvR5P/TCszP2ZT8j3qOftVyaHyqrz9q5w9mU5+1V/P8AapJv3VU5pvKqfaB7Msef7VYhmrL8/wBqsQzUe0JNCrFU4Zqk8/2qTM0If9b5Ga0LOHtWPZzd66DR4fWuqmZmpZw9q2NNh9D9ap6bD6H61sQw/wDTCuoDQs/+eFaEMNU7OHtWhB3oNCPyPeo5oauVHP2rQ0KcMLeb5FWPsft+tEMPlVoQw/uqAMe8s6z5rOukvIe1Z81nWlIipTOfms6r/Y/b9a6CazqvNZ1oZHF+KpoNHsP3/wDq68v8N/FrGs3EH+qk86L97XrHxU8N3GpeHLiD/Vfua+P9Y0efwH480+Ce/l+z6pqX/LL/AJZVr7U7sNhvbM++PEnjbRNBi+0DVfK8r/XVoaZr0P8AYNnrlx/rIpvs37r/AFVfNfxCvPH+seCJINW0qSWSKb7TDqNp/wAtf+uv/PKtT/hYeqf8IZpf2DXYvL87y5rTzvL8qWvl6WJ9qZzwR9CabNfaxrP2n7D/AKqHy5v3P+trsLPTrGW1/wBAn8yT/lt5Rryvw342stY16TQ7HxX5Un+svPKr2jw3o8EOjf6DXRUqez986MNhji/Jn82T9x+8im/7+10FnN/osfn1qTeG4P8AlhUn9mQZ+z96ueJp1EP2VivBB+988GrcIJOc0v2PyeKkrndS6NQooqTyPes7gRz9qrz9qsUeR71eiAr+R71r6TDBxiqHke9WLObyf3GKzq+9HQ9PBUlKoXNShg+y1xepWf72SuoN4ZpfIFV5tN/dU8NU9kerVy32hx/2P/nuapzWddJeWcAk8iq81nXV7Q5f7MscveWdY95D2rqNUh8muf1SHya7KR5tWl7Ew7ys+ftWxeQ9qy7yHtWxzeyRnzf678arzQ1cmhqPy/8Al3x+FAzLms/Oqv8A2P8A5zWpNZ0f6n/UUezR0U6VEw/sf73rR/Zn+1Vib9zLmrE155MXkVy1B/VqJj3ln5NY95+561saxqUHm/uK5vUryCGuKpUOWp7Er3k3es+ab97ReXnnfuKz/tsH/LCuH2qOQuQS/wDLDFSQ3lR2dn58X7io57O/hjkbyK09tAn2XIaH23/ptUn2wmX9/PXPw6xBVe98SeTLUfXqIVKZ3mjnzpeK7TR7P91H/wA9K4/4Y3tjeyx5rpLzxjb6brsdjcfuo5f9TXrYap7YKeC/de0Ow0yy9/rWxZ6b/wDrqPwrDBeWEc9dRZaPmLpXcc9Qz7PTf/11c+x+361qQ6b2zUk1n/0wpe1RJz80NR+R71sTWdU/I96YFPyPerEHejyPejyPetACaaqc/arFRzQ0AU5+1V5+1WJoapz9q2juZmX4q8jUrCSx/wCWcsNfPfiT4P3E3iyPVYJ45I/O8yHzf+WVesfH7xt/wrfwRceI7GeL7RF/z1r57+J37Tmq6l8EdH8R6VPHFcRf6NN5P/LLzZYqmpiaNGr+8PTwVOt/Epnaal8eL/wr8YLf+1bGL+z7+GWO8tIv3nmxf9cq8/8AFXjDSvFUuoar4VgvopLX95Zwzf6qWLzar+K7ODTf7L8f6rfxal5s0VzqUv8Azyi/55Vn+ML2xvNZjsft0v2OKz+02f2T/l6/6ZV8VSqanbUp+zPYP2P/ALdeeI5INWP2mzlh8yaaWvvDwdqU82jW8H2GO2/c/wDLKvg/9lfWLHQf+PDy/LlvP8xV9saP40/tLTI7LSoJf+uterUg6tFHFT/d1TpJpv3v/TOo6y9Nmn/eQf8ALSKrnn+1Z+zCpiSxRUfn+1Hn+1Bl7UsUeR71HB3q5B3rN6HTTtVK/ke9SeR71cs7Pzu1PlNlYpuu54k8ysva3+E6aVK7KkNnP5v+oo/s64/1/wBn5rmtW+PPgDQvElv4cudbikuJZvL8nz69Q0yLStT8Lx61YrH5cv7ysa9arh2udbn0+XYD2kjlLPTftk2aNeh+xxVn+G/Hul/8JvJ4OnuPLuPJ+0+bUfjXxXb2vjYaJMfL82Gkp1fbWPa9l7GkMm/1P4VlaxNBDFuzWxrFmYLWOeeuD+LXiex0H+y7HzfKkuq9HDP2rPHxNQuTf6ZD9ozWPqkPnV1Gmw/8S+P9x/rap6lpvk/6ivRpVDyMTTOLvIT5tZc0NdReab5PFU5tN7bq6jhOf+x+361HNZ1sTWdR/wBmf7VaAYf2P2/Wq81nXQTWdU5rP/phQBz95Z1l3f8A0811E2m/8vBrn9Ss/wB7JWVXYzqVDm9T7Vz+sTfusQf8sq7DUtN/0WuX8SWRhsJPI/5415eKp2onGeb+JPGA0bUJIc1l+FfG1vean5F9+782aWuT8eXk8PijNxNJH/ra1NZ8Kz6PdW88Hm3McVn++m/5618Zia1WLOilhj0yz8eQaP5f2ieLy5auan4w0ObS5Jz5VfM/iv4hCHUI4YPM+z+d5c1WIfir/ZunyQT/AL2vIq5tWpI0qUjvNR8bW/2qSeGfy6z9H8Yf2lfyTwT/ALuvI9d+JE80skEFaHw28SeT5kE/+rrynmGMdS5pTpH0x8PfGEEJj8ieSukvPEmla9rNvBB/rIpv31fO8PxasNNtY7exHlf9tqk8K/Gy3/tmS/M37yWb/ljX2GR5w/8Al4ZzpezP0k+DOkfbNGj8j97+5rtBpnky+QTXk/7FPxT0vX/D0cE0/wDyxr1jxB4m0qLV/sJn8qSvtI16tafubGOIhSVIk8j3qOazrQhh86L9wak+x+361PtDyTDvLOs+aH97XQXlnWXNDXbTqGZl+R70eR71c8j3qOaGukCn5HvVeaGtDyPeq8/atAMuaGs+8/54VqXlZd5W1MDzP9pzR7HWPhVrFjfQebJ5Nfnf8Mfh5qE0Vxqs+q6lFp9hN5l5D/yytZf3vlfuv+2VfpB8Z7u4s/BuoT2MHmyeT/qZq+O/DfxJsbPQfEHhXStK+zahdQyxTRTf89Zf3Xm1y5jh1WPcynE+yO4vJvC3iLw5qFhrlj5dna3kscPlf63yv+WUVef6lZeT4js77Q7iKWz+xxSQ+d/yy/ey10niS8sB4Dt/CvhwyRSed/pn2v8A1tYd5ptxo/hKznng82SKaK2vPJ/6a18fRpNyOir+6PYPgDZ65Df2f7n7N5s0tzeS/wDLKvrj4e+KtKvPs5gn8zyq+a/BNlfN4ckF9B+7sJvs3+p/1sXlf62vXPAd59jsI76x/eSSw+b/ANcq+jo4b9yeWe6abrFjqd1Jj/WVY87ze9cP8MdS86WT/rtXoE0Ncdal7GoYVNf3hHB3qSDvUkMNWIYawqVEji1CGGrkHeiGGrEMNcVSqd1Ixvid4um8CeBdQ8TQH/j1hr5Q/ax+LnjfxP4V0fx/4M8Ry21v5P77yv8AVf8ALKvaf28tRudH/Zl8SXFhP5Vx9g/c18ZfAz4tWHxO/Zz1Tw5P/wAfFrZy+daTf+ja9bKqNFUnWlufQZUvbVDxvWfiF44h+IV5fza5LJcReVHDDLN/z1r9GP2Rv2ij48+EEmla5P5f2Czli87/AKaxRV+VdlrGq6PrP2fXP3txa3n7mb/nr/zyr6M/Yz+MF9o/g3xZ4Hvv9Z+9kh/79VjjqlHEP3j7HDfuj2zUvjPP/wAIx4w8cWN9/pnhfWPLhm/562telyfGnTPil4A8CfGPRJv9VefZ9Y/6ZV8GeD/i3/Y/hf4oeB/EfmeXrMMtzZ+b/wCiq7z9i34w+f8Asn+NPCs4kluLWG1vYYf+mvm15vtkekofuj9L/Emp2Fl4Aj1ub93H9j/dV8OftFftCQf8LG0vQ57/APeWsMX73/pr5vlV6Z4q/aV/4SX9kzT7mxvvNkih/fS1+e/ivxUdSi1DxjfarJLcRTWscMU3/LL97LW2EqSo7nl43B+0nc/Uj4Y/E/SvElh9huJ/3kv/AJCrsLuyXyutfAf7H3x+nh8UW9jrk/8ApGqXnmfvv+WVfoBZzQalpUc8B/dy16f/AE8PlcT7r5JnP6lD6n6VnzQ/va6DUbQMc5rL+x+3616NLVHl+1RlzWdR/wBmf7VbH2P2/WiazrUPaow5rOqc1nXQTWdH2P2/WgPao5ebTe26svWNNB/55V3E2m/uq5vWfsNnLHBfXEUUkv8Az2oqmsDk7zR/Oij8+vN/ipNY6P5kEF9H5n/PGtzw38bILzxxqnhWfyv9FvPL8n/tlXjf7UXiXyfEcd9DfR+XFN/qa+bzLG0qdGwfVvaVjyv4q/2rNrNnNB5kX2qbzPJrqNS+LVjZ+Df7E1Kx+0yRfu/Ohmry/wCKnxI+12Glzz20v2iwm8ub/v7+6qx4WvNKm8L3Hn30vmS/6m0r4WrUrVT1aWGqqlqc3rF5ZXlhqE88EkcnneZDXmes+ML7/jxgn/d16J8VNf8AsdpHpSwf8sf3M3/PWvB/FWsQedJcWX+s/wCW1ebVpHVh8KbEPjcw61JBt8yP/V11lnr0Nnpfn/bv+/VeL2d7PBqkZz/rf9d/0yr0zTfDd9eWv7ifzI/+mNFKlc1WBLEPxCvpopIJ/wB7XYfDHWJ9S1+SeD/ttXk8MxvIriCD915U3/LKvoT9j/4ewazLb6r5H7vzq9vLcFzVjLEYU+oP2e/idB8PYrMG4k8z/ltNXqGpfH3+0/GVvBBfeZXzf8TtYHg+KQaSI4qr/AfxX/wlfxQjgvoJZZPJr9CwNeFL92eDjcFKKP0s+G/ir+0rCOCef95XaCLze1eb+FfCuqaNo1vfQQf8sa7/AMN3v2y14qMWov8AeQPn7TjV5Ji3lnWHeQnza6i8hHlVj3dk3m9ayw1UVQx5oar+R71sfY/b9aj+x+3616KqozMeaGq80Nbk1nVOazranVA5u8h7Vl3ldJqFpuXNYepQ+p+ldtIDj/GEPnaXcQCDzP3P7mvj/wAYeAvO+LUeuf2T9mjimij86L/lrLX2xe6b53/LDzfWsO9+DNjqcv2gQUVIUTuw1T2R8v8Aw/8ACth4r8b3Fhqplit4rOKOab/prXqmj/s0nWPC/wDZUH7qOWb7T5VaHwN8E2MMUmlTwfvP3X22voy8/srR5Y4ILGL7P5MXk18/SpfVj3/Z0ax53o/w3t4NG0/Q5/3VvLDFHNL/AMtfN8quo0b4cT+G4rex/wCmMsf7r/lrWgZvOluNKMHlR3WpS+TXWQ2Qg0KC41uf/j1ml/e12fWXTsZ1MNR9kY/w+029Nz55g/dmvSINMmnh2sK818R/HfwJ4P8AD+ma3peqxeXLqUVlcyy/8sq2dY/ac+FmmX+mWM+rRRR39nFL/rv+etePjK9etVvFHD9WvHkOx+x+361Yhs6v6S2laxbRz6ZeRyxy94pqs/2P/nNeZUxNtKhzLBVLlOGGrEMNWIbOrkOm9s1w1cSbUsM0fNv/AAUgu77TP2bdYurGL/l3/fCKvzF/Z1+MGleD9U4sYo9P1mH7N++m/wCWv/tKv238dfDHQvib4VufC/iO38y3uh++ir8W/wDgoP8AspD9mv4zXmmfu/7D1W8+02flf8sq+mybHUK2E9j9pHt5TH2dV36nnHxI8Yf2N43ksb6DypLW8/c3cX/LKvUP2G/iHY3nxf8AEE/iPy/3sP7mKb/l6i/56185+JPEmlal4ts7HXJ/tNvF/rpYf+eVeqfsu6lodn4/uLGe+tvMutN/4kN3/wBMq5av8U+0p0/3Jy/xO+J0F54o8SaVpVjJbXF1eSxwwy/6quk/Y4+L8/hu18aeHNc8yWP+wZZP9T/n/nlXpHxI/ZRn134D/wDCzbGx/eRXkv2z9z/01rh/2e/hXYzeN9c8fwarFZafFZyx3nnf6qvNq07fvDupVKPsj0T4D/GyDTf2TPEnhXVfKubj7Z/ocX/PKvD9N0fVdetbP/TvKkivP+PS7m/661x+sfEK+8N+I9Y0PQvK8uWby4fJ/wBVLWXqXjzXJtV0/XPOl8yL/XeVXEsxszlrJVZH2B+yj8MZ9f8AjTb/AGGeX/RYfMmmr9RNN037JoUFuIfL/c1+Ofwg+M3xU8B6pb+I/AE8Xl3UMUk377/W1+m/7MH7YHhX466pH4Cn/d6pa6bFLP8A9da+ihivbUE4dD5LMsFUp/vD0W8tP+e9U5rOuou9N/evBWfNZ13UcTofMVKbRh/Y/b9aj8j3rY+x+361H9j9v1rq9qMy/sft+tH9nf8ATH9K2Psft+tSQ6dbzCl9ZLpUjn72z8qLzp6+Z/2oviR5NrJP4cn8280v/XQ/9Mq+sNf0eb+y5O9fC/7aXwwvvt//AAkelarLZf8APa787yopamdfnoHfhaftX7585zfEi+h+INxrkH2n/T9S+zeT53+qruP2rbGxh8JW+rT30kUkUMUk3nQ15voFlc2fxPs576fzbPyfMh/ff6r97Xun7Y2jwal8PdPnnvovsf2PzP31fD4iqqtY+go4ZSmfJdl5+paDb6tq19c/Y5Zoo4a6C9n+2WtxpXhWCLzPO8z/AD/zyrY1jR7Cz0a4sb7yrb7BZxXMNc/8JbKfxJrNxP58vly+b9srxKlX98dk6DnsZ/xU8H65Z6DH4jnni/dQ/wCuhmr5/wDJvtSv5K+mPippv9madHpVxPLbafL+8+yV42fB/wBkury+0SD/AFv+prm9p+8OjDR9n8Zw/wDY88MscE/mx3EtfSHwl0HQv+FcyfaP3l5F+8h/ff6qvH4dH+x6pH9ug8r/AJ413k2sTw+F9P8A7Kg/1X7u8rpw1T2Z3OnROTs9NsrPxlcWNjBFF5s3+u/55V9MeD9Y0P4e+B459K1Xyrjyf9dDXyuDfQ+Lbi+g/wCWv+ur0jQbyfUdGs4J/wB79qm/fQ/9Mq9rA4n98cuNw2h6JeeN/wDhKtL8/XP3XmzfuZq3PgBrv/CN/Eu3m/dx28X/AC1lrh9e8SaHPdfYbES/uv3cMX/PWjw34kg02W4g+3fvLX/lrXuYWpUdY8etTSpH7MfDf4keD/G3g6zgsb7959jrs9A8NHTbctD3r4X/AOCf2na38QdT0/Xbi/vpbeWH99D/AMsoq+/Rruk+FdLj0ZZv9X/yymrXMXUw0/Zx+1qeDVwamvazM+8h7VlzWfnVuf8AH5a+f/z1qvNZ1y0q3szwq25hzWdRzWdbE1nUc1nXdTxJy+yZjzQ1Su4iwx+dbs9ngZxVO8hVvmxXbSq6iOX1KH1P0rn9Sh9T9K6zUofU/SsO8s69ajU0Oc5fUryDTYpJ56z/AAr8TtK1fy7fzovMimo+K0xs9BuM3Hlfua8f+D48nWZLG+/5/K6qlP2p62GPTPh7DpM0txfarB9m/fRR+bXqHiqzgm8MW89jP/pEvleT/wBcq8f+Cejwa9Lb/bp/NjtYf30P/TWvULOaCHS49W1eGT7Pa2cvk+T/AM9fNrxJ6o92j+6lyGX+1Dqc2j+HtL1bQrnypLWaW9xD/wAtYopYvNrrY/HXhbxt8IJPF2lTebby2X/kKvNfEnxE8LeKv2PZNfvtWjuZLARW00sX+ti/e+VL/wCQq5T9mOWDWde8SfA+x1yOTT9B/wBT++/5dZYv3VY00qlL/CdVSl7kj5X+OXxP0vU9euPCvhzVdWls4rzzJrT/AJ9a8/m+IXirU9Ks7G+1WSW3tfsv/Exh/wCmUtekftCfB8+CfC/ij4t2M/2a486Wymi87/llXn/wx+Ceq/E7wHZ+I/Cmqx21va+Vc6bF/wAtZf8ArrXl4vESpVtDyaXtLHvH/BP/APbd8bad8ZLjwb4r1W5l0+Wby7OKWv1X8N6rY6poyXt7PHHJLF5hr8JP2dbPxHr37SUkGh/8hSWby/K/5ZRV+k37Rnxi8Tfs+6N4L+CXg/U5b3xB4jvLW2vLuabzJYv+etZ4ulDHRgo/GbYeM6XvVD7G/s39z/qIutENnTfBWtWl9Y2+mG+ilu4oYpZa3vsf7rrXyGJqujV9nUPZw2C9vqeQ/tSfHHRP2fvhbqHjbVZ498MP+iRf89a/CX9sr9tHxT+034s1TxFeebF5X+ptJf8A2lX7P/8ABTn4DXnxe+CUlvbz+V/ZcPmV+CHxH0e+8N+I5LGDXJIvtU3l+b5P721/6a19lkdGl9QdWG5hS/2fGSpyODh1LXJv+JtB5kUd/DF+68n/AJa/va9Q/Z1s/HHiT4q6X4O0qCP7R53+h/vv9VUfwB8Kz+Nr+z8R/wCt+wXn2K8i/wCesXm/62vpD4b/ALK8HwfsPGn7RkFxL9j0G8+zeG5Yf9bL5sv+trzsRjlSn+8PbpYqpOXsoH3ZDN8P/Df7N3/CHQT2UmoS6b5d5aTTf8tfKr8n/ip8TvGXwx8B658MtKgikuNU8SSyTfZJv+WVU/id+05448eeLY/FWh30v+u8u8h/5a1sf29rng/4Vap8Rr6x03Uo9emlsoZfJilli/6a1yYjGxrR9w9FYetQXvHnesTCH4X6XrsE8UuqRXnl3kMP+ti/661j6br0Gm6hZ319pXmSXU0XkxTf88q+hPid+zf4b8B/Afw/8WxfSW15df6Tr1pd/wCquv8ArlXi+peMfDk/hyz8ceRFLJpfm+TD/wBtYvKiryVKlKryE06k6kPege0fELUtV+HugaH4/sbCx03T9Zh/0Oa0m83yrqL/AJZSxV98f8EfoPhn8TPgi3iHTL+3tvHXh68l/tK2u/8AW/ZZa+B/gPDqvxy8ZXmh6r4cuZPBeqalFc6xaTf8uEv/AD1/6ZV9v2P7NvjqX/goV4T8F/s46/8A2V4PvvCthczatpVn5djrPlf62KX/AKa/uq9mhUVGk71LGNXDTxMPZqB96w2U95a5+z/u6z7zR+/kV7OvgGyFhBYQWfl+VD/qsVmax8N/3f8AqOailnlJSPHxPDGLWp43PZZqMWZ7j9a6zXtB/s2XyJ4P3lZcOm/va96ljVVpXPCnl9Sk7GfDZ+cOKuQ6X5Namm6DcH9/BBXQaPo9jNf2+lX0EUUkv/LKWauXE5iqSPTy7Ka+Kqe6fP37VfxC1H4ReFLjU51kjQWfmTGvhDx58crH4heDZJ9cglubeW8ij8mv0U/4KjeEby9+AzatoMP/AD1jmlir8w9A8K+KrP4X6poXiGx8vyv9Js4vscv72KueWZfWcBeGjOtYJ4XFulM8v+IXhWw0fx7b65pWlXNtH/yx/wCmvlS17B8YvEmufE/wTo/hzQ9Dj8v7HFHN537uo/id4DMvwgj8f/23FJb2F5ax/vf3X/LWtD4qaxY6b8EdP1SxvormS6h8yGWvkalX2TPfo4bQ8vvvB2lzfEuTStW12X7PdeVbQ3csMVSeFfAf/CE69rmh3GqxfaLW8/c+TN/yyry//hN76817T9dgP/LbzPK/55VX8H694j/4Si8vp7+5ls7q8/0zUf8AlrS9tRPRp4KpV+AufGbUtV0e/wDs9xcS3Mcv+plhrzP+0p9Hv7f+1fN8yWb9zNNX2B+0JoPgiz0Xwv4ig0qL+z7/AE2K2mu7SbzIpZa87+J3wH8K6l8Of7csbiO5ktf9T5P/ADyrKpsc/wBW9lW988T1maf/AISO3/cfu/8A0bW5488SaT/wiUd/oUEVtcWv+uhrPvIbGGwjsZ5/9I/1cM3/ADyrj/Es3/HxY3E8vmWv/kWtcMa+zUyxoN5Br1/Z/bv9XLN++/6a12mpa9oem6DZz6TB+8tbz99/1yrz/wAKzfYtLzfeZHJazfuf+uVdZDB52s+fBB5tvYfvIYq9vAv2bFV9jY9w+G/wfvvidqn9h+DrGS5vL+HzIYYa2Ph7+xn8VNS+Mlv8Of8AhHLn+0NUm/czeT/yyrt/2HfiPb/Ar44eG9a8SW8X2e/s/tEMsv8Ayyi82KvrK+/4KW/s4+F/2oNH1DS9Fj+0S2csV5NDD5n/ADyr6OOKcad6ULu34ng1KdOUz6t/ZQ/Yvs/gT8NNP0rU5v8ATIof3xrttY8B6VeXfnz2P7yu18E+NtP+JfgKw8V6V/qL60ikhqK8s6+OeaYutiJus/eHm2DpexhGnscHN4b8kf8AHvVObR/4sV3l5pvfyKy7zR+/kV1UscfK1MtOPm03tuqvNpvbdXSTaX5NV/7O/d9K9KniWck8HE5eazrPvLOusm03turL1Kzghi/f16OGxNzkq4Y4/UbHArC1gwWkUjTrWr4y8aaFpHl28mqRxyS/6mvmv48ftIedYSf2VP5XlXnl19DhqjVuc4vqxqfHLxhBZRSaVAI5fNrz/wCGOpQT+I454PK/deV+5rP174kQeJIpJ/sP+mSwy/8Aoqs/4GzW+pXWn2P7z97efvpq9alV9rsejSw3s0eqeD/iFpXhvVNQn+w+bZxXn2aH/plXqHiTWbHR/hD/AMJhpOq/63R7/wAnzf8Anr/yyryP4G2elWeg6h4c1XzZbyL95Ndzf89fK/1tR/tLeMPFfwT0vwv4N8NwRS3Fr5UepWksPm/av3X+tr5SvW9lR9ofSRw3vQPmv4TftC2E3iPWPB08FtbWfiizutJh06Wb919vuv8AVS1zfwN8SfHf4M/tS654c0q38zWNZ1KLRbOb/lldfuopf3VeJ/FT4qaGf2gvsMFh/Ztxa+JIpP3X/XX/AOO13Gj/ALe3jHRv2qtH8SWMGkSyeHPNkhiu7P8A1stfIV8/rQ9ymfQ0sBGUT1j9rr9lf9pvwr8L7j4t+IvDmpWOj6p/pM1pLXh/wB+NnjH4e6hZ6TB/x5yw+XDD5P7qsP8AbS/bM+Kfxy/tz4m654quYre61L99pMN5L9mi/wCuUVeJ/Df4qeKtY0vT76eeytv9M8uGHzq+YxOc5jiJ3iif7IjH4Yn158K7P4m/BLxReftCz+HPsNvLNLc6bLd/6qX/AJZV9OfsmeHvi1+0l8T9Q/bC+Ld9Loml+HLOKSz1DUYf9Gl/5ZV8J698ePFWu/C/R/B0+qxS2cWm+X5P/TXza++PC3irxxaf8EsPC/wrg8R6bJqHiOb7TNp+n3nmS/Zf+eXlV6+UZlmUKn7wxngYU/4h9vfsTy6X4o0af4sXllexXGuTSxww3U3/ACyir27UvEGgaHNGdb1W2tvN/wBT503l18jfsu/En4sfEDwvJ8NPD3giTSLfwxDFJm7h/eyxV82f8FAP2j/2jIvDl5oek+D9b1LULWaX7J/Z0NenUwazHESm5mE8VLB1YQp0z9MviFr3gfXfBFwNRu7b7HLDL5WZv9bX5gfHL/gmx4g+Klj4g8X+B/D9j9q1S9+02d3537qKKL/MteRfsx/tE/t1+J/2VLlfD3wwubm70aaW2gfVrzzJbv8Ae/vYov8AyLXK/ELwh/wV2m0bQ/h1H4V1PTfsug/ZpotO82L915svlS+V/wA9fK8qvWwEZZdQnTUjHF0XisT7RrlPnGK+0j9kfxjqnwe8QfEDTZdQ/tH99d6dN/x6+bLX3F8T7Ox8H/sj6f4cuPjh4f1eSL/U2n9sRRS1+PX7WXwk+PnwJ+JN/wCEPi3pOp2U1/J9oW61GCX97719zfBH/ghd/wAFZvHfwls/iPp1vptyNZsormzi1LxJ+9iili/dfupf3X/PKvBxs1iHy1PdPrMNgsPh6MKsZXcjitR/ZF+NOm+N9H1zwrocUtvr2peZZ2lpef62L91Xsnjb9hr9qH4tfCq48OeDfgt5uuaXeRXs0unf8+sVfNX7Rv7Nn7ZH7H/j6x0P9pea+0K6soZPImi1LzIpbb/nrF5VaNz8X/Hnh7wVb+Nv2b/iX43sJYv9G1PUJtSl8qWKX/W/9squvgKn1WHsR0sXTqVPePszxh4P+LnxO/YZ8P8A/CY/CuW5t7DUpbL+0bSH/lrF/wA9a+A5tBg8B+PLjwrqlje+ZLeeZZ6fd2f7qWWL/nrXuHwN/aj/AGhfDf8AY+q2HiO+uf7L1L7bDp82sS/ZZZf+mtt/qpasftLf8FRPHHiqwuLDxj8MvBMmqWt5/oeoTeG4v3X/AH6rjoZbiaMvaVB1cdhHW9nTPI/AXx/8caFqHizw5rs8tl/akMUn2SGH/j68r/nlX7h/8ENPH2ux/sdz6T8YopfM8NXct/4Zhli8yX7LLFL+6i/56/8AXKvys/4Jtf8ACuf2uv2zPDemfH3xHpuiW/8AZvmTf2dZxeVFL/yy/wA/9cq/ePwJqf7I37Gfw+h8KaH4vsZLawuZblfKk+23UUkv+t/1P+qqcyqPkVNHZgElPnPM/hR/wVi0Dxn+0FH8Bfi58B/Fvw3N0ZY9N1DxZZy20V1L/wAsov8AtrX0z/wuvwOLbzr65+zW/wDyxmuzFHFLXwX+11/wXc/Zu0HwReQeEvhJP4ku4ryWPyNWs/8AVf8ATXyq/O/xt/wVE8VftFapeQX2la3bR+TLHZ2kX7qKKjC5RPEe9UjyjxubUcMv5j9uPiF8VfgPM9xqkXx18K20n2T99Fd6nF+6rl/DniqDUvDn9q+D4NN8SSXU3+h3ek3nmxeVX84nxS074m/EC8nafXNbTzZv3Ob2WOKKvpn/AII/ft4fEr9jP9obT9K+JPiPUpfC0tnLp2sWmoXnmRD/AJ5SxV6lfAYzD4a1KZ5eDx+WVqn7yHxH6/a98YPin4b8Rx2M+hf8tovOhtP3nlRf9Na/P/8A4Kb/ALYv7UWgftX+F/EXgawvf7P8OXn2mz/1vlf62vsTxf8A8FTvgfqNkYPg78LtJufN/eTXet/8tZa+N/jx8cvEnxU+KEniPXNK0j7PL+7+yWkP7qvlsZmNTLsBUxFd7H1mSZc8bmtOhQjoy14q/wCCtXx7+NXw7uPCfxV02KJI5opIYorPy4pa890H48ar488L6pqvhzzfLsIfLm82H/VVzfiSGGa1uLeexi8uX/ljWH4O1jxJ4P8AC+qeG9D8r/Sv9TLX55lXiZh8ZXeHl7p+g8UeDWZ4GCxdNc0WemXvio+Kv2QfFnhXW7i2trzyZf7Nil/1sv8A8drzeHxtfXn7Hmh6rqulSfbLCby5oZof3tZ8Oj6r8QvAdxfQar9mvLX/AF3m16x4Ps9D179mmPw3quuSySRf677JN5Ute7LN5VHdH5lXyupgZ8kz5jm0eCHS7fxxrsFzFp8sP+utJv8AVfvf+WsVfRmg+A/B037NV58YfCunxy/ZYYv+uUv/AGyryv4nalof2WPSfB3jHUrHyofNm/0z/Wy16x+xlN4N8Sfs++JNK+I0/wBms/8AWeb9slj83/rr5X+trd472ljGlTrI8rh+JF9N8G9Qsb7/AEnT/O8yG0/5axV5PpvxJ8m/+wwa5ex2cs3+qmmr3j42fBPwP4b8Bx654H1aSXS/+evnV8b+PNYOga/5E80klvFN/rq9qlVvA8mtT/fHpnxI0ex0fS/+Exsb6vK/C3ju+1G/1C+n/wCWX2X/ANG//Gq7j4PQa58ZtZuPBt9PLHZ2sPmeV50X+trz/wAHaDDZ3+ufbjL5kU3lw+V/qpa7qbFTpTR2nxD8N33g/wASR6JBP+7lh+0w3f8Az1r1j9kvWYNS0vxRqv7u5k0GzikhtLv/AJequftdQ+FNY/Zz+H/xNsb3y5LWG606aaKH97L/ANNf/ItaH7BPgmxm+Dfijx/fa59m+y6b9im/6axSy13UqvJVOerS9rTI/iR8VINYk0fVbGDy7ewm+zWflf8ALLzZa2PgP4VOvftQaHPfQfaY5ZvM/wCuteD+KvEn/CN6zJY/6yP7Z5kP/PL91LX0B+wH42879oLw/feJP+gb5kP/AE1/e17+DxX7rQ45YP2cdT+hX4LeGV0D4TaLZQW/leVZ/wCqrbms6p+GfF+lx+CLO+mnEccltXz38bP24rD4QeOpLCf97p9rD5k3/f2vlIYbEVsVUn/W50YvG4KjRhBn0RNZ1xfxb8caV8N/CV54q1aaOL7LD5lRfBP9qLwD8a18nQrkfaPJ/fRGvk7/AIK++K/Fo0W30nw3Jc21p5PmTTWk1d+W4StUxns6h4Wb4nD08Fz0tzzX4q/8FQtUOp6gPDg8uPzovJ/65V9V/sxfFi8+LHhK0v7395IYfMmr8kNYs9Dn/s/+yri58z9153+q/dV+hH/BOb41+HG8OW+lef8Au/J8ua7mm/55f9M6+lrSoQoTpparY+Jy6dWtiv3ux9if2P8A5zXFfF7Tp4fDtwIP+eP/ACyrf8WfGz4X+FtAuNc1LxVai3tf9d++r55+M37Qk+seEtY134c6rFfW/nfuYof3leflcK/tueR9Bj6uDjS9nTPmvxj4w1aHx5H4c8R3195cU0v76H/llXkesab9suryxvtc82OK8l867i/5ZRRVc8U+Pp9Z+Jf9ufvba3uofLvIoZvNrD8SXk+m3WoCf/SbfzpZNNh/56+bLXvTzH2lWyPNpUjrPh7NY69aSf2V+9+yw/6HN5NekfB/wrBDr32+D91JF/rqx/gP4D874c/boL7955PlzeTD5fmy/wDPWvaPh74b0r7BiCD/AJbRV9Bgqv7k7vZmP8N/B9j4w0eTXIIJIpNUh8v91Xgf/BVbxh8RtH/aH0f+wtV8ySKaKPyYof8AVfuq+rPBPiTSvCvw+0fXPCkEfl/uo5ofJ8r7LL5v/wBtr5v/AGkf7K+KnjzUPGM58ySw/wBdFX5znOLq06B9Z7Kl7X2h+ffxJ8EeONN0vXPEeraVH4g1zzvtsN35P+qlrj9X+FfxN1KW38Yz+HI4rOWziuZpv+WsstfWnxCvLHw3FcTeRLF5UMsf2SuDvPHn/CYeHJLHyP3f7r9zXxf16ZrHEVr+4eL+CbPxHN4W1Cx/4RS2ubjzvtMMN3D5tcfo8Hxnudfj0q48OaTbRxebJ/x5/wCtlr688Hw+DfB2jXE+q2MXmeTXk/irxh4Vm1SSxgvpPs//AD2hhrmoY6dOvzchHt8Y6j5TxbR9N+I3iTxHJpU/7q30ub9z9khr6N/Z7+FX7SWgy6f8VNcg1v8As+11KWTzbT95Laxeb/yyrl/hjqXg7R7+S+8iX91NF5M3/PWvvj4YftUeANO+F9nocGu2UX7n/j0mhr245hUq/Ab4S9et+/8AhiesfCrxJ4q8N/Efwn4x8K/tP+KdTt9Z/wBH8SQ65N/qov8AnlX3V8ZNL8A6n8GdT1K1tNNkuP7Nb7JJ5MXmeb5Vflr4V+M0Gva1Z/YNKj/6bTV6RqX7SE+m6DJpU+qy/Z4of9T51d+Hw1apONTnPeksuqaHH/s9+NrH4V/C/UP+Eq822uNL8YfbdSm/5a3Xm3f7qvuX4aft7fCLxlBHPAyeZL5v+qhr8gv2kP2i/wC2NLk0TwrN5tvf6lFHWx8E/ip4j+Hug6fB5/lXkvmyXnnf9da9asvbP94eXVhQU7D/APg6e8X+HvHPjT4dazpceyO2s5Io/wBz/wBNa/UH/gl3/wAFBfh1+0V+yH4P1631GL7Za6bFpt5z/wAtYovK/wDaVfjH/wAFT/EFn+0joXg8+IPEsVtJo155fm/89a+b/wBm79qL43eA/itbeB/hL48vfC/gifXYrefEf+pi/wCWsvmVdbC4WtThTZtgqco4fmctVc+0f+DoHx54l1z4t6TPdX/nW8um+XpttF/y6xeb/wC1a+Rv2bviPPe/smeOPD99qEUUlro8X2O0/wCWtH7Qhn+MHxB1D/hI/ibc6vo8uvS20N3q159pl8rzf9b5tbngT4e/sFfDfwX4gvvin8VNX1e88ny7PTtE/debL5VdEajoPlXwxMZUG8Nyx+Ju5B+zNr08Hg+SbVJ4v3J8yHzoa8y+NkNjD8RpL6+/5azSyTeVNXYR/EP4daVpdvpXgeC9trc2cX/IRvPMl83/AJa14v8AFrxJ9sv7if7dFLcUquMdWkefhMurfW7noXgn4pad4U+KmgeMvBVn9mtrWwxLc+T/AMfUtfdWm/8ABYb41Xngiz+HPgDVdJ0Sz8ny5otP0eKLzf8Atr5VfmX4f8QWdn8NdDlmml8z7ZLH5X/bWvdJvG3w48N+EtP1afSraS4uv9T5X+tirTB+xqx/eROjH08ZQl+7keyeMPiF/wALO1fUNcvtKittQ/dfbJpf+Xr/AD5VYZs7CIRwXHhy2jki/efua8Pn+MGlWd1HBbzy+X5P+truNN+M3hWz+znVb7zY7qb99/0yr1I1aEzwquGx8z0SaHVZu3mSf88fOqPx54JsfGGg+fpSxRSRWf8Apn/XWsfwf+0J4A/tXyL4Sxyf8sZvO/5a1c8e/Ej4R+N9Fkn0MS2Wof6u8/55VvOph6WHbZxxwWO+tQVM4O8m/aa+HvwuuPiNpfjG2to4tSisodOl/wBbf+bWx8K/2qPjhDLef8LN8HfZv+eMsVfQH7Pf7Mf7KEJs774jftGW19b/AGOX/iXzeb5UUsv+ql/7ZV6J4x+Cf7HenWkk2lftC6JfebN++h86vwLO+JMLjcbUwfs5cnoz9xy7LM7yXDUsXQSk/U8P0Hx5fax4bj8VTmWWOWb99WhpnxI8K6kPIgvoopK9As/Cvws8SaNH4H8Da7HfW/nf8ulfJH7UPwf+LPwT+KtxYeD9Jur6PzeMV8RjeDOHKn72nX9nUP13hTxZ4wxU1hMXgJVKa0PpvwfNodnFeQed9pt5YZf3MVc/pvxIh8N6NqGh31j5Vv537mtT9l74P+KdS8I/2trcEn9ofY/M8quY+Ovwt8YaHDHPc6BcRebN/wA8a+MlxRDJsc8DGrz/AN4/d8H4T8N8cYSONrr2NR/ZPPtSh0jXbrWL7xVPLHo91D5f+p/1UtfSHwf/AOEP0H4aXmh33+k6ff2deGeIbO40z4H28V1pUkckt5F/roa9T06z1Wb4aRz/AGf939jrrzXjRww1Pk918x52VfRzy/BYytOvU5ofZ+f+Rx/jDxVPN4I1T4ZaJfS21nF+8hr5X1Kzt/GN1JBqttLLb2E376bya+k/Duj32oa6bOEy+XJD++xXrHhf4WeCYNKGl/8ACJW0oP7z97DXtvxQwOW0qcKnvH5z/wAS15hjMZVqe1jGnzPl/Q+fP2P/AAfBZa9qmuQGX7PLZy+TFXndn4PvtH/4SSx1SwuYrf7ZLJDNX134d8L22laNJcadpUdsJZpY8Qw1xmu+FYNfu7ywvrH/AJfPLrgwfitzZhKpKP7s+7q/RnwGK4fp0lV5asb80u5wfirw5feMv2RtD8N/6TF9l1K6jh/79Rf/ABqtz4Y69feCf2UNc8K/YbmOS/s4rb/yLFLXu+g+CjZeEbPQZ/DUfkxfvBH5NQax4DsZvBF54Vt9K8uOX95Xq0vGTLqlf2Tg4/M/NMy+jVmWEpv6vXjM+H9U16+m0+TxJBY+b9gm/fedX0Z/wT9s7jxX8eI/Ec/+rtYYv9d/7SroPhj+xz/wmGjappUHmeZf/u/Or6s/Z1/Yb8AfBnwvZ63fQXP9oWv7yabzv+WtfomA49y+rQ54yP544t4Lz3h6tOjWjY+oPip8YPFc/wAKo7HSvEnlSxf6mGKvk/UviTrmvX+qWHj+CW5kls/Lhm/7a16B8VPHkEP7ix0TzY/J8uvM9SvP+EqtZJ7HQ5ftEX/Pau6lxXhZ/bPy+rgsY5+/A7T4b/GDXPhjqkd94bn/AHn/AF2rg/2x/wBtHxV420e48K6rPL+9/wCWQ/exVT/s3xjrA+3fYZY/Krxv4w/D3xxeG4nsbf7bHLN+586vocFxFRcLqZxVcpxFRamP4V8VQQ2sc+q2MVtceT/qYYa7TQfiH4qhNnpWh30ttHFN5k376uX034V+KrPwTHqt9Y/adQl/13nf88qp6DD4q17S9QhsdK+zSeT5c3mw1wVc3Xtvae0OZZbJHpniv9orxV4w+HtxZXGqyeX53l+dDN/raufAH9orxjo9rqGharBJ5csPlwxVH8Jf2e9Dm0aS+1zVbmKOKH/U/wDTWuf1jwH4q8E2F5fWP+kxywy/6mu3DcQRf/LwX9kVEyPX/EkGpX954qvr77DHF/yytJq6DwRNf/ELWbfS9cguY7OKHzJpZv3fleVWH8Jfhv4x8bS3n2Gx+zSf2bLJDNd13ng/wf4bi8JWeuf2r9puPJ+zXk037r97/wAtYq66Ob0vaHfPKK3sdDoIPi1ofwrtbyeDXLm983Uv+Jbaf8soq+qPgn/xPvh7Z65B+6uLr95NX5p+N7zXLPxTHoeh6VJFZ/bPLhmm/e+VFX6Ofs6+JP7H+Del2M/+sih/ff8ATKvuclx3t/hMPY1sLS/eHkfw3+Kl9/YOuQHQ/wDQ7WH99/y0/wCWVcH4q8H+PtS0/VPsOqS232+88zyYf3f7ryq6zTdBgs/C+oaFBBLJb6pN/aNndzTf88v+WX/kKvWPCnirwd4w+H1nObHzby1hij87/Vf6qv50zjivFxpwP0+lllGkfAf7Qs2laP4XuNKht/s0lr+6mml/5ay/8tf3VeF+Cfid4O823sv+Eji8yX/lr9jr9RNG/ZX8AeMdUuLfxXYxyf2pef6r/nlFLXjc37Cvw5+Ffx98cef4Atv+EfsNSistHm8n/W/uvNll/wDItVg+LMJOl+8ic1XLfZ/vKZ8T/E7xVrl5YY0OeW5t/J/5Yw143Z+JPFVndR2P9h3Msl1/zxhr9aNN+BvwP0e1k8jSvMj/AOePk/uqsXv7N/wW1KL+3LHwdbRR/wDPHyav/WjASmZUYKHun5V+G9Z8V/2X51xY3P8Arv8AU+TXrngnX555bP7BYy+X/wAvkPky194Q/A34SfYPIg8ARSeV/wBMa1NN+GPhWztY9DsfB1tbR/8ALH/Q66o8V4OmtIkyw0ps8T+Cd5pUIk/tye5j8r/pjXSfFTR9J1jRvt3hzxjJYySw16xZ/BOx1jzJ/Iij/wC2NaEHwMsVij8+xikj/wBXXZhuOMPS+MFgan2T4vz4Vh8Lyfbr6LUrywmlkhlhhryfx5428ZTap/atvDLHHF/qa/SzTf2UfB37zyPDlt+9/wBd+5rH1/8AYn+HOpS2/wDxI7b/AF1d/wDr9gTOrk2Mv7Q/Dz9oP4r3GqadH4d1LxFfXF9YalLPCfM/1VZ0X7SU9l8P4/DPhmPS5NRm/e6vqFxDLHdXUv8A7Vr9tU/4I9/sX+J9dku/Hfwmtr2SU/vvJNM8S/8ABvn/AMEyPFcUhsvBWuadIvSTT9YljqnxzhJPmpnvYHBxdJQnE/n9/wCEi8aQReVZXN7HHnzPJivP3dZE+t61dTO6ahcmPzv3OZq/cG9/4Nd/2P71Xk0n4++MLaTzeIpbaGSP868B/aE/4NqvFfhWeY/Az4vLrMk82dO067ssSCL/AKaSDil/rNhavxVD0k8NTduQ/MWH4heJrC2/s211IxCM9RL1qk3iPVJrr/TZzLj/AKbV9ieMP+CDH/BR7wZ4yj8LaP8ACGPVpN8ci6hp17F5UZ/Ov03/AOCYn/Bvd+zr8CfhSPjB+3j4fs/HPjvVJgG8MTNHdaZpkIuopBmP/ltLII8fSWiefUFHn9qaxpUd4RPwbi17xHNpmBFF9ni/5Y+d/qqkm+KuufZo7b7bLL5X+pr9yPiP/wAGrP7O3xU1W48VfDr9ozW/C8Ut5JJ/Zz6NEYovMl4ii/e17Z+yT/wQE/4J9fsY65b+Ltf0W5+JHiO1/wBTd+Jlikto5f8ApnbVl/rbTpU7wqGdTC0H8UD8AvAXwf8A2q/iJbNN8OP2f/GWtx5/e3enaDdSxH/yFXr3gX/gnH/wU3+IVhJf6H+x54qkt/8Ans8f2f8ArX9PegwaV4V0yTSvDllpuiaf5P8Ax6aTZxW0X/kKufm8Ya5qWq/2HY+JJI4/+u1eDjOOsTSfuMj6nhP+fZ/NW/8AwTe/4KdwakNMl/Zc12KWKXnLxUeJP+CfH/BTH4ZJ/amsfs6a5tl/eZhl82L/AMhV/ShZ/DfVdY1STVZ9cllk/wCmtbFn8Jdcmi8+b975X/LGauT/AF8zKcdJm1LLsHP/AJdn84Xwe/4Js/t8fGqa3fxHYW3hXT7r/l5uJv3kX/bKvVPDH/BCj4sapd51r9oTUIv+msWly/8Ax2v2R17wpP4b8QSeI57GLzPO/c+dD/qq5vU/HtvqUsdtqs//AFxlhr5LH8R5hOrzwt9x9Lg85weAiqdVHwt+yh/wT11j9my+ja98eXOrSWs0snmyw16/4t+F3hzxdPJqut6FFe3j/wDLWaGvetXFif3/AJ/mx1yV3d6fpV/iYDy5a/FuJKudYnNov2kvfP6c4Jz7JKmSfWY0vgMv4JfCj+ydXt777FH5Z/5ZV6/4u+B/g3xpp8djqmj25ji/ecw1wOg/FLSvDV1HBcQfvIq6jTfjxpV55f7+KuTNeDc5qThXpPmsfJZ34sUI4+1CpySieffEv9jfwf4y8HyeF30e3i/ffuJPJ/1VbXwo/ZX8A+F/DX9j6pp6XMccPlkTVr69+0h4c/tmTSreeP8AdVoQfH7wrNa+ebiP7R/zxrmr8M8Q1acFO55eI8ac2qYWVOnWOH039jn4c+FbqTVbfSopPNm/1Xk11Ghfsz/DhtOuJjpUUd5/yxlq5qX7RXg6Gx/f3EX2iX/llUdn8fvCs2lxmC4i+0f8tq0jwrmNX3qx89Hxiz2Ebe1kc3D+zR8P7PS7jSb7Sv3kt55kMvk1yeg/sc6H/wAJbJrl9pUflyzRSV7J/wALI0rxJLH5H/LKrln4v8jzIMV9Bgck9irVIGcvGPiWUdK0i5oPwT8DzaXHYz6HbeXF/wBMax/F/wCzH8OYf9O+wxR1qTeNoLO18+C+rL1H4kQXkXkTzySV10sjwjre05DxKvidxPe8a8ji9N+Ffg7wfrPnweXHHLNXqmj2fh3UrDyYIPNryfxVeT6lfx+RYxV6J8Mbz7HFHB5Ffa4GnQo0vZwifHZtxVmmd1P9qlzGf4p+GFjN/r9KilrD0fwHpXhqWT/iR165qWvefFJP5FcnrGvWM1rJP5H7yuupUlE8WpQos5+8m8K6ZL9nPhyL97VO88N/DnWLX9x4Vi/dVY/tK3u7v/Uf6qug0D+ypov38H7yj67iaMPcmc31GhVPL7zwHoflSZ8K/u/+eUNZ+g/D3wRoMslxfeFvK83/AJ7V9AHwTY3kX22CasOb4e/2lJIJ4PNrnqZtjH9s56mQUTyOy8N+FYLr9xZeXH/zxqx/wqrwBqdtcWPkSRxy16J/wquDzf34/eVT8VfD3VdN0v8A4lX+soo47Hp+7UF/YqPO7z4b+HPCs0h0PVJYre6h/wCe3+qrk/Enwf8ACv8AY32HStVj+0S/vPK/6a1h+PPBPx317xH/AGVpUEv2f/nrDXpHwg/Zc1bTbWTVfEV9c3Nx/wBNZq+7yzOaWBo+0r1OaRxrLKqmc/o/wr8D3ug6fYa5P9mktfK87/rrVf4tfELSvh7o15/Yc8kf7nzJq7jxJ4D1WH9xY2P/AJBrzv4nfDfXPGGmXGlatY/u5a+zy3jrD0taZ5uJy2rVPUPhvNod5ql58OfIto/ssMv2Pzof/IVcf8MdY0KH4hap4Nt9K8u30vyrKb/plL5X+tqvpvg638Fa1ofxG0qC++0WsMX9sWkv72WWL/n6iqn4q1jVfCv7QWqWPhzSvtMfiiz+0w+TN/rYq/O84wq+rezgfc+zp+y5D0D4haxq3w9utPngvo5fNm/10VSftFax4j8bfDTT9c0qCT+1P3vnf9cqw/smt3mv/wDCHeP9K+zRxfvLPUf+eX/TKu8h/snWPDlnpVjfR/6L+7r4KVGthmp/ykQVl7M+c/gz4c+MUNhb/wDCR6V/y28vypf+WUVeoXng/wAV2ctv5Biik/5beVXSalDrnm40qfyo/wDplUei6b4j824+3z+b5tYLHSrVDmp4L2juR6DNb2csk+q337ytDX/iRpWg2sd9fQW3l/8APWs/xJ4J1XTbD9x5sled+KvhjqvirS/It55fM87/AFVephZfzm9SlGnTOom/ac8D/wBqfYYLiKLzYasXnxs8HeVGIJ5PM8n9zXhesfsZ65NrMl9ffbf9T+58mavQPB/7Pd7o8cc8wuZY/wDljNL/AMsq9SpVwljnTVz0jTfjBBNLJY/8vEVU/Enx5Ggyx+R5Ufm/89qr6D8GT+8vv+Wn/XajxJ8MfO0a4h/svzbiL/UzV531mi37NnTPET9j7Mxx+1pBefaLCC+i/tC1rqB8fribQLe+tzc+Z/y2h/6a1832fwY8VaP8c7PxVPY/6H/zxr6I1jwrY6lY/bvDkEttJLZ/voZavEYmlh+SKKw1aNJXOb8bftUQ2d150/iP7N++/wBT51Z//DRVj9v+3WPirzZIv+m9cf4w/ZY8R+MJo76fw5HL9qm/10NdZ8Mf2RbHQfs8+uW8n+pi86s54v2v8M4as6tet7pJD+1F44vZf+JHBc3Nx/q69A+Ffx4+O+v6pHY+I/hzc/Z/O/101dho8Pw5+DOlyT6H4O/tKTyf3PnQ14v8Zv22PjFZyyWPhX4SeX/zx8mGvQw2ErYpfGelHE4bB0f3kj6ws/HmuXkSWM88Wm/9tqrn4teANHsJP+Ej1Wxkk/6/K/N/Wfid+178WtUxY+FbnTfN/wCW01c3rv7Pf7V+sS/YJ/Edz+9/55Q12f2dTor95UOH+1pVZfuon6Oa9+1d8K4rC3g8+KOP/r8rD039qL4PaDfxz/bo5JJf+W1fB+jfsi/GnTdG/wCJ5qt9c3EX/Laaaqd5+xz8Y9etft0/iLUov+uNSsJldT+JUMPruLnU+E++NS/4KEfDjwtdf6DqsX/baasf4hf8FRPA+m6XHBofiWWWSWGvjPwT+wrrflef4xvtSk/54+bNLXeeA/2Xcw+Rb6HLcxxTf8taurSynCUvcnzHoLE4mnSDxh/wUmvvG3ii40rw4JZf+uVcvr3xI+O+veLY7fw5BJ9n/wCWMNe8ad+xxokMsYg8K21t/wAtJpfJrvNH+Cf7qM+RFLHF/wBMa8iWYYJfBEzdNVX7SoeX/CX4heKtSto9K8Ynyv8AntXeSzedpXn2MHm3EU3/AC1qOb9nyx0fxHLqsE/+kS/88Zq9A8K6bpWmxf8AE1gilrwMbHCYnFwqH2eWcV4rLsunhaXwyPD/AInWet3lr59hY/6R/wAtq8Pm8H/GmbxHH9hnl8rzv31ffl54V8OXkXn/ALv97D/zxqnp3wr0qHzPIMX/AH5r26eYWVonydbCvF1vas+F/CvwB+Kd4Ly/1We5+0SzV0Hw9/Z1+KkOteff31zJb/8Aoqvtiz8Ez6bF58EEXl0WfhW+hm/cGKt5Zvb7ILCQR87w/su6rqV/HcX19JXSab+zf/wjcsdjPcSeXFXtkOm3Gm3Xn288ckn/AC2rP8Sa9511H58FcksZz/YNvq1I4Pw38PYNBik/0iSL/ptXQal4bnntc2M9Gm69B4w1XUPDkH/Hxa/67/plWppmharDLIPI/d/6ukqdSoP9yc/D4PuJtPk5qnN4P+xReR5H7yusvNNvrOX9x/q6sQ6Dff8AH9PXdRpUn9k5ahx//CN6r+7/ANBrU0Ga+s7/AOw10GseR5UcHnyxyVHo+mz+b5H+tkr0aWCpe1/dnNUVOn75qeTfTWHkX0H7uuXm8ia/kg8irnwx+MHhz42ah4w8OeDbj7TH4N1KLSby7i/1Ut15Xmyxf+RYq1IdHzL+4grPF0vZVfZh7X2xy8GjwQ3fnmxzRNDfxS+fBY+XXYXkMUOn/aPJrn9SvP8ARZPInrmqUqVhqkyP/hNp9Nl/fz1Y/wCFnaTDF+4nrz+706f7dJf319J5f/PGqesaPYy/6dY33/fquapSonSqlY9A/wCFnWM1/wD6BP8AvP8AltXQab4jt7y18+efyv8ApjXj/gnw3PZ3Wbgyyf8APau4vNYNnD5AhoqU6Kono4aX/Pw2L7Xrf7VJcWFx+8qPUtY1yC15vv3dc3PqX/LeC2qO816f93BPXNTp3Cqoli88ba59q8ieD/yDXL+MPG3k2kkF8f3n/XGuk+2aVNa4/wCWktcnq+g6VqUv7ieST/rtXbhqapVDyMThjxfQf2nP7N8ZaPY+Ir+KKz1SH7NDNND+6tbqWL91/wCRfKqTxt8c9E0f4l6P4q1zVfs15a2cvk2n2P8A1X/TKvmf4b6bY694ok+C3irVrmK8sPKk0eaLyvKiurWWKX97/wBdfKrsPjPo+dV8D+Ktc8y5uJfFX9mzRf8ATXyv3v8A5Fr6rH4ij7EnCwmqV5n258N9SvrzRZIP7Vkuf3PmXn2uHzbm6irHvBfeG/iD+4/487+b9zF/yyii/dVoaPefY/h9o/xG0OeX7Ra2cVtefa5v9bF5vlf6qsPWPiRY3n7j/lpFNLJZyxf89Yv3v/x2vzOrmD56lOZ1vE0acT1Sfxt4Ns7uPyJ44/3P76H/AKa1h694w0q8uv3E0kf/AD2ry/4bwjWdKksZ55PtEX72bzv+etXLyGeC0uINWnkiuIv+eVclOpQPXp4KtiMH7SmegTePNDh/cT3vmUXniTQx5c8F95Xlf88a8js7PVbyKPSp7795L/x5zV2ng/QZ7yLH73zPOr0lV/cnmTpW3OkPjGeaX/49VeH4harD5ljPB/o8v7utCL4YwXh8+4vpPL/5Y1l+JNBgmtbeDSp/3kX/AD1/5a1zxxKcjP6uSa748sdNteL7yqpzfFTw5Abfz9c/7ayw/wCtrD1j4bz69f2cGq3/AJVx/wBMf+WVWLz4Y+HJpf7D1W4+03H/AD1ironCnT1OapTOL8bfGC+vfEkljYWPmyS/vIZYa7T4e694w8U6Nb29xBLHH/1xo8N+D/A+j/v4LeSSO1/57f8ALKus1i8hs7D+1bGeOyj/AOW00VPn9qcVKm6dQuabr0+mRR2Gq6rF+6o8VePNKhsPt326WXyq8r8ba9bza9H/AMVVFL/0yiqOHXvCupRSeHNc1WWS4im/czRf88q9LCYKFueR2xr0TU1n42QTWv8AoM8vmV4/8Wv2wNK+FVrcT/YIr28i/wCWUMPmS16R4q+EkH9lx654Vn/1X+uhr5n+LQ8K+FfiDb/8JvBFZW/nf6Z9rmr38DGM37OmeRicI69X3zPs/wDgoR+0X421SSb4ZfCSOy0+L939ru7P/lrXonwr/bq8Y6DdRz/E2eS5uP8Anl/Zv7qvXP2XW+APjDwRcT2Oq21zHdfu/Jhqn8SPhX8MoftEE9j/ANta6sVQXNyTgdVLB0qVL93MP+G/PA9nFHBq09tFHdf9Ma7TTf2qPhx4l0+3GhQfvJf9TXyX4k/YyvviF4juDpM/+jxfvIfJmr0T4S/s06T4aijgvr+58yL93+9mrxcRgcN9g0Uqtz6Ms/jBpV5axzz2MUvlVqQ+NxNF9usYIo4/+eNeZ2fg+Czij0qCeXy4pv301dJ4q/4RXTbC3gg1XypPJ/5Y14+KoT9l7p6FLbU6DxJ8YILO/t7Hz/3ktSTfEj91/oOqx+X/AMtq8r87w54k8R29l/av+kRf9+q6TR/hjPeX/kX2q+b/AMtIZYa5qVGCpe+dGhuQ+KvFU0t4NKglkjl/1Nang+bxHNa/8Tb/AJa1H4Jm/se6ksfsP+qh/wBdUd5qd/5Uk9v/AMta8Spy+39mT7M7Sz1K3h8sXFx5Udal5rFjN+/t5687s9SvtStfPvv+WVdBZzWNna+fOa9alQ5Y+6bU9jcl8Yf6uH7RVfUvFUEMX7jVvL/641y97qVlN+/+0VT0eygvL+SeeeTy/wDljXpYb2P2gOg/4Sme8ikggnl8ys/+0tWh1SOeeD/trXQeFNH0qz/fVc1680Q/6i38qSvRqKjUpaAcX8QprjwJ4Nk+LWh6VLLeaNN9pvLS0/1t1a/8tf8AyFXqFn4k8Oa9o2n+MfB08dzo9/psVzZyxf8APKWsfR5rGaW3t/I/dy/u5ov+WUteX/sx6lpXwN+Kvij9gPVb6WKS1hl8R/D2WX/lrpcsvmy2v/bKXzf+2XlVrSpxq4bk+2c1SmeyTTWM0Ul959XLO8gmi8j7b5sdcvr2mz2fmWN9fRW3/LOaGrnhvQdV+yef9o8yP/ljNTp0nSdjhqVDQvdYsTLHB5Feb/tjftCaH+yv+zT4s+P19n7Rpem+XoMP/P1fy/uooq9AvYZ4YZIGgj8yvjP4zX5/bj/4KLeC/wBlLQ/LufA/wg/4q/xt/wAtIpb/AP5drT/v7HXt5ZQc71J/ZOapU5j6Q/YJ+DOq/s6fsqeF/BviOGX/AISjxHDL4j8bSzQ/vZdUv/3sv/fr/Vf9sq9Ys7P7HdyZHlVT1LXp5pf7V/5Zy1TvNevpoo54P+WteLisWp4ibOil+7NDUvsOfIn1DzK5fUvDeP8AUXEUlWDqU9nfx2M/+suq3LOzh02Xz77/AJa1gqntj0qXsbHlfjbwprupSyeRP+7/ANXUfhDwfqujaX5F9+9/5Z16pqP9hebjyKp6j/Zn/bOtPYSNaWxzemw2NnF+/qnrE1jefv8A97+6rU1OzMv/AB4ny46w9Shghh8i3vawq0jUr2eowfvB5NV7zUra9l/cQVc8mx+weRWPNeeTLtgt/wD7VWXs/ZBUpheQwWcvnzz1Ys4bC8lxnypK5/WLzVfNjnt66DwSBNYSfaIP9b/rq1w38U5z88/Emswab8ctH8caUf8AiR3811e/uYf9VF+6ll/+O17B+1qLGz/Zbk+ME2hW0cZ/0nTZrT97+9/5ZS18/wDwl+IVj8SPhzcaF4OvvtPiTRoftsPlQ+VLa3UUX+qii/55Sxf+Rf8ArlXtF7JdeNv2W/DfhTwjdyw2niL4TaXqNpB5P7rzfK/ey/8AkKvSx2FnyRPMpVpRpTPVPg/8Q774hWGl+DZ/L+zy6D5nned/0y83zf8A0bXN6DqV9Nf/AG6CxuZfsvlSQ3cP/XXyv9VXzf8ADD446/efCrwPZeG7+WOS612wsppv+WsvlSxRS/8AkLza+kPB+pX3/CSeKIPsv7u1m1mOz/8ARtfneZ4WVKrc8J1a0qx65Z6D/wAI3rMmlC+/0jVNN+2/9tZYqrza7Y6xacX/APpEU0Unnf8Ao2uX8Vabfan8Qbf+1dcltpP+ED0vyfKh/wCmVcn8QtSvrMW/hzQ77/Q9Zs5Y7Obzv9VdRf8A2rza82X7urA/eOB8NTzDL5Ume4alqWh6bDb33n20dxazSx3nk/vKuWfjCx1LWY7HSv8AWRWfmXn/AD1rwfwr8SILzXtPsb6xl8u6s4pJrSX/AKa1z/hX4ha5Z/FW88OWOueXH9jitodQm/1UUv8Azy/6619TTp0qtH92fDcW5dXy3GcsT6k1Lx5D5UdvY+I/L/1v7mub8N/Gax16/uLCEW37qby5ppv+2tef/Fr4haVafD6TXdV1W2vrewm/4mV35Ply/vYq8j8N/Frw5r3jK4n0OC++xy/u5vtf7v8A5a/62L/v7WlLLf3PtD4apmWLiz6Q8VfFrStB+z32P3nk/wCurH0H4tTeJL+T9x+8i/dwyzf8spa8j8SadBNr1vqo8Y+bZ+d5cMXk/vfN/wBbVzX9ShhBnsLjzDKP3376vBzTH/VdEfq3hhwbiuN8y5H7tP7R7prE32ywuDoeuRfaJYf3376vN/iF8Wr7R/Acehz/AL2487995VUvgVZahrGuvY6NBJLey/vDCP8Al6ilr3XTf2IPiPDcyT3/AIOuY7e6/wBTNLZ/6qKvYyaX1ih7SodfiPwRT4VzL2GHnzRPmuzm8m6t/Eeq2NzJb+T5k0sM1edzf8FGvhzoHiO8gg+FUv8Aos32aHzpv9bX258SP2dtD8CeAtQ1XVfM/s+1s/Km8mGvxn+IWvweKvFGsTj93H9sl8mv2jhTLcvxOF56sOY/Dcx+t4Sr7h9cWf8AwVQns9e+3WPwy+0yRQ/uYYryvlf9sb4z+OP2lviNcfEbXP8AQbOKH9zaRVw/hvxJfQzcL+8o8VeMP7Sikt5zLF/qvO/6a19hTyTKqP7ynA82OOx0p/ESfB/47/FTwT5kGleI7m2t4pv3MXnV9GeFP26vGMNrb2OuaFLqUcX/AEx/1tfI9nqW2KOf/ptXSWfjDVdNij+w/var+z8DV/iI6albGcnuH6IfBn9sfSrPy559Kltv+e0M01emT/tmfCS8hk/4SPyraP8A55RD/W1+Y+m/FTVtNsPPhn82Ssfxj8YNd1KX/R7795F/rqHw3kkqfNynNDMMwVQ/XC8/bN/Zs+weRY+I7a2uLqH99DXH+Cf2nPA/xg+I158MvhXY3PiTULWHzNStNOh/49Yq/HD4mfGrxE03kWN9LFcdz5tft1/wRe0L9mb/AIJk/sd2fx//AGhNbtrPxZ8RbAXmo/aIfMl+yyfvYrWvExPC2Bre5SR9BHFV1RhUqMu/D2zuNS1ryIND8qOKb/lrD+9qP48ftEN+zV8W/Afwy8UW8suoeO9Y+xQ2n/PKLyv9bXUax+2N8K9Y8ZWfxi8AeB47HT5ZpY7O0lm/4+v+mvlV8Aft8fHzx/8AHr/gpt8LPE0J8y/02cXAtIv9Va20f/6q5qXA1DCYGpWqxKpY94vFwp05H6j+K9HuNH8uCfyov3PmebWfo0NjNF/zy8qsOHxhfeNtBs574+bceTF/rqsf2jpOj6XJPqs8v2fya/CcdRoxzT2aPtMHRnUfszrNN0ax1KXyILHy/NqPWNHEMUnnj93XF/s4fH7w38Zx4gsfCs/m/wBg3n2bzq9UvNY0r+y/IvoPMkir0lTVKPLI3xmFrYSr7OZzcPhqxvLXn91/12qSHwTPDd+f5/mx1YF5BqN15FjP5UdaEMxsrDyLmoo0/aEeyZX0GGeHzP8AnnUc32HUrn7PWxPeWM2l/wDPL/ptWP8AY/KuvPgH7uu6Sp00ZVUXIYYNGlj8ievlv/grfrP/AAqT4feB/wDgoV4V1z7N4g+EHiqK2vLT/lrqlhffupYpf/IVe8eJfEghuv8AThLHHF/y2rzf/goR+zTfftCf8Ev/AIsTwQS3MlhpsWo6P5P/AC1lilr1MjlTqY6KkclONSrLlPSPgD8f9D/bN+Dfhv8AaF8N6TF9n8UaPFczRf8APrdf8tYq9Ahmm021jsYD+7ir4A/4NdP2rtJ+JHwW8Q/sXa2YpdU8ORS61o8Un+s+y/uvNr9P/Eng++82PQ7HSY5Ljzq6c2wNWOYWpmGIpKCPAP2zf2nvCH7Hv7MXiz9onxXdxx3Ol6b5eg6dL/y/38v7qKKvFv8Agjt+zh4p+Dn7Pt58ZPimmPGnxam/4SPWLu7h/exWsv72KL/v1/6NrxX9pzXI/wDgqv8A8FTtG/Y+8Ly/avhP8DpJdV8azRH91fX8X+ti/wC/vlxf9/a/QrUtN/t7VI4NC82KztbPyof+WUVd+NxEcBgPYr45HF9WSNDUrzSoJriCAyXMcU1SaaNKmtf3Bj/641h6bdzzXVvYwW/7yWH99NWX4k1LVfB2i6hcT/8APH9zXwrhKVc0VOsXNMhn8Y+PJJ7f/V2EP/kWtzU9Nnsz9ov/AN7WP+z3puq/8IbHqpt/KuL+bzJq7TWNH0r7LJBf33myV9ZhcNR9iduGpVjg9S8YQQy+RBY1lzeMD9v/ANO8uKP/AK7V0GvaPpMNrJ9h/wBZXnd58N9V1jVPt019/qof9TWeJt0O72XsjrP+Eq0qGL7PpV95sks3/PGuL17WPsd/J+4rpPCvwr+xSx/uJZZJf+W1WPGPhWeG16RSSVzfxTQ4vQby+vLWSe+nk8vzqsXkMGp3Ul9Y/wCs/wCm1XJrL/iV+RP+68qufh1ieaW4sbH91b/89a56lIz9qXLy98mLyL4RS1cm1Kx0zQLi+uP9Gkihrn7y8bTb+MW//LX/AFNcX+0V8SbfTfAmsTwf8fFho8sn/kKlhqTp1jmxNQ+I/wBnD4e33hX9tzS5/Cuq+bb/AGywudYhm/deV5t1FF+9/wA/8ta9I/bM0bxx8Pb7wH8MvCnl21xa6Df+GIf+mUUUvm17R8DP2V7HxV/wj/x98HTy/aNLhittetP+WsUv7qWKX/rl+6r1z4qfDGx174l+A/EfirQ4pbfXvt9vqXnQ/wDP1p8sXm/9+vKrzcTm83XjI6fqNH2J8p/CX9nW3+GVp8MJ9VsvM0+Xxh9i16GKH91FdS2vmxS+b/19SxV9CfDfwrqsHxBkgvoIvs8UMtzND/yyl/e+VLXoF58DZ5tBvPh1qvlRXEt5a3Phu7lh/wBVqkX/AB6/+iqPhL4P8R2ejW/irXLHytUsLy/ttSi8n/WxS3UX/wAdr5nMcT9brc5wVMqiv3h89/8ABQn4q33wf1Xw34x1Wwi02TVIfs1nDaf8tbWKL91/39rl4Nev/G/7NMnj/VtD8q4utetbaG0/55Rf8tbr/v1Xqn/BWLwbY+JPgV4L8Y2+l+ZqGjabFbWcUsP/AC1il8r/AOO1uD4SaVD4C8P+B9Dn+zfb9B/5e/3kX/LL/wBFRU8bUo08JA+54KzajlVa1Q8P8Xw65o8txAZ5JJLC8tZLOb/lrLFY+V5sX/XWXzZZa6TWfAelabpd5PPB/o915tzDL53+ql8r91/6N8qpBPpX/Cb6XpVve/ZrP+0v7Rh1GX/pl/yyi/66+bXoGs/EL4Lf8Ibb+ALHw5cx6XpfmyXmo3d5/pN15v7397/1ylqsDmNCio3Po8wjR4jrTjh4c8zzP4J+HNK+L+g2994q0G5/sO/mllh07UP+esX/AD1/7+1x/jD9m/xV4P1TUL7w5cRR+VqXmfa5of8AW2tdp4b8VWPgmwkgg8f6lJp8X7uG08n/AFvm/wDLKukHxC/4TbwbqGh6p5XmWEP+hzS/88q9OrmHs6MqtP4D4mnwJmGLzRYT2Vmzh9HFjpvhy8gnuP8ASPOluYZfJrD0GG+16/8AIsdKub3ypovtnk/8sqy/iF4lvrKWP9//AKPVf4ZeLph4yt/DcF9bWNxL+8miu5v3UsX/AE1rwMowcuIMz1P6qwOUYLwm4IlUn/Hme/8Ag/x7qf7Ofxb8P6941h06w1DQtS/fQ37eZ5sXlf63y/8ArlX1F4V/4LS/CTx7rkWnap4KutP8PyzeVNqNwf8AVV+eX7S3xg1WbxHJfX32LxBHa2cVt/a2if637L5X7q1/e/8ALKvmPWP2kPibqXxBuPDvgfSormz877NrEstn/wAta/cqXCWHdCnSpn8nZrxjXzXGVK2J971P2E/4KTfHP4czfALWND+GXjGx1b/Q/wDU6d/01r8M/GGg+P8ATRcX3/CD31tH/wAtrub/AJa19afAH9orxHoPjyO+8caHbalpdh5Xnfuf+PqKKvvH4o/8Fqv+CcngfwElpr/7N0eqRtD/AMeTaPFF5n/f2v0DKMknk+Fio+8fmmZ4nC4/EyVOZ+H0M3nXUf2H/WSw/uf+mVYepaPrnmyeR/yyr77+P3/BYb9gr4taJeeH/hz/AME1tN024uvN/wCJp9s8uX/yFXxprHiqx8SahJrljpf2KO6/5dPOruVOTPLdKWGOT0GG3mhk/wCekX/LGo7vz4Z44IIJf3tdp4P8Bat4wl+w6HpXmSed5kP76u00H9jn9pPxV5fkfCO5+z/8/daezpUvjMfrqPF5tSvobX7DPBL5kv8ArvKom0Geby/+WUn+s/fV9Gab+w38Y9TuvI1WxsbKT/njd3nlV6BoP/BNnXNetY/+Ej+O/g7SP3P+qmm/1VZXQ/rkInxX/wAK4stR1T7dq0H7y1/eda7zxT42+N/xg8WaHpXiPxTqWrWel+V+6m/1UVrFX15ef8E6/gd8N/D8mueKv2mtN1u4ih/49NJs5ZK8D8VeKvhl4PN5Y6HfXMflf66b/V13Yarg6VO5jUzDFVX7OEOY9M8B/Hgw38d94rFzbW9rD9m0208n97/1yqX9jjXvDh+NPiL9oH4u6XJdeMvE95LoPhXRPs3/AB4WGP3t1/36krX/AOCfug+B/GvjaP4m/GkRfY9Lm8yG0u/9VLF5v+tr6M/Zv+G3wk/aQ/aguPjFrmhyabqGqalL5P8AZ2sf6LFaxf6qL7N5X/tWsc+xNWOSVKtP4Ds4cm/7S9lP4j6U03w1pWm+F454bjzf3MVeZ/EjxJYWfmQHVfK/c/6qavePFXgmDwfYSWNjfebb/wDPavmP9py0sdN0u41XH7z975NfyFmeLdPMPbH7xwrl1bHZ1SpR/mOT/wCCSP2i81n4gT5/dy69LJ5v+f8ArlX2ZeaPPNdfuLH93Xz5/wAEt/BFj4P8H6hrdxB9mk1Sb7TN5v8Ayy/ey19F/Gb9vD9jT4M6Db2M/iq21fWPO/fQ6fNXblDzjPMc40afNTPoPEbCYHJ8y/eTOX+JEQ+F/gjU/iL4kspItP0yzlvbuX/nlFFSfCvWJvjD8OdP+Jvg3Q73+z9Thikh82H/AJZS/wDLWvkj9uT/AIK3W3xD+E3ij4ZfDv4R3Mul67Z/Zpvtc0VeI/Bf/gt5+2D8IvgVZ/Bbwz8P9MsbLTLOKOKe7s4vN8qv0XCcIZopOLsfORz3hr+ydU/aX/A/WHWvhdr9toIn1DTZIo/J8zk15hZ+Pf7Yv49L0OxuZJP9XX5h6/8A8Fwf2+76aQaZ4wtjby/u+bKKvL9S/wCCsX7Zej6r59j45isZIpv+WVnWdTgvOfa/EuU68qzzhWlQft6blI/Wr4y+J/EFp4J1PSE0Ty7sj7OJpR/qpf8AVV9v/sxfsx23hD9h/S/gp8SIZL67v/DnleIo8/62WWL97X85vjH/AIK//tvfEfQf7L1zxfpHlw6lFej/AIln+tlil8397Xs+qf8ABzH/AMFIPEnh+406HV/D+lzy2hSG6s9Hi/dHyvL86KvWyLhHGZfiJVa87/ynBn+fZLjKcIYGlyfzeZ57/wAEqvGnhH/gnd/wXE1DwlrunGLw9KdZ0ATzTf8AHra3P+ql/wDIdfrx/wAFSP2xr3wf+yJ4o1X9iHVotf8AG+s/6Fp09pD5t1a+b/zyr+de8+LV9rHxKk+Kutzy32ufbPtN5qH/AC182voT4A/8FFPiN8PfG9vPPB/xL5Yf+/stfQY/LcRVqe0p/ZPmPrGFbhTmfpn/AMEhf2GtW/Ys/Z5s9S+IGiSy+NPiNLLqPjbUdRh/49ZZf9VF/wBsvNl/7a+bX2jZQ+DvCt/Joc99Hc3ksP8Ayy/5a18T/BP/AIK3eFfG1hp8Hjc20v7mLzv39d58Sf2ovhzrHjfT9c8EeI7a5s4popP9Em/exfva/N82wWZyxftqh7CwOErw0PdIf7Kh1nz8RR/88Yf+eVXPFXg/Ste0rz554vLi/wBdXH+Cde8K+NrX+1dD8cabc3lr+8m/fV2Ah86w+3QX0Usf/Pp51cNKjWjU5zH6j7KkHnaHoNhHBpUH+trD1fUv9KjP/LSjzv8AlhYjzf8AntN/zyo1KFtS0rGlX1t5n/LaWu76xXM/ZFibUtD8r/ia/wCs/wCmNY95eaVDdefpUFY/2OeaKTz7795F/wAtZqx9T17+zbD/AEe/ilop1O5R0mpeMPscscE4qvefEjwr/qJ9K8yT/rtXJ6lqVj4ltY77z/s0kX/LWas+8/49f+JrB5cf/P351bHOdReCx1K1uJ5/K/e1j6l4b0r+xvsNj/q/O8yasOHxJ9jsPs/nxyeb/wAecv8Az1o03U9V1K6uIIf9X/y2l/55V1/Vpey9oFSmV9Ss/JixPB5leR/tOaF/b3hfVNK0qDypNUs5Y/8AyFXrF5NPDf8AkQT/ALv/AJ7f89ay/j9BYw6DcQf8tPJ8uas8H/vZzT/hFj4G/HjSvAfxqj8HQWNtY2evWd1HD5MPl+V5v/LKX/ll/wAtasfE74hQaPdafBrmq21zrFr5Wow6fN/yyltYvK8qL/tlXyv8DbKez+K2qfDrW769luJdH/4pXXJZvM/dRf62Ktj9uTx54j8KX8njiH979lvJdJmm/wCeV/LF/rf+2sUXm+V/01r46rhKNWr+7M6mJq+y5D6I+MHxm1WbQJNV0PXJbnytH/t7Qbv/AKerX/ll/wBsv3VdRqP7RXhzWNQ/4STSp4oo9U8q9hm/66/62KWL/rrXyP4A+O91q37PuqfEy88PxDUNL8VWsegwxf6ryoovst9FL/36l83/AK5VxepeML+z/s+w0vVY7m3utS8zwrLDeeba3Uvleb5Xm/8ATLyvKop5JJQ/eHDUxtbmPoj4hfFSx17wvH4Ovp5bm48OeJLq9+1zQ+b9l82X7VFF/wB+pa7TUtSvvFXhL+3dcglijtbOK2s4bSb/AFst1/zyr5f0345T69oPxIt7Gx/eXWm6Xc6bFFD+9lupZYrXyv8A0VXpHjD4w3Hhvwb4b8D3E8v2j+x5bmb7JN/qrr/VSxV42aZdVlyo4/b1vbHP6/4ksdN8RWelatpX2n/Q/wBzNFN/2y/e1z95ewXmmR2Pny+XLDL/AK3/AFv/AG1rm/Enir7HrOh+MfA99Lc28UP2abT5of3t1F+982X/AK6/uq3NA8/XtL/tQDzI5ZpZIf8ArlXzObJ4PD8x+9eB1OrX4phCr8Bh3msQWcmb7zOe8VUo/ihNYwyeFzcXPmSw/uZf+mVL4ysJY/MvBD8g615fFfzzSSXJH0P/AEyr0snxEMRkjhvOTP7SfA+X1eMKeNULQhHml2PSLaLVvEq+TodvFc3B/wCe03lxVY1Ob4jfA3VP7V1W/sbb7VD/AKm7hiuf+/VeP3f7R+teDbn+w9Bgj/66zVz/AMWvi1P48sLjXPPll+wQ/vvJvK/VeA8ujla9pXpe/LY/mb6Q2Y1M+zCWHwFaPs4X/Dc9E174xQeKv399c20nlTeX9rtP3X72vL5tNnm8eapqthqtlF9lmlkm+yXn726i/df62vIfCvxQt7y11vSLC0i/0aKK9lu9RrutN8N+LNZu9LsfDlgbayv9IludYm/5a3Uvmxfvf+mVfsNCp7Kp7Q/jbEUpRh7OUj6E+EumaH4V1W38U/EW/k+x/Y/Ms7S0/wBVL/01ryv9q748QfEmwt7GDwZH9oi/d/a6ufDfxLpPxg8JXnhXxx4/vdJ1jw5Z/wDEntPJ/wBGli/6a1xfirQb7yf+Jr/y1/5bf8spa+vwld4rC8iPkK9D6lX9rz3PM9B+Fd/rEn9qX09zHJ/0x/1Val54Pg0cSefPJJJ/q69AhvJ/CulxwTwSy+bVP+2PtkXnwf6uL/UzeT/qqhYL2Xxh9erYnY5PS/iBqfgPXI7Wxu7mOO68r/Sof+WUteuWf7UXj+z0a30r/hMbn91XkepabP4asbjx/rmfs/8Azx/55S1+nFn/AMET/J/ZV8L/AB++GXxU03UpNe02K5mtLuHyovNli83yvNr5rNnWhVPYw2BjWpnwn/w05qp/f/8ACY3P7r/Xfvv3sX7qrGpftIeKtShkOlfbrmP/AJ7Tf89auftOfsx/Eb4cePNP/tT4ZXseqed5c1pDZfupa2L34A+K7ywjvtcv/wCyP3P+p8mvMpyxcjjxGHpUK3vHn+vftIeK/Cv2efVf9J/57Q+dXMfBPQrn9sf9tnwX8J7My21h4o12L7ZFF/0y/e/+0qpfFrwr4O03XvsN78VLbzP+eX2Ovpf/AIN4vhJpnjz/AIKQ2fjK6h82z8KpLNZS/wDTXyqMwWJwuAnVgfRYGlh6cPaH0F/wU6/ZVm/Yr/ZF1/4iaNr1ymZ7CyPnQxR+b5sv+qi8r/VV8z/8Ez/2zte07xhqHiK61a9kjsLO1sv3v/PWWWWv0f8A+Dnay87/AIJ3Cwsf+XrxJYR/+Ra+O/2D/wDglRfQ/s32fji+8ZR215ql5Fe3kU0NfDZvxl7HhSUMVPl5rn3/AAPkGW1c9pVa/wDD5lzH1pqX7V0/irRo/PvvMkl/1Jrxb4v+PtU1aSMzQ+bHF+88oV3dl8FbHw1p8VhvMg/1fmjvTYPhJbyyAXoikjr+Ua2PxlTML3lOmf27l68Osmpe2pOHtD5X+Kn7b3xb+Hml6h4HGlXNjZ+T5fmw/wDLWvD7z9pDxHeaNJfHyvMi83zooq+8PjN+zHofxU0u40qfSopftUP7maviP9oT/gnL8cPhja3nirw5oUkunxTeZ51f1H4d8Z5H9Up4KEFGqtD+TvFHhuvjc2qZhSrc9KXvenkeZ3nxyvtYElxXF6x8QvHGpQ3FtBb+bZ/9Nqp6bpv2zzIJ/Mi1S1h/fWlbGg3mh6laeRBPcySf88Zq/abVKsLo/HlTpQM/QRqsOlyfb/Ntqy9Y8Kz3kUl9PfS16RqU1jZ6X5E8HmRy/wDLauT16ax02WQ+R5n/AE6ed/6NrP2VX/l4XSxaRydno+raba29j58n73zZK0NS0eeaKO4sJ5Yrjyf9TWXeeNp9NmjsdKsfMjl/5ay11kMN7NFHYaV5Uv7n99LLNWVU6fa3OL03TZ4YpNVUeV++/wBTXQQ3kHnSQeRF5n/Xb91Ud7PY/wBl297YweV/rfOm/wCeX72Ko7y8ghuvIsYJPMlh/wBD/wCmVZfwjX+Kdhpvja+8NXXE/l+bDF/qf+XWWvcP2af2uZ/BPi2z0PxjpVtJJ/02/wBVLF/z1r5f8N3nnX9xAf3VndeV/rv+WtaEOpwWdhJB/wA+v7z7J/rZbWWuarhMHivjPSpVcVS/hn3Af2rvFXhvVNQvvhz4iuZY5Zv9N07zv9VVcf8ABTL4jaRayT/8JHJH5U376WKb/VV8b+FfiRrmg+MrO+sb7/SJbP7T/wBdf+mVeifFPw3Y6loH/CcaH/o0d1/rv+mUv/PKWvJxGT5ce/hsXWqUvePsDwf/AMFVfGNnYWedciuf+u3/AC1r2Tw3/wAFVtD8SQxwa3odtptx5P8ArvOr8b5tZvv9I+w+bHcf8+n/AD1/65Vc0f4teI4dLt57efzbeL93+9/5dZa5v7Jy/lNPaH7maP8At0/Dm88Of6+2uY4pv9T51Fn+1d8CPFUv2Cx8VR6JeS/9BCH/AFX/AG1r8V/Cvxy1zU7S4MF7JFcReVHeWks1dRoPxy1yzPkf2rLc+V/rrSb/AFsVcVTIKIe0on68fE74wWPg+2t4NV8Vabe/88buKb91LXzv4q/4KHf8Ir4u/wCFcz3scVvLDL5P2ub915v/ACyr4X8SfFr4jaPFHPP4rub3w/f/AL3Tbvzv9V/0yl/6a15P8TvHmq6nqn277fLL5UP7m7hmrtwWRYXk1POxNT/n2fenjD9tHxxNdW8EEEWkXEX7yHzpv3X72vT/ANm/9vDVf7fk0PxzYfZrj/nr/wAspYq/Njw3+0jfWegWcH277d5X+phm/eS2td54P+NmleKvAesaVYz+VqFrDLJo/wC+/wCWVe9SyjBVKPszyatTEQfMfthBeeHNY8OW+uQGOWzlh8zzv+eUteN/GDxhYzGTS59V+0yS1H+w342n+JH7Jeh65YzfabyLTfs15DL/AK3/AFVYfxC0H+x9G1jVZxJL/ocUcNfmma4f6hmE4RO2UJex9oF7qMEN1ceK4PB0UUkWpX8lnLND5V1a3/8Arfsv7qs/UtSn/aE0u48ZeHL6PzLWH+2tS067hi82K6tf9V+6/wCWv/HzLFXaeMJoNd+FX/CHeFZ/s1xYeJP7S+1+d5cX2+L/AJZf9tfKi8r/AK61zdnpuqzapZ+I7Gxl02S1mluZtO8n97debLL5tr/5M/8AkKvzzDSp0vfPMqnjfhmTQ/C8uoeFPDl9FqXh/wD4SSK4s7SGH/n+/wCP7/yLc3MUX/bKuP8AG3wf1X4P/HrWP+EB+2yeF7CGKTR/O/e+VLLLF/yy/wCmUVfQmg/Bn4gaPdah/oMVzHFrF1c2cMum+Z9q82Xzf3Xlf9Na7w/CXxVqWvx6pq19fW0niOGK5h+yf8usvlf62KX/AKa/+0q9mGaQ6keyPnP9jTwVqvw2+x6p4/8AKudQi1iW5/s7/WebF5v7r/2lLXcePPg/qo8b6XPf31zHZxWd1p15dww/62WWXza+gPh58Pb7Tdekt9P0u2uZPsf2mzhu4fL82L915Xlf+Ra7TXbPQ7PS5ND1XQ/Mt4v9Jhih8qTyrqLzf3UteVjsfhqtUz9lr7Q+M7P4M6HD43vIPEcGrS/2XZ+ZDDp0P7qwl/5Zf+ja7TRvC0Fnpvk2Hl+XF+7r1jxt4q8OabFrF9Y2P2aTxH5v2zzYf3sUsUtYfhrTLHUvC9vfQW/7u6/1NfF8T0q1fAP2cD9x8Gc5weVZrKtXZ5nqXw1ttWlj0+WD91Ka+cPj/wCGLr4TXE+g3Fl5YE3mQSy195nR7Gz1iOCeCKKS1m/8hVy/7UXwH+G/xh8OXll4r0rzY/scUkMsU3ly1twBlmMwuJp1sTC8HLb5bn7Dxx43UFg6uEwc3Gco25j8yP2jvhz4s8M+ALzxDe2/lSS2cUtnND/qpYpZfK/9q1b8B/s365pHwNj/AOPmK4uodUubzzv+nWKKWvqCHwT4jl8UXn7Mvj/w5/bfg/8AsH7To+t/Y/8Alr/rYrX/AL++VW5eftLaVpvw50/XPH9jpukR/wBm38epeTpsX7qWW1/e/wDoqv6njVy+ap+zP4txWb5nisVJ1at7nxf8Pf2YdTtbv4l6j4q8HSSWXhfwvo+pXkssP7q1il8mX/2pXpP/AAT6u9T+M1v8Z/ibrWnZt/C/w3v9R02D/llFLLF/qov+2tep/E79qjQ/ip+wj8bF+HXhaSH/AISP7BHpt35P726tbW1sIv8A22qT/gl/8CNc8M/8Ev8A4x/GX7PFFJ4j8FeXDLNN5f8AqtQ8qt60lTtI8qrQ9vCVz478YfELXLLxHpfji60SOxt76H7NeQw/+ja9Q8E+JdD17QbfSr/97HLN/wB+q5v9qmHwP4Vv/D+uT6rbW3m+G7WObToYYpfN/dfva8rh8ea5o5j1XwrBL/16eT5vlV7uBzTD0YannV8qhVpH1pZ/Dfwd4klksD4jto/30X+u/wCWVdxe/sQWPiSXOh30dzHF/wAsYZq+L9H/AGitVi1SOx1XQ7n97/yyh/dyy/8AXKvt39jT4bf8FQfibpknj/wr+xj4xi8J2sPmf2td6b5Ut1F/07RSyxeb/wBsq96jm2Xz+KZ4E8hx9+akjz74kf8ABP34qeJJbf4ZQQeXpeqTReTqPk/uooq/eX4B/sxfsgH9nzQPgXrVx4d8W6TpWjWtv5E04l2SxRRRebX5VS/8FDLTwhoWqeBP2rvDcvwqk0v93BD4xs7qLU7r/rlFFa+V/wB/a+f2/wCCj8Gv/EGTVf2c/jTpum6fF+7s7TxD/o0t/LXPmGHwWP5OWZ62TvM8tlKFWHNA/f8Ab9gr9lq90mOx0/wX5lvH/qVm1KWXyv8Arl5tfCn/AAU4/wCCQvxN174X6xffsvT3Meoed+5h/wBZ+6qP9gn/AIKufEfQLq38OftC6HFLH/y21HSZvtMX/f2v0o+GP7SHwk+JGg2+q+HPFVtJHdf6n99Xh1MPXwL096J9NQhl2MlzyR/IB49/Yf8A20/AmueI9a+I3wZ162i0i1lkm1CXTf3Un/XOv0//AODc/wAP3nw98Fah4lGkS21/LdSyTSmHy5TFX7yazoPgHxhZSWOuaTbalby/8sruHzYqy9D+B/wr0C1ksdD+H+k2Mcv+uhtLOKOvKxVeVehOmy8xy142ioUJcp+U/wDwcIeLP+E0/ZX8L+Fbe4jubj/hJLWSaGH97/y1qx4W+LXhvwr8NNH0OC48u3i02L/0VX6OfEL9hr9nP4nX/neKvAFtffvvM/ff8sq5/Wf+CY/7L2v/AOj33hX93/zyr8tzzhJZvCNOW0T18DSxeEoqCqH5v+KvjPoc9r/oP7399VeD4nWMNhJPPB/qq+/Ne/4I/wD7Od7ayQaH9ptpD/02r5j/AGv/APgjl+0JP4C1DRPgD4i022uJf+PO7u5v9VXl4Xw+w0K0YVPhKqyzWtH+MfNfjD9vD4H+ArWSfxH4iisfK/5Yzf62vmP9o3/grt8NvGGkXHgbwDqksen3Q8u81CWH/wBFVz3xb/4N7/2v9J0fWPEPxj+PXh+TUbQ5ttLgvo72a7k9P3UteNWX/BDT9si7t/PsbS1l/wCucJr9RyLhTIso/eUKMZT/AJmYVcRipUfZVa8jkPEfxH+AM2m3knhXxXKdUH/Laax/1v8A1zpl5o/xG/4RLS/iNP4HlttHv4fL/tDyf3UvlV658Jv+CBn7XPiPxta6Pr89jpunJLG95fTt5flV+rfhb9vLx78EfgdZ/s6ftPf8E2h8R9E0bSItOOtaHYWEcN35QxF+6PT8P6mvtfrk2rKFjxKkcLTnaMz8LPFXjCcWtvfWMEslv/z1/wCeVXL7WLGe1/f6V9pjimlk/wBTXsH7V3hHwD4m8f6nrfhr4OeMfhd4X13UvN/snUdHluYrCKX/AKa0aj8If2drG2t/DXgj9snQLaOL959r1Czuo/Nll/7ZVqlUrGE1RPnvW9chv7KS+tzH+7/10MVfSmvWPwz+H3/BLGPxXqmlR/8ACaeLfG0tvo93/wAtYrWLyv8A47Xmev8A7NmnQ6/eP4P+NHg/xRYRWfmy/wBk6j+883/rn5Van7ffguf4Zfs7/B/RIPtP2e9h1S5/ff6qWXzfK83/AMhVlLDuj79Q0wyjUrciPK/+EqsLPw5b3H7qWSWb99DNXUaB4P8A+Eru5IYLj/VQ+Z5vk14HqOqTTXMEE8/l2/8ArJf+mtfUn/BNm88OeNf2hvC/h3xzBL/wj/8AbEUmvQ/9OtKnSeKnyQPQxEPq9P2hzfxJ+Ffir4e+GrfVb6x/1U32n7X/AMsv+uVY/wDwinxN1OXQ/GPgf4c6tffb4f8AiZeTpsskUXm1+0fxduP2Af23/iv4P/ZH/Z98AWWk+JL67tftmousVtH9liuovN/67V9O/t1ftCf8E+v+CI37M9lbat8IdI1fU9UY/wBkaHLaCWS/m6eaf+mVedicPWo1vZnpYWreifz9+G/2S/jF8SRHYWPw/wBXsrzRpvMh86zli/dV7J4J/Zj+P0uqf8Ir4x8HSy6fqnhuWS8/55SyxReb/wB/a7+9/wCDlD4r+LbqTxrq37M3w7svMllt7O003TvLl8qvsHQP+Cw37BXiT9g7Q/jT4j8KW1t4s0v/AIl03h60/wCPm6ll/wCWv/TKL/W1ksDWrfAOeN9jA/K/Tf2e/wC0vCOj65BYyS2d1NLH53k/6qXzZfK/9FVxfxO+APxG+Ho/ta+8KS20d1/qZof3UVfqh4q/4KNf8Ek9N+EP9q6VpX+kRabLJN4em/56y/vf/RtfmP8AtOft66r8crnUPA3gewl03wnFNL/ZtpdzfvYov+WVNZb7L+IEcwrNaHmeg+G77Xtej4+zeb/rq94+GP8AwTl+PHxfv9Pv/DllLLHFN+5u/J/dSxV8t6P4x8R6PNJPDfebJ/12r0DR/wBrX44eFbW3g0r4jatbR/6yG0ivP3VdsMNR9lyHDXxOK9ofanw3/wCCfuu6xo0nhXXL6Py7qb7T5P8Azyl/5a18/wD7UX/BKn9qHwTf3E/hzwrc30fnf8ukNeZ2f7XXxp0ewjsR4yvvMi8397FeeVXQab/wU8/bE8H3MkPhz4q6l9nurOLjzvM83yqKWCoxXNzGlLG1qp4/o/wB+NMOq3FjB4OuftFrN9mm/c1S0Hwj8WY/iDF4f0PwPqVzqNhcfv7TT7SWSX91/rK+mfgz/wAFLfEfhrVI9V8Y6HY30ks3mXnnQ/62vt34If8ABcT/AIJ//BqP/hYWm/syabc+KJbOWO8h+yf9/f8AWxVcsP7Ol7SBf1irOpych3P/AAQ20b4j+I/BXiDUNV8F6lpejfZLqKGbUof+Xrza774nQ6rBJrmh67B+8+2eX9r8mvGtC/4KM/Fr9qLxHqHjD4Zi58FeG5f3tnp2nwxW0V1L/wBsq9J8H/EKDx5YR+FNcn+03EX/AB+Xc03+tr8VzyOPr5xOX2T7XFVMro5JCnGXNUK/iubxVo994gsfDnhyLUrOXUrXzooZv3sUvmxfuv8AnlXrniTw3feNpbPxVqvhWKOzi83UYdRhm/49f9bFLF/3982uT+Ho0K80G48DwX19FJFqX2mb7XZ/8fUVdBrPxb1zR/M8VXxii0vzvs3leT5n/LL/ANq1+SYjF9j432evIST6FY+JNbt4Nd0qS28qb/iT3enf6NdRf9Mv+mtd5N4J1ybRo5/A/jHUore1/wBJmlu5v3V1F/zyuYpa8r0f4neI73w5ceKp9DttJ+1Q+Zps3k/6T5X/ADyrL8SfFrw34DtZNc8R+P8A/R7+z8yGK0hl/wCWtVhaz+2dFT90esQ+MIJtBuLG+0qX7ZYeVZQyw/8Af391/wBMq5fxJNAv9n65YwfafNml8mWKbyvK8ryv9bXlcOveOfHnhfT9U8K/2lFb+d5k0Mv7vzfK/wCuX/TKrmm/Dzxj42ik/wCFjX0tjb/2lL+5tLz/AFtr5tb+1wtGp7SpI82pKtVOb+NvjH4xeJNGkvtD0Oxljurz9zd2kP7q1/6612nwH1jyfDsdj44/0a4im/0yH/nl/wBNYq7zTfhv8OfCsv8AZUFjc/2X9j/c6daf6qtyHQdJ+1R+f4VtpbeWGL7HNNZ/6quirn2WujyszoVsxwb/AHR5/NpniPWLr7doc9tc2csPlzXcX+t/1tdB4q8N/wBjfv76/jlj8n9zDFD/AK2pNY8SeDtHuv8AhFYPNtrOWb9zN/zyqPWPFWh6Pp8cEHiP/SP+ev8Ara1wPE9JL2dOOhzVa+Jrz/enB+FdB8R6z+4v9K/eSzS+TFL/AK2KvN/i3+wT4V+MF1/ZXiPVb6OzlvPtM1pD+7r6Ah1L+x9G/tyCf/VTeXPNL/rYqw9e8bEWH9qwX32mSKb9z5VfS0uLXG3szhqU3TOT/Zo/ZF+EnwZ1S3hudDubnS7Wz8uHT/Or0CLwTcw/ALxJ+z/oc8VlpeszXXkxeT/qopf+WX/kKvJ9S+P3jjTfG/2HyPK0/wAn99L5NbFn+054b166t7C4n8z/AK4/89a7anFuNrROWlWqQlynn+jf8Ec/2ZfFXhyO+8f65qWraha/vJpfO/1tdB4D/wCCePwk8K3Un/COaHJZW/8Aq/Nu4a90+HvxU8AxXUf7/wD+21l+PPjl4c837DPffZo4q8HGcY5lOXs6aO+Uas1zHn//AA78+Ct54tj8VaV4ViubzS5ovJ1HyfK/1UsUv/tKvuD4M/8ABUPw18MH0f4S/tG3EVjeGHy4dRmh8qKWvmOX4/eB4bD+w59Q83/pr/z1rxv9pC88HfFrwtcWOuWP/HrD5lnd/wDPL/rlXZkvFuNoYn/aH7p04WpWhUP2J8V+B/2Pf22PAUnh7x/4W8LeNtGuh/x6ajZxSV8g/G3/AINcP+CVnxVSWXwn8OdV8G3j9JfD2o4ii/7Z1+RHg/8Abw/ai/Yt8Wx/8Ir4jvdS0uKb/j0mm/5ZV+hH7Jn/AAcmWOtafZ2HxHsM/wDPbzv9bX7Flmb/AFml7SlM9mEqNQ8++Mf/AAbD/tN/AKW41n9gb9pnV5rSMebDpOr6jFFLLL/zy/55V4B48+LP/BY//gn5pA8RftB/s3aj/ZdjP++1y1tP9b/36r9q/g5/wVs/Ze+LNtHnXmsZ5e1euanr37On7TXgy48H61e6brel38PlzWd13r3KWbzelQxeW0anvxPwq+Bv/B1PpmhW0SfFTwNrcUcX7uaXTz5lfVXws/4OpP2Idc0q4vvEmt6lbfZf+WV3D5cstY/7Zn/Bq1+z38VPEWoePv2dfGNz4fuLoeZDpMX7yKL/AOO1+Gv7dX7BnxN/Yt+L+sfCr4kaf9ivNMm/c3Zh8qK/i/6ZVvUp4eqvaLUulBR9z4T9/vDf/B01+wzrGu/2TPPfW0cv/LX915VfTnwH/wCCvX7Gvx50WS+0P4xWMVxF/wAuk00Vfx2W10Y5vI3+ZH71+h/7Lv7HXxp+Ffw08N/tX+MdCudb8D69D9mvLTRP9ba2v/PWXyqrBZdSxZnjMX9UR/TBo37V3w+vNG/4SMar9ps4v+W0P7ytOH9qb4H6lplxdz+K4/skQ/fedD/qq/GD4Y/D2D4eX9nqv7Ofx3ub63v4fMm8Ha5qX+k+V/0y83/W17x4U8beKprCS+g1a5/ew+XN5MPmRf8AXKWKtamRu5w083PX/wBtD4Z/CfX5W+KnwL+IOm6lHJN/pmk2k371K8Ah8baro1h+4vvLjr5b/br/AGqPip+zh8dNDuPDc8X9h6zZ+ZDFaTfupa9U+GPjz/heXgiTVdKvrHTbzyfMmiivPNl/9FVFfBVMLR/dnNVxPtqnPI7w/FQfb/In1yTzP+mM1dBN4qg1jSozPrksv/TGvM9H+CfiPU4pJ76+l/df8sq9A8FeA9cmk/f+HJK836/NUi6WFlWCbR9K8beXpN9pX2mP/rj+6rm/GP7IvwB1iWS38VfCrRLmT/ptpsVe+aPoI8BxeffWMcVY/jHUtD8SeZPBPFH/ANtq4Fm2Ip1TWWAqHxj43/4JnfsL3+qLNZeGrvSdRkm8ySTRL6W2iH/TKvu7w3/wT9/YY/bY/Zks/hz8W/BtlLeaDo/9naDqM03lS2H/AE1irwfWfhXc6xrUmq/2rHJH/wBca9A+GPjDVfhvayNXTPMq1b7ZrhqLp1ryPy8+P/8Awb2ftNaJ4n8SeHvglpMmt2+l6lK9nq0q/wDH/F+9/wC/VfLHwybxV+y/4j8YeCPG+nnT/FFrLLps1pN/yyl/5a1/Q9oP7S19r/2yx0Of7NJ5Pl+dNX51ftFf8EQtT+P3xg8T/GTxD8W7W2k1ib7TD9mu4o5PN/GvWwuYKEeb7RrXk5y5KnwHxd/wT+/aBuNF/wCCmPwi8Z3t/H5dj4q8uU+b+6/e+bF/UV9C/wDB0p+0H46+Kf7dFt8KtQnj/szw34VsDBDF2lli82Wpv2YP+DeD9tG3/ad8LeJ/D1pY3XhzTddiuJtS8/pFEc1mf8HLXwNuPg/+3/bw6lq8t7eax4J0y4muz/y1lj4NXDGPE1eWYnOnBxlDY+b/ABZ+y3f/AAx/ZEsPi/c6UfP1Cfy/Om/65VzXwL8Q23hf9m/4mXV5Yx3Mn9m2EWn+bD/qvNu6/Q/9sTWfAHiX/gjiJ9JsY/tlh/ZdzDj/AJ5Syyxf+1a/OTS/DviLwr+xprHie7sPLs/FHiS1jtpZR/rYrXzf/aste9iqcMK4uH8p5uX4ieKjPn/mPImvBPY7r2WSTyvSjTJr6ztv+Pf93LN5fnVX8K6Zca7qkmlQf8ta9Is/gD441LRref8A4Ru5+z+d/wA8fMryKftq57VfE4XCq0zg5pp/K8+CpIbyeaKP7dB/1x/6ZV1mpfCvVdNtfPnsfKji/wCW0VU5vAeq+V58E8cscX/TaiphqxhSx2EqnL3d7hfuy/8ALL97Un9vTf8APeST/tj/AKqtFfCmtXEVxm0kk/fRRzeVVK8sp5k8hfMk/wC2NZexrmiq0Ohj3l4fMkgx/rf3lWNNi/ti/t7GCD/SLqb/AJZVUntp4d80kOY69+/4Jn/spePf2x/2zPA/wM8CRt51/eeZqM0Uf/Hraj/Wy1w4mriIQO/mpeyPun9nu80rwf4IjsYLGWK3sNNtfO/c/wDH15tesaP42t/DdpJ4j/sP7NHL+8/df8ta6T9sD4Jz/su/FW88HeFrGPUo4tNitv8AS4f3t1FF/wAta8jh/wCEk8YfBvVPH+uarJF9ls/Lm/6ZeVXxVWjVq1uc8HMVXo++j7M0vTdLl8OGxsbGSKOwml87Uf8Anl+9qTTfDelan5fhyC+ub6zuv3kP7n/l6/5ZV1E1nBrHhz7DpJjjs7W8/wCQdD+683/prUmj+JNL8N239u6VBbSW/neX53/LWWWv5HnjsX/KfVVMN1DxH8PfB15NJPrtjJbSS2cUf2T/AJ6xeVXL6l8H/hXrOvWfirVbGW58r/jztIpv3UX/AO6rH+IXxsvrzxRHBYmKW4ih8uauk8E/br21s/8AhIx9mk8nzJqTzbF0aZnb2psafDYwxeffQeVH537nToYf+WX/ADyqxD4Vg1O//tDSIPL8qb9zD/rf+WVdBD4b8mK3sdK+zXP7nzPNmrQ8N+D4NHtf+J5/x8XVeDic9x8zSngTHh0ee8v49KsNJ8uT/ltL53+qrcvNB1XTdG+w33l/67y5v3P72X/prWx/xI9HsJNVgP2bzZv+2tc3r3jax/d+Re/6RLNXEsbjK3xGlTDUaR5/4v8AgD/b3jP/AISTz/Nt7WbzPJm/dVl3nw38K/2p9pFj5kn+rm87/VV1niTxVfWdh5At/MuP9Z5MNZfhXR/FXiqW8n1Sx8qOXyo/O/55SxV7OFxuLpUzxqlGFat8BYh+HvhTU/seh/b4oo4ofLm8n/nrWXefs9+DjFHBpQ/4mEv7v9z/AMsq9E+H3wrn1K6+3X037zzv30stegaP4V8OaPdSceZJ/wBca9fDYrGHrUcoo1Kf7w8Xm/Zi8K6xoVvY/YZZLiKHy5pfJ/5a15uP+Caelw/aJ/t0ltcXU0X73zv+WVfZGpa9ocN1HjVba2j/AOW0NeX/ABa+Klj4Vv8A7DY33mx3UP8Arq9Knm+OVX2cTnrZbl2G96R5vD+yv4c0e1+w6VP5UfneXNXN+JP2D4PEni23nn8Ryx2/neZ/rv8AW17J8DNe/wCFoeNrP7dP5dndQy/uYf8AW/8AXWpPiRr39mQ2/wDYfmxRxTfZryaGu3+0K1KPPMPY4Z0eamcfD+xn8MvDYs9V8VX0kvmw/uaPGHwl+C3hbSrjStK8OSSSS+b/AK2uLm/aDsfGF1J4O1XXJP8AiTXksd5N/wBMv+WVU/id8eILzS7i90Py44/+WMUv/LL/ADFFXmV8Xjar0OL22FhM+c/2xv2Y4NB/4muh6VbeXLD++tP+WVfJfxb+CfhXQtLj1uCw+zeVDFJN5P8Ayylr7w8efE7/AISPw7cX19pHm3EUMX77yf3VfK/jDTdV8YSx2N9/yD7q8luZofJ8r/rlX6TwTnGLpfu68zy8VibVv3Z85/Df4m/E7QbWTVfB/iqWPyrzy/sl3/z1r3j4b/8ABTj9qn4JxW99faVLL/16TVxfjzwHY2drZ6rodjFFcS3ktzNN/wA8vKrg/EuvQWcGoXFvqtzJ5X+pi8n/AJ61+2YSpDFLnM8NmVakfoR8N/8Ag4o+MWjyx/259p+0f88pof3VfDH/AAWh/wCChmrftueOtG1LxDbW0d5YQy/vYYa5bRr2w1OW38Ja5of7yXzY4dQrrPgD/wAE5rn9qH4qSeIfH/ii5j0Ow/eTfuf9bFXt4bGKjTkjtpY6jVq++fG/g/wJ448XGCXw34PvbmOL95NNDZ+bX3r+w9/wVk8f/spfs963+zN8TfBOrav4dvJZfsImh/49IpYv3sX/AH9r7D/tj9kn9mi/0/wN4A8ARS6XFD5c000P+tlrk/jP48+A/wAZtFk8H3Hwk0mL7V/y18mujDZ39XXNEjGTo4n3D4Muf2mPGmr6Xp6abrXlR/bJZdMu/O8qW1ljl/8AtVfbf7JX/BTj/hNrWz8OfFTVfsXiT7HFHDrdp/z1irz+b9hX9jvxj4Dt/A8AudJ1D7ZLJ/a1p/rf+uVeafEf/gkd+0T8MooPHHwC8WxeKLO1/wBJ+yCb97FFFXfhM6p13rI5Z0qKp+zZ6n/wUy/bM+EvxW/Z1/s/SbCytvFH9vS/bLT/AJ9ZYv8AWyxf88vNrxz9k/8A4KJ+L/Bmi2mgeKJLFrGGP/TGlh/e18kfFjSvHGi+MbyHxvZXMWoSXksk8M3/AD1qrZjWoV+0Q2cvlxQ/uYa9mnVlV3XuGaw1F0j9sP2e/wDgqt+yheReR4/vpbKSKGvpzwf+11+yh48it7fwP8cPD8Ukv/P3N/qq/m3e81QXMMNrL+88n55c121p8YPF+i30cOl30snlfu/NiH/LWuSpgcJVe1i6OIlh0f0JeMPEmh/E6WSx0PxjYyf8s/8Aj8irl9e+Hv8Awgel+fPqvmSed/qf9ZX4T6b8ffjbo+ryG+8aalbR+dzcwzV758K/23/jTZ2Ec994xlvY/wDp7mrjxuQR9jz0x/Xq3tj9OPDfxCn1LUJNKn8rzKy/GEPjjWLCT7Dby+X/ANMq+f8A9nv9pzQ/idrVnBZwS/2xL/rvJh/df9/a+hP+F56VNL/YdjBFbXkUPl/ua+HlgsVhax6NLEe1K/wr0HXNN8z+3Jv+20s1dJ/wjf8AaWqR/wDLWsvQfh74r8VXUl9b65LF5v8AzyrU1ibV/htayXBt5Jf+m1ZfW6yrGipTrH0J8K/i3448B6NHY/bv9Hih/c1+f/8AwcRfsz6l+0f8Mrf9tfSfiNbR6p4Ds/7O1LQ7uH95f2svlfvYpa6T4nftXarpujXFib6S2kirn9B8eT/HjwbqHg7xj4jsdb0fWYfs15DNN+9ruw1fE0KntZj9phqX7tH5qeF/28NJh/ZYuv2d/FOgXN4L6OKGR45v9TbxTRS/+0q8+/aQ/aqj+LnhLw/8LPA/hyPRfDHhuKX7HZxf8tZpf9bLX6P2P/Bud+zF8QNL/tzwr+0N4o0XzZv3NrNpkVzH+dchrP8AwbeeArSWT+zP2qdRl8r18OR//Hq9KrxXhZx5Kky8NgaFOfPCJ+YHgnXLXTb/AOy3hjjgl/1suK+qLX9ua30/wfb+HtMk0mKOKz8qHyoJfNir6Y0D/g2s0jVS7TftMXkaA9f7Bj/+PVt6X/wbW/DcxPPrX7TmrrGBwYNEh/8AjtFDjTLsMuWDMcZl1DFT55H55+Jvi/4W1i1/s+51qXy/O8z91XOyeNPh7aNi1v7mUxf6mXya/S3RP+DdP9na5Fyl78fvFtxJH/qhBZ2vNaCf8G9H7NOhw41n4ieL5D7tDH/Sirx/ly3Ip5bhKcND8w2+MVhp0H2PQruWIGWM+aYfTrXPXnxDhEskNmX8o9PkFfrwv/Bvh+yjY6Zb6rdeIPFFzHN6ajCKrt/wQp/Zb0/UEWDwl4kvbeaLMQl1zypM/SuP/iIGXz+Er2eHw/2T8dp/EMU03ntb5H/PI19of8EWf+Cgvhj/AIJ1/G3xZ8abzw1c6nrGqeFjpugRWsXmSRzSyjP/ACy+lfYmh/8ABHD9i7TdOE9/8P8AVPMuegutTlk8qvUf2fv2Gv2b/gzcHUvhh8Nrc6jbfvTPen/VV5OM45wVSGgVK69nywifHP7UX/BVz4t/GzxjH43n0PW/+EkfWIo7OHVv/RUtdJ4D+P8A+0Z8QvAfiCxm+DsVlqHneXNok1n+6uv+mv8An/nlX2Z4k/Zc+HN5qlvqvirwdYy3Ev73zYbOKvQNN+FfhyXy9KhsY9NuP+e3k187V4ypU/fjEmrUdSjyHWaxr3hbQZfJ8+Sx/c+Z/wBNfN/65Vh6x4Vt9HtdPsdDvovMim8y883/AJa/uoqseCPDcEN3JPqxluZJf3f2ubyvKrqJodV+1ah4qgsYpfK/0ezh/wCeX/LKv5ZeOdI+mjucv8PfhjYzXVxfa5Y/ZrjzvM/0Suwh8E2Juvs9/B5dvLNF+68n97WxDNfaDa29j58X2z/j5m/6ay1Tn16ezi8iD97eed5c0v8AzyrzamJrVjphTom5qUGk6PbfuNV/ef8APKH97XH+MPHk1nDxqv2m4l/efuYfKqS803xHr2sx3FjB/qrOKOa0rpNH+G/nGO+/sq2uY5f3k37n/VUUsvrVjonS5zj4tS1y80v9/YySSSw/6qrB0C+1i6t57Hw3HLH53767m/5ZV6ZD4P0qGWO+v4Ps1v8A88Yqw7zXvDmg3UmlQaVc+XLN5n2SGGvSpZVVZxVcMY+g+DxeX/7iH/W13Gg+GoP3kHiPVZIo/wDrj/rYq4O8+M39g3d5pVjpUVtJLN++h8muT8SfHj7YY7Ke+ljjl/d+dXtYbIqlr1BL2NI9w17xj4H8K2HkaVeySR/6vyf9V5tef+Nvjloflf2V4cni/tCX935NeD6/D8W/G3xV0vw5oUFzFp9rDLJNLFXtHwq+DPg34PaDH448cebe6h53meTLNXu0sDSo0jop14SkSa9pviObw5ca5rv2mxt4ofLmlr57+G/jb/hcHx91DQ/sMl9o+l6bLHqV3L/yy/dV7B+2l+0VBN4c1D4ZaH/ZNjef88ZpvL/e15H+xR4K8V/Dfw/b+JPiEk/n+I4Zba4u44f3UXm/uq8yp9Ww8Z1WfKZlz4nE+zpnWeK/Emq/DfwbqnjG382xvPJ/s7R7S0/eyy+b+9i8qL/tlWp8SdesfBP7PGqX/jHXJbbWJdN/tHTYf9b5Uvm/vYq2LPwHBrEMfirxj5nmaD+8s7T/AJ6yxRfupf8A0bXF/GaHSvG3iiz8D3w/eS6D9tvIvO/5a3X72uSnjcPiFzHT7P6thOT7R87/AArn8YeKvGeofatKTy9Z/eWl3+9/e/uv3Xm/9+pa9U8YfBnxHpw0/wAOQXFtFH5P9o6lLND5sXlRS/6qu88N+FdC8E+CJND1UeZ/odr++i/6ZS+bWH+0HqPj/wAYeA/7D8EWMstx4j+yx+dD/wAsooqxlmlH61BHmUcP9YmeR+G/ip4j17xHrGh6HBZW2lxTS+RLLD+682vF/wBoT4/eFry70+wngitrO1hlk/0SH97LX0J42+A/h34e+F7fwrPfalF/Zd5Lc6lNDN+9+1eVFF5Uv/kWvE/G3wT8Oax8UJPEUFjJ5l/D9ps4dR/1VraxV+gZJVpTnz04nlYmm41vfPO7PwT4k8U/C+48cfYfs2ly+b5M03/LWvm/xtDqtn4t0+eeDy47r935Vfdn/CVfAHR7XUPCt94jvbmO1s/+JbFF/qorqWWWWWvmf4nfD3wdeX/9rX3iP/lt5lnX6zklfHNfCcP1mnHQ4uz02ez1m3vr6eL/AF3+tr2/wp8ctV8H/Dn7R4c1X7NJfzSx/ua8M8Yf2HeaX/yHIvMi/dw+T/01q58LNOn8VaNpfnz+VbxebH5VfaYak370jXDVaR2HiT4heI/FUskF9P8A6ryv33/TWsu88YeI7PxJH9hnlk+y3nlTf9tap+dY6bdSX3n/ALu1/wBdXNzfELw5/bP76+ij82bzKfsah61Kn7U9QvPifPoPi2PXPt37uWHzIYa9s+AP7Qnj/TfF0c9jrcsZl/5dPO/1tfC958SJj42t9Knv/wDVWfl17B8PfipY6N9jvvP/AHkv7usK2HnRl+7NKuGue4ftjeCPhz8cviDp+uT/AGLTZLqH/TJoof8AWy1y837AWq6PpUeuWGq22pW/k+Z5MUP+tryP4hfHKey8ZR+f+8jivPM8mvVIf2r/ABVNYW/9leI/s0cUP/IPr6bBZpiaNKFOZyzwEnE8Y+I2g+HbbxVb2fjD4Ga3Y2FhD5f+iQ/63/rrT/DcXwI/dwfYY7aSKHy/9LruPFX7S0HiS6k8O67BH5n/AD2irwf4qfEjSre5k8/7Nc28v/LX/lrXq/2pQXxnNTyzETZ6R49+FXhX+wY9Vg8qXT5f+W0Neb+D/wDhB/B3xP8AI+JtjJ/Y8X+p+yTV7p/wTr+AOq/tpeLbzwd4j8VXOgaP9jl8mKab91dS1j/HL/gnl4j/AOE4vPBvhW/uf7Q0uby5pf8AWWtc2J4my6/s7ns0OGc4jD2soe4fXHwB+J3wB0f4aXE/wPsYpLi1h8yb7XD+9rw/Uv2rtc/4X9bz4ito5fN8mHzv+WtaH7E//BPf4x3egx+LPDl9c/uoZY9S86b91XF/tCf8E9vi3oMWoeI4ILn/AISC1vPtNnF/z1r5nE51gatQ6sLga1Jcsz7g8E/GDxH4D16zvoNVjubeWGKSaHzq9I8e/E7Q/GGjRz6Hff6RL/roq+U/h78GfibeeA9H1b+ybm28QWsMUepWl3/y1/dV7Z8KvhvB9qt5/t32bUJZq+Sx1ajze0pm9SnW9n+7PJ/G0P8Aws6XVLG+8OW0klrDL/pcX/oquL+Evhux+GPjeOC+0OT/AEqbzP8ARIZf9V5VfYmsfsWr9vt/HHhy5uba887zJov9VFLVjUvgz4j+3289jodtHJ5P/LKuf+2pyo8h5csFUda56B8AfFXgDUtLjluJ5YrjyfL+yTfuq1Nes9V8NxSar4cnj1KPzv8AUzVwfhvwT/wjd/8A25rlj+8io174qGzl+w2N9HLHLNXylV1a1Y9iMnSpezOk1Lx5BqWvfYb7/QZJYf30NV4dS0rTRHY+Kv8AlrN+5mimqv8A8LO8Halayfb4IpLj/ltXN+Kryxmm8+xgtr23i/1MMU3+qrieFrRMp+0O403TYbOKS/0rVf8AR5f9T/0yo1LR9Whi+3ar5nl+T/rv+etcv4b8eaXN5elTweV5VdRqXjax+yxwQa5H9nrilg8YyjDtNYvpo/7Kvtcl8v8A5Yy1T8SfbvssljfX3/XGaGauoh0238SWsfkQWMcn/TGGsfXvBP2PVZNWnH2nyv3cP7mppYKtCoZVMNWqnH6boPiOa1uPt1/LLH/yxmroNH+GOuYt74T+bcf8sf8ArlXQLo99o+meRPbxeX/rKj0fxINYv5LGCeW2/wBD/wCW1aTwNblMqeG/5+HP+PNNn8N2ubjVLmKSL/U1J4c8X+I9S0/yJ7f/AFUP7mWatTTbKCHzLfxV5Xly0Tf8I3rGlyWJuP8AVTeXN5P7qnHBae+H1b2R0mm6n/bFrHYwaVH5cU0v2yb/AFXlS0aB4wt9NuYxpVvJcxy+V50P+t8r97Rr39lf8IlJpWkwS/Z/tnmXn77y/N/6ZVl/6d4b8z+yrH7NHLN/y2h/eyxf89a/D6mGPeNj/hMJ4L+4MMH2m486LyZf+etGj6/YTeI7j+yoPMjupvNmm/1nlS1wfhubVYZdQ8jSvN8qb/lt/wCjf+mVd54JstV8K6XceJPsPlSX83mTTTQ16WCy3nNvaHeaDqVj4Pij/tyD7Tcf8sYvOrP8a/Ga+htZJ7Ge2spP+W0X/PWvN/HnjfxHDrNnBY21zc3l1+6mm8n91FLWXrGm65Ddf2VBoct7ef8ATb/VebXt4aiqf7sKmJsd5efFqx1PS/P1y4ltriKb/TIv+eVcvqXxO0OHzP7K1y5ubjyf9T53l1h+N9B8VeMNVt9Kt5o4re1/5CVpFD+9l/7a1c034MaSDZ3w1z7Nby/88f8AVS/9Mpa9JYaMThqVK1Yk0HUr7XrqSxv4PtMks3+tmm82us+DPgnXPGGqXl94j8OWP7qaXzpprOL/AFVdR8N/hj4c8Nxf2rPB/o//AC52nnf8tYqx/jN8WoNHtZINK0r/AEyWb/j7tK1Ve3uTO6lh+Slqc/8AGD9oTwr8K9Qk0TSrG2iuIpovO/c/vYovNrzP9pv9rqGz+F95p1jBJcyfbIrjyf8Alr+6r5v/AGtfiF4q1LxdeTw29zc6hdaxFHeRQ/63ypa+mPg/8B9D8YfY/i3qulf63TYvtlpL/wAspYv9bXRibU8NGcDiSrVKnIcn+yj8PfGHxB8e6p8af2hfCkf2PVIfLs4ZZvM/5a/upa+hPDdnPp3/ABKs+VZy/wDLHyfNllroNBs59H0G88Y+I/KtreLTf9DtP+WUX/TWvN73x1PZ+EpNWvriL7Zql5LHZ/vv+WXm/vZa/P8AH1q2NxPslA0+qRofvCP4s/E6Dwdf/wDCK+f/AMTD/WTed/zyrh5vEmq+MP2pdP8ADcHh2KK41TwTFJqV3/zyl83yv/IVcHZTeKvi1+1zb+I7jQ5ZdHi1i10maWWH/Wxeb+9rtLKyvtN/aC1D4qX19bWOn3UN/p2pTf8ALWLyv3sX/bLyvNr28Nk1OhQ1OOrSq4g9I+KnhCDwT4IlnsZ/s0ml3kXnRTfvIovN/dVh+Cfig+sQ6p4Wv1sdE1zS4Yvsfkw+bLLFLdf+1fKq5+1R4qGm/BHVNc0qfzJIvK1GHzZv9bF/zyryv/hFhN4b/wCFqeHL7/TNe0eKTw39rm8rypbX97/36/ey15n9i05S5pmFKl7GZ0nxI16bR9LuIIBFc291rHmQzTQ/8fX/AF1r4j/bA/ac0nwhdahYz2P7ywm+zabd2n7v7LL/AM8q+iPjP8VdKm8EeH77VftNj+5/tHUpq+M/i18DfFX7VGqyeMfB3hy+jjv5pZbya7hl+yxRRRf63/yFX6/wRllGPJKoeFif3tax5n4J8eX/AI91nVP7cn+0ySw/abPyq8z17x5rl5rNvpLX0ssf/XavpTTfgDofw90u48R+RL9n0bTbr/S/J/1tcH8GfAcHiTwbrHjn/hG5ZbjzpfsfnWdfs1GVDC/CeRCny1Ze4eP6x42N3q8eiWOlSS/Zf+WX+r82u00Dxtq2j/DSSeDyrH99++/6ZV0nhX4D+Mv+EokvtU8KX0UcsPmTTTWf/kKtrVP2K/id+078U/D3wS+Dlt5d5f6PLc6l50P7q18r975tevha9HESO3CxjOpyOB5Lo/xO/wCEr0G40Lz5YryX/U+V+883yq8316fxHZxfYZ7GWXzYf9b/AM8q679ivQ7nwx+2v4M8GeJLGTfH4sudK1OCWLzPNPMUkWPxP519vftjf8E5Nc8B+F9Y+J2k+FJNN8P2F55lnqN3D5UUv/XKu2pue/SoxoyPzM03xrrepeI44LgiS4lm8vzZq9z8B6Zq2pXUdh58teXw+FW8V/EuTXND0uX7HJN/zxr6U+AMOhab4tjsfEdh+7/57S1hJe2ma1KdFHmf7SGm33g7+z76ef8A0yw/4/P+etR/s4aj4V+IF5cW/wAQL7UpbPzvLs5oZvLlir3z/gpl+zTfax4c0v4jeDreSX7fD5c3lQ/88q87/YP+EGl+N/G+j+B4YZI5PO8y8/661xZvmNHK8D7ep9g93h3J/wC2cdDDw+0eweFf2P8Aw5rFt/o9hqUvm/6mXyf3vlVqWX/BK/SvHfi63mvbiS20+L95NFd196aD8MbHwf4ct7DQ54v3UP8Azx/e1Tm8Nz6nLJY+d/ra/CM18W6U5zp0Ef0PkPgrhV+8xEjzP4A/BPwd8Hr+Oy0O4/eeT9m/dV0k3gm+1LxveT6VfeVcXX/H553+qlrpD8NPEGly+fFB5kn/AEyrUvPDeq2dhHfWMH+kV8xlHEmMzDMJVJ1D7TiLhHL8u4f9hh/eNzwHo/ir9m77P4r8KzyXuly/8fkNp+98r/tlXqmpeMPhX8VdGt77+yooriKH9zdzQ/vYq8f+Hvjzx/4PurzQ/GOhyXOj/wDLaXzv+WUtRzXmh6ZrMelT6rFbSSzeZpuo/wDLK6i/+O1+g0sVV/iH8xY7B0qVf2R6x4qEHjzS47HXNDsbm3i/dw3enw/vYpf+etcvqfgOx0eWOfVdDtvtEX+p1C0hrg7L42XvgPxbIdc/495f3fm/8spa7QfFTw54q0uSfwd4ji+2f8ttOu4a6alX2p5lTBUjoIfiFoc0Ueh6rrnlSRf8ta1D9hm0v7RY65LJ/wA8bvyYq83m/wCEW8S3Md94j0r7DcRf66W0rqNAhsNBP+nX32mzuv8AltD/AKqX/wC21nyezXuHL9WRuWf/AAkfiXzPPgilk8n/AJbfu6w/Enw90nWbD7dPY/Zrj/ljN5P+tr0DTbPQ5tB8/StVllvIpvMhli/1sVZ8N5Yz38f2ax+zSf6ya0/56/8ATWuanV9l/EMPqTPnfxt8H/HH2+8/4Rz/AEmP91+9ih/dVqaP4avvDegyQa5P5X+q/wBdXvH/AAjnhy8v/wC1YL6W2uP+W0UU1XJvg/8ADnxVHcQarff6PdVpDG0famP1P94fPemWUF5NJPfTx/Z/J/13/PWWjwfqVjDFb2GrWNzH5X/LaWvUPG3wZstH/wCQHqsX7r93Dd/8spYq838VeG9dh8yczxRXH/PGb/lrXT7SjVpWCpSO0s9YsbO0+3DVYoo/O/fTRVsWviWx1KKO3guJLn/tjXiYvNVh1XOqjyo/9XN/zyirqLPWJ4YYzp+q/wDXbyf/AGlWlPDGdOodpZ+MGn1m80qf95H5P7nzf+WtammWfhzWbqOf/VR1x+gzX2vapJ5EEUn/AC083/lrWxD9uhMc8FlJFby/66H/AJ5UvYI0/cnYeKtB8G3ltJffaIraOWH/AFUP7yuH/wCFe32j38l9pU/+jy/66q+vePf+Ec1SS3ng/wBH/wCWMVamg/Ej/iWXEFj+8t5f3fk/88q46lIKlWizQ16z1W8i/wCEc8H2P2799/pnmzeV5X73/VVuf2DfalaaXb6r5cslr5sk32Sb/j1/5ZeV/wBcqj0jw3qsNr/YcEEUdvLN++mih/1tal5/ZWmXX+g+KotNj/1c37n/AFsVfidPCnp0qRThN95scEE9tpNv/wBefmyyy1qa9NbnRv7Vv9ctpY4of9dq1n+983/plFFLXL6n428D2UsmleFb6X7RF/rruWaufmsr7xtFGINVl+zy/u5pof8Alr/1yr1qNE0r0vZmp4c+JHhzWIrjxjYfZrmSKHy7P9z/AKr/AJ6y0f29qusXX7+eWyjl/wBT+5/ey11mj6bpXgnS/wDiSQW2m3Evledd3f7yXyv9VFXOeMNf0PQorcWMFzqWqfvY/wDXfuvNrOpSrU5fuzipYb2hFrEOh6bdSTzwf63yv33nVlw/Df4jeJPFFxP4cgk03S5f3l5Nd/8ALKKuk+Evg/xV4k1mPXPFVhFbW/8Aq/skUNegeKpoNHiuNEsb6W5t/wDltFD+6irvpU63sv3h6WGwVE8b8R+PINN1W48K6H4q1K9uIvK87UJpovKirixeaV4wvvP8K65c3NxLN/1yirsJvBWh6kY7H7D5Ud/eeZ5UP/PL/VV1HhX4Sz+CYrfQ7GeL+0P3Vzps3k/6rza2pYf+Y6fYUvaHn/wf+DUEPijUPGHjjSo76SK8l8mH/wBFV7h4K8E/vbi/8SaTFY6P5Mv7qsfUtYuPBMt5ffYf+Pqzi+2Xc3/LKX/Vf9sqx9e+JE+paXZ6H9u/eRebJqUX/TX/AJ5f+iqr2WhpTw1GkdR8SIdDm0a48Nz33+t/dfuf+WUVfOfjzTr7XvjTp/gDwR5n2fQdHl/1v+qi/wDtv72vSPG3xJg1jWZJ9DvvtP7n/wBFVc8Kw6Vo8sfiOexllkv4ZfOlrnp4an7b2kIGVRUDL8EeDv8AhFNKs9K0qD/R7W8i1HUruX/W3UtWPjB8JfCupeDdcgnvv+Pqzllh8r915stdJqXjbSprW3GlQeVbyzeX5v8Az1i8qo/GHiNdHis/Dl9BF5kU32mHzv8AlrF/yyr2aeG5qPPMznQo+zPP/i/9h1jWbPwBBY/8SuKG1tryWb/lr+6/e1n/ABz+GU+heA/A/g7wRZS/2fa/b9Jhmi/5dYvK8quo8eeJfh/r119uvtV8uT/j58qH/llLUkPx40Oy0uTVdcn/ANHi1LzIf+mUvlV5zwx5FenR9oef6Z+xbffFXwbZ6RP/AKyws4o/9L/6ZV6RN+w34j+IWjR+FYNclis7Wzij+yRQ+XF+6rH1j9rSDR5P7W0vzJfN/wCeP/PWvAP2pv8AgvOv7KXjCz8A23hKXUtTurOK5vG87/VRSf6qv0LhbLKmJlCFOZ4tb2EK/LY+t9N/4Jy+B7zTJND8V6VbfvYf33/TWq/hX9g/4ZaPa/2VpWh21tHF/wA8oa+NbL/g498Ha/4r8L6vquuJpOl2emyyeIPKg82Xzf3v7qL/AJ6/8s/+/tcL4x/4OPPCvg7xFcWXgPTNY1TS4uIpUEUUtzX7NRySlTp2qTOGprU9yB+mHhv9if4Vz6p5+u28UsdrD5n7mvO/+CREPhD48ft5/GT4h+HfDFiPDfhKz/4RTTZv+et1/wAtf/RVfCnhT/g4n8QX3w+12fx9DbaNb+Iorqx0eLTYYrm+0yL/AJ7Sf9/f9V/0yryD9jv/AILJeJP2BP2V/HHgn4O3n23xZ4y8X3Oq6b4hu4f9V5vm/vZf+mtehHA0MNS/dj5GpRPZf+Ctn7NP7Nv/AAT9/wCClXg/41eAr3TdW8rXpda1LwbFefvftUv72L/rl+9rgP2qNf8A+CiX/BSbXrM/Fux0nwb8O7X95Dp8WvReVFF/2yl/e1+d3i74h/Fn9pb4r3vjL4jeJL691W/vJb28v7ub95LLWZqOpePfC2qR339ualJb2s3/AD2relyVaMkzR06kZfEfoZZfDH4A+A/C/wDwrrQ4IrmSKGKSaaGH/nrXm+veCdK8E69HPBfRf2fL+8hrg/gB+0J4V1L4l6XY6rYy3NvfzRR/9cql/ag0z4i6f4n1CbQ9Fuf7D87zIf3P/LKvBrYrDYCXLUma0qeJxX2T6P8Ahj+3gPg/4S1j+3INE1LT/sflw2mrQ+bLL/1yrwv9i39oTSpv2vNU8bT2sWk2d/N5n2SH/llXD/A39hT4w/E+1/4TjXbe9ks/7Yijmi8mWT91/wA9a+0PgP8A8E3/AA5oMUniOCxuftkUP/LaHypa+Q4nzrL8RgKmGl1PuuEvbZTmNPEfyn0xpvxg8K+JLXz9JvpLnyq6vwxeSapOk1nbYk/1grlPhV+zT4j8E6DJfQaHL5kv/Lp/z1ruPDem32m3cc82kfYf+WflTV/N+L4Vp1cT7Slsf1NgPEjLHg+SoveKetePr/SJebf/AFX/AC1NXPEWo33i7wrH/ZkP2e4l8qT/AF1WPEms6Ho9/wD2VqulxfY7r/l7qn8Pde8Ka9dahod9ffu7Cb99Daf62vo8l4X9hV9oeNnfiFl1XBuNKPvHD+FW8f6l4j1Twrrk8um6fLZ/8SfUZYf+Wv8AzylrH+JH/CR6l8P7yD+w5P8AhINL/wCXSL/lr/01ir64+G/wx8HeMNU8/Q7G9vfNh8v/AEuGKPza7DWP2Y/hJeNGb/xHbaRrHk+XNNNeeXLX6DThThGx/PWPr/XMU6h8f/AGCD4tfDT7d4xsZJdQih8ua0u4f3tbHhb4G6HZ+LY7Gwvrm2kl/eWf+tr3T/hWPw58N/v/ACJf3X/L3DVf+2PB9nf/APMStpIpvMs7uKbzIqahT9qedyFO8/Z1vte0vyJxLbXHk+ZD/wDva8f/AOEg8VeA/EcnhzXIJJNPuvNjmu/J/wBVLX0hD8cr7w3Lb6VrljFJp/nfuZvJrm/iRo/g7xvFJ4j0K/j8uX/j8ii/5ZU8R7IyqUzj/DevaroN1HPY2PmSf6yGL/n6irqNN16x8YRfaIJ/Kjl/eabdxf8APX/nlLXJwaPPdxSeDdcnltvKm+02csM1Sf2bfaNF/wAIrqt9HHql1DFcw+T/AKq6/wCuX/TWvMqU2c3tCvrHjDxJZ69Z32h+VJIJvLvIfO/1v/TKrGpfGC+mto9W8Ofuv+e3/XX/AJ5eVXN/2lPDLeeDvEelfaZJf+ePlRS3X/XL/prFVfxh4cnh0bz9V83zLr/UzQ2flf2p5X/oq6irOlgqtR++Z+0Lh+OU+sS29jP+6ji/57f8tasTTT+JLWOfwPex3MnneX5U3+qrw/UtS8VeFPGUeh/2Vbavod1Z+ZDLN/rYv+mVesfDbV4NBhjnvr6OKzv4YvO/feVXpUcM1M4fa/vTY1nRoNeiuBqv2G21S1h/1NpN+6rzuzvNV8LeJNQ/sKxkks5Zv3000P8AqovKrtPiF/yGre+0PzbG8/5YzTf8v8X/ADyrh59Y8Y6DrP8AaulQfu7qb/TNPlh/5a/9cq9b2v7r2ZzVKp3mj6l/Y5t54P8Alr/qa9E03xJ4c8SWEdufLjuP3sd5aQ/89a+e5vGHjKfWbiwvofsXmzRedp//ACyll83/AJZV3HgPyNNit74X3+tml/dQ1n7I5vrJc/f6ldXHhy+gl+0Rf8ecs0NY9nP5OqSaVPN9muP+W3k/6qus1HxJqs37/QxF9ol/eebL/wAsq5vTbOe8tbjw5fQeXJL/AMtof+WVcVSnWpnNUqnvml6bbw2vkQeMfs3/AD28r/nl/wBda5fUvhjpV5fx319rksX/ADxlmvPNll/7ZVj/ANs+I9Y1n/ieWP8AocX7z/RJvLio1jxUfK8ieD7NcRf88v3v/fqvgKdGifoinRpnSeFfAXwk8HtJb2Cy6lqH/LaaH/nrWHr2g+KtZmksdJgk8P2f/LabyfNvpf8ArlUmgzz2dr9t0qD7NeSw/wDXWWub8bfELxVeTf2HpU/+kRf8fktpD5stV7BGWIqXJNX1jw38MdLkg8OQalqWqf8ALGK7m82WWWu0/Z1+G/jjxVa3HivxxY21lH/rJvK/ey2v/TWub+Bvg+/mv5PEeuQSRXEXmyTf8tJf+2teieNvHniPS9B8jSZ49N0fyfM/s/Tof3stb08NRM6ehj/E74qarb+I7f4R/A/zJZLqbzLybyf3UUX/AD1lrL8YeNoPDejXF9feK/Ms7CH/AEyX/llLLXH+KtfvvB0Vv8K9L0P7T4g1m8+2+MJYv9bYWv8Azy83/nrXB6xeeJPid8UNL+A8Gk/6HF5UmseVD/rZf+eX/fqKipSOipUOsm+MGq6l4z1TxJPpMVlb+HNNtbaH/prLL+9/9FV6p8LNYHiTQf8AhMdKn/0OXzfsd3L/AM9a+f8A4tTeI/FfxR8F/DLw5pflW/iPWJbnUpYof+mX7r/yFXqkM0/g/wCH1n4O+3/Zvsv+k+TD/wAsv+WX73/v1WksPSjR5jWnUM/xL8ZrGaw8QaH9u824tf8ASZvOh/55f8sq8/8A+Fharr2ja54j8HWP2mO/16K5h/c/8svssUX/AKNilqx8Qvh7PZ+JJLHQ7GWSTXpv30v/AEy8r97/AOja9Q+Evwx0r4ZeB7ca3Y/vLWGWTyZf+eX/ACy82ohyOPKH1mPtCT4D/DE6Z4Nkn8R/8e8v+m3k0v8Azyri/wBpH42aF4b0uPwrY/upLq8ik8mH/nlXqHxg+IX/AArv4cSQXEHl3F1DLJef9cov+WVfD/irXtc+MHxGs57Hw5e/aL+zlkmlmh/49Yq5sJ/GZ4mY4n2X8M9M1L4/T/2DZ2Nj+9vNZ16Ky03/ALaxRfva9c+PAnm1S3vx5n7ryo/3P/bKvnPwT8H/ABVrH7QWh65P/wAi/pemxRww+d/qpYpf3X/kKvoTxhr2hzXVvquu33mx2sPlw/8ATWWu6vi6dKl7pOGlXq0jyf4b6D4xvPiXeT+KZ7b7PLNLH/018qrnxO+GM+j6/H4b0q4l/suL/U2ldJ4V0yDWJbjxlPpX2aOWbzIZpR/qqk+KHxJ0uGXz7H95JL5ttZxRf9da8apjpTmY1MNWqVjL+Bvwxg17XZNDm0PzLeWaKOGbzv8AVS1+Vv8AwUf1z4e2f/BUbVdD+Kml+b4f8OS2llrNrEP9Z5UMfm/59q/Vr4b69fabLcQaVP8AZrz919j86vxx/wCCyvhzxVpf7e/jfxXrOmTxrreoR3lpcN/y1Bhi5r9H8OcSnj5qT6HJicNaZ9lfEbxl/wAEVvG/wOHhfTbLUtM1W+mtTKbOziixF+9/78xVwuk/s+f8EU9Ptftlz8YLu5vIof3Np9ol/ey/9+q/MAy3I+85H40m6b/Jr9tliKczg+pv+c/Sb4taD/wR/wDgdq2oDQtV1bxTefY/L+yQ/wDHtFL/ANta+c/g/oPwk8eaB4g0Oe+tvtl1eeZo8U0372KKvmLb8xLj9av6Jr+peHtQj1DT7gxzRHMTjsaKeJ6BPBfu/cZ9paP8JdDh8OXFj5H7y1hl8mX/AKa15f8AHHTdK0G6vNDnnjk/1X2yuLsP2uPiPpmmJp9pcWwJ/wBZN5P7w/jXF6x4u8VeM7yY3Ml1e3dyf3pI8zNX9Zo04nLhsNief94d5+zfqXnfFrS76xsfM/0zy4Yf+etfspaaD8OPiR8P7Oxv/Dnlapa2cUd5FND+6lr8+v8Agl3+wP8AE7xr4yt/i/4u8IXtno9gfMs2u7PyvOr9gfBPwHg0aG3vvHGhS+XdQ+XDLD/6Nr8S47zN1MXGFF/CfaZV+6RX/Zv0G38ExeR4V0OyttLuv9TaXf8Ayyr3D/hVeq6lF/auh+FNJiuIof32n+T/AO1aw/B/giDwrpcnhWC3ilkl/eTfa/3X7r/rrXcQ6D4ivLWOD/hI7mxjtf8AUzQ/8sq+Jw+JrYj+KenTqnP2epQabFJ4O8VWPlyf8toov9bUc3hvwd9lkm8/7TZxf660ms/9JiroNY8NwTSxweOP9ZL/AMeeoQ/8tf8ArrRpuhaVZyfYfFU8dzHFN+5mhropYd+1On2ph+KvAfw5l8OR6trljHc28X+p+yf62vN/CvxU+B2j+Kbix8HeDLn+0Iv+W2oWflRS/wDbWvUPFXwqsPtX/CVeB/EdtFJL/wAuk372ufs/gz4VvL+SfXD9muJf9d/y1ir6PDfujnqylVMub47303iOPQ9c+GVz/Z91D/yEPB00UssX/bKuL+Kt5448NxSa5fX194k8L3U3/Ic06GX7dYf9dYq7S88B6p8PdZ+3aH/xMrP/AJ4w/wDLKuf174nfbJZJ/CsNt9ol/wCPzTtR8r7Nfxf/AB2vS/5dnL7P2RJ8MLLxJZaNHY2/iOPUtHuv+PPUYYZfNil/6axVc8efD3xVDYSX2h30UV5F/wAukv8Ay1qv4D/sPxJf+f4cP2KP/V6l4eu/9bF/01tpa7jWPFWuabpceh+KtK/4SCztf9TLDD5d1La1nTpGZ534DvPGXiTS7jw544sZIrjyf9D/AHP72uf+2X3gLX49LvtWkkjv/Nj027ms/wDVS/8APKWvZLybw3rHhy30rVZ5bnT7r/kD6jD+7uov+mXm/wDTKvO9e0fxVqd1JY6r9m+0S/8AL3DZ/ur+L/ll5v8A01rT6szKqGg2fjix16z+3QW0lva/6T9km/5axf8APKKvVNe8E+FfiFoNnrnhzyoo7Wb9zL/y1tZf+eVeX+FbPxHoFheaVfebLp8sPmab++/e2EtXNY8Ya54bljuNJg823v8A93eWkP8Az1/55VrTw1Ej9yYfxJ+G+lfEiX+yb6f7DrFrN5lnL/qopaz/AOx/iN5XkeIteki1C1m/c/vvMilrD8VeKtch1SSeCw/tbR7r/XWk3/LL/plW5o/xOsbPQY9D8RiW+0+6h8zR/Ohi+02v/bX/AJa0fVtTlqexOb+2eB/El/8AYfFU8WieJIpv31pFD/rf+utbGpaPrn2STStDni8u1m8vUvsnlX37r/plFVPxh8MfCvjbRvI8R28sd55PmWeoWl5+6li/6Zf9Nf8AplXk+g/DabQfG39t6V4q1vSNU/1c0v2z/Wxf9NYq7Y06MDyMR+6PRNS1nVdT0v8A4RvwrBc3Mnk/uYpofKl82sPwH8SL7XtB1Cw12xktvEGlzeX/AKX/AK2WKu81nzryWzvviNYx/bIv+Qb4h0mbypf+2vlVY8a6P4c166j1Xw5qltFcRQxfbLTVofNiupf+usVa/V6NU5qZ5noOsfYvFHn+KrGWXR7+Hy/Nm/5ZXX/LKrmpeJfFWmxRwX8H2aP97503k/8AHrL/APba7TTNH8OWflwaVYx6bqkX+ull83yv+/UsX+qrh/idps95o0ng7xHBJbR3X+umi/1Uv/PKWvSp4Kj7I83EUzLs/jPYw/aLK4+zXP8Apn2mGL7Z5fm/89Yq9I8N/wDE+l+3/braO38nzPOm/d+V5tfKeg/B6Hw/4z0e+vrG21L7VDdSQ3csP7qLyvK/9pV9KfD2a+vNGj8D+I/N+z/upPtcNc1XLji9qe2eTpN95elfZ5f3Xm+d5P8AyyrD1iGczWen+HNKjk83/U/9Mov+mtdJ50Fn4c/srQh5Uks3lTXcsP73yqx5ptV037ZB9h/0i/htbaHyv9bF5tfjntPZH6jU2Lk/kWcUgn1z9553/LpD/ra5fWL2ez1ryPDn/H5qn+pm/wCeVEOm6rrF15E//Lr+7s4Yf+WtaHw98N31nqmqeKoPLuZJf9Chmmh/dWvm/wDtWunDfvgOo+Humz6xa/2VZWPl+G7D/SbyWb93LrN1/wA9ZZf+WUVcv8YPjBpXhXWbOx1Wf/iYfur288r/AFUUX/LKuw+JHjC+8K6Nb/D/AEuCOP7VDFczSzQ/vZYov+ev/frzf+2tfM+jD/hdvxz1zV76xlj+yzfbdS87975sUX/Hr/5FrpqUv3gqlQ2NS+Kk/g/S9Y+JuvWFzL4k8b69Loug2n/PKL/nr/0y/wBVXpn7OnhrVYPC2seMb7QorbVLC8lvdN1D/n6i8qLzZf8A0bFXH6b8N77xB8QdH8Y+K4Ln/QNSlk0208n/AFsssXm/uv8Arl5temalNf69qmn+HPDk8kdnYWcVlNDD/wAtYvNl82s8TVo0qRnSxP74Pg/4Ct7PWpNcnsPNuLXTYpLOaX/ll5UX7qug1nw3Y6lLJquuf8tZv9Mi/wCmUv8A9trPm8Vf8I3/AGPpVvP5cd1oMUk3nf63yq4P4zfGb+0vDlnqularFJ9vhljm8mb/AFvlf6qvJWJ+zI6auJJNT+M2h6Nr15pWuWMUWoaNefYpvK/55f8A7quX+Kn7R9j4q8JXmkeDvM1KSKzij8r/AJa/62vK/hXpviPx58ari/1WC5/s/wARzS/67/llL9l8r/2l/wCRa9I+DHwTg+Feq3gvv9JvIoZY5v8All+6iii/e/8AkWWuupD2dHniefOp7U3Phx4J1T4teF7z/hOL2+8y10HzIZpv+WvlV6B4P+Hvhzw5LbwX0H2mS1hi/cyw/upYpaj1i8g0210vXPDk8lteRebHeTTf+1ak8N+JL/xJf2/+g/vIrPy/K/56xV4NXH1aVX3CansSPxX4W8DaDf6fbzz+XHFqX76KH/0VW5rHwH8D6lFZ6r58Ulv53mQ2lcX8TvB+r6xNZ+ItDn8yS1h8vUof+mv/AC1rsPhV8SLHxV4XjuNVt5ba8tf3fm/88q9ajP21HU9bA1qPKak3w38HQ/8AEq/1tv8A6vyaz9Y/Z7+Fdnf2899B/wBcfKrc1jUoLPRpNcsP3n/LO8h/55Vy954y+2f2hocN95kdrN5kP/PWuiNGga1alCkaln8N/hlo+vRz/YYv3v8Aqf3NYfx+/Zr/AGUf2ptNj+Gnx1+B+k63Z/6yG7u4ZYrq1/65SxfvYqr/APE11K6k8/XPMt7Wzi+xy12l7t0yKzuP+Wl1D+5m/wCeX/LLyq9DL6sMDP2lL4zyKtSjVPgbxj/wbZfsTfEidrj4d+LPGXhiR55D5X9oxXMRjH/PPzYq8L8Qf8G1vhe01GSz8O/tTXCET+X/AKX4cjk/lNX60+JNYt4PLvtKvvKjurP99/0yrh4ZZ5vEmoTz/wCs87/U19Tg+K8w9rGnOZ5OJtSpn5Xxf8G1WuFbia5/ar0yOOL+JvDp/wDj1dx4L/4NoPhPe6XHN4w/am1r7bLNJH5WneG4vL4/7a1+iE004urzSh+9t7qGKWzl/wCesVU9B8VT6x4CvNC8/wD0yw8q5hrrxnFWOovlUjmp1bnxP8Kf+CD37E/gS6h1bxp4h8SeLBBN5TRXd2La2MvlZ6xc9a+5Phb/AME//wBiH4Nx2/jPwX+y/wCF7KS/hl8mY6b5vlf8svKrm9Ys76HRtR1yxnlubOXUopJof+eVdppvjbXJvh9Z2Pnyy28t5LJDL51eJiOIszxUbSZ0YarS9t+8NjxtoHhz+y7P4Zf2V/ZFnazeX/xLofLiiirc00eI/hv4c0vw34qsY9X0eL93N/7SlirH1/Xp/En9n+fYxS+V/qbv/nrF5X/LWo/+E8vpvCUelX0En2e11Ly7yKavBeGrYutqeusQuhqeKvt2j6pZ3Hn/APEvuv3cN3/z6y/8svNroPDfjDVvFXl+FNc8q21C1/1M3/PWsfQfid4VhluPB19cRyySwxSQyzf88q4fXvG2lab4yj8KaVfRRXHk/wCp87/VXUUtdtLLfZGtKR75N5HjfS/7B8+OO88n/wAixV4nN4q1zTfHsmk655tt9qhljhu/+WXm/wDLKuP0345X39qWfj/Q/Ef2n7LDLbXkUVdhqXirwd4q8ueefyo9eh/0P/p1uq9KlhqR6VIjm+IXiPwp4ij/AHH2mSL/AJCWk+d+9/66xf8APWug8V+JYNe8L/8ACR+B9V82P/ptD/5Clirzfxho/iq8tY76+g+03mjfu9Shh/5a/wDPKWL/AKZV2Hgm80rQdG0/Vb/VYopNU/0KaX/llL+6/wBVLXbSww6hH4J8eap42ik8D65Yy6JrkUPmWcsv/LX/AJ5Rf9NYq838SeRpviT7dq2k/wCt/wCPz7JD+9sP+mvlf88q7z4taPY6xFHfaV/o32CH9zd2n/LKWvK9YvPFUOvXHjixnjudQ/df2laeT+68r/lr5X/XWKvTpU6Ry1TsPG2o6VZ+F7fxjoc/223lm+zf2jaf6qL/AJ5Sy10HwX+OU/xI/wCLO+PoLbTfFlr/AMed3L/qrr/nlLFL/wAtYq878IalpXwT17+3bfzP+Ef8R/67T7ubzYovN/5ZeVVP4q+CLHUrrT/GXg2+8q3sP9N8N+TN/wAsv+WsXm/9Mv8AnlXb9WRznoniTUr6C1vP7KvopNQtf3mvaH/zyi/5+ov+etGg+N55vCWn/EbSbGLV/D91D5WsTWn/AB9WEv8A01irh/hVr194k8Zf2HqsMdl40tfKk0fUf+WV/F/zy/7a1X1KG++A/i3UNKEH2Lw/4o/54w/8eF/5v/LX/wCNUVMMY/xTuPipeX1lpceueFdcjkuPOik8K6t/yyupf+fW5/6a1Xs/G0HxI8OXEGlWH2HUPJl+2Wk0P72wuov+WsX/AD1ilqnqmj6VaeHLPXLe+/tfR9es/sWsadD/AKr7V/yyli83/VVXm8HzzReH/FVj4jitrywmltpvN/1v/XKWtY4ZKkcdU4fwh5/jC/1DXJ/t1leaD9l/ti08nyvtUUv7rzYov+eXm12EPg+48SX0dhqunxeXLNLc2cMP/LK6i/5Zf9cpa3JdN+xaPqmuAxR6h5MVteXcUP8ArYqxx4w1zxVFeQaHYy6b5vlXOm/9NZf+utc06f7w4atNljTPEkE13/wgF9bxR/b/AN5pv/LL7LdRf9Nar6x4Dvpr+PSp9Lj+2f8ALn53/LKX/nl5tcf4k8NarD43vNc0qeS2klmtbnyf+2X+trtNX8Sf2nYWeh+I77yry/s/L/13+tuov+eX/PKXyv8A0VR7Ji+re1OT8V6b4j021/suea5triL/AF0U0PmxebF/yyrP8NeML7w3YR+fff2lby/8ef2vypfK/wCmUUv/AMdr0Dx54r0OaGz0P4gDzLe6hijs/EMU3lfvf+WXm/8ATX/prXPz+CJ4r+4g1aCK2uP+W1p5P7rVLX/llL+6/dUjzquGZHDrGleJNG8+fVYvLEPmQ2k0Pl3Vr/1yrl9B0bxx4V1m8FjqsWr29/DF/wAS/wD1v/bX97/qqk8YeFb77V/asE8Vzbyzfuf3P72wqnrOg+I7TxFJ4k8Oz+XeXU0X2z7JN/x6xeV/rYv+mVelhalU5Xt7MualZ2OmxSarY/6y6m/faT9jiliuv/jVXIPEmq+JLX7DoelWVjcRf6nyv3UssVZfiTxJZalL/aur2P2m3tf+Pz+z4f8Aj6i/56+VWPo+sWOvW0difNks5f8ASbOGH91LFL5X/wBqrpqVaZ4tVezZ9GQ6x/aVhJPfT/Zre1hljvLvyf8AVS/88qPDevTw695FjffbryWH9z+5rj/GHjCxn8ER6V4cP2azi1LzP+ustXNM+0eG/Blx4jsf9Gt4tYl+x3c3+tlii/55f9da/C/ZH6r7U0JvEk+nareeDoLeKWS1h8ub/prLW5o2vX0NhHY6VBFHJawy3Pm/88v+mtefw3k03je8nM//AC2lkvLv/rla+b5VU9Y+JE50vT7Gf/j81TTYr28h/wCWsUvlfuoq9GjSrJGdSqXPiR8coIfHniSC+nuZfK+yxzTQ/wDLKL/VRRVufCv4eeItM0u4g8SNbRXl/NFJNqEP/LW1l/e2sXm/9+q5vw38NoPEmtaX4cgMnl395/aOvXcP+t82KKL/AFtegfEeHXNe1jR/hl4Onki0e1m8uG7h/wBbLL/z1oqe2D2pyfxI1Lxj4k8eaPY6VY/ZtH8G6l/Z15d/8+vm/wDLX/pr/wAsq7D4b6xfaD4j/wCJtBFbXEUN1HDLD+9/e+VL/wDHarmbSv7L8UeHP+XiX7Be69/z183yvN8r/wBFRf8AbKuf0fVL7XtLuLCxuPs0ktnLHeRf8tbW6/5ay/8AkWvFxkalzhX8cz/id48n1LWbzyLH/iYaDo8VtNF/1yi82WuP+D/gPxHD8FtPsfH9jH9oi1iKSzl/56xSxf8A72vTLzw3/wAJJqun+ONV0uWOS/htb3XvJh/5a/8ALWKu4/4RrXNfupPDcFv9h0+WG1ks4pYf9V5X/TWlSqUuX3jp/i1Ti/hl4Jgh8ZW/2mD7Npfk+XD5P/LKWLyv/assVdZ48m8OXmjXk8Gh+VcS6bdR+dD/AJ/1v+qqSy0fVfEfhf8AsqCfy47DWIrnUpfJ/wCWXleV/wC0oqx/HmsTzS6XPpU/7vzr+58qH/nrFLT/AH0zX+FSOT8H6vfeMIvGF9qsEv8AoE1hHNL/ANdfK/e1c8H3v9j6rb2Pkf6Zdeb++/65S/6r/wAixVY+Hs32PQfFnge+sZf9Ps7CTzYv+Wsvm1qaD4Vn0vVbieDy4tQivJbb99/yyl/1v/oqsvqdI5nT9rVO4+xzzRf8I55FtFqGqWfmWf77/W1xepaP4j0f4jaxY+R5dnFZ2tzDDFD/AK3/AJ61sajpv2z+w9V0q+lvriKzlubOWH/prXWax420PWRHfX3lfaLWzi87/prXpYb9yjs/gnD3njawbT/P1X91Z3UPl+T53+qqnr3hSfR/FGsX3+t83WIo4f8AprFLFUnirwHpWsazeQT/APHvqkPmQxeT/wAsv/aVWNSmvprryIL6PzLX93/11l82uk4quJJDoJs4rfSYLGSWSWaWO8/ff6ryv3tXD49OpWP9leTFLHFpsskMvk1l/wDCx7HWfBNxfwQSSyS6baxzf9tZZfNq54C8Ez/8IHZ65fT+X5um39lNN/2y82taaonF7Uy9B16DXfBFxpWf9Mtf3k3m/wDf2uTi+IVj/wAJR+4h/eX9nLH/ANcpYpf/AN1WPealP4V+JeoWN9PL5l/Z+ZDND/y1i8ryqx/hh4Pnh8UaXfarfRSxxebHNNN/0y//AHtdNH2PtTzalX21ax7Z4b8KzzaXZwarBLFceT/xLZf+msteX/CTWIIPEfjSxvvK8zS5oreauk/ac+Nv/CB3Wl6XY337v+zdLk86H/W/vbWLyq8n+GHi+x8S+KPEl/8A2rHbW91Zyyfvf+Wvm1018ZhPhZlicVRo1PZnsE3inSvClheWInjkjv4Yv+uXm1zdn48gvNB1Tw5oY/49f3l5/wBMv+uVYc2g/wDCVRSaHfX1z5lrZxXP7n/lrF+9ryfxl8cfDfhWGO+8AT3N7JYabL9jtLv/AJeoov3ssX7r/rlXdR+oyoXCliaR9qfCXTbHUvBun6rff6u6s5fJ/wCmXlV81/H79q7SrPVLPwdpU/l6hdXnlQxQ/wCt8qKWvbPAepf298H7f4m+Fb77Tp9h5sd5D/zy82KL/wCO18P6P8Mf7e/av/4THVZ5JI7CaXzopv8AnlL5XlS0UvY/8uzqliZT/hnrGsfELXNH8Oa58RjB9p1C18SWukw+TD/yyl/1steseKvB99rHxQt/ibpP72SK8ikmhm/5axfuv3v/AJFlrz+z+FV94P0vQ4L7VvLj8611ab/prFdWv2X/ANG17Zr8N/oPgKz1yxg83+y9Siim/wCuXm//AL2uhYnC/bPby3/p4fPfwZ1j/hG5PFHji+gludPtfFVrbeTD/wA+t1L5Uv8A36r2TXvCs/lSaVBPJJp8v/Ex0e7h/wCWsX/x2uL8NeD774ey65od9B5ml6z5t7D/ANtZf/aVegQ3mq/8Kb0+x0q98q40HUoo7OX/AKda6FVoM9o0Pg/8ToP+Ey0/w54juP8AR9Z037NDqEUPm+Vdf/ba5f8AaE1jXNN8G654O0Ox82486K5mih/5df3v+tirm/Dfg/xHef2xYWN9LbXml69Le/ZP+eUX/LKWL/plVf4nax8QNSutP8YeG76SLVLXytO1K0/56xf6r/VV34f2YGpoPxg1zTdG0++1zSv9IsJoo7yGb/l/sJf3X/f2ug0HxV4cHjLS/sN9JJ4b1mb7No+t+T+9i/6dbmL/AJZSxVz/AIv0G/17wlpfjGxsf3dhD9i160/56xVH8JdNg03WdQ8OX3+r1mH7bZ+b/qvNrtp06IVNz1T4j/s7X3iTRtQ8Ofuv7QsP9Nh/5axSxf6391Xn/wCy74ksYNT1zwPPPHbSX83mab/aP+qtbr/VSxeb/wBNa9g1Px5fXkXh/wDsq+ubbVNG/wBG/fTeZ9qi/wCeVcH48+D/AIc1jVJDY28djb3832mzh/59Zf8AnlXWZ+yNDxJ8H55rXVINKP2LXPDkMWrabF/z1i83/llW5rNnY/HfwxcaqNK+xXkUP/E4tJofLltb+L/lr/1ylo8N6lqupaDp+uC+/wCJx4cvP3Mv/TL/AFUsX/TWL/plVPxX4q0P+1NL1Xwr4ji02O/vPsU00P8Aqv8ArlL/AN/fKroD2RoeFfAeh69FceFrGwjijl0f7TNp5m/48JfK82vI/iF/wlWm2Gsf8I5BFJJLeWEk3k/8svK/1v8A39iruNe1jXNH8Sf25ocHlahFD9m1K0i/5eoq5fxJplxNLeeKvDmufYf7U8qSaH/pr/zyrKoc2JpEkPjafQfDv9uX2lR315F/pP8AZ/nfupbX/VSxf+iqp6drOh6ldef4Ovpbmzl/12nS/wCtsJf+mX/bWsfWLO+s7C3v76Dyre1m8vWIYv8AVS2sv7rzYv8AtrVzw3/ZXhu6/tWx/wCPj7H5kP8A1y/df9/a0p4a55NXcwz8QvFf9qSX2qzyeZ4XhtY9Yhhh/wCPqK6/df8AkLyq6TxV4VvvGHhyTSbGf95+6udBu/8Apr5tZd5qU+j6pcX2rQf6Hqk3+mf89YvK8ryqJvFV99gs9KgMttHLN/36liil/wDtVL2Yuc3PP0nXorjw5faV9pklh8yz87/VebF/rYq5/UfFWq2f2PSrHVYorP8A1fmyzf8AHrFL/qqr+Jby+1K6j8R6H5sf2qHzP3X/ACyuov8AW/8AkKvH5dYgh8W65oWua5HY6fLefvvOm/1UUv8Ay1i/6ZVFTDUTycTiT1zXvFWq+CdV+3QWVtfXHk/vtPmm/dX8X/LWKKs/xtrHhy80a3vtKguZLe/8399DD5V1Yf8ATKWKvM9T1jUIbrS/hj4k8R21z5t55ej+If8AllLL/wAsopf+eVdZ4D8S2Wj2sdjqs/mR6pN/x6eTL/oF1/z182lSp+yPmMTUr3I/hvq51LVLjQZ4PNjuof8AQ4tR/wDRVHkQTapJoeh/6FcRTeZ9kh/1X/XWKuw1jTdcs4beD+yrHzJbOXzoZof9b/01irm/Degz3lr/AMI3qsEtt5UPlfa4v9bFF+9riqVPZHj1frB6beeFf7RtbPw5oc/lR2F5FHefuf8A0VU/xC1LVdH1Tw/4Tngj+x2um/8ALL/VRS+V/wDaq4f4hfE+fUvAen2Pg7SpLK4ih8v/AF3/AD1/deb/ANNax/HkPirTde0+f+1LmxvJbOK51iGWHzfKiii8qKKX/nl/qq+Ow2UH7Sdxpus30Lf27fWMdtZ+dFHZw/8ALW6ll/1tU9YvPtnxa1i+vtKittLim/5CFp/y6yyxebF/2yqv4qhsZotLvoL7zJIv9JvLTyf9b+6/1tcPefFsfZtH0H7dFJeapo/lzTf8spf3svlRf9dfK8qvap5b7KictQ9o8N/E/wAK+G5bjwrY2Mnlxf8AMRih/wCQpF/y1l82uo+IXxs8HWfhKS+8K6rFFJ/rIbuKz8r91Xz/APBnWJ9S17WPA/iOC5iklh+26PNNN5kVrXJ/2xqvhzWbPQr+f7dpeqa9/ZM0XneX9gupYpfNi83/AKa/8sv+uteTjcFb4Q9p+5PWPDnxCvode1TVYIP+RtvIpIbuab/Wy/63yoov8/62vQLv4e674P8AHl54xsLH7d/bNn++tPO/exeV5X73/pr/AMta4vw34Pns/C9n4VsRc/2hYXn/AC18rzbWX/lrFXQeMPiRfal/ZfhXSr6K28q8urab99+9sLrzf3X/AGyr47HU/wB6cNOqalnrPiq91mOxvtWllj/eyWerQ/8ALrL/AM8pYq0NB+Nk95f/APCOXIi/0Xzbb7XFN/rYpf3Vc/rPn2eg2eq6rY/2Jql/pv8AxOLT/lrdXUX/AC1irP0bR7CbxHb388Hl/b/9Jh/ffuorryopf/jVcdKjT9oa+19kz1ibxJY+Cfh/qHhyC/8AtOoS6lF503k+Z5v/AE1rze8+JE95rPizyNDijt7DXorazmh/5Zfaov3v/kWKKvO/jB8QtVvPFtvPcXFz5f8AZsUkM1pN5X2r91F+6qT4e+Pb/UvCP/CSCDy5JZv+J9DN/rfNiill/wDaX/kKvQVL2plUzL/l2eqQzf2D4ck1Wf8A4+JdYtY5pfO/1UX/AD1qxN48vtY1S81XyI/L/tLy5vJ/5ev+WUUtcf4w8YQ6l8B9QPn/AOq1LS/9T/y1/df/AG3yqj1jXv7B0bWfDn9q2VtceTa3uped/wAsrqX/AFUX/kKtPq3sw+tGxpvxOvtNsNQ0LVYJPL0bWIrKzl/562svm/5/7a1uaneXE2l8wRfvfN+x+b/y1irxvWP7dvNU1SHz/Ks7q8sJLz/pl5sUv/yN/wCRa9E/tPVdM+H3h83A8qT+x5fJ83/nr5vlf9/f3Va8gfWjc+HvjzVdS8JahfT/AOssLO1l/wCmvlf6quf8b+JL+HXrecweV5s0VtNL53+t83/VVqa8Bo+q28Fv+6j8R+FfsV55v+q83zbXyqw9Nh+2eI/7Kgg/0O6m+zQ+b/yyllll/df9svKrmvSps4cbVLGjeKrH4e+JPsVjNJcyS2f9o/6XD/qv8+bXcfHj4zWHwx/ZB8P6rYweVcf29daT+9/56y3UUX/tWvnf4nTa5P8AGnwnfaGf3l/Z/uYfO/df8svNqP8AbM1zxHqfhP8AZr0/7HK3/FW6Xe69D/yyl83UIov3v/XWWvQpuNX3DloVnOlOJc+P2pX3gn4hXHn/ALy8tdNivfK/6ZeV/qq9M8N6bpWsf2fNpeq/u9Us5b3TZYYfN/1sUXlf+Ra8z/4KoXf/AArf4q2/jGxsf3fk/wDEyi/6ZebF5X/tWug+BvjyD/hX3g+fS/3Umjal/ZPkxf8APKX/AEqL/wBFRf8Af2nQSnD3T5z697HEe8eX69r2q/Frwb8TNVvp/NuPC8PhzRbO7/55SxebFL/7Sqv8E/Ddj4k+KV5oX26WLR/+u3lSxRRf/bar+A73/hD7D9oTSb63jls5deivZvO/55ebF+9rL/Zl1HVfF/hfVNbsjJ9stYZf+mXm/wDLWKWvGzFVnVtTPMxGLq1cXzH1hd3mh+JPG9v4N8AWMdtcS+Ff7W02H/nra/8ATX/P/LWvnP8Aao/Z1n+GP7XNn4r8DweVocvhuXVry0l/1Vr/AKqLyv8AyLW5+zH48ns/i14bvvFUEv8AakXw3it4Zpv+WsUvm/8AxqKvSP2/LOfX9Bs7j7dFbah/Y/2K8mmm/wBbFL5UsX+f+mVevl3NCj7OofSUnF4TnM/9i74qTz+CPEHgDSrHzLO/ml86GKb/AJZfZKsXng/Q/DcUfjKC4trm8l8qSb/rlF/yy/8ARVfM/wCyj8SB8MPjd/ZXnyW0cWvWsd5af88rXzfN/wDatfUn7Wktj8Pb+TXLH/jz1m8ijs4Yv+eV1F/8di/8i0UalbD4jkPTy2pG2pH8TpoPHvwu+GeuQwSfY7rWP9Mmh/5ZWsXleVL/ANcvNrU/ZX+OV94k8Wap8JPiNBbRapFZy6def88pYpZfNtbr/wBFf9/a4/wT42g+GPwH0fSr7Vv9I8L+PLrTobuX/n1uv3v/ALViqSb4V3x+Llv450Py7aS6s/tNnD/yyl/0ryv3X/bLypa7fZXqXPoKVWlVqnsGv/8AEytdQ8Nz2P8AxMLWzluYbvyf9b5UX+qrg/2dZvFVn4D8SeFdcg+06pa3n9o6PN/04S+b5sVaEHiTxVN/wj/irQ5/tMejaxF53lf8vVr/AMtYq1PEniT/AIRXVbf+w4Ivs+s/8g3/AK6/8tYq9XDUz6CnUo+yOf8AFXjafwHrOh/E7Srf7TpfnfZrz/prYf6r/wAhVqeMPDcGpWlxqsE3m2ctnLc6Pq0P+t83/nlXl516fTNe1TQ9D82TR/tkvnQzfvJdLuv/AI1XSax4qn8H2Gl6Hod95Wl3WpRf2P503m+V5sX+qr28MHtGaHwl+KkHm2/irxHZSx2d1/oWsReT/qvNi/dS/wDf2tTxv4b13TvElvpOh2MUtxoN5Fc6b5P/AJFirL8CalfHQdQsdV0KKWS1s7qy1LT/ACf3sv8AzyliqmfiFrn+h65pVx/xOJfKj/ff8tZf+eUtd1IVTcks/Emq6nLrnhzz5LbVLWGW5027/wCeV1/zyrc+Hvxt1X4t+HPPn0r7DrFhD/xOLT/prF/qrqKufvNSnvLC8+I39lSW0kWmxWXiTQ/+Wsv73/WxVn/D3xVBpus28GleVLqHk+Zps0P/AC/2v7rzYq6fZe1M5mh/wvqD+1dYv7+eS2s/9Ftrz9z/AMet1LL/AK2rHjzR9V+y5nsfN+1f677J/wAtf+eV1FXlepeKr7TfGWsf8SL7Tp+s3kUl5p8v/TL91+6r0jQPiDf/APCJR2GlT/8AILm8uzhmh/e2sX/tWKtjppHeeFfEl9qbfYfFXlRaha/vNN1CL/VXUX/PKWrHj20/s26jnt7G28v/AJbWn/P/ABS/8sv+utcHoI1XWZZL6yn/ANH86WS807/nlF/z1irQ1jxhe+FdUjgvv3tvdWfl2fnfvfNrQzxPsTsNS0fw7eWFvY+f/wAS+WH9z53/AKKrD8eeD7HTfsd9pf8ArPOl/s39z+6li/1UsVcXpvxUsfEkV54c0rSrm21SL95ead50Uvmxf9Mqk8B6vqviSwjsdK1X7NcWvm3MNpd/+RaVPEnz+J/dGpZzX01hHYz2PlahdebJZ+b+9i/dS1y8Opz3nii3Gq6VF5l1NFJNFD/qrr97/wCQpYq9A8S6xY6loWnzwQRfZ/J/c6hF/wAspZf9VL/39rg/iFNrnlXEFjpUtjJLDLc/ZLSH97FdRf8ALWL/ANG/9sqn26PJqVSx9s1yz1qPQ57+KXUL/Tf3OoWn/LXyv9V5v/TXypfKrx/WPBGuXvxMs/iB4j8uPS4rO60W8tP+eXm/8vUsX/bKukm8K65qXijWP7DvtSsZJbz/AEP7J/qvK8qL97XceJPDfjifxlJP4c/1ks32KbToYYpfst1/y1l/7a1FXEpo5v4xy+g/DaxOqfbr/wAOfbvss0sc1p/018qXypf+2XlVT8VfCrXZbr/TvFXmxy/8ed35P+i3X/PL/rlLXuE1nPZ6NZ6XAItN+yw/ZtSl8n91df8Afr/lr+6rn/G2mwebceFYLG5js7+z+0w/vvN83/trXnSzL2VLlFPAx5DD8KWekz6hJoWuar5kcU3/ABLdRm/1X/XKug1LwHfGWS+sZ5fsdr+7vNQ8mvnvUvhv8RtN/s+wgnkvrfyfM8qK8l8r91LFF5X/AJFir6E8Hw+I4fDlv4O1XVZI47+GK5hu/wDtl/y1/wCev72vIq5lROb6jRMP4Y+JNK8VfELw/YQaH/xL9Gs5Y5oZYf3X2qKL915tZf7V+sX2m+Dbj/ie+Zrms/6NNL/z1tf3X+f+2VYfw9msIPBF58OfDnmfaIteij1i7/1Uvlfvf3v/AG1rg/2kNSP9l258SfaY7jRvBP22GKH/AKa3Ute1Spezqn2VT+EjqPAfxIvrzRvD/iPxHp0n+la9L4chh/6ZSxRRRf8Af2X91XP3nw30qbXrex0Of/iVy/6T4bu/+eUvm+VLFL/zy8qWsP4Ya94j8Y/BGTQ8x215oM1hq00N3D/qpbW6/wCWX/kKrHg/+w5r/EF9cx2/iOGWPyf+n+WKWWL/ANq1s6dI56lz2T4ewWN54WvPFNjP/wATzQfNk8n/AJ+rWKXyq6CbR/BHivQdU1WxsY/LuoZbm80//lrFfxeVL9qrn/AfhvSvBMPhfxHfWMdzb6p4V+xal50P/PWL/W/+RasfE6zvvBPxBt4LG+l/5AMsf73/AJa/9Mq+WzJqmae00NzQfFV9p3iOTxzfX0VzHql5a2V5Laf8usUv7r7V/wCiqseLNB1Xw34ys7jxxpMUnlfu9Su7T/lr/wA8pa5vwTDrvhvQbieeyiudLl0eL/RLv/j2li82tj42fFTXR4bs4NEsJbnypvMvLS0h/exWsv8Azy/6ZV8bibVqpy/uSn4w8YeKtN8UaXfQeVfSfvZIbSX/AFX7r/llWhr3jDSte8Lx654NNtbeb+88r/VS2EsX72X91Xlfi/xJ/wAJ54j1DQp76T7RLDayWd3N+7+y3UUX/o3yv3VXPhXZ2M3i3+1Z9VlsryW8lsprSb/lrLFayy/+jYq5vq7PNqVf3xseD9SsPiRpen2M3+rls5bmzlms/wDn1ill8qsubxhPDqmsaF9hjtrjVPsv9pafF/y6yxRf/ba1JdN/4Qiws/7Ksf3dh9qkh/feVF+9i8r/AMhV5foM99p3jzxh8YvFX2nzIvK8mX/nr5Vr/ov/AJF83/v1Xp4L2Lp+zPL19vc9w8Na/okNpp/g6fy5JLrWIrma0/5Zf8svKi/7+1H420G+0b43aprk/wDpNnqmsXUl5+5/dSxRaf8A63/v75tYfhX7djw3f6rBJJeX+pRatNDLD/z1iil8qug+Knjyeaw0fyL7/kKaxLHZxQ/8sv3vlS0uT98eh9ZLGg/279h0+fVYf9bNa+ddw/vfNil83yq3P2rviFB4Q+C2l2NhpX2a8i1iKTzv+esUt1/8aryf4M+K76z1m88AwT3P9n6XZxRzWkv73/VSxf8Axqus/aK1O48SeLfB9lfCL+z/APhD4r2aGGH/AJaxRRf+0vKrKrrVsFTFL2R3Hxm1SCbQfCc8Aj/s/wD0qL91/wA/Vr+9/wDaVZ/wr+I8/irWZPA/imw022kih8yzu4oYvNlll82K1l/8i15H4F+MesfF39mLw5dxTSi8i1KK4/dfuvNl8r7V/wCRfN8qtjWNHns/F2j+I/A8/wBht/sfmf67/W/vf9V/5FirB5fKMtThqYn2pofFSC/s/Ftvcar+81Tw5NdWXnQ2flRS+VL5UssX/fquw8G+CrL4tfBaz8Sa3cx3sdh4wsP7Nu/+eUVjdRS/+ja8v+Kuvar4l+LUfxH+3SRSWvhu1vYfJ/1X2q6ii83/AMi+bXtnwZ0efwT8EfD/AIB/1VxLDLq2pTRf6rzbqX/Sv/RXm/8AbWrqfuqNzpwVK7PL/wBtLyPjB4j8cQX/ANp+z2Hg/VLnR/8Arra+VLF/11r5X/Zj/ahYeMLPwVcX0v73UrDVYf8AwFltfKr7U+MWm2Os6h4H+w+bF9v8E6pouped/wAspfssX7qX/wAi1+af7Mvwt1/S/wBqXSvCtzL+8sfGsWlajdww/wDLWX/P/kWvYy2nTnl7Z8rjMFfHyPrj4v6dL4T+BHxcv4ZvLvPG+pWF7o/nf8+t1/rf/Itc3/wTT8V6TpvxCk+H+uX0sv2+zlj8qaH915sVrLL/AOivKr1j9rn4V33wl8N/CPVftv8AaX9g+CbC516Hzv3v2WKKLzZZYv8ArrFLXmem/D3SvB/7Sul+KvDk99c3l19q1qHzfK8qWW6/dXUX/gLLU08JzUueZEsHTp1eSZqfELUtV8B+N7z4jQf8e9hD/YN5DD/rYpYv9VL/AN+pa90+JAh+JHwC8F+OIB5v2r/iUzfvv+WvlebFLXz38fvCt94b1+PwdfmSXR9e82TxV+5/1Vr+9i/9pV754Jmvbz4Vax4c8AeV5droNhqOg2nk/wCquovN/wDaXlV1Rw1JuFQ9vDexpUfZyPh/4b+JJ9e8SXHj+C+llt9Lm+06l+5l8391L/qq+2PB+pWPxy+Ddv4qnn+26Xaw3X2Oaab97FL5UtfNegwaF8PfEVvYWPhySP7BD/bWpRH/AFt1FF5st1F/4FeVXYfsi/EGfWPhVef2HfXMdno3iS/stY07/nrFLF/9trTNKVFuNSmRhqkPbHn83xsuPEupeKPsM/2mPwloMVz5Pk/8fUtrF5Xm/wDoqvpTwf8AGz/jDz4f/E3Q4JJdQsIbq21Lzv8All/qpYov/IteJ/DH4MWNn431SD/hHIrbUNe0e6j/AOv+W6/e/wDxqvoDw3+zH4//AOFVSfB3wrBFY3n2yK5htLv/AFX7qL/P/kWoU6L5T6PCx/fFj9mnXoNe+H3iTwPpV9FJeWE39rabL/z1i83zZYv+utZ/xh+IUGpeDLiDwpPHJqFrqUVzZ2l3N5X/AF1rP+G+j32j6NqGqeDbCTTY4obrSdS0+WH/AJay/wCtl/8AIVeJ+KoR421XT9c1We5+0aXNFZXkP/TX91XZSqUfafuz6FHqHw3svEfir4g6xpU/2m2j17QftMM3/TX/ADFXUfAfR9V8YeCLjwd4jg/4+por3R/+nWX/AJaxV6Z4b8B/2PoPhfVbf/l1s/M+1w/8tf3X+tlqxpF5Y/8ACSah/wAI5Y/ZvK1L9z/0yl8qKvSpVqX2zel/08MvR/7D1/4jR2OrTyabcappvl2f/PKWWL91Vf4n/B+9/suTHlR6xpflXPk/8srqKL/lrXP69rF7eeN/7E8RwRS3Fh4kl+xy/wDTKWus17x9qmveF4/Ink8zS5v30UP+ti/dfvYq9KlUNb0Th9B8bQf8J5Z6rPB5uj6poMv9pQzf621l/deV/wC1ay/HnhuDwfdafqvhXVYrmT/j98Ny+d/rYv8Anl5X/XWo9B1LStS17UPB3keV9qm+zabN/wBMpf3sVR+JPBOq2dtp+hweZ5kV55ln5P8Ayylr0qVjKpsR+FNIg+JF9cXGleZY3kUMtz5V3D5X72L/AFvlf9da5fw348n/AOEo0vxUYLn+z/O+zaxDND+9i83yvKlii/6616Jc6lZeNtGs9V0P7TbXlh/y9/8APLyv9bFLWHNNBDdXEEFj+8/eyQ+V/wA8pa6v3JnTqnol5r3/AAgctvfQeXc/ZYftNn5U3/H/AGv/AC1i/wCutdJ4q0Hwp8Q/Dn23Sr6L7Hfw/aLO7/5a2sv/ADy8qvI/Dem32pWtvA0F7/Z/2z9zDN/rbC6/5a11nhXxfpVnLZ/YbCPzPtktl9khrhqGeJqmP4V8HwXcv9uT2Mv9oWEPmeVL/rf+mtSeJNHv9etY9d8OQeXJazeX/wA85Yv+uv8A8druLy8sZoo9c0P/AFcX7u8mrn9X8bwfZZLeCe2spLqzijhu4YfLilillrzamN9meZiZGXr0N/DYSeRB5n2DUorbUtP87/VRS/8ALWqfhybVbPQdLuPEeh/6PFZ3UkOuWl55sX+t8qKKXyv+uVZfxI0HXIdevPFFzrn9m6pf3lr5Oow/vYpYoov+Wv8A0ylo+DMPiPR/Ccng3StVkttHsLy/k1jT/J/1Usv+lRSxf9Mv/jVcyrVap4tQp+MJbHw3rOl3FzfXtzbyzS29nq0X7q+0u68rzYv9V+6li8quks/G2ueJNLuP7V0PTbbVLWGWO8u5v3X+q/49Zf8ArrLWf4J02x8efaPH9jrkdzp9/DdR3kUVn5cV15Uv7qWL/prWPrs39saz4b13+1vsMl1o9/52nww/vb/7L+9i82L/ALZf+QqKlb2aD2fLSuV/Dfxssf7U8QGDVZZPN03zJrSX/n/8r/0bXqmj/D3xH4P8OaPY2N9cy6pYQy+TFN+9ill/5a/9tYpa8P8ACvg2x0H4laxPqvhy28vWdStb3zpofM+1RS//ABqvpDx58SPHFn5n9leHIpLi6h/c6fD/AMsvN/5a/wDbWvExOJVUqniaXN7xyc1nPo+qWc+h6HH/AGpFNL/aVpND/ot/F/7Sl82uovIJ/FejST+FPs0tvF/o2pWk37qW1l/56xf9Mq4P4heNvO16TwB4jsZL3WJbyKObyv8AW+VF/wC1f3tSWV5rmsaXHoeh28sWqXWm/Yry7/55Sxfvf+/teDUqc/vTK+s0Tz/9l2ztvGHhbxRfarP/AKR5MVzqV3/z/wAsXleb5X/f2L/v1XYfFT4JX3xU/tTStcsf9Ii0G6tvO/6a+bFLF/5Fqv8ACXQYPCvwujHhyCL+2P3Vl9khm8zyov8AVf8AtWvXPiR42g8K2Hhu+8nzZJbOL+0rv/nr+9lr7mnjvZH3X1VHzP4J8NX03jfXNV0ODzPNs4rKaL/nrF/rZYv/ACFWxp3wesdB8R2el6H5kun/ANveZ4b/AOmX+q82KX/rl5tegeFbL+wfC/jDVtD/ANJjl1LzLPyv9bFL9qilq54k8SaH4V8R/wBuQQfaY7qz+2zf9Mpf3vleVRUzIzq4Y5Px5Nqv2S88D+R/pFr9vvbOLyf9baxSxS+V/wCRZaueFfFX/C1PBvhvxhfaH5WqWtn9m1j7XN/x4S+VF5Uv/tKuX/ak1PXIPiXp/wAafCvm+ZpemxatD++/dS/uvKliqxrGparo/gzT/ib8JJ45JPtnlw2k3+qltZfN+1RSxV83jebFnkYmmdJ431i+8K+DNQ8Kwz2NtcS/vLPSdQ/1Usv/AF1/55S/6r/v1XP2fxO+HPiPQY/GNjPcxW9rDLbXkU0372wl/wCWsUv/AJF8quf0HUp/i/8ACXS/FV95v9oaDqUtzD+582KW1l8qL7LLF/0182KvM/ipr89nr0n/AAqrSv8AiR+KLOK5vLSH/VRf89f3teTTw0E+WoeLialoFj+3p/Enxk1yw0q+kkvNGh/4mX7n/Wyyxf62L/v1Xqnhvwf4jh+L8eqwTxXNnpd5daLeWl3/AM9Yov3Uv/f2X/yLXB/DL+w4fEesfGLSr6OXULWztfO0m7/1ssXlfvf/AEbXrnxC8Y6r4Vh8J/2HZfadQ1SGK91iaH/p6li/+NUVPZfwzhpfvTP8Ya99j1mOw8RzyX1vqkMVzDLNNFF5V1F+9li/65f9MqsWfww8+w1Sx8HX322zl03+1tN/c/vYvK/5ZS/9cq8H+LXxOGg/H7VPCuuT3NzJr2pS22jwxf8ALhLFF5UUv/f3yv8Av1X0R+zT42vh4y8N+MfEmq21tcazZ/YtS0n/AJ6y/wDLKX/tr5tZTp/Vf3h20/YnH/ELxhPoN1cQGe2ij8L6b9mm8qb/AFstrFF/8dirn/hR43j174DfDvX/ABfp0cn9qT69JNd+d/qv3UUsX/f397/39rY/aE8BwTaD401z/hHL6KSw82Sz8qb97dSy+bF/21/1VY/g/Qr7R/hLp/gbw59mubfWfDd15Pk/uvst/FF/5C/1ssVONWNVHnVaf740PAfhq9h8UapfwX3m+beRWWpS/wDPL/VXXm/9+ov/ACLWp8N/iFP8ZfBtn4qn0ryv7Bs7/SfNhm/1sUXmxRf+ioqsfDHxJB4b/Zf1D4qa5BL5lrqVhcalNL/rZfN0+W1/9q21Z/wls/8AhA/gj8RIL4f6P/bEt7o//PWX/VS/+ivKqozpUqykx/Vz5++DHj+OSK88C6RP9p8P+DLywt/9T+9upYrDzZf/AGrX07D4W8cTfCD4f+f5st5YeKr+LUpfO/1X+i/avN/65ebFXzV+zv4RsfCuveO9bgt76D7fdWt7ptpd/wDL1FLLFFLL/wCRfK/7ZV9w2cOrabdeE/A80EdzZ6pZy/bJvO8zypf9b5v/AJF8qts1xtH2ijTOVUvay9w8r+GNnB8R/FGqeANVEsf2/TYrmzu/9V9l/eyy+VL/ANMoormvcPEvhXybDS9Dgv8AzZPO/snzoof9b+9ii83/AMi15f4J0b/hW+j6pfW9v9p8SapeRSax/wBMrC6l8qK1/wDIVeueKvFVvZ6D4Lvv9beSw/af3P8A11ll/wDjVfM4nHe1/dxPo6VOlRwh81/Fv4nXGpftGR+IrDzfLi8YXVtqX/XWXzf/AGr5VdZ+zH+zV4c034l+JPEWqwRX1x9sl8T+Taf621/e/uvN/wCmv7qvB/2jNY8UeKvA3jzxvpltLpuqWF5YedDDN/yyil83zf8AyFL/AN+q+mP2afGF94P/AGc/EHxbnsZfM1nwfa2X2T/lrLLL/rf/AEbXp+2qUMEuQ8B+xni+c8j/AG5PjBoWsfFrT/AHiqC5uf3P9i6x9km/dfZZZZf3X/bKLyq6T4S6bY6P4p0+x8Y6Vc/2ha6D9p8N63FD5kt1F/y1i8r/AJ6xf62vmf8Ab803W9S+KuseI/PkjkutY0vSYdO/1cv2qKXyvN83/nl5vm17JN488ca98C7xfAE8sd54S8SWv9m6j53lXNrFFFL5sUv/AGy/9FV7jjWWX01/MeTif3mL5jU/aWhsf+FgyaVfare/Z/Hmmy3P/CQ6dD+60vyv9Fl/7ZSyxf8AkWug/Zd/ac8OeN4vD/gefwrHpusaX5uk3kvnf62L97FFL/218qX/AL+1X+Kmvarpvwb+F/jj+yv3es2eqa1rEssP+qsLryrqW1/7+/8Ao2KvL/DemXHhDx5eD4ZHzfCcupWtzZ3f/TXzf9V/2yop1/Z4f2ZpGlV9tzmpoGj+Hdf+KHijwPY3stz4g8OeG7+SGWaHy4rqKWKKKL/yFLFVP9ifwr/Y0vjzwdPY/YZLrXv7Omi+2eZLYXVrFFL5v/XL97LFXpHiTwf4N0eWT9qH4OX/AJVxYWcX+iTTebLLL+6i8ryv+usUX/bKWpPGFnffDGXVPib4H0P7D4ktfssesad/rbaXzf3t1L/36rnhmEa0PZHdTw1P2hqTWf8Awh/jeOfQ5/s15pem/wBow6jdzfuorqL/AJ6/89Ypa9Q1j9pbQ/ip4S0fxH4U+021vr3lRzTeT5cujX8X+tir5/h8SX15+zT4P+I3jGeXy7DWL/Ttehlh/dXVhdeVL5UsX/PXzZYq9A8HnwN4a8DR6rpV95Wh+KPK8mGb95LFqkX/AC1/65f6qsatKXKe/haZ1Hgnxte/ELxb/wAINBBbXN5FoMsmpQw/u/tXlf6qX/rrWP8AEL4b6TNr0fivS7HzdLls/LvIYof+Wv8A01rxfwf498VfBn4q+IJ9c+0yeVqWl22g6jDD/wAspYvK/wDaX/kKvpD4heKp5vCVnrmhwRxya9DF9si/5ZRS/wDPWunC1Pq57dGpznL6z8ftc8K+A/8AhHL/AMvzNGvLDzv+mtrL+6lq54D+Kng6z0vUNCvvEckt5FeeZ+5h/e/ZfN/dS/8AXX/llXzn4s8Va54U/ag1T4c+K9DlufDfjf7VZQyy/wCqillii/8AassX/f2Wsf8AZo17xHD8Qbzw5rnm/Z9Lh/s77Xd/vZa9mMH7P2gVKn70+mNYmvtSlkn1XSvLvLWGWSb/AK+rWL/7VXlfwH+Nl94w+IPxI0OyvpJPKvNBuf8Arl+9liuv/IVe4fH/AF7/AIRW/wDA/iTwrB/o/iOHy9Yl/wC3WL/47F/5Fr4v+Fep658JP2m/ippFxBJ5niPR7+PR/wDrr5UX/tWvostlTnR5zmq1f3x7x+0JNfeFde0vxx4c/dxxax9im/55fuvKli83/rrFXqHxg8VWOpeDY/HHhy+/d6ppsWtaDND/AKr97/8Aba+e9H8eT/H79i3XJ9UguYpIvBNrJNF/y1luorqL97/5FrqPAXirXPEn7AvhvXNcgkttQ8GzS6Tr0P8Azyi8rzf/AI1/36rvh8Rft5HP/s3/ABmg8VeF9Yv9KgkvrO68YWsk0UX+ti8391dV6x8TfDY0GW38ieX7H50scOow/wDPL/llXx/+xn4k1X4M6z4o8OXEEn+la95cMP8Az1il/e/+1fKr7g8SXk+paXZ6VmK5s9e/ef8AXKX/AJZS1vUqaEU6ph/CXxVq2u3V5b6t/rIobW5039z/AMf8X/PL/rrXP+JNS1XR/FGoX3hyxubnR5ZpftnnQ+XLay+V+9roNSvP7Buryex/4+LDWP8AiZeT/wA8vK/5Zf8AfquX+KnjYaN5fiqCyuf7P1Szi860h/8AIv8A5CrOpiaXsTixNU7D4Y+NoPEvw+t4INVl+2WujxXv2v8A5+q4vxT4w0rR/iheaVBZebo8t55ejzf88vN//e1H8B/P8Kw3nkXHmR6X9q860u5v9bYeV5sVegaB8MtDh+KFnqt/B/oeqf8AExvIZv8AmFxRfvf/AGl/5Cr5LE1f3xw+19qzcm+GPiTxJo1v4H1UR+ZLZyx/9Moopf8A41XP+MPCuuaDLo+laH4jlivLD7LHqX/LL7VYRf8APX/v7Wf8YP22NKhv/wDhAPCv2mxklhtbb+0bT/WyxeV/qv8AyFXl/jb4n654k0vwnrmh+I4/7Q1SH7N5P2z975Xm/wDLX/pr5VFOqaYmpSpUT2TTf7K0HWvD+h+FdW+xaXYal/aMNpNN5VtF+683zf8Av7Ufj34bw2nj2TxH4V8G/Zv7Z/03TdWu5pZYrC6/5axRS/8ALWKvN/HniTztB+3eHPEdtFeeF/3c0Wozf8fUX/PL/rrXQaP8SPGOg/CqSexgll0fVPtUfkzfvJdGuv3UstcVWq2eTUxntaXszrLOy0vw3NZwX+rS20f72O8iu4fNitfK/e/63/nlLViz/aK8Kaxo1ve2M+pW2qWH7v8A0uGLzbWWL/Vf9da87m8YTzfCXwfqvjG+ki1CW8/49PJ82K/tZZfsvlSxf9Nf+ev/AEyrn28Nzw395/wg89tH4X1Szi/4m2o/vf8All5vlV5soumc51E3xHsv+Gh9c1WxsZZdQi83yYpv+XWX/nl/21/ey/8AbKtj4YnXIdZk8R6r9pjt9LmlubyX/llLLL/nyqr+A/7D+0+IPFNjfxy6pa2cUn+p/exSxRf8ta7Tyf8AhJPh9p/wcn1WKxvP3uowzed/x6yy/wDPX/nr/wDba83E1aNOiY/8vD//2Q=='}}]}], 'model': 'qwen3-vl:8b'}}
2026-06-26 15:27:15,326 [DEBUG] ThreadPoolExecutor-0_2: Sending HTTP Request: POST http://localhost:1234/v1/chat/completions
2026-06-26 15:27:15,326 [DEBUG] ThreadPoolExecutor-0_0: Sending HTTP Request: POST http://localhost:1234/v1/chat/completions
2026-06-26 15:27:15,373 [DEBUG] ThreadPoolExecutor-0_3: Sending HTTP Request: POST http://localhost:1234/v1/chat/completions
2026-06-26 15:27:15,420 [DEBUG] ThreadPoolExecutor-0_1: Sending HTTP Request: POST http://localhost:1234/v1/chat/completions
2026-06-26 15:27:15,467 [DEBUG] ThreadPoolExecutor-0_2: connect_tcp.started host='localhost' port=1234 local_address=None timeout=5.0 socket_options=None
2026-06-26 15:27:15,514 [DEBUG] ThreadPoolExecutor-0_0: connect_tcp.started host='localhost' port=1234 local_address=None timeout=5.0 socket_options=None
2026-06-26 15:27:15,560 [DEBUG] ThreadPoolExecutor-0_3: connect_tcp.started host='localhost' port=1234 local_address=None timeout=5.0 socket_options=None
2026-06-26 15:27:15,607 [DEBUG] ThreadPoolExecutor-0_1: connect_tcp.started host='localhost' port=1234 local_address=None timeout=5.0 socket_options=None
2026-06-26 15:27:18,255 [DEBUG] ThreadPoolExecutor-0_2: connect_tcp.complete return_value=<httpcore._backends.sync.SyncStream object at 0x00000215EC242660>
2026-06-26 15:27:18,270 [DEBUG] ThreadPoolExecutor-0_2: send_request_headers.started request=<Request [b'POST']>
2026-06-26 15:27:18,270 [DEBUG] ThreadPoolExecutor-0_3: connect_tcp.complete return_value=<httpcore._backends.sync.SyncStream object at 0x00000215EC384050>
2026-06-26 15:27:18,333 [DEBUG] ThreadPoolExecutor-0_3: send_request_headers.started request=<Request [b'POST']>
2026-06-26 15:27:18,333 [DEBUG] ThreadPoolExecutor-0_2: send_request_headers.complete
2026-06-26 15:27:18,349 [DEBUG] ThreadPoolExecutor-0_1: connect_tcp.complete return_value=<httpcore._backends.sync.SyncStream object at 0x00000215EC384690>
2026-06-26 15:27:18,380 [DEBUG] ThreadPoolExecutor-0_0: connect_tcp.complete return_value=<httpcore._backends.sync.SyncStream object at 0x00000215EC237100>
2026-06-26 15:27:18,380 [DEBUG] ThreadPoolExecutor-0_3: send_request_headers.complete
2026-06-26 15:27:18,426 [DEBUG] ThreadPoolExecutor-0_2: send_request_body.started request=<Request [b'POST']>
2026-06-26 15:27:18,474 [DEBUG] ThreadPoolExecutor-0_1: send_request_headers.started request=<Request [b'POST']>
2026-06-26 15:27:18,520 [DEBUG] ThreadPoolExecutor-0_0: send_request_headers.started request=<Request [b'POST']>
2026-06-26 15:27:18,566 [DEBUG] ThreadPoolExecutor-0_3: send_request_body.started request=<Request [b'POST']>
2026-06-26 15:27:18,658 [DEBUG] ThreadPoolExecutor-0_1: send_request_headers.complete
2026-06-26 15:27:18,659 [DEBUG] ThreadPoolExecutor-0_2: send_request_body.complete
2026-06-26 15:27:18,721 [DEBUG] ThreadPoolExecutor-0_0: send_request_headers.complete
2026-06-26 15:27:18,737 [DEBUG] ThreadPoolExecutor-0_1: send_request_body.started request=<Request [b'POST']>
2026-06-26 15:27:18,783 [DEBUG] ThreadPoolExecutor-0_2: receive_response_headers.started request=<Request [b'POST']>
2026-06-26 15:27:18,783 [DEBUG] ThreadPoolExecutor-0_3: send_request_body.complete
2026-06-26 15:27:18,829 [DEBUG] ThreadPoolExecutor-0_0: send_request_body.started request=<Request [b'POST']>
2026-06-26 15:27:18,889 [DEBUG] ThreadPoolExecutor-0_1: send_request_body.complete
2026-06-26 15:27:18,920 [DEBUG] ThreadPoolExecutor-0_3: receive_response_headers.started request=<Request [b'POST']>
2026-06-26 15:27:18,983 [DEBUG] ThreadPoolExecutor-0_1: receive_response_headers.started request=<Request [b'POST']>
2026-06-26 15:27:18,999 [DEBUG] ThreadPoolExecutor-0_0: send_request_body.complete
2026-06-26 15:27:19,030 [DEBUG] ThreadPoolExecutor-0_0: receive_response_headers.started request=<Request [b'POST']>
2026-06-26 15:27:37,228 [DEBUG] ThreadPoolExecutor-0_0: receive_response_headers.complete return_value=(b'HTTP/1.1', 200, b'OK', [(b'X-Powered-By', b'Express'), (b'Content-Type', b'application/json; charset=utf-8'), (b'Content-Length', b'1696'), (b'ETag', b'W/"6a0-1OorOMapSjulI1EFNsw6R4CF1DQ"'), (b'Date', b'Fri, 26 Jun 2026 12:27:37 GMT'), (b'Connection', b'keep-alive'), (b'Keep-Alive', b'timeout=5')])
2026-06-26 15:27:37,243 [INFO] ThreadPoolExecutor-0_0: HTTP Request: POST http://localhost:1234/v1/chat/completions "HTTP/1.1 200 OK"
2026-06-26 15:27:37,258 [DEBUG] ThreadPoolExecutor-0_0: receive_response_body.started request=<Request [b'POST']>
2026-06-26 15:27:37,273 [DEBUG] ThreadPoolExecutor-0_0: receive_response_body.complete
2026-06-26 15:27:37,289 [DEBUG] ThreadPoolExecutor-0_0: response_closed.started
2026-06-26 15:27:37,304 [DEBUG] ThreadPoolExecutor-0_0: response_closed.complete
2026-06-26 15:27:37,335 [DEBUG] ThreadPoolExecutor-0_0: HTTP Response: POST http://localhost:1234/v1/chat/completions "200 OK" Headers({'x-powered-by': 'Express', 'content-type': 'application/json; charset=utf-8', 'content-length': '1696', 'etag': 'W/"6a0-1OorOMapSjulI1EFNsw6R4CF1DQ"', 'date': 'Fri, 26 Jun 2026 12:27:37 GMT', 'connection': 'keep-alive', 'keep-alive': 'timeout=5'})
2026-06-26 15:27:37,351 [DEBUG] ThreadPoolExecutor-0_0: request_id: None
2026-06-26 15:27:37,354 [DEBUG] ThreadPoolExecutor-0_0: Raw LM Studio response received for F:\kuvat\test\42c9359c671d4dc38e08873c65dad439.jpg
2026-06-26 15:27:37,864 [INFO] ThreadPoolExecutor-0_0: Successfully tagged 42c9359c671d4dc38e08873c65dad439.jpg with ['Artwork', 'Bendy', 'Bendy and the Ink Machine', 'Galaxy', 'Space', 'Nebula', 'Cosmic', 'Surreal', 'Cartoon', 'Illustration']
2026-06-26 15:27:37,880 [INFO] ThreadPoolExecutor-0_0: Processing 5841ad63f46044018aee5f25dc50a228.jpg
2026-06-26 15:27:37,956 [DEBUG] ThreadPoolExecutor-0_0: tag: Software (305) - type: string (2) - value: b'\x00'
2026-06-26 15:27:37,972 [DEBUG] ThreadPoolExecutor-0_0: tag: unknown (40094) - type: byte (1)
2026-06-26 15:27:38,002 [DEBUG] ThreadPoolExecutor-0_0: tag: ExifIFD (34665) - type: long (4) - value: b'\x00\x00\x002'
2026-06-26 15:27:38,157 [DEBUG] ThreadPoolExecutor-0_0: Requesting tags from LM Studio (qwen3-vl:8b) for F:\kuvat\test\5841ad63f46044018aee5f25dc50a228.jpg
2026-06-26 15:27:38,266 [DEBUG] ThreadPoolExecutor-0_0: Request options: {'method': 'post', 'url': '/chat/completions', 'files': None, 'idempotency_key': 'stainless-python-retry-2d43d658-f7af-489f-af0f-27add1ee0aeb', 'security': {'bearer_auth': True}, 'content': None, 'json_data': {'messages': [{'role': 'user', 'content': [{'type': 'text', 'text': "Analyze this image, which could be an internet meme, screenshot, artwork, or photograph. Extract 6 to 12 highly relevant keywords. 1. Always include the image type as the first tag (e.g., 'Meme', 'Screenshot', 'Artwork', 'Photo'). 2. If it is a meme, identify the meme template/format, the main subjects, the core vibe/emotion, and 1-3 key words from the text. 3. If it is a screenshot, summarize the main topic or software shown. 4. All tags must be strictly in English. Do not use any other languages or alphabets. Return ONLY the comma-separated list of tags. No introductory text, bullet points, or quotes."}, {'type': 'image_url', 'image_url': {'url': 'data:image/jpeg;base64,/9j/4AAQSkZJRgABAQAAAQABAAD/4QBIRXhpZgAATU0AKgAAAAgAAwExAAIAAAABAAAAAJyeAAEAAAAAAAAAAIdpAAQAAAABAAAAMgAAAAAAAZKGAAcAAAAAAAAAAP/bAEMAAgEBAQEBAgEBAQICAgICBAMCAgICBQQEAwQGBQYGBgUGBgYHCQgGBwkHBgYICwgJCgoKCgoGCAsMCwoMCQoKCv/bAEMBAgICAgICBQMDBQoHBgcKCgoKCgoKCgoKCgoKCgoKCgoKCgoKCgoKCgoKCgoKCgoKCgoKCgoKCgoKCgoKCgoKCv/AABEIAaABoAMBIgACEQEDEQH/xAAfAAABBQEBAQEBAQAAAAAAAAAAAQIDBAUGBwgJCgv/xAC1EAACAQMDAgQDBQUEBAAAAX0BAgMABBEFEiExQQYTUWEHInEUMoGRoQgjQrHBFVLR8CQzYnKCCQoWFxgZGiUmJygpKjQ1Njc4OTpDREVGR0hJSlNUVVZXWFlaY2RlZmdoaWpzdHV2d3h5eoOEhYaHiImKkpOUlZaXmJmaoqOkpaanqKmqsrO0tba3uLm6wsPExcbHyMnK0tPU1dbX2Nna4eLj5OXm5+jp6vHy8/T19vf4+fr/xAAfAQADAQEBAQEBAQEBAAAAAAAAAQIDBAUGBwgJCgv/xAC1EQACAQIEBAMEBwUEBAABAncAAQIDEQQFITEGEkFRB2FxEyIygQgUQpGhscEJIzNS8BVictEKFiQ04SXxFxgZGiYnKCkqNTY3ODk6Q0RFRkdISUpTVFVWV1hZWmNkZWZnaGlqc3R1dnd4eXqCg4SFhoeIiYqSk5SVlpeYmZqio6Slpqeoqaqys7S1tre4ubrCw8TFxsfIycrS09TV1tfY2dri4+Tl5ufo6ery8/T19vf4+fr/2gAMAwEAAhEDEQA/APO9evL7R5bfSr6x/wC23nVy+maZqujy3huL62kt5fKj8mau4mhg1KKOfVYLnzP+e1Z/irXvhxqV/LYarpX+qr969pWP50qf9OySzm8KymTz76X/AFP+piqT4heRNFp99Yz/ALuLyv3Pk1n+CbP4Yz3/AJ+lf6zyf9VNUfiy8ggikP8Azym8usTlxVKn7HU7jxVpuq6b4c0u+gMckfk/88ay/G+sT/2NbzwaH+8roPGEN9qXhKz+wz+XH5P/AD2ri/iFZXEOjafB/wAfMf8AzxmoPk6dNe3POxLrlnqlxP5EUlvL+7/65VoXmhX0N/p/7/8A1s3medFUk0MOmWsmZ5bbzf8AllDWgdR1vyo/sVx+7l/6Y0HoVHR+CBuabo/9mwx+RqsdzceT5kMUUNc3eaRqug699un8qS3lh/1Vdh4VgnhtZPI0r93aw/8ALasfxIILzy76xuP9V/roq5/afvjxcTV/fezKc2jfa7SOeGfy7f8A1n7mu8+G8vhXTbCSDxH/AMsoYpIf+mVcPoMOk6lov2fVPtMvlTfufKh/e13Hwq8NW+peZqv73y5f3c3m/wDLKoW53YGl++Of8Yaxff2NcWNv5cknnfuf+mVWPiFNY2fwIvIP3vmXX+uh/wCuVZ/iqzg0fXtUuNKgkluJf3cMUNR+PIdVh+BlnY/8tIpv31ehSP0fDUqVHBnh+gw315a3n24eX/02qxo9n/xNbeeCfzauXlnP/Ytx9h/57Rf6mrGm/wDH/GIIPMrnp7ngYlo7zwH4VvvK+3T/AOr8nzP9TXkfxg1Kebxb/oP/AE1lm8mvYP8AhYUHhrS5PPvra5jlh/1Xk143eGDXvGf9q2MH+jy/6ms8R+9o+zOfLKUlV9oZ95ZzabrNnBY/vP33malL5NeiXngO+/4V9o/iO+uJPM87zPKh/wCWsVcP4q8/Rvsfn/6zzv31d5D42/4peOysdK/eeTF50MU3m1wf9Oz08biFSUZR+Iw/Emg315rNnBYz/wCj/wDHzD5P/LKvQPAeg+DtN0u31W+1W5vY7r93ZwxQ/vf+mteZjXvDniXS47LVdKlsrjyZY/Oh/df9sq9o+A/hTQ9S8EW99rmuSWN5YTf6ryf9b/1y/wC/VH8E9XA0ZV6kJnlcOpa5eWniTSdVg8vyvKjhl/56xV5fZ/D3xJN8UY9V0r7Te2f+r8nya+jLyCxh0HUP3H7uWbzIZpYa5Oz1iDQbq4sdK1WSK4lm/wBTaVq6n857Ea1WlUkjP+FnwfgvPHmn/br7/p28mu0/a08VeAPBPwvt/hz4T12yl82b/XeT5l1LLF/yy/7ZVw9n48gvPiXHpXhWf7NeS2csepSw/wCqll8qvn/xV8Tr6z+Jf9p+JLG2j8q88uGb/wBG1liMXStY7cDgYVuatzHoGval4rhk8N/2rBHFby6PLJZ/ua8v8SfDfXP+Flx654V/02O6h+0/uf8AnlXuGj3nhXx7Np/hXxJfX1tZ/Y/+JbqMPlS+b+6/1VeJ6laWem/FO406+ilvbHS4fLhu/J8yWL97/wA9a4q1TSCHhoVK9eSie+fAHw39jlt9VsII5f8AVWUMU3+q+1SyxRV2H/BQXxtLrE+l/Bzwv4qlluPDlp5d95uj/wCq/dRSxf6r/pr5v72pP2V/CsGg/D638Y33iO2sbi6vPMmtIdN+0+b/APGpa8n+O+unXvjjeaj9u1Kyjls5f9LtPNiluvK/5ZSy161Wv7PAnNjcN7BHl+m3PinUTeWtjFHH9ls/9Kklh8vyv+uddLZw3fgRft+im2vdG12zlHkzRf6uL91L+8/55fvaztG0aCHTvJ1z93JL/pPkxal/rf8AnlLL5stU9O0fxV4bsP7VGuxfaNU822mh87/llFXgUKlzxHyynZSLVrc6Fqt5b6X9t1KzGYv9Fh8qS5aWtbSbfxHoNp/wkl1pC6bbyzS6d5t3+8/0qKL/AFXlVqL4c0LS4rjW59btpY9ObzNYtbW8x9v83/llH5X7rzYqyfiZ4uHiCSDWV065jtb5opLzzNSiluZbr/nr5f8Ayyo0pM5Wva1uVHM+HNf/ALO8USatpVvLc/vv+Ws3+q/6ZV7JrHhXxX4b0HS9K/d315dXkVzeafdwxeVdf88v/Rv+qr57ngms/Ekh8+OSSWbzIf8Alp+6r2jR/jB9jit4PFUH2mztYfMs5vO/1VdNGtSceU9GpS5JQMf4m3htNZ/sKxW50nyryKOa0lh/e2svlf8ALKWodL16Pw74N1DWI/DUlzZtD5UN3dz/AL2KWL/lr5dbWsar4R1bRbWXxdqF9LeR2f8AaOk2kN55tz9vl/56/wDLLyv/ACLWPZ6Pb3fxA/tXVp7ays9Zhljm86882WWWuOlUrU65lUpe1fN9k6jV9H0qbwHJcf255lz/AKzR/tf/ACy8397L/wCRa8fg1++1LRvEmha2Io9Ql8qOGaKvoTTdO0nWPC1vY6rBFZR2HmyWcX/PL/plLXg83hvwDDd3E/iPxVLfeVeeXDp1pDFLL5v/AG1r1sZF1aPtDrylU1OcTqPg1Z+HItL1DVfEeqSeXYf6ND/z1ll8qvO/idNqs3jK8g0r93cWs3mTWnk17Z8DfDeleMPHkelGCW2/ff6maH/Vfuv3Xm15X8bPBOuTfEHWBBBH9oivP313L/yyipRUvquh6OG9n9bMf4J6Dfaxfx2M8/2aS6vJY5v3Ne+eBIbG71m81aC+/wCJXpfm+ddyw/urqX/nlXjfwZ0eC80bWPInllkih/czS/8APX/nrXsl5Zjwr8KtL8OaVpXmapqn/Lp53+q/6ay/9+qMD+6OrE0vaVkcno3iSC88UXF9Yar5ej6ND++/5afapZaw/EXi1tUjt/FWqa1HHHa3n2eG0hh/5ay/6qKsfxhq8Gm6pHpXgazk1G4+2SyaxFF/qov8y1z9nNBrHjSz8IaFbSeVfwy3NndzQ/8ALX/MvlUqmKjzezO9YCnUlzRPeP8AhbUGmeErjQ/CsH9pebD5esajdw+VFa/9cq9k0Gfxx4C+EGL6x0TxBZ+I/wDRpruGGKSW183/AKaxf6qvD/BPwB8R6l4y0/w358kUcsMX9pWkVeyXnwrh+G+sW+q2PxUlsY4of9M0m0hlki8r/pr5te/lvteU+dzenClKEOYw9B03Qteu9QuZ/Fcum6fpc0UX2S002WS682X/AJ5f89a7Dw1pF9qVrb6rYWMek6Xa+bHNqGozRS/uov8A0V/39roP+JJeeA7PVoPjhpvhvULWGW9s9O1HzfN/e/62WL7JF5Uvm/8ATX/VV5HefGDw548v/wDhANKhvrbS9Um8z+yZpv3st1/y1l83/prW3tfYnlQy2rjKxoXvxJ8G/DTxnH4b8D3ttJcaz5sc0V3N5sUsv/PWug/Zv+LXirxh8W9Q8R6r4bi+z6DNaxzahL+68qWWX97L/wC0q+d/GHw80PwT4j/4SrxUbmPypv8AiWwxQ/vYpa+iP2FfCn/CeftBR2U89zJZ+I5v7R8r/llL5Xlfupf+uX/tKvN+u+1xf7w+mfDqo4O7PZNH17wrqVhHYz/6yKH/AF1ed+JPBK6lrMk8Gqx1X0fxJb2d1/p2l3MVFn4r/wCJpJPBB5sctejT/jHwtJq/IbnhvwT9jikH2i2lkqTXvCuuTXXkX0/+tm/c12Hg+z8HTeZPf3v2aSX/AKY1Y13QNB8r7dbeKra58qbzIYYaiocuKhVqS5JEevabff2Dp+lfu/tHk/vqw/FcM9jYR+fB+8/67V1kP9lano1vcf27H9o/8i1z/jzwfPeRR3FvrttJ/wBtqPZng4nAv/l2cfDDpU037/SvMqn4km+2eXBY2P2aOL/ptWxZ+ENc+yyH7fbf+BlYfiTTdcs/3HkReZ/12rP2dY8X6tX9sanhXUZ4bW4gg/e2/wDzyqvDNYzXP7ix8qpPBNlfCWSDyI4vNh/fUTaZfabffZ5/Klj/AOmNctSnU9scFTDVvb3maH9mWGmSxwWN9+8uq6j4eQ/8IrLcQQa59ps7+GWObyv+WUtcHqWpf6Vbz2MH+qr1DwJqXw6vdG3X1/c2Mkv/ACx/1sUtFSlqfpXDeX0p8jqfCcH4wln0fVJNJ1Wf7N5v+umi/wCWVR/E42MPwW/cfaftHnfuf+mtXPiRqUGvS3FxBpP7y1m8ub99/rYqk+J0NufhLp8/kfu/O/1NdtKn7p9TmyoQofuzxuGG3h0uTz7GKSuXvNX/ALGuv9Hm83/rlXYeJP3OjefD/q4v+WNed7heS3H2eD95XPV3PlMPh/bFO81i+mupL6wnroLPQbHTdLkn8j95LN/y1qvoOjzwxef/AGTF5cX+u86ug037deXWn+RB/qpvMhq6X/Tw9an7GivZnP8AxVhvjdR2Nj/q4of30P8AzyrD+Hs2qm//ANIn+0/9ca7TxVNb/wDCI3B1aDyryWaWKuP8K/aJopIPIk8y18r91XHUp++eTicOqkTP+Kt5BNFHBPPLFJ/z2ir1z9kTUvGPjb4D+LINDWW51jS7yL7HN/rZf3X/AO9rzPxhptiZftxgl8v/AFlnDX1R/wAEo9H0rUvC3iS+g/0a487zPN8mscQfUcP4ijQ5Kczj9Yh8Val8L7jz5/K1CL/j8imh/wBVXz3ql5qv9l/YdK1WKTVL/wD113/yysIq+5PiT4PsdetfFF79nlluJZoo/Oh/55ebXi958Wvhl4P0a38K/wDCG2Mv2CHy5vOhi/ey1nTtWPr66y+XwHH/ALIvwfgvL7VL6+0q58v7HLH/AGjND+6l/df63za+W9e0a51L9paTS9Kvpf8AQNSlkm/c/uoq/Rj4P/GayFhqljY6rbabJ5PmfZPJ/dRfuv8AVRV8p6d8Pr6bx5qnjH7d5sct5L/261xZhTtKMYHl4aso1pU4Ff4V2eleMPFHg/SYL7/j11i68mb/AJ6/upa9IvP2dYNH+HPjTXL6x8vUJdYi/s2WaH/llLXB/si2ljB8WvD8E9j9mk0vXv30X/LX/P72vuz9oTwVbXngjWP7Kg/eXUPmeVL+982irUg6cT28N7LDI8H1jwqfhX8B9D8OaVYS215f2f2m8l/5a18V+Idak1zVXfUtVl1HULmX7PqF3NDL/oFt5vlfvf8Apr/yyr9KPj94V8R6l8Po9V0M/wDMNi/deTXynqXwZn1j4Of6Dof2a4v7yL7Z5P8Ayy/exV6DpTxNGCPCxUfbVZyPL9f8HD/hYWn6fBB9mji/d/a4ofM83/47XsHxL8DeAPEfgaxTwdFpixWlp++1W1ml/wCuv7rzYv8AW1J48+GN9rHjLw/4V0OCS20/S/8ARv3X/LKvTD4J8OaN4Ik8K/Yo4o7qb99+5/e1h9V9meNUwEakU0fMnjG3ufGK+Vo8H2Gwl8rybSWHy/8AVRf8tazvGHgG88DHS9c0LRI7mOWz8yaa2i82WKX/AFVfQmsfDHw3qV/odiYPNk+2eX53k/62Kuw1L4Y2NnLZ2M/lx2dr5sfleT/qv+esv/XWvNlgq1Wrc8VUK9Gt7p8R+E/h9caxqlxpV9BJ+6mik83yf3tN8VzTXfl+FovD9zpsY/1n9rXksn/tL91X1sPB3g7Qb+40TQ4I/LtZvMhmlrl/G3hvw5qWq/6RY/bfNm8yHyf9VFLXFUw1akzppyxPPdnkes+Fb7QNGj0q/ntpNY1Sb+0ZobS8ik8qL/prL/yyrDm8S+I/hv4t/sOC+sovt8MUdnd+T5ssX/XKvojXvhj4Ovb/AE++1XSrbzJbOK2vP3P+trL8Sfsu+FdSuo76yvovs9h/pPlf9Na7sLTrc2p6WFn7Kny1PtFP4G6at78PtP8A7V1Xzbi1vJZJtPlm8z/Wy/uv3X/LX/VV438fx/wr74jXkEGuXN9ql/NLHZ2mn3n2aLS4v+uXlV9aeD5vO8Bx+HBfWUUcU3/QNijl83/prL/y1ryfxJ8Mb7UvFGsarP5Ukl/D+5u/+WtfVVYqpheSBnl0uXFTOP8A2V9S/s3XrzxHBYyySWF5a/uvO/exfvf3v/XWu8+Kvwmg8bX+oar4inkuY9Uh/wCPS0m8r/rlWH8BvBOueFdGu4Myf6fDLLNN5P8Aqq7DX9e1XU9BjsbHyv3UNc9KlNUbHqxtTlL2Z4nDDpWnazb+HNKsba2+1axFbax9kh/49Yoq9Q+M2ma3B4X/ALWsTL/akUPl6bN/11rH0f4eQWfiiSew0r/Q5ZvMvJv+mtdhr2sX32COxvoPN+y/vIf+mtZ06Z6lJ2UfaHy34803xHoWjW+h6H9pkuL+8i/tK787/W/9Moq9Q+Cfgmx8YfGS38VX1v5ej6XpvmeJIof+WUX/ACyruPFXhrQ/tf8AwlV9ockcdrZ/abPTv+eUsUX+qirL+GMN/wCG9G8SarPBLFJrP7uaH/nr5v8AqqyeFX1iMzoeL93lOs8eeNr28+I1n4/1XzLHQ/Dk0X2OHSZv3tray/uv+WX+t/e/va7D9oTxVBqXhG48G6ppVtH5sP77UYrOL7TL/wBcpYoov/ated/B6zU+N9D8HXx+0yWF59p1Kb/n1tfKliliq58TfFV94buo/Dv9lRXOqedLbWcPneX9gill8qL/AL+19KqlFYQ+fx2HhWxkLmH8E9Y8OaNquqT+Fdc8y30uGKy0eLVv3vlS+V+9/e1btPhZ/wAJV4N8QftJ+KtctpdQtdYtbLQZbSH919q83/lrXnnw38eaV4bl1D4Zw2P9m6hYQ3Uk0U03m/vZf9bXslnB/Y/7Mmh6rPP5dv8AbJY/3v8Ay9S+VXzeJxJ9RkmEp1q/KR/Fr4e33iXxRo99/bn2bUJZv313q155lrLL5X+q/wBV+6lr1j/gnj8T/APhv48aPcX3hXUotU0aby7y0hm83zbqX91+6/55ReVLLXB/tFTXGj+EtQ8+xlufKvIrm8/563X7r/Wxf88q6z9gzwlpOtfHHS/E2jXP77xPqVrLps03+ti+1ReVXBTXPXue3ny+r4b2aOX074kZ8wzwRSxxQ1HD4rnmu/PsdK8v/njXF6b4r0Ozik/4kcvmf9dqr2fjy+s7/wAmDVfL/wCePnV9D9Zon4NSpnun9o69DpcYnsb2KTzv300sNYf9pT2d1HPffbfL/wBXN+5rm9O+KnirUofIn+Kktt/zx8rTauXl54j1jy/P+MUtzH/zy/s2tFVoseIrQh7s5naWesaH/Zcc81jfSx+d/roqj8Va94VvJY/+JVqX+p/1vnS1y80PiqGKOyg+JscUf/YNrPvNN8f/ALv/AIu3pv8A4B1uef8AWcO9Oc2P+Er8OfZZMaH5v77/AJbXlH9vaHqN/wCRY+Dv3n/PX7Z5n/tWubh/4SqE/wCkfFWx/wBd/wAsbP8A+1VTPiTyfMn/AOEq1KWSL/n0s4qDm9nScvjOkvfG9vpt3cWP2G9srjyf9T/z1/e1oaDr19NYSfaL62l+y/8APWvI4fGEE2s/bp9V1u58r/pzirY0fXvAOmw3H/CR2PiSWSX95DN+6j8qKsatM64YXBz+I7S81n7Zafbr6eKOP/rtXWG8nsvh95+lQW3med5lnNafvP8AtlXkf/Cyfgtq9hugg1+WSX93DD+6lrY034teCNNtbOx0vVNSjki/5dLusT1cNUqYT93TPcPBMI8V6X/b1xYSxSf6u8hq5+0VZ2Phv4QW/nwS/aJZq7j9nWbSvGHhyP8AcR/uv9dN/wA9ax/+CisP/CH/AAg0+cQf8vlVTPTxKlVw58t6zDPNYeQb6KPzYf8AU+T/AK2uf0fTfJv5IL+D/ttXP2fjz+0te+0T+Z5f/TL/AJZV1kGvaHZwyTwarJ5kv/LHya5TzaUKtL3SPXoZ4bbyPt3m/WrnhvUtDhtfPgg/0iL/AJa1X1O80q8sI54IPLji/wBd/wBNaueG4bG81TyIJ4vs8sNdNOn+5PR+rpU/aTJNe+w3nhKODXIJPtHnfufJrh9AmvjfyTwQf6PL+7r1jx5DBZ2Efnwfu/JrzPn95BpZlk8qaKTyv9XXNVPKqXbK/iT/AEPS/wDSPKkj/wCm373yq+pP+CS808Ol+JP9Hjl83/nlXy34khgvNLvJ54JZY/O/1NfUn/BLXUoLPwR4g8i+8v8Ac1lP+EetleG/ffvDsNY8VQfavGF9Ywf6PFDL/wB/a/N/XtYvte+I2ueI76fyreW8/wCPSv0E8Vw/Y/BHjj+yoPKjl/11fm/4k1Mabf3EEEHl/wDE4i+2RVl+6o0j63ko/ZPbPgnr+q2UXijW/P8AMuIprWT99/y1i/e+bXpHwr0CfWfhprHjG+0Pyo7qaWSHzq8n+D+sT/aryx/1cd15VtN+5/6619UfDfw39s/Zkt4IJ/3cU0X/AGy/1tedVqqrWidWCw+Hv/ePm/8AZ18/Wf2h5L6Cwtov30XnfZLPyv3tfcGveJPOiknvp45I/J/cwy18p/s6+G5/DfjfVID+6vItS/cyzf8ATWvZPHn2+z1CP7DPL5cX+urphh6NWqer9W5qcjpNA+IUHiTy/Duu33lRywyx1l+IPB9jZ2tx5Gq/vJZov+uUtcPZzzQ6z+/g8uSL/UzV0F5r880OL6fzbf8A57ed/ra9aNP2R5VTDxpzNiG88D+FbTyNKg+3SS/vJpf+mtcP4w8Sfa/FsZsYP3cvmyXkPnVHr3iWbTdL8+yg8q3l/wCW1cPoGtXx1m4vmsPN/c+X5v8Az1/e0HByL3jsPsdhZzSeI4Z5P9Fh8z/rl+9/1VSeJPFWq+JLC81W+n8u3lh/c0azNpX2C8guL/8A1X+uhh/5a/8ATKub1jUrfXobeeCeKOzuv8+V/wCiq5zi9nGdO5y9n4wvr3WdQnz+7lh/fSzVuT6PBpkVvPYTyf6f/rvN/wCWXlVTh8Nzwy3n2GCKWT9150Ndx/rvL1UQR+XFDLH9kmrm+rNmUY/vTk9f1K+GvRz2Nv8A6R/y2tIa1Ly8/wCJNH59xHLJL/qfJo1Gzn1K6t/sNj5txFNF50UP/LXza1LPTbHRrWPShP5nmwy+TN/zy/6ZV20sNY7Z0qO8zj9S16DQdUjnmEvmRTRSXkP/ADyruNS0Hw5r3hLz9Dn/AHkX+p/6ZVw/xOhuJ9Z8+xgi8y68r9zN/wCRa7T4G3kM1hcQTwfvLWb99F/zyion7aJwVZ0IVeZBFoOrabpcnn/u/Nh8uauPm0GDQbCS+8//AEeWb/VV6h4xhsYdPj8i/wD3d1/y1rl9Yh0mHQfPnPmWcX/PatKU2l+8OilyVNSvpug2NnoMn27/AJazf+Qqx/FR0qa6t4LCf/R/+W37n/VVsQ+KtKvJZLLVZ/8AR/8AVw1l6xeeHLP7RB9u82SL95DF/wA9az5ClV9pUtM6zQfBNjrFrb32q/6v915N3/z1rj/G3w9/tLxlZ65oWqx21nYfvbyKb/Vf6qug8N+KpxFb2N75kfm/vLP/AJ5S1l+PPDnjib+0NV8OHzLOWH/U/wDPWun2ZFOvKlXscX8N9Y0rQYdc8R6HpX+kS/8ALb/VS+VXonjzw3B4k1O48VeFbGx/tDyfLmmihikl+1eVF5X72uH0zwHqum+HLjStD/e/b7yKO8ir2Tw3pviqzsNPsfIsbaTyYvJ8nyvNl/df8ta7KcF9XFiKyq4jnPke81nXPhX+0Zb28/m/25qkP2fUvOhililil/df88v+mtfSE3wem1Pwv4T8KT6tFLocWpS3vm+d+9ll/df8sq838efDex0346R+KvEdj9pk1Sby7Ob/AKevNr6o/aE8B6X8JbrwH4Pg8q21TS/CsUl5dzf8srq6i/1tfOYzD/7TY+24emoTi0eP/tLaYNS+L+ueBtKn/wCJxLpsV7o8s3+quovK/wBVUn/BOvXfFWg/F/T/ABH451y203w/4SvPtvkzQ+X/AMesXm//AGquk+KkP9keG9D8SaH4cistc0b95D/aP725uv8AnrXcfBn4V+Ffidr2seRBH5ni3QZbmG0h/wCeX+tl/wDItcVSj7KtGPOexn9SjLD+0mfGcPiWx+yyG+g/6Z1zc/nzy40qeo/O/wBXYwTeXWpo9nObr/QL7zZKz9pXPwL6vOhSLGjjxHptp5FhPLLJFN++ruNB8SeKtNijgmg83/pjVfQdNvoYv9dF5lXJ5vEX/LDyvLojiMX9iJ4eMp1MRU5eU2P+E71yG6jg+wx11mj/ABCvprCP/ij7GX9z/wAtYYq4Oz024vLWSe9n8qtjTdNEJyPEf/bGvWw1XE9TnWUOmueRuax4k0qHT4577w5psUktcHq+veHLOaS3g0OT97/zymrU17TbGa68/wDtaL/ttWfpmgwfb5Li+/e/9tq6VVrVKonhoIz9N1Kx83z/AOypJY6y/iTqQFr5/wC8tvKr0yz0exhij8iD93XH/GaGD+xpP3FelUp/uTmwVX/bfZni+j+JJ5tZ8+x/0aP/ANG10F5NPMP7VnvvNk/5bRVzejxT6Zqnk/YfNj86Lzpf+eVampXk5PnwQebHFN/qa8CnUdOsfdUaB96fsE+NoNS8JRkQf9M66z/gqUYP+FF2c/8Aq5Ipq8f/AOCafiqxvWk0qdvKj879zXtn/BT3Tftnwb/1HmcRV6tN+1PRqU7UT839Bsr7WT/a32jy/K/6Y12n9g2MWlyfbr/93/z2rK8N2cH9lyaTDB5Xm11sNmJ7WO/ng/dxTSx+TXGc6w/tDm4Zj5Udj58kkddR8N9I87WvIsJ/Njl/11Z+sWU8OoSX3kf9M5oq6z4Dw29jr/keR/y28yumluGIpuNI7zx54RsJvDkYuL7yv+mM0NeHzQwQ61JPBPL5cX7ub9zX0Z8YLyCHS8TwV4HqQghv5J7GDzf+mNaVKR5tKncx/EmmwWejSTz6r+7l/wCmNe+f8E95p/DnhfWL42/7uWvn/WJzNo0n26CWWP8A55V9EfsN699j+HOqGx/dVw1Kf7o9vDU7faOw8STf8W58YarB+8t5f9TNX5r6/qUN54z1Cxvz+78799LX6MeNtSuIfhBrGlQf6uWaXzq/NvWNBns9e1CD/W/arys6lOn7E+gw0aUj0jwHPDpthcXEBkjjlmtY4YvO/wCWvm19+fD2CDR/gj5Bg8qSWHzPOr4L8CXc8PheO+8jzf8AipIv+uX+qir6Y+JHxO1XTfh9HY6Vffu7qH/VVxxw1KqztcVRjc0PCs3hXQftmuX1vHLqH2z/AFtXPFXiqe7tft0E3myV4HD4kvvtNxquq+bL5U37mu0m17VryKPyPNik/dSQw16tLDUkKpmVo+6dxZ69pUF1jULf/rtFVzXodJ1Kwkn8+L7H5P8ArYv9bFXD3msXE9/Z+fYxeZL5vkzVqabZ6rqVrGJ55f3U0sflV00zzvrMqtU2P+EbN1oHkwT+bH/z2rm7zw3fQ39n5F9F5cU3mzS1oaPNqsN/mDVY4vK/10Xnf6qu08H6DpWsS4vr6Py5f+W1a+zOapP+Q4//AIRs/vL++/dx/wDTauXhsoNMv7yxt77yrfEUcP8A0ylr2TxhptjD+4GqyfZ/+uNcHrHg/wDtKWQWPm+Z/wA8fJ/1tL2VE4vasy9H/snTbrGqz+b5v/PGug1j7DqVrp+q6V/q4pvMrP8A+Fb314P3/mVqf8K3voTHDYz/AOj/APLGn7MPa+yK8OvQQ38cFjB5cl1/rqj1LUoNX8yxOhfZpP8AWQ/9Na1IfAd9NF599B5vlTVc/sGfzfs9jY/u/wDntWlMyqYr2p5f5PiO81qSxt55f3UMsnnV2Hw38N/2b5hng/eS/vK7zTPB9ibWPUPsP7z/AJbVoaPo8/lefBB+88ms6lM8nEVbM8P8VXniOz8ZR2OiCX7P51F58MfHF3a/2rfQf6RazS+Taf8ALKvoDwR4DsdS17/kFeZJ53mebXsn/CE6GbXydc0q2/67f6quWpUO+jmqVE+B/G3gn4gTfY76HS/N+ywxedD/ANNa6j4e/CvxHeaPJ/wnGhRSSf8APaH/AJ619YXng/wqIv8ASIY/Lim/1Pk1XhvND0eKSAGx8vzv3PnVhqeXUzKt7W589w/A3xJqf2PVftFzFHF/qa9A8H+A4PCthHfX3hW51KTyf9T537quw1jWLGa1kgs9W8uPzv8AU1lw6xqs1hJBY/8APb/v7SvWBY2rUmcv/Y/hyz1n7dPpX2b7VD/qYf3lZ/jbQvAF7YXH2Ga5tpP+fuugvIfGOpXUf/Eq/dxf8toaJvB19rEvkTwReX/6NrWlUrB9clGoc3+zT+zTY/EL4l2eq65q326O1vIrmaXyf+WUX72tz/goF48sZvi9rHxG8OWEtzcRfZbaz07/AJZRf8sov/RVdp8AdB1bQfFsmuaVfeXb2sPmQw/9Na8T+Kmpz694j1DwdBe/2lHrOsRedqOP3sV15tX7OFSvzzPrMszWpDDy5Jmf+0NrOrnXv+Ejn8Ry20mqQxSQ3fk/8tf+eVe+f8EzfjN4O8eeN/D48RnSLbWNBvPsX7qHy7m/82KWL97/AM9f+ev/AGyrh/if4Vg16L/hDtb8OXOr+VZ/8ff/AD1rj/8AgmPo+h6P+0lHPBYy2P2XxJFJqUN3N/qopf3UX/kWWKvJxuG9rVPcp5tDGYG1VnxnqcUH+ut5/K+y1J4a1i+hl+0T30nly1uaPptje+EpOPK83/XVj2cP7r7OIP3kVYnz9OlRnR/eHSf8JJffu/8ATpa1LPXvOHzX1z+6rn4dN86KOeeH93F/zxrcsoP3UfkH93/z3rqpQRy1MFQ5TY0fWPJi8ieeSSOX/U1sfuLyKubm/wBbH5EH7uKuk0ebydLwLf8A67V1U9jzqsaUPcJJoYJrT9+ajspYIZY/IuKr3mpeda/6io9HvPOlkH/LSu2lTPDrUuaJ2mm6l+6jgrm/ipNB/Y0ldBpv+pSuX+J03k6XJ/o3+truqfwT5zBUksyPG9FvP9P8+3/dRxfu/KrQlhsZpf8Aj+l8vyf33nVl2fk2V/8AYR5v2eWaL/trW5qVnP8A2X/ZU8H/AE0r5/2X74/SMLBezPoz/gnx5Gj+N5LGDzZfK8r/AF1fUn/BQKaGb4IyG+g/dxQ/vpa+W/2CdeEPiyO+8jypJfKr7A/bes/7e+A0nkW/mx/Y/wDU16XstDWrFTPzv8HxWN5Lb3t/P/o//PKu01/R9Dn0XyYL6Ly/+mNcHoH268mjsbiDy/33/LGuwvfs+mS/Yb6Dy5PJ/wCW1c1P2Z24an7M5+G9uJpZDPYxS+V/0xrqPhjNBDrPn24rm7yb7HF5/wDz1/11dB8Krz97H+48qStaW5xY7qdh8YPElhNoP2f7PJ5leHzTXxv47+xr1T4kXgmiyf3kcv8Arq4OGGx82PyP+WX/AD2hrSqeTh4ezdzl9ZhvvssmfM8v/ltXtn7Iuswab4cuPIt5fLlmrzfxJNnQZIJ7fza7D4G3nn+HJIIPMjj/AOW3k1xVKf7o9Fe9T5juPiF4qnh8G3kEEH7u6839951fI9n4b1W91mSCf/VyzfuZZq+hNY1Kf7L/AGUf9X/zyqnD4J0OG1jvp4PN/wCWn7qkqaselha9OhA8r0jTBDa6X4Wnvov3s323/U/6qu48Yf2rqUun6XPcSSx+T++mrQ/4RWx1jWvPgt4oo4pv3MVdJDoOhzCP9/8A6r/nrWtKl7I6a2YU6seQ5+y8H2H2XyL6CKWSKGrHhu8sby6uNVuIPKjtf3fk16BqXhvw5ptrH9hvovLlh/7a1ycOmtZ/aP7Jnikj/wCeNaHje0c2U9e8gy6fP5+Lf/pjXaeFfEmq3ml3hgsfK8rypIYa5vR9NM+l/aNV/dxxf6mughmns7WOCx/dxxf88qdT90dE5eypnN6z4xnm8U3EEGlR+ZLD5n/bWjTZ/EWm3X7i4l+z3/8Ayx/55S1qWem+TqnnzwfvJZq6yz06eGa3g/1Ucv8ArpaS1HSxVKMA+x+I5pY/sP8Aq/JrU03R72GOOfyPNkrY02HEv2Ge3/dxf6mtyay0rEfn+bF/02rq9meZUq++c3NCsEvkQQVoeTB5Uc8+lRf9dfOq5eabBNF58E3/AGy/561J/Y8EPy/+QqKZpy+0RTs7Pzo5IJ4P3dSHTYLz/jxnlqx9j8nr/q61NC0v/lh5FbHAR6Po/wDyw/5Z/wDLatCz0exs5cQGWtzTdBghi/1H7urE2mwf6+sahx1d9TH02b+xr/8AcVsal4w+2RZgsY/+/wBWXDpsHmyeef3lbE+j6f8Au4PI8ysQXsTj5ptV1L7R/wBdv3NZ974b1W85nr0iz8Hwf6iCCtSbQbfzf9RFFHWfOc31j/l2eVxeFb6GLyILHzK0NN02+s7X9/Y/62vSJtN0n/n48upP7N0qG18geV5lZ1Tin7b2x5nNBrk0vkQQVcms9Vs4oxcWHmxy16Zpuj6H5WJ4I/MqxDoOhiXz57f93QdvsJHidnpvji8urix0Oxkjjuv3c1SaD+y7441jxH9u1X91pcX7yGH/AKa19Cab/wAI5pn7+CwikqxN42gs5cQwf9sq05y6deVGic34P+Bthpk0fn30v+p8v/U1H4V/Z6+GXwx8ZXHjjSrGOLUJZvMmm87/AFtbmpePJt3+u8usO88VXGsT/v8A97WZyVc0r0qXs4H5H/DzUfO0C4sP9ZJFDWfzDcyfuf8AVfu6r/AyaCGwuLGfzfM/57VqXlnPpn7iCDzf3376vJ9mfoVTDOn9suTf6HYR+R/y1qxDrG4fYfI/eVX1i8/defB/yyqvBP58uIP3cdFM4vZ1qhsQ6l9jl/f10mjzEaf5EE8Xl/8ATWuL87/iY/8ATOrF7r9/D+4gg8qu2nVNP7NrVv4ZuT6lOIpD5Efl1Y0eeesuHWIPK8ieCtyzmsZvL8ieumnWPAx2CxdE6DTZp/KjxBWP8T5reLRpJwPNroNHmgMUZ+0S+ZWP8SIf7S0uSCCD/tjXb7X9yfKYajP+0P3h4nDNBNL5/wDyz/6411E15faaI76+8q5/7Y1jw6bffavsE8HlVqf2bqs1r9vg8yL7BD5flf8APWvMjufoNKP7mx7Z+yvqUFnr9vqvkRR+beeXDD/qvK/7ZV9ofGDXoNY+DcljewfvPJ/5418V/BLXv7N8UR/884v+eP8Ay1r6g8b+Jf7Y+F/2j7R+78n/AFVd8PhH7LzPjPTYILzWZIPtEn2OK8rsPFXhv7Za6fPYz+Z9lrj/ALZZaZr1xpUH7v8AfeZXSTePYLO1xB/q/wDnrWWlNnbTqckfdI7zw2Lz9xPY+XUegwwabdSeR/22qn/wm0+pSyeRP5VvF/yyrQ0Y2N5bST+f5kf+srQyxNO9Ik1+8g1KLp5VYc0MEUsfkX37z/rjWhrE/n6fHb/6uub/ALS8m/8A9B/eyUHnU8MaGsaD51r+4n/1v+u/c/6qtD4b3n9g2txBBP8Au/8AplVPWJpzo0n2ifyq5/QdYJtZILGf/VVnU3Mn7b2Z2HiTXrGaLz/+WcVY51KyvIo2/e/uv+WtZ4mgmtY/On8399Uepal9j8yCCD/ttNWftTbDUpTNTTfEl9/akf2H/V1oXmv+dL5H/kWKuX8HzwTRfv8A/WRTVuQ6l5NrJPN/rIofLop1Dsjh3GoanhrxtPNfyfv/ADI/O/5bV0kNn50Ul7Aa4P4bzf8AE0kg8j/WzV6pD+5ikg8itpbnNi4+xM/R4b77BJBPB+7lqTQYZ4Jbi3gn/dy/6mrn7jyo/s9bGgwwTRfYZ4P+21L+KcVTE1aiJNNs5/tUcHkfvK7jSPDcE0X/AE0rP0HTfIk8/wD5Z/8APWvHv2lP+Cj37P8A8D1uPDHh29k8UeJov3c1ppX/AB6xS/8ATSWoq4rD4N3qHXg8Nicb7tKB7reeRD+/sf8AWRVHDNPeSx/v/L/6Y1+dmt/8FPv2g/Ff7hG0nSbf/ljFp+m/va57/h5b+0nZS/8AIdsv+21nFWH+sGBgepDIMwl9g/VDTdMgEUn26D93Ul5Znyo/3Evl/wDPavzb+Hv/AAV7/aL8N3X2G+sdEuY/O/1stnWh8YP+CqHx4+LUUnhvSdci8P6fdQxR+Vp0PlebRTzvCVfgJlkWY0/cP0Mm1LQ9HtP9Nvrby/8AptNFFR4V8e+ANYlk/srxVpstx/zy+2RV+Rep+MNcmu/+Jr44vbm8/wCmt5WXpGreK7rxb9n0LxDeyahJefufJmo/tiiVT4cxZ+4EV5P9lj8n/rpViz/5aQf6yvyJ8O/t1fti/AG1M9p4qjvbOKby5tO1D97X1L+y1/wW1/Z/8cyx+Dv2m/Dl94N1CWaKP+27ObzLH/trF/razlneDvyzkcuI4WzO3PTjzH2TND9ti8+CCrFneX0Nr+/rrPAcPgD4neE4/H/wP+Jvh/xtod1D/wAhHw9eeb5X/XX/AJ5Vl69o9v8AafIb95W9LF0K/wDDPAxeX4vCfx/dMe716+h8vyKrzalffeW+8v8A7bVoTaDBNa+f/ray73TbGAcQfvJa2OKlUolez1i+mlk8+etCHz5pf3FxLVOH7BZw+RVz+09Lh8uD/wBo0HSqkfgNzTZvJ/fzz10EM1jNz537uuPs7yC8/wBR/q66zR5oPsv7igzLEMwh/ceRVfyftkv+oqxND5P7+ia88j/UQUHm1Khj6lDP5v8A9po037D/AMt6p69qV9N5kFSaPeW32D/UVznLiKZ+RfwlzDqlx/y1/wCe1dBrMX2y68+Cuf8AhLewabfyQeR/rf3fm12Gvf6H/qID+6/11eWfrX1ej7X4zDhvP7StMT/6uWjTZ5/XzI5aj02H/RY4PP8A9VUmmw+d/wASr/VSUHSsF7XYsedB5v8A00rQ0HQYJjJb+f8A9tax7OH97J5EH7yKtzQpv7M/cTzeV9qqKmJsfT5Rll4kl3Zwyn9/B/qv+eVU55p9M8vyJq3LyHybWsfU/Ih/0iCD95/02/5ZVw+2re2KxWRQqvUsaD42vrO/8ifza6T+2LjxLo0kF9BXJ+G7OfUhJPPP5X76uovLwWelyH7DHLH/AORa9KliazPhcyyShRrfu4GXeWUFncxwT+V5f/Lb/prWhrFnpX2aT+yrGW2vPJrDvdesft/27Hl1cGvAxeRBP5X/ADxll/eSy16WG3NPqPsqJ0HwZm1X+1JL6f8A5ZV75Z+MPtfg2TT/ACP+WNfP/hXXoftUn9lV7B4b1j7Z4S/ceV/qf31a0jxatN+2Pm/4hauYfFN4LH/l182qem+JJ/7Bknz+7lm/1U1XPiFFY2evXlj/AKuSWsOCaC9sPsNjB+7i/wBdDXPVvTrHo0qXJSNjR/EkNvqnH+sl/wCWVdJoN5fWfmCeDy45Zv8AntXH+G4Z9Sv45vI8qP8A5410mval9juo7c/6uKuilUOn2XtvdPRJoPDl59nE89SQ+A/B2pf6jypZP+WPk15vpvir+0rvyP8AlpXeeCLyCG6jroMvq3sjqLz4S6VqWjefPf8AlSf88Zq87h+DMH2uT7Dff9dq7jxJ4q/e+R9urL0ebzrnyIJ/+u1P+KawwP7orzfA37Xaxz2N9F5cVV9S/Z71S8uvt/8AasfmV3kOsW+m2v2ef/V1HeeKoJv9BsP3cdcxnhqXvch5fD8K/EcPmaV58f8Arqk17wd4qsxHObGP/ptXaXl5PeSx+RPWg2pW8Nr5E9v9pk/6bVpGnM7K0I0pHF/Dfw3qtndfbr6x8qu4vPWC5o03UoJv+udWJobH935EFH/L4+dzb2YWcP8Az8Q/Suo8LWVwZY8+V5dU9Hs4If38EH7uvnX/AIKNftY3XwZ+H3/Cn/Al9FF4i8Qw+XeSxT/8eFr/APba5sdiVl9H2kznyvCTzPFwpROA/wCCgf8AwUPudQmuvgJ8CvEEkenxf6Pret2v+svZf+eUf/TKvjTw5oOrXx+0f6r/AJ7Sy11nwt+C2reKY49W1GH/AFs3mQib/lr/ANNaz/iz4ksPDd1J4W0O+8ySL/j8mir82x+YVsTU9pJn7NluWYfBUVCnuYes+Kr7TPMsrGf95/z1/dVz82rzCX9xP5sleyfsrfsKfH79rrxRHofgDwdfS2//AC+Xfk/6qv0k+AX/AAQH8A/DjS7fVfircSa3rH/LHT4f9VF/11r57E5tTpnv4bLatU/H+abXIbWOfyJPs/8Az18muo+G/jzStHv4/wC3LHzI6/Rj9vD/AIJs6Hpvgi40rwP4I+zXkU3mTTQ2dfnfr37Mfxp8N3P2efwPfSx/9ca3wuZuXwhiconE7C88SeANSMd/PP8A9dvK/wCWVeofBi8+C/hu/wD+EksfEcVzqFrNFJZ/9+q8L079nX47zRef/wAIDq/l/wDXGWtzw3+yL+0L4qkk+w+Fb62j/wCmsMtdM84/nOanlNQsfEL4tQa9f6xq1v5vly3kvkw/8ta8jvfFcF7LJ59jHLJX1Jpv/BK/9qnXvBv9uf8ACOSSW9rD5k3/AD1r5v8AFXwr8R+FfEdxoWq6HJFeRf67zqx+tOs/3YeynR0Oo/Zm/av+Nv7Jfj+3+JXwH+JF74ev4pv31tFN/ot1F/zyli/1Uv8A21r9qf2Bv+Cj3wl/4KG+HrjQdQh03wl8SrCHzLzwz53+jazF/wA9bH/41X4NaPoMEN1/xNR+7/1dXbPUvG3wT8a2XiPwprd1Y3VrNFc6dqNrN5ckVehluaV8FW948POMkw2aUOSW5/SPr3hW+s5fsMEHlf8AXKse802+hhxPBLJJXlH/AASd/wCCoXhX9vbwVJ8Mfip9i034paFpsXnGL93Fr1rF/wAvcUX/AD1/5619ZzeG7D95BfXFfpWW45ZhS5on4vmeS1srxPs5Hjd5ppNrmCsubTb+GX/Xx+X/ANdq9k8SeFNKhtcfu6871/R9Dhlx5FemecnGmYdnqX9mS+R5/wD5BrtPCs3nRR+RB5sdcX9jgspZJ/PrsPCviDSobWODz6zMqhuTal/0wo/tKDOf+WlWJp9Dmi8+Ceq/nwf8sBQcXs/5zj/El5/p/wC4gqxoM083+vn8utTUrzSvNyLf95/z2FWLOaA2scEEFZ1TmxFQ/HPwVeTw+LfI8iPzJf8AXV1E2sG8uv38H+qqSz8H29n5d95EkVxFWpDpk80sk8FvF5nk/wCprzalI/RKWPo1K3OZegwQTXUn/TWtCbwTqv2rz/sP7yjQbO+hv/t3kRxyedWpNr+qzX+J/MljrWlhj26Wb0aXwnN2em6t5sn+g/8ATPzoqB4V8YiXzxYebH/zx/55V6BpsE/lf6DYxx1sf2nPDFHBPpX/AJBrnqZd7Q97DcW0qUeWETzuz8M+KjLGJ7GXy6uQ+D9c839/ofm+bXoGjzTwxSCDyv8AttR/aV9Zy+f/AK2illsDixPF8rnHw/D3xHDa+RBY+VRrHhXxVDpcZnsfK8qtjXviRqv2qPyIP9b/AKnNR6Z8Qr6e1kOq/wDkat/qXszznnscW+ZwOLvfB095FHPfQfvKp+JNN1yIyX0HlReVXpGpaxoc1h/p1j5X/LT97NXk/iTxhoesSyWM+uR20n/PGteedJCVeeIq7HQfDfz5ZZJxceVH/wA9q9k8H3nnaX5EE9eB+BNeghiuNKW+/wCmcNemeCPGGlaba/YZ5pPM/wCe1aUtjycfRl7X3Dl/iR4bnm1mS4n/ANZXL+GvDeqwxSar/wAs/wDV11nirxJoc2syTi+/d/6uqej+M/Cv2WTyJ/8AVf8ALKnubUvbU6IaPoN9pssf2eD95L/yyrYvPCt9/wAt9K/eeTVzTde0q88u/m/dyH/U1qXnxCsYpY4PI/eRf8tfOrSn+5H9ZqpXUDzeLQNch1mS+sbH/R4q3NNu9Vhikgn82KPyf9dXYabrHhyH9/NY/wCt/wBdUk2s+FfK/cWMX/bWtf4pcsxjeKZxejXuuTRyfaIJI/KmrrLOG502KOeCD95LUmm694c/58uldZo+seFfK8iex83/ALbVlUp1qR7izHB+wOfmlM8PkT/uqrww/Y9Uk8+fzI66TUtZ0P7LJ5FjHHXJzzaVDLJPfVpz/uTg+s0fZ3RsQ3kEMvnQVX1LXvO/5cYqNNm0PyvP/wBbJUd5eWMzfuIPL83/AJa08NseTGcsRWJPC2pTzXXEH7uughNxNyLeq/hWzgm/cf8APKvSNH0GxvbX9xB+8pe0/fHkZin7axy+seK7D4b+A9U8Y+I5/Ls9Gs5bmbzq/LTWfFHiP9pH44ah8QvFnm3Ml1ef6r/pl/yyir7P/wCCpXxUn8K/DDT/AISaHP5cmvTebef9esVfI/wxvLH4Y/DmT4jX0HlXH+r0e0m/9G18DxNmXta/skfpHBmUUqOGlXn8UjvPjv8AEbwt8A/h9H4M8Mzx3PjDVIf9Mkh/1WlxV6V/wSN/4JP6t+1B4gT42/G20ltvC8U3mWkUsP727lry3/gnH+xz4q/4KD/tSQQeKhcy6HYTf2j4ku/+mX/PKv6PPgb8JfCvwl8E2fhXw5ocVlp9hZ+XZ2kUP+qr4TG4p/wz9IwOGo7nH/CX9nvwd8GfBsfg7wN4HttI0+KH/ll/rZf+utdhpvgmeGXz4LGKu41KAXdrn7PVjTdNh8mSCvn6uHftec9+nOEaJw9n8N9KvPMn1TSopfN/5Yyw1TvP2b/hlrEvn/8ACAabL/25xV6xZ6PBZTf8e/8Ara1PsUEP7jya76PunnPFHh+m/so+AIZd0/g7TYo/+vOKrl5+zr4AsosweDrGP/tzir2iaD/lh5FY+pQ/bOkFXPDOYvrNQ8TPgmx0e6+w/wBl20fm/wDTGvy//wCCw37Fuk6RrP8Awtzw54cjsY7q88yaK0hr9eNe0fzr/wD1FeL/ALZnwk0r4nfBbUNK1bSvM/5419JklKlbkqHhZhU15z+avxv4Vn03xHJB5HlSVHaQ2Pj3w5caHe28cdxYf6mvoD9sD4PnR/FF5ZQaT/pFhN5c1fOfk/2Pqsc9jB+7uv8AU/vq6sThvZVTnpVeYyvhR8S/HnwB+J+l/ED4ea9c6Trmg6lFe6bdxH/VSxV/Rt+yV+1B4a/a9/Zu8P8A7RXhWWK3kv4fL17T4f8Alw1T/lrF/n/nrX863jbQbHUrT+1rH/WRV9yf8G/n7Yw+FXxf1D9mfxxfy/2F48MUlnF/zy1SL/Vf9/f/AGlXfkGOlhsV7M+Y4qyyGOwEqkPjifrB4q8S32p+ZBPYyf8AXauTx++8/wCz/u816hr/AFkggg82OsfUtHsfsH7+Cv0uEueNz8LdKcJanB3n9h/8t/8A0TUdnPpVpdf8fH/XGHya2NY0eCH/AFEFV9H8H/vf38/+tropF/uzUs9e0qG1/wCetSQ69pM3+jifyo61NN+Htj9l/wBfUkPw30r/AJ71zHFUq1THhg0q8m/18n/fmtiz0ewgi/4/o46sQ6Poejxfv/Nrj/FXxI8OaPL5EEEX/baaj2bObE070faH5t/2l+9jnvv9X/q/JrUhvIBayfYoP9bD/wAtqji8Km9MfkX8X/XGtyz0eCDRpMCL91DXOe7Si1XOHs9Nn1K/k/soyxx10mm6bfWcsnn+bL/12qx4bhg/19vDF5lak2s+Tx5H7utD05zrf8uzPmvJ4bnyPs//AH6rUn16++y/uLGKsv7Z503n1oT6lBZiP9xF/wBtq1pUjrpS9jT/AHhn3ms/2b+48j93/wA8qkh8SaVDF5888Uf/AG2qvrGp289rJql/9mtvKh/10tfMfx4/aLGpXcnhTwBcf6RL+782KscViaOFOrB4H+06vuHqHxU+PHhz7TJ4c8HeXfXn/LH/AK615fZnx/rOqSXPiPxHc2P/AE6Q/wCqqv8AAHwHY+FbC41bVPLudY/dSfvf+WVesTQ301rHrmq2Mtz5v7yHzf8AllXy+Nzeqj7vLsjw+HjqeX67ZWMMvnnxxc+Z/wAsYfJrh9Ys76fVJIJtUk/67edXeTWeq6ZrP9uDVYvM1T/ljLR4r+G9xo1/b+I9Jgjljl/eTQ15c8zrVj1/7Pw5x9nrHiPwpb/8f3/bXzq9c+A/xOsfHkX9hzzeVJ/01/5615n4r02Gz0uSCHzPLl/10M3/ACyqnpviq48N+I9Png/dxxTfvv8ArrXqYXHuB5+Jy2jVge4fELwfPo8Ugnnkk82H/llXFwaLq2mapHoX2658yWbzK9ovPI8VfDmPxVBB/pEum/ua4PxVMfHul6pB4VsJIvEGjTWtzZ+V/wBdfKuq+gjVvT9oebQpU1+7Og8N+JNK8SaXJpQg/wBIimljs5Yf+WtWNB1L+0rv7PBP9p8qvG/gbrM9n8btPsbifyrP+2Io7z/p182XypZf/RtesfFTWP8AhW3xa1yx0qCKKz/4ST7FNp0X+tiii/1Uta06vtTDG4P3LI7jTZv9Fk+3VJ5EE0X7iD/v9WfZ6xY6l5f2GDzZP+W1dBoP7mKTzxWh8Tjqbosz9Os54f3/AJH7ytCzvPOuo4PI8qrk1nPN5fkQf6rrUdnDP5vnmH93WnPWOanVmdZo/g+x1iwj/f8A/f2uf1/4ez+bJ+//AHdE+sarDL/oP7qq+jeKr+81/wAi+nikj/67UezZ6tOnV9jeMi5pvgm4+weRUc3hWeGXyIBXYWc2ifZY5zfS/wDXGGq/nfvazOGOLqxrWLHgPw3fQyx/uPNr2z4cfDa/vLqOy/56/wDLWuT+G+j/AGy6juIJ/wDtlW5+2B8eLH9mn9jzxR8VPP8As2qX8P8AZ3huL/p6lry8yxLw2FnUPWy7DLMcwhE/MP8A4KTfEjQ/jl+2Hqmh+FbiL+x9B8rTZruH/VS+V/ra+d/ip48g12/j0PSj5el2EPlw0XmsX01reTzz/vJZvMmm/wCestcvoOmz6xr1nY+R5v2rUoo5v+mv72vyyvVrYur7SR+00aNHB0FSR/Qh/wAEH/2SoPgP+xvo/wAR9V0PytY+I0MWrTS/88rX/llFX3pDZ30w8/7D5ccv/LKvhv4b/wDBQPwP+zT8IPD+leOPA/2GPS/DdrbaPaed/wAsqjvP+DiL9nLTfLvtV+GXiT7H/q5pYYf3UVeMsNWq1ueoejSxlGnCMIH35D/rfsPkVoWdn/zwgr4j+H3/AAXa/Yf+JFr/AKD4x+wySzf6q7miilr6A+GP7fv7MvxCtfsPhz4jW1zcS/8ATaKWieFdzp+tach7pDD+6qx5P7qvG/ip+2Z8Fvhj4Xk1XVfGMXmRQ/8AHpFD5ssv/fqvz3/ac/4LtfGLTdZk0P8AZ5+BHiS+/wCeOo6hpsttF/6KrvpYH2iPJqZhSpysfrIfsM0PE/7yq/7iESQT3FfgTq//AAVW/wCCtviu/kvtN+HiW0f/ADx2f/aq2vAf/BXT/gpp4blkvfGPwklvo4pv9VFXdQy2Vb3YyOapmv8AdP3Yn0G3m/18Fcf8QvCsF5oNxYz2Pm18l/sQ/wDBZLwd8YIrfw58W/Cur+F9Yl/d+TqOmyxRf9/a+4LPXvDnirRpJ7HVbaSOWHzPOhm82vSwuXVcLP3jzcTjlXPxP/4KWfBq38K3+oeI7Hw3FF9lm8z/AFP+tir80/iRo8EN/wCRYn93L/x51++n/BSf4eaVrHgO8vrGx8y4i/dzf9cq/E/9or4bwWc0lv4cvopbfzv3MP8AqpYq9zF2nhzmwWJ9pVPG9HvIBLJb33leX/y2rM03XNc+Dnxb0fxpoU/l3Oj6lFe2U0X/AEyl82repaPcQ6p9u8j95F/roqk1eKHX7V3t2/5c/LENfPU4ezqcx6s6KqU2j+mT4EeO9D+O/wAEfCfxh0QRSW/iPQbXUZv+mXmxf/vaj8eWcFn/AKiCvif/AIN/vjd4i+Mv7IviH4J3Gpyvc+BdY2ab+9/5cJYv3X/tX/v7X1xr/wADfHF5LJffbpf+/wBX6ZleJ+sYJM/CM/wk8HjakOU4/wAYa95Mslv5FR+FdY1W8l8jz6PEnwf1yHzBBfeVJXP2fwl8cQy+fB4/+zSV6x8Z9adN2PYNHs55ov8AX1qf2DcY/wCP6Ly/rXkem/Df4mmLNv8AFqrn/CtviNNxP8W5ar2RP1qJ6BrHhu+8rm+i/wC/1eP/ABC8E+dqn7+ePy/+u1dBefB/xjNL/p3xUl/7/Vh3nwlsvN/07x/5v77/AJ/K0p0jCpiJH592fjaCGbyJz/qv+WtdJBN52gyTwT+X/wAtK83hh+xy+f8AYf3ktegaDDBD4Skn8jzPNrzbH6JSw+FpP3jL0fUvtkshn/d1seTP5Uf2GfzKz9Ih86LyPs9dho+m+dFHbwfuq6VSuTiqtGPwGXptn537gWMtXJtH86WOCex/1VdxpnhT/p4+n7mpJtBgm8z7cP8AttDXT7PlPL9s61blPkH9uL4jf8Ilpkfg3Q2/0zUpYiYq+c/B/hjUvDtn/b2ow7tQ1Sby4cf8sopa9k8daBd+PP2htR8U63b+ZZaZceXZxTf8ta5nxV9u/wCFjf2VBbxeXFefaa+Fzeq3VvM/VeH6dDC4RI7TwF4bn+Hnwg1DxVqv73WNe177NZ+d/wAsoooq940LTbHxLo0mk/YYoo7WHyppv/RteJ+Fbu/8S+EpLGef9550Vz/1y/exebX0RDZw+G/h55EH+sls/Mm/7+18u6bqs+yo/V5Hyv8AtCalBoF/JoU8Hl3Fr5UldhBDDqfw+t4IP3skVed/tmabPZ/EG4uL/wD5erzy5vKr2j9kuz8K+PPBt4fFU8llJF/o3+p82Lzf+mtOhTbkXU9ieTzzQS2skF9/39lrz/XpoNNv/I1WCWT99X0x8bPgb/Zunxz2Nj5flfvYYq+a/idZwC/+3T/urf8A5bV6E6cqZxQpcyPqT9l6afxj+zd4snvoP+QN/qZpv+eXlV5v+zT4q0rR/iNJ4ivr793LN5d5503+qi82Lzf/AI7Xon/BOvVLHxLYax8JL791/bPlW3nf9Mq6jwt+wTqum/EfVNKFjLJb/wBm38dn+5/5a/8APWvrstp+1w0D46vWhhMROEjw/wCP3hWD4b+M7zXIP3Ues3n/ABJ/K/1Uv73ypf3tdZ+1t4wg/wCFjXHxNngi+x3+j6Xe2f8A0/yy2sUUssX/AEy82KWuk8f/AAK8VeKfCXgf4e65K7yeHpvL1i9H+qh+yxeVL5sv/bKuH/bdsk8bWHgvxj4Wt44tHimutOsoYf8An1tf3UVejLC1Y++jShjqNZezkdJ8E/FU+vaNZ6tff8vU1eof2lYmWOAf6v8A561538H9Bt9N+H2sX99YyRx2HlW0Mv8AzyuvK/8AaVaGp6lrtlovnzny44ofMvLv/tlXbGlaJ8vjacauL5D0zTde0qGXyPt0UklR6zqWlHT/AD4P9Z/0yr5z0Hxh4k+3x30E0nmXU3lw/wDtWvaPB95B9gk8+DzY5f8AU+dSMp5cXNN1Kf7Vg/6us/WdN8nWo57GDyq6Sz03/Sv9RVPXv3N/b+fQZx/cx5InWeG9B+2aNH5/meZ/yxrQs4YIZeZ/Nqxo800OjR3H2f8Ad/8ALapLLyPN3W/7qSuM8B/xzuPBMw0zy57f/Wf6uvlP/gs98bB4q8b+G/gfpU/mx6Do/wBtmtIf+fq6/wBVLX0x4c1cf2p/o4/1UP76Kvz3/ad17VfG3xf8afFSeDzfN1j7FZyzV8fxVV5MOoI/SeBMN7eu6svsnzfr2mT+G9LuIJ1/1Vbn7Jfhu48eftI+D/B3keZ9v1i18mH/ALa1l/FSYzReQR/qv9d/01r6I/4Ih/DGx+IX7f8A4b/tWD93o0P23/v1FLL/AO0q+Hw2x+mV17aR+sH7QnwT8K6x4Xs7jxVpX2m8sNHijs4f+WX+qr4r+IXwT8Oanqlx4V0rQ5P9T9pmihh/1XlV+tHxm+Evg7xtoNnrl94403RNP8mLzv7Qm/ey18X/ABO+Kv7JPw3+I1x4bg8cWN75X+jTS2n72ufEY6ly8qO3A4GHtNT4H8YfsZ6VNpUd94cgljjuppa+mP2Iv2Idc1nVI2stKudNs/8AV/2hN+6r7A/Zj+D/AOz18WrWz1z4c+JNN1L7LN5k32T/AFsX/XWKvqj4b/Aa3t76PRND8rH/AFxrknmFoHXWy9Ql7pyf7PX/AAT98Gw6BHf+JZv7Wk8n/l7roNe/Yn+HOj+I5J74W37qb/U13nxU8b+JPgP4Skng0OSXyv8Al7mm8vza+K/Hnx4/bL+KniiSHwB4ctoo/wDnrLNLLRHNa9uWETloZLQlL2lSR75efsc+B9SiuP7K0qLzJax9S/Yn0rTdL/caHH5kv/TGvnO80z/gpN4buvtx8ZaBF5X7zyfOlir1D9n/APbk/aF8K6pb6H+0L4P0m90+L93NqGnal5ssVddLO6tLXkKq5LSqawDxh+yv4HhtfIvvDkfmRTVl6B8SNV+Bl/b6H9vki0v/AFcP77/VV9Ya9D8P/id8Ov8AhMfCt95scsPmQzRV+Zf7WnxmsZru40rSjL9osJvM8n/rlXtYbOvbe+z5fH5Q6dblR7B+1p8WrHxh4D1D+yv9Jklh/fV+M/7S3iQQ+LbyCexljt5f9d++r9PPgnrFj4ktdQ0PVb7ytQls/M+yTf6qWKWvh/8Abk/Z7vtH/tj/AJ5+dRVzr2vunThsr9hTufGfiTX57PVZLczebHUcPiWxhtZL6D93JVPxJDfQxef5H+q/d1h/885/+Wcv+urip1WzXkP08/4N5PG174V/ao8efDKwvvKt/FHg/wDtGz/7Zf8A72v1o1Lw38RrwSTwfE25tq/Ff/gg/wCMdJi/4KHeA4L/APdx6zo91osP77/VebFX7WeKvhj4jvLqQWOoS20f2z/VV9/w3W9pT9mflPGuX1/be1gcP4q03VdNsJPt3iOWST/ntXgfxP17xHZxST/8JVc2376vaPid4b8VaBpUkA1bzK8D8d+CvFXiW1kE/my19iqnsj88y/A0XW/enF6b428cTX/kQeP7ny/+u1d5ps3iq9sP+R/ufMrzub4G65NNGB5tdp4J/Z71y8tbeD7dc+XLN++/fVr9cPUeW4HmLGpz+KoYv+Sm3P8A3+rg9Y17W4rqS3g+Jsn+ursPGH7PeuWcXkWJlrg9Y+CfiqeXFxBXN9Yczy5YOjzHH/8ACvdKm8s/vJJKp3mm/wBjxfYfPl8uvVJxYw2vkWNjHFJ/01rn4dHg17VJJ76COrPXp6nH6ZoP2KLz4IIpJP8AptDWxDear5v7+xji/wCm1ekab8PLiE/v7eq+vaDbw2vkHSo/M/5610B9W9qcXJ4r/s3y/wDTpf8ArlVfUvFVj9mknN/JF+5o17w3qs0uPPiijqufCs95pdx/pHmfufL8masK1X3DtweCpRrHzH4qmnvL/XPFXkeVH53lw1xcMNjNqlnfX3mReb+7mmr1j4nQwzaNeaGbfy47W8ikrzvxJpuq3l39hg/d2915skP/AMdr4HHfva3vn6fllOj7DlibHw31K90bXtU8OfupLe1s5f8AU/8ALX/nlXtHgPxtPrGl2+lX08cv+tj/AO2VeJ/BnRp4Zrzz/NivP3v+u/1v72vaNB8K2MUtnqv2+OK4l/5Zf89a4aVI7j53+OVn4j8beLZPDk5k8zzv3Mv/ADyr3T9i34Y+MYbC4g8R6V/xL5YZYv3v/PWuo1P4PX0OqSQarpUsn2+H7TNL5P8Aqpa+lPgPoMGo6DZ+HINKj8vS/wB3+6/5axV6+FwVFnPVx3sjwub4kWOpSyfCT4m2NtFqFr+7s9Q/5618p/Hj4M6toMtxPBB5lv8AbfM8qv0Y+Nn7K+h6x4jt/EdjpXmR/wCs83/nlXzP8ftH8Y+A9U+22+hRXNnL+7mhmh83za9LEZb7VfuzKhmd0eT/ALGf9ueD9Z0fxVfTyfvdY/54/wCqir9hPhXo/hzxVoNv4j+wxReb/wAsq/Ov4P8Aws/tj7P4q0PSv3d//rrSL/llLX6Wfsx6PNZ+F7OC+g/1UNduCp+wpHy+Zw+s1rnD/E79m/w7D8OdU8KeFfDnlfb/ALVJNL/y182X97LXx/4J/ZuvoJf+Ed1zw5L9n0H97oP/AF1l/wD3VfqwdBgmuvP8isOz+A9idZk1aexik/5416eHxtH2X7w4fq0qUf3Z8F/Dz9iCf/hCI9K1yCSKzim+0zf89ZZax/jZ+zp4H8FaD9o8SH/Q4of3On/89Zf+mtfoJ8QrODw3o0k/9lR+ZXw/8cvAfir4keMpPt32n7H/AMsYf+etehh6sMTTPKqUq/PzHyvB8PdDi1mPxVfQeZH/AMsYYof/ACFFW5N4Vvhr0d/fT21jbyw+ZDaSzf6qvWNY8BwfDewjn1XQ4vtH/Pab/WxV538QoZ9e0u48jw55dxLD/rvO/wCWVP6t7I6MNiai/iGppup+HIf+P7VYvMqvrFnBeX8cwn823/5YzV5/4b8E+I5tUj/4+fs//Xau00HwHrl5fxwX0/8AocX/ACxrmq0jWpOgz0j7H/ZuixwTzxeX5P8Aropqy7O8gs7rp5ldRpngKGHSo/P1D/Ww/wCprUs/hj4cmi+3Qeb+6rip0jxav1XmOP0fXmhuriD/AFVx9jl/dV8Z/tXeGv8AhDvCWn6Hjyri/m+0zQ/9NZZa+/JvDelaZFJqs9j5v7n/AFv/AEyr8+/2u/G1hr3jy4voJ/8AQ7X93Zw18lxVSpQw/MffcF1oc0o0z5j+IU8H2q4gH+simr7k/wCDe/wrBD+0v4o+I08Ektno3hXzJv8ArrL5sVfn/wCKZp7OS8guP3txL+8mr9XP+CAPw9t/+FSePNcsfN8zVJorab/plFF5VfmWJq+xon6rhqXtq0KZ1H/BVD9tPXPDfhuzsfB08ltqEX7v/XfuvKr8p/G2oeOIfFv2j4m+Mb3SLiWH7T5VpNLLLX7CftvfsT2/xU0u8+Knw58K6lfeLPCX+k6bafuvKl8r/rr+6r8n/jl8Bf2gfiF40vfih4q0iKQ3R82Xzb+L91/2zrhy+pRrPU9DG5dXo6xPUP8Agn7+3h4q/Z4+NNnB4c8f63qWnyzeX5OofuvN/e/9df8A0bX9IH7DXxag8b/DeP4m6qPK/wBD8yaav5Z/2ev2ftV8efF/w/ofhxZIriLUvM1KW0/e/ZYq/pm/Zv8ACd34C/YasdDt4JI7iWyirgzVxo1ro7sto1quGftDyn9vz9sbVte12Twd4Vt/tPlTeXZww/8ALWvif48fE7/goHo9rH/wh3iPUtNs5f8Al00TyvN/9FV9eaP8E4Ne8Zf8JHqv73ypv9TNXoGvfCWxmtfPg0OKSSKuTD4/W57kcp5cPc/Ku8+DP7YmpeHLf40/Fv4qeJLbQ7rzf3uoXn+lRf8AXWL/AJZfva8L8YfGz9prw18Qf7K8AeKtblt/O/0O7mhl8qWv2g8beA7HWNB/srW/B0vl+T++86Hza+d7z9jnwdeeI5J/7Dlij87/AFPk16kswptaRPLhl0lV96R2H/BIb9q/4jfEKK88AeP4PKj+x+XNL/yy82vkf/go1rGq/DH4yXniPSp/3drqX76L/nrFX3J8IPhXofwZh/tXSrHyvN/55V+ff/BXTxJ/p9xqsH7qS6m/fV15fXjUkeFnGF9nP4j1D4A/EhfEnw08N+MtKgj8z97FNN/5Fi/9G10H7YHhXSvip8G9QvvsPl3lhD5l5/01ir4z/wCCfvx9vtS8LyfCuexjkuIv9Jh/ff8AXKv0Im03Svid8FbPxHY2MctxFZ+XNF/36rgxFSrSxp24KnRq4M/GfxhoPnWsgvoPN83zfJ86GvM5v3N1Jb/uq+xP2tPhLP4b+2WNjYf6q8ikh83/AJaxfva+T5tNP9s+fj/yDX0tCpeifOYmn++O8/Y5+PF9+zr+0P4P+LcH/Mr+JLXUZoYf+eUUv73/AMhV/Uh8ZfFX9veHNL+I3ge+8zT9e0e1vbOaGH/llLF5tfyN4ns9Wkgnr+jT/ggD+2BpX7XX7DNn+z14x1X7T4o+F/8AoUPnf62Ww/5ZS/8AtKvcyTHfVsYfLcTYF4rC+4dB8QvGHjG88yC+/e1x8+sX1na+eIK98+L/AMK4JruTyLGS2/6415X4q+GP2PT/AD/I8yv0unX9rTPyn+zlB6nl+o+MLmG7j/cVY034wT6bF5/kfu4pv9bWhrHg+xNh58+lfvP+u1cvN4PnvIpLexgjto/+uPm1tS3M/q38huf8Ly87m4uPMkqn/wALIsLz9xPPHXH6n4J1XTfL8j97HUf9mzwxfv7H95LS5w9lRhA8/vPGEBl/fwf6qtTwTrEF5qvn2EFef2epQ3thJBY2/lXEUP8Aqpq7z4e2cFnpf9uTwU1UYUsMeuRa9PaWH7+CPy/+ePnVwfjHxLYw30k9jPLHJ/y2hrl/FXxO8mXyft/lf9cq5ubxVY6zqlv588vmS/u/tf8A8drSoz26WF0LHiTxhrk0v+g39tLH/wCja5+8+J2leVJY3EEdjqH/AC2l86pNehnmi+wzwS20n/Lb/nlXjfxI0zXLPXo/Iv8AzLeWauapUvROqGCjc0PHk093/an2H97HLZyx+d/01rn/AIe6bPB4X0/Q9d/dXFrDF5M03/fqu0+D15pGvWtx4A8YW8Vtcf8ALnLNXUa/8OIPK+w3/wC7+y/6m7r5fE4a9Y+jwNWNL3Tj/Dfhaex1+3vh5f2i1m/fWkv/AC9V7p4V8K2PiTRvt2kzxRW8X+uhu4f3trXk+g6loesahJ9ug/eRTeX++/1Ve2eCdM/se1+3Xw+xXEX/AH6uoq5vqzPZ5kdZo2vQG1t9K8R/vLy1h8uG7/561658GrPSoNQ+36H5X2iX93N5NeJnRp7zWfInsf8AR5f3kM1e2fs3+HJ9Hv8A/TriST99+5r3sFS9nueLjnRqVD3jTfh7PqWl5nsvN82H99XhfxO/Z1g17VNQ0qfQ/Ns5f9T+5r648K2cENrHcQf8ta1IfB9jqUvn3EH7uuqlifZHlU4anyv+yj+zTB4JikgnsfMj/df66GvqzwH8PYLOLz/sP+trY0fwFY2Q/wBBsPLrsNNh8mKODFc2MxP/AD7CnTOfh8N/vf8AUVuf2PBL1t61PIt/smcVJD+5izXk1MSdH1ZHB+KvAelalNJ59v5nm1w+pfs9eFZYv+JVpUX2iX/l78n97XtF3ZN5vWo5oYM/6iu2jmFWkc9XDUT4/wDip+yjoflXF9fQS3Mn/PaaGvl/xh8AdK0bWLyeeeXy5f8Alj5NfqJ4q0HSry1/fwV4v8SPgboesGS+gsY/Ml/1PnV7+BzL2v8AEPExOHXwnwnpvwxg839xY/u4v+mNamseA/7NsPt3kR19Aaz8Nz4bl/cwV5n8WtSsdH0uSCvS9oeFWo11LkgeZ3l7PZ2Ec8E9Rz+NvJljg8j6VTu9Y0nUtLkgnv44pIv+WsP+trHghgkljnsf3sdcXtTilhp815mh8TviFb6P4D1TVZ5/s3labLX5l/Frxhb6zr0kEH/LWbzJoa+0P2zPG9jo/wAOZNDgnMd5qk37mvzn+IXiqCbVLz7DB/rf9dNXwHFmJ9pUjTR+t8F4GnRwrrHL69qf9pa/Jff88pvMr93P+CHfwkn8H/soW/iO+/0a41m8lkvIfJr8H/B+gz+I/Eel6TBB5kl/qUUf/XWLza/os+DPiLwf8B/2afA+hatrljZSf8Ir9pmimm/e+b5tfmebVP3Vj9VySnzYj2h6BD8SLiz+IV5NB9mjt7qH7N/qf3VeD/tXf8E7/hXr3hz/AITG+sfNvJYZbmb/AKay+bXUaF4kg+IXiT7B4cm/0e1m/wBd/wA9a9E8efFr4c6DoP2HxV4jtpftX+u/79V4eCq+wxB+gVMNRxOE5j5H/ZF/ZR0nw343jvtK0GK2+1fu4YYoa/UhdM+x/CDT/DljceXHFD5dfKf7Lv8AZXjbx5ca7os8Utva/u4f+uVfWHiqGwHhePyJ/Kj8ny/31Z5lifa4j3DGjhoU6UYnlej6bBDr3nn/AK516Zo9nb3lr+4/d+V+8ry/w1rFjNrMlj/asf2jzv8AU16ZoPirSrO18i+Esckv7uGuaFO37w9hVYRpezC7+0aldfv7eLy/+WNcn4q8K6ULDz/sMcn/AE18muo1KaCaX+yoJ/3n+srn/FV5/Z1p9nvh/rf+eVZTxNQy+q0ajPE/iRr39m6fJYwfuv8AtjX5b/8ABW7WIIZfs/2j95F+8/1NfpZ8X9YsYYpPsN/5X/bGvx7/AOCmfiSfWPGWsQefLJH50UkNfV5PUjJRPz/iSnRp1jxf9lHxjP4V+NOh+T/y/wB55f8A39r9ZP2S/G2q694R1TSpp/Lj/tL9zD/1183/AONV+Mfwr1ODR/iPpeq+R+7+2ReT/wB/a/ZD9jn+ytY8ESeI7CCL7PFeRRzQ+T/y1/e1zZ7+7n7Q58iftY+zPK/+CgXwlnh0HT9VgsfNuPOljr8+/CHwrvfG11eWNh+7+yzS+T/018qv1g/4KBeG9W0zwRb6rf8Am/Z/9ZN5VfmH8JfipY+AvG8c+lfvI7XUrr7ZaTf88pZa9XKKvtcIcWMw0KWMPI/GHhy+02/kgnsfs15F/rq+iP8AgmP+2V4r/YP/AGqtH8Vfvf7K1SGL7ZF/qvtVrVj9oT4V+FfiFYR/Fv4c6rbXMcv7y8tIv+XWvJ9e8K32pfD6PxHBY/abzwv/AKnyf+WsVelSqexre0PMr4bmif1KeDfHnwy/aF+H9v8AEbwBq1te6ff2cUn7mb/VVyfirwHpV5L5EH+rr8N/2M/+Ch3xw/ZXv9D1Xw5rn/FN6pDFL9ku4fMi83/lrX6IfDX/AIK9aVr0scHxG+HN9F5sPmQ3dp/qpf8Av1X3+W46rKlofn2ZZHT9t7SJ9Ga98H9K1L/UD/yDXH6x8Np9GMnkQeZ/yzqv4V/b2+B/jCKSxsZ5baT/AFn72GtTxJ+0h8MrOCSC+vv+u01e/Sq1j5nEZfWg+Smed6xoM3m+R9g82Os+88EwGHz4DHFXSax+0J8FryWT+yvFkdzJ/q/J8msOHxh4O1nzLixv/Nj86uk83E4GVM+Z/B/g6DUpZB9h7VY8d/YfDnhKTSvt3lf9Mq6DQfHnhWzsPP0P/Wf8toZq8r+PPjax1j7Ri3k/5ax/uv8AllWv8I7sNTo3PM/+Eqnm17zvP/0eKby69I8N2X2L/id6rBHLcSzf8tv9V5VeP6PeQQ3UelT/AOrl/wBdND/yyi/1vm1c8X/GDVYNLs4IPN8vyfL/AO2sVZVKtE9uK6I6jxr8W54dejg/dfY7W8ljm06GH/VRVoalD4V8V+F/t1jBFfWcv+p8n91LFXzv4q+JB/tmSfyPK/ff9+pak8B/FoaD5lj58v2i/wD9TFN/qv8ArlWVOpROjkO48VfEOy8K/aND0OCWS4sP9TNdzfvZaz/Df7S1jr0UfhvxH/a9z/zx/c/vYq8v8beNv7S1q4gvtJk8z/pjN/qqx/DXiq+0y6xf29z5f/PaLypfNrixFSizal/BPqD+x76aKS+8KwR33leV+5m/dSy16h8JfFXiO90aTw74xsZLaOL/AFMV3/yyrxv4J/G3Q7Py4PFWleZHLDF5OoQzeVXvmm/EP4c6xaxrY3slz5sPmedRSpUqoqeJrHtnwZms7yCOxvvs3/XWKbzK+jPh74JsfKjP2COWOL/UyxV8j/CW88K6ldfbrGD/AEiL/ljNNX1J8K/GE/2C3g/5Z16XsjiqM908Hzfuv9R+7rtNH/c9K4PQdeH2WM29dJD4k/deRXm1aRmdpDeW+elaEN5BD0FedzeK+8FV4fGF99qrm+rGntEesWd5B1nNWIfIrz/TfGE/2WOtzT/EnnRVxVMMdCxKOk/cTVT1K8+xRVX/ALYg8npWH4q8SQQ6XJRSwzdUKtVHP+NviFpWm/uJ5468f8efGfSoZvIgv/L/AOuVZ/xm8YQQy3H+nfvK+c/EniTV5tU8/wD1sdfSYalRpHg4g9gvPiRYawPIH73/AKbV89/tFa7f2dpcXFi37v8A6a11Gm3s4l+0Gsf42XtjqXheSDz45JPJrveI5InmU41vbany3D4w1Wb7ZPY/6z91XSeG7zVJ7CTM/wDpEX+prk/El5Y+HOZ5/K+1TRV0ngnWILP9/AYvLis5ZP31eNiK/s9T0vqKqOJ85/t7fEGf/hI7fQr6fyri1s/Mm/6ZV8V3mpT6lLJn/lrN++r2j9s74hT+N/iDea55/myS/u/+/VeZ+CvA9/4q1Cz0PSYPNkv/AN5eTf8APKvzTN8T7Wtzn6hkmD9hg4wPSP2Ifh/4c174n/8ACxPHGtRab4b8Lw/bZrub/pl/qoov+mstfeHxC/a0+Dt5d+G/Cuh6rc6l5VnF/aV3d/6qL/plXw3eabofgm1/4RzRNcllt7X97NN/z1lryPx58TtcvNU+0Qar5Xlfu/3NfNVMM8UfU4bHRwkOQ/cj4PfELwBpmlyarfeKdN8vVIYpIYYryLza+f8A9vb4kWP+kQeHPFcslvF+783zv+Wtflfo/wATviNo+sf8JHD4quftn/LHzpq9PuPiT8fvFHw1vPi5rmm6jqPhuKby5rybyvKill/dVyQyur7U9OXEapUYwP2R/wCCPOr65pvw+s77xV5sl5f/ALv/ALZV9KftsfGzQ/hj4I+3X2q/YvKh83zZq/M//gmR/wAFDfhz4ki8P/DHxj44svCWoeTFbQ3et/6Nayy/9da+yP8Ago18Pfjj8QrDw/8ABD4ZT/2/qHiiH9zqOk/6TF5X/XX/AJ5V5dTA4qli+apA7Y8Q4Sph/Zwn758D/GH/AILMTfD3xPcaV8JNKk1aOKb99dw17J8Df+C6vg74g+Dbex+KmtyaJqlr/wAsptNl/wDRsVeH/tdfsQfDj9jPwReX3xG8ZW17rEU0XnWmnalFL5sv/fqvkWz+N9rq+oR+GPB3h+LTbSXzbaa5Ailllir6HDZfRxNGUTxsZn2LwVSL+I/eb9lH9urwB8f5Y9K8LeMba+1D/ljF5372voDxtDf3nhL+1r6x/wCWNfgn/wAEzfiRP8Gf2ufDfjiynuba3imi+2Q/8spYv9VL/wC0q/cj45fGf7H4DvLiwmij8qzl/wDtVfLZplrwlU+kyfP/AK2uaR8h/H74nWP9qXmlQf8ALL/Xfvv9VX5D/tgfEi38VeKLjH7v995n+ur6s/aQ/aQ1WHSvEEEE8vmed++87/W/62vzz8baxb+JLq4voLiWX99+5r3skw9qNz5nP8TTrYkp2d5Npssf/PSL95DX7Af8EtPHnhXxV8DNc0qx1XzbiWGLzoZv+esVfjnekfavPHEksP7mvrD/AIJ4/tIWPw31S40Oc+XJf2flw/vv9bLXTmeG+tQObJsR9VnzH62ftIeR8VPghJ4Vgg/4mkUP2nyf+mUVfgv8SNNvtN+L955E/lyfbJa/VDw3+1FP4xlt76DVfK1jS/Nimi/562stfDf7Y3wrg8H/ABaj8Rz2P/En1m88z/rlXRk9P2NCRrmNX21a5434D+Nniv4Y6zHPBB5kcv8ArrSb/lrX0h+z3qXwy+J2syWP262trfXofs01p53/AB6yyxfuq8D8bfCu+0eWO+sT9p0+X/U1T8B6xP8ADfxRZz+RJbXHnfuZof8AllXbSqKc9Tz6ntvgPsz4A/sojw3o2sfDj4mwfadPi1iWTTbuL/llFL/zyr7k+AX7NOleDvh9Zz+FYPtNvFZ+Z/pf+t8qvK/2RfEmh/H74XSeI/t1t/amjfu7y087/WxV7po/jyx8H2uoWBn8v/Q/Lhlr9BySnSq09D4fiKtVoEf9g+FbPX459K0O2+2XX/TH91F+6/5a1z/xC0Cx8SXVxY6prkv2iWGX/j0/1VY/iX4nf2Pqn26efzY5f+Wv/PKuT8beNtc8YRx6tYXH/TTzYq+o9n7E+Ro4quzn/Dfg+x03xbcX2kzXPl+TF9smmmr6A+G+g+B/7Bkn1yCS2t4vK/ff89a+e9N17xH9vjg+w/u4v9d/01rrNN+Kmq2djH4Vx/y28yGip+9MMTiW/iPkPQfj7PDayHVb7/rj/wA9a3NT8VXGpeHLPXLGfzPt/m+dDLXyn4b1j95cWN7PJFcf89a9s+HvxCgXwvHb/Z/NjtbP7NeRf9Nf+etebTx3tT3qmW0aRc/4TZobm88RzmX7P+6j8mH/AJ5S/wCtrk/HviT+0bD9xfRfZ5f9TUfirWP3vkWMHl2f+s/65fva8717WLi8H+gmX7P53meTF/z1oqVaR04anRI7vxhPNdXFxBPL9o/dfuq6jw39h8SeHLz+yr6S58qHzf33+ttZa8znmnh1C4ggg8z7VN5vk1uaNqWq2c0d9Yzyx+b+7mitP3Xm15v1n98dNSlSOgzY6lpcc+uW/l6p/wAsf3P+tiqno8M/nSX0/wC8kim8vyf+etU/EnjC/vLqP+yr6Py5Yf8AUzf6qo4den1K1jg/sqOW4tf3cMP/ACylrnqVf3wey/cnsHw9vJ5rqP7dpUsdnL+7mmh1L91FXrnhXWND8N3UljBqsfmf8ucsNfL4/wCEj1i7+w30FlZW8X/PpD5UUVdxZzfEaGK3vvB2uf6PF/rrSvVwuJOb2R9mfCv4h6Vpv2e+1zVfK/57f89a+pPgz8VPB2pWscFjqtzL/wBdYf8AVV8D/D34kXx0uz0PxjYx2Mlr/wA8f3cstfSHwl8YeTFGYII7GP8A5Y/vv3stevSPNqU6x92eDvFVv9g8+f8A1ddBZ69DMc+fXzv4I+JEGpWsdiZ/KjruLP4kaHZ/uIL795WdWkc3/Lw9c028gm/19allZ2M3+og8yvM9B+IVjNF5EE9dho/jeDyo4IIKyqUjY7CKz/5YAVc86fTYf+mdY+j3k95F59blnps+pxScy1xVTenTKcPin/WVzfjbxVBPFJDBP5dbmsaPfWcX+oryf4kax/Y9r/00rpw1K5z1aZx/xC0Gx166knvtUto/+ePm189/GfUoPh7YSGCaK5/65Vn/ALTnx+1zQbm4g0qCT91Xhfgv4/XF7r3n+MdDkkt5f3c01aYn23/Ls7cup4S/NWJLz9qjVftX2Gxvpbas/Xv2ir6aw8jz/Mkl/wBd5v8Ay1rH+Nnw3/s2wuPFXhWDzdPlm8yzm/55V5f4b1j+2IryfyP3f7r/ALa18/iMXjFOx7n9n5bVh7Smbnxg8Yf2xa6f9hg/5bV53qX7RU+mS6hpVjfS+X9j8uatT4kalfQ3Uelf6qO1h/fS18vzeJJ7P+2J577yo7q88vzpf+WVcWY41wonJl+XU61cNehn8SfaL6+g/d+d+5r0Dw1o5+Bvwwk8VarB5esapZ/uYf8AnlX2R/wSP/4Ib/tCft46XF8QfHj3Pgf4Z203mw+JtQs/9K1n/rxi/wCeX/TWWv0cu/8Ag3+/4I8fDHW7PVviV4K8Y+Orywhii+ya54ql+zS/9sovKr89xOJVOf7w/QcLhpcnJTP5zNX8Q+JfFuqQeHfCuh3upapdDM1ppVpLJLLL/wBcoq+m/wBjb/g3z/4Ka/tsa8t5o/wKu/Auhyx+Y/iH4h20umxY/wCmcXlebL/36r+hD4O+EP2OP2Xb/wCzfst/sR+CfC8nbVrPS4vtP/f3yvN/8i19OfDf4z6ZrGn41uD7NcS+tTSxtE1llteC5+U/HD4Mf8GYfgGz0iC6/aR/bG1m91BwfP0/wdocVvbf9/Zv3sn/AH6FemftVf8ABqT+yjD+zBrdp+zl44+IFj4h0XwrJcaB4fm8S/abHU7+KKWUfaY5Yv8AlrLj/VeVX2X+2Z+1F4j8KRyTeFZr22t4pvL+1w1+V/7Zf/BwF/wUU/Ys+Kf/AAh/h/xHoniDQNQs/tuj3N/psUksX73/AFUlezgcvxmL/eUzzcTVo0nGEz8mPi5+0H8fZjF8FvFmq3Gi6X4btItIfwhbeZFa2ptsxyeZFL/y18wf6z1r7q/4I8f8FN/2pv2YvDvjzxjq1vrXin4J+FvC5F9Pqkfmw6XqkmPKiill/efvZc/ugf8A6/g37Qf7T/wU/wCCkXxGuNXv/wBkXQvB3xU8Z67apL430rxMbGxnlkO3dc20uLaLzCcyy1+4XxH/AOCR9vp//BHST9gz9mDwNZQSrZRapqVxdXvmy65f8SyyxyZ/56AY/wCuUX7rmvUx+VVaFCEqv2jzXisMqvLb3j8T/wDgof8AE6++M2jaX8Rr+CXzNem8zyv+eXm14H4V8K2/hu7t/wCybf8A1U3lzTf89a0vjNoPxP1iWXwn45uo9EXwlN/Z2oaTqF/+8+1f9Mqd4D024s/Ln+3x3McU3+ptP9VLXi0KUsNU5T0K2IhWhoeufB/wrqsGv6XfMfLkv7O6k87yf+fX975UX/fqvtzwr+1F4x8Y6NZ6TfarL9nl021kh82HzP3VfH/jH4wWPhX4VeC76xg/0z+2LqT/AKa+VL5sVYevfH7VdO8G/bvB8/2aOXUovJ/6ZRf88v8AyFFXmZtS+sSNcrxXsDzv9pb4tX3/AAnGuWEA/d+dLHNFND/01rwvR4ftuqRwH/V/6yrnxD16+1jxnqFxfXHmyS3kvnVofDfTfsdreeKp4JZY4v3c1a4OKo0rGtX9/WuY+pWcH2qPyJ/M/wCm3k1J8PNS1Wz1m31Wxgkl+y/vPKqPX7P7HdRwQeb/AKnza7z4JeD/AO3pfIsf9ZdQy10VKnIKme+eDviRcaloseuWM/8Apml+VJ+5/wCWtr/9qr0T4nadpXx++CP26xg/0iKGK5s/N/55V43N8ML7w3Y2fiqxvrmL9z9mm8mvUPhL8SNK1jw5p8E/mRXEUP2a8/c/6ryqzpT5J3OylT9rD3zL8N/D3SodBt/Dc9jJJZxQ+ZXD/Gb4MwaPdx/8tLO6m/0O7ir6w8H6FY6xaxj7BFL+5ljhmrw/4/8AiqDTNGvND+wfvLW8/wBT53+qopVeSsVNUkXP+CZvxN1z4b/GS38K388X2e//AOJdeRf+iq+6PEmj6Ho+seffX8sn/PG0ir8u/hLr8+g/Gm31yCD/AJiVrc/+iq/UjWLzXNS/s/xh4V8ORfZ/sfmXl3NN/wA9a+y4dxH+0ezPg+LMJznk/ja8g1KKSCCeS2ki/wBdFqMP/wBtrm7PxJpMOg3Angljt4pvL82Gu8+PHgm+s7WPVbG38u3uofL/ANd5lef3nhC4m8EW8FvPFFb/AOshr7bEM+GpUfsG5/wkn2PS7iA+Vc/uf3P7n/W1X03xhBrFhJPfWNtbeV/qf3372s/R/AfiO80D+1dVvv8AQ7X/AJ7f8tar6bDBNr1xBPY/8S/zovJh/wCeVKm70Qq4WlBan5x6Zq/k3Xn+R+7i/d+T/wA8q6SHxhBDYSQWOrebHf8A7v8Ac/u/Klrh4ZoJrWTQ5z5Uks1Rw3k/kvfeR+8/1f2T/nlL/wA9a+PpYk+7qYY9I1LxvezWEeh6rP8AvJYfLrlZdY1Ya9cmBmx9klkmEX/PSsm8vJ9TijnuJ5PM8nzPO/561T/t6+03VLi+sf8AVy3n76KWuipibmVLB21NDVr0WVrHcRT/ALyX95Zzf88qsWfimfUopLH7FFbSeTL50sX/AC1/6a1T8R6xYz3/APaot/Lji/4/If8AllLWXNeT+bHB5/7uL/U/9NYpa4qlU6qdL2tM0NH1icSyW9vP5scXmyedW5oU17ptpHY6p+7uLqHzIZYpv9VFXL+Fbz+x7+4gMEf72b/yFXUS6xff2pcQeHNKivv9VHD9rh/e+VWftWZV6f2CPUvEl9Dr2bHVZbn/AKbf8tZa9M8KeO7fXrCMarY2UVxFD+5u7u8l82WvK7PUoJjHBBe/6R/z9xQ/8fX/AEyqvrH286p5E8/2L/VSTRf88q7aeJ9kZLDe0PePB/xs1a8kuNKtx5uoWv8Ay9+d+6r2z4A/FrxUftHn6rL5kXlV8l/DfWJ9Huvt32GKW3v/AN5Nd/8ALWvpD4P+NrfR7qPStDgitvNmikmlh/e+bXt4LE1ap5uJpch9ieD/AIkX2pWHnwQeVH/z1o039orydUkgz/qv+WtfP/xJ+PH9maDHBY337v8A1c3/ACyrzvwH8SPEd7qkcGleZc28s3/fqu5Yhtni/Vmfox8Mfi1PeHz4D/12llr2jwT8SNK1Ly4LGeXzK+G/gzrGq6xaR6HP+68qbzJpov8AlrX1x8INM+xReRY2PlyVvLYy9mfRHgPWPtkvkT/6uvZPB+jwTRRzwV4n4DmGm+XBBbf9dq9o8K69PDaxwQGvKxvtjtw237w0PEmjwG1k8/8A1leD/Hj4bQanYSTwQebJXvmsaxiP/j34rh/El5Y3csnninltWtSNK/svZn5r/Gb4VT69a3EE8H+kRf8ALWWGvG9R+GM2g6zb6VPb+Z/y0mmr9BPjN8N/DuvX8n27Spf+u3nV89698K59N8UR/wDLWOva9qeLWxPspWLHwr+CelfELwRceFb6x/1sNfK/xC/Z71X4GeN5PCuuaVLbR3+pf6HNX3x8GdY/4RW6jg/5af8ALGvWPFnwH+GP7Sug+R4qsfM1CL/Uy+d+9irHEYajUXtDz8Dm1ejiJU+c/I/4hfBmDUdBvP7K/wBZ5P8Ara7/AP4I2/8ABDqD4y/FK6/aX/bV0qe2+F/hXUftGg+H7seX/wAJFf8A/TT0tYv/ACLX3z8E/wDgk7YeG/irceNvi34qjvfB+lw/abPSf+fqX/prXWftUftUWPgnw5p/hzQ7GKOO1vPs2m+HtJh/e3X/AEyiir8s4tzfD4b91S+M/XODMpxeNq+2n8B9J+LvjVomgeDLbw18M7OPTrOKHy7O0tIYoo7WKL/llFFXy58VPi0LO6uL2e++03H/AEymqx8E/gD+0n+0hLH4x+LcFz4F8N+T/wAS3Q/O/wBOli/6ay16J4q/Zd8OfC+1+3aHpX2nyof33nfvfNr8xrVcViZ89Q/acHh8swy5E9T4T+JH7fnxT8H38kEHwr1KWzi/5e68b03/AILtfE3wT8WrPwP8VND/ALN8PxTf8S3VvJ/7ZeVLXvn7YH7S0Gm+HLjStD/Zl1K58rzY/tc1n+6r8n/2utY1zxV9o1zxH4bttNt4v9TDFXpYSUE1c5swxNKnRbjE/oc+J37Qnw5+IX7IN58TbGwttS8rR/M8m0/e+bL5Vfz/APwn/bB+DXgH486r45/aB+DMfjq2v7O/todO1a4/49ZZf9V/rf3UUVWP2Gf+CsWu/sx+Hrj4OeN7e91fwZf/APLHzv3th/39rw79oTwHZ/Ff4z3M/wCz/rtt4gstXl+0+RDP5Udn/wBdPNEXk1+l5TmKwFDmR+Q43CyxmM949k8c/Ef4R+O31T4eah8J/B3h/R98p8N3nh21ikSL/pl9u83zbv8A5Zf62vrL/glJ/wAHGfjv9kXwTon7O/7R+nS+J/DWly/YrfVHm/e6fa/8sv3n/LWOvC/2cP8Ag3d/4KgfHPwx9p8OXvgGx0e6s/ttndS+KrW+ill/55f6J5vlS14F+0L/AME2P+Cgv7JGqeIfAvxi/ZE8VtJZy8eK7DRrq5sY4ov+WsUsI8ryv+mprqxfEOHxXu1NYhTyeUNIG/8A8FX/AIvfDz49/t6/Er4mfBqSNfDfiPxH9t06eLvF5UXm/wDkWvKPDniSfR7D9/8AvfNh8uGqnwu8BX3jya48EadPc3OtxQ+YIZov9b/1yrX174PeI/Cot76eCSL/AJZeT5NfMYnE0Z1OemepTwVShR5Zlyz8Y33irw3H9v8A3VvoNn/odY+va9PBpcn7+5ijl/5dIf8AlrXeeFPgn4/8SWHkaV4NvZY5f+eMNdh8K/2A/id8bLqSD+w7mxs4pvLmryK+No/bKwWEnVPmfwR8PfFfxO8Z2fg7wdZS32oX83lw+TD/AKqvrT9pD9j/AP4Zd+Bmn+Dp4P8AiYapZ/adYl/55S196fsH/wDBOXwd+zra/wDCVX3hyP8AtSKH/WzQ/va4/wD4KrfD2fXvhpqniOCeP91DXG8xV/3Z9DDLvZUbn473hnmtre+/5Zxfu/3temfs66zcf2rZ2WlWNtFeWt59ps7v/lrXD69ZmbSpLGD/AJdf9J/1NdZ+zfNBZ+O9PnuP3f77y69Wo3Voo8qnT1PsjQYtK8Yy6p4Hng+zXF1Z/aYYv+WVeR6Do994butUsftH7uKaKSuw8E6/B/wtqPw7Y/urjT/tXk/9Na6jxJ4PgmN5P5H7yWHza5va+yPSofEeofAK8nh0H9/P5n76KTFfMf7ZmpWMPxL1TyLf/ltL51e+fDHU8eHI7ix/deVD5c1fJ/7SGpf2l4j1jVTzJ51a4Z+0rXMsTy+0LHwr03zotL8VD97/AKZ5f+pr9CNS+Jx07QdP8KX3mxW8tnFHND53/TKvhv4V2f8AY9h4fggg/dxeVczV758SNSvtS1TR73yLmS3lh/1sX/LKWvt+HacfaSqM+F4oq/u4naan8ZvFdnFZ6TbzxS2fnfZprT/WVj2XiS+Mul2Oq+VbRxebH9ki/wBVXD/2xqmm+I/Inh8q8+2fvrTyf+WVU/Hmva5puqXk9jYxXNvFqX/LH/llX09Sr7M+JpUz1T4nXkFnoPn6Vqslt5sPm+VL/qpar+FPGMGvaDHYz+G7aK4i/wCXuabyvNirzOHx5faxo1vAZ44tPsIfMm8795Wxo80F54cj/tXzfLlvIo9N/ffuoopaMM9DPEYb7cj884b1vtUc/wDy7xfu5q0LOGwsrr7dY38cv2r/AL+1hw6jbzWv2GD/AEbzZv30s3/LKqd5rEEN1/oNxJ+9h/11fG+09kfpHsjc8NzDUorzSp5/LuP+WP76qesQz6aP9Og8qSWGqfhuH7ZqEmlD/VxTeZ5tSalr3napHPfH93F/yx/55Vr7X90aezI7Pz9TsJIfO/eRf6n/AKa1Xs9YnhFxYz/6v915P/TKrGozCG6jnsfs373/AJ7Vnwi4/eeQY/8AXfvoa5qlQKSsdBo8M/8ApE8//bGWtDR5tKh1mMz31zLH53l+dF/y1rDs9YB0u3guP9XFN++8qtC81KCK1+z6TBFbW8v7ybza6aTOapSOg1iGDTfFFvpc8EcVvFN/ofk1zc3hW+vPFHkQeZJ5v/oqoxqV5PrfnwS/u7WH9z5tbGj6xfaNeR6rBB5kl1/5CrVeyqmcP3R6Ro+mwaDa/YYJ/wB3F/rruaHza6zTdSg1GGPStK+0xyS/u/3v7ryq5/w3r2lal4W/sq+0r95F+8/13/TWugs7zVdNhj1XVbCKWS1m/wCQd5PleVXtYbSkeRVM/wAV69qug6p5HkSf88q6z4DHxHDdSX19PLHHLeSxfua5OHR76bUJL6eeSK4v5vMhm/6ZV7x8B4L6aKzgg8q2jtZvM87yYv3v/TWvQw1PU5av8I+lP2b/AAr9tu44LjzYreL/AF01fangOzg020jngn/1tfK/wf177YbexsL7zbOKHn/prX0B4Umgs7D+1RP/ANta9U8s9Y03xh9jv47fH/XavSPB/jyCb9x59fMZ+IVjD5lv9u/0iX95XSeEPiPAT5EF9+8lrKpS9sZn1RaeJILyKSDz/Mrl/Enn/apDYweZWH8PfEn22w/1/wC8r1TQfCv9s/8AHv8A6yvNqVPqjN6VL2zseT+JPBN9qVhIILD93L/rq8T174b+MbyWT7DpUnlxTV98aP8ADCx+y/6jzKj1j4M6VNF/oNjFFXD/AG3R9sdOIyD26Pzv/wCEV8Vadqkfn6HLX0J+zr4P8R6lLb+fBJFHXtmj/s32N5L/AMTWCvUPBPwx0LwrFH5EEdc+O4jXsf3ZnlvCcfbe0qGXo/gP+0tG+w33m+X5Nc54A/Yx+FHgLxRJ43sPDsVxrEv/AC93f7zyq9niWCEelU9S8R2OmwyTTz1+bY/2eLre1qH6dls8Rg6PsqRz/wDwivkzefqs8cUdR6lo/hSawkE9xHL+5/5bV5f+0V+0hpXhTT5Jxqsdtbxf66Xzq+W/Hn/BVb4c6Dqn/CO+BoNX8Zah5P8Ax6aHZyy1x0cFia0/dp8x6dXFQwy9piKvIe8fGab4SaFoN5pWueB47m3l/wCeUNfh/wD8FjPDn7Oeg2l5feDp/sNxL/zDvOrvP2/P+C83xqs9Z1TwP8P/AID33hu4tf3f2vW5vMli/wCusVflH8Wvi18TfjP4jvPH/wATfFcupXl1N/2yirtpZZOnL96hVc1o1qX7l3OLhhnvJfOM8VfZn7EPhux8K6fqGq32h232e/0eKPypof8AW+b/AK2vk/4b+Fb7XvEdvBBB+7lmr7g0fwpqvhXwRZz6VP5kcWjy/wDf2urEXVP2aPHvU5+Y4v8A4Xl8Y/2dvi14k0P4A/FvxJ4X0u11L9zDpOsSxRRebX70/wDBE/8Ab0+K37bH7FtvcfFG2ivLjRo/7GvNWupvMl1Q5lj86X/tn5VfzhfEi8vtZ8UXE9vP5lxqnledX78f8G3nha30r9gSzh0ay/eXfja//exf9Moov3tefjMPVpUOZHrYdxqyuz5r/wCCn/8AwQqgh8R3nxN/ZegttJvPtn22ztIv3UUUv/PKvjPUviF4j+EuvR/DL9oz4ERWWsRTRR/a5of9b/01r+kzx38N5tX0C4g1WDzJJa+F/wBrT9hvwt+0VYyWPirQ/NvLX/U3fk/va8Gli61P3Jntezo4hHwX8Jfir4H1+GPQ7E/YZIv+mP8Ara+sPg/4c0O8tY/sMMf+p8yGaGvH9G/4JU+OPBOvef4d+0y2/nV9afBn9mPxV8PdGjn1WCXy4v3n72uatTrV6nuBSnQoVfZhDDqsOj/v4P3cX/LWvl//AIKKabYTfB+8hg/5a/u6+zNe03ydB+z2I/dy18f/ALeEP9peB9Uggt5fMi8ryYq5KE61KtaZ1Yn97R/dn4r6lZeTr15Y3EH7z97HWp4J02+8N+N9P/cY/wBVXqHx4/Z18V/CWKz8f+I7GW2j17Uoo4f+uXm+bL/6KrP8baDBpuvaP4j/AHkXm+bJN/1yr7OFXSB8lCp++DXvGE9n8aZNcsLj95F+8r6g8H+JP+Ep0az8R28EX+n2fl18R6lqU8PiO4vr4ebJF/o1fUnwN8VTj4aW9jBbf8et5F53/bWjEU7s6cMy54P8bfY/HmseFRP/AMfX+p/79V4X8QtB8R69a6pYGHzJJbyL97/zyir0SGGeX9oO4voIJPs8s3+uq5rFnB4P8RyefBH9nuv3V5DL/wCja7sPS9wdX+KR+G5rHR7/AE+f979nlm8uz/c/88q9Q8YXmlabdaXfX0Ev2eX9553+t8r/ALZVj+MPAdudJ8J+MdE/0nT9LrrNY8N+ItYj/wCEjsZ7aKzis/s373/ll5tfaZBS/cH51xXJuoonF+Kbz7FLp+uaH5UUl/N+5/c/8tf9b+9qnqWpHUrWTxHPpP2K3lh/0yXyYpa6z4neCdJ0z+x/Eeh2PmR2E3mXkX/PWWuLvFnnten2azuofMhh/wCfqvUxR8xhvihKJx/9sfY5f+Ec8OT+ZHdfvPOu4f8AVV3nhXWNcvLX9x5stn/q/wB9D/qq8zs9fvtBuriw8jypIv3f+p/1VegaDqV9N4Ns/Dk/mW32WaWSaaL/AFUv+fKrSkejjaN6fOfn3NN5115H/LSq8MAvbryIJ/8AWzfvqks/3Msk/wDy0rUs4p9NiuL6D/Wed5f76Gviz77+EXITpX+j2NjPJ5kvmxzS1z95eXF5LIZ4PM9Zqj86eCaOCAf6qiab9758H/LWpqVQ9mHmf8vGfxqSG8gh/wBRVeftUf8Ayz/cY61z+0KNCGeceZBP5UkdWLXUpvsEkF4eJazxt+yR+RVyGb/RY+PMjropVTKpTLllPZTLJDPPJ/yy8mGtgXt/eXUcE9j5Uf8Aq/K86s+z0e+muv3EH+kS/wDkKo9T1Kea/wD9Bn/eRf8ALaGumnV9kcvsv3p2ng7XoBr0nkTyR28UP76vTPCviTQvK8iDVf8AWw/6nyf3teB6PeX0NrJb+R5nmzfvq7Dw3eXum2H26x/dx+d/pk3k16WGxpxYzDHoE3jyfR9Z+w65PFc2cUP77zof/IVeofB/xhBr2sya7BBHHZ/uo7OGL91XyveaxfG/knnn837VN5kPnV3HhXxVPMbMz+b5n/Ppaf8ALL/prLLXr4bMv3hxVME4UT9NP2afHng3UrCTSrfVZbnypv8ATLuH/VV7xrHxCsdB8OSX1xfx+XFXwX+zF8SLiaw/4RTSrH7NHa+V5Plf8tZf/atXP2tPj9qvhXy/Cv26S2jih/fRQ17/ANZj7HnPnKlKVWt7M9c8Sfts6VpvjKTyL6K2k+2fZpv+eVdh+zT+1EfGvijVLex/ex2t5/39r8o/FXjbVYdUvLHz5Lm3l1LzYf33/LKvoz9if42eKrzxvcaHY+VbR6z5UkMUP+t+yxf/AG2uanmVH2nIehPLvZUbn7SfBj4heda/8TU+VH/yxmr2z4YftCeBp7qOCDxH+8i/d1+b/wATv2ioPC3wls/FWh67+8lh/wCWP+q/dfuq+Q9T/wCCkHxG/wCFq6PP4H1ySPT7+8l+2Wn/AE9eb+9rmxNWjWM8FSq+254H9NHgLxtpWvWHnwT10kP+u/GvzH/4Ja/t+wfGaw/4RzxHceXcRTf8ta/STR/Elje2Ec8H+rr43MsN7OpemfWYLE03/EOkh/1341c86Dyq5f8A4Sqwmj8mA1TvPGFjZ2sn+nfvK8Crc9ehyG5r3iSDTYv389eL/Gz4wWOj6NJPBP5slbHiq8vte/cWPm/va+b/ANvbwr4xs/g3eaH4H8z+1L/93NL/AM8oq4vZe2rWO6VWlhj81/8Agpx/wUn1z4zfEG4/Zz+Dv7yzi/d6xq0U3/kKus/4J7+MIPg/o0nhwwW0lxdQ/wCtu4fMlrwOb9mO++EviO8nv4PNj+2Syfa/+etegfDG8nste8/ElfqXDOVxoUeeR+S8e5xVr1Iwg/hOH/4K6fs96T4wOofGLQv9GuLqbzJvJr4D0H4b2J0b/iaWPmfufMr9WP2kNBg+J3wX1Dw55995nk/ufKhr8/8Axp8PrHwLqUfgvW9aiuLeP97rAE37yX/nlFWGe4KjTq86OXhTOsRWj7KRxfwT8HwTX9x4q8jy7ewh/wBVX0Z4PvIP7Gt9K1WCXy5YfLvP+utY/wAJdY8Oalfx+HNK8K20dnF/rpppv+2VemfYvCupWtvBYweV5t5F+5/55S+bXw9f4D9MhVjKcIHgf7Qem2PgTVP+FZeFLD/iYX8Nrbw/89ZZZZYvKii/6a/va/pS/wCCUfwIuf2f/wBib4f/AA+v7IW95Fp0lzqS+V/y1l/1lfjN+wH+yNF+1L/wWJ8K6TrUHmaH4AWLxPrP/XWKL/RYv8/88q/oig0s28TmFtiS/wDLPFeFicRUqvkPpafs4YflRLrHkTCSyb/V4rl4fhvpQ1SS+uLH/W11mj2dt/y3Nank/wDTCtMPhV1Of6y6Ryem/DzQ4JcwaVF5f/XGpPFXw30PXtGksTYxx/uf+eNdh5PkxfKKP+WVa/VomHtpOt7Q+J/jP8N/+EVluNKh/wCulfO9j+zrffH74taf4H+w+Zp//HzqUtfdH7SHg+CYyXwh/eXX7uuT8E6Dof7Ovw3uPGU9v/xNLr/ltXh0MurYjH8p6uKzKnhsBzn4/wD/AAcaaDoeg+I/CfwU8D6HHHHpdnF/qa+J5tM/4TH4IyQAf8TDS5v33/XKvvT/AIKNWd98bPiVceP76CSWSKavk/WLyx+GN/HBfaHHc2+qTRR3kU1fe0uH6vsuc+Fw+d+3rcp8p+MLOezi/wCEq8iTy5f9dXunwf16fTfh9HYwf6u68r/W1ufGb9nvQ/FXhyOfwPfReXdfu7yGH/llVP4VeFb7TdLs9K1WeLzIv9G/ff8APWuHE4Kx72GxXPSPRPBPhvS5vEf9uTw+b5X/AC1qv8QvBMF5r0n26Dzfst5/39i82vSPDfhuAfCq3ng8ry/3VSXmm/2/N9h+wx/vZvM/6a/uqKa9gdM2pfvCP4A6l4VmlvPhX4qg/wBD1Sz8yz87/l1l/wCWVY/xCgvofL8Kzz/u7W88yb99/rfKrpP+Fb/8Ty38Vf6v/lnNUfxO+HkH7QngO8/4VzqsVt4s8L/67Tpv+XqKvrMkq+zjY+SzvDQxb5zy/wAZeKbDUvC9xYwT20v76LyYZv8AllXH+NprfTdBj0o2MX2iL939rtJv+WtZ+maxfeJPsfhXxjY30eqS6l/pkPk/63yqk1myvpdBksdJso5LiXzZLzzv+WVduJqSZ8hTwv1escXPqU83i23vp9KtpJLqH/TP33+tr0zw3Z3t5F9u8iW2s/8AljNDN5kXlV5f4Ph8m7knggiluLX/AJa/9Na9c8K2c83g6zsdVn/5bSyf9dZaeGqVquh7GZf7n+7Pzv8A+Xn/AMhVuWYsZrWSAX3mfavN/wC2VYcMH7uSCrH+o8ueD/prHXyh9eU5v9MhkP8Ay0iqOGYTxcGtS8gzLHPb/uvNhrPMRiMZgizH/wA8qxqGhH/qf39GbfH2fz6kmx9gj/55xf66Ko/J6eRWIFiy8iz8y3vv3n7n9zR/p0MscEA/6aVHDD52oeef9XFVi8mv5rqTj/v1WgEcN5P/AKRBB/y1mqxpvn3l/JBYwf8AXaq8MPk+XBBB/ra0LP7f9ljsbH/l6/10tbUwLEP+h3P2G3n/AOu1dh9s0qz8MSTz6r5tnYQ+XZ2n+r/e15/DNP8AvIIPN/6bTVcs/wDj1jvv+Wfnf8tq6adQxqUyx/aV9N5fnwf9cf8AplUl5Dfabd2djpXmSRywxfvv+etR6lef6V/qP+WPmVXm1K++1fbp5/NuJf8AUwxf8sq1pVdST6k/ZF8Sf2b4tt4J9ctvtEX7zyoZv3VrF/8AHaj/AG0tdnvbXz/tMlzcS3nmf9sq8L8K+N59B/cWPlW0csPl/uv9bXonhvxIPG13eaHfW/2mT+zfLs5pa9qnj/aUfZnz1TBcmM5zh/GJE1rpeuWM/wDo9/psv73/AKaxV2H7K/xUHhX4jW89/BFbR2uj3UXm/wDkX/v7XH6PFBc+CrzwPq8H/Ew0u8iudNhl/wCWv/PWKufs9ehn8vyP9ZLZ+X+6rzqtblrXPWVJVqfIfbv7PXxouvit+x74w8I6hceZeeHLKW9h87/W+V9v/e/+ja+Svh74qvdB8ZR3xn/d/bJfO/7a1ofsx/GH/hWPiX7FP/x56zpt1p2pQ/8AXXyqr+JPB8/hvxHqFjcQf8et59p/7ZUp4l1KdzPDYalQnI/Rz/gnX4rvvBNh4f8AEdjPF/p/2qOb99/zy8qv2M+AP7QkHjD4fefPqv7y182Obzq/B/4HeKbf4eWngPQ77ypP7Z0261Gzm/6ZXXlS/wDtKv0w+GPxI0rw14Ss9Vg1X93dWf76H/yFWalVrUzmq0adKpzH2x4b+LX9sfaILH/nt/rq0NB/tzWLr7dPP+7r5P8ABP7SGleG9e+w/bvN+1TeZDXpmsftaaVptr59gZIpP+eUNc08urVDtjjaVKJ9OQ+JfCnhu0+3arPHXzH+37/wh/xm+H15/wAI54q8q8i/1MMU3+tr5P8A2iv20vH+o+KLg+FdV+zSeT/x6S/8ta8j8K/H7xzr11J/bl9JJced/qvOr18syD997SocOOzK9H92bFno2uTaN/wjmuQRy/Zf+e0Pm+VWXoPw3vry/wD9B8v/AF3/ACyhr0zwR/xVUP2i40nypJf3c1egeD/hYPB8P26//wBX/rP3tfdU/Y0KP7s/LMxhiMfjDw/9qmax/Zu/ZZ1D4q65P5t5L/o2m2k3/LWWvyXh1jxJ4q8W3l9/pNzeXXmyXlfan/BT/wDac/4X98QY/APhuf8A4kejfu/Jh/1Xm15n+zT8GLHXtej/ALcnkj/57eTXxOZVauIxJ9xw3lVHL8NKVT4jm/gzo/irUvtE3/COXMf2WH9zD/z1r0Tw34D+P3+keI7HwBL9nsP9Jm1G7h/1UUVfXHwx8H+B9HFnpVjpUX7ryv3s0P8Ara+9P2UfhLB4qi8jV/Ctlc6PLD5c0X2OL97WdXA0Z0OZnoPHujVPF/8Ag3R/Zu8caB4S+JH7XvxN0OSO48eXlrZeG/tn7qWWwtfN/wDatfphZ6lPNdeTb2P7us/wp4b0nwh4ds9C0qxtrHT7D93DaQ/uvKrYs7zSjLH5E8VfE4nAXrc1M+uw+YQdBc5cF59klzWhaaj9oFU7y8sZouKjs9YsYYqyWGrm069GVM3Iv3gzSGEdCf1rIs9egmo1LxhpWmxefPPXTHC1pHP9bw9Jbmf470fStStfP1Wf93a/vK+Y/wBorxVY+JLWSxsR+7ir1D4yfFq48SP/AMI34efMf/LavH/GHhWaz0uSfyPNr6jI8jUH7SofNZvnXtl7GmfD/wAbfDf9pTSQX1j+7r87/wBqO8g0fWbjQ5/9Z53mQ+bX6gftLa9pWgWFxY+RJFJX5f8A7UXhue88UXHjGefzY69vG1Vho+zOLKcMqsuc5vwr8VNVs/HkcFj/AKv/AJbfvq9A0GbStY1W4+w6VH5l1D9ph/6618/+FYf7N8Rxz/vZZL/955v/ADyr2zw3MNHsP3E3+mS2cvkw/wDPKvl6tSiz6Sj+6PTPhjrE8Pw0j0q+/wBXFeV1Ggwz2d7Hqp/eRxfvPNrg/B+pCzsLjwqPMk8qGKSH/wAi16xo9n5PgjT54IP3l1DXBGk5TPSjVpWNjUtY0qKX7Dt/d3/+pr57m+LM/wAB/j79un82O3v/AN39ri/5ZV6xNouqza9ZzQGSWO1s64v4zfCuDWNUt9Vv4P8Aj6mi8mX/AJ5V9dgKXs6J42JlFz5D2zTfAfwB/ao0G8voPL03xx5PmQ3enf8AHrdRf89f+uteL/Ej9hv4xWeg/bvA99bXslr+71KWG8i82WX/AK5V1H7N80/wq8Rx2Oh2Mlt++8u8rY/b8+Euq3nhL/hamlT3Nt9qh/0yW0m8v97XvUKMKlLU+dq8lCt7x8p6P8ML7QfEeqaVPYyy3Ev+utJv+WUv/bKvRNB0G+03Soz4jgjto4oa8n+Ffxg8Y6BqEc+qweZby3nl/wBoy2f+tr1zxJ42vrOw/srXNKtrnyv9TLFD5VYUqHLWNsbKDw3uH5jwz/vJJ6sfuJopIIf+WtV/+WX2GpIfP8rz4P3dfnR9aFnOZovIuBRDNBefuJx5cn/PagQ/upILcf6395QIP9Pknt/+mUldBoRzWc/leQD5Vx/zxqPTP+XjH/LKpJryeHVJJz/y1rQ/s2C8i8+w8z/XfvqAM+GHzv8AQYP+uk1R/bTNLJ5H+sq5qUI8qP7Of3cv+urPh/cxfZ4P+unnVzgaEH7n7R+4/dy/u62LOGx8q4nsp/3cUP7ms+zszNoPkCf/AFU3mzTVoalZmGK3sbceXH5PmeT/ANsq66RmYdn/AKZdXE//ADy/eTVcmM93L9u8jyreL/Xf9dak02z+x2sc8EH+t82jxJeCa1jgg/494v8AyLLTF7Up/wBpT3ksduf+/NE15BNNGfI8qSgwzwS+Qf8AWf8ALaaq80JmkkEH+ri/1NZjLmmzXBuvPI/0ewroPB/iu/s9f0uf7dL9oivP+WVYcM88NhHBB/q/+XytDw3D5OqW+q+RFF5s3/fryq6KNW0jGpSpM7z4waDPeeI5L7ShHHJLD9ph/wCmv7r97XldlP5OqRz248uOWu0vfEk95f2erTzyyyRQy1z81nY6lLeW9jBH5kX7yGKt67pVagYb90U582csk883/LavdPhv5/xbi0vVYJ45bi1mi07Uv+evlf8APWvE9XFv9v0+4uP9XLXafAfx5P8ADjxl/bvkR+ZFNFJNF/yylirnp/uqg6lP2kD7A+IXg/VbP4K+A/GPhufzbjwRrF1p0Mv/AD9RebXrHgn9pa+vNGs7Gxnl8uWaLzopa5/4Y+JPB3jD4fah4Vgvov8AhH9em+26bqM3/ML1n/nlL/0ylrz/AOIWj3FnayX1jN9hvLWby5of+mtelhaZyYj2VWj7M9w8bfFTxV+8gsdVltryw/eQ+TXWfCX9qL4jaxdR+HfEd/8A6Z5P+h3fk/upa8H0HxrY/E/Rre++w/8AE40v/Xf9NYq9E+GOjeTdW99BD/o91NF5MP8Azyr2qNPnPFq01Tp8h65rFn/wsO1uJ/7K/eeT5k0X/LW1/wCuVef+CdB1yz8UefPB/ra+iPAfhWC8sNP1WCH95FD9mmq5o3wxhs9ZuIDB+787zIa9enU9ijg/dfAdx+z34V8mH9//ANdKz/2/PjBB4D+COoaHpM3lXkv/AC2h/wCWVdJ/wlVj4D8OR33n/u/+W1fJ/wC1p4w/4WFdXFvY33meb+88mspVqiWpGHwtH23tD4n0Dw54j17XpNVufNit5ZvMmu/+WstfRHw38K6FDpdvfQQSeZFD5kN3/wA9a5fwr4PnluvsI8zy/wDV+TXtnwl8E2MHhj+w9WPl3Fr/AKT53/PX/PlV4NT96z6Ol7GojpPhLpvirUvEdvmxk8uv0s/Y18Xz6J4fjsNYXy/Kr5H+A/g+3+38d4a+oPAegz6bY+fYiu2lR9tR9nI8nG+xufU7X+h6jD/yE4v3v/TaoJYdKhl3Q6rXg+m+KvEcN15E89dRpt5q13zXC8o9m/iOP65M9TOtaXFF/ps2eay7nxt4c0wZa+rlP7H1Wb9/59V5vDcGzN/PUUsBQvqxLHYw3NR+LRMv+gisOXxJ4j8RiTzxL5ctSQaPoln/AK+eibWLGz/cQT11U8NTg/cgc9SvWfxkem6DY2f+nT2P7ysfxteQTWskH/LOrmseMPJi/cTVwfjDxh50XkQV34elVU+aRjVq8h8//H7wfpWsXVx59j+7lr4j+PP7N+kzSyWKwebZ+TLLX35488/UzJ5EH/bWvN9e+HtjrFh9u1yx83/ntWuY4L61SOrLcd7Gsfln4V+A9wY7zxVqtjJFH/aUX2OHya9A0f4b+T4is9Vmt/MuPO/fRV9KfEL4b2P9s3mhw2MUUcs37muX1PwfBoF1H/ZMH+j/APPb/prXzH9kn1H9opnj/jCz/sGX+1bGD/VTf6Z/01r2TwRZw3ngmzgg/eeVN5X/AFyilrH1Lwf/AMTWO+g0n7Tb/wCsmh/55V3Hgmy/seaSefy5bf8A55f88q7KWWHLXx5JpugeTdWYnXy4/O8v/rr5tbHir4bWOsWEkFxB+8/57f8APKu8s/CvhvXtGj+wn95F/qa0J7SxvYo4P9VJ/wA9v+ete5hsJY8mpjvaVTwP+wYNH1SSxMH7yK8r6Au9Hg8SfBa88KatYxXNvLZ/vvNrj9Y8B+d43k1UweV5sNdxpsPneHY7Hz/Kktf3fk12qkZ4x+0gfH+sfAGxhl/sqCxj/s+1mi8nzof+mtWNY+G/hvUtL/sqfQ/K/wCe0sVfQnivTLHTfMnvoJP+2PlVxepa/Y3g+wwQeVH51dqongYitW6H4P8AP2ryIKkhm8nzPP8A+Wv/AJCqSzs/J8yf975kVE32i0v7ieD97H/q6/Gz9bJIP3N1H/y1jqS8hhhtZLiCfzPNh/79Vnzzed28qOpIZvOi/wCmcU3+prb2gBDF/oH27/ptVyzl8m68iD/Wf88qsZgn0GP/AEf/AFU376jTIv8Alv8AZ/8ArvVE+0K95C0MsmlC4/efvay9NP8ApX2e4/1cVbF5D/xNLy+n/wCe1R2cM8MUn7iKWSWaX/tlQOkXNHmsYbu3sbj/AJ7eZNXUal4Pn/sa88if/VeVJ53/AEyri4YRDf8AkT/9/a6yz1Kfyo7Gf93H+6k8qH/lrXRhvgIKemnz9LjguIPLklhlrn7yaCC7jsc12nkwzS29v9n/ANVN5kP/AFy8quT1jTfsctxPB+8jlq8RT0JpmfZwz3l/cXGP3f8Az1q5Bo048v7DP5kcX/LaL/VVTh/c2EcGP9bN++rU1H7RZ2selQDy4/8AWTVz0jX2pn/2lPNNcf8ALK3qSG8gH+omklk/6a/8sqz5pvJt5IZ4Kr+dP5X7geVHWVSp2NTYs/Ek82qyTz/8soap3v7m+jngn/eS/wCpqnDNPD/oMH/XStTR/I+3284H7z/lj/0yo/igbk2gz6lDHi4jk/8AaVY+nXmq/wBs8T/u7X/XV2EOjwXnl30F9J5kv7z/AK5VHF4b0mzmuBBP/rf+W1dPsjF1PZHrH7Ov7RV98PbrNvBF/Zd1+71LTrv97FLXQfE/45WPiTxbcCCX7FZ3X+ui/wBZFXj+m6bf6jaeR5/m2cv/ACyrQs9Anmijgg82TzbyLzvOr0sLM8+p7K59OfCua4s7XQ/FWn+V5l1DLJN/2yr6k+CdnB4kl/cfvY/3X7mvk/4G6/5+g2+hz2PlXGl3kv8A36lr68/Z7s/sdrcfYT5Uktn/AOiq+kwtOn7I+exm57p8JtSn8K6pHpWuQRfZ5Zq1Pid8QtK8H6NJqsE/leVXB6nrE+myafP9o/56x14P+0J8cp5vDt5Yz3//AC+eX51dP7o5qVP2pqfGb9qLxHZ2txqthqv2mzlmi860rw/XviF/b0sl9Brn+jy+b++i/wBbFXn/AIq+Kf8Ab3hzyJ4JIpIpv+WP/XXza5//AISOCa6jgNv5vm/8toZq8+rVp1We3Sw1qR9IfB/XprPxbpeqz/6Tb3UPl3nnf89a+mIbzQ5rCO+gg/5Y+WK+N/gb4qgm1Sz0Oc+VHFD+5lm/1Ve+eFfGEF5d/wBhX/7qSWpw+GNNEfTHwT8SX2jyxzzz19MaD42g+wRzwT+VJXyH8N9S86ws/I/1cVe2aP4kg+wV6VKkeBjWe0aP8QvOl/fwV0mm+NvP/wCmVeBwfEP+zpfIMFbFn8QtVvIs+R+7rp+rHm+0PfIfFWf+Yr5f/baj+0rjP2j+1eK8H/4SrxHNLmDzKJvFXjjH7i4rL6kjOeJ5D2zU9Y9b6svUtY8mL/j+i/7/AFeJz+KviBP5n26b/wAjVn/8JJ4qml4t/wDvzNWtPCi+suqesXniQjzB/rK5e88SfbJfIrn/AO0tc+y+fBXP6x4wnhikt/I/ef8AXGtfZozqVDoNS1LSvtWPPrm/GHjDStHsPs8E8fly/wDLL/nrXF6l4k8Ral5kFj/q6z7PR9VvNU/4m37yOuj2ZlOHsTH8YwwXl/59hBL9ol/5bf8APKuT1nSL6yupIJ7HzbevXNS+xWcXkT2P/bauT8SalYSy5gglkjrn+qnTSxNZnl+sabqsMsdxpX72OKpLPU55v3H9lR21x/z1/wCWVdhPNocunyHyPKuP+u1Y/wBiGpRSfuI4o/8AltF/z1ojSVzWpWLHw3+IV9o+veRPB+7/AOeNesWdnpWvaX/asE/7uX/yFXj+j6afteZ4IpY4v9TLXqHgOHzopLHz/Lt5f+WX/TWuiaOadUsado+qz38cE/7yOKauk1Lwf5thJPBP5UdU4fP02X7DWpNrE8NhHBPT9mzSpidDi/FWj6VPa/Z9V8yX/prXn+peD9D837RYzy/9+a9Q17XrGbzPOsJfL/67Vy95qUHmyQQWPl1uedVq+yP554Jv33n7f3f+rqxD/ZU0UnkT/wCtrP8A9dF9hx5dSWc3kxfb4P8ArnX4mfshXhh86WSCf/WUWfn/AGuSCfvRCJ4PM5/5beZVjTYYZ5ZLaf8A5epv9dQBueG9N/tIyaV/0x8ytTTdBv8A95837yWGtTwfo8F5pef+eU376ug17Tf3sd9B+6k/5bf9NZa76VMzPN5v32qR+f8A88f31al54VvtH0u4vf8Anl5Un/XWtiy0GD7TcQ/Yf3ks3mQ1uf2bfalYR6UYPMt5f+WP/bX/AFVa0sMTUxNKkcXeaPYzeXcQQUaxZXGma1b8+Z5U3lzV1GsHybW3g8iKSOX9353k/wDLWsu8vILyL7dff8vf7u8/6ZS1ry06Rn7UNYhn02W38j/VxfvIf+mvm0TabpWr6XJcaUPNjuof+/VSTTf2x4c/06CT7RazeZDD/wC0queD9N861kvrH/V+T5c3+f8ArlWns/bEnmc0X72SCA+Z9l/eeTUl5bzzWEcB82WSWb99XUazoFtDql5e+R+7l8ryZqkvIdKmlj8+f/R4v9dND/rZay+qmqq0Ti/7Ng/1H+sklrPvLOeGXyK9Ams7GzjjnsdK/eeT/qZf+WUX/PWuPms5/tVx9h/eyedXNUw3szWnVM+zhnmv/sMH/bauo0HR4L3VI/sP/Hva/wDLWWsvTdNnhuv3E/8ArYf30tdJNDPZ6X/YdjB5f/Pb/rr/AM8qKdIzq1SvNrF9DdXH7/zY4pv9VVi88i9sPttjP5flTfuar3mm+fr15Y/9NvMmrc0eyghtY/Pg/wBHtYfMrppe8ZVKhseA4dVs/C/26f8A1kWpf6n/AJ6+bXrngPR9K8S/Z/7Kg83zf+Wv/PKWsez0GCGW3nnt/Mj+x+ZNDXqHwN8Nz6RYYMEcdx/rP9T/ANcq9vA4Y8nE4k7D4EfDef8A4S3WNUntv9VNFJX1B8Ko/wCzbuQC28vzYfKrzvwRN/Zv2ieCD/j/AP8AXf8AkKu4m8VQaZYRwQfuo5Ya9ulSPExFU3PiHrUF5pcljBP+8/8ARVfD/wAYPGE8+qax4bvvNlt/O8z/ALa17p428eX03iPUPJnk/wBKvP8AQ68P+IWjwQeN7i+gg823uv8Aj8rWpSOnC1aNI83vLOe80uODSr37Tb3Xmx+bN/ra0PAfgjXNN8OWelT2/wDpHnf66o9evLHwrf8A9q30H7z/ANFV1Gj/AB48N6ZqkdjPYx3Mf7qSuH2VH2vMdP1mp/y7PWPgn4Dn/dz+R/z186vVIdBsbS7t777d+8tf3k1cP8JfjP4c1KwjGhzxfaLr/nlW54w1mCGX7dB/y1h/fV3UqdGmc31k+gPhV4wsbKwt7/z/ACo5a7y8+J0Gmy8z+bHXyH4b+J19aafHpJ/5df8AllXWTfE6a8sP+Wtt/wBNq6afsTzatPmPpyf4z6HZ+X5Gq1Y034/6VNF5EE8X7qvmOz1K31KKP/Trm2uP9XND/wA9f+mtSaPD4j0y1/0G9iuY69GlTonDVpn1Z/w0JBpsUf7mKtTTvj9Y69/y4xf9tYa+a9N1j/QPP1y3jjk/5beVNXUeFfG2lfa44P7Vtvs8v/PG88ytfZUTi5D6Is9Yn1mKSfSv9ZLVgDxHZxf6dP5tY/wx8XwG1j+wzxyx/wDTWug17xj50X+gWP8A5Grn9mdC9iY95r3ky+RP+7jrPvNY0P8A5/pKy9Smn1KX/nlWHrGpfY4pDB5f/XaWasvZMfszU/tKxmlksfI82P8A561Ys5tDhh8+CCX91XBw+JL6GXyP3ctdJo95ffu/Pg8qOrMqm5oalMbz/mHxf9/q4fUvPhv5IDZV2mpalP8A8uMEVcvr95rvm/6DBbf9NvOoCm/ZHPizsYZZJ9VPmx1l6xqWleb9nsZ7mP8A661JrGpX15J5E/7uuTmnn/tSSysYPK8r/XU6RnVOk028vodQ+3Y/dxTV6R4P1mC8/cQf6NJXm+g+fDYeRNB5kcX+urrNN1HyeYP3flU6hmemfbLHxVa/YfP8vUIv/ItY/wBsvvKksNVt/L8r/ltXJ3usTTahHPCfL/6bVcm8bT6bFJBffvI5akv20DQmmsZovInFYd5DYTf/AG6o5vHFjeQf6D5lt/z28msOa8g+18mWStaR51WqfgP5Nx9qknA/1U1WNHs4LwyW9if9b/yxq5DZwT6P9hH/AD2i86tSz02eHy54IP3nk/8A72vxj2Z+2VKpy9nZT/b/ACJ62NN0Gea6+w3EHlSf8sf+utaGg6aIZbz7RB5lbl5qXk3Uc8H72SKbzLOaH/lrXTTpGc8RTRT8NeJL7Rr+Pz/+3yKukvNY8m7s7G3P2m3l83/tlXF6xZ+df3E0/wC7klm8yH/prVPTbyezikgxJ5kU3mUe0M/4x2GpTzw3X2K3ufLuLX95D/01rpPDXjCDUv39jB/pEX/H5af/ABqub17WINSijvp4P9Iih8zzYv8AlrF/zyqTQYbi8uo76C38ySL93/qf/RtelhtTgq0/3RqXkP2y61TSj/10hl/55VzdnZ31ndSQX0H+jy/8tv8AprXommzQabf2+qz2MlzJf/8AH5/01rQ1Kz0qeLyILGOWzl/efvf+eVeksF7U5qeOVJ+zPG59SvdH1nyJ/wDj4/5bV0nhvWJ4RcQaJ/yyhi+2Wn/P1+9/1tbGpeD4NYv7yeCx/wCW3mQxf8tax9O8HXGj6/Jqtj+98qb/AFP/ADyojgZo6fr1E2JtNsTa/bp7HzY7WvM7yaeGW4nsYP3deyTQ38N1HB58csd1+8/1P+t/6ZVx+v6ZB9l/0GDyo5f3k1aVsFoZ4fFHB6bBfTWFx5EP7u6m/c+bVi0szNdXEGlD93FD5mpS11mj6OfsFvY2MH+qml87/rlWpo/w+1CK1fSYbP8A4+Zv9M/6a+bF/wDaq4vqTOmeOonF6NaQahdx2OnWX+jxfvJpv+evlf6qrGsax9jvLOC+g/0z/WTTV2ln4P8AJ0azPkeVH/rLyb/nrWHN4PnGvap9um/eRTRUlgqhH1ujUOf0H9zrUfn2/wDx/wCpf+Qq9Q03wH/aVh9h+w+VHL+7/wDjVZ+meA/+Jpbz+RL5kU0Uf/bKvQNS1Kezls7CD93H53mfuf8ArrXdhsF7IxrY06TQP7KvLqzn1a3/AHdr/wAS6b/yFFXsngPR9Ks9L1CewuI5JPJi/wC/Xm//AGqvmfR/F8/m6hpX+tt/7S8yvXPhL4wgspbzz/8AlrZ/uYa9PDexPJxL0PfPDRn02wknuP8AllD+5rzvWPjBBZS6pYz337u18rya0PGHxOg03w5p99YzReX5MUk0tfK/xI+IU82qap5F95Xmzf6r/nrXbUqUaRw06ftj0j4kfFqf/hJNDnt77/R/7NikrY8S+L/DninQrjW/DvlSxy2cUl5/0ylr5fvPGF9qWsyQX3723is/Ls67iz8ST6ba2c+lf6uWHy5rSuanjaNU7Vgg1jXofG0Vxb3EH+mWv7yH/prFXnesWV9ZTfuJ/Mj/AOWMM1dp/oUMsf2GfyryKbzIf+uVU9Z0643x2Ig823l/8hS1xVNzupexpHcfsx69Po0vnzwSf6BNFHDF53/PWvrTUrM6lotxqsHlSRyw18f/AAHmvvCuqR2N9/rPtnlzQ19WQ6kLzQY/In/0OX/U/wDTKtMN7Y4qlP8AenJw69e/vJ4B5tvF/rq6zwTrE9p4cj+3N5sd1/qf+mVcvNZwWcUkEE/7uWH/AMi1Y8N6x9jsI7GeD93F/qa7lVCpTpOkeoab4w/sWX7f58Utv/zxrUvPHmh3lr59jY+V/wBNvJ/1VeTibVZtVj8//Rv3Nbmmzf2b5kE8/wBmj/5bRTfvPNr0aVXQ4fq3tTtIfiFPNa+Rffvf33+urP8A+EqvoLryNKuZIv8Ap0rj4dSns5bgWUEdzH/zxrP1LWb7zZJrGx8uOKH/AFPnf6qumnVOb6sfWHwT8bX955djPf8A2byv+2leqTeNrGEeR/bkUv8A02r4b+HvjbVvDf8Ao8F95vmzfvpq9Q/4Wb9s0v8A4lUEkn/Pab/nlRUqmf1Y+gNU+I+lf8goX3myed++lrm9fm+b7dYz/wCt/wBT5VeR+GvFM+m3XkTw+Z5v7z99XoGm+MIPtUc99/2xiipHKXLO81yzi/6aV0mm+JdcnsI/t0H+tqvDr3hyb9//AJiqveeMIJv+JXY2MtzHF/02oOer/FNC88VTwnyIKw/EmvfbJf8AX23/AH+qvrGozXtrxP5UlcHr2pfvZLGCf95QaqmWNS8YfbLqSCepNNmt72/t7DS5v9b/AK6uP/06zit7GD95JLN++ruPBOm/Y5ZL7/v9LQRP+IdpoNn50XkeR+7qOa8ns7+TDfu4v9dVyHU9Ksvs+Z/+mlU9SmE3mX0H7ySWgirsU9S1LybXz/P/AHdR/wBvfbYpIL3/AJZQ1XhxeRSQf6uT/WVj/bP+W/8AzyhoOKpTfsSxpt55N/IYP+WtbkF5BN0rg4dY8mWSCtiHWIIYo7eg82qfi3ptn511JBY/89ov9dXQWdnfWeg2dx5H+tml87/plWf8PILGBriCfzYpJYfLq5/p2jxfZ7GCSXyofLmr8mpUj9sqUynqU00V1HBYzfvIqkh1KCa68gQfYbj/AJ7VY1jWPDmpRfboP3V5F+783/nrWPeTCaLyJ/8ARv8Alp5001a/wwpR9p/EAXn2zVI9KvrfypP3tZ80N9Z+Zqp/1kVXNNhnOqSXxg8zyof3Nak3+qjuJ/K/0r/lt/01opU/anR7X2Rl6bNPNpcfn/8ALWus8N/2ro/2j7DffaY7rypZrv8A9pS0f2BBDdSaT9g/0P8A1kP/AEyrrPB+izwxXHkQfu7qaLzof+uVexhcN7xxV8T7p1nhXQbg6Z/p1h/qv3kNcv8A8JVB/b0c/wDy52Hm+dDXonjya+0DwPHPpXlxW/8Ay2r5z1jXp/NuJ7C48qOWb99DXtVatHD0TwKGHeKrHoh8YfY76zngg8yOKaX99FUl5rGlXEUnkTxeZf8A7ubyYa8zs7zVdS/0G+/1f/LGKGuk0eEWd3b6XcXFt/rv33lf6qKWsqWJ9qaVcE6R2n+nS2EmlarY/wCkRQ+XDLF/1yrm9Hmvv7ZvIL6COSO1rtJYb7ytPvhqv/HhDL++m/5a1h6mOLj+y/Kl82aKS8i/7ZV0+zM6f7ojh8PXA1TT7Ox/dxxfvLy7/wCuvm+V/wCiq9A8EzaHNfxzwWP/AF2ml/8AIVYemzX3iS1vNKng8uSXypJvJ/6ZVJrHiSDTdFs/sN9HHHL/AK7yf+ev+t83/wBFUfug3K82pW8Ou/8ACOzwf6Paw3Un/wAai/8AItXIPDWlTa99ugsf3kvmx3n/AJC8qvO/+EqvrPWtQ/f/ALyWauos/Et7Z6Np5gg/eRebJ/21op1KNwqU6tE6TwHqUEXii8sb/wAvzLCz8vzv+esv2r/41/6KqT4kaDPo9jHceR+8tZpf+W3/ACyqn4Ps55tTk0S4g8zyrz7TNN5P+t83/wDe10mpQz6xFbzziXy4v9dD/wBdYv8A7VWxn7Q4f4eeGz/whFxrk8H+kfbIv/RtdR4bmn+3yQWP7qOKGX99XQeG4bGb4c/YZ7HyriLyvO/7++bWXpsV9qVhHfwf6u6h/ff9cv3sstY+y9kDre20OX8VfE641Lw5qmlefL/osMXk15HrGsT/AGq40PyPN83/AFNdR/Y0/m6x+/8ALk/tLy4ay5/DlzputWeoTP8A6Rdfu/8AP/f2vNxFStVPRw1OjSMeaz1WGw8+D/SZIv8AUzVqWfiq40y10u3n/deb+8m/6ZV1kPgMw+Xqtj5vly+VJDWH4r0exh1T7DPb+bZ3U37nyay9n7I6v3U2SXn2+zMcEB/6aWc3/TKu48E+JND8VWseLGSxuP8AV3kP/PWuHF5Y/u7Ge4l/0X95ZzRf8tf+mVbGg6lBNNHfTwSx/wDPGL/nlWtKpVFVwx6p4Q8HQalrMl9fQRR3HkxSQ+TXeaPrGq2d19n/ANWf+W0NcP4V+IR0eKP/AFUscUPl1qXnxI0qaKO+sbH95Xoxq0qaOE6zR9esby7vLC+ni/df6mWtCXTZ7zy4Pt3m/wDPGWKvH/7fgm1mSfz/ACvNm/1tdp4I8bQWcUkA83y4v+WX/PWuf2p3UqdFnqnirw5Ppml28Hn/AOkSw+Z/01rl9S17VZrqzg8nzI/J/fUXfxIude/s++uL6L7PYfu/Ni/9q1Hr+pT2V/JqtiPNjl/11d1OoGIw1OC0K+szT2nlzwX37uWb/W/88qP+Ewvpoo7i4voo/K/10sUMVGsXljNFZ6rBBFFJFD5nlf8APWuX168ngiksfPi/65Vn7WseT9TlU3Ni88VX0Ws4xH/x5/vpof8AnrXYfCy8+2apcWNjfyyRxeVJ51eHza9fWes3EGP9Hupv3NegeCb2fR4vIuP9Gt/9ZNWlOqVHA/uj2ifxUJo5IPIto5PJ8yGXzv3tHg/4w/2xL/p3+rtf3fm15f4k8SEyxz6VP5Xmw/63/nrWP4b16+hl/smGf9553/f2vSpVTz8TgvZH1BZ/EI2dr5/23zPNrY034keHJv38H72SX/nrDXhdnrGqXlhJY65BH5f/ACxmq5o+sf8AQKn8zzf+XuWtzzvZM9sl8SaH5skE/wDy1/55f8sq5fU9Ma817/QP3X7n99/01rm9H16CGWSe+/8A3VR6x8SJ9Il+0WM8UscX/LagR1mYNMv/ALDbn95F/rpauXnxCM1rJYwQR23/AFxryeb4nQal5k99ceXHL5UlUtZ+JE5lj8gRx/uf+e37qWp9oP2ftD0XTfi1PNfXEH7yS3roNB8e/wCleRPP5teN+Fdf8m6uPJg/1v7zyZa3LPWb7QbW3sIP+Xr9751HtDLE0j1SbxtpXm/YfP8A3f8Az2qnNNBNFcT6VfeZ/qq8n1LxVO11/qP3cv7yo9H8YarZ38k//PWb/ntWlOoZ/ufYnpn+pi88/wCsqxDrEE37jz/9VXF6l42nvIf/AEdVebxhBD5fkVseRUpn5h+FrwwX/wBun/495Zvs1dB4k0zNp/xKbj/VfvPOrn/JtrO5t7CcSfY7r95XaWcPnWFvPPB5cdrB++8qH/W/8sq/LKdI/WptP94ed2cMGpCSeeCWOSWo9N/49fIvp/Mj/dSQy11F5oP2Oa3ng/1drWHPZwzS/aNKn+zXH/TWs6lL2bOmNU2PDcOiTfuPt0sv2r/pj/ra6zWPDZmsJPPgi/dTfuf+utcPoU3/ABNI57ESySRTRedNN/z1/wCmVd5qWvQTWElj/rf30Unk16OC9jY4cT7b2vuFjUswy2+uef8A6r/j8tP/AGrVzQfGE9nFJi3ijjl/5e4f9VLRr32G8u7fxVBY+bb+T++i86s/TZbGby/P/eWcvlfY4oa7aP8AHOerT9rR1O48e3k8Pw5knnn823/5YxedXz/Z3nnR3H/PS6/1Mv8Azyr2TxtN53g6OD/lnLN5c0X/AFyryfUoh5Uf9k2P7vzv9TTzEMDClRK/9mf2bLH9uvvNj/5411Fnps5sY9VsYIra3upv+PT/AJ5eVXHzXk80scH/AD6/67/prLWpF4kvporfzfK8vyf3P7muKjUO2p+9Owm8YareXdvfWNv5kf8Ay2tKIdeg1KWSfQ7GK2k8nzKpwzz69Lb+Rb/Zri183ybSL/lrVPWL3ybqOeyniijlh/1MMP8Aqpa9L2rPN9kbGj+KtVhutUvoJ/8AVQxf9ta1PEmmf2l+/gg/79f88vKrn/Dnn2cX2GeDzLe6m/ff9Mq9AvJp5tLs7iCCLy5Yf30sMP8Arf8Apl/5CrSn+9M/4VY8js5r688y+g/1kU3/AH9r0jwTNND4bt9Vng837fNLJ5P/ADy/1X/22s+z0GCG1uLH7D+8imirqPB9n50P9lweVJHFD5ln+5/55f63/wBpUUqX740xGJo1DrPh5aH+1bi/8jzf9DtZIf8A2r/7SroLKCezv49KvoIovt9nLHZ+V/y1/wCeVaHgn/iW3VvP5H7y6s5ZJv8Apr/zyqPUj/xPv3H/AB8WF55n/XKvXp0jzixoPgK+02LUP+Xm4is4rmHyf+WvmxVyegQ32my654H3Syx6XDYR2f8A21luvNr1T4b/AG6HXfEnn/8AHvLN5cPm/wDPLyq4vUvDfiPw34t1CDSoPtMl1eRed51FXDF0/Y0zi9Y+G9vpuq6XBqv/AB7yzf6ZL/6Kqv4q+HtjDpdxfQQSSXlh/pM0v/or/wAhV0Hj3X/9AvLea4+02dhqVr9shh/5ay/88v8A0VWX488eGz8EXGiW5i+0RWcX7mH/AFvleb/qq5qlGnTOqlUOD17x5PoOqaH4qg8q5t/9XqVp/wAsqseMLPQ9e0vz9Dg8y3uv3lnN/wA8q5fxVZ32m6pJB5H2nT4v3f8A8arQ0HUv7NsLOCD91/z2hi/5a15tXc7ZQ9ocX519qUskEH+stf8AyLVzR9fvoLWSe+/54/uf3NamsQ6VeS3kEB8uSX95D5NU7yGfyY/IMtzH/wBMa8yp7Y6KmxoWfiCeXRpL7Hmx/wDPGrnhv4hHR7r9xPLJ/wAs/wB9WHN/ZX9lxz6VPLF5X/Pb/lrVM/bZpY/Pt/s3/PHyYf8AW1Htaxn7M7SDxJYw3X2eeeL97NR4J8beI5vEd5Y2F9+7i/5bed/yyrzvWLyf7XJfQf6uL/U/9MqseCbzVtAiuBB+98395NNLWsK7Rr9Xpqlc948N/GCx8P30fkWNtJHL+7mimqvefFSfUtUuIIIPsUf72OaGKavN5te8mL7dpP8Ao1v5P76WXypPNrL1jxhqt3rMnkfvP+eP7n/W/wDTWuz68M9c034nf2lYSQT337yL935s1akM1xeRSX+h659u8qH9z/z1irxfw5NNpsUdjPN5vm/vJpf+eVegaDr39m6X/wASqCOP7V/y2m/5ZVrSxPtQU6PU6zTZoLzUI4PIjlji/wBdL/z1q5r+vT/YJIIL7/Vf8ulcfqXjAzRRwQ/uo5f+W3/TWq82pfbYoyT5Xlf66Lzv9bXbSqjq4mjTj7h0kPxI+2S+RqsHmW/k/ufO/wCWVSQ+Np7z/kB33m+V/wBsq483k4iuIIBFLH/yx86GiGGezupLiD93JdTf66H/AJZS1006p42Jq+1PVNN+M2JY/t08nl/6rya6zTvG2hzRfbvDuuRR/uf+W3+trweYzw3UdvfweZ/y086rmj69P5v7j/tt/wBNa6aWJOGofRGm+PLDWdCjg1W++zSed/rqy9Yhnhi/fX37uX/UzQ15fpviTyIo4PI8yz/9FVuf8Jt5Hl/Z/wDj386tfas4qm50F5Z315H5EE/+kRQ/vqy/B3iS+GjSQa4f9V+7s5auTePLDUoo54LH95F/rpaw9S8SQQyyf2V9mubf/WTQzVy1aoqlT7B3Gg6lPDdR2+f+mkP/AE1roNY8SQXlr58F7FJJ/wA9v+eVeN6b42n1KWSx8/7NHFN+5m/9pV0EOsQWcX/PPzYf9VNN/rYqdOqYey9qbn/CVTzWsl9P/rPOoh8VGaLyIJ/+21cfNqV9DYRwQeVLHWfZ3l99vkg8j95F5Xk100qpzVcMesQ69BqWjeR/y0rLh8SH7VJ59Z8M09nYRz/6rzf3c3m1lzalBZ3XkV0+0OH6sfKetaE17q1vpcHez8w+d/yyrY0HUre80a40Lz/3kVd9+0f8GpvhRr8Wm2L/AGmeS18yZ/8AV+VXi9h4hs7DUyyeb/pA8uL9zX57UqUcJU9nM+2yjMIZrhY1afwG9DD/AGla/wBlTzxeZ/6Nrl7PQb6G6vLH95/0xq9oXiLSDfLcASoU/wBbLJD+7rvrjwb4k1Cws5rjwrLJcf2PLqM13aTRf8ev+t83/v1Wf1nB1ftnq/WI0JWPL/Cs0/2+8g/1ckX+prQh1K+02K4nnsZfLihljhmrYs/DcF55eq2EF75l1+8m8qGrniSGxm0qP+1fN/ew/wDLH/nlW1Kmjb2tKrMp6DrP/FJWcE/7q48799NVi8hvtHlt/wB/H9jl/eQ+VWfps0H2COxvrfzY/O/c1uWepQWcVv5Bj8yWHzPOl/e13UqZzYk6DxJNqt54XkE8H7uX95+5ryuG++16XqC/6uT91H+9/wCmVegXniT+0tBjsbGeSL7LD5k3k/8ALWuH1jRoP3nkT+XbxTRf9sqMTT9qZYamofGZf/MLjnnt/M83/ljUcM0HmfYfI/8AtVdBZWf9oRWZnt/9V5slYd5NBDadP+2UVcXs/Ynpe0R0kN5PDr0c8F7FF5sP7mrg0HVdN1STVjpUnlyw/vv+utc3oPn3fiST7PB5nlTeX/1yr0TxteQaPpdvpWlQSS28s37799+6lrsw8PaHPUpXM/QdSsbO/wA64PNt5f8AyFWxqWpT2fl/Yb6Py/Oi/wBV/wAta5ODxLY6lf25+wfZv+Wc03nVl3mpTQjyP3v+p/fVtTqWFUw56hqWswWWqW/n/wDHvLD5k1dRo8+h+V5GlX3+thlkhlrwfR/GF9NLeaVcT/6r95DNLXonw91Kc2vkQfu/ss0vnReT+9/1VdGGxJxYjAnaXnxUzayeRPL5lhDFH5NbGg+O57LxbqE/+tt/3UnnQ14XrGsX1ndXggg823lm8zyZa7T4D+JILy1vINc/5a+V++/56y1rHE1bmX1H9yfYHwBs4NZ0q4vtcg8rzYa0NY8E3FnqkljPb/6R9jlkmm/65VT+HsE8NjHbarceVH5P+tl/1Xlf9Mq6yz1ODUtQ+wwT+VHF/qf+msVe1ShzI8X2cqVY8H8N/D06l4S1TxHPpX+kXWsf/aopf8/88q8n1f4e+I/B+qXn2Gx+0yRTRSQ+d/2183/0bX3ZF8MobK2jg0qDy4/O+0+TXL+O/hvYRSx63/ZMcUl1DLHeeVD/AKqnUwx0UsaqR8P+CYbjxJL4o0vVYPMuIoftNnN5P/LWKuH+IV7qvg+/t/3En2e6/e2f/TKvrjw38DZ4bSTVf7Kljk+2S/8AfqvP/jP8Gf8AhJItPnhsf3fneX+5/wCutebUwdQ9OljqXtT5f1e9v9JsNH1UeZHJLN/7VruPCd5/wsK0vLL7DHFqn+rmtIYf/Itdh48+EpvPAcl9PB/yBvKjh/8AIVbn7Mfw8ngurfxh9h/eS/vf9TXmwy2t7U7amNo1aZ4fqdnfaPdf2VP5cfm/+jasabpuq6bdSWN9/wA8f3M1dR8YNGg/4W/eaVPYxSx+d++/6ZS1n6lr3nWEmlX1hFJcRTf8sf8AnlXJicM4HTQqxdMx7zUoIbW4gvrGKKSL/XVTn/4k+g3EEB824v5oo4Zf+mVZfiTUoLyXyILGK2ji/wBdFD/zyrU8K/8AIUjsZ4P+PWaKPyv+2Vef7Q6f3NjYmP2PQbOxuIPM82sv7ZbzXX9lTwfZpP8AnrFXQal5Fn5fn/vf9b51V/Dfhuyhlk1XXf3ccs3+umpxp1WcSnSZoaboI8m3gvv3UcX/ACy/561J/bF9/bP9hz+b5d1/zx/5ZVTi8SDxhrP2c+b5dr/qf+mtdRDows5f7c+zxfaPJljm82uyl/07Mqpnw6xBDLHYwf6TH/q/30P+qqOz16/h1r+ytV/497X93DWxrHhuyhl/48fLji/5YxVj6xZ315ql55H/AD28zyf+esVdJzWp/aNT7Z9j1Szz+9j8n9z/ANNa2Lyaxn0b7dpNx/o//kWKuLs5p7zT5LGceb9l/dwy11ENn9iit9V8/wDdy2f76u6mcVSl/wAvCnpuvwaxF9g1X91J/wAsZqPOvtNv7jP/AB8Rfu/+utU57P8AeyafBcfu/wDljUkPnwzRz288n+lf66u2nsZ/uTrPDV59s8zSoIf9I/6bVXm1LVYb+SAwf8ev+uiqv509mLfz5/L8r95DVPWNYvjdST2MHmyS/wCuo9qjl9gaF5rF/ZxSTwTySf8ALTyqpw+MPOlkgnsfK83/AJa1Tm1LStYi/tz7D5VxFD/qf+etY95qXnfv4P3Uf/PL/lrXk1KpUMN7R+8an/CSXEN1Hb2F/wCb5v7yuo0XxWNd0aOfVf3X/PnN/wC0q8zsry403VJOP+W37nza6T+0b6H9xpWlRXNvF/rrT/lrFWtOobyw1vdOsOvH7fJBff6v/ljLWxZ3ljZ+XP8A2rHcyS/6n/plXlc2vTal5lz58ttJF/yy86o/+El8mX+yoJ/LuPOl/cy1pTxIf2c6p6Ze/Fq4vZbix/1sf/Laj/hJILyXyPPrzP7Zf/ZZJ4PKl83/AI/K2NN16CGwjg/1cf8Ay2o+uHNUwJvft0eKtc8beH9M8d6gsMbXtpHERENleFeCJHttS0q3tru68ySC+/49pOlx9mk8ry6+v/jt8IofHenaJ4I+FPjDTNZ0m6T/AFOo6xYabfW/m9YvKluq8P1b4HJp/i8+IPCl1pOijwldSR3dpqfiG1l82WL/AFksUn/LX/rl+9r80r08VjF7Uy4RxWDpZVCj8O//AADxfXfGurX1nDaw3jlJLb94ZHknP+tk/wCev/tKux0HxdbeIIdV8Ty6dZabFbeGpbBws0g3zy/uv+Wsssktbnwc8MaPaa+vjrxnpEcOnR2F6tvHLD5nmSxQny//ACLiuBvdB8T6ld6kum2ckdvdXMm+KSbyq5JYSuoc59dCvhcRN046cvUyj8S9Zm02GxsJfKjtf9ZKP9ZLW8uvX3/COR6437yTzvLh82uf0/wTpumTSWPiW9vLWTzP+WVp5n/tWtq+bQ4/C1vpGlX5ePTJ/Pm81fL+1f8APOvXwNasl7501I4Z6QL2m6jbS3Mlkev9m3Ul4P8AprRZ69f/ANjx+R/zx/c1S8R6vHaaJaaXpc/zy6d5mrXMUP8ArZZf+WVUdLvbzSNM0+5QeYN3mV7dPGnHKl+5Osubn7Mov/tMsUb6j9nm/wCmXlRVStNaF3DJYi08vzbT/Wy/62WWrGq3cD+Gbf7KvmSRwyyXPmw/8tZf3X/f2s2DUJLDWbi+8iT7PdTSeTKIf3kv72umlWdzlgi1/aXky/Yft3+q8399N/z1rHm024i1mSCx8vy4oZbisu8vJ/7eknn8z97NXoHwO8E6r8VPinp/gyCWSL7feRRzxeT5vlWv73zZav2n1iryHoxp8i5zm9OM+jx3E99PF9suofMmh/55Vc1LXp7z4f6fOJ5PtF1efvv+mVSfE6GxvPF2sPBBLHby3kskM3/LXyv9V5X/AJCrPhmuIfDlvYzwfaf+eP8A0yqlUafszX9ybmjeG4NS0+z8j95Jfzf6qH/plVP4kQ2+m69HYwr/AKRF5sc3/PKtDQNbOkaXHpWh+Z9r1OHy4rub/ll/z1/9FVwfiTUp77xHeX8AlrTE/u6RzYe86xY02ynhiuNcn/1f2yKOvRPhv4ovob77FPBF9oi/1M3/AD1i83/7VXHpZ2o+Hce1JP3uoxRfvf8AyL/6Kqxo+vnTIpfFU/m+Zfwy/wCf/ItZYZ+zN669oXNS12xGoXmhzzyeZ53lwy12HwZ03Vf+Eot9Ct7iKK3sPKk1KWvH5vPh8R/8tJZJfKkr2zR7OfR/hzeeKtDn/wCP+H7FNd3f+t/1X73yv+2X/o2tadX2tYipalS0PRNY/aLgm0u40O/8SSy3Fr/qZof+WUX/AC1/dV6p8B/j9B4kGj6rcGKXzYfLh/6Zfuq+V/FXhvw58PfAenwWVjc3Nx4jhl87ULv/AJZf9cq0PCvj3XPg1Fp8EEH7uKGKSHya78NmXsp2mcuJw1KdG8D9PNBvTqWjR4/1f/Laatz+wdDvLWPyJvNj/wCm1fNfwH/aE1Xx5pen6JP5kdvLD5k1fTng+axh0v8A1/7uWvolV9tSufJ1aX745vTfB8Gmy3kBg/0OXyo4f+uVcvrHwY8K3ml3EH+tjlm8z7J/zylr1iazt/7L/sr/ALaVn3mmwWcuYK2WwU6p8x3nwenvPCUnhzUP3vm3nmTf9cq5vxLZ6V8GfhfeT2P+s8n7ND/21r6I+LWpaV4btf7Vghi/48/M/e18R+MPiFcfGb4tR6Hpf72zivPL8mX/AJay+bWiVGBl7WszL8d+A/O1DVPHE8Hm+bDFczS/88v3UXlV4HNqU8OvXFv5/wDy5y+dL/01r78+P/w9t/Cvwl/sOAfu7/8AeXk3/PXypa+B7zR/7N1nULieCXzIoZYoa+fzul7NHtcP4p13LnM/RzZXssfn/u/Nm/8AItXPB899qfxRksQP+W3+pqn8PYoJ9Z+z6h/y1m8z/U/8taueA9Thh8eah4jv/N8zyZfJr5KlTPqXy2kbmsXw824sftHmyRf8ta5/WPG0+sRR2M//AB72H+po02aeHS9Qvp/N8yWby/8A47WXrGm/2bax28B/1sNFSp/IZ0KdGCOg8Kz3155eq/6rzbzzJv8AyF5X/o2vaLO8gvP9RB5f7nzK8bh/c6Xo+lQeb/rv9Ml8n/lr+6r1yymNnpdnPYQSeZ/q5pa9LCnk5kV9N1K4m0Lz5z+887y/+2VZfnX00X2Ge3/0j/lzli/5a/8ATKug+yf2bYaX5B8y3lmlj/1NU9S002WqR+RBJ/rv9d/21ru9mecWPh74Jg13xHeWNxBLbfuZZPK/6a+V5tY+m6xfTaDcWM/+ssLyKOH/ALa/63/2lXceD9Y+x/Grw3P5EsVvLD++/wCmvm+VFXJ+NtMn0Hxl4g+wweV++l/df9Mq0pUzT2v7r2Zl6xPPpt1H5A/d1Yh1KxvLD/R5/Kjl/wCWX/PKs/Up57y1s57D/j4tYf8Alr/11qnDqX2K1+0Qeb/pUPlzf9Mqoy9n7U1P+Er86wuIL4f6r/Uy1lzXghPkQT+ZFL/qZv8AV+VWP9sn02WSADzLeWb/AFVZepXk8N39mg83y/OrkqVTppYY6Dzrj95597H5n/TKs+z8ST6lLIdVn8qSKHy4Zqpz3n2P/ToJ5fMlh/fTVT86+021/cDzLeX955U1cVSqdNLDG4019ZzfvzFJ/wAtIZq6jTfFXhya2jn0kfZrj/V+d/zyrzP7ZPNqscE88v2eX93VibUoNNk/cQSf6n/W0fWTpqYbnO0mmsdY1DyJxHFeRQ/vpv8AnrWHrGm/2bqEc888v2iX/Uy/9Mq5eXWNWsr/APtWwnl8uWtSbxJfdP8AWebD++hl/wCWVH1o6adL2dI6jTbuCGLyPt37z/ntFUk2sXEEv2GcxSf9Nq4uHU5zF9ug82KOiHWL7TfMH+t/5aQ0e0RzVMMf/9k='}}]}], 'model': 'qwen3-vl:8b'}}
2026-06-26 15:27:38,281 [DEBUG] ThreadPoolExecutor-0_0: Sending HTTP Request: POST http://localhost:1234/v1/chat/completions
2026-06-26 15:27:38,296 [DEBUG] ThreadPoolExecutor-0_0: send_request_headers.started request=<Request [b'POST']>
2026-06-26 15:27:38,358 [DEBUG] ThreadPoolExecutor-0_0: send_request_headers.complete
2026-06-26 15:27:38,374 [DEBUG] ThreadPoolExecutor-0_0: send_request_body.started request=<Request [b'POST']>
2026-06-26 15:27:38,437 [DEBUG] ThreadPoolExecutor-0_0: send_request_body.complete
2026-06-26 15:27:38,452 [DEBUG] ThreadPoolExecutor-0_0: receive_response_headers.started request=<Request [b'POST']>
2026-06-26 15:27:43,897 [DEBUG] ThreadPoolExecutor-0_3: receive_response_headers.complete return_value=(b'HTTP/1.1', 200, b'OK', [(b'X-Powered-By', b'Express'), (b'Content-Type', b'application/json; charset=utf-8'), (b'Content-Length', b'2068'), (b'ETag', b'W/"814-xNshmK6aHfHixPSRiDAqIb3zAgk"'), (b'Date', b'Fri, 26 Jun 2026 12:27:43 GMT'), (b'Connection', b'keep-alive'), (b'Keep-Alive', b'timeout=5')])
2026-06-26 15:27:43,912 [INFO] ThreadPoolExecutor-0_3: HTTP Request: POST http://localhost:1234/v1/chat/completions "HTTP/1.1 200 OK"
2026-06-26 15:27:43,927 [DEBUG] ThreadPoolExecutor-0_3: receive_response_body.started request=<Request [b'POST']>
2026-06-26 15:27:43,942 [DEBUG] ThreadPoolExecutor-0_3: receive_response_body.complete
2026-06-26 15:27:43,957 [DEBUG] ThreadPoolExecutor-0_3: response_closed.started
2026-06-26 15:27:43,973 [DEBUG] ThreadPoolExecutor-0_3: response_closed.complete
2026-06-26 15:27:44,004 [DEBUG] ThreadPoolExecutor-0_3: HTTP Response: POST http://localhost:1234/v1/chat/completions "200 OK" Headers({'x-powered-by': 'Express', 'content-type': 'application/json; charset=utf-8', 'content-length': '2068', 'etag': 'W/"814-xNshmK6aHfHixPSRiDAqIb3zAgk"', 'date': 'Fri, 26 Jun 2026 12:27:43 GMT', 'connection': 'keep-alive', 'keep-alive': 'timeout=5'})
2026-06-26 15:27:44,020 [DEBUG] ThreadPoolExecutor-0_3: request_id: None
2026-06-26 15:27:44,035 [DEBUG] ThreadPoolExecutor-0_3: Raw LM Studio response received for F:\kuvat\test\1f1f9f7188ca462e91e0b024a2cac3e8.jpg
2026-06-26 15:27:44,327 [INFO] ThreadPoolExecutor-0_3: Successfully tagged 1f1f9f7188ca462e91e0b024a2cac3e8.jpg with ['Meme', 'Sonic the Hedgehog', 'crucifixion', 'religious parody', 'suffering', 'dark humor', 'cross', 'blue hedgehog', 'video game character', 'melancholy']
2026-06-26 15:27:44,343 [INFO] ThreadPoolExecutor-0_3: Processing 5cec0a23838340d7b1b3cfb8e9bf59af.jpg
2026-06-26 15:27:44,421 [DEBUG] ThreadPoolExecutor-0_3: tag: Software (305) - type: string (2) - value: b'\x00'
2026-06-26 15:27:44,437 [DEBUG] ThreadPoolExecutor-0_3: tag: unknown (40094) - type: byte (1)
2026-06-26 15:27:44,437 [DEBUG] ThreadPoolExecutor-0_3: tag: ExifIFD (34665) - type: long (4) - value: b'\x00\x00\x002'
2026-06-26 15:27:44,607 [DEBUG] ThreadPoolExecutor-0_3: Requesting tags from LM Studio (qwen3-vl:8b) for F:\kuvat\test\5cec0a23838340d7b1b3cfb8e9bf59af.jpg
2026-06-26 15:27:44,701 [DEBUG] ThreadPoolExecutor-0_3: Request options: {'method': 'post', 'url': '/chat/completions', 'files': None, 'idempotency_key': 'stainless-python-retry-24185c95-164d-487d-9854-8f5eb2fcfb6e', 'security': {'bearer_auth': True}, 'content': None, 'json_data': {'messages': [{'role': 'user', 'content': [{'type': 'text', 'text': "Analyze this image, which could be an internet meme, screenshot, artwork, or photograph. Extract 6 to 12 highly relevant keywords. 1. Always include the image type as the first tag (e.g., 'Meme', 'Screenshot', 'Artwork', 'Photo'). 2. If it is a meme, identify the meme template/format, the main subjects, the core vibe/emotion, and 1-3 key words from the text. 3. If it is a screenshot, summarize the main topic or software shown. 4. All tags must be strictly in English. Do not use any other languages or alphabets. Return ONLY the comma-separated list of tags. No introductory text, bullet points, or quotes."}, {'type': 'image_url', 'image_url': {'url': 'data:image/jpeg;base64,/9j/4AAQSkZJRgABAQAAAQABAAD/4QBIRXhpZgAATU0AKgAAAAgAAwExAAIAAAABAAAAAJyeAAEAAAAAAAAAAIdpAAQAAAABAAAAMgAAAAAAAZKGAAcAAAAAAAAAAP/bAEMAAgEBAQEBAgEBAQICAgICBAMCAgICBQQEAwQGBQYGBgUGBgYHCQgGBwkHBgYICwgJCgoKCgoGCAsMCwoMCQoKCv/bAEMBAgICAgICBQMDBQoHBgcKCgoKCgoKCgoKCgoKCgoKCgoKCgoKCgoKCgoKCgoKCgoKCgoKCgoKCgoKCgoKCgoKCv/AABEIAaABoAMBIgACEQEDEQH/xAAfAAABBQEBAQEBAQAAAAAAAAAAAQIDBAUGBwgJCgv/xAC1EAACAQMDAgQDBQUEBAAAAX0BAgMABBEFEiExQQYTUWEHInEUMoGRoQgjQrHBFVLR8CQzYnKCCQoWFxgZGiUmJygpKjQ1Njc4OTpDREVGR0hJSlNUVVZXWFlaY2RlZmdoaWpzdHV2d3h5eoOEhYaHiImKkpOUlZaXmJmaoqOkpaanqKmqsrO0tba3uLm6wsPExcbHyMnK0tPU1dbX2Nna4eLj5OXm5+jp6vHy8/T19vf4+fr/xAAfAQADAQEBAQEBAQEBAAAAAAAAAQIDBAUGBwgJCgv/xAC1EQACAQIEBAMEBwUEBAABAncAAQIDEQQFITEGEkFRB2FxEyIygQgUQpGhscEJIzNS8BVictEKFiQ04SXxFxgZGiYnKCkqNTY3ODk6Q0RFRkdISUpTVFVWV1hZWmNkZWZnaGlqc3R1dnd4eXqCg4SFhoeIiYqSk5SVlpeYmZqio6Slpqeoqaqys7S1tre4ubrCw8TFxsfIycrS09TV1tfY2dri4+Tl5ufo6ery8/T19vf4+fr/2gAMAwEAAhEDEQA/ACbR5/NrQ0ez8n/X1sWdnb+VVj7H7frXGeOR2cMH+vrQ5lhqOGH91Vz7H+660AZc155P7ipNNvIJqLzTZ+tR6PZ+TdcwVoB0FppsE0W0VJ/Z1x6CtTR4IBF5FWJooIRWhmY9noM+akh8OVoWc3ky4FannQeVWYHPzaX5NU/sft+tbGpWnaAVl+TPDLQBU/s639DUV5ZwVsf2Z50VZepWf739xQaGHNpvnS0Q6D+6/f1ofY54jVPUryeGgCneabBCKy7zTf8A9dSXmsT+bVebUv3VZgU5v3PmVn3l5Vy8/fRZrHvIZzLJzQBcs5u9WIftEP7+s/TYZ+taHneTFQBHNNR9s9/0qveTedFkCo4O9BmWPP8Aaq83kVJ9tgx9nqneTQdKAK95BOP9RWP5M8UknNdJpv2bijU7SH/Cg0MOzn8mX9/Wp50E/Sse9/1o+tXNHm9aDoLn9p+R+4xVyz8iaLbWHqUBhl8+rmg3sH/HuKANSb/rhRZzCD/XitSCGCaLio/7Ng86tDnJIby3z0omvP8Alh5FH9m+TxUcMJ+1UARwwz+bVyHz63NN0eDyv39F5pvk8wVoZmPDNB/x7zmpPsfncVH9j8mb9/WpZwwQ0GhXh064hNWNNh7XArQ8qH0o/fw/6igDQ0eGATcCtSazgmirL06G4mNbHk+TFQZmPeVTh/c/6+DvW5Npv/Lway5rOeGWgzI/3E8v4VJeQweVUlnZiaL9+ar6ladoBQBy+pal9juvIqOHz5pfPqTWNNvvNk/cVT+x31nF+4/1dALckvNSns5f9RVzT/EnnRVz82sT3kXkT1Jpv2biszWoblnrOH8jNdRo/kXlcebPyZeldJo95BZxR5oLOoh0yD/j3omiMP7iq8OvQRcmo7zXoMVoZkl75FV4fI82qc2pedFWXNNfQyfuK0A7iHUoPKoh1KCbvXN6b9omh8+f91Uk00EMv/H9WczM7TTYYJuRUl5N5NcHD48g02X7OJ6km+IWlTRfv76g0OovdYgirL1LXoP9eDWXNrGlXkX/AB/R1j3mpQXEUkHn1mBuTePLGH9x9oog8SWN5Dj7TF5lcP8AY9K83E8/lVX1L7DZHz7DXPKrMD0CbWYJeBPVPUry38qvJ5viF5N15H9q1cs/FUE0X/H9QaGxr2pfvZKx4dYM0uJ6NS1KDy9p/eVj/wBvQY8n9K0A6yGaCaKjyYJ+tc3Z69BNXQaPeQUAXNMtPOl+9Vi803/9dSQ3ljmq95r8Hm1oZmXeWR82SsfUvtENdRDNBeVX1jR4Psv+orH2YHDzanP5v7ipLOaearH9jwed1rY03TbfyqkDPhmuIehqx9sglFF5ZwdIBVOaa3h6mg0JP7N+2S0Q6P5Ev7irFnrEH/PerH9vWMMWfPoAp6lps80Oa5ua8ns7qusvNSsRH58Arj9eg86WSeCtANzR/FWIv9fW5DrEE0Xn+fXmdpNNZV1GgXkE0XymsfaAdR/bM3/Pb9KJtSg83z6z4f8AVefBUc1550XkVQHUaP4wg/49/PrY/tL91/r68zhs9W839xWhFp3iObil7QDrLzU/Ol6VHZ6l+9rHsxfQy+RPBXQabpsE0UddJmH9sTelWLPWe84qx/wjnvUf9jeTxmgDU03WLeAcVsf2lBNFXL2lk3m9akvNSns6ANybWBCf9fR/aUE1cvDqX2yrEN55NBmaF7qXkzfuKsWc080X+orP0eYzXX+kV2GmzaVDF5ANaAc/NDY+b+/qnqWm2M0X7ierniTyJppPIgljri5dZn02/wDs89aAR6lpvkyyefBVOGz/AHvnwV1FnDBqVhVO8s4IT5AgrMDUmhg8qq8N55MvkUQwzzDyM1J/Y88Mv+orM0LlnVzyYJ+tFnZ/6LVjyfJi/cVoBXghgIxPWhpmjwSy+T5FU5oZ/Nrc0KiBmR6lZ2Nna+RXL3tnb3l1zWp4vvLj7XVfQYYJpcUAZ83g+CaL/ppXJ694Cvobr/XyV7ZDpsEMXn/8s683+JHirSrO68iswOLs9N1yzi/cX1ZesXniI/6gV2HhuCfUpen7utifw3Y/8t4KDQ8rh1jXIf8Aj+qveeKp/wDUT6V5teia74b0r/XiCsO802x/54VmB5vr+m2N5+/n/dyVn2cOq6b+/gml8uuw16zsfN/1FV7PTbGaL9/WZoYc2vX3lVlz+JL6HpXUalo8EMX+orHm02x/54UAZ+m+MJ4Zf39bFn8Qp65vWNN/eyf8865/U7z7HL5BPlVP7wr2Z65N8SP3Uf7+qepfEiDyv3F9+8rzuDWLGa1yZ6saRDYzS8T0e0JNDU/jZrmj3/7j97HXeeCfj94c8SaX9nvb7y5P+m1cv8Hvg/qvxm+Jdv4V0qxkkj/5beTXvn7Qn/BJ2ez+Gtx4w+FQkj1Cws/tPkxV1041J0jD2jOLgmg1KTzrGerF5ezwweRXyP8AD39rTxH8KvFEng74jQebbxTeX51fXHwf1j4c/HfRo5/B3jixluP+fTzv3tcRvcx7zUvNik5rn7zUpzL5DV6548+Bvjj4e+HJPEeq+FbmTT/+W03k15XDrGl6xLIbHyq0Az5pr7zf3NU7ybVYZsZlrtNH8NXBl4gqx4l8NwQ2nniyrM6Dj4bzVPL+0AeZH/zyqne6lPDdf6ii816D7V9hg/1lamj6Pcax5cC2/wC8lq/aAY/9pf8ALxmtTTdYgmi/6aVua78GfEf2Xz4NDl8v/WVxd5Z32gS/vrGl7MDuNO1KeGKrEM3ky+fj93XB6b4kgm/cTz+XXSWmvWNlFxP5kdUc51Fnr1jZy/MK1P8AhMND8nP7qvM5te0qf9/PP/5GqS38eaV/qLGD/ttVe6V7M9E/4SSymu/3H7yStzR9Y86L/UV5PoPjaxsr/wAj7b5kld5o/jCCG1o9oSdZ/bE3pR53nn9/PXJ6l42sf+WE9Y8/jaDzv3FxVGZ6RDeQQ/6+eo7yaxm6T15nD42879x59XD4wnh/cVftUB0k15F9qo+2fvf9fXLy6xcTRfaPIqTTdZn6eRWftQPRNB1Kx/5biukm1LSprXz4K8z0GDVdSl+zwQV0E2m6rZ6f55glrppAbE2u2M0vkXxrl/GEMB/f0Q6n53mfaIP3lY+vXk/2WStDM0PC2sQeaIPO/d1uXkME1eb+G9X/ANPxO1egG8gmtelZmZYs5v3vn1q/2jb+prGs5rCaLyKJf+nf8KzOg0Ide8m66/u63NNmgli4FcXCZ4Zc7q3LPUvJi8igDQu9S8mX9/VzTdSsZov+PgVx+sXk/m1X0HWJ4b/yK0A6zUtO+2XP7ipIdM+x/v4RViG886wzis+bXrfy/IoMyTWPEk8NhJBBXzH8d/iRfaDrP7j/AFlfRl7qUH2CSvL9N+EulfGf4q6f4Vng8yOWb99WVT2oVNzm/g/8TviNeaN/at/4H1KWz/56+TWxr37UNjpt1/ZU+lXMckX+u/c1+pnwl/Zd+H9l8ObfQz4cjjt4ofL/ANTXzP8Atjf8Ezdc8b2tx4k+HMEVtJ/rP9TUGZ8b3n7VHg6GLyPsMkklcXqX7WmhiXyLHSr2T/rlD5lU/CvwT+Jur/HiP4LX2hyRXHneXNLFDX6sfBr/AIJa/CTwr4Ms77XdJiluPJ/fedDWi9iHtK1T4D8r9H+LWueKrr/iVeDr6X/pj9jlirQ1jxh4j0fy5r7wPqUX/bnX6uQ/sc/DPw3defpXhyL91/y28mtDWP2dfhX/AMIlea54x8KxSx2tnLJ/qf8AnlWnsv5Q/fH4/wAPx+8HH/QdVn8qT/njVeb4teDpuLHVoq4/9rr4/fCTWPj1rmh/D/wrbf2fFNLHNN5P/LWvJ5te8OXlpmx0qWOT/rtXNP8Ad1Qp1T2T4kfFrw5o9h59vrkVeP698YP7SlxYz19qf8Er/wDgjnof7dXmfFT4m+MbmPwnYTeXNFaTfvbqX/nl/wBcq/Sjwf8A8ESf2A/htLb31j8MftNxa/6ma7m82j2Z0071aR+Aej/Ei+h7yS10Gg/FOeHzPPEsn/PGv3w8bf8ABFv9iX4wXUmt3/gCOyuJYfL/AOJd+6r5z8E/8G7uh/Bj9qvQ/iNB43i1fwXFeeZNpOow0fVg9nWPzr/Z0/bY8R/sx+OI/FVj4Wjuby6h/cxXfm+VLXpniv8A4KNf8FQ/2loZNJ8A/By503R5f3c0uk6bLL5sX/XWWv2E/a6/4Ja/Af8Aao8E2fhWDw3pOiXFreRSQ6jaabF5sVeyfCz4A/Dr4J+A9P8AAHg7w5bfZ7CHy4ZZof8AW10r90L6nW57n8x/jD9jP9pr4qXV54q0v4La3cyRf8fkv2OvH7PQfiN8MPFPkWE+paJqlrN++i/1csVf1wTfDzwdNpcmk2Oh20ccv+uihhr89/8AgrD/AMEivh/8TvhzefGn4cWMdl4o0v8Ae/uv+XqKsqhXsDb/AOCNvxovf+Chv/BO3xB4F+KljFJrmg3kui3l35P+ti8r91LX4+ftCTfE79lH9ozxJ8K/EcEn+galL5M3/PWKv1M/4Nm7XVfA8PxY+GmrweVjUrW5aI/89f8AVV9SfH//AIJm/A/45ftB/wDC1PGWhRfaLqz8ub9zR7NGlKPuc5+C9n+2N4x02KOeHza6zw3+2/fax/xKfEWhxyR/9Ma/bDWf+CKv7DGvWEljffCu2/1P+uirzO0/4N7/ANkPQdZk1WAX0kf/AD6ed+6rL2ZpKhVkj8e/GPxUgvJZL7Qv+Wv+pr9XP+CYPwT+Dvxs/wCCa9v8W9c8OW1zrEU1/wDbJf8Alr+6lri/22P+CDPgeH4aah43+BGq3Om6hpdnLc/ZJf8AVS+VXqn/AAb06bPL+yD4s+GWuS/u7XxJLHND/wA8vNi/e1VjJU/3vvnxn4k/bq+AWm39x4Osdci8yL93Xl/xC+Lfw58YRSXGh6tbS/8AXGvqT4wf8GvulfEj456p4q8OfFSPSPD9/efafK8n97F/1yrvPBP/AAbH/s9aDpfkar8YvEklx/z1im8urqUzX2Z+a95eedJ9oiqxqV5PZ2sc/wBul8uv0k17/g318K+FdGuP+EA+JupXN5L/ANBD95FFXzv8bP8AgjP+2J4DsJNV8OQR6tZ/6z91DXP7CRkqn/Pw+X4ZrC80zEE/7ys+z8E65qV1/o99+7rL1jV9V8B6zceHPGOlfYry1m8uaLzqy9O+Nk+ja95EAkljrL2Zr7Q9k8H+A/7Mi/fnzZP+etdJNps+fI+3V4fD+1pY6bL9hvoK9A8E/Gzw54qijngv462Oaqdp/wAI3P8AZfP8+o4fCl9NLzVyHxhY3kUcFaEOu6V/ywnoEGg/D3zpf3/+sr1T4b/sr6r4q/f/AGeWuX+G/irQ/wDhI44J/wDntX6CfCXQrHwr8PrfxhqulfZreWHzPNlropUjM+Z9N/Yn1Xzf39jW5/wxpBpsX+o/eV9KWfxg8AaxL5FlfW0lYfjf4qeHNBtZJ57iun2VID5/0H9nuDw3qnkTwf8ALavSF+A+lTaNJ58H/LGrE3jzw542sI9VsZ/3nnV3EWvQWnhfj/njWlIKm58j/Ej4Y2+m699ngg8qsfWPhj9s0bpW58cvipY2fjbAmqSH4qaJeeG8meP/AFNIzPB/Emj/ANj6p/qPLrQ03XvOi8is/wCKniqxvNZxBPXPw69B5Vc9UD0DR5p5pcwVseTPDF/qKx/Cs0EMvkCuk8791XOdhl+f7VYh1KDyun7ypJhBNFjbWf5P72tDMsTXv2z9xPUdnDNNddKk0y38mWtjTIf+eFaAbGj+RNF5Brm/GMIs7quss4fsdh58Fc34kmgvLr/ppQZnN6lr1jZ2En26fyq838H/ALVPhX4J/F+z8Uzz+ZJLN5cMNXPjlNNZ2HkQ3Hl18H/G3WNd/wCEyjnnn8yOK8rknU1M/Z+11P6APjZ/wUO8Y/Af4XaP4q1X9nvV7nT7+HzJrvT/AN7F5Vdx/wAE/f8Ago38Fv25JdU8K+HLG5sdU0uHzLy0u/8AnlXh/hv/AIKxfsPWn7IPh+Dxzqv9pXkXhu1tptJ+x+bL5vleVXhf/BEn42fDL4hft4fETXPCuhyabZ6ppsUmmw+T5UVdcIUuW4KNfmP0k0H9l34D/wDC85PHEFjY/wBsRQ17BqXhqx+y/Z4D5dfhv+2N/wAFgPj98H/25fEmufA+ey+x6XeS6dDFdw+ZFL/yyq5ov/ByR+2JFFH/AGr4A8N3Mnk+Z+5h8qsvb0Tpp/uj9nJvCulQS/v/ADfM/wCmNeZ/tjwwaD+zn4ovoP8ARo4tHuvtk3/TLyq/K/xh/wAHIP7Teu6NHBpXwy0SyvIvN/fQzeZ5v/kKvsD4nftdeI/jl/wSm1D4jeJLCKPVNe8ByyXnk/8APWtTKpV/cn4X+Fvhv4x+MHxa1TQ/hX4VvvEl5LeSyeTp8PmVufEj4S/Ef4P3UelfE3wZqWiXEv8AqYdRh8uv0k/4N3de/Ze+Evwv+IHjH4t+OPDekeIJdSijh/ty8iil8qvpT9qjxJ/wTg/bk+H2ueCPGPxN8JalHawy+Tdw6lFFdWsv/PWKWubn+2FPDqrT5zoP+CJ/hvQ/2e/+Cc//AAnHiOf/AFv2rWtS/wCuVfm/8Zv+C2/7QvxP/aHuPFWq+MtS0Tw3YTXUej6Toc3lfuv+WXm194f8EYfip4A+MvwM8WfsoQz3N7Z+F4ZdO/tCa88yK6tZf3Vfmno//BIb9qj4tftS+KPhX4O8HXNtp+jaxdR/25dw/uvK8391R/FO6l+6on6Kf8EW/wDgrF44+PHxBt/2c/jTfRX2oSwyyabq3/LWX/lr5Vfdf/BQLXviN4T/AGQfHnjH4OX0lt4k0bQZb3R5vJ8z97F+9r4E/wCCXf8AwRh+Lf7K/wAfdL+MXxN8VWMsel/6mG0hr9SPG+gW/jDwZqHhecfu7/TZbab/ALaxVqvbGtP97SPO/wBjP48QftIfsteC/jFBex3Mms6PFJeSxf8APX/lrX51/wDBSz/gvZ8VP2afjlrHwI+Enw5sY7jS5vLm1DVofN82vqz/AIJU/A34wfspfAzXPgf8VNE+xWdh4qv7nw3N53mebYSy+bFXk/8AwU+/4I2+HP26tUuPip8OfEdtpHiyKH/ltD+6uqJh7T90fK/7Gf8AwcFftC+JPjTofhz476VolzoeqXkVtef2dZ/ZpYvN/wC2tfr58ZtH/wCE2+DesWOlfvLi60eX7H/118r91X8zfx4/Yz/aU/Yn8Wx2Pxh8D32mxxXn+h6tF/qpfK/55S1/R5+xb8WYPjl+yX4L+I0HlS/b/Ddr53/XXyv3tWtjCNXnXIfnP/wRb+Ps2mft/wDiz4Sarpcdjca9Z3XnQw/8spbWvpz/AILPftW/Gn9kLRvB/wATfhHPFJ/pnl6laXcPmRSxV8L/ALDd4dB/4LU6PfWB8qO/1jVLab/v1X3J/wAF8dB+2/sl6f4kgMfmWGvRf63/AKa1FTYyhUtQPM/Af/BxF8Hb3wB9u8cfD/V7HWIrOWP9z+9tftXlfuqx/gb/AMHF3hXxV4jj0P41fCSTSbeX93DqGkzeZF/2182vJ/2G/hH+zL+2b+zdrnwW8f6Vptl4wsLyWTTbu0/dXMtr5X+tr4T+JHwr1X4Y/EvUPA99+8ksNSltv3X/AC1rmpVDf2tqJ/SJpvxI8D/Gz4QXHiTwdrkd9p9/psv72Gb/AKZV8Z/8EFfG2lTeI/jJ8OPtEnmWHir7TDF/0yr0j/gkL8GPGPwx/Yes4PH9jc/aNUmlvYbSb/nlL/qq+Nv+CYviy6+C/wDwVO8aeGdctLm3s/FBv44YYh+6rX/l8Z8/72Ez7N/4KTf8FevCv/BObxvpfhXxj8HtW1u31TTftMOoWk3lRRf9Mq8f+G//AAcOfCTxh+zd4o+P/j/wBc+Evss32LwTaajN5v8AbN1/0yr1z/gszD8FtH/Y31D4t/Fz4H2PjuPS5opLO0m/d+V5v/TWvy/+M/7dfwP/AOChH7LWn/s2eDvgfY+BfEHhyGKTw3p9pN5trdeV/wAsoq0mae0/fHunwH/4OZPFV54o8j47/COy/s+68qKG70Sb/Vf9dfNr68/bw/4K0fAj4P8A7N2h65pV99uuPiDo/maD5P8Ayyi/561/P/pvwf8AideeKLfwdY+B9Sl1S6vPs0NpDZ/62Wvqj/gplqWleA7D4b/svDVba91D4feD4rbXofO/1V1L+98rzay9oZVKhh/EPxJ8Mfjn4k0/VbHyv7Qupv8ATP8AprLX6sfsi/8ABH/4A6P8EdLvvH+hx6lrF/ZxXM13LD/z1r8e/wBg/wCFd98Zv2kfB/gfSoJZPtWpRSTS/wCt/df8ta/oU+PHx98A/sifs3ax8TfHE/2bS/C+j/8AoqL91FRT/emdOHtJnz/42/4Ih/sk+NrW80Ox8OW1tJL/AK7/AFVfMfxI/wCDcW38E3Umq/Cvxzc/vZvM8mH/AJZV6h/wTy+PHxV+LXwv8ef8FEYINXubfVLyWTR/Cct5/qrCL/nlWH8Gf+Dmr4H674tk8OfGL4Za3okcU3lzXcP73yv+2VdPsh1KdI+f/Hn/AAS7/ab8E2sn9lW/2mSL/wAi15fefAz9oXwTz4q+HN9+6/5bRQ1+yHgL/gqt/wAE9fipYxz2Px+8P/vf+WWofuv/AEbXYab8bP2H/ipdR6Vofj/wlq0l1/yyhvIqynYpYb++fkv/AME9/gPf/tC/tGaPod9Y3MVvpd55mpRTQ1+wH7S3wN0/xv8As/aj4A8OQfZpP7N8uz8quZ+DHjL9ja2+ONx8OvgzqWiJ4oihllvbTTq5H9rL/gq3+zz+yx8bIvgF8TFuYryWCKSa7/5Zfva1VQdKlGNOfMfl34q8N/tX/sueMpLjVdK1K90+Kb/XQ+bJXqFn8eIPiR4I8+cSx3Hk/wCplr9IPCvxa/ZQ/aK0CP8A4RXxl4f1uO6/5ZedFXn/AMZv+CcvwW8baDqE/g7SotN1C6h/czWldNOoedOjUsfE/wAAPiFBPYXGk30/7yKavbNe8eCz8Ef9sa+b4fhL44/Z1+Jd54V8cDzY/O/czV2njz4hWP8Awi/kQX3/ACxqwVT90fM/7Qvje+vPG8ggrl9N8eeI/svkefR8SJrG88RyT+fWXNNbw9TXn1apoF5rF9qUvnz1Y07U5+lRwzQXkX2fFWP9TF5FZgeyabN6D61uabeed0rP/s0WcP8AqK0NHggrQ7DYh063mFU9Y0fyf+ulaFnNBDVfUpoJuDWhmY8M08Mtamj6wYZfINU/JgmiqSz02fzY60IqbnUQ6vB9lkgrj9Yvf9PH+NaF5DcQ+XkVY0GHSry//wBO/wBXQIw/DfwBn/aA1SPQ/wC3IrL/AK7V5v8AtIf8EYdWmv45/CvjiKSSX95+6r6o0fQfDk3lz+HJ5ba4/wCmNfO/7b3jz9pv4QSx+MfAHiq+/df8saz+rGYeA/8Agg/8VfEnw/xrnjiSLUIv+POHyf3VdJ+zf+wT+1D+wHdeLPibYwRXN5/Zv+h+TD/ra+nP+CG//BQLxj+2N4f8SeB/i55X/CQeF4YpIbuH/lrFXoH7R/8AwVQ/Yf8Ahl4l1TwB4/8AiPFHqlhNLbXmnfY5f9bWtNUfZWBe2Pxr8E/sl/tJ/tIfELUL6fwBc2Ul1eS3N5Ndwy/62ug8Sf8ABN/9pPw35l9/wh0t9H/1Doa/Vz9nb/gpl+wH8SLqTwt4L8VW0d55MtzN52m+V+6irm/iR/wWd/YR8K3Umh2PiP7dJazf8umm15rw3sjrnGjY/Mv9kX9l3wP42+Pv/CsvjvcSaJJFN5cOnXf7rzZa/Yz48fsofDHwP+xZqngDSrC5ttLtfDfl/uZv+WVfDfjb/god+wj8VP2oPAfiqx8D/bZItYi+2TQ2f72WXza/Sj/godoPiPxt+xP400nwAZP7Qv8AQf8AiW/ZP9b5tdNPYxp06LP5n/HmvWNnf65b+HPtP9n/AGzy7Pzv9bLXH6PDPqUUn7//ALbV9ifD3/gi3+2l8ZoreC90PTdE+33nmfZNQ82OX/rrXrniT/g3j/aT8IWtx/YfjGx1KOKH/llD/raz+r1DVfuj0T/g191IQfEHxpocGh/vP7HikvLvzv8Alr5v+qr9nIbPStMEk9lYxxyS/vJvKhr8v/8Ag3A/ZX+JnwWi+KHxH+I/hy+sbe/1iLSdN+2Q/wDH19l83zZa9k+Hv/BYDw348/4Kj+KP+Cfl94VjttPsLOWPQdchm/4+r+KLzZYqun+692ZpTqfuiv8Ataf8F2v2c/2b/iDcfDHQtKufEmqWF59mvP7Pm/dRV9gfsu/tIeB/2o/gto/xi8AX3mafqln5nlf8tYv+mVfyp/tIalqum/tVfEDSvEfm/aIvGGqRTeb/ANfUtfpx/wAEB/8AgoppXwr8UaX+yh8Rp7n7Pr3m/wBg3fnReVay06lU6KR9If8ABc7/AIKZfE39iG10/wAK/DLSvK1DXv8AU6tL/qoq+L/+CbP/AAXT/aa0H486X4V+P/iT+3/Des3nlzebZ/6Ta+b/AM8q+1P+Djb9l2f48fsUf8LU8K2Pm6p4NvP7R/cw/wCtta/K/wD4Jd/sE/E39pz4o6HfaVpVzFpdrqUUl5dyw/8ALKKtP4hzzn7Nn9Cnx4+A/wAFf2zPhVH4V+I2lRalpd1+8h/56xV4HZ+G/HH/AATl+EvizS/CtjLqXgOwh+06DD/y1tf3X72KvqjR/Ddj4D8OW9jYweVHFVjxt4J0r4keDdQ8Ha5BHc2eqWcsc0Mv/TWsyp0vtn5b/Df4M+DvB37evwP/AGofA5l/sf4jf8TGbzf+WUsv/wC9r7D/AOC0OnQax+w5rHnj/VXlrJXmmvfBnQ/2adG+D/wd1W9/tK48JeJP+JbL/wA8rX7V5sVe6f8ABVHwd/wmH7DPjSyt4PNki037TD/2yrSp+9MKVN8kon4l/s369ffD34l6Xrmh65c6bcfbIv3tpX6yfDL/AIJO/An4neNtL/aL8fW8ssl/5WozaT/yyllr4H/4JF/sZeI/2rvjVp/jjxHYyxeF/Dk323Uppv8AVSy/8soq/dSys4NNsI7Gxg8uOKHy6zVNI1w2Hc1+8Of8Yaj4V+GPgO41S+nttN0/S7P/AF003lxRV4H+zf8As9/AH4heMrj44aHpVle3kV5L5OoWn/TWvNf+Cyv7ROmWXw4t/wBmXw7qXmav4jill1IQ/wDLK1iqr/wQk8b/ANvfs8+INDnn/eWGsUqdT98XzXqnsHxI8K/Dn9sb4D3nwW1W+iudP/5B2seT/wAspYv3Vfj/AD/8E2fB3hX/AIKFaX8F/hJqt7JpcWvRfvv+eVfsZ+yN4JvtMi+IE9xD5cd38SNUkh/7+1Y+D/7E/wAMvh78btU+OH72+1y/mlkh87/llWo6lOdV+4HhD9j/AODvg7VI/FVj4HsYtYih/cXfk/6qvwP/AOCjX7OvxU+A/wC0P4kvviAL650/VNelkh1Gb/lr5stf0WfHP42eAPgDoNn4j+I+rfYdPurz7F9rm/56y1w/7XX7Ivw5/au+A+seFdV8OWNzcX+myyabdzQ/6qX/AJZUJe1MsThtPcPzL/4N0f2aZ9e8eeJPjv4jsf3elw/ZtN87/prX3R/wU/8A2e9D/ac+C1n8JPGXjH+yfD/9pf2j4km87yvNtYv3vlV2H/BOX9mPSv2XfgPb/DjyI/7Q/wBZqVfIf/Bwh+1p44+Bnguz+H/g7/Rv7es/Lmu4v9bFROnSpE0YOnhzl/8Agmx/wUU+B/8Aw0lrH7Hng3SrKx8D/wDIO8N3fnfupZYv3VfB/wDwUs/ZjH7NP7YeueFLGy8rS9UvPtumy+T+68qWvlPwr4q8R+A/GWn+MdDvrm2vLC8iuYZopv8AlrFX35+07+358JP25PhL4H0rXfBtzpvjTS/Kj1jVrvyvKl/df8sqPa+09wmvsfNdn4Vn02L7OK0NBvNW0fVIzBPcx/8AXKau08VWfhvTbDyIJ5ZLfPlwzTVw51K3s5fP8/8A1Vc9Omc3IftR/wAEhf2A9D+G+g6P+1PquuXNzrGs6b5kPnf88pa+R/8Agrr8DvH/AMSf2tdc8ReP/AGpf2P9jijs9Wis5ZYq/Vj/AIJ4azpviP8AYz+HeraXMJIZfDcVaH7Tfx0+A/wO0qzuPjv4p07SNP1Cby4ZdR/1cstdB6Xsf9nP5z9Bs/HHwN1mO98K6rfaTcRTfuZof3VfVHwN/wCC2H7UHwlit7H4jWFt4k0//VzTTf62v0I+JGsf8E7v2kdAjgn8R+CdSjl/eedFNFFLXyf+0j/wTN/Zs8Safcar8MvGMWm3H/PGK882KtDhVOsjyv4z/wDBRP4ZftdeLbex0rQrnTdQ/wCm1cX4qvNVh0v9xcV5n8Pf2e/FXw9+IMl9ceVe29hN/wAfde4akNK/sHPnx/8AXGs17WozP2R8/wCvfbpopJ565/zp5+td54ws4LyWQZ/d+dXNzab5P+ogrnq/xTQk8Ny9pv0roPJgn61n6Dp0/lR/uK3Jz5MXk0Ae+Xn2GGKsO81KCGX9xVO8vL2ab9xRptlcE/v60Og0LO887/lvVjyZ/N/cUWemQQxc1JNN5P7itDMsad5Hnf6Riuk03TYPK8+CuXs7KeabFdZoNnPDDHx2rWnuBn+JJvJi/fwVx+sax5EuIIK9M1jR7G8tZK4vUvDZMv8AqKKu4HSfA3xtPearHY31dx+0V8PbfxX8Prj7RY+bH5Nef/DGzg0jxHGPIr1z4weMINN8ByCf/V+TV/8ALk5/+Xx43/wRos/DvwX/AOCgl54bt5vs1v4o8Ky23kf8svN82tz/AILPf8Ec/H/xC8UXHx/+BEH264v9SlkvNJry/wDZW+LfhXwH+2v4X1y+ni8yW88uGv3E86xvLCOef/V+TXPTqGuGftIyP5t/g/8A8Ewf2y9Slkvrf4VS21xa/wCpmm/dS1n6l/wSR/bS0e6kn/4U5c+X53/LKav6VNNh0qD/AFEEdSXn9lTS/YZ4IqzqQ1NI4anNH82/7N//AAS1/a21j9ofw/4cuPhVfWPlalFczXc3/LKKKWv6KvFFjJofw4uJbWzF1caXpkssNoIf9bLFF/qq6bTtF0PTZfttlYxRyf8APWKGqfjHxJpPhLwxeeKtbm8qzsLOW5u5f+eUUVaGlOhGkfz/APxq/wCCy/7enw0/bN8SfE3/AIRyLTdDutS+zabomu6b5cUVrFLX7GfsH/tmfCv9tj4S2/jjwNP/AMTC1hij1608nyvst1XwX+3J/wAFJ/8Agk1+1H4c1T4ca54Vvb7UIvN+x6taaP5csUv/AF1r6g/4Ik/su+HPgb+zdJ448Oar9pj8W3n22GaX/WxRf8soqz5zWmfVHjzxZ4O+GPg7UPFWrX1tpun6XDLc3kv/ACyir+auH4wQeD/+Cttn8d9C8R/bbOX4qfbf7Wi/e+bFLdf/ABqWv6AP+ClvgLxl8Tv2MviB4A8AWEsmoap4bltoYof+Wstflf8A8El/+CGN78U5fEnjH9sTwdrem2drN9m0Hyrzy/3v/PWlvVCa1Kf/AAV2/wCCYN9r3xzuPj98FvDklzeeKJorma0tIf8AlrL/AK2WvnfwH+xD+3d8JfiD4b8caV+zn4tlk0a8+0w/ZNNr+iD/AIRX4ZfDHS9L/wCEq1W2jt7CGK2s7vVpoo/+WXlV4X/wVF/bk+GX7Pf7KGuX3hX4jabLrGsw/YtNitLzzZaKlPU3hDS56B+zfrH/AA0T+yho9j440r7TJf6b9i1i01CH/lr/AMtfNo/ZF8K/s5/B++1j4H/CufTY9Y0Gb/iZafD/AK2Kvkv/AIN4/wBpy/8Aip8PvFHwk8Y+I5bnVNLm+22cU3/PKX/W1xf/AAVF/acn/YD/AOCjHhv4xeHNBvrn+2dH8ya0tJvKiuvK/dS+bRSqmFSX2z9NPjl/bk3wg8SDwrPJFqn9j3X2Ob/pr5X7qvjf/gir+358VP2opfHnwP8Aj9fRSeKPBGpfuf3Plyy2tY/hX/g4E/Zz8baXp8Fx8OfEFjeXU0Uc0V3NF5UVfH/wf/aK0P4M/wDBanUPjv4A1X/ig/GWvfYtSmh/1X2WX/W/+RaPaUQnV96J9uf8FgPidofwl1nwP44n1WOKS11KL7ZF5373yvNr7DtLPw1+05+zrb288/maf4u8N/62H/nlLF/9tr8NP+CsXxyP7Qn7WuuDw34k+0+H9L8qy02WKb91+6qx+zV/wVa/bK/Zp+G9n8Mvh/4wsbnTLD/jzi1az+0+VXNTxP74KNT3pH7ifs4fs3fDX9lf4Waf8JPhfpf2bT7CH/Xf8tbqX/nrLXCftnft7fB79kr4f6he6zr1lP4iEOLLQ4pvMk8yT/npX4+/Ez/grP8At6fFe1ey1r443Wm28g/1Xh+0isv/AEVXzhr/AIl8R69dXGq+I9dvr28v5vMvLu7m82WWX/prWtTElvEfZge8Xf7S2q/GX9ozWPip8Rb395daPf8A72Wb/lr5Ve6f8EQ/2wPCvgP4jax8JPEeq/ZpPFHm/wBm+dN/y1i/e/8Aorza+A/J861knqT4PeKr74V/GTw38RrHzP8AiQ6xFezf9NYq4aVX98c3U/pc1LxJ4V+D3wv1Dxx4juYrHT7CzutW1KX/AMiy1+V/7Dn/AAWS+J3xJ/4KOR6D8R/Ekf8Awg/iPUrqy02L/lnF5v8Ax615/wD8FOP+Cw+qftafD63+C3wW0m98P6Hdf8hiWb/W3UX7r91XwXZz33g+6s9V0meW2uLWbzLOWL/llTqY21Y29r/KfsB/wc7fFTVfCv7LPhPwtod75cms+KvMmmh/6ZRV6l/wSe/4KQeEPjh/wT1/4THx/rdjY6/8NNN+xeJLSW8/1sUUX7qX/trX4m/tUftdfH79pzQtH0P4xeObnV7PRv3ln5v/ACyrxeGa+s4pLGC+lijl/wBd5U3+trRYwn2v7w/WD9mj/gur4w8Yf8FLLPwd44gtrb4f+KLyXSbP7J/qrWX/AJZS17x/wcLfs9658Sf2bo/ib4V0qW9k0aHzJvJ/55V+F+g6lqug6/Z65Y3EkVxazeZDL/01r+gT/gm//wAFAvA/7fn7N8fgfxxBbf8ACSaXZ/YvEmny/wDLX915UUv/AG1rppVPbGcH7nJM/nvs4bH7LHfarPcy28v7vzfJ/wBVLWxZ3elabdefY3tz5n/TaGvtz/gpB/wSQ8cfs667rHxN+HGhyXPg+WH7TDFaQ+b5V15v/wAar57/AGY/+Cfv7VH7YOvR2Hwr+GWpS2cs3l3mt3dn5VtF/wBta6VhiPadD1z9hr9nbxl+3hLqHgfw5fSxSaND9pvLvyf+2VXPiH/wSv8A2r9H1+Tw3pfge+vY4pv9bFZ1+vn/AATH/wCCdfg3/gnv8H7jS7i+i1LxJrP+k69qP/XL/llFXzX+2F/wcdeBP2dvjRqHwk+HPwdj8UR6XN5c2rS3nlRSy1t/CM/Yq59F/wDBFfRPjv4D/ZqvPhp8cPDctkdA1LytH83/AJ5eVXpv7ff7E/hz9tj4cW/gjVtU+zSWE3mwy1W/4Jtft0eDP29vgRH8WPDtjZabf+b5Wp6Ta3Hm/ZZarf8ABSD9u67/AGBfhPp/xItfhbdeLDfal9m+y2l79nIrKf8AFPVj7P6v7x+aPxa/4Ik/tb/CS/kvvhYP7W0+L/U/ZJvKlrzu8+DP7Zfws48ZeANf/df89vNkr7H8I/8AByv8NtTVLfxZ+yn4tsT2+y6lay16LoX/AAXa/Ym8biOx8R+AfFttHLN5WdQ0eKWL/wBG0vae1OOpSp/YmfnvqXirVdI+HF4fEnhy5sbz/ptDXj8PxC1W8tJPPnk8uvtT/gpZ+1p+zn+0J4Xt9D+A+hf8tv8ATLv7H5dfEc2gz+V5H/LOs6n7v4Dm9kyT+3oJovIqOzmPm1Xh0EQHitiz00ww/uIKz/fGlI0NNvILPkrVfUNRgm5/5aVJZ6DPNWfr1n9jlxWgj3yHyJqr3msQWf7gz1n6lqXkxfuK5e8vL+aWg0O8s9et/K5FaEMMEx88CvP9Hmnh/wBea6iz17yYo609qB2GmzW8MvNbkPiCCGPPnxVw9nqfnRdKp6lrFxAea09ozM7C88YW5u/9fWfea9BNzXD/ANsX32rFWPts3k7e+Kz9qB2nhvxJBDfx/wDPSvTPHkP/AAlXw+kgP/PGvA9OvDDf/aBX0R4Dlg1jwH5H/LTya0p1DOpufEepfDG+1L9oLQ9K8K6r5WqfbP8AQ/N/561+gnxs/ZK/4K5+JPh9Z2PhX9qLTfLihi/cw2fly/8Af2vh/wCKnjCD4Y/EuPxlfQf8gbUormv0U8R/8Fw/2SfCvwb0vxHB4/stS1SXTYvO0+L/AFsUv/TWg56P2jz/APYV+Kn7cH7OviPXPB37VHhzW/FPmzRf2bqNp/yyr6c+P37Tnxp8N/DmPxH8FvhX/aV/L/rrTVq5f4qftFfH74QfC/8A4Xt4/wDAHhb/AIR/yYrn/RJpZZfKlrxO8/4OF/2UNAsI5/EfhW+/55zeTWlNR9pzlezrctoSNj9lH/gpl+1R8UP2ltP+Dvxb+BEuk291NLFNNDDL5UX/AH9r2T/grh+05Y/AD9i3xBqtxffZpNUh/s6H/tr+6r5r/ZX/AOCzHhX9tj9vHR/g78JPhjZW3h/+zbq5vNWmh/0mWqf/AAcpeNoPDf7Mnh/wdfWPm2+s6x/5Fip1alL7BVL21P8AiH4l6Nps954tj/1vmXWpf9/ZfNr+qz9m/TfD37PH7HnhdPEcltpOn6D4PiudSlu/9Va/uvNlr+Xf9m/w3D4v/aM8B+Fbb/V3/jDS7b/v7dRV+4n/AAcT/tCal8Mf2VvD/wCzr4H8Q/YbzxvqX2bUoopv3v2CL/W1xaexO2nU+2eb/Df/AIOTPCviT9oy8+HPjj4Ox23g+XXv7O03xDaXnmebF5v+t/65V9Qf8FSvi98RvDf/AATe8efFb9l7xxJpGsWGj/2jpuraT/zy82LzfK/7ZV/PPqXgmfR/Lng/5Zf6mvrDwf8At1eONH/4JsXn7Mula5L/AGpf3n2Lzpv3sv2D/lrFWX1mlY19oR/tIftafHD9tL9l/wCHf/CY+OL251Sws/8AicQ+d/x9Sxf8tZa+d9YhngtI/t3m3MlrNFJ5M373za6zwf8AbtB0uzEHlRfZf3fneTUfiqD+0tUuJ4IP3cs3+qrmWIv74f8ALs9wvv2obn9i39vDwn8af2evKj8N69oNhJqWnQ/6qWKX/W19Gf8ABc7xJ4O+Nnwc+Efx48NwR+Zf+bJ5v/TKWLzfKr879Yi/t61tzP5vmRQ+XDN/zyrU17xt441rwFp/w61zxJe3un6XN5lnFNeebFFUe19z3g/5d8hn+Dz50uK6ia9/dSTz+ZXJ+G/Ps9UkgrpJpvJi/f1lTM/ZkX/LL/49S2cImi8//WUSQf8APuaks5hZ/wCjeRV0jT2Zcmi8i14qvNZwTfuPtFXL3Hlc/wCrqv8AuIaf7wxtqU/J8mbyKpw6d9jl88z1c/1Mvn1H9sgml6VibVKZHqVnBeRfuP3dY+sab/y711HlW/2P/j2/GsfX7yxs+J5/LkrOpUiYnn/iqH/lxE9cvN5/myf8866DXtYg1LUJJ4P9ZXP+T5PmW+f3laKp/KRVLn2OfzfPrY8B/Frxx8HvHdn4x+HHiu503ULWaKSGW0m/dS/9Mpay7z9za1HB9n/15rWk/ZGVTc/ST4V/8HLHxN0HRY/Dvx3/AGc9E8QR/wCr+16fN5f/AJClrsJv+DnbStBsJLH4Yfsdx23/ADxhl1jyov8AyFFX5R+T9slos/8AQ7r9/BXTTxtU0Puz4/f8Fvf29f2nNLuPDmlarpvgnR7qHy5rTwzD/pMsX/TW5lr4b8beCfEepapJfTiSSSX955tdRoXiqDTJ4/In8rza7zTYbHxJFHP/AMtK1+ue0RjO/wAZkfsF/tM/tS/sY/F9PiB8ENb+zPN+71LTrs+ZbX8X/PKSOvur9qH/AIKD/G79unwlpGh/FPwnpGiWdkfNNppPm/vZf+2tfMngPwHpVmI/3H7yvSIRbwxeRBBS9qb+09qjj7zw3BDL/qKkh023s5Y8Vsa7+/8A/r1jwCeY/wCvqPaCNiz+ww1X1iGARdKr2lk3m9akvZ/+WFM0KcHerEEpEkfFR8yw1JDps9aAakOpfY/3FYevzQXkvP8ArKuTwzk4gqn9j9v1rQ56tQ9Qmhgmios9Hgm4AqvDeweb5FalleQf6iCszoK/9mf7VRwwz+bWxNNB5VYepaxBDLJWgHSabDB5VGpWcE1cvpviSeeX7PXQWd750WMUAU/sf73rVjyofStDyf3f+oqOaGszMpzQmCXkV7B8Gby4m0aSCvI/Jn82vVPg/N9jtZIJ6ulsRV3PC/2rvh5/bGq3h8j93LXxv4k+Euq6Dqn7iwkvrfzov3UNfpJ8YPCtvqUUk4grzvwT8JbGa/xfaT5v/bGtTKNM+0P2/Pjd8Ofid/wS+ksfhz4xsZLy60ew+x2kU372L91/qq/n71j4Y/Gma6uPt3hzUrmP/rjX60al4D8OabYx2MEHlR/88qp2fwr0O8i/1Efl/wDXGikdiqaHzH/wb/8AhvxX4b/4KJ6X9u0O5jjPhu/k/fQ/6qvqz/g4/wDHs3jC18F/DKDyvMtfNuZq6D4M6DpXwN8YyfEDwrpUf9oRWfl+bFDXyf8At1fGDXPjZ8b5NV8RT+b9lh8uGGs8SvZUjn9o2fL/AOz1Pqvwq+PPgv4qzwfaY/Dniqw1GaGL/lr5V1FL5VfXn/BT/wDa60r9uT9oyz+JvhXSrmy0ew02K2020u5v3v8A01lr57s7OCGXyIIK1PJghi8ieCuH2hr8fuGXeaPBNL5HkVX0H7DN/oP2H95F/rq6SGzgmlj8j/WVj/8ACNz2eqXk88//AB9f66sTSnTLk03kxSQVHqX2GaPz/Plikq5eQwQy+TNBWfqc0Ew/1FZ0/wB0a0zP02znhikq5Z2dxNd/v6Ptv2OLyPI/d1HPezdYKipUKCHTZ7O/k/f1qT3hm/1xrHhh86784z1sf2bfGH/Rx+7qzQjmvKkm1KCq/wDZt9NFRNDcQ9RTpGZc/t6D/UefUnkwTWvni4rm7yzvv3gPlUabDqvnfv6avcn2h0lnD/rKp3mm+TL+4FXPsc/2X9xPUc81xZ/v556uoFQLzUoNHtf9Oryfxf4wn1i/k+wVofE7x6dS/wBBtzUfwf8AgD8TPjPdSQeDtDl+zxf667rzkva1jE5eH7ddzfYbGD/SK7Dwr+zr8RvFMsc+laHe3Mn/ADxhs5Za+4P+Ce/7FvwetPEf/FfarbSap53l+TLNX6meA/gP8JfhXo0dj4b8OW3meT/rvJr1VhtCvZn89dn+yV8XNYtfPOlXMX/TGWzlrm9e+CfxN8N3/wDZX/COSyyV/R5e/DbwdN/r9CsfL/6868r+PHwH/Zr8E+HNQ+JvirwrpsX2CHzPtc3+qp/VgqUj+f8AvPCHirR/+Qrodzbf9saz7wgy/v4K+8PBPx4/Zs+JH7Q9xofiqCxttDuv3cM3k16R+13/AME8fg6PBFv44+HMEcun3/8ArpbT/llWVRB7M/MeG88mWOeu4+HHjb7HdeRPWh8T/wBmPxx8PYri+gsZL2zi/wCWsNeb6bqX2O6jyawnH2RifYnw3xr1rHPivRIdBghsP9Ir5/8AgB8ToIfLgnnr6AsvFWlXlrHtnr1cN7H2Wo6RTm8NW88UhNZc3huDzP8AUV2kMMHlefUc9lD0gplnHzaDBDF+4rPm0Gf/AJ4V3E8MEMXNY+o/638aAMOz03yePIq55Jhi/wCPerEM0H/PCia8g/1FaEVKhlzw/wDTCo5oauTzQTRc1X8qH0oOI6Sb/rh/qqk03zvN71oQ2kEMX2fyKsQ2f7qsz2Amm8mL9/XP6lD9sl4WtyWHzh+/o03TYPNkOaAMvQdB866j/cV2mm6OYRH+4o06zgs60LzUvJ5rQ5xfsdt/eP5Vfs9Hgm48isP+2P3vSu48E/YbygdUp2fgkXnSCug8K+G59NlqPx78Vfh/8K9Gk1XXNVito/8ArtXw/wDtOf8ABWGxsr+TSvhJB5skX/LWgz9rRPvjxJqXhWzi8jVdVtopP+u1ed6z8Zvg74Vlk/4qqy/7/V+SfxC/bA+O/wAT7qSfVvGVzFHL/wAsYZq83vPEnjG8l/07xHcyyf8ATaagyP2M8SftFfCu8l/ceKrb/v8AUWfx48GzWvkWOqxy1+O//CSeKrP/AFGuXP8A3+rsPAf7SHxN8Eyxzz6rJJb/APTWtFV1M+SsfrRZ/HjSv7BuD5H7zyfLr4/+IWsf2l48vNVn/wCWs1V/g/8AtgeDvG3hz+ytVn+zXnk1Xmh/4SW/kngn8z/prWWMqXQU6ZoQ2cE37/yKLyaC7lz5H+qrQ02Gxs7XyJ6pzab53+om715tP90diI/Pg/5YCi8iE1r9oE/lyVcs7O3g/fz0alNB5v8Ao9I29mcvD9uvLqrE1nP/AM8K2NN0e3nHFbH9m6V5X+vrD2bD2Zw80M+P9RVeGH/WefXaT6PYYzBWXeaDPDWVSmZ+zMuzh8mXBNakM1vN0NU/sU3k7u+K0NOh8mLAop+2J1Caa3h6msPWJv8ASq1L3z6p/Y/Om8iuqmV7Mz7zUv8A9VV4de/e1qTeHP8AphWfNoM8Mv7iCtP3hsdRpupQXlrXP/EjWINN0uT/AJ6VqaNDBZ2uK83+LWvf2nqP2GAf62sa9Sojlqbkn7PfwZ1X9oT4tWfg6DzPs/neZqU3/TKv2s+CPwH+GXw3+FVn4O0Pw5bW0fk+XNN5P72vkv8A4JR/s96V4V8G/wDCcXFj5t5dfvK+5IP7cvLqOCCwl+z/APTGnhkb06fszwPQf2J7E/Fr/hOPDk9zZR+d5sP/AE1r7w0G8gHhK3sb7959lh/1tcn4V8N3E1r5H2f95/rK6yz0GeytfI8jzI5f9dXpezLOH1L4kXuj3UkP2G5uY/8AplDXP/Hjwdof7QnwSvND0OeTzLqz8uaGvTIbPRLyK4gvoPs3m/uofKrl9H8E6H4O1T7DpVx/00/fVqB+b/gP/giF4z8SXUl9quuXOmyfbP3MsP72vsT4Sf8ABOuD4PaBHpV98TdS1Kz+x+XNaXf+qr6s8K2c/wBl/wBIrP8AiFr3g7wpoMmq+LNdtrK3i/5ayzeXQqdA5z4L+JF5+yv4D+LUnwA1We28zVLP9z53/LKWvzb/AG/P2aIP2dPi15+lQf8AEr1n95Z1+hnxs+MH/BPzx58fNH1zVfH+kf2pYTfuZYq+f/8AgslqXhzxJf8Ah+DQ54pLe1h/1tTiaanhjn/5fHxP8PtSuIdUj8ivoTwf4lvhax+Q1fO/hQ2+m61GK+qPhLpsF7o0c9vXHhgOs8N6zPNa/v66TR5oJxlqr6N4Ot4LX99WxDZ6HDF5H/LSun2Roc3r14YZf3FYf9ped/r4K7DUtH0qb/lvWfNo+lQw/wCvjrUDm5ryqc01xN1Nbl5Z2MMX7is+byIZa0OeqU4v+nj8asQw1JB3qT/llQctQ7iGaxrP1LWPJl5NY/8Ab37ryIKIbKebzJ91c57xJ/bAmuvlNakN550fnieubmhnhlrYs5oPK8igDcstYxF1rQh1iC8/cVz8/atDwfDBNqkcFBNQ7Dwr4Pn1+X9zBWP8fviFB+zr4Nk1zVT5VfSnwB8B6V5UfnwV8X/8F8tSsfDfgPT7Cx/1kt55flV2ezZ5tSofBf7R/wC1d4x+OWtXAn1WWOz/AOWMVeP+TBN+/rHivPO/cMf3dblnDB5VZmns/ZFOGGopv9d+NbPkW+fs9XNN8Nz6l+40qwluZP8ApjR7IPaM5vyPeiGHzvM8+uk1nw3qugy+RrulSW0n/TaGseazEEtFSlY1/ile08/TbqOexuPK/wCuNeufA34/X3huWOx8ST+ZH53+ulry+zggH+vqPUvs3NBz1Nz7o0aax8YaXHqulfvY/wDljVyHR54YpPPgrzv/AIJv+KrDxhdXHw51Wf8A0j/WQ+dX1B488B/8I3YeQLeuKpTOikeTw5/5bwfu6x7zToPN8+uk1KWCGLyM1zesTfJ+4rKodZH+6rPvdSnhusmtCz8j7L59Z+ozQediqAkh1Kfzv9fWhDrBm/cVl/6N9mqSzm71yeyAuTzWOPIzWefPs5f3Aqf/AJe/39XbyHzosmtKdM0M/wA6Dzvs9aFnZQeX55t4qy5oTBLyK1NH1KDyvs+K6aSMagXh/haCq801v/x7+RWxMIJosbax70wQy1sYmH4kvINH0uSda4P4S+G5/ip8X9P0O3g82P7ZVj48eLDZ2HkQLXuH/BJL4S/8JV4y/wCExvoPM8r93DXkVP3tb3CKf8Y/ST9mnwfY/D34Z2+lfurb9z++r3zwTo9hNa2/2+CT97N/yy/5ZV4/oPg++m8R2Znnl+zw/uq9w8BzCeWOxgsf9VXo4akdNSodZpumwab/AKieS5roPtn7qODPlxy/89ar2emwWf8AqJ/+u1V9YzDa+RBY+b5tdxiY+pXkEOsyQCGLy6y7yz866jggqneXsGgX8n2/zfMuq1LOaDTZfJgEsn/LSgDvPBOpWMMUelX1eb/tpfsrf8NOeBpPB1j4klsY/wDnrDUniqbxHpt/Z+I9K8zy/wDl8hrqP+EqvrzSvPsf3cksNFIdU+O/h7/wTf8A2Zf2YtHt5/GNjpt7qnneZ/a2oeV5sstfFf8AwWYh0qHxbpeuQQf6P5MUdn5P+qr0j/gsxr3xw8H+LtD1zx/4x1KPQ5bz9z5P7qL/ALa15f8AtveMvDnxs/ZL8F654cgilksP9ddxTfuqKpz/AMU+L9NvIPNjnr60/ZRm0rUrSP7dXx//AKPDF9a+nP2P9Y877PBB+6rhw38YUz6g17wrY/ZPPsZ65PUoZ7PzPPr0TR7zRJov9On/AHlc/wCKP7J86TyK7jQ4f/lt/r6p3kPnDmeukm0eCaLMJqvNoMFAHJzQ/uqy5oZ/NrsNS0yCGseaH97QcVXYz7OrkHepP9VUc01BgU9HvPOua6DzsRYgrk9BmJi8iukmPk2uK5z2DLvNS/eSQUQ3k80sc8FU7z/j5lrQ0CL/AJd81odBof28YfLxXQeFdSgmuo5/Prl9TtJv8K0PDc32SXNAH158H/HcEOixwf8ATGvy7/4LbfE7W9d8W2eh3olkt4rz9zX3x8JPG0EPl2M9fMf/AAVi/ZvHxO8EXnjHQ7Hzbi1/efuq7P8AlyeX+59sflXZ3ldZo2bwx2MFvL5n/TKuHs/Pglkgn/1kX7uvpj9gnwr4H1PxbH4x8YiXy7CaKT/U/uq54HTUOT8K/De+1/Xrfw5PBLFJL/z2hr9WP+Ce3/BM3wPr+l2/iPVdJ+0+V/y2mrY1L9g/4Z/tO+KND8VeAL62tv3MUk01pX6SfsufAyx+Cfw0s/CsEH7yL/XS120/3RxzX70/Kv8A4LG/sFWPgn4X/wDCceFfCvlR2H/LW0hr8j/On83yJ4P3lf10fGf4eeHPiR4IvPCninSormzuof30M1fnn8Wv+CLf7NniSK8vrHw59mk/1nnRUVF7T3zopeypH4Vw2fnRf6io5rPzv3Ffan7RX/BNrXPhV8S/+Ec8DwXMtnLN/wAtv3le6fsl/wDBHkeMIv7c8VaVLL+5/wCWsNc/1ZGXtT4D/Yt8eW/w3/aW8Pzz/u/t80VtNFX6cfHLQLG8sPtHkf8ALHzPOr5X/aQ/Yh0H4G/t6+A9D8Kwfu9U1LzJrSH/AJZV9oftReCb6z0W4sbHzbbzbP8Ac0nTdhrc+J/GPiSCG/8AIt/+WVU/7YgvIvI+z+bXF+K7y+06/vIJv3skU1WNG8SedFHXi/aPSj8J1ll595df2VBB5slal54J1zyv+QVL9oi/5Y10Hwf+BnirxV4k0fVfP/0eWavvDwr8H/B0OlXE3jHQ45LiWH/W+TXbSwxl7Q/M/wAmeG6kgngqSab9158H/LKvrzwr8JfgD/wtXVPDmq65bRahf+b5MMs1eR/tRfs9weA5JJ/Dk0X7r/nlRUwwU6h43o+pedL9nua6DyT9l8791XF2fn/8+/l/89q7TQZoLy1jgnrOkaVCvPZwTdapzefDWxeWfk/8t+tZesw/8t4K1KJIdU86qepTecZP3FGmTwQ/6/8A1laGj+G7jxtqkfhzS/8Aj4lrGpUOSqfOfxs17ztZ+w1+pn/BGH4SwaP8ILPxHPB+8lr88/j9+zfqvgm//ty+/wBJ8qb/AFVfrJ/wSp8H303wg0+DyPKs4of9dXFhqT9qZ0/3R9Uf8I1YzS+dY2Hm/Zf9d5NbngjQfFWpCS+sdDltvK/5a/8APWib45fA/wCBmjXn/CZeONJsvssPmTQ3d5+9r5n8Sf8ABxF+yT4V8R3nhzStDvdSjtZv9daQ/upa9ekWfWmpalrmmxeR/YcslR/8JJnS/sNxBJFJ/wCiq8b/AGXf+C0n7JP7S3i2PwdpcFzY3kvm/wDIRhr6cm8efA/UrD7dP4q0ny5f+W3nRRV0TA8/h0f+0vL+3QeZVjWPDf8AZsUc8EH7yuw8nwdqVpJP4V1a2vo/+nSbzKr/ANg30MfkTmWWSszQ4uaa+mi/6ZxVHoPiX7HdZuIP3ddxNoOlf2f5E8Fed69DPNqkkEE/lRxf8sa0A+c/+C1nwlvvid+xl4gnsfDn268tdN+02flQ/vYq/H/4JeFf2mtY/Zl8QQX3g69/4Ruw/eTS3cP+qr+gzUpoNesPsOqQebZ/8toZq+c/2oviF8HfEfgPxh+zL4OgtrbWItBlkmhis/K/dVrV/hGCg07n4P8A9uw+tfVH7Fn2iaaOfyP3dfIer2f2TX7zSv8AnleSx19ofsH+R9gjg8ivJw38c0qH0Zr2pQfZP9R+8rj7zUp4brP/ACzrqPG0/kjHkVx+pTfbIv3FejU3Mi5o+vT+Zmc1Y1jUoJovP8+sPTYZ+tSaneZi+z4oD2jM+814Tf8ALxWf9s9/0qO8hPm0f6qszmq7Fj7Z7/pR9s9/0qvN/qfwqP8A1VaGBT8N3kH2quomvP8ARa830288maSxgrsNH8+aKuM9gkh/fXX7+tjTbL99H5BqnDCIIuBXQabZ/uo60Akms/Oi/wBRWX5xs7qukvLPyYqw9Ss/9KoA7Dw5qUHkxz2/+srsLPXtD8SaNeeFPEcHmR3UPl/va838EzQQ3/kTn93XommeG4J7qO+g/ex120zjxFM/HP8AbY+DI+DPxp1CCCw8qzupvMhr3D/gjP4w+Fln+0FefDn40+X/AGP4ts/7Jh+1/wCqiupf9VX0J/wUm/ZLHxP8IyeI9Dg/0iL95XD/APBK/wCD/wAD/if4H1T4ZfE3S/s3iCw1LzIbv/VSxf8ATWoj/fD6z+69mfRHwT+LXj//AIJm/tGXHwk+Mc8svhO/1L7No+rf8svK8391X7OeA/Emh+MPDlnqulX0dzb3UMUkM3/PWvzL/au+GOq69+zT/wAIP8VPDkvimztbOKOz8QxQ/wCkxeV/y1r6A/4JI/FSx1L4K2fhSfxz9tksJvLh87/W12TpXpcxkqlU+qPip4q8OeD9BkvtcvvLjirxvwf8T/A+vy3E8/iq2jjl/wBTDLNXqH7RXwksfi38M9Q8OQX3lfb4fL87zq+S/hJ/wRb+Cx0u8vvH/irW9XvJZpfJm/t6X91/5FrEr997Q9w8K+Gf2c/G3jK4txquialqlh+8mtPOillirn/2zP2uv2c/2Ofh7JfeI/GOm22oeT/oekwzfvZf+2VeD/s6/wDBLX/hRv7WnijxV8K/GOpRaPdaPFbTS6jeSy+V/wBcq5v9tL/gjbP8cvHn/CcQarc6lJL/AK6a7vKzFUqf3DxP9gPUrH9vz9tL/hpPXLGSLQ9Bhlj02Gb/AJ6/5lr64/bk+Cc/irwl9u8OT+XJFUf7K37Ovwq/Zu8XeH/2evA19ZRahYWf9o69/wA9Zf8AMtd5+3hqWq2fwbvNK8OfvLiWH/llQZn45/GD4G2HgnxvrEGua5ZXPmzfufJm/wBbXL6b8N77WDJBBP5flV0HxI0e4vJdU0PxH+71i1m8z99/rfNrc/ZQ0Gx8Y/EXT/BvxG1WOys7/wDd+bNXk1MPbEnrUv4J9Gfsu/sOfEW48B2fjHwP8dvNuP8AWQ6dND+6/wC2tfTH7N/jax+M3hK88K+MYI7HxBpc0tleQ/6rzf8AprFXz/8A2x4c/Yl+Kul6HP8AE6K50PVJv30Pnfuooq6Dxh+1F+yh4P8AG/8AwmPhzxjbfbPOik860mr1qdSEaVzmVOqviPL/ANq79hvxJ8N/EeqfFTSfEcsdxa+bcw/vq8z+Bvxam8U395B8W9Vtrm3/ALN8uHzqj/a6/bk8f/HLxRcaH4V1WX/hH/8AV+d/z1ryfQZrcfuIBXHVxMPsHRS9qbniSz0r7feT6V/x7xTfuaNHvD50cFV/Jn+y/wDPWOqcOpfYpvIWuX2hubmsTeSf3FU5tYt5v3FxBRqV551rWX53/LeAVRzlfWJvJi8+voz/AIJd+A7f4hePNY1y/sfNjtYfLh/6618t+JNR87zOa/Uj/gkj8H7H4e/Ae38Yz2P+kap/pNKlT9qZnD/tdfsu+FbPwvea54jg8qPyfM/fV5X4k/be8VfCX4EaH8DvgAIpPFHiO88qaWGHzfKiqv8A8Fqv2wNVg1mP4SeHL7yo5f8Aj8hi/wCeVeF/sH/FTw5o/wAZNH1z4qTx/Y4v9Tdzf8sq6lC0/dM+SpVplf4haP4j8H+KLjwr+0n4x1KSz8Rw+XNqEs0v+iy/89a5P4M/AeDxh4yuPC3w4+GXiTx3cWs3+t0SHy7X/v7LX6YfEj4A/sd/td6zZ32q33/CQSWv/Lpp03lV9IfA34R+DvgB8Prfw54A8DW1jbxQ/uYYYf8AW1ovZGtOn+5Pm/8A4J+fso/8Mrm8+OHx+8D/ANm3ksP/ABLfDOh2cupXMX/XXyv+WtV/29v+Cq3wI8V+Dbz4R6V+yv46kuJf9dd3eg/YfKr0z9rr9qj9o34e/DmPVfhJ8Cb6S4lhl867lh/1Vfkf49/aj/aMvPFuoav8RvGOpW15dXn+qmq51qcPhOanh2fRHwN+JFjeeILc/CT4t/EPwdql1N+5tLubzLaWX/nlX6Ofs9/tIftQ2d1o+h/FTw59ut5byK2/tCGH/WxV+bf/AATr/aW/Zl0f4tR+P/2y/iZq1tb6DZ+ZoOnf2PLcxXV1/wBNZYq+kPG3/BW7Q/2nP2ofA/wH/Zl8OXP9h/2x5mpatdw+V5sUUX/kKs1UpTNadP2R+nH9vWN5ax+fcRR/9Npqx9S8HwCWSf8A7/TV4nDDPrGqf8I5/wAJxL5l1D+5hmvP3tfL/wAQv2P/ANuH/hY2oa58K/2hfEkdn9s82HzrzzfKoIqYl/yH3hNo9j5XkefF5lfMf7Wn7N+h6ddah+0ZoWlSy65FpsttN/09RV8D/tXft1f8FCv2Ffi/GfGPjHUtW0v915013Z/upa+8P2df+ChHws/be/Z4s9W8OX9j/bF1Zyx6lpP2yLzYpYov+eX+trsofxNSatX2lLQ/C/4p2XlfEbWPPsZLH/iZS/uZv+WVfWn7Dc1lDpcc5grw/wDbw+G58E/tQappVxP5Ukv7yb/lrX0h+xD4Ugn8EeeT/wAsa46lNfWdAVT2lE9k8ValpU1r/wBNK4f+2NLhuvInrc8YeFdVhlrj5vB99NdSYnoA3LLUrGHpP5tV9S8iYf6is+DwrPDL+/nq55M8Pln7P+7rQPamf5PXz6jmhrcvIfOiyay73PlfuKDMp+dBB1qneTQdKNShn61lzTTw/uJ6AI9H0eCaXzZ/+e1dhoMMGOYKw9HmghirUs9S8nmvPPQNC8m8mKStzwreQXlrHBXH6lqXnVY8E+JP9K+wz1v7RAd5qc32Pv8Au6rzfYbyKqepaxBeRVhz69Ywy+R59a0ivaGpZ2c8OqefYV6x8PbLVpYo7hv9XXk/hXUvOuvI/wBZJX0J8H/CuuXmnx/88/8AltWhynD/ABgvM6NJpU8H+thr4z8LQ/8ACpf2kbfxVof+jR3/AO7vK++P2i9C0PR9G+3Y/wBI/wCmVfE/xg8N/wBp3X9q2P8ArJZq19oc1Sn++P0s/Zv+M2leMfCUnhzxHBHLbyw/8taj8LfAex+G/wARrjxj8K7/APs37VN5l5DD/qvNrw/9hX4g6F4w0H/hD/EcH2a8ih8v99N/rZa+jNB0fXPh7qnn6r/pOn/89oa6adQzp/8APs+oNB8bX2peCP8AThF5kUP76Wvnf4A/Gv4jeJPjn8TJ01XyvDelw2ttptp/01/5610n9pQXngPUL6bxzbWOlyw+X5v/ADyr4L+JHxUH7N/jLxBB4c/ap8Py6fr3led+58yWKX/pl5VZVKZrTqP4D7wg/aRv/hj4C1Dx/wCJLG5vf+mVpD/ra0NS/bGsYfgjcfFTW9D/ALNj+x/aYftc1eD/ALPn7JerfHTwlZ678TfjvfXvhu602K5/sTSdSlii83/prL/ra+O/+C3f7YGl/CuX/hl74Za55scVnFHN++83yoqKlqVLnMqVT2r9meof8E2f2hND+Nv7QPxI/aT1zXPNvNQmisofOm/49bWLzasf8FAv+Cq3wj+G9heeHPCuuW2pXlr/AK7yZv8AlrX5P/BOD4//ABCkk8AfBW+1eOO//wCPyHT6+uPhX/wRV+KnxC8Of2r4/nvopJYfM/fVxQr/AMppOl+9Pk/Uv2qPFXxU+LWofEbXP3cl/N/36r2jwrr0HirS7e+t7795F/qZa1PGH/BIvxH4b1S40rQ57nzIq8j8VeFfip+y7r39leM7G5+x+d/rq4sR7ar+8OmnifZHpHjDQb7xVL5+q38lz5X+p8797WPD4P8AJl/1H7yug8BePND8YRR4njik8mugvIYPK8+eCuanVZ1U6lzm9H0Hzof35rcstHgs4vPgt6r47QT1qWd75MUcE9bGxH5P7vyc1XvNBgm/f1sXnkeT/wBM6jnlghi/cCppgcnunhlkg8j93VP7ZBDL5E48yuo1KzhmizB+6krn9e0zyYvPgoqE1DD+xnX9es9Dt/8AWX95FFX7UeCbKx+DP7PtnpQg8r7Bo9fjn8B9Fg1L9ofwnBP5vl/2xFLX6+ftCalAfhzHBYz/APLn5c1dOGOKruflX8cvAeq/tgftQXn9h2Nz9ji/dzS+TXunwr/4JR32sizvtVnlsbOL/ljDXtnwB+G/hzQftE9hYxfaJZv301fUHg/z7vQZLKCD/lj/AK6u00pe/ROT/Zp+A/wW+DN/b6V4cgi+0f8ALavqyHTNK1LRvIguP+uP7mvn/wCGPwfn03xHJ4ivp5P3s3+qr6A0fUrHyo4Lcig0pFj+x5/7G/sO/giuY/8AprXzn+0t+wT8CPHmg3l9qvwysZNQuoZf9Lih/e+bX1J5Nj5UYEHmVl68fDkMkYnvo4pP+eMta+yQ/aH43/D3/gjzrmpaX4s/4TGC9+0ed/xIfJhruP8Agnv/AMEyPjT8DPi1/wALi8fmKxt7WGWOztP+WstfqhZw6UIswGsfxjo/7qT9/wCXWdSnRM/4p8B/t+fD34jfDfx54T/aF+HP9r/Z9G82TWJYtSij/df9/a+lP2Of2kPDnxs+FVvrmla5bXsn/Lf99+9irwfxVqXxG+PPxv8AGnwP8f65/wAUnFZ+XZw+T/ra2P8AgnL+xb/wy74j8SQ/bvtOl38P+h+dSXtjGZH/AMFmPFPwxh/Yy8UWOu+Fba+1S/s4o7OW7h/1Xmy1+EfgnxJ8Rvgb4yj1XwPql9pskvlSQ+VNLF5tftx/wW2+GPivxt8II5/CsHmW8UMXnRRf9Mpa/LvU/gz8cNY8OW+u33w5+03nk/6H+5rqn7SpSNafsY0ji/id8Qtd+JHjeTxH44vvtOoSw/vq/RD9gPw3of8AwrS3nn/5aw1+Z+pefpviOTStc0ry9Qim8uaKav0U/Y/vNVs/hfbjz/K/c/ua82hCt7bnM/Z0T2D4tabpXkyT25jrzMWfnS9K0PHHje+mMkN9BXP2evQYrpq7nMGpfaIap/2kPK8iaCtjUryCaLz7eufmm/e1kBchm879xVOaHyZf38FSWf8AoctXL2b91z/q60NDn9S/c9aw9Ymgmirc1ib0rk9TuPJloMyxDefupKsaZdzf41l6Z/qvI6V0lnZ2/wBlrzzsI4Yftn7iq/2OfR7/AM+uk03TfJ/5YVJqWjwTfv57erpARw/vrX7QKjs/g/4x8eazHYeHLGWWSWavQP2afhUPip43t7Ez+VZxTfvq+qPi1qXw4/ZE+x+Krixi8y102WSu2lT/AOfhz+1Plv8A4Vj4V/Z7sPt3xN8cWNjcRfvPJu5v3tV9Y/4Kxfsy/DHQP7K0PxN9tvP+nT97X5R/tOftIfE39pb4teIPHHjLxHc3P2/WJZLOKab/AFUX/PKuP8N2c8Mv7+s6lTX92aezZ+gHx+/4KleHPG139g8D2N1+9/1013DXD6D+0hpWsRefrkH7z/njXzHZwwSxf8e/+qrpNA1iCzrmnVrGZ9GWX7XV98MdZj8c6H5sflTfvoov+WsVfdH7K/8AwVv/AGZfiT4bj0Pxj8Rra21Dyf8AkHat+6l82vyP1jU/th+z+f8Au6838SeFoJrqTVfP8r/nj5Na08SZqmrn9IHw3m+C3xU8Ja54H/tW2udP1n95/wAfnmRS18R/Gz/girY3nxLuPFXgf4qW2kaPLN5nlTf8sq+A/wBlH9pb44fAcya54U8cXMtvFD+50+7/AHkUtdZ4w/4KlftbeMLW48N/8JHbWNnL/rvskNdtPE0/Y++TUpVVV90+uPiR+3V/w73+EFx8JPAHxitvEmoRQ+X+5m8yWKvy/wDFXjDxj+0V8bv7c1XVZb7UNevIv301c/rE2qzarcX+q30ssl1N5nnTf8ta6T4G/wDEt+Jel30EH7yKbzK4quJOmnS9nH2h+7H/AASM/ZR+FfwT+Gdvq0+hxS6hLD++m8mvvC80zSprbyILGL/vzXwf/wAE6/jZ/aXhy30q+t/3lfbFnr37qPyP+WtWp+0Iw9Tmkef/ABO+FcEt1/atjocUn/bGvm/9t79kTwd8fvgPeQW/hyL+0LWH/nj+9r7ohvLKXT5LeC48ySuTvNBsZorjSr6x/wBbT9p7LQ6Z4c/mnvLPxV8CPHlx4O123li8qb/lrXtHg/4haVr2jRwef5lfUH/BYb9hXztLuPid4O0r/iYWH7z91D/rYq+B/wBkXwH8QPjN8ULfwP4VsJPM87y5vOh/1VedUouT0F7VUz2i7l8niD/V1JDr0F5FXvHxI/4J7/EbwT4X/wBf5snk1813mm6toOpXGk3sHl3Fr/yxpTpVaXxjpVfanWf2p/on/TP61XhvP3vkTwVy/wDwlU/lfvv3dWIfFUEMX7if/rtVHT7Q6iaaCGWrGpaPBeWvnwVycPjbSppf39zW5Z+MNDEUcH26gKgfCuzsfCvxl0vxHqv+jW9hN5nnV9GfHj9py+8SfY9K0PVZZfNh8vzoa+Z9Ym/4Sq//ALDsf3sl1/qfJruP+ED1Xw3qmjwX0EstxFNFXXSpnFVqH2B+yjqXk2FvY6qJftEtfaHhuzsf7Bj8iD955NfH/wCzHoPnazb308H7uvriz03VYbDFj/q66TSnUJLPxVMPEX9leR+7i/dzV2l3ZarNp8c+lXFc/o+g+dYfaLG3/wBIl/11dxoMM9nYRwUFmPeeKvEdnoMn9lQyeZFDX55/tIftYfth3nx0/sPwPodz5f8Aq4f3NfqRDo0GpWtc+fhj8OLPVP7c/wCEctvtEU3+t8mtvZszMP8AZj0Hx/efDTS774m/utQlh8y8irpPG3hv7ZF5Hn/u64/45ftmfAj9mnw5car8QPGNtbSf8udp/wAtZf8AtlXzH48/4KTeOPjBoPn/AAd8D/8AH1D5dnDLefvZaVKn7UipUhS+I+hNX+Bvw/8A7Z/tUeXFeS/66WH/AJa1qTeCYIbDybGfy/Kh/wBdX4r+PP8AgpZ+2zN4u1TS4PAFtbXGl3n2b/XS19wfsN/8FFNV+LPwbk174p6V/ZsmjQ/ZryW7m8qLzaFTvucvtakaR2HxJ8YePtH8EeIIPiN4Vk1K3tZpf7Nil/5axVsfB/TfAHxT+HNv4x0rQ7b/AI8/L8nyf9VLWH8f/jN4As/hfH4xuPGOmyWd1+78n7ZFVj4P+MPhz4C+Hsn2ESxfarPzJpq1/wCvY9fY/vD8w/2hv2ev7e/b/uNDsIP3d1DFc3kMMNfbngP4MweD/AcelWP/ACyhrh/gP8Jb3xJ+0P4k+KmuQySf2pN5cM03/PKvfNf1mx0KKSxnt6kypXPB/iFo/k2snnwfvK834lmr1T4taxBeyyQQf6uvN7OHzpZLcmuOqdIW0P8AzwnomspvN8+rn9mf7VSXkM8MX+o/d1maGX+9o+2W/ofzqxefvoswCqfke9aGZT1j/VeRPXF6wPOl5rsNYm8muT1j/XCgzK+m3h83FdhoN7B/x7iuHh/cxZrrPCn/AD3ArjOw7TTZoIf3E9c38ZviFY+CfCVxPB/x+XX7uzhrQ+2CG1knnqT4G/A3/hor4v2c99Y+bp9hN/qa6MNSOerUPYP2IfB/in4Pfs03nx48fzyR+V/pPlTf9da6T/gqJqWlfE74BXHjHw5fSyR/2bF5MsVfRH7V/wAB59Y/ZVk+Dng6DypL+z8vyq+a/O/4TD9kG4+En/HzrGg6bFZalD/zylir0DP2f7k/I/48fAG38E+EvD/jGGD/AI+v9d+5rzeGzn+1V9cftOTWPiT9mm3gsoP9M0u88uaGuD/ZX/Yz1X48aNJrf/CZabY3nnf6Hp93N+9uq4/ZfvTSnU/cnk8NnNDFmCDzfKqTTdN1XUrqOCCyk/7ZQ1+wn7Fv/BJ3wP8AD3w5Z+Ofi3Bba3eXVn5k2nSwxS20UVeqfs6/sEfsoaDpfn/DLw5beILeK8lj/tDzvN/e/wDXWtPqIe1Pw3s/Cuuaxr0fg6CwkiuLqby4YZYf3te2ftgf8Ekf2sP2Y/grp/xw8R6HFfaHLD/pn2T/AFth5v8Az1r9AP2ov2AvFGgfHm3+OHiSx8CaB4X0u8sJdHl+2eVdS3X/AE1/6ZV+gHxN0bQ/jZ8FtQ+FfiPSrb7Rf6P5d5p8v73975X/AKKrVYaijSnufyr2epaqI/sAroPB/gTxHrF1GfsMkcd1N5dn+5/1v72KL91/39r9VPgP/wAEJfgR8W/C+oWPjHxjqWieKIppfO0//lrFF/z1/e19ef8ADtn4Of8ACL/DexNhbS6x8JZvM0e7u4Yv9Pi/5axS/wDo2hYaj7UeI9rY/n//AGr/AIA/Eb4A6zp+leP9DltvtUPmWc3/AD1ri/hXr1toHjfT9VuP+WU1fsh/wcX/AAMHjH9l/wAP/EDw54V/0zRtSlkm8qH/AJZV+Jej/aIdUt55/wDntWOLpUfae4a0P4J+zH7MXxgn+Ht1o+uX1jLHZ38MX76KGv0Y+HvjzSfFWg28+lX0Unm1+ff7Fs3hz4zfs8WfhzyP9IsIa+sP2XNHn0G1jsb3zaj/AJd+6cuG3Z9AeG9Nn83z5561PJnml8jyK1NBs/JsI60LyCDyv3EFZnYeZ/Gb4SeHfiF4IvPDmq2Mf+lQ+X++r8y/j9efB3/gmDa/8Jx4b8OW194guryWOGH/AJ61+snjCaCy8L3E89fgH/wV0+IVj8VP2yLPwPDff6HF/wA9f+WVae09kceIp+1qlj4kf8FSv2tv2kJbfSvDdjHptv53l+Tp0PmSy1HZ/Cb4t6xpf/CR674cvY7z/WTTSw19ifsc/su/CvwT4N0++0rw5ZX1x5P/AB919Ial8Jf+Eq0GTz9Jiij8muadT6x8YU6cKPwH4369oN9/qL6Dy5Kw7yzns/Mr6o/a6+D8/hvxbJ5Fj5Ucv/LKvF5tB0OCLOq31tF/11mriqUmdNOpyHmf2O+/18HmVn3l5fWdrJ5/mR/9Nq6jxh8SPhJ4Vmkg/wCEjjk/65V4n8SPjn/bF/JY+HIf9HrKlTrGvtD9EP8Agkj8E/Bvxg8ef8JH4rv47mSwh8yGKvoj9q7wr4c8B/EazvrCxi8uKavyf/Y5/bq+Iv7KXjyPxXpX72z87ypovOr748SftX+Dv2rvCVn4q0PVvKvP+W0Ne3hrwpHLU3PfPg/4wg0HxFbnHlW91/qa+xNB8VWP9gxzwT/u6+E/gnAde0aOfyJZbiwr6Q+HvxI0O80mTSr6fyriL/ljXQB7R4b8b2P9of6P/q69As9SgvLWOvmPwT8SLGHxRJod9/2xr3zwrrFvDo3nfaKDX2p0F54qg039wa+b/wBvz9szQ/2evhDqHiOfVf8ATP8AljD53+trsP2kfirY+A/BF5rk99HF5X/TavyP/wCCkPxa8VfFSTT9DbVopI5bz7T5P/XKn7T2RzV587seB/tFftFfH79pbxlH4qvrG9ljl/1MMMP+qir9JP8Agl3+yL8D/wBkvwvJ+0n+0L8TPN1iXTfM8mWbzYrWKvyj1745fHGC6/4QfwqJbb9z5fk2ln+9r3j/AIJ1+ML7w38brOy/bn8K63qXw/1mGW2ml1G8l8q183/lrWdOpWp/AaTp08Qocx9max+27/wTSl8W+ML6x1yLV5NUm82zhtNBl82WX/v1RoP7GerfGD9jm30LQ/MsbzWRLq00U37r/W/vYq+f/jZ4w8Hfs9/FDxBB+yv+z1Y+JND0ub9z4mtPNuYv3v72vnv4/f8ABSb9qjx7YR6H/wAJjJ4bt7Wz+zfZNO/0b91/1yop4m+k4mdXC2/hnH/Hjxt4y8B3958Kxrn2m40G8/ffvv3XmxV9Uf8ABOD9qH4jftIapo/wq8VQeb5VnLJeTQ/88ovKo/4Jj/8ABJ2w/bG+EHiD4q/FS4uY5Lqz8zTbuWb/AI+pZf8AlrWX/wAEqbOD9nX9rTxp8MtVv47mTS7yWy87/trTp+0pmc4uVI/Szw54D/4RXSpP9B8r9zXkfxh1/wA66k8//llXuHjb4taDNo0kFjPXzH8TtY/tKWTyP9XLV4moaUjj9evYLzrWP5X/AC8+RUk0Pk/8sKkmvYPs0YzXEaFeabyZc1J9tsPJqvNLBMKpyT/8+4oAsfbIDL+/qnefues9V7ef/l4JqnqV55PWtAKepXg8rFYepfvutXNSvB5WKy5pqDmq7FfR/wB9+4rqNHm+xeWa5/QYPKl5q5eXnk+XPXGdp2mjabP4p1m30Kx/5azfvq+nP+Cad5ocPjLxZB9gi/4ld5FbQzV87/suzWOseN5P+enky+TX1Z/wTH8B/wBm+FvEniO+/wBZdaxdSf8AkWWvUwX8I5qv8U+lNY8bWHiTxvb+FYD5v2DTfMm/7a18L3nw38V/CT9vHxh5/m/8I/4t0H7bD/zy82KvsT4G6abybWPFU/7yS/1KWOuP+PHjDwP/AMJlJ4csZ47nWLWz/feTD/qq73sP2p+Kf7UXjAeCfjJ4w8C3E/8AxL7qaKSGH/prX0h/wRy0f4V/EjxbJofjHQ7a5t7Wz/5a/wDLKX/nrXy3/wAFAtH+x/tN6hPP/rLr95XN/Brx5/wr7RtQsdK8R6lY3l1N/rrSb/llXkU/94M8KfqR/wAFAv29b/xtLrH7D/7DGlXOr+JPsf2LXvGWn3ktta+HP+mvm/8ATL/lrWp+wH+3J+zZ+zd+yN8P/AHj/wAfyaTqGqWeqXOmzS2d1c/avKupfNupfKi/dRSy+b5UX/PKvP8A4b/Bn4Eftyf8I34c/ZI8Yx6Jo/2P+yfippOk/wCjX0ulxeV5V1/39ii/7+y1qfD39nT/AITL/gqzp+iar4Hlk8F/DTwTdaTrGoxWfl6Z9vv/AN1a2ttF/wBcvN/79V3Uzs/cnw3+2l+2l+0L+0J8WriDxH8af+Eo0OK88zR5dDhura2ii/56+VL/AMta/TT4D/tQ/tXab/wSrt/iPquh6v8A8JJ4I+wajZ6tq2m/vdU0a1uopZf9b/rf9F82Lza+T9R/4JC2Nn8c/iBPY6Hrdt4f0HxVFbaDaed5UV/FLFFL5vm/88v3v/kKv0417XvH/wAN/wBnjT/hzofwP03VtP8A+Fb3VtoOk2mpfur+6ii/dWsssv8Az1i82pI/injf/BTjXoPg/pen/t3eHPFepWWqeDZrCSbT9P8A9Vf2Esv73za9I/a7/ac+HPwr/Zk1T406VqttqWuXXgm617wfpP8Az/yxRRS/uv8AnrXhf7fnjz4c/EL/AII8yfEzxXBcxx6z8N7WSz0+Gb975sX/ACy83/plWf8Asu2Xwy+LX7PH7L/xi1XSr3VrjQfB9/HZ3dp/yDNGli0//l5l/wCev7qtv3Zf74van+254u/bV/YD13w741+Dq+G/E9z4c8zUtH1OE/aY4v8AntFmvwNm+zw+Lbiw/wCWcV5X6uf8FOP29tV+D/7V9v8AEbwdocVzp/i34Y2vkzQzfupYrqKL97X5J69eGXxFcX3/AD1vPMrixE6Y6dPQ/ej/AIJLeFfCt58JbP7DY/vJbOL99X2ZD8N/7Nuvt2k2/l1+c/8AwRV/aF0qD4fWehzj955Pl1+rmg6xY69o32iCuX2iOaBX8N+JPsdrHBPXWWd5bzWn7+vl/wDbH+J2q/CrwbeeI9DuPK+yw+bXyf8AsN/8FsPBvxx8eSfDHxHqkkV5/q/31ahzn6OfFrXoLPwveeR/zxlr+af/AIKKePLH/htLWNVn/wBXazRV/Rprt5B4q8B3k9j+9klhr+cf/grF8Jdc+GP7UF5quuQeVHqh8yz/AOmtRVVUKdS9Y/XT/glT48+HHxU+Bml3Gh6rFc3EVn++hr2j9pb9tj9nP9kXw5/avxb8cW1l/wA8dPi/eyy1/OH8GP2wP2hf2ezJ/wAKd+I19onm/u/JhrH+J3xs+Lfxy16TxH8W/H+pa3eS/wDP3NSprkpGn1er7U+tP+ChH/BWgftLfEGS4+Dvhz7Dpdr+6hu7v/Wy18n698VPHHjCX7RqviOWX/plXP2emwdakhs/3UlB1U6dIjhhnnuv39dRpugz3n/HvBWHDDPDF1rtPBOpwaba+RPB/raBe1okcXhD7XF5E9fUH7Df9h+VcQQT+Z9lh/fV4noPhXXPFUsdj4csZJZJf+eNe4fsT+CfEfgPx5qHhzxVpUkUl1/z2rSkcx92fsx+MRo/jz+w7791HdQxf8sa9k+M/hufwfqsfjDQx+7l/ezeTXm/w2+G9hqWq2+uaHNH5lr/AMsa+gNY0efxL4Xj+3Qfu/8AVzV0BT3OH0HxXpXirWfP0q+j+0RWfmV6B4W+NkF54Xkg+3eVJF/yyr5z1iz1X4MfEuPXIIJZLOX93NXpFn4V8OePJf7c8Ha59mvLv95NFWYVKZ87/tgftLWPiTWY/hj4j8VXNtby3n76aavlv4qeFdK0H4oaXrl94x/tLT/Oik8mab/llX2B+1R+yVffE4efcaH/AKZaw+ZDNFD/AK2vM/id8MfCnxI+COn/AA58caXJZa54c/489Q0+Gs6/tdB06dKoeifsl/Cr9mz4heIv7cng0mS4is/L/wCWVfVHxO+DPwO174aXHhyfQ9Il/wBD8uHzYYq/GfwH4l8f/s7X15m+uZbf7Z5n7791FLX6Gfs9/t7/ALOfxU0C3g8Va5FoF5FD5flXcP8A7VrppYimtzL2fsj6M/Zp/Zv+Evwl+EF54OsbG21LzbyW5mlm/wCevlRV+V//AAUb/Z11zxJ+0teT+BvA/lafF/rruGHy4q/TCD45fBbQdG8/SvjTYxW8v/PGHza+A/22f29tD8X6NqnhzwAbaT995f8AaEMPl+bWVapRNKftj0j9m/8A4KN2X7KP7KusfCu3g83ULWz8uGaL/llXy/8A8E2bzxH4q+MviT4m67cSfbNU1LzKr/sx/AHxj8YPDmsfEbxjBLbaPa2cslnD/wA9Za9M/wCCbPg/ybq81X/qJS1n+9qUjLn/AHp9galearDa+fPXJ6xqX2yKTz4K7TxL580XkGub1LR/Ji/1FZmpwd4JzL/qKpzfv/8AUV0l5ps//PCqf9meTLQaHPzQ3HQW/lVl5ngmkE9dJqUOLrz6x9YPky80GhXqnrFVxezzS+RSXX+pH0oIqmJeTd6y5pq1NSh9T9Kx5+1Bw1djYs4YOtYfjbUoLO0kt61NT1iDTYv3Feb+MNen1i/rnO09k/Yzm+2fFW3nnn/5Yy19+fs33t98Mf2ePEGuH/WS3l15P/bWWXyq/K/4e+OtW8B+LtP8VaH/AMsv3c1fpZ+yt4l8S/FWLw3oeq2EcehxebqN5L/01i/exV6uG2OLEfuqp9EfA3Qb7wr8M9Pg1T/j88nzJvN/561x/iT4V/DnwfFrHxTn/wBJ1DVP3f8Arq4v4kftgeDvG3xu/wCGX/hl4j83WJYfLvPsn/LKvN/jB8bPCnhv9qvw3+yj4V1X7T/YPhW6udY/feb5t1LLFXT7QUdj8w/+Ck3k6l+03ILeD7N+5/1NeL2dlBZxWc/7397N5f8A5Fr2T/godo99Z/tQ3F9qvmxRyw/ua8bnHk/Z/IuJP9F82vN/5fHVg/gP1k/Yy+J/7HfwGl/4Tj4H/CvxJ/aml+D5ZPEn9k/vZb+WXypf9V/2yr7E8K+NvCvir4X+G/FWh2Ett/wlF5a69DF/y18qW6ill83/AK5ebX5N/wDBIv42eP8AQf2jLjwrpX9pXNvqnhW/+2eTpvm+V5UXm+bX6CaZr3jG8/Yz+E/xN8VfE6Pwt9g/4RyTWItR8qPzf3sUUsUvm+V5Vd1L+CBy/wC2B+1R8adS8ZRweB/s2geE/h98bNG0H4hQ6jD5t1qlhdRRfvYv+mX72tD9hX9q740+K9M8afAHQ/B0fiTUPhf8Zv7FvP7Wm8v+y/C91+9iuvN/5ay/vZYvK/55V5/+074I/ZsvD+0xqvxU8VeKNSj/AOJNrXiq0tJpfKsPKi821+w/9+q9Y8H+PPB0OqfD/wAffDKD7D4X+Pvg/wAvUptJ03y/st1Fa/aorqW5/wCessX7qttDX2RY8H/Bnw5rP7NPxE+BH7VFjbavZ+F9e1n7Hp2n/u/NsLqWW6tYv+mX7qWvjf4PftLaVD/wSnvPh/4P1a50jS/hz8WrXybS0m+zebo11deVLFLL/wBtZa9ch/aX8f3n7e2ofs5+Fb7TfsfxG+FcV7NdyzfaYrq/tYvK/dS/9cpa/N/4A/ELxz4J+JesfBvxV4p03/hA5dYlj8Yfa/8Aj2+yy6hF/rZf/RVc5pSPQP25PFXwW8Sfs56H8K5/Ef2nxx8KtSl0XTZv9b9v0GWXzbXypYv3X7qL/wBFV8N6n/rfP6175428K+I/GPw+/tyx8OSSf2XqV1pOpahDZ/8AH1LFL+6/e/8AXKWvC9S0e+s7qSxvrCSK4i/5ZTQ1x1Y1h06lL2tj7E/4JO/GweFfHf8Awjd9N/rf3kMNfvR+zr8SLHxL4Wt8n/ljX8v/AOz342n+Hnxk0PxH/wAs4ryLzq/o0/YJ8baH4w+H1nPYGL/UxSYrnOWpT9nWNz9uvwd/wm3wl1TQ7C3/ANbZy1/NPqV54q/Zd/abuL6CCT7Ro2seZND/AM9Yq/qw8eeGoJtGuLf7D5vmw1+Ff/BZ79jiDwd4sk+MXhzSf3l1+7vP3Nb0v4wVPcPvj9hX/gqL8CPi18L7OD/hKrG2uPsf77Tppv3sVfm//wAF/vjl4I+Knxz0PSvCs9tJJpcMvnTRf9Na+I9H1/xH4bl8/wAOarc2UkX/ADxm8qsvXtY1XxHqEmq65Pc3NxL/AMtZZq2dT90Ojhv3ntDPhh86XyDXuH7HP7EHxU/a6+KOn/DnwPYyxSX83767l/1UUVR/sB/s92P7RXx50fwPrd9FbWfnfvvOr98NM+D/AMCf2If2fdQ1z4c+HP8AiYRab9mhmtP+PqWXyqVKn7U0rYiX2D5L+JH/AAbf6J4V+FPn+FfGP2nXPsfmTfvv+mVflv8AE79nr4m/BnxRqHhXxV4cuZI7Wby/tcUP7qvqT4kftpf8FEfDfxHjh8R+K/FFlp8t5+5tJvN/exebX6+eCfgb8K/ip+y/od98YvhjbabJf6b5l5d6tZ/Zpf8AyLXT7KlVRzOrJfCfzZ3kP739xBWpoP76L9/X6oftdf8ABJf9juHwb4g8f/D/APaF0TSbi1hlufJ/tKKWKKvyz1i0sNCu7iCx1WK+t7Wby/tcX+qlriqYf2RpTPrz/gmD428ATfFvT/Bviq3j8yX93D5tfWH7S3gPw54J/aC0fVbGxiit7r/njX5F+FfiR4j+HvjLT/GPhy+ktriwvPM/11fqpefE7/hpz9nPw/8AGKxn/wCJppcMXnf9da0pVEPk9nSPZPhv4kg8LeNo4J77y45f+WVfXnw91/Q9e0b7DP5Xl18F+PDf/wBgeH/i3DbyyxxQxfbPJ/5a1758Dfi14c1jQbeexvv3ldAjvPi18GYPElrcaV5H/XGvn+z03xj8B7uT7dBc3NvFN5kM3k/6qvrDR/iRod5YRwX0/wC8q5P4b8K+KrWTz7GKWOX/AJ7UAeR/CX9pzwB4qi+w65P/AKR/02hrqPEnwr+C3xCikvYILaK8l/5bQ/uqw/GH7Gfw/wBe1mS9sbH7NJ/z1hqvqX7OviPwf5f/AAiuuXNzH/12rP8AfGZl6l+zF8Mte0G48G654O02+jl/5e/J/e14342/4Iw/DLxXd/bfAHiO50T/AJaf6JN5Veia94q+MXw91nz4PB0kscX/ADxmrcs/2wL77BH/AGrodzbXH/Lb9zTVKlMPae1Pmv8A4c2z6aZINV8Y3tz/AM8ZvtleT/EL9g/4cfBm6zfar9uuPO/cw+d5tfVHx4/aQ+LfiXQbweANKuYvNh8uGaavmvwHDb+AdUk8cfGnzdS1iWb9zFd3nmeV/wB/aKlOl9gDtNevL74Sfs3ahYz2NtY2cVn+5hho/Yb8EweFfBFvfX37uS6m8yavL/jx+0HB+0Jr2n/CTwdpXmxxTeZqXk/6qvoD4S6Z/Zugx2H+q8qGs5VOWoZ4bc9Y1KHSr2LFc/rEPkxeRUd5rE9nZ58iub1jxhPNF5EFZHQWLv7DWH4kmg8qs/8At6eaXyKp6lez/u/OrMCneTTwnz6y5pvNrX1H/j1/CsiftQaGHeQ+dLgGpJoZ/K/6Z1chh8mWRsVHqV5DD+4zQaGXeWfnVl3mm/8A66ualeHzcVH50E0VBFSmcfr3/Ez8z9xXHzQ+VLnyP3lemalZwQ2v7iCsvR/B897def5Fc4jm/BOjzza9b6V9n/1s1fpBqXx4+HP7HP7LVx4x1yeL7Ra6P5cMX/PWXyq+I/Dfhux03WY77yP3kX/LavH/APgpl8bNV17w5pfgCx1WWT995k0VdmGqeyOepT9qfXH/AAQ303/hYWvfFj9uf4jW8UdvYQ3UemzTf8spf9bLUf8AwTBmsfif+1p8RPi3rlvLe6hrM0vnatND5vlReb/qq8r+JHxU1X9iH/gl18P/ANmzwr/o2qfEGzl1HxJN537397+98qvrT/gj7N8APEnwCt77wBB9m1y1s/L17zf9b5tdtOrEPZHxn/wXV8N6H4P+Puh/2H5v+lab5k3nV8n/AAx16eztdcn+w21z5umyxw/a7OKWvuj/AIOF/BEGmX/gvxz9n/eS+bH5tfP/AOxd/wAE/f2hfjl8L/EHxc8OaZ9m0/7HLHDDLD+9uv8ArlXF/wAvjWk6KpnpH/BE5v7S/aSuLf8A4SO+jk/4RW6j17TvsfmRS2H/AD1i/wCesvm+V+6/55V9qftFfBPx/wDFT4N/B/4SeP8A4t+G/wDhW8WsfafG1pLpsVjFf6Xa/wClWEUXmy/uv9VbRSxV8v8A/BNn9hv9uD4b/Euz8Y/YZfBtnFNLHqUt3DFLLdWv/LWLyq9k/wCCvXwl+J/xy+EGh/B34ZeHL6P/AIQjTftv9rXcP7q6/wCWX7r/AL9V3c/7kX7k+d9G/wCCmX9seF/2lPFeleD/AA/ZafqkNhbabp1pDLcxSy/vbXzf3v7r/VRf6ryq4P4nftI/GK7/AGX/AIT/ALNd8NS0nWPC+pRXNn+5ljlurW6tfNtZf+/UteseD/8AgiT+0b4k+AXhPwP4c+MVjoml3+j/ANo+KotRs/8AlrLFFL5X/TX97/z1r1T9or9hrwtrOjeE5/GP7amm6b/wi/gPw5oNnNd6x5nm3Vr5UUv73/nl/rYvK/6a1idCq0rHzn/wT91638YftMfDPSr+x/4nngPxh/Z2my/vfN/su6ilili8r/pl+6r6Q+JH/BJ34Sfs3/F/WPjh8fvEmk3PgvXtYik+yat+6ii/e+b/AO1f/IVegf8ABOv9lH9kn4AfGmPVtL/aM0DW/El1D/odp/aXmyyy/wDLWWvm/wD4OLvDfjLwr+0voeqwfFyXV9L1nQYv+JH53/HhLF/8dp8/s6Rz+0Z658Zv+Cq3/BMT4J6NqFj8LPhzpviiS/1KWSz0nSdN/wBFtf8AVfvZf+mv7qvyn/a6/aKsf2ovjfqHxU0vwNbaBHdQxRw2kMP/ADyrj9S0f/RfP/561nnTZ7OWsqmJqVKXIa06f/Lwy7Oa3sb+O48j/VTV+5H/AARn+M//AAlXwvs/+ekUPl1+IcNn50snn1+kH/BEP4vwaPf3Hge/n8v99+5rnM8R+9P3M03UrHWNL/7Y18x/t+/s3eHPip8OdQsZ9Kjljlhr6Q8B/YLzwvH5Fc/8bLyxs/BFxBPF/ra6MPUFV/hH8vf7QnwHHwr+IWoeFT/x8RTV5PrGmz6bLJBX6QfHL9le++P37dcmhwWMn2O6m/feVWH/AMFIP+CV+ufBmK38Y+B9Cl+z+T++i8mnUpGeGxJ8L/B/4n+JPhL4tt/FWiX0sVxF+8/c1+1H/BLv9qL4LftFarHY658R5ZLyWz/0zSdcml/9q1+IeveG9c8K3/ka5pUtt/12hrvP2Y/2ivFP7OvxBj8b+HLjzY/J8uaGsqdRo6pQpVT+ozx38JfgfqXhyPxV4k8DaRfR6NNFewzS2fmeV5VfGfjX9rr/AIJe/wDBQK7uPCv7QvjiWSPw5eSxw+Gbu8lsYpfK/df9ta6D/gkj/wAFAvCv7YHwqvPA+q6rH/bFrD/qZpv3ssVfHf8AwUg/4I//APDNugeIP2vfAHjexuZLXWP7RvNElh/df63za9Gl/BOXm9nV9mc/+3X8YP8Agk1D8L9Q+B/wJ/Zz1LTfNm/fajp0P2bzfK/6a/8ALWvl/wDZ1+Lf7Gnw98L65onj/wCGWpX15fw+Xpt3/rIoq6TUv+CnHwr8VaDHpXjH9hf4d3N55PlzahaWf2aWWvlfWNSsdY1q81ax0qKyt5ZpZIbT/nlXHVqnT7IPEcWlXniS4/sOCSKz879z5v8Azyr9MP8AgjnZ6V8Q/gtrnhu+nlkjtZpY4bSavzH8793/AK+vuD/gjn8TtV+Hvxus/C09x/xL9Uh82aGsqQsR/DPsD9nvWLG81TxJ+yv4xn/0iKb7To/nf+iq5+bR9c+EviiTSref7N++/wBVXeftpfAHxHpvi3T/AI/fDGCWLULCbzP3P/LWrGjjQ/2uvAf26D/RtcsIfLvIpv8AnrXQc9OobHgP4heI73S44L7zZK9A+Hvxs1XwrP8AY9b8z/pjNXzXq+vfE34AxSQeMdDub63im/4+/J/5ZV3HgP4/eDfHmlx3xvraX/plL/yyoNPaM+oIfjlBeRRz+f8A6qugtPiRoesWn/PKSvm/R/GHgaG1k+3XH/fmapLP4/eFfCsvkWOq/aY/+m1aGf7k94m1KDWLqSGf97HF/wAta5fxJ4J0PWJfIn+zRV89/EP9vzwdoP8Ax465HFJF/wA8Zq8T+Kn/AAUg1XxJqH9leALG+ubiX/n0hlpe3ohP+4fYnxasvhx8PfAd5quq6rbRWdrD5k0M01flf+05+0V/ws7xvJofgD/lr/o0MtfQmm/AH9qj9sCKSf4jeJL7TdD/AOfSH/lrXlepfs7eB/gz+1LofgA/vbfzv33m1jUqS+wZ857J+x/+zTB4b8D2/iOeD/SLqH99LX0Bo2j6VoMvkV2GgweHLPwlHY2HlRxxQ1y+pabPPdefmkdFJezpFi802xvIvIri9e8N/wClSf8APSusml+xxZrj/EniTybqQT0AZc2jQQy+fReabBNa/uax5vGHk3X7/wD1dR3viryYv3FZmhT1OafzfIqnNF5FrxUZ1j7ZdSVsQab50WZ6zAx/J83tWfeQ9q6DUrOCH/UGsO88jzeaDQ5+8s/O8yiGzrpILOCaKo7yzt4Y9vkUAR6P4bsbzi+FdAdB0PRrDz4IK5uz1K2s7qjUvEk+tXUdiLj93FWZmU5oYJdUuJ8Ufs6/sZeB/wBor4oah4y8cf6Tb6NN/wAen/PWtTR7P7ZdYrl7z9rS4/ZR8W6hBodh9pk1T/UxVtS/jHPV/unn/wDwUa+Cfxp8eftBXFj4c0O51LT9Ls4o9NhtP9VaxV9sf8Ef/wBnvx18K/hLeeI/FWhy6bJqk37mKb/W+VFXafsH69/wsLwRJ4j8YaHbXOqap/pM000NfWHgPw3pUMscGqw/u4v+WMVddPDh7eSjsfHf/BYfwT4V1H4Eaf4x8f6HJfaXpf7ybyv+WVfKfwN/4LheG/2e/hVpfws8K/AG5vrfS4f9dNrH2aKX/W//AB2Kvsj/AILn/H74c+Ff2c5PhVf30dtqGqeV5NpXxv8A8Enf2M/2ev2lvBvjjQ/iboccviC6s/L0GaaH91F/01i/7a0e9ze4ZU+T4yv4w/4LzftC/Ejy/Cvg7wPonhaO6vIo5rv7ZLc+VFVP/gp/8Z/2qJ/HnhfwN8K/2k9S8U6X4o0GKSbT9Eh8qKKX/nlXmf7N/wDwS1/aa+M3xzvPAEHhaXRLPRtYlttY1zUYf3Vr5Uv/AJFr7s/aK/bU/Zz/AOCY3xQ8D+B5/Clt4kuLXQfs2vajp1nF9qtZfN/1taezmvjOm0Kj9w5f9nv4M/HDR/2ZLz4m/wDBR/8AaT1Lw3od/wCG7qy0fRNW1L7NLF+6/dS+b/z1r4L/AGStB+DumftX+F9K+KnjG58UeF7Xxha+TFFefurqL7V+683/AKZf6qv0s/a5/wCCpP8AwTS8bfCrVNc/4SS28Zahf+VHDaTWf2mX/W/9Nf8AVV+Nfiq80PR/iNqk/gC4/wCJP/aUsmm/8s/3X/LKuepU9ka06Z+jH/BwJ5/wk+PHwX8f/CSxttEs7Czljhm0mHy4vNil83/ll/11roP2wf2ivg7+2B/wSc0v4/eFPgf4b/4SCws4tO1jUYoYvt2l3UXlRSy/89a/Pfx78cvjF8WvBOj+B/ip4/1LW9L0b/kGxajN5ktrWX4b+GP/ABTkcA1z/R4ppZPsnnUvrKaH7Wic2dNnvLX9xBVPUrODyvsPkV3k32HTYpLHH7usu800Xt3iCH/rjDXGctT97scvo/hWeW/j8/8A1de+fsQ+Kp/hj+0Pp995H7u/m8vya830HQYPtX2i4ni8z/nlXuHhXwrY2eg6X8TYP3cmjXkX73/rrLWS9rTDn+wfvJ+y74w/t7wHbzz/APPGqf7TvirStB0CS2vvL8zyf3NeF/sB/HjSfGHhKzsbG+839zXUftj2eq6zFZ3EPmyx+dFXo0jO/wC75CP9lH9mPw7ea9H8XNct4vtF1N5nnV7p8Yfg94V+JHh2TQ9W0OK5j8n/AJaw1T+A8MGm/D6zg8j/AJY12GpaxBBFurf2k/aGlKlRpI/NP9sb/gj/AODviRYXF7oehxRXH/TKGvyb/ai/4J4/GL4A6zcTQaHc3NnFX9MnirxhY2dh5888cUf/AE1r47/a18bfCvxhFcaHqsFtLJLTsqvxEOr7J+6fgX8Ev2ivjR+zH48s/H/wr8R3OkapYf8ALH/llL/11r3T9pz/AILPftbfta/Dj/hWXj/Vbaxs5YfLvPskP+tqx+29+zd4P0bXpNc8HmKKSX/llFXk/wAK/wBj/wAcfEK/jgsYP3f/AD28muOp7WkdlKpRq/vDyuGafza7TwT8N/H/AMQrr7D4V8K319J/0yhr7w/Zo/4JqfCvR/s+q+P/APSZP+mtfYnw++EvwH8B/Z7Dw54ctov+uMNZhUqH5r/s6/8ABOTx/wCMNet7/wAbaHfRW/8Ay2i8mvpD4b/Bnwd8E/2m/B+lQaVLbXEt5X6GeFYfhXNpf2HSreO2kr5/+M3wxgvPi/o+uQDzZIrz9zd10f8ALv3Tm/6+H2JD4U0rxX4S+wmx/dyw+XXyv8SPgx4j+AHjeTxl4VsvLs5ZvMvIYa+xPhvoM+m+CLe+guPtMksPmTVl+NrLw54vsJLHXD/yx/5bVrSqe6a+ypHlfgTx58K/jN4d8jXYLbzP9V5UsP72uX8X/wDBP34S+KjJfaEfsP8Ay0/czeXWpqX7Lo+3yaroc32bzf8AUzWlbFnZ/EfwHp8dv58tz5X/AJFp1BHi+r/sH/2lF9hsfHF7FHF+7/dTVj2f/BJ2+vJY76fx/q0v/XW8r3SHx7rmm6h+/wBKl/7812mm/FTyo/8ATv3Uf/PGpXsTP2R4n8Pf+CVPwd0f/SPEdj9puP8AltLNXpGg/so/A/4b3Uc+h+DrbzIv+mNdp/wuDQ5rX/Tr7y4/+e3nVxfj39or4ZaDayf8VJFLJUezpGv8Ip/FrxhB8PfCV5fWNvbW3lQ1+N+sfGbxV8bP24ft1jfSSRxXnl19wftjfGHxH8bfC2qeB/hlBJ9olh8vzq8D/Yz/AGJ/+FV61J4x8Yz+ZeS/8tpquv8ACctOofWHhvxsLPRreHz/AN5FVibx5m54/wBXWHLpos4sQiub16zvrPzK56RrTqnol543sZovI8+KsPWJbe8i4/e15/Z6lP5v7+euo029gmi/fzUe1NDm9Ys55pZP3FU7Pz4YpIJ4K7jUrOx8qsO8+zwigDH02aCGX9/XYRalYzWu6uD1Kbybrz8VqWWpQQ2uRWZoSax5E0snkT1yd55/m8VualqXeAVz95eVlUqASQ3k9bFnewTRZrm4ZZ5jXQaDZ/uv9RTNCvDZwfZZL6es/QT9s1Ti3/d1c1jUfJ0/yIKp+FZoIfMoA6CyvILO68i3r5n/AG6tN+2azp+vaVB+8imr3i01LzruSbNcX8QtH0rxJr1n9ug82OKb99DWlPYz/cnrnwf/AGtPH/wM8B+E9ag0qKK3v4YvOh8n/W1+knwl8ewfE74faP44ggljkv8ATfMr4D0f4SwfE6Hwv4bgg/0OKbzJv+uVfop8ANBXTPBtnpVjYRRR2sPlww13YY56s/3Fj8T/APgr18Qdc+IX7X2saVqtzLc2+gwxRwxf9Naj+Cfx/n+En7GX/CY/D6+k0jxho3iSKTTbuKuo/wCCyWjeDtC/aq1jwqv+jah5P2n/AFP/AB9ebXk+maPY3nwWjgsoI/Lim8u8hrGcpRnIiCXsYnomj/8ABZL9r3XtLuPB2lX1jpt5rM3/ABMtWtLP97L/APGq+X/2hLzxHr3jK81XxVqtze6hLN5l5NLN5sstallo/wDwiviy31Ww/wCWU37mtD9oqEy69b+I/sMn72zikmqI1vaUvfOinyr4TxvTR/ywB+lbn/CKiG2+3299L5n/AC2qPw3ZzzRR/wDPP/ntX2J+wf8A8E6/GP7S2s3Gq/E3Q9W0nwva2ct7NqEUPlxS+V/01rL2ftRe0Z8j/Y76a7jgg/1kVdZpl55OgxweR/pks3+u87/W19Ef8FDv2M9J/ZptdD8ReFfCupSf29/x52kMMsv7r/llLX0R/wAE0/8AgmB4c8YeHNP8Y/Hf/RtQuoftMOkzf63yquOGqI5/3x8D2fw38ceNtQt9C8HeDr2+uLr/AJZQw19GfAf/AIJR/HD4neLbjQ9KvvsX2WH/AImV3qOmy+VF/wBMq/aD4V/su/Bb4S6L5Hg3wBYxf9Pctn+9rm/2hPFXhWz+HPiTwr8OfFVtZeJJdNl+xxWk373za7KeHpWMY+1hVP54/wBsb4e6r+y78fdU+Dt94jtr64sPK/0u0/1UtXPg/wDHjVZ7C4+HPiqf/Q5f3kP/AF1r3Twf/wAEef2r/wBpD403Hj/4xT3Om2d1ef6ZqF3+9lqT/go3/wAEu/B37E/wls/ip4O+I17qV553l3mnXcMVYVcJU9n7Q7lOnU9yJ1H/AATr/auuPg/8fbfwdrmq/wDEv1Sb/Q6/YjxSPDnirwH/AGrcfvP3PmQ1/MHoHxO1zQPEml+Kre48ySwm8yGv2s/Yh/bw8K/HL4I2/hzVdbii1S1s/LmimrPDVTnqUvZn0p8H/wBoTSobq48HTXHl/ZZv9dXYeMPjBYw6X+4nr8+/Hnxy0rwH48vP7K1WP/Xfvq7jw3+074V17w5cT/2rFLJ5P+p86tatU0NT9qL9q638N+HLzz/Ef+q/5Y1+bfxV/bBvde8UXF9BqtzJWh+2l8bNc1/VNQggg/0fzq8L+CXwe8cfHLxR/ZWh2Mv2fzv301c03Wq/wzT2aqnqHwZ02+/ac8W58Rz3P2O1m/fV9ueA/hj4c8KaPb6V4P8ADkcVaH7If7E+h+A9Bt7E2P8A12m8mvpCH4e6VoMX2eCxrSfth08PSpnkfhv4M+OJovP8j93XYeAfhjPZ69H/AG5B+7r0jwrr1jDF9hngrtNG8H+HNStfPxWfs0aeyKesfA3wr4q0uOex8qK4/wCesNeR/Ej4J+P/AAra3EMHm3NvN+8hm/55S175pvhubR5v9Bvv3dbGsanPeaX9hvrGKWOugKlM8f8A2Rv2nLGb/i2XxUuPsWqf8sYZv+WtfQGpfD3wr42tfPgnijk/6Y18v/Gb4MaHr2oR6rBB5V5a/vbO7io+G/7XXiP4J33/AAinxUgkk0+X93DqFOa5DOnUPozQfAd94blk0oXH2mzqn4l8BzQ/v4IP3dbHw9+Lfgf4h6fHP4c1yOSOWuohs9J1K18ie+/eVZ0ckah53Z+CfDk3/H9B+8/641yfxU+Huhw6XJPYwRf9cq9g1LQYJof9Bni/67V5f48+G/iObVPPsb2P8aDP2R8V/GDUvHM32zQ9Csb62k/5YzRV8/6z8MPi1r11Hf654j1Ly/8AptX6aTfB/wDs2X7f4j8uKP8A5bedXB/HLU/gt9k/sPSr62ubyX/ljDDUVKZzTPH/APgmzoOh6Pf6pY/Eaxtr24l/dw3cv7ytD9rrR7H4e+N/P8OWPl6fLN/qoa8v0Hwt44+G/wAUP+Eq8Kzy/Y5Zv+PSvUP2kNen8YeB7fxJfQyfaIof31TP2xn7nwHmdn4qN55f/POrmpS2N5a4gauP8B+KvCvjAfYNJvfLuIv9dDXcQ+G54YuIK56Wxp7Kxw+sWc8Msk6wVTs9enhk8gwfu67zWNHg8ryK5+88NwQ/v6YBDqXnWv8Ar6w9TvJ4ZaualPY6bF+4rn5tesftX/HzS9qjQPOnmlom8+GL9xW5o9nBNFUesQw2cPkVBoc/DNP5NVxZ+dL0rQ86CH9xUkMsEIrMCvp2j/vs+RXYaPpsBi4FZemXcP8AjW5ZXkHk+QKAPO5pvO/cVnw6p5N15Aq5D+5i8iA1nxabP5sk+KuqaEkOpQQy1c8N6DBr2sxzTwfu4qw4Yf3vH+sr1D4e6PBDYR/uP3ktaUtjM6yz8eX3gOWz/sOb/v1X3x+yL8Zv+Eq0Gz0rVYPLuPsf/Laviv4P/CuDXvGVnPqv+rir64+FfgO+8NeI49csYP8AR4oa7sMc+JPgv/g5G+APhzR/Efgv476VBF/aGqTS2V5/01iir4P+CfiTXLzRrzwtPP8A6H5Pm+TX0h/wWk/au1z9oT43f8IdY+Z/Y/hKb7NDD/01/wCWstfOfw+03Q9N0G81Wx1yWXUIofM8nyfKrOruFO3suWZHr0Xkwxzz2/8Ay2roDqWh+KtBt7G+0v8A49YfL/13mebWfeXdvqWl/v4PNr1z9g7wd4c174q2c/jGGKXS7Wb99F5Nc1KkaVNKWh6h/wAEf/8AgnX4c+Nnxat9c+MUH/En0v8A0iz06b/lrX7OeJPC3wW+GPw0uNL/AOEcjttDtbP99aQw/wCtiir8/wDUv2ivg5+wH430/wAR6V4H8SateeI4ZY9N/s/yvstr/wBta+W/2xv+CzH7V/j7VJPA+h+Frbw3Z3U3lw/89a7F7EzpH3h8VP8AguF/wT8gtY7Cx8OS63qEU3lw2k2j/wCq8r/rrX53/Cv9ur9qH48/t1/2t4b1S+/s/VPEksmm6dF/qorX/nlFFVj9uT4V/DnR/hz8K/HFxfaRoniC60GL/hKtOi8r7d+9i/4+vKrxv9kvxj4A8K/tS+G4L/xHfalp/wDaXl/2jpM0tt/rf+2X7qnUNP8Ap4ftx42+GPx++IXg23uNe+J3/CNx+T++8r/W/wCqo+D/AME/2evhvfx6rPrn/CQax/y21G7m+0yy12ln+yX8JPFXhuz/ALc0rUtSjl/ef6Xr0tz/AO1a7Dwb8PfDngmwj0rw54cttNji/wCmNZ1NzOB4H+2x8cvjF4J8G2+k/svfAiTxJrmqfu4Zpv3dra/9NZa+D/2nPB/xc0f9njWPip/wU1+Juk215LDLH4V8J6JZxfupf+evm1+umvWUENh/p88Xmf8APWvx/wD+Dhb4taHeaDpfgfSr621LzZv30UM3+qroqyj7Eyh7SVY/JeZYP7ZksYP9X51fpR8JP2CfHGm/CXQ/if8ADLxFc22oSw+ZN/01r817PTb7zf3EEsvlV+6n/BMH9pH4ZeMP2adP/wCExv7aOSwh8uaKabyvKrzcPD2h04nY+N/EnwB/aM8SeZfXnhy5ubz/AJbTf89asaDo/jL4GxST/EaCK2k/55TV9wftIf8ABSz9jT4D6NefYL621bUIof3Npafva/HP9tL9uvx/+1P8QbjVfI/s3S/+WNpFRUpmXs61j1z4wfGfSvj94j0/4EfDLwrH9s1Sb99qH/PKv0A/Yl/Y58K/B/4fWdlBpMUt55P76bya+K/+CQv7PP8Ab3iKT4qa7ZebJ/q7OWav1w8B2Ys9Ljsfs9a0v3RthqZoeDvDUGkReR9hiijrQ1LR9KvIpP3FaE1nPDYR1Tm1L/lxzQbnneu6D9jv5J7Gtzwf4qnhHkX0Fbl5psF5+/EH7yufms/7Nuv9R+7lrQzNy816+87/AEG4qSHxlfTWvkeRWHeaPBeRefYz1Xs5r7Tf9f8A6ug0JNY1KfypPPg8yOvO/FVp4c1iX7D4j8qS3lr1CHWND1KwksZ65fWPhjD4kuvPsZ6CPZHmdn8K/FXhXzNV+C3iOWy/ff6r/llLXQab+1p+0Z8Mf3Hj/wCHP22OL/l7tJvMrtNN+G+q+HP39jfSyf8ATKo9Y1jVYf3F9Yxyx/8ATaszP2bK/hv/AIKBeFdY8y3ngvrKSL/Xfua0Jv2tPCt5/p3/AAkdz5f/AF515/eab4V/tqSafQ47a4/56+T+6roIYdEitf8Aia+HLaS3/wCe0X7yjnrFmxN+058OfGFr/ZV94/8AK83/AJ615P4q+EnhbUtek1Xwd4rjkuP+WPkzV2n/AApP4V+NopILewiiklrn9S/Y58R+D9Uj1Xwd4juY4/8AWeVWYHn/AIk03xj4U/0jVdJll8r/AJbVqeFfiF4V+J3hy40Of/RryL93NDNDXrmm+NoNMsJPB3xq8NxeXL+7/tDya8n+IfwT0rw34o/4THwr+8t5f9Td2k1ae1M/ZnzP8YPgn4x+GPimTxx4Ggk8vzvMmhh/5a16J8JfjxpXjbRo7HVf9GvIv9dFNX0J4Vh8K+PNG/sq+g/ef8toZa8P+P37KN9pssnirwDPJZXEX7zyv+etZ+z/AJCKm50jabBqVr5+f3dY+paP5MUlviub+BHxag1KWTwp4q/d3lr+7mhr0zWNNgmtfPFBstjwfx5o88Msk8BrzeafVYrrmvePFVnYw+Z5E9cHqeg2837/AOz1lUIKfgnxVff8e8/+sqTxhr37rz4KueFfDcEN1+/qx420Gx+weRBT/fGtI8//AOEkv5peK1NM1KdYuaz/AOwcy/uK0LOz8mLyPIrnLNSz1ieuks9YxFjz65eGzuBFmCtSzh8mLIoMzj4dY/0/P/PWuk86D+y5K830e8/4mn2Gu4z5Olxiug7DH/tL/ic9K9k+FfkT/Z55zXif/HndefXoHgnxt/ZsUcGPKrTYxqHvl548uPBUdvfWN/5ccVfTHw9+PFjqXwgj1W3vovtH2Ovzj+J3xJ/tKwksbG+ruPgz8VILPwbHYnXP3n/PKWuylVOWpTcqfvnmf7V3w9sfFXjLXPGMGlRW0l/NLJ5v/PWvneb4Y/urg/vfM/5Yy19YfGzxt4P8SaXJY2GhyR3EX/LaaavI7TQYJruPzz5Uctc9Sp+9HTpfuTk/gb8BvEfxI1SPQ7GDzLjzv3P7mvrjwT+zRY/s3+F7i4vhFJrEv7uz+1zeVbRSy/8ALWX/AKZRVw/wZ+JFj8FLr+1INKi+0f8ALGWsP9or9pCf4wH+w9V+0yRy+b/qq0VSjTD2TLnxI/bB+IGsGz8D+HfKubO1vIvtmrTQxfvZf+mUX/PKvmf45Xl94l+I0Y8+LzJf3n+p/wBVXoFn4c0Kz1SSfVYvttndQ+XDNN+6li/6a1h+Kvg94/h1nS/DmbKxvNUm8uGWaH7N+6/5ZebL/wA8qz9qdFKJ6Z8Mfi1+yh4b+H3hfxV8VPg7F4o1iw1K/srzw9d6bF5V1a+VF+9+3S+bL5vmy14/4rs/hzoPxfj1z4ZeFL3SNHl1iKTR7S7m82W1/e/6rzf+Wv8A11rqLPwH/wAK88EfZ9WniudU1Tyr2byYfNlsLWX/AJ6xSxf62X91LWf488eeMbP4VXkHn6J4k837LbaPd2kP73S4oov3v7r/AFv/AC1i/wC/Va+1Yj+gD9nu9/t74QeH9VsfGX2mO60e1k/8hV0F5o/7qTztdua/DP8AYh/bw/4KB+G9Q0fwd4O1WS50vzorbTbTVtN/dS/9MvNr9dIfiF8TYYvOvr7SJf3PmeVSOc8n+KvgP9jvR/iFqE/xp/aF1L7R/rP7Ju/HkscUX/bLza/LP/grRD+y9rGs2f8AwzZ4j0i9t/O/0ya0vJbmWv1o+IXgL4Iab5niv4/eHPCVtJf/APLWaGKWWWvw7/bB1L4Za/8AtOeJJvhXY21todrqUscMVp/qpaMRUClTPM/CvhOCGLz54K7DR/t2jxeRY30scf8AzxhqnZw+TFH/AM86kvLzyf8AUV5Y/gOH+IV5+9k/67Vl/B/4V6r8YPiXp/gbQreSSS6m/feT/wA8qseKpvOu5K/Rj/ght+yLYapa3nxx8VaV5skv7uz86t8NTbL/AOXJ9UfsZ/AHQ/gn8L9P0r7D5UkUP76voTw15HnfaDWP42hn02H7BYQeXH/zyo0fX/JsPIP+srtHSp+yPSPtljNFXL+JJvJlz5FZ/wDwlVvD+4nn/eVT17XoLyx8iCgRJF4k8mWOtCaax1eL/ppXF2c32yXyK0NHvP7NuvInrQDchsvsfej7FBec1YmvDPbZIrPm1iCKgDD17w2YZZPIn/eVj6brHirQbrz/APWW9bmpax/pX7+tzR/7KvIv38HmVmBh2fxgsfN+w3x8qtD+0vDmvWsn2GeLzKj8SeA9D1j/AJca4+DwTP4P1SSex/eR0G38I0NT8EzzeZPB+9jrLs7PVdHu/Iv/APV16B4P8VaV9l8i+gjqvrE2h3kv7igxOT/se+03/TtKn/7ZV0HhX4zXMN1/ZXiOD/v9Umj/ANleb+//AHclU/Hnh3StSijvoKzNDuJrPwB8SNLk0q/gi/e/6nzq8r8YfBnVfCF1JBoc8smn/wDPKsez8SX3gnVP+Wvl1654D+JGh+JLX7DfUAfM/jzR/Eng+L/hKvCn73yv9dFXSeG/inofxb8EZn/d6pFD/qZa9o+IXwesby1uNc8OGLy5Yf8AVV4HL4P0rwf4kuLG+0ryo7qjkA+P/wBoXUv+Fb/Ev/hMdKP2b99++8qvePAfxCg8a+A49Wg/5aw153+2l8MfIikvdK/0mO6/5ZVJ+yvpuq6L4Ojg1WDy4/8AnlWNT2ntdDMk8eTX1nLJPXH2niSeCWSCcV6h8SIYJ4s/62vO9S02xmirOoAQ+LIIar6lqX2yHz4BWHNBBDdfZ/P/ANVXQab5H7uCj2hoZ8MM/WrFbH9mweT/AKiq88P/AEwqTMk02aD/AJb1ch8ib/UVjzQzedxBWhpsw8rmgDz+z8HfbNU/cQfvK2PEkN/ptrHAYKseD9Yg0fVP39aHjbxJpd7/AKj91Wh2HJ+d5MXnz/6yiHxJB5XkZqSb7BeRf6Oaw9S/1vkQVlVAp+JPEgs/Mnsf9Zmuk+D3hXxJ4wl/tWeaSO3irDs9B/4mkc9837uvRNM16xstH/smyvpLa3/5beVWlK5zmfeXljDrPkTmSWOjWNHg83z/AN1bRxVHealpYaSexrDvLz+0b/7P59Z+1Ogr/wDE8mv7jyL77TbxQ1TOj/2br2NV0qK2kl8qTybv/ll/01rqNB8NzjS5IL6DzbeL95eTRVl6lr2h2eqXHiPw5fXP9oRfu7P7JD/qv+WX/bKtTnMv4naPqug3Wnz31hJbfarOK5h/6axVT8N+NtK0fR7ie+8HfadQlmijs9Qu7yX/AEXypfN/7a1qeFfI8N6zb+I9c0qO5jsLyKT+z5pvK+3xf8tYvNqTWNH1zXdU1DxV9hj0TQ9UmludHtPJ/dSxeb/qov3Xlfuq0Og5v4qfFTxV4q+LWseP/FUFtZXmvXl1c3kWnWflRReb/wAtfKrz/WPg/rmpSf2rY30f2eWH7TDd+dL+9irqPGFn4/tNU8+CeT7HL+8hmmh8397/AM8quTWdjpstnPPffadPi/6beX5stBzn2J8Jf+Cw3jH4b/D7wn8CPCv7E2kaleWFna2U2t3d5+682L/W3UsXlV4v+1b/AMFIf24PjN/bngDw3qvg3wtp8t5LHDd+GdN8qWW1rzOXxh4/1K1j1yCfyrP7ZL5NpF/y61x95pt9rE0lx9ulij87/UxUe0Q/Zqmbn7S37UXxw+NmvSeFdc8VXv8AYcUMUemwzTfvf3UX/LWWvH/+Eb+xjz/Ill8r/ltLXpn/AAjf2P8A4ms8EtzJFD/y1/5a10EPgODUPBFxrk99ZWNx/wAsbSX/AFstRUlUqHMeT2cHnRSefB+7rP1KHH7iCD95XYQWdj5UkHkf9dqx9esvsUXnwVyezNfZnnf9m/bPFFnpUH72S6vIo6/fz9gn4e6V8H/2c9D8NwWPlSfY/wB9X4d/s3+FYPFf7UHhPQ76D93LqUUlf0IeG/h6IfDkcFv+7jihr0sN7X2RkZ+vfYdY8y4ngri7y90/Tbr/AEiug8balP4bsP8Ajxrxe817VdY1SS4EEvl10GvtQ+Lfxg0PQL+P7PfeVXUfDHxtB4qsPPnuIv3tfLfxzs/7S8bxwW995nm/8sa9A+D+sXug2EcE/wC7jrMyPoC8igs9Q8+Cf93VzUpoPK8+CvN4fiF537iei78efuvI8/8Ad1oaHqGj69BefuLmq+sQ/vP3FeZ6D42g82u0h8VQTRZoAr6xrE8PmQT1H4b8Uz2cvn/8s6z9e1L9759c/wD8JL9jusf8s6DQ9k03x5Y1HrGpaVqUVeX2fjCxqSb4hW8H7gz1mB0E1mPtUk8E/l1Tsvt0N19nnnqvo/jCxm/19XLzWLGb/U0AU/GH9uWf7+xmrm9H+MF9Z3Umla5BJXSabN9tk/fz1X8Y+A7G8i88VnMDH1K8+2xef5/7uWs+z+IU/g/VPIvv9X/z1q5Z+G4IbSTSp65/XvDnky+RP+9joA94+Evxsh1OX7DPfebH/wA8pqj+PHhvw1qWiyX8Hlf9Ma8Ds4dV8H3Ud7B/q67jXvid/b3hKTSv+Wnk1pT3A8L8SalBr2sx6Hqs/wC7im/c10F5o+laP4c+z6VBFXmfjaC/03XpL6CD/ltW5o/jz+0tL+w3FZmZh+I7yeaWQzmubvNHnm/fwT13GsWf2y188QVzd7+5i8muc0OX/sH7Z+/n/wBZUcNnfWd1yK6SH9zFms+8m84+figCxDqWIvIrQ0fTYNSl8isfR7OeaX/UV2HhUwWf/LCl7IzJP+EI/wBG/wBT+lZc2gmyuv8AnlXYXfiq3hi+z1h3mpQXkv8A11rp9kB53BFYzWsnnwVh6lps88v+jmukMNjZjyMVXvJhP/qBXOegZej6bB5UnnwVc/4Q+C8u+lamm2Vx5XnmCtCz0fXJpf3EFBmV7PwfpVnF+/sa5fxho0FnL+4n/eV6Z4V8N302s/YJ4PMrD+KmgwaPqkg8jyq0A4OztJ4YvPuDVL/QftXbzK1ZpvtkWDVMaPb+bHOa4wPVPg7eeDdfjj8N33l20nk+X50tZ/jb9nY+CZdQ1yw1WKKO6h/5ZQ1wcOpf2Pfx33kV6hoPxn0rXtGj8OarBF+9/wCW01ddLY5zwPUp/FOvapHiCKX/AKay/wDxqtCHUtcvLC38iD7NHa3ksemyxWf+tl/661654w+Buh+K/wDTtDvraX9z5cNbHw38H+DvAfw+uND8carFqX2+8+0zaT/yyil/6ZU/ZoDzv4MaPofxI/tDSvHHmxXH+ss/O/5a/wDbWub+P/ww8K+D/BGj65ceMftPiDVLyX7Z4etIf3VhFF/qpfNr2Twr4JvtNlvP7K0ry/N82Oz86H/llXhfxU8N+ONGtJJ/FVjcyxxTf8fctaf8uQOT0fz5rCSxt/3kf/PGq8MPk/uLGCtTQdS0rw35eqzWP2mTzvMhimmqnqX9rXktxqvkRW3mzf6qL/VRVxgBs5/JjvoJ/wB5FNXvnhvxJ+yvo/wR1TxV44vr2XxJFZ+XZ6fND+6llr530ez8+78i+vpYrfzq9A/aKh+FcPw50ex8AarJc3EX/H5/z1ro/wCXJn/y+PL7PU7G8upPIg8qOWtDTPh5e+Nr+PSdDsZLmSX/AJYw1x8N5rnmxwWNhL5lfYn/AATS+Huq6b8S/wDhK/HOh/6HLD5cPm1lSpe1rDqnz3+xz8PL7Rv2/wDw34O8R2PlXFr+88qv3A8VfEgeG9B8+y/541+efjb4e6V4U/4Kk2/j/S9J/wCJfL4b/feT/wA9a+3PEnjD4ZeJPBsf27VYrb9z/wAtq7v4Rzfwzyfxt8eJ9Sv5Pt0Esv76uH+J37RWh6D4DvJ9K/dXEUNbHiTwr4V8SXUkHhzxHFL5tfM/7Zf9h+A9Bkg+3f6Z/wAtoq0qVDSn+9Ok/Z11K++Lfii48R6rP5te8TeG/wCzbX9xXif7DkOlQ+Eo5/8AVyV7prGpQeb+/wD9XXN7UdNUjHmhzF588FZ80M//AB8QCtS81iwmi/0es+a8gMX7g0Flez1mezuuldRo/irHl/v/AN3XHzeR5taGjzQeV/r609ozQ7y81ixvIua5vUpoZpfIzRD++i8+AVT8mfzvtFaDpEk8M8NtxWXNNfQ9K6yzhsfK/fz1X1KzsZouazEZdn4k8nzPPqSHxt5N1/r6r/2N53Gaw9Y0G+g8zyKAOo/4TwWf7+Cetiz+LVve2vkTz15PDo+q3kuP3tWJtBvoYqzA7y7+IVj9v/4+P3dbEOsWOsRfv/KrxPyNVhl8+etzTdevrO18+f8A1dAHcaxrGlQxeRPWOZ7G8j8+3uP3leZ+NvGF/wDavPgEtR+A/GE8115F95lZ+0R0G5490fzopJ/I/eV5uLw6PdeeD5de2alNYalpea8b8baZBDdSf6PWhznSaPr1jeWHkfuqrjQfOuv9R5tcv4J8+G/8ivTPDcMEM37+swOX1jwnPDa+eIK5+zhg+1yQT16Z4q1LSvsvkGuD03Tftl1/oNaGZc0fTYIpfPqxqV5BDF+4qO8H2OLyMeVWPNeQzS/uK0MwhvJ7y6/1FakNn5P+vqTQYbGKLz5xRqWsQTRf6OKAOH8SeR5X/TSq/hWb7Z+4nh/d1qWdnYzRedfNVebTPsf+kWE9cZ6BseR5Pln/AJZ16h8K7Pw5ef6+vH9Hln1j9xPPXQabPPoN1iC/k/7Y1oc56h4ks7HTdet59K8rzP8ApjXD/Hj7DqUVv59j+88muX1L4wT+GtZ/f+Z/12rk/ip8YdV1iKMfvfMl/d0c96IHJ2esX2pazJYwQfu4q3Jop4bXBgqv8PdNgh16Pz/9X/y2r6A/sX4c/wBgxwGGLzJax9mbU6h89wWU95FJVObTZ7KWOcT/APfmvSNY8EwWcsn9lf6usOz8E315dYnuKoo6z4P+PLGz8yx1Wy82qfjzz7PVJNV0OD7Tb+d5n2Stzwf4E/sG6t55545Y/wDltXtHjab4V+JPCUcEGhxR6h/1x8urpVAMf4S/Hj4V+JLW3g8R6V/Ztx/y2/fV6B8bPCvwd8b/AAguIIPLuZJYf3Pk18l+PPh7rf8Aan/EjvvK/ffua3Phj8cvEngmH/hFfGMHmW//AD1rppVKJjUpnz34w00eG9UksPIi8uKby/3v/LKq80P7r/XxS/8Abavqz45fB/4R/ELwZ/a3g/XI7m8uv9dDFXzXo/wf1XzZIJ/9XF+7rmqU/wB8Kkc3Z6Pfaxr0cEEFfbn7Pf7Fvwy+JHgi38ceMbGPTbjyf3NeT/sx/su6r4q8Ufbr7/jz86voT9qL4qaH8E/hzH4c8OQeVceT5fnRV00KRnUqHzn8SfB/wr8K/EaTSrcW0dvFN++m/wCetHjb9sbwr8LLCzsPA88csn/PGKvk/wCIfxi1XXtZuL+9nuZY5Zv3M1V/hjo8/jb4jaX+/wDMk87zfKrOnW9lIyqUz9PPhXN/ws61t/iLrsEX2yWGuP8AiRZ+KvDnjL/j+l/s+WavRPhL8OLHwT8Av7cuL7y7iWz8yGaWb/VV5f48+LV9eaLJpWqw+Z/yz86un2oezZ7x8K9B8Dw6D9vg8uW48n/XV8V/t+eD5/EnxBt54B+787/VV6p8JfGHjGzi/cX3+j15n8fvEk/jDxvp8H/LTzv+eNZVagHcfs3Q/wDCK+F7eD/pjXoHiTxvPNa/6+uP8HzQaboMeP8AWUXsIvJeLiuc1pHQaDqd7qUvE9bHkzwxVj+D4fsddZ50Hk/Z6BGHN581RwzX0Mv3q3JoYOtU7yzgoNC5o97/AM/E9aH7+b/UVzcMM/m/6+tzR/3Mv7+etPagF5/asPmVn2epX091ieuwmmsRFWHeabB/r6PanQbGg+RN/r61P7H0qaLP7quD/tK+huvIgnq5N4wn02LgUe1A3JtNsbObkVJNpFjeRVycPjD+0pf39RzeNvsf7iCej2oGpNo9jDLJbT1n6lo8HlfZxXN6l4qvprrz4J6kh17zjH589Ze1QGfd+D/OupLfyKIfCH9nRRz+RXQTaxB5VY+peJPO/cCmAedPZxeR59cXr1nPNf1oalqU/wBq4nogvf8AnvQc5X0bQfsf78VsTXn7qqepXn+i/uKrw3nk0Ac/4k1K+hupP39dR8Mvs95F++Fcf4w/feZPBUnw316fTZfInrQiqdB8SIYIZf3ArD8K2f2yWqfxC1K+vbrz4Liqfgm81WG6/f8A+slrQyPTIfCn+gSG3aub1LR57OWtj/hJL6ztfInrD17UvOl8/wA+tDM//9k='}}]}], 'model': 'qwen3-vl:8b'}}
2026-06-26 15:27:44,717 [DEBUG] ThreadPoolExecutor-0_3: Sending HTTP Request: POST http://localhost:1234/v1/chat/completions
2026-06-26 15:27:44,763 [DEBUG] ThreadPoolExecutor-0_3: send_request_headers.started request=<Request [b'POST']>
2026-06-26 15:27:44,824 [DEBUG] ThreadPoolExecutor-0_3: send_request_headers.complete
2026-06-26 15:27:44,839 [DEBUG] ThreadPoolExecutor-0_3: send_request_body.started request=<Request [b'POST']>
2026-06-26 15:27:44,902 [DEBUG] ThreadPoolExecutor-0_3: send_request_body.complete
2026-06-26 15:27:44,918 [DEBUG] ThreadPoolExecutor-0_3: receive_response_headers.started request=<Request [b'POST']>
2026-06-26 15:27:48,778 [DEBUG] ThreadPoolExecutor-0_1: receive_response_headers.complete return_value=(b'HTTP/1.1', 200, b'OK', [(b'X-Powered-By', b'Express'), (b'Content-Type', b'application/json; charset=utf-8'), (b'Content-Length', b'2205'), (b'ETag', b'W/"89d-iKo0tz6clclNpAEYg0rS1lDWGAM"'), (b'Date', b'Fri, 26 Jun 2026 12:27:48 GMT'), (b'Connection', b'keep-alive'), (b'Keep-Alive', b'timeout=5')])
2026-06-26 15:27:48,794 [INFO] ThreadPoolExecutor-0_1: HTTP Request: POST http://localhost:1234/v1/chat/completions "HTTP/1.1 200 OK"
2026-06-26 15:27:48,809 [DEBUG] ThreadPoolExecutor-0_1: receive_response_body.started request=<Request [b'POST']>
2026-06-26 15:27:48,824 [DEBUG] ThreadPoolExecutor-0_1: receive_response_body.complete
2026-06-26 15:27:48,840 [DEBUG] ThreadPoolExecutor-0_1: response_closed.started
2026-06-26 15:27:48,856 [DEBUG] ThreadPoolExecutor-0_1: response_closed.complete
2026-06-26 15:27:48,872 [DEBUG] ThreadPoolExecutor-0_1: HTTP Response: POST http://localhost:1234/v1/chat/completions "200 OK" Headers({'x-powered-by': 'Express', 'content-type': 'application/json; charset=utf-8', 'content-length': '2205', 'etag': 'W/"89d-iKo0tz6clclNpAEYg0rS1lDWGAM"', 'date': 'Fri, 26 Jun 2026 12:27:48 GMT', 'connection': 'keep-alive', 'keep-alive': 'timeout=5'})
2026-06-26 15:27:48,887 [DEBUG] ThreadPoolExecutor-0_1: request_id: None
2026-06-26 15:27:48,903 [DEBUG] ThreadPoolExecutor-0_1: Raw LM Studio response received for F:\kuvat\test\07fb1540c22a4b0b847a0c9b75f294dc.jpg
2026-06-26 15:27:49,212 [INFO] ThreadPoolExecutor-0_1: Successfully tagged 07fb1540c22a4b0b847a0c9b75f294dc.jpg with ['Screenshot', 'Video Game', 'Flight Simulator', 'Military Aircraft', 'Aerial Combat', 'Dogfight', 'Jet Plane', 'Action', 'Tracer Fire', 'Aviation']
2026-06-26 15:27:49,228 [INFO] ThreadPoolExecutor-0_1: Processing 62c3fcf7c3024520aaa7b8b468ab3205.jpg
2026-06-26 15:27:49,321 [DEBUG] ThreadPoolExecutor-0_1: tag: Software (305) - type: string (2) - value: b'\x00'
2026-06-26 15:27:49,337 [DEBUG] ThreadPoolExecutor-0_1: tag: unknown (40094) - type: byte (1)
2026-06-26 15:27:49,353 [DEBUG] ThreadPoolExecutor-0_1: tag: ExifIFD (34665) - type: long (4) - value: b'\x00\x00\x002'
2026-06-26 15:27:49,539 [DEBUG] ThreadPoolExecutor-0_1: Requesting tags from LM Studio (qwen3-vl:8b) for F:\kuvat\test\62c3fcf7c3024520aaa7b8b468ab3205.jpg
2026-06-26 15:27:49,649 [DEBUG] ThreadPoolExecutor-0_1: Request options: {'method': 'post', 'url': '/chat/completions', 'files': None, 'idempotency_key': 'stainless-python-retry-5edbd1f5-3429-454c-8165-40265a61df43', 'security': {'bearer_auth': True}, 'content': None, 'json_data': {'messages': [{'role': 'user', 'content': [{'type': 'text', 'text': "Analyze this image, which could be an internet meme, screenshot, artwork, or photograph. Extract 6 to 12 highly relevant keywords. 1. Always include the image type as the first tag (e.g., 'Meme', 'Screenshot', 'Artwork', 'Photo'). 2. If it is a meme, identify the meme template/format, the main subjects, the core vibe/emotion, and 1-3 key words from the text. 3. If it is a screenshot, summarize the main topic or software shown. 4. All tags must be strictly in English. Do not use any other languages or alphabets. Return ONLY the comma-separated list of tags. No introductory text, bullet points, or quotes."}, {'type': 'image_url', 'image_url': {'url': 'data:image/jpeg;base64,/9j/4AAQSkZJRgABAQAAAQABAAD/4QBIRXhpZgAATU0AKgAAAAgAAwExAAIAAAABAAAAAJyeAAEAAAAAAAAAAIdpAAQAAAABAAAAMgAAAAAAAZKGAAcAAAAAAAAAAP/bAEMAAgEBAQEBAgEBAQICAgICBAMCAgICBQQEAwQGBQYGBgUGBgYHCQgGBwkHBgYICwgJCgoKCgoGCAsMCwoMCQoKCv/bAEMBAgICAgICBQMDBQoHBgcKCgoKCgoKCgoKCgoKCgoKCgoKCgoKCgoKCgoKCgoKCgoKCgoKCgoKCgoKCgoKCgoKCv/AABEIAaABoAMBIgACEQEDEQH/xAAfAAABBQEBAQEBAQAAAAAAAAAAAQIDBAUGBwgJCgv/xAC1EAACAQMDAgQDBQUEBAAAAX0BAgMABBEFEiExQQYTUWEHInEUMoGRoQgjQrHBFVLR8CQzYnKCCQoWFxgZGiUmJygpKjQ1Njc4OTpDREVGR0hJSlNUVVZXWFlaY2RlZmdoaWpzdHV2d3h5eoOEhYaHiImKkpOUlZaXmJmaoqOkpaanqKmqsrO0tba3uLm6wsPExcbHyMnK0tPU1dbX2Nna4eLj5OXm5+jp6vHy8/T19vf4+fr/xAAfAQADAQEBAQEBAQEBAAAAAAAAAQIDBAUGBwgJCgv/xAC1EQACAQIEBAMEBwUEBAABAncAAQIDEQQFITEGEkFRB2FxEyIygQgUQpGhscEJIzNS8BVictEKFiQ04SXxFxgZGiYnKCkqNTY3ODk6Q0RFRkdISUpTVFVWV1hZWmNkZWZnaGlqc3R1dnd4eXqCg4SFhoeIiYqSk5SVlpeYmZqio6Slpqeoqaqys7S1tre4ubrCw8TFxsfIycrS09TV1tfY2dri4+Tl5ufo6ery8/T19vf4+fr/2gAMAwEAAhEDEQA/APryGzE8tSTfuqseV5MWJ6rwn7ZdfaP+WcVfU1dz8Fp0ySzh7Vc+x+361JDDUn/Xv+FI09mU5ofJ/ceRVf7HPeSf9M60PJ86Xz/Iq5DDQUZ8Oj/xYq5Npv2OL/UVqWcMEP8A10qTWLOeew/0HSpbm4/5Y6dD/rZZf+eVBmY+g6Z9ssPt0FdBpugweVHB/wCRqz7PQfjTpsP2G9+B1zbf88f+J9ayy+VWp4V8VaVearJ4b10xabrFrD++07UZovNrWlJAah01bMRmeCtSGz/6YVc+x/bIv7P8iKSi817wr4W/ceI/Eem2X/YRvIov/RtFSrH7Z2UqZJ/Y3ncZqObR4DF+/Nc/qXxm8Ofao4PB2lalrdx/qv8AiU6PL5X/AH9l8qL/AMi1YvZviN4ktZPI8OW2kRy/8tru8+0y/wDxqub28P8Al2a+ypFiz8Kaf+8nng/eVXvLSGH/AEe3girj/HmpT/DGWO+12x8Sa/JL/qfJ1iL/ANFfarWKKL/tlLVfwr8YPipqUcf/AAjnwd0S2klh/wCXvUvMl/8AIVrF/wCja8qef06NT2cjpp5LiK1L2lOJ2n9g315+4ggo/wCFb300sk9vbx+Z5P8Arq5vWPEn7XsP7/7D8O9Nj/6baPqlzL/6XxV826v/AMFEP2ufhB+2h8PP2bvj54V8P/8ACP8AxJ8Sy6Touv8Ahq4l8uL/AJ5faYpf3sUvmyRReV5sv/LXypZfK8qilxDRrVfZ8rD/AFcxaXtbI+jtY8HeKob+4sbG4sbazi/d/uYf9b/z1qx/YOq2cX+j3EUn/XWGu8m0nzv+W/7yqf8AY8EJ8icV6u5nSXLocP8A2Dqpl/f+V/35qQ+FZ4f9f5f/AH5rrJrPyap6l9nhrM6jm/8AhGtKhl/494vM/wCe1R3mg6GZf38H/bWtCaHzpf3E9E2m300Vc5X7sy/7HsYaP7Hh9aj8m+h/6a4qx503/PD9KXtDP2ZX/s22hi/fwVHNpsFXPOnh/ceRR50/m/6itPaGJnzaP/y7/Z6x9S0ew82OCf8AdebXWTQ33/PCsvWfDfiPWJY57GCOPyv+e01anPU3Obl0aCGuf8VaDBNayf6DF5kX+pr0T/hWOrf6/VtV8z/rjUd58N9KEv8Ap0Hm/wDXWlU9tY5vZI+e9B8B6ro91eX39lW2pahdTeZ513eReVa/9Mv3VdB/wrzxVrFh/wAVHfWMUf8AyxitIa9c/wCEV0PTR5Fvp8dY+sCCGX9wa87k9lT5R0sNT9r7Q8zh+D+hWcvnz2PmSf8APWb95Vi88E2OY/3EX/fmuo1MedLUkOmwTReR/wAtJf8AljUOcYasKkeaVqZ554kvPDfw48J6v4y8SNb2um6JpF1eahcyQc21tFF5steBL/wVa/ZRTX08MaPoviq5v7mby7OG18G3gN1/1yHl+bXuHxV8beAIfG9v4AHiOx1v+3tN1TSf7J0Ob7dL9qltZYoovKi/56y+VFUnw9+GPxb8HWtxqvxG8R32kfapvM/sT+0pY7W1i/8AatfKZpn0Of2cNV5M+ly7hmniKHPXp6ljw3Z+ToNv9u0qK2vP+XyH/nlL/wAta7jwro/nWEl99h/dxf679zXgfx++M3hX9nXwbceKvi38aY7n/Q7q5h06G8iiubqKKLzfKil8qX/plF/z182WL97X5G/tG/tc/FD9rnx4fEejfDqy0u2sEmjstJ0CCaXyrbbHgdZPN5jkllm5ll82XzZSPKEfr4bHe2wsLROXC8EueKnN/B6H9B1nptxq8vkaVP5nlVJ/wiuuQnM3+r/67V+Jn/BLH/goJ+0v8Df2ovBfw08b/EzXL7wn4j1m10XVNG8TTy3EUNtLL5UUtt5v7yKWKWQ/6qv3f0EX3iS1k/cRxSRV6VLGRfuHFmWQ1MtrfzI5PzriyXyJ4KrzS2MMuIJ/K/6ZTQ10l54V/eyeffRSf9cak/4RbQ+s9jHWvtaxyqhRsc3/AMJVY2cv7/8A9E1oaPPb67FHOPL8utiHw5oYi4sP/atcvqPxX+Bnw5+K/hP4Ga34202x8SeN7yW20fSvJ8zzf3X/AC1/55Rf8svN/wCessVKON9nPlmc1PBVq1R+zgbv9nX32boafDD+9/f1uTaabOXyJx/00qnqVnBDXXc1h7m5X8n95/qKr69D5NrHP5H+qmq5D5ENV9eh87RritBVdivNCPstZ88X/LfNas3+p/Csub/U/hXQcg/Uv33lwf8APWrkMPkxf6io9N/fS+f5H/TStCHyKPanXS2I/wB7Uvle0VP/ANbUkP2eHj97QahHD/z8VYqODvVjzoIYq0MquxYh8iGsfxV8Zp/hvrXh/wAK+B/Cum63408ZTS6d4bh1vUvsNjaxeV/pV1LL/wA8oov+WUX72tSEQTf9dK+Wf+Cpl/8ADzSvCvw917xtpQvbzTvFN1q9naeT5nm2umWEuqXX/bKX7DFFL/11rnxdS1F8hlhXzYuEeU6rQf2jf+Cgn7WF1rfiX4ZeOPg14d0TS9dv9Bh8QaVoOqavLcS2svlSy20V1LFF5Xm/8tZYq6z4NfAL9ozwtLJf/FT9t/xl4ouLq8lubyGHQdGsopZf/AWWWKL/AKZRS14D/wAG7llqWsf8E8o57i6zF/wnuqRxPL/DF5VrX39F4bsf+Xi+il9PJmrGhSk6HOd+MqRpYuVH+XyOf/4Q/wDtO1+z654j1u9t/wDnjd6lL5X/AH6/1VaGg+A/A/hv9xofhWytv+uUPl1qalps8MXkxT+XH53l+bWxoPhWCG1/137z/ptW1OnTKhKgyPwroOZv9R+7rU8ValY+G/Dl54j1WeK2t7Czlubyaab/AFUUVblnZwaba181/wDBQH4nf8UbJ8OfDVx5kn/HzqXk/vf9V/qrX/0V/mWvOzPH0suwk5s68Hhp4rEezgef/Df9pbSvi18QZPP837R511/aVpND/wAesUvlS2sX/fqKL/tr5tfVngmbw5pujefocHlfufMmmr8+/wBhzw3fWcMnirXIP9M1S8+0zTTf8ta+4IfFZ0fQPsH7r91/yyr84wWNq15zqVPtH6fTwtLDYWFNGP8AGHxJ4jvbr7PpV95XlQ/8sf8AllXzN8avi78GdC8A+K/hd8ZfiJoGmeOxFpfjTwZZ+IZfsUt3LpmqRSxCxll/1v8Ax7XMX7r/AJ+pa+nbLTbHxJpeoTwXsf2jyZZIYf8A2l/7Sr8Xv+C6Hxh1n9p79tKP4d6IzaTo3hT7D4L8Om0b97ql1FL5t7L/ANMov9O8qL/rlF/z1ruwkG8T7TnOapD924P4T9pbP4uX2bi+n8HX0dn53+h6jN+9/df9NfK/1VRwfELSteuvIsL6x/65RXlR/AD4k3p8A2dj4j1W2ivLXTYo7yGaH/lr5X72uom17wrrEv8Ap9jpt9/12hilr7PD46nKNrn59Wo+yqvQz5bO+vLX/RzVf/hGp/8AlvBJ/wB+a2P7N8HXf/Hj4csY/wBz/wAsofKqxDoPg7/oFSf9sryWu36xSfUmCnUMeHQYOkH72rF5o/kxY/8AI1bkOg+HJYo8/wBpRf8AcSlqx/wjfhyaPE99c/8ATH99LWlOdDuO3sjz+bTf4p6JrODyv9fXoH/CvfA837+ee+/8DKjbwH8OYeJ/t3/gZLV+ykZ+0PP/ALHn9/8A6upP7BnvD5/+qjruP+EP8AQ/6jSpf+215XN+PNY+EngOwk1XxjfaRptvF/rpdRvIov8A0bWdqEfjqHPUqSM/+xtKs/39/wD+Rqkh1jSoZvIsfKlH/PGH97Xnf/DXX7NmbifwP/aXiT7LDLLNL4Z8B6pfeVF/11itfK/8i1418cf+C3f7HXw90wadpXjS58ReIJbuK30/wh4fm+03t7zIP+WPm20XX/VXNzHL+8P7qn9dwv2JCp0MTiP4cD6tm0DxVeRf6D4V1Ly4v+Ws1nLHWPqWga4P9fpUlfmP4q/4OWfAmm63c6da/s/eO7SW0eW3mWfxTDHLFL/1yC13fw2/4OAf2ZviFY258S/EG88OX0sPlyWHiTSrq5+zS/8AXWL91WdTMqRrPKcbGN+R/gfcOpaPfY/fzx+ZXP6l4bn/AOW88Uv/AFyry/4e/tUaV8bNLuNc+HPxi8C6tbxQ/vpbTTZZfK/66+Vf1JN4w+P15df8SrXPBvl/89otBv8A/wCT68armtOpU5SP7PrqluegTaDBDFtzXj/7YPxCv/hN8JrzxH4Z0q2udUv7yLSdN+1w+ZF5t1L5X/PX/pr5UX/TWWKrGsQ/tGalNi/+LX2aT/nlpPhu1ji/8m4pZf8AyLXm/wAQtN8SaPFca58VPEfiTxjp9hNFew6Hd6ba+V9qililtZfKtIopf9bFF/y1rhxeNoyo+zHgKE8Pi4TqapHAftLeOPCv/BPzxnZ/Fvw14z0i21TVPDejX3hW0tLO1tpfNuvN82K5i8rzbuLypZZZf9V5UX/TXyq+k/hX+05pXgnwRb/Ezx/4Nj1/4gf8sdJmm8qKwl+yxXX+tl/1UUX2nyv+2Vfk7+zt+zH8ePjz+1/4jj/aS/trxJoMdjb6b4r1rxBPL9qitLkSfYLqOSU/8spbaP8A5af8sup7e9aV42/aB8dW/iD4c60LLTfGGg3l/ZeK7vVIfK82X/VebbW0X72X/Veb/wAsq+NzPC0aVvYs/d8mq4XE0P3ur5dza/4K9ftP/sw/Ff4RRfDL46afax/ED7Lf6rZ3fhWP7Na2F15v+qli8qX/AFvlRf8Afqvgjwl8W/2s/C/7KOgaF8KZbzQPBep+K5rI3vhKEW9xqGqReVL5Vzcw/vZZP9JtvKikrd+PP7Pvj3Udf1fUdDv/ABL4q0iHTZL3xnrt3psovY5P+eptpP8ASvssUv8Ay18vyq9u/wCCLvwr0rw18Q4fF/je6j1Ky/s6LWbLSbtvOtbXU5PNisL/AMvzfKN1FF9u/wBb/qvtVfT5ZT5MGlzczPOzTFYfCL3PhR9X/wDBNb9mnx78H/hFokPxm1XUrm/0a9lvYNJu7vzIrC/l/wCeX/TX/W/vf+mstfc/gP8AtaHzIJ5/3kv+uryv4hfGb4LfBjQbfxX8Tfin4S8P2f8Ayx/tC8itq+WvjZ/wcLfst/BySTQvgp4X1Lx/qGP+Qih+zWMUv/bX97N/36i/66134fmou8kfA4rB4zMq3NT+GX4H6Y2fhWeaXz/PrP16yns+fIir8R/GH/ByJ+3VrerPL8PvBXhjRbMn9zFpugfaZB/4Fy3Vex/sq/8ABxXqPxbtIPg5+1P4fsvDt1f6ZLZwfEPSpPKNrc+ViKaWL/Vf+Q60rYydOPMot/cbU+EcTUXLzI+8f2hP2kZ/hsY/AHgGxi1Lxhqn/HnaRfvfsvm/6qWWL/0VFXC/Dz9g6XWPid4h+Kvxg8RyX3i+xtP7K0jUIpvN+wX/AJsV1dXf/TWWK6jtov8Arlay/wDPWvkz9mL9ve4/4J0+OPEHw7/bU+HdzrXiW0hk1H4ffEXRrWKWXXjL/q/tN1LL/wCTX73yvwir9Jfgb4qsZvAfguDVfL/tDXtNikmhtP3kUX/PWX97/n97XjU8SqmNU68v8I8dlGMyfCcsKer+13NybxLf+JbD7b5Hl3EV5LHNFD/z183ypauQTQXlp/qKrww29nrOuaVBB5XlaxdSeV/11/e/+1ajs7z+zdU8ifzfLl/1NfV06mh8JVpy5veCb91Rd/8AHhJ/1xqS8qvP/wAe0ldtOoctQpwzCeLg1n3k3erEM3+ix1Tvf9UPpXUYkej/APCfQ2sf27w5Y+Z/y2+yalWgdT8Vw/8AHx4cli/643kVdBZ+k9tVyGHzazN/aHPw6lfQxfv9JuauQ3n7nH9hyf8AXbya6CGzg8r/AF9WPsn/AE2rQ1ObhuwT+4sJf+/NSTXnkxf8gmWuohs/OqxDo8Gc+fWgHH2d5PN5n2Cx/eV8Ff8ABbn4saL4U0SLwvrlwft2l/CTxNe28X+3qd1pel23/kL7bX6S/Y4IYv3/AP6Or4D/AOCpP7AXgb9tf4sX/ifxF+2n8PvhzJodjpmixaR4mvIY5JPK+1XMt1cyebF5Mf8Ap8sXlRA+bKPpWOLi50vcLy+rh4Y6Dqs9M/4N6vClxoH/AATJ8G3itLGNU1PVL2RopvL/AOYhLF/7Sr57/wCCpv8AwXx139nj9oTWv2c/2dPAfh/UpfDExstf17xFa3UhF/8A8tY7aOK6i4i/1X73nzQa7z9jr9pvxt8Ff2VtA+B/wJ/aY/ZN0zS/B8d1o2ka54o8b6h9u1KSO6lP26TTZrWOWHzZP3veKvxo/wCChngnxr8O/wBrLxlovjvx1Y+J9dudW/tHVte0qbzLa/uL6L7VLLH683FKbr08Inynv5dhMHmGb1FU16n04P8Ag48/bQtrrzl8P+DC3/PIabff/JVfqT/wQ5/4KseNP+Ck3h/xro3xM+HekaJq/gz+y8XeiTS+Xf8A2n7V/wAspf8AVeV9m/56/wDLWv5ojKC21RX7h/8ABpD4eh0nwF8bPFt5D8t/qug2cMp9YotQkP8A6UxVx0cXNSXOe5muT4DCYJ1aMffP1s+PHxZ0n4S/C/VPiDrs8fl2Fn+5/wCmsv8Ayyr4T+DPjDxz8VPFt54x8R/vbeW8lkmhmm/1t1L+9/8AaUtesf8ABQjUtb+KmoeE/g7oc/2KzutY8y8m87/W+VWf4D+A/wAOfBGjR6V58slxLNF+9ih/+O1+b8VZnPFYz2H2Ua8MYWFOl7Wp8TNj4b+G/sctxfTwfabiK8l/13/LWvRJryCa18/SoI5Y5f8Alt+6jii/66/9cq2PAc37PPg/Qbgi+trm8im/fRSw+bLF/qqp+JPGGlaxdR2PhzxHH5n+r8nzv9V+9/55VlCtTw+Fhzn1MqVaoc3pnwH8R3kVx4x0r4qX1tJF/wAttQm8qL/v1XzH8Vf+Cangf4p/tVaP+1t8TZ47m80byrmHRNJs/s1rf38Uv7rULmL975sv+q/dfuvN8qLzfN/e+b9iWfhvzjHqvinxHc3Mnkxf6qHzfK/7+1JrGpeDobX/AJDn7z/prD5UtZc86sr03ynDVhWOTs/AelanFJqtxqureZdQ/vv+JxdR/wDoqWqf/Ck7/UrDyIPG2txebN/y21iW5/8ASvza9I8Kw+DdY0vjVIo5P9Z/1yrc0zRrGH/7VW+Bp+0xHJ7U8zE0Hy6I8Hi/Zv8Ai5pkXk6F8YpYo/8AljFL9q/+O1cPwl/aahl/cfFSxl/7bXVe6WdnYj9wauTaPY19B/ZkP+fsvvZ5nLFs8Di8BftUGL9x440iWT/preXUX/tKo4fBP7W1nL9o/tzSJY/O/wCWPiSX97/5K19Ef2PYw0fY4DL5E89EMtjf+LL72bfVqJ5vo3/C1P7Gj/4SK+torzyf30MM3mf+0oqz9Y8N/Fq8P7jxH5f/AFy8qvWP7BgvB/00qSbw3BB5f7iWuuNOqvc9pL7zm+rUD5/174b+P7zzJ9V8R3sv/b5L/wDHa8j+J3wenmtbiefyo/K/5azV9qXnhuxmir5b/wCChHi6x+EHwb8QeMBbx5sbOW5m/wCuUUXmy/8AkKKoq4OdRfEefWpptRSPx1/4Ka/toL4b1HX/ANlz4Wa3Jm7to7LxZqUU3yCLzYpfsEfp/q4vN/65eV/z1z+gH7EP/BCnwv8AC/4GaHrnjv4n+KdK8e69osN54qm0Sy0aWW1uZB5gtIpbuwupYvK8zypfKl/eywyS1+Emkr4u+N3xmi82f7Xq/iXxAhklf/lrdXNx/wDHJK/pR8Tf8FYv2D/ANp/wjmoftN6Tr+tRfuhbeHtHurmSWX/tlF5VdWGw6p0zvzKTy3DwpUuu5+TfxI+Evgf4b+MvEHhzwf8ADnQJY7DXrq2h1bUIZbm6uvKll/eyy+bFF5v/AGyr5k+J/wAWPhDofiG40HxP8HvD+vXLXnmXWpafNLZS/wDXL9zL5dey/Hzxz8Vf2m/iJqPgL9lbwfrWpnV2F7K0GnlJo45SM+Z2ixIfL80kdK9S/ZU/4ILzzxx+Of2svGTu8g8yHwx4emzn/rrc/wDxrj/prXZUhF/CLLsZGlR9riqlu0ep8G2fxP8ACnhG8k8U/CC58a+G9bimjOmzxa9HL5UX/LT97FFFJXuHwJ/4LJftVfBjVUXxXrFv4y03/lra+IYMTY/6Z3MJilH51+nelf8ABPP9lPwdpsek6B8EfDiQR/xTaPFLL/39m/e1wPxJ/wCCYX7HHjDzJ9S+EFtYvL/y00kS2wi/79VxToU56SR0/wBu5fVqe/T/ACPOfBP/AAcQfDmbxHc6rqvgC90iOS88yGG7n/teL/0Va/8AtKvd9C/4K7/snfHCWK4s/j54X8PyPeSypaalZ3Wmyx/9dJfK8r/Vf9Na+VvE3/BFL9maLUPPtPiT4lsIJOlu89tIR/5CrEu/+CRH7Peg6jDe2Gt+MtftI2zNbw3lrF5v/bTyq86vltGpHqdH9p5Ly/D+B9eal+0JofxCurfw58K/H/hfW7PxHqX9nabaeHvsGrXP/XWXyv3sUUX+tlll/dRVyf7V1nfeNvEelwa4ukSR6Xo9rH5Oh2flWvm/89Yqw/AdnB8AfDP/AAi3wK/ZYufCUfk/ZptRtPK+1XUX/LWKW583zZf/AN1XF698TvGMMvka54cvfMi/6Y14ssralJROCvn+IpTisOvc/E+fv2ifGniD4S/GjwT8SfA1lbR6/p80tvCLuOWSKWL/AJ5S/wDTL97LXVfBr9qHwB+xx+z/AHniK3kn1WTVITL4E0Wc+UJJJJZf9Z/zyiiikl80DrNwP+etc9+0542PiTVPC+h+RHHef29FLZyyw/8ALX/nlXyj8T73XfiN8SR4UtLsXVpoUEWlaS9u58pLW2xGJI/+uh/e/WWvayylGlQ5qnQ+gwbqZrSgqhN8YfjN8Yv2sfiDceNfiH4hudRvZSIlHm7La2i/5ZxRx9Io60fAPwdhjaPzrbzJGP8ArJYa7v4WfCGG2so447IlO+a9U0fwSbO14g/eV52OzlSfs6Z9thsuo0KUTzvR/hvB5XkQQS1kfEv9myx1CwkvNLtfs11H/wAtPJ/11fQ+m+D/ACYv3EH/AF2rc/4Q+C8sPI8j/ljXh/2liKVbmUzthRhUZ5r+zD8SW/az8Bj9gL9pDXo7XWrWHHwd8V6rN+8sNUii8qLRbmX/AJ8br/Vf9MpfKr6+/wCCIn7RXic/FLU/2Tfj3quoxazY6b/ZWhxayJPtNrHY+b/oH73/AFPlebJ/mKKvgr9q74Ty+HdNt/Hmh2v2a4sZv30v/TKvafEvxz1nxpdfD/8A4KW/C5Y4fGmjS2q/EWJB+6u9YtZYovtcn/X1F5csv/XWWuqvOli6EKi0Tl9z/wCCdlahSxeXVaT95wjoftxq37nxveYP+tgik/8AIXlVHqP+q/CsPwT8TvB3xg8L+F/i34Onl/svxR4btdSs/O/1sUUsXmxRS/8Af2tzUvJ8rtX2GHr/ALlI/m/GR9nimgs9S/tK26RUf8uVY8M39m3/AJ//ACzl/wBdWpP+4sJP6V7eGqe0pHjYn90Z9n++tY4BVTUf9b+NacMtvDYefP8Au4/Jrk7zUvtl1JOD/wBca0qYn2JzUv3puQ6DBN5f+s/6bfvpa0LPTYIv+PcXP/gZL/8AHa4u8+P3gfw34yj8AeKrHV9I1CWzurn/AIm1n9mtfKtZYopf9Jl/df8ALWL/AJa10mhfEjwPrw+0aV448P3P7n/l0161k/8AatF/3h6NLklT5zcmsv8Alv59z/4GS/8Ax2pPJn/d/wCt/wDAyX/47Vdrzzo/9HEcv/XKbzKsQw388Uf+g1VzbnRJDDP5X7/Vbn/wMl/+O1Xm03zv+Yrff+BktWPJ8mLyL6fyqjmvNKhtfP8At0f/AH+qfbLuctSpWR538WvGGj/D660efVvNlt7rXovO868/dfZbWKW/upZf+3W2lr8LtM/4Kx/toeEobuPw7480SKF9SmuJxL4I0eWWaWWSSWQyySWvmS85/wBaa/Sf/grz8cNb8BfDbxXq2meI7YW2meC7nTYYhN/rb/U5YrX/ANIP7Tr8O313w82mtb3EN4Lnzi4Mfl+VU0atVPmjI+p4ayzD4rDyq1aald9Uj6u1X/gt3+3d4hhtIvGHjbw5rK29uYoP7U+HujXGIs+9rXk/xb/aJ8MfHfwdrniT4ieCtMTxtqfiL+0JNc021+zl0P8ArIhFFiKIc5/1Vc3+yd4Q8BePfjz4e8J/EfWrKx0a+uZY7q61S4+zxRHypPLMknb95iuR+Kl3oM/xD1qTwrapHp/9qz/Y44+nlb/3dddTEYiVO0n7p9PQyzAUsXalDlkkndaddvM5cyZJK9O1f0F/8G4fw8vPh3/wT0h8XXUHlyeMvGWp6lBL/wBOkYisf/Rtjc1/PlbHdMFz1Nf01/8ABKfwh/wrb/gnz8HvCvk+X5vga21HP/X9/p//ALc14dWr7OJpnWuHjDzPafjl4P1XxJ4XjvvDkEcuuaXN9p0eWabyv3v/AE1l/wCeVfjB+3D/AMFR/wDgo94F1qPwV4u+Ftt8L57qGWSHj7RdSxRfupfLl/1X/kKv3Tmi+2RYr50/bW/Yk+Hf7X3gWT4d/EbRPtJ/1mm6j/y1sJf+esUv+f8AtrXylelQpYn2tSHNf+vQ5soxUMP7kz8FPEH/AAUX/bl8VSONU/aI16OOX/llFNFF/wCioq9a/Zb/AOCoXx08BeK9PuviV4/0vUrIzXUmoTX9lNHJaxRWmY/K+y/uv3kv7qP91/rf9bX1SP8Ag2f8KrfR3eqftD6hLZ5/1Nro0Ucv/f2voH9nH/ggj+zB8Jov7T1CG51a87XWreVJL/8Aaq6q8sFVw3L7O59RSzGi5nhvhL/guv8AGDWdCuLHwT+yH4j1Jrqzljhu7vx/+6/1X+t8v+y//ateL/F//gor+394puv7K07w0ttcf6L502neHL+SWWXyvNl/1t15X+t83/llX6af8O/fAEUv9laUIraOL/ljFDUln+yL4H8K3Mf+gRSSV4NOrVpz5I0vdNalfCdD4Y/ZA/al/wCCmc2n3Ft448D6vdJK0X2a7u7mw03j97/rP9Al/df6uvr/AOD/AO1F+35Z3/2G+8AaBrdv5P8Ay9zXUUsUv/XX97FLF/2yir2Dwr8B9Lhljm/5616p4J+Evk2Hn2Nj5X76lDL69XFe0Xueh51XF0f5DyP4e/Fr9ufxJ4jvP+Ex8HeCdJ0+X/jzltIb+5li/wC2Usv73/rr5sX/AFyr0Sz039pPUosa58cY7b/plpPhW1i/9G+bXpmj/Cvw35XkX3meZ/0ymrU/4Qn7HLmyvIrmP/njNX1WFw9l782fO4mHtH7h5nZ+A/iNMY59V+OHimT/AKY+TpcX/oq1rch8B3wl8ifxVrcn/TabWJY//RVdhNZn/UT+VF/11mqT7H5PFehSoQOc4ubwHB5XOq63J/3Hrr/47Uf/AApPwreReffXGpS/9dtYuv8A47XWXkM8F1+4qPU9St7P/rpXQsPS7nBV3OHl/Z78AQy+f/Ycv/gyl/8AjtfI3/BZ/wAQfAj9nr9iLXD4ls7d/EHii9tdO8K6Lf3kv/E0l+1RSy+ZF5vm/ZfKil83/rrF/wA9Yq+zde8VTzSx2NjP5fm3kVtD/wBdZZfKi/8ARtfmXol/d/t4f8F8fF1j4nguta8Ifs6aXdQ6FYzOPs0Wq213Dam6kj7f6VJLcxY7WtsOkZFcrjCMycEpVZTqS2geY/8ABPr/AIIqReENbh/aE/aT8NXemyXDSXOgfDma9P2rSvM/1YvbnMUnmxxc+V/yyx+9xL+5r6m8V/si+AIzo/wl+C/gjwd4FvPFH2+Oz1bT/CsXm2v2XSrq683/AJ6y/wCqi/7+19eXngq+vJf+PGX/AL815f42s4NH/a6+CfhW+/dyazD4ytof/BB5v/tKul/3Dza9atjsReoR/Br9l/4S/s8eCrfwF8GPB1tZWcX+uu/J/wBJv5f+etzL/wAtZaseJdI8cQyyQWPlf+AcVesQeG7GGL9/XP69aW8N/wDuKJ1NDB03GWsTyPUfCviq9/5CviS9j/642cUdVx8DfB2pRefq3269k/6e7yWvXJtM/tK1kguIPNrH0fTfsd1JpV9/rIv9T/01rjJseX/8KH+HOm/6jwpbf9dfJqO8+G3hyyi/caHbR/8AbGvUNT02Czh/49/Nrn9Yh/e/6ileqB5f4k8Kz3nmQfZ68v8AiF8MbGa1k8/Soq+iNSs7fyq5PxVpsE1hJ+4pnQfkV/wUR1KPwN8SPB8Gn6V+/ttS+2Ry+d/y1ilirzn4dfCWzuPjR430kweX/ZesSx+T/wBMvNlr3v8A4K2fDx08VeFdctf9cZpooh/36rmfF9xovhX9pjTvG1ioisvGNpHp2pRTf8s7mO1iltbr/t5i/df9dY7r0rzcWqlTA1FT+I+04dzCnTq04ev9fcdt4V+Hlt/ZcfkQeXXSf8IebO1yIPN/7Y10mg6NB9g4uIquWcME3+vr4ClWlCX7w/THL2yOX02y8668jyP9VW5Do/kyx/uP/INalloPnTyT1qTabBFFGawqVKk6oLQ8r+PHgOx8S+A9QgvoJP3sPl18o/sU/ExbVvEnwe1+HzdN1qw3Mn/TWOWOvq79rL4maJ8Kfg5qGuXksZvJf9H02H/nrdS/582vz28H67F4Y0S/1/T9YePVprqKDTrOJ+DFzLLKef8AnrHbY+sn/POvqclwNXEZfUhUXxW5fXuZRx9LCVtevxeh+9P/AASd8SXuvfsjaP4Ovdc+0yeEtSutOhu/J/1tr5v2qL/yFfRRf9sq+rNS8ia1/wBRXwn/AMECtWu/FH7Iut614+iMl7qnxAupbR/J+zRSWsVhYWsUvlxf9NYpIv8AtlX2hr3gLw5Ff/6P9uij/wCeUOpXX/x2vp8PGVDDqnP4j8Lz903mdR0fhuSTQieLkVHqXiTStN0aP7dfx23/AF1mqv8A2DpWnRefYmXzP+m00sleb/EfyP8AhIvD4n/e/wDE4irepjHhqR8/Upe2PQNe1jzrDyPP8uP/AJ41h+f7VJeXnnWEdZ80wgi5Nc1TFe2RnSpeyPzZ8If8HEtq/iU+JPHfwNmt3EcsVodD1v8A1UUvlebF+9i/6ZR131l/wXb/AGNfEyeR4n+DmrQZ/wBaZtKtbj+ctfIFh+wB+xxrzOtp+1R8TLHHe8+Bgn/9JdVlrB8T/sGfsuaBvMP7Z3iP3+0/BfULfP5zGvf9nVpdD69Zfw5iVzU5OPpf8rH6C+Gv+Cq3/BOLxHcorS22lGT75vfDsqf+iYq96+FvxX/Yq+MdtG/gPVPBOtyCH/URTRSS/wDfqvxNu/2bf2bLJ1Np+27pAOdkqXng/VI3j/8AIRrqPAXww+Enw/12LX/BP7e2ky38QxY2nhzwxrP266uesUUYmtYov9b5f+slFZe1mt4kVsjwqhzUZy+af+R+4k3wx+Ct5F+/+EnhaX/rro8UlEPw9+Eem/v7H4ZaBbf9emjxRVn+CLK/h0vT7LVb7zbyKzi/tKWKHyovN8r97/5FqT4teKfDnw3+HOseMdcuPKt7Czlk83/prXBiK0IxPnfZ1rn5d/8ABZXxVpGnx2E+mIradrvjfUnfTxPxJFpkNlaxH/v9JqP518fx/G39noaf9luv2XtLaUdZU8QX3P8A5Fr0f/gp547bxL438E+F0e5F1pfgK1v9TE033bnWJrnXZMf9s9Tjj/7ZV8uRKhl3LjhgF/Ku7B1OSlqfo2SZbCOXQU276vRtbu/Rnos/jz4E3d2JR8Ir6zjx92w8QH/2rFLUlhqn7Mt1DjUvB3i1JM8Pba/b/wBbWvNJUZckmnQXywyK4jHynNdPtk1uep9UUVeDf3v9TtvG3wd8aeDNTsLuTwZrkWm6yfM8P3eo6XJB9viziNo/734Gv6evgF8Of+FQfCrwn8LGJP8Awi/hvS9F87yf+fW0itf/AGlX4p/s7f8ABTj4rftL/tC/An4FeNvhP4MbTdB+JXhl7C807RpVu7eG2v7ZyI/MlMQHlREEeXyK/dTw3efbLXz68/Gum17h4mNr13ywqx5X63Ow06a3mFF5Db2d19o/5Z1Ho01vDFHP5HmyVn+N/Ek+mxYsf3cn/PaGvAq/wjGjOlf3zQ02aCGXz76D93VzX/EmlQWuLCDyv3NcXo82ueJJfsM8HleV+8+11Ymsr6a5uNDvv3VxF/r64aeM/wCXfIevRpr+IXIeLCTVTPL5lYd5/pmqSc/8tq0NY1KDQdB+wzzx+Z5P/LGsf+3rGKLz7g/63/47RyM0p/vTY0Gbzrq3g/5aRTV7B4P/AOJbYeR+7kjihrwPwTr39va9J9h/1de0eG5p7PQZNV1a+j/dfu/9dXbSq8lG4nRlORqXniTybr/UVGfFduYY8W9cf4k8eeHNHtZPEeuXGm/2XFNF9smim82Xyv8A2l+6/wDRVc/4V+PGh+PPCVn4j8HQ219H/wA/cP72tKeZ0TapluJhD2nIeoanr1jqVrHb+f5Unk0eTfQ2vn2/lSx18r/tgf8ABRTwP+zHpelwa54O1LW/EmqTeZpvhjwzZ+bfS2v+qlll83915XmxVsfs9/tIeFf2uvhzp/xU+Evxb1uLS7qaWO8tLvTYo77S7qL/AFtrcxfvfKli/wD3X7qWu7D4n6x/DPExtGphIxqTWkj6AvNYnhi8jyP3lc3r15cQ/wCm6qPLj/6bf8ta4fWPCtjqUOR4i1u5/wCmv2z/AONVxesfBP4ZHWrefxV4AstSt5ZvLmu9Rh82WL/pr+9qp1sX/IeJUxdGr7h6heaNrupafHfWMEv7qaK9hm/6axfvYq/DP9qD9qXUPhP+334r1WfS9I8L+J/hz8Z7rVdH8Q6HoMWm6nrNrdarF5sWp30XlSyxRWscv/XX7fL5sv8Aqoq/Xj9qTxv4U+HHwf8AEXh79m6+bwzrsen6NZeH/E8upRWOkDV9TuorWxtZT/y1i8qX7fdS/wDLK18r/nrFX5cf8FSP2Ofir4Y8ej9u34r+FNS03QfiR4j/ALO+I3hO7077DLp9r9ltL+K182X/AFUsv2a58r91/rbD/pr5VcvtpRnase3kuFXI5H6z/tuft1aX+yL4/wDDvwQ8HfArxP428aeNtCv9R8H6dpM9rbWN1LbSxRSxSXMsv7r/AFkUvm+VL+6ryj9sj4+WE/wh8JftwWGjjTdU/Z4+PcVl8TvD8WqxX32XS7qeXS7qWKWKKLzYrq1uYpYpZYov+/teZfsufEP4ZeFG8D/tCQaTq/i3VNB0eW58H6t4n8VXWrX2l2t9F5V1Fbfa5f3XmxeV/rf+uXm1F8Rv2jfg54S/Yu+Pvwj8UfCLW5B8QvBPlSTCxMkkuqRWssX2uXzf3v7r/RZf+2VThs1jWxHs4fD+ptjsDhqKU0feup+G4BLJB9o8ysObwfY/vJ6+V/8Agg5+21H+1d+yXF8IPGN47eO/hbb2uj6lHcZ8y+0vyv8AQbrn/plF9ll/69Ypf+WtfbmpabBPa/8AtWvcVP2yufLYmn7GtyzPO7zQYITmCCq+pabf+Vbz+RJJJF+8h86vRJvDcH2X9/PVP+x7HzcUVcMZnD/2Zb6la+fBNXP3uj/6wzw/hXoF54asYZfPgn8r/lnN5VU9S8KziLmeOuapTMzy/VtNgP8Aywrm9Y0eCaKTz69Um8H/AP66w9Y8HzzD9xBJ/wB+a46hNRVj82/+ChPhrwtq/wAYfDem6tJFLHo2m3WqzWv/AD9Sy/urWL/trLF/5Clr5Q/ac+BXjDxt8IbLxFb2skuoaNJLJJFF/rZbWX97/wCQv9b/AN/a/Q/TfgpY/GHxP4w/aYvf9N/tnUpdJ8Nnzv3UVhY/6LLLF/11lil/e/8APKuTvPB+iabLJY30EXl11VIwpUY2OXBYyrhMb7T+U+T/ANlP9rnw78TdDj8HeMr22sfFFqP31pNN5X2/yv8AlrF/01/6Zf8AXWvaP7Sgm/fk14l+13/wTv0Lxolx4y+AV/Yx67/rJfDvmRRm9/65f9Nf/RtfMHhn9qD9o74E6vP4P8TzXTy6bMbe60zxJDJ5trIOsXOJIq+fx2RU8RL2lJn7Fk+e0cRQvFn6QaZd+dF92sb4o/F3wN8IvC7+KfH+v/YrT/ljD/y1upf+eUcf/LWSvip/+CoPxnis/s2ieCfDsMuxwLh7aaQpn0/e15rpfgn9oT9q3xQ2uvZaxr9wP3cl9eTbLW2/2TJIRFEP+meRXHhOG1Gpz13ZHpV82p06ZH+0Z+0n4s/aD8Zf25qSi3sIGePSdKilzHaxf1k/6aV3/wCyL+xJ4h+NWqW3izxv9p0XwrCfNN0y+XPff9MrbPX/AK6dK9D+Df7FfhL4dXaa344httd1KM5hhMWbaL/tn/y2r6W8E/25eXUcEHmeXFX0Sq0qcVSo9D4vNM8jL3aR9M/smeIbP4a3On+H/Demx2ek20MVvHp9rD5cUUX/AEzr7P8AElv50fnif93LD5kNfFfwT8N332aOeeDNfXHgPXp9e8ER6VfT/wCmWEP/AJCq6b+wz4LEt1KpH5n/AC75/CvP/iFpkF54p0f/AKZXktzDXomp2/kxVyc2j/2l4jkn/wCeUNc2YaYcww1P98ZcOpfuvsNHneb3rY/4Q/SvNz5FR3mmwQivNo42idP1Ksfzm2v7a/7UunztdWXxt8URyS/62VNXlzJVqT9vj9st4Ps6/tFeMFi/55jXZv8AGvoy+/Zp+HWny5bwvZRn/nl9jrPvP2evhz28OW3/AGxs699Zw6vQ+vjj8rS5lRX3L/I+NfEnijxH4r1SfXNe1Se7vLyXzrm4k/1kkhPJJr7v/wCCJ37EN38XfiW37R3xF0aT/hHfB92P7Chkh4vtYx+7Pr5dtxLn/nqIh08zHL6R8BvAd9qkWn6Z4Kspbi5m8qHNn/y1r9d/2Xfg/ofwr+Evh/4c+FdKtrLT9G03y/Jhh/1sv+tll/7ay+bU/W/arQzxme0qlH2dKHKdpo+kf2bbeR/rZK8T/ac8K+I/jN4j8N/DKwsf+KT/ALS+2+JLv/nrLa/vYrX/AK5V7B8QvEn2OW38D+HP3WoX/wDy2/55Rf8APWrGj+FYNNtY7G3t/wDVQ/67zq8nE1ve5UfPOlzu5+CP7Yfw++NH7Qv7XfxL8QfD74Y67r1rYeM77T4ZND0aW5SCC2lNtbR5ijwMRRRDtmvKb39lr9pHTztvfgX4vix2bw7c/wDxuv2ag/ZE+OHw3+Ovi7xj8JvjHY2Og+KtZl1OHSNQ0f7b9kubn97c+X+9/wCevH/bWpviFoP7Zfhu6k/sq+03Urf/AJYyxabFHV/2pi6bsoLl9T6ahnkqdJU4R0R+JFz8D/jFZ8X3wy8QRf8AXbRpx/NKzbjwP4tsZfJu/Dl4jj/llLbyCv1x8VTftb3d1JPfeHJPMi/542def6l4b/a+8Sar/ZWh+GrmKSX/AKc63WczW6Rb4iqQ+weR/wDBCn9nLxB8RP207X4mahps6ab4D0q61C6lktCYvtMsRtraP2kzLJKP+vY1++ngmzENhH59fMf/AATs/Zn8VfBP4VSX3xN8R3OreKNevPtusSyzfurX/nlaxV9Wab+5tfIrX6x7Ve0OKtip4+t7SasaFlP/AMsKx9eg+2XUcH/TaugsoPJi8jyP9bWHr2swabdSE+VLceT+5hlrzsTP2VH2ky8LSdWoaEOsaVo9hJof9qRW0ktnLbeb/wA8vNi/6a1Y0bxL/wAJt4c8iy1y21vxZ4cs7CPxJ/Z0MX+iyy2vm/vYov8Anr5Xm+V/zyrwv4wal4r0zRvt/hXSpZLyKaL/AFv+tli/5a1yPw2+NXjb9l3/AIKHaPFf2f8AxRnx30ew06bUIofN/svXtHi821ll/wCeUV1Fcyxf9+v+eVfNZbj/AG2N9mz7yllcVgJKPxb/AOZ7F48m/tLzL6DzfLihryP4hfFSDTf3E99/1xir7E/aD/Z5n+Kfwk1S9+Ferx+F/EktnL/pf9m/abWX/nlLLbRSxf8AkKvwq/bs/Yz/AOC2d34gvLHxbpR1bR7Vfs3lfC7Xv9GP/LLzZYv3V1LFL/z1li8r975X+t/dV9MsLKrPX3Tw6NNP3Ue4+MP2x7iz/bx/Z/0rw74xkttPtfiFYW3iSLzvKi+y3V1Fayyy/wDXK1luf+/tfpJ8YPHkFn8DNL1yDRIvtF1D9m1LUfO/e2sv/PLyq/mI/Zm+FnizVP2zvCHws8UNJp+qN46sbK8hu4pZDDL9qjHlS+VLHJ1/55SZ44x1r999N8bfFrSfhbZ+MP2qNLttA8MeKJoo7yXSZpYrb+1P3ssvmxf88vKrhzm2Ew6jzn2GR4SjLEQ9p0NjR/jnY/8ACLx+B/Ec9tpsl1/pMN3DN5v/AFyl/wA/89ay4bOx8EeN7f4ZfDm+tov7Z0eK9h/s+bzIrCWWWWKWL/yF5sX/AF18quD/AGivhj4p0fT/AO3L2C5/e+VbeddzSy+bL/yyl83/AKa1ufsi+IPBvwHtdH/a2+MVxqVzJdebZaDaeT+6tfKl8qW68r/lrL+6lii/55fvf+WtfIYHF2xnLVfuH0mf4Zywv+zI+vPhX+wR4V+Hvg3/AInehy315LN5l5FNeeb/AN/f+esv/TWvPz8E/hJ8H/2m/sOn/urfx5NFJqWnSzf8xTzYoopZYv8Alr5sUvlf9ddP/wC/Vj4wf8FYvhl8H/hz/wAJH4c+Emt+KI4vKj+yaJNL5vleV/zyiil8r/tr5VfPetfFr4j/ALevw+j/AGgfh02reF/C/jfwrFZabq/hzUvs2p+HNeill/1sun+VLLLF5ssUsUv/ACyl/df62v0TB5xgIU7Ufesfk+ZZbiFSvXjyn3hN8PdDml8iCCvB/wBpzU9KvNC1TwdYzxxafF/o2sSw/wCtv5f+gfF/7Vl/5Zf6r/W18T/CK/8A2+pr2aD9ov41fF+xi8OXUv8AxTx8X3VzoerzeVLFFL/adpdfb/sHm+VL5UsUsv7ryvNlr1vUvjvaf2ZceLviJ4B8WWOn2A82abw14Mv9asYov+mUulWssUUX/XXyq9KeZK2m58nUw1KFblgeV/8ABQHwJPH+yp4t+I+lRvJ4lstKub9tUuNR1CUARahpV/dGOKS6+zReZ/ZFtF/qv9VFFF/yyirnv2xf2r9b/br/AOCWHi3V/Gnh+LU/E8M8V6dVMPlSW1zay/avtUWP3X+qluYv+2tdNq/7f/7P/wC0Lod9+zt4k+FfxF8N6f4kiutJi1bxT4MeysbqO6i8qXEo/wBX/wAtf9Z5VU/+CRHxqsvhV8BPG37Lv7Tfj7RvBegafda94T8eWviHUoraO6+1WssttL++/wCWv+k3MUX/AD1iii/55V5lShVr1FUkz6LAVVS/dnkf7BPxU1XWP2fNHg10xfZ5YZZNNii/5ZRRSyxeV5X/ACy8qWKX/tl5X/PWu4+KnxI8KzaN/Yd9PF/x5+X5PnV4R+xhcaNpU3jv9lPw8tlr/iDwp4qv9S0DVrRZZItQ0+6tYorqaKOX/nlLY6bLF5v/AEFJZfK/dVp6l8Mfi3oPxf8AD8/xV8A6vpul6zeS2UN3q2jyx2sv7qWXyv3v/LX91V4OlQw9SUf5jjzSjXnWvE5a7/as8S/s2/Fnw1+3L+y9p1kdZ+Hdpa+E/iroMM3lW3iPQv3X2CWSLvF5UUVrLL/yyltbWX/W/va/X79iz/gof+zD/wAFCfAv/CU/AP4m21tqlrD5useCNb8qPWNL/wC3b/lrF/01i/df+iq/CvWPBGmfs96fqniDxh4jsrnUNe82ObSZZvN82wl/5ZSxf88v9ZXzReG+8J+OIvF/wc1fUtKmtLz7RpJs7uSOaKXjH2abqZOBxnzP+unWvVw+J5I8g44KhjKfJU+OJ/WN4gvINNtMf8TLUrj/AJ4wwxW3/wAdrl5/G2qwy5g+GVzL/wBfeseb/wCioq/CH9lX/gvJ/wAFGPhfeReHNf8AHVl8R7eM+XHonjSz8y5k5/5ZXMXlymXGeJTL/wBc6/SP9nP/AILo/s2fE7Wrb4a/tI/DnxL8HPEs4igmi8Z2Ej6RHJKRDF/psUUXlR8xfvLmKOL96T5uBmu1SpTX7yZ52Iy3F0I+7HmPrebWPH2sRXFjY+HNE0248mL/AF37yX97L/zy83/0bWPqfhv4t6z+4n+Kt9Y/9gnR7CL/AMi+VLXpmj+G7C8tbzVYL77TeX80sk03/TXzf/tVV5vDeuWdhcarPfabZW9hD5k13q15FbRRf9tZaajgKcPaTmePbHYmt7OFP4Tyuf8AZvn16H/io/ib4/vpPJ/ff8V5qlt/5Ciliirk/Hv7FvwPvNC1D/hONC1a+0+KGWTUv7W8VX8sUsUX/PXzbqvoTR9N8Sa/oFvquh+KvC+rx3X7z+0dD1L7TF5X/PKKWKvD/wBp3V9c8Sa9b/AGCeSK8uoftviTypv9Va+bLFFF/wBtZYpZf+uUX/TWqq1MH7Dnpo56sMVh52qs+Vda+Lfxcj8j4f8AwR07wT4e8C6GYrLTpL+4sJfstrF/zztpb+KXyv8AtlXjOj/sy/FT48eLLzxR8XfjFrkWl3WpXUmm6JoltFZR/ZfNl8rzZf8ArlX3BB8PdK8N2H9lWNjF5cX/ACyqvNo/k+KJPP8A9Z53/tWvnnUnf3yqbpVX7p4HoP7Afwk0Dy59D0OX7R/z93c0tzLWL8Tv+CbnwB+I9sYfHHga3vDHDiKWAyxSx/8AbX/llX2l/wAIrfTWHn/YZPL/AOuNcH8a7vTPh18NPEnxE8RL9m0/RtHur28ll/55RRebWzUJK6OzDzr4equQ/J39g/8AZm+FXxb+Edz4uuPhfZRXtjr9zp88kqfaR+6EUv8Ay1/66/8AkKvqrw3+zTPDYRwQQeVH/wBca5D/AIIteF7zUPgbrN7q+l5k1PxVdXvlzf8AXKKvuuz8EwQy+R9iijjqfZzl7x3YrEVZV5K5836P+zHpXlZn0SOWus0H4D6Jpsv7jSoo5P8ArjX0BaaBBBF5EEFWP7Bgh4+w+bR7I4f4pxfhXwqdNijzB/5Br0Dw3/xJrm3vv3v7r93N/wBcqk/s2D935FWLPHm+R5FaezM3S0LGsf8ALSCCuf0v/j/uJyf+mdak14fsElj/AMtIv3dYejzf8fH/AF25rizef+ynFhIfvi5NeeTVeb97RPL/AMsMVXmm8qvlqR65+b+seFf9Z/oP7uuf1Lwf53/LCvoy98BwTQ+QbGqd38OIvK/48K9b/r2afwzw/wCD/hS30f4q6PfX0H+qvP3P/XX/AJZf+Ra/SzTdSsfBPg2TVb4ebHaw/uYv+estfK/wB+B3/CR/GTT764g/0PRp/ts3/tKvqTU7P/hK9Zt/DsH/AB52H+u/6ay1rGpWp0zmp0nVrGf8MfCt7rF1cfEDxGfMvL/95XcTWcGm6NcT+R+8rUs7OCGKOxg/1dR+MIv9BjsYP+Ws3l1l8B21KRw+g6DPrGsSX0//AD2rqJtBghi/48aueG9N+xeWv2arl4JzL/qK5JutyDpU6dI5efw3Y/8ALeCqdn4DsYLr7dBYxeZXeQ6P50Uc5gq5puj+fNH+4qqNOq5/CXV5Sx4V8N/2bpf7+D95Wxp0P/LDyKsTWcAijgzVyz02CGKOeveo7ezMyx5PkxV5X4817zvFFwPIl+z/APP3D/yy8qvTNYvvJi8iD/WS/u4a5vxhoGh2fhe4msf+Qhdf6NDD+6k/6615WeVOSj7M9vJ7Orqed69Z/vcQQfabj/lt++/5a0f8K9g+LOg6h4A1yxji1DS9N+02ct3/AMspfN821u/+2Utt/wCQq6yzvND8H+H/ALd4jv4otPtfNvbyWX97FF/rf8/9tax/hL4V8HeMJf8AhqH43/ZtJt4rOX+zbTzvs1taxRSy/uv+nuWX/v1/0y/5a18ZSwNWE/awZ9/SxMXT5Ee2fs6/tcW3jDwHpd/PY/ZtPutNiuYdPl/1trFLF/x6/wDbL/Vf9sqx/wBqnwT4H+Klhb6rpUH7y1ml86GX97+6l/1sVeL6l8QtD/4WF/avwy8D3sely+b5MP8AZssdrLF5Vr5UsUX/ACyi83zaw/jl+07qvhTS7w+HNKlkvP3XkxeT5VfSzz9UaUabPPp5POVaTPDbv4H/ALMC/tR+ENZ+KuleJPEHxE0fXrrVtB8WatrHm33lReb5Wn3Msv727tYvKi8r7V5ssXlRfvf9b5v0NpvxUn+JGl6fpXjjQ7LUvDegzf2j9g1CHzbb91/z1/56/wDPKvI/BPxH8HePPiN4L+OHn6Jc+JJf7U0XR7TzvNlurqWW1ii/7ZebLLFF/wBNaua98QrcWuuT+DdW+3fvvLmu7SbyvtUX/PXzf8/62vlMyzGtjavPUfLBH2mWZWo8iPVPGH/COfFrwTefCvXILb7RLZ+XeedDFF/alh/yyli/56/6r/rrXwZ8bfht8W/h6lv8C9Y1jUdR8L+HNWutRmllWWS5v7CWX7V5Xm/8tfK/e/8AbKL/AKZeVU+g698fPGH7Tfh/wD4j1XTZI/8AWaP5XmyRXVr+9i82X97+98qL/wAi3VfQH7Tnw3vtF+EFv448R/E6KTxZ4I037b/bktnLFFqnlS+bF5Xleb5Uv/LL/prXl46rKNKLpfaPqqeDo0Z8nNufMeveJNdmk/tWC9udNuPJ8yzh06byoooq+mP+CeP7YHwyh1nxB8D/ABULGy1TxRNa3vmxWcUX2q/i/dRS/wDTXzf9V5v/AFyr578SfFr4O+JPDcmh+Dpo4rzyZfO0+aGKKWKWL/nrF/36/e/+ja8H+APiHWdR/bN0PWNKtLm2g0bT5dS1I+T/AMetra+bdSyy/wDfqOtOH44qli+eXQ8PiLCYfE4R01A/czTfBPg7X7CS+vriW5jl/wCeX7qvm/4zfsWweJNZuNc0rVZbG4l/5e7Svqjwt8Tv2XtTtP8AhFvCvxi0TUtQtYf31pNN9muvNii/55S/va5f4h2n+n/btDmil8q88v8A66/88q/WHWoTiqh+IYjLa8K1pQPkfTP2RfEfhQW+uatfXMVnpd59p1LULTTfN+1Rf8tYpa8G/aJ0H4N+O/26PGvgT4afEfU7bwT8WPhLpWtC706CL7Td3Ph7VLWW6iJmi/c+Vo0V7dSRY/5Zx1+pPw9+KnhX+xv+EcvoIo/Nh/febN/y1/6a180/to/s8fDzwn490b4vfD7whba/4n0Wy1SLT7TTpv8AW2t9YS6XfRf88v8Aj1uZPK/6a+VXVVx9BRjcyw2Fq0cR7sD84v2YPAuh/ss/8Fx9J+EvhCC+GkXImuNM/td4pbmaK+0DzfKkk8mKKXypY/3X7qLpX6T/APBYz4J6r4w/ZauLH4cwSSahf+JLXVodRh/1vmxRXUX7r/wO/wDIVfmj8Nf2Bf2nf2YP29fBP7RnjTxufFVmPHUV5f63d3kv9pP5v+tNz53+t83zfK83zZf9bF5vlZwP22+L4t/Hf7Jen6rpy/aZNM8qW082br/y1rxsZXpVcXB0nse3VhOnS/xH4j+Av2OfhNb2PkeN/D0t7/y0miu4f+WteseFf2FfgR/wi9xfaH4Nto5PO/cy/wDPKvqj9rHRfh/4i/ZI1D4seEPBdtr3iyKH/iQ6TaXn2a+uv+ev73zYv9V/9qrxf/gnD8fPB3xR+E2seDfFWiS33ijQdYl/t7RJbOWO+isJf+Xryv3UssUX+ql8r/Vf9cv3tXVr1qTvI8Krg8VUrXpnz58RP+CRXh34t/DC6+Ofj34kaf8AD7R7fXJdNs/FmtWUp/tSXyv9V/01/wD3v7391Wv/AMEtv2r/AI6fs62fiT4C+IL/AE7X/Cfhexe80Hxfc6b/AGl/YPlS+V5VtLFLF/ossUv+q8391L+9i/eyyxXX62/BT4r/AAl8YfDuP4J/FLwdomreFZRF/ZtnDo8X2Wx8r/p2/wBVXE/tjf8ABJT4E+PPDX/CaWPxEu7HwfdDzdSj+2eZJFF5X7rypZfN8qKubG42uqF/sn1eV0U0qNT4j5g8Yft0fCX9hax+JHxTmk8T+MfEkWsWsem/DOw1jXo7C61TU4vtXm3Mt1+68qKX91/osUXmy/8ALKKKXzajT/govZfDJbfwr+2jpXwc8C+NNXll1qfSYfDf9r+Vf3//ACyuopZYvJliil/ey3Ut1L/zy83975WzrHhD9m3wzo3ij4ueNvGWm6/4g8OXl1408N2kupRRebf2v2WwsNVl8391/wAvNzL/AMtfK83/AJZV+O/7VHwp/aJ+LXxm13xd4luLXWtf1bVpry40+wkzKPNl8vyoYhzKen7mLzZIovKzxXTga0MdQhCXunr0cloYKrOSXMfoB8V/+CwPxL+C/wC0je+LvgN+1hoPiDw9L4JsNRi0lY447HzbK7mtrrSpLGL/AEW0klizL5sUUUssXlfvfNr9Mvh7r3gf42fA63/a40PwfLpFx8RvDeg61qUuoTebLaxfZf8AVSyy/wDPLzf9b/y18qKv5T9M8Oa9N4lj8HNot5Le/bRbf2aIWMklznHleX135+TGK/oh/Zf+I/wC8Pfs7+Efh/8AtL/Ey28JWHgr4f6Zows/GWpf2bbebplhFa+bFFLL5UvmyxSy/wDLX/W17y5cFH4uY+Q4toUsXQjGjT9+P9fganxa/aW0PQftkHw58KX3i3UIvNjh+yeVFY+b/wBdZfKrqPgb42sPiR4Nt/GVjocem6x532bWLSGH97a3X/LX/wBG15/pngPSvjBLrHjn9l7Q9S8baPazeZDNolnfxebF/wBMpdQtYrWX/tldV85698YfHHgP4rXnhXxH4H8d+ErPx5oMtlN/aFna6RLdWssUsXmxSy3XlRXUX73yvN8r/Vf62vAq451cSfHZbk+YSqqm6f8A28fQHx6/4LXfs1fCDwTqem6BqGufEQaXexabPrPhXR47rSxcxf62I3N1LamXyopf9bF5sX+q/e15x43/AGxfgh+2nrvhv4b2PivSNb8A2lnda14k8MwzS21zr0sX/Hhay23+t/55fupf3Xmy/vfNiir82v2wJvj3efDvwJ8BLL4PeI/DX/CGaFfXuq6XpyiUS2t9d+ba3UotoseV5XlRcyy/vRLLxLNKZPpf/gkh8EfHnxlvtF1b45/EnxB/bfhae/03wp4b1qCXzYrWS0iERlklJklto/KlMVr+68rypZR/ra9ePKqS98+qzfKKWCw6nHeJ9s/s6+D7Hw1a/uILaOS6mlubz7J/qopZZZZfKi/6Zf8APL/plXumm2YmPkeRXD+FPhlqvg+WSCf/AJZebHXeeG5sRSc/vP8AltW91FHyVKVSrqSTQiGX/rrVyaHzov3BqTyftkX+oqx+4s/3H7ytaRfs0Zfnf8sJ4Kkh8iG6/wBTR9jgml/cT/vKkh/cy4pmVQy9X/c315AB/rf3n/kL/wC1Vz+mzf6wH/ntW5r03+n3mf8AnjF/7Vrk9Mm/1kG7/ltLXi5z/AicWE/jSNSa8/dVTmvPOonl/wCWGKz7y8gr509I5uHwfYzDyPsMdWP+Fb2M3+vhruNH0GCaXJrUm023h/cQH95XTT9tc9b6scv8N/B9j4JsLyexg/0y/ruPB/hv+zbH/Uf62rGgeG7eaX7dPB5ldBDDB1rt/eBTpeyDR9M/5eAax9e/4mXiOOxH/LKGuwmmgs7CSuT0GHzr+4vp/wDWS0VJfYOapTNT7HBZxeRij7F50v8AqKz7zWYIP+eklV/+Ew1aVv8AQdKkrL2tER1kMMEMXkTz1J9ssYf3EE/7yuLmvNcm4nnltqk+yaqYo/8ATv8AW/8ALWtsPWaYHokM0F5L/o7SVoT3sMI8isPwr4b8VXkXkaVBL/11mrxv/goR8ePip+zH8PtL8OfCvQ/7X8eeLbz7No8Xk+b9gi/5a3Xlf8tZf9VFF/21/wCeVetBVrc/IOnTue+aDZz6l4ys5/3UdvF/y2l/56/uvKrD8SNBrGv/ANh6F5skcX/LWX/lrUH7Ef7Lvxq8P/Cq31v9pL4nPqHijU5pb2e3jEssdh5v/LKSTzf33/XX91/36irpv2k/i58Iv2PNA+1QeNdLvfFN8kUdnocV7F9puv8Atn/rYov+mteRmdDmjz1vdPosmwONxdb2dCnzHmnxh+FfiODzNcv9VitrPyf3Np9s/wBVXw/+1n/wUU/aH+A97ofws8G/DpftA02WPwfp2reEJZPssv2qLzdQ8qWL/VeV5sUUv/XX/nlX0x4k+IP7Sf7SvijQ/A2h/E3+ydU1S88uaLwbrEVlY2H7qWWWWWWXSvtX/LL/AJ6/vf8Apl5te7fB3/gm7oXw50b/AISL4k+N7L+1PP8AtE32WTyor/8A6+Zf+etfNvGUorlpLmPs3leLy6alXjyy/lPgHwT8Mfi14qtY/Efxi+I2r3P7mL/iRw6lL9li8qL915v/AD1/1tc/qWj+AbzxlrF/4r/tbW9L0aaWTUtR8Q3ktzo+ly/8srS2tv8Al7v5f+eUXm+V/wA8q/Sj4m/s6fDnx3dfbvA/iPw3olxdebHDpX9sf6q6/wCmVeT+G/gB8MvB+lx+APEllptl9l83/S4ZvNlll83/AFteNg8txVSvOtU942q4+p8EYH58/tO/GHxtpfhzxF478Bfsux2cJ8Lyjw5rl3qX2G50uW2/0qXUPsNr5sUV1L9mi/5ay/6r/nrL+66H9gv9qG+/aa+Gni3xrYeAY7KTS7zS5JtK/eyReb+9/wBVL/zyi/55f9Na+sfi/wD8E9/DmveKND8R+I/jp/aXw7tfNk8SeE9P822utUi8qWKKL7T/AK3yvNrU8EeAvgz8CrS40ODwboOj+E7Wfy/Dfhm0s/KsYov+etzLaeVLdyy+V/y1lli/6ZVlnGKwMMv9lOHLUPospr1/ZPl1PlfwT8OPF/i/VJPiN4xvopfD/hf94LTyfLuor+WWL97beVL5vmxReb+9il8r91+982u4+OU8/wASPhpp/hzxHP5kmqab5f7mbyv+mv73/rlWp8ZP2xv2ZfBGqaf8K7DwRpum6p511JDrek3kv2G1i82X91LYyyyxS+bFL5Xm/wDLLza+W/2sP21fgdHonleDfivpOpSX/lSXlpp2sRS/va58PhcXicHT9kub5HbLMlh60fao8T+N3ww+Jc3xp8L3XwksoP8AhIf9KttYhuf3cV1FF5X72X/rrFUcnwM/bA1HxZruu6R8FdSsY9L+y6dr3ivT9N+221r5trFL+6k/7ef3v/PLzYvN8rza8l8dfGP4oXPxM8B3nw/16aXWNYs4o9O06H/SZf3l1LFH+6/6a/8ALKL/AKa/9Na/eL/gm1/ZWm/8E9vC/wAM/G+qSXGsXWsy3PiTVtQ8rzbq/uv9Plll/wDIUX/XKKvtqODr0cNDnUb8vz3PFrYrF4qtKcPgufmRY/E79q34MapZ+FGstbu4pbiKTQbXxD5V9Ff38UUvlReVd+baxSy+bL5UsUX+t8r/AJZV+kv7Ov7RemfFPwBa+IdOLy6TfafFPpN3LF5YuopYopYv3Y/1X+t/1X/LKXzYq7b9oj/gnj4T8T/D/wDtTSdDtpLOWb/TLPRLzypYvNil/exeV/qpf+uX72vO/BXw38OeG7bT/B1h+1Nomkaha2cVveS63eS22py/uvK82WWL91LL/wA9f9V+9/5ZRVhVdZUvcOPM5YCrSj7ONp/eY/xI1PVc3F9B+6/64w11nhX/AISPxJ8NLfxHPqvm3n+r6/6r/rrL/n/VVsfDHw5ofxeg8YfB74Vz6J4g1Sw02X7HrkviS1uf3sUsUvlfupf9bLF/9to+D/keCdLuPA/jDzLaS6m/ffa/+XWX/prFXE44mrH3zw4yh2948D+Knhr4jeNtej0M2N7LHFD5k0vk+Z5X7391L/5Cr6o+CfjC91L4QaP4O1WeLy7qztZJvOhij83/AJZeb5tYf/CSaHeeEtU8OT+XH9qhltrP7XD+682X/lr/ANMqw/2e4fA8F/cQeKvNlt/sktlNaadN5Xm+V/qv3v8A0y83/W//AG2tMC4YXGwVSRz16bq0Tx/w38PILKK4sfDkFzc3F1/rppYf9b/9qrzuH9lefR/i1H8TL6wuf7QtZv3P9nQxReV/218rzfN/7a19YeA7P/QJPtH7uSL/AKY+V5tXNN8N6reX8l9BY3Nz5X/PGHzK+pxcqNWNz56pGoq3uny58Yf2itO/ZX1+zm1vwB8VdW0/xReRRwxaLpMWpS/av3v+q87zfKl/65eVWnD+3P8AtC6DoH/CD/Gnw5FqXhuWa6j1iXzrWyutLilll+y/uv3sWoSy2v73yov+msVeyfHj4n+FdH8JfYdc8HXv9oSzf6HaXf7qX/prL5v/ACyr5r+Kvx+1Xw/dXGu29jpvh+48n/Q/slnFbeV+6/1Uv/LWvlc0xPPS9lTPuOGIU6M3VxMT5D/4KJ/sea5498av4o+DWq2eoT2N3NZ6laz6tFp0sEvmf6mSxuvKurSU+VLJ+9ii82L/AFXmda8s8P8AwN/bL+IfwC0qWafTfD/ha31e5iv/ABVqWuWtjHcS+b5X+nXPm+b5cX/XKv02+GOt+Jf28dOs/AWlfsjale+ILXw39ms/FX9sfZtM0u6tYv3UV9L5v+ql82KWLyoorqKX/VebF/qr/wC0n+wB8I/2Nv2X/G37Qn/BQb4+2njHxP4g8F2nhnQvDV3biPw/o2JY5PNtbeX99Lc+bGZTdeX5pllklP8ArJK9vJPbyoKnf3Y9WtT6fG5hl1XTl1l2f6Hw58KfgH/wTk+A1/p/inS/2x7rX/it4a0rzhJ8I/C1/rXlXXlSi6uxJNFLEfK8weVdCW18rHm+V5or3LQP2yvgvDB4fh+IPxB1r4o/DvRtRtf7S8M6JpsWkyxS+V/ov26W7tYvtcXm+V5vlSy/9ta8J8V/tHeOvhdPc3/7KHjr4ZaHpHxgn02zhsPD8Vrptt4d02OSaO4illlhjj/ey20kv72WKWLyv9WMxEeTftH+Bv2lfiV8LvEuv+I/iLYal4TivbW4sToemeXbSy2st1F9lkk8rzf9FtfNl83MsX+t/ey16deh7ecYuZ4FRYCkpL4vzP1x+JP/AAV0t9C1/wAB2PwW8Kx+G/Cep+G7rUdel1GaL7d9q/0q1itZf3vlRf8AHr5sv/XWKL/WxeVXy5+1R+3hffH3wJrFh8RrH4eW2j3Vn5c3/CQw+Zc2sUX/ADy8r/VS/uov9V+9r85vC3xZ8UWHw+tA8F7f61YTap/bFhq155csXmy2vlTfvf8Av1/2yroPi14g+IcVrp/jTVPhNqdsmjXn22TSdbl+02uqRRS/vZfNi8r/AFX7qKWL/rrL+6/exV5qym1ff8TWhVwcEmlsY8n7TXx3+DfxaT9qH4beIvNOn6r9j0/xX5fl3NzHKZbn7LLHKP33/LTzJJIj/q+v+qr9Of2d/wDgq1+yb+3d4XuPBf7ap0DwdrEmif2tpvjfwnr39k6lYX9r/rYraX/WxSyxSS/uv+WvlV+P+i+NH+Jul6z8M9RsruWC6FzL4XhtLPzJbW6Mvm+UIov+ev8Aqs/5j474c6/LoOqQtp1mWvopZWhlil/6ZeX/ACMlfQYjL6VSjGa0lHqefUlSx1b2c4Xv+B+wPjv4nfFPQdMuIPhN+2l4p1vyvEkvk6t4hhiubW6lli8r/SfKtYr+0il/56/avKi/1tes/sC+JrnUPEf9iN8MLbRPGialf2/xFin/AHl9a/6L9q825ll/eyxSyyW0sUssv72L/Vf9Mvn79if9nX4jftCeA9L8cfCX4t+DfEmoSzRW3irw9qF5Lbf2X/01uf3X+qi/56xeb/7Sr9FP2fP2Odc+CfwR0fwPrnxivvEniDS9N+zTajL+7tov9bLFFF/y18qLzfKi83/VReVXmYKrXlXtVPnOIsFTwNHlo0ztILP7ZF/1yqOGGDzfIng/d1sfYoPDWlxwX2q20txdQ/8ALbzfNios9MgmXz4J6+mjyn5+1Xi9Tl9Y0H7JL59jVeC886X7DfwfvK6zUrOD7LXL6l5Bl+z3EFYunyVPdIqHJ+PNYg03WvInuIvMls5ZP+2UX/72ubhvPsdr+/FR/GCb/i7Xge+/5Z3UOqaTN/01/dfav/bGrF5DBDF5FeLnNN1FE4aOlSUjPm8Qf8sKrzal53+vnqvqX7j/AFFU5pq8P2bPSpbHrGm3lv5sddJoGjQf6+eeOSSuPs4T5tdBZ3l9BzAKijifZv3z6mkdZDDB5X7+rHkwQdKw9N1jzf3Fz+7rcs5tKm/5b/vP+m1ejTxPtTL2SI9YmnvLCSxg/wCWtU7Pw3BDFmf95WpeTf6uD/lnUc037ryIKid51dDiqexKZs7GEcVHNDP5NdBoPgPVdeEYgg8uP/nrNXeeG/hXpWj/AL++g82T/ptXo4bKq2I3M/aHm/hv4e654km/cW/2aP8A56zV6B4V+D2h6PJ9ung+03H/AE1ruNH0GCaLz/I8uOKs/wAYfEjw54btfs+lQfabj/V179HBYTAw5qhiV/FXiTQ/hv4cuPEeuQSfZ7Xyo4bS0h/e3UssvlRRRRf8tZZZZYooov8AnrLWj8Ovgtp/h2+X4xfEvQrefxXIftJlls4pP7N4liiEX/PIRRSyx8f8/V1/z1rwbwh8Rrv4nftrw6J4/nsf7C+GnhW114wm7ijittZ1O6ltbG6l/wC2VtqXlf8AXXzf+eVfLf8AwWz/AOCzVpoPh24/Yu/ZI8XxXHijX5/7O8V+J9Pk/daNa/8AL1FFL/z1/wCev/PL/rrXRiMVRVC8T2MvwsqtSCcT58/4Lcf8Fx/E3iH4t6x8Bf2ZvG+pQaTpZ/s+41uyvP8ARrq/jlzL/wBdYo/9V/39/wCmVcn8Fvif8Q/iTotx8YfjLqsupeJZdI8uWYw+XHFdSxeV5VtbRfuov9b/AMsoq/MnU7y28efGi20fwpF/oFrNHZ6S2f8AXCPGJf8AtpzL+NfpD8Jc6N4X0/Q77/V+dF53nV+c8Y1a9WlToQ+KR+3cEywGVwqVqn2Ue8XPxY8XfDrxDo/i/wAM3fl3lhNL9su/+mUtrLFLF/5Flr6A+G/7Y/xH+KnwWs/Ef9q/6ZFZxR+b/ra+P/G3j3+3dFuPDfgexkvby6/dzXcX7z91XYf8E8dM8f8AhvxH4s+Ffjjw5e21nqmjxa1oM13D+6+1WsvlSxRf9dYrnzf+3WvJy3Ka+Ew/PUPD4g4lweZ420Psncab+2XqvxI8R6x8JNV8OYvNGm8y8u/O/dSyxSxeVLF/y1/1tfEHxy/4K+ftffs6fEifwJ4x+E/gWQ20v7m70abVPKli/wC3q6lr3/8AZk8Nwax+3V8UNJuDLJb6XDf200uP+euoReV/6KrB/b4/ZdXxSunxw+C7/UJfEd5LoGm2tlp0shlupYZZI/8Apl5vm+XL5sv/ADyir1cmqSp16ntPgPGWKjWxLgttD0b/AIJ6ft0/Hf8Aaz+F3iL4x/GDwnpOgeDtN/4l2heTLLJc6ldebF5v/bKKLyv+2tdp8Wvi1rmvaDear/avlR+d/wAsq4LQ/hza/BrRfA/7KngXUY/7H8B6DKNSu5oZf+JpdSfvbmXyv+WXm3Usn/f2L/nlXnnx5+J0Gj2Mmh2E/wC7/wBX5tfmPFdVY3PbUP4Z+i5NhvY4OLkfH37Y/iD4nahJqHi2x1KS2k/tKW3hurWHypJYpf8AW184y/Fe/m8NW+k6ppmime0P/H2/hy1kll/1v+sl/wCWtfZ/xgHhTXvhpHpUF/H5kX+p8r/W+bXw/wDEzQLjw54uktby1+zW8x8z97X61wjiKNTAewt8J8fnsGsXzn6M/wDBEP8AZ0139pDx9d/tFaT4V00+KPA9vcweG93lW1jql/La+VF5sXlcfZYpJf8AVeVF5stqf+WUvm/YfwZ8K+MPhj8adY+Kn7Rmq+MpdPi1L7TqXhjSYfNsYr//AJZebF/qvKi8rzf3X/LKsP8A4I1/DTw1+yZ+y3oHxWm8ax6lqmqaRFqMOn6JNF5cctz/AKVmWQk8xxeVH/2yr2T42fHnSvidfya54O+xabrFrD/qbv8Ae21/F/y1il/zFXnZzmM6OMly9PyPouGuaeHlScNJdep6pD+3t8APG3ii41y++MXh+2klm8vytW1KK2li/wCmXlS/9ta7TR/En7K/xy1iOf7dompXFhN5kOo6TeRSf6r/AKaxV8X+MP2dvg3F+yhH8Uv22f2bba2vNe1K687xZ4eh/wBOtYpf3trL/wA9f+mXlf6r91/01rpP2FdY+B/7KPhzS/AHhax83/hKNNlvZvE2kwxfZr+WKWKKLypf9bL5vmyy/vfN8r915Xlf6queOZQ9lePvGubcP4Knh70r8/3r5M+mNT/ZX+C3j3WZPGPhXQ/K1C1h/wBD1uLTfs2pxf8AbX/W1j/Ej4JeMbwR+R4q1vzLX95DqM32WW5/7+y2svm/9tfNr2Dwf4ksdH0uPXNK1W2vo5f+W0M37qq//CwrDWL/AOw308UVduGre1o88j8/qYbEUq3JI8P1jQbiCwjt9c0qKOTyf+Qj/YMvlXX/AD1/1Xmyxf5/1Vcno8Oq6P8AGmTStK8qTT7+ziufNimr6E8VaPB4qijgsZ447f8A1c0NeV6DoNj4b8eSeFZxFFeXVnLbWcP/AJF/df8AfqvLzSn+8pumdNOleidZ4V+HvhX/AIS64vtV0qKXzf8AXSw+bFLLXcfE74heDvgd8PpBod9bW0d/N/yENW/efZYov9bL/n/lr5VcX4J1LXNesI/sNj/pEtn/AMtYf3UX7qvK/j/8H/i38Qv7Q1XVdWubmPS/stl/Z1pDLFFf2sV3FLdWkv8A11/1Usv/ACy8r/tlXsSrqWEionl4PAynjff+E8P/AOFn+Mf2hNV1D4xX1hLbeF9GmlttH060/wCXryv3v+t/5a+VF+9/df8APWvmv9oq81XX/GUljpU/7y61jy/Jlm83za+qPHum+I/h74N0f4SX99JZaxpfhWKTXpfJlvfsst1axX91FF/y1/dfbpYopfN/59f+mtfC/wAQvjnpnja6jgngl02z/tKL+0tP87ypYov+WsUVeK6fNjIUz6OjCN5pHuv7B3/BS5P2d/2tvDvw70/U9OutK8a+FLpGvIfNj8mSxu7+HMv42Ukv/bapv+C23/BSLxTceLfCmseH/C2m63HqfhvWdO0GHV4ftNjbRXUUVrLdSRf8tZf3v/f3/plF5Uv5J6h8FPiPcfG+T4RReGb628QW97LHPaXIeOWPyx5ryyA8x/u/3p9K99+Nd/p+oaVpXwusI9R1vTovNju9ZuojLqdxYWNrFdX11F53/Hra/wDHzdRWsfleV/y182v0ClhYYWMFB3OSEadepzSXLy3PZPhb8N9U8OfsF/C3xx8WPDdtJb6jN4j/AOEGhubOK5821+1xfar+XzfN8qX7V5sX/LKWKK183/lrXE/8E4/2i9G8T/tGeMfgL4o0+O58I/EjTb63g0lP3UX2mKL93L/0y821jki/66+VXY/tuf8ABTvSPi3+wHpfwV8N+BF8OXniPXLWTR9JgmMkWjeF7GH7Laxeb/y1lkl+0xf9copfN/ey18W/sla9J4V/aJ8F+ML7Vb6ys7DxVYSald2n+titfN/e/wDkLzaqnhrRnOp1PKq037Y7H45+Cde+Dvi7X/2dvETWVxc6V4i+02OrXlh5cssXlYixJ5v+quopY5fK/e/8sv8AprXo37Pf7S3g7R/A954V+MX/AB8eTL9jlu7PzP3Uv+qi/wCuX+t/7+19Pf8ABQX9gq9+LX7Itt+1R4YeOPxX8PtO+xeK1hbzPt9rF5XlSxf89f3X+lf9crqKL/llFXxT4L/4J5/tg/ELwTafFS0+G1za+GNVhlls/EviC8isrW5iiPlSyxSzf62L/rnn/wAhcDhh69BRk7GmFrvlscv8bPDXgC18T/8ACU/CzxLHLp91qUsn2S0m/e2v/XKKqtt4a1Sb466FZ/G7R9Q02TWJrW5nitLWO2uXil/1UmOnmSfIfxr1L4TfsfwS+L5dRuPHOiajbaNZS3upS21x5tt+6i80xeb/AMtZf+mUX/XWXyoquftG6zD8QtOl+Jet6tJ/bXhmPS9K0GGKDy4/solu5ZPM/wCuXlx/9/aqOMhRlGl8R6+Bymri4SqRlyyied+FfjV8dv2UvixPpfh/XZrXUdAupYxd2U0lvJ/q5P8AlpF7Zr6C8H/8F0v2wdH1C3tJtfOyI/dmu5ZP3tfO3gmz0HxlpVxpnjXS5JNQii/0LW4pvL8qX/pr/wA9a6T4ifC39nvwpohv9J+Kj6lHLN+5his5ftP+tli/55RRf8svN/7a/wDXWlN4arKy3O14SvRUZ1+WcPOx9vfst/tyftC/tF/tSfDq0T4zajqtlrk0VlLoNvqU1rDbyeVLdXxEUcoPmxRebL5svm+b5X/LXzfKr9NT8TvH/wAGZvI+MXhz+0tDl/eQ+MvD2my+Vaxf88r6282WWL/rrF5sX/XKvx1/4IQ/BfVNZ/bZsviZpc039meGNIutQu7jyeI47mGW1thIf+WXmebJL/2ykr93v+El0O80uOCeeP8A7a11YfDTS0kfm3F2Lw9fFJU4Rjyr7Jh6b4q8K+PPDlv4j8K+I7HUtPuofMs7vT7yKSKX/rlLFXP6xZeTL/qfMqnr37NOh3eqSeOPg74jufCWsS/vLz+zv+PG/l/6ebb/AFUv/XX/AFv/AE1qn/bHj/QLWSD4t+Do7Hyj/wAhbSZvtNjL/wBNf+esX/bX/v7XZOlUp/EfAylz/CcP8TvImutD1yeD95Ya9FJD/wBtYpYv/atSapN51Z/xm8YeHDpdnBpeuWNzcX+sWv2OGG8iklli82Lzf/IVU9N1i4mh/fny/wDrtXiY9xlPlRz0roj1Kb91+/grHn7VqXk3nfuKy7z9z1rxfZnZSqHsFnWhD+9qnZ+R/qK0IO9eKfXFiGH/AJYT1oWf7m6j8ieq8MP+rqxCePP/AOeVdCeoHSabo99qcX2iceVXWeD9I8H6FF599fW0sn/TaavI5tevrO7kg1yDUvs//LGa0/exeV/1yq5pt54Vh4H7z/pjNpste3hqkY/Ccvs0ewXnxU8HaD+4t/Ml8r/njDVe8+OehD/UeXbSf9Nf3teb/wDCSeAIYsz6Vff9sbOWrmm+MPgtB+/vvDmr3P8Az2/0Pyq9KOMxz/hox5KB1GpfFSy8SN/p2ralJH/zy8n91RZ3nhxePP8AKk/54+TWX/ws74V2cscFj8K76WT/AK4xVl+JPG3jHUtGuL7Q/hXLpul2tnLc3l3LN+98ryv9VFF/z1l/df8APKh0sdVd6hlD2PMfDngbQviBoXx9/aa8Y/EzUNf0608W6x/b0k1pDF5Uul6ZFLFoXm+b/wAsvN82/lii/wCWVrF5v7qXypfzSvPhvb6l4X8jQ7DUvLuoZfOu/wDnrL/zy/e/8sv+uVfUnx6/bo+OPxR+A8nhnWJ7bTfFHxf16XSbO00OH91a+HIpfssssX/X1LbeVF/0yill/wCWsVeZ/tOXl9oNrof7PXg7/QdU1Szij1KaH/W2Fh/9t/8ARVYOniakvePbp42WGfLc8H/Yn+G1po/jXUPiJf6H/aUlhDLHo8Xk/uorr/nrX258Df2RfjF8ZtVtzrvm6bp/nfvppf8A41Xef8E6/wBifSry1t7ifQ/+JfYf6n9z/rZa/SD4e/CXStBtY7eCCOKOKuuGWxxVRTq9DmrZxjbezTPH/gn+xP4H+Hug28EH7zyv+esP72u81j9mOx1KWO+sfEVzZSWv7z/RIf3ssVewWemwf88PMqxPps9l5l9PDJbR2sMsk013+6ii/wC2telUwNGdD2Z58MVU5j81/wBkrwTPZ/Gn9oj4mz2/+jy+MLDTrP8A6ZeV5ssv/pTFXvHhT4kXOm2GseMfEY02LQ9Ghlj0f/Q/3v8Aan/LWXzf+mUX7r/trXN6bZ+B7Pxv8RPhz8MtVjk/4S3xtFq0M0X737LLLaxRSy/9svsMsvlf9cov+Wtef/tUeNrfw34KuPA/gieKLR4oYtOhtJZv3v8Arf8AW/8ATXzZYpZa/KeMswWUUPYUfikfonBeErY/F+1qfDE8j17x5ceKvG+ueI4BLHcSwyyedF/z1l/5a/8Ao3/v7XzP8YNYnOu+RfH/AFX/AJCr1DxJ4qg8K6DJY/8ALPzvMvJvOr5O+Mnx20m2hvNfv5CfNmzHF/y0uJP+ecfoK+I4eyzGZpi9Efq2Ox1HA0NSr8WPi74a+Hum/wBpTzfabyX/AI9LWGbivlrxz42174ha9LreuXRknl4/2Y09BS+OPGuveOfEUuua7cGSeU42ZIEaAn92PYVufBr4Wa58QfEGywYxx2v7yebyv9XX71lWU4XJ8Lf7Z+Y5lmP1qrqfYHwW+K3xE/Zv/Zg/4RYeKY/7S1m/tbiz0mKKKWLS4/tUUvlSeb5vmyyxeb+6/wDjVd34Q/ac+LXg+/8A7W8caJHFcWt5F/x6WcssUsX/AD18rzYovK/65f8AkKvkv7Fd+Gr248QXvie53aFqUVlpNqy/vZZfKl/e/wDbLyv/AEV/2y7DUvjn4qm8OW9j/avlx+dXhZtgliKl+S9zsy3Na2Hp8kJH07qX/BVr4seMtfvfCHxP0XwfrcMV5/pOkS65dabmLzf3Xl/a/Ni/1X/TSvqf4NeKr7wr4Ps9c/Z6a9srO68rztEu9Ytb61iuv+WsUVtN5sX+tiii/dS/vf8All5tfiL8TNf1PxLr1vrFxP8AvJYfs/8A36r9Lf2Ftc8VfC/4c6J4evfPttHtNMiuJZpUA8qSS0lubmKWT/ll+9+3fvZf3XlReVXm51lNDDYKFWl7sj3sFnGLxClCXwxPuXwf+1p4r8SaXcaH4r8D6JFcRQ/vtQ06z+xXMX/fqXyov+/VdBZ/E6bwT4oj/wCE5uIrb99++u7ubzIrX97LF+9i/df88pf+ev8Az1qv4V8K/A/4weA49V8AQS6leWH/AB+S6fpssvlf9cv3VU/Df7K/gfxJ4t0/xJ58t7qGg+VLZ6Td+bJ+9/1vmy+V/rf3v/oqvm8FiMS5ezKrYrDVV78D2SH45eFftWn2Oh+MdNubiK8/cxRala+b+9/ey/uvN/6a1T+J3wx8V69rNv8AE2DVbmKTRtStbnTf+mUvm11Hwl/Zv/s26k8f+I/Dmmx6hLN5fnQ+G7W2l8r/ALZRfvZf+msteoazpvhW8luPCtxBHbSeT5dnFL+783/P72vop4apKleR87W9nGr+5OTsvBeseAtS0/WfB7SfaNZvPN3f6yKKLyopfKi83/nrLc/uv+vWvbiPD2s/Cj7HqGlf6PLpsVzqHnXcUf7ryvNi8r/tr5X+tryH4V6xpXj3w5o/gjVZ4pbe1mi/103mRRfZbrzZf/IUUVbmlWF+v7NfhPXPEXiIWTXWj2txeGWGX91/ov7v/lr/AK395JL5v+t/exV6WBpUZ0OY7ZUounThD4z4T8YaP/bHx98aar4q1WK+uLr/AEaz1ab/AFstr5X7qWX/AJ5S+V+6l/65V8X/AA3/AGZmb43R3s+ly3NtJef8enk/vfK8qvrT48/EO/8ACvxR1Dwp/p1zql/+7s5vJ/deV5vleb5v/bWKL/trXWfs6+D7H/hLbzVZ7Hzf7Lhi8nzf+Wvmy/8A2qWvl8JVdTPIqfw8xObReCy6bj8Z+L3/AAUV8DfEbwx8dNd8NXnxCvPEFn8JZovCEN5qKxR39hFHLdSW1rL5RzL5P72283/ll5MUR8r91FXoHwVk0nxL+xR4v/ap+Lfw613xTcaFqttoMunaZdS/ZdZ/48JZJdXuT5ssVr5VtFF5Vt5Xmy/8tYq+t/hb8N/hN+z3/wAFEv2hoPj38NdJ8Uxy69FrWnjVrKW5sfst/N/alr5sf+q8397F/rfNqj+2F/wV7+Avh6G98IfAHxVfaQ9zNf217oHwtEVtF5ssv/PWHyov+2sX2qv0eWLqKfs6dPbqfKUsRWq0oH58/Cf4HSftO6/BcTXXiiOfda2VnYaF4Pl1KU/uvKi/1UsUUXSvsfxH+wz8O/gvJo/i347RaL4YsLCyEV5okep2ttLfgQxQxSyx2t1L5UuIhLL5Xmyyyy/va8J8Jf8ABQ/xdqvxCg8NgXXhLwtHNf3F1a6V9lvdXmP2WWWURXN3F5VrLLLHFF5sUQ/7a+VXivx5+JVv431+zttD0PUra6+zeZqR1bxJ/a19dXX/AE0l8qKL/tlHF/y1/wCWtTiaGMruKvyo7KMajqc/Mfe/wA/b9+Fn7PHxIm+G2mfBTWr3wjfeH4tZs4NEs7bUraP/AFUUt3JbebFFaReVFFF5v/LLyq5D/gpF+2Z42/bRuoPDeueMvD0XhfwQ8ll4Pv8A7ZplsTpZlitfLubHT7q6k8qKUfupYo5fNiP/AFyr5n+Cn7K3xH+LPiqPTI/BB03R9C8NW+o3dvrmh5Op3MUo8yGWWHypYvMl83nzPNiir9NPgn+zn8JvHfwwtP8AgnB8XNCvdNudX0i/Ph2W5shENUi+yyy2OqxAf6nU7WX97LFL5Usvmyy/vYpaxjQwtOqrS5pdSZ1/YVb8p+Vl18dPGVpZ3eg+D2tNN0t7S6s7iOa3Hm38UlzFLIBH/wAsfNNtb58r970i8zypK6bw54D+I3jCaz8OX32by4ppZPJtPN8qKX/prWz+1j/wSS/bv/Yx8eRaH4o+E+o67Y3UUlxp2t+GITfWt1FEIRKfLiJli8syxxkSj6V0HwR/Zh/a68f29vPrdtY6BF6+IYf3v/fqKL/0bWuLw6qJKib/AOstHC0vemP8K/s96HD/AMSq3nttS1D/AFnkw3kX/tXyq9E+D/7AY/aKsNO8Hfs2+FbbW9YivJf+Ew+IWt+bLo+l/wDTrFF/qpZf+mX72WX/AK5f6r6c/Zv/AOCSPgDX7+PxJ+0L4j1LxRH/ANAS0h/s3TP+2sUX72X/AL+1+jnwr+G/g74feF7Pw54V8OWWm6faw+XZ6fp9nFbRRRf9Mooq6MuyupD95UkfIZnxTWxj5aL0PHP2Pf2DvCP7K/wv/wCED8CJcTz310LvxN4juJYvtuu33/PWT/nl/wBMov8AllXqenfDfSvDOs/2rP4c1u98qb/Vf2lF5UtekfbILOKs/WLzzq9yNKlE+Wq169eXMyM/Ejw5DF5F94Vubb/yFXP+PPHljNo0n2Gxl/df89pqsTfbvtX/AD1j/wCm1U/GOm2N5oMkHkeXJ/q/KrVrmgzy6/xHyP8ACrwfBrxuPipq0FtLqmqTS/vorPyvKi83/VeVXaXmj2N5pckE/wDy1/7Z1j/s9fvvhz/Yef3ml3l1ZTf9dYrqWL/2lXWTWf2OL7P9nr4/EQcKtmbR2OH+x65Ff/YYL6K5j/6a/wCtiqSbTdV/5b2P/fmatyHTfJuuDVi8h7Vz+zNPZnpmm6Dqt5/x4wf9/a6DTfCE3/L9cR1qabNBDwKsef7VtQyajT+M+g9oU4fCsEP+vv5akm8N2M3+onl/7ZVJNmaX9xPVjTpvJlyK9H+zcJ/KFSrVsU7PwFYQf6eLHzZP+m1RzRf2ZL5P2eKP/tjXYTQweVXP3kK/2pzWtLAUafwnFUlK5qaD4a/tKGOc/wCsrtNB+G9xqUv7+xi8v/ltWh8MfCvn6fHfT/6uu8s5tK02PyM/9+q+goUKVOiZUqZn6D8K/Cumw/8AHj5tfI//AAVQ/an0Pwfo0n7FvwI/034geLdNl/tj7JN5UXhzRpYpfNu7m5l/dWn7rzf+uUXmy/8APKvRP+Ch37fkH7JfgS38K+B9Dttb+JHiiGWLwT4Y87/nl/rdQuZf+WVrF/rZZZf+eVfg38cPjl4+8e6prnwc+FvxBufEmoeKNe/tH4tfEK7mlj/t6/8AN83yov8Alr9li/5ZRf8ALXyvN/55eVw47E/8u6Z61LDU/Z8x754q8efs9+CvHkfjjQ57b4h+KPC+gxaL4V+yWf2Hw9o3lReV/o3/AC1u5Yv+WUv7r/nrWH+xD+yv45/aW+L958cPH8/2m41nUpZJpfJ/1UX/AEy/9pVn/AD9kXxx8cte0/4R/D/7bFHdWfm+JPENpD+9tbD/AJa+V/zy/wCeXm1+tH7Lv7Gc/wAHvAdn4O+HOlReG9PtYfL/ALW1GH7ddS/9copf3UX/AF1l/wC/VcWGw9aqc1VnYfCX4J+Gvhj4Rt9K0qwjsbO1/wCXu7m8qKuo/wCPyL7PocHmR/8AQQm/d23/AGy/561qaP8AA3w5puof25q39pa3qkX/ADFvEOpfbrr/ALZf8sov+2UUVaGpf6FL5EH+sl/5befXtUsF/wA/DI5e70zyedQ1XUr6SX/XQxTfYrX/AMhS+b/5FqvN4P8ADl5pdxPfeFdN8uKz/c+Tpv8Aqv8A0bXoE2mwalFHf30Hleb+8/c1y/xN8SaV8PvAWseI554444rOXyfN/wCWstZ42rRwGEqVp9DTD4api8ZGjA/O/TdH0r4Y/HPxR4q0qf7Nb3839k+G7SGHzfKl82X7VL/5F8r/ALa14P8AF/xrBezecfK+z2v+pmiP+tllrtPip8SILzWrzVfDmoSS29hDLbQzf89ZZf3Usv8A21/ey18r/tKfGDTPAfg+S+vdV+zW8U376Uf+iov+mtfzBmf1zifPbR6v3T+hMkw+FyHK/eOA/aZ+NPh3w/4fuLvUr/8Acf6uGGL/AFt1LXxD488c6t8Q/ELaxqShcnFtaRn93DH/AM80HpV/4t/FXWvirr761qDGOCP93a2vmf6qPsKk+EHwd8T/ABg8Tx+HvD1hIcfvLq58riKP1r9y4dyShkmBXP8AxOp8fnWbPFVXL7BD8IvhT4j+KHiSPS9Ftn2D/XTAf6uvvj4Rfs8Wfw78Hx2sdj+98nmvTP2NP2KdL8M6PbtFphjSM8mb/lrX0J4w+A0EOlyW9jD5ckUNGNx3tatj4bF47mlofk/8ZtB1y913xALHVZPs+l6lFJNF/wCQv/RssX/f2qfhq98K+I9Gt4PEc8VtJFN/z28v/v75Vew/tM/AH4zeEfHWqTeC/Dst7Z+KIv39qB/y9ReV5X/or/0bXyN4j1HxVoU8/ha8065sp7aeUXdvcW/lymX/AJa+ZXTSiq9K1z3MtxEKtK0Nz3bwv4G8P6td6b4fsdctf7LsLz+1oI5oYvLv7qXyooopZf8Atl/6N/6619zfsaWPhzxh4u/sP4t6LFc+G4fNufK1DUrWK5lurWL91F5sUv8A39li/wCWX/f2L5V/YU+C2q3Pwj1v4mazZPPceMbOXTtIcRTealrbXVpLc3f7r97/AM9Yv3X/ACytbr/tr9XfHHUfDng/RvGGlfCWC98P6x4I0H+ydN0+082KW/sJZfKlll/1sUsVrF+6ll/1v2q6liii8q182vms6p+2bpufwn2GV1Hhrc/2j7U/Yt8eWNn4j1CDSoLGOP7Z++tLSHy4vK/65V9ceD/AelWcNx4q+zx/aJZvMh8n/nr/ANdf+2Vfn/8A8EqfB/jm8urfxH4qn/eS2fl3nkwxR/vf+WX/ANtr9INB03XPClhb2MGlRSeb/wAtZpvMi/7a1yZLg6HNKfKY5lVjF2+0STaZ4x1i/wDs85ubaPzv33/TKsP4haPpU0Vv4jHlW1xFef8ALWH/AFv/AFyr0yHQBFFH5H72OL955Mv+tlll/wC2tcn4wvLGbS7fQ76x/wBMi/0mGbyYv+Pr/pr5Ve3icO1RPIw9ROseGale/Cr9mH4geEIfE/xMivdX8dTS/wBhaL/rZYL/AM2L/rr/ANM4vN/56y1wv/BUb9t+P4H/AADk+C+inSZNU8b6dHp/g/TtPn/0m1ilsJbaOX/rlFLbR/vf+mteSft+Xml3f7Zvwc8V+D9Jub27v5pbb7JFN5f/ABObW6iiii/6Zeb5vlS/88vN/wCesVfG3/BW/wCIPjf4c/tn+ErX4q6Farf+HPBlgm7S5v3N9GNU1CWXH7v/AJ6mW1/7Zf8ALL/VReXgKsYU5xifqWS5HhcTiqNSUtLNv1Wy/Itn9r7xj4o8GeG734x3ltLqGja/Yf28ZbOKKW1uov8Alr5sX/PKWv0q+FfhXw5efs53nj+eCKx+1eJNL87Vpv8AnlF5v7qL/pr+9lr8DPGXxU1H4l+PZNJ8OWuo22kanrVrbXa3KR5x5p8r/Vceb5Xmf9+6/oT/AGD9HsfHn7KuueDvIuYtQuteiks5YYf9VL9ltYov+uX72Lyv+2VcMMt9lmEMR36Hz3Hs8Mqio0Oq19T8XP8Agtn8NrnU/wBpPw58fE8Kx22ieLtJurGLiWTy7nR5fstz/qvK/e/Zvsv/ACyr134C237LPgz4Hp8MrH9lzWfEGq65F/ofiHwD8GdTt4ZYpf3XlSXWqf6Td+VL/wAtf+mv+qr68/4K/wD7NPjvXv2ZY/GPwO8LR3vjbQdfi17wtp8ujRX11/p8UVhfxfZZYpfN83zYpf8AVf621i8r975Vfn+f+CLv7Zvjrwy+vfG/Ur3RvE11AJJtS8T6zFLY/ZZZbXy7WLyvNl8zPmyyy+V5WOIo5vNzX1VbEYetR5J1OX5n5/hHUoU4pLU4T9mr/gnh4z+FHjzx/wCIfi+JND1Pwv4D1S/0nTJLSWK+IikvorkSwyxfuZR9gurXypfKJ86KWLzYv3td7/wTV/4JtaVq/iax/aO/bA+Jtr4esdQmNxp3hlfDuqS6vqt3KfNjjj/0D7LF2k4llliAH7r97Ea+i/EP/BM2X4F/Cvwzq/h74yanqNx4s8Z30XxaitdU+z6GbC+82KO70y2lltfNuoopf+XqWXzZf+mUvlVyPxs/Yj0jSfiDpmp/Bf4v6FceJIdFv4rSf4h6ZHbabYzSy20UV3bR6VEbW0l8qOTyopLm5/eyeb+6MURrorY2g6PLUqe6ctKeYfWHyI9i/bO8dfDr9jP9nzxZ8SvB/wC0F8I9L8V+HLvS4/Dfwq0zxRa6nruqTfb4vtP9p+bFFLaeVbeZ/otr+9il/wCXqLyq9Y/4JY/8FUv2UPjN+zrP4/8A22/A/gzwnrF14qv9O8OaJ4T8IX9xdSC2tIvtWoebEJZTL5Vz5Xm+b5sX/bWvFP2afCHwo/4JpXHw7+LPjybSPG2lnWb+T4heIfh74V+2y6Xo0Wgf8fXmzfvZYorq2lupZf8Ap68qKL/VRV7p+1j/AMFN/wDgmb8aPAOn3el/Gbw54w+y6lFJEPEUMVlbQ/621lllttV8q6/1Uv8Ayytpf+WVc1KtRoU4ujDmUjWeHxNSrzVNz6/tde+E37VPh1/A8fie1vZf7M/tbSZRPEbmWwl/1V15f/LKX/llLF/8dr588bfsNz+A9Z/4THwrPFfXEU3/ACD7uH/W/wD22vmj9hL9sPw34V/aO+FXgj4a3miS+G/FDf2T4E/s/wAYy6l5X2GKL7Vpf73/AI9IpYrmxiiii8qLzbCWWv1f1KHQ/Hvhyz8Y+HLjzLe/s4r2zl/56xSxebFLXoUKs5XfJqj5zOcq5Jxl3PkvwJr1jDdf2Vff6Fef8+l3+6l/+216ZDNPDFXUfEL4GwTWH9qz6TFLby/8sZf3teR+PPFXhz4G+EtQ8f674xtvD+j6XD5l5Ldw+baxRV2wxtan8cD5ynlVd1rUzvJptVEUcE9jUnnedFXx34O/4Lyf8E9fGXiiPwrqvxwubGSW8+zf2hqPhW6trb/rr5sXm/uv+uvlV9oaPeaH4k0Gz1zQ9Vsb7T7+ziubPUdOvIrmK6il/wBVLFLF+6lir1aVWlVCrRxeGqctSHKYep+fn/R6r6kP7TsObf8AeV0Gpabb+VWHD+58yCus5aux8x/CvyNN+MnxE8HQf6u116K9hh/6+ovN/wDRvm13Gs2XX9x/5Brl9e03/hEP217iCCDyrPxR4Jiuf+3qxu/K/wDRVzFXeaxD+6r5DHUv3xz4b+EcfeQeV5dR+T5vatjWIf3VZfk/u/8AUVxHUe0Wc1vqXFvWhDZzrF/z1rzOD4nW95/oPgDQ7nUpP+e3+riqT+3vGNnF/avirxVHY/8ATpaQ/wDtWu2nUa3PaqVKR65pumwTxf6QasReG4bziCeuL+HuvC8/4ml9qt9J/wA8fO/df+Qq7zTdYPk/uK9fDeyqmVUuQ6bcQxeRP+9rj/FU0Gm3/nt+6/fV1g8Kz6xL5899c+Zn/ntUfhv4YW83ii31zVJ/Ns9Lm+0fvf8AlrL/AMsqdSnVqPkpmR3ngnR9cm0u3sb+b7NHFD++/wCetc/+1F+054H/AGUfhVceOL2D+0tUuvNsvCuhwzf6Vql//wA8ov8A2rL/AMsoqsfGz4/eB/gb8N7zx94x1y2ttLtYf9dN/rbqX/llaxRf8tZZf+eVfi3+2l+2N8VP2qPihJpXgee5ufEmvQy6dpuk6d+8/wCEc0b/AJ9f3X/L1df8tf8Apl/0ylravifZUfZr4h0veqXR5X+2/wDtveOPid4p8WTWXiOLVvFHjKaK28YeIdPh/dfYLX/VaVY/88rDzf8AW/8APXyoq539j39j74p/EbTrP4m+KtMl8N+BLWbzJvEN35Udzr0v/PKxjl/1sX/T1/qq+mv2Xf8AglT44s5bfXPHHw5sbm8/1n2TXJvNi/8AAaL/ANq19yfD79if+0dUj8VfFTw5Hrd5FD5cMuowxSxRRf8APKKL/llFXn0MNWk+eodUsTTXwnJ/8Ewf2ovB2nfBbXPB0/7Octj4otfHl1bQ6J4Oh+2/2pYeVF9lupb6X/RYpf8AWxfvbqLyv+mVfYngL43+M/Fer2uj+If2ZvHHhuO6k8v+1NQ1LRrmOP8A66RafqF1L/5CrP8AB/g+DQbSOCDSora3i/1P7muks9Hvrv8A494K9LDYOrCpz8xX1uj7L4TsLzTNK87yJ/FVtLJ/zy+2RRSxVl+JNH8EaPa+dqviO58yKH99FFZ+bXL/ABEs9c03wleaVY6pc/aL/wAq2s4vtnm/vZf9bXeeCdBh0DwnHpV9/pOoeT/x9+TXo1KlkctP969Tk7zxL/aUm3w54/tvL/1kxl0fyv8A2rXwn/wUI/auOsTap4H0m9/0fS7OXzruH/ll/wAspZf+/UvlRf8AXWvVP+CgH7ZeifC+71D4bfDBrHUtQ0b954wmtP3sVrL/AMsrCX/prLL5UXlf62vzF/aT8b6pbz2Hwzub3zdYur2LXPE91D5sn2CL/l2tYvN/5ayyyyS/9+q/JuM89njav9n4f/t5/ofp3CXDcqa+uYj/ALd/zG+PfF0WjiTwfPcRxSWH7zWNQim/dRf9NZJf/IUVfnd+13+0OPjR4vGk+HVMWgaV+602I/8ALUf89ZPevU/22/jXeeHPC5+Euh3IttQ1Wf7R4jEU/mGM9oZJO/8A9qr5u+HHgDxF8SfEMGg6Dp5ubiY9OyDj95Jx/qxVcIcO0ctofW6q1e3kexn2a8y9itkSfCj4SeLfiv4ot/DXhuwLySgPNMf9XDF/z0k9q/Uv9kH9j/wt8HfB0dybHzLmX95NNLD+9/7a1xn7L/7Nmi/BbwdZ3DWPm3GqTRedqE0P/HzLX2XD4bg02xt7GCCvocVi51qllsfmmOzLndonafCvQYIbWP8A0Hyo66jXtG8g5ng/d/8AXGq/gOaDTbCOCeCtTxXeWN7oNxY/89f3leTVgp/vDy/4zOb8U/FL9jb9muPwvd/F7w3rcus6zZ/20PE1po9r9h0G1/tCW1/e3Mt1F+9822lirF+Gtv8A8G+Y0TV9D1r4v+HEuPE+ojUPFM2p6zdW1zrFz5st1FLc+b+6l/e+bXz7+1l+1R8OLLwlofwJ1z9nrxt4kuIvC2qaTrGt2mpRWVtaxXWoXX+ql8qWWX/j5/6ZV+b2g/B3xhr/AItvfhf4a0nV5L3xDNaReFfEOl3stlYmSOGXiSOKGWKU3MXly/62Pyv+Wsv+toweE9s3KVXTsfoeTYbDPCe5B8381z9AP2mfGPgH4X/Ff4iXPgkxX/h/TND1nRfgroTTRSAaXdWssWp6rdfuov8AW/6TFa/8tfN/eyy+V5Usvc+FPir4J0jwL/whfxM+CMf9oeItesI7OTzvtMV19ltZZZYoov8Alldf6qLzfKl8qLzfKl/5ZS/mt8Y9G/aa+JHxQ8bfF346eI9V0afw/NLJP/wmlzdxTSE7fK0+2iI8w/utg8oYjij7xjFfpto3xFuvjZ8APDfjDwR8K3l8q8tbnTbTVdO/smTyvN/eyxXV1/0yll8qXypYv+mUtc2cZbOXJybH2mCjh5R56m0fNH2X/wAE/dHhstGt74eZpun/APLaaWHypf3v/PKL/nr/AJ/5619oWf8AYd5FH9n+0xx+d/zx/df9da/O/wAE/Ej432fgOO/8OfBbW49UtdS+zWf2TxtYXttf2Hmxf6VL9rsLWWL91Lc/uvsv/LKKvfPhv+0T8XPCEUeueKvA/iS5s5bOX/RP+JXey/8Afq0li8r/AD+6rpwOEq4Sly8p4mO+r4utzU5I+tLP7DNdW/nmOSOX9553nf8AbWvJ/wBorR77TfMngsftNxdTRfY4f9b/AJ/1tfLfxH/4KY+MfhZqkn/CR/ALxjex/bPL87wnoNrcxfZfNl/5+7+KX/VRRS/uopf+eX+trqfgH/wVO/ZR/ae8SXngfwR8TbbTfEFrqXlw+HvE1pLpOp+bL/zytrqKKWX/ALZV04yrUnhtInnQoujiFc8a/aAsodB0HQ/H+uQR/wBseF/FX22GKGGK5ltf9L83975ssX/PKL97+9l/dV8df8FwtHtfFH7Qlte2904a106KRL+4htTJJFdSy+V+9i/1sX/LX97LL/y1r7p/aDh+3+A9Yng8Rx3P766+2Wlp+982WKW1r81f+CgvxU8UeKvDnwi+JVtBb3M8ngOwju7vyZfN/dWsUsUv/TL97LLXweW4mtUxk49pH7FkcIUqEasuzPAdA+Mh0z45+APAur69bS+HfA9vvgh0/QrSyjudSkH+lSy+VFEbqT/WRebL5kv7n/ln2/oc+JGgweJPiD4Txqut/Y9L8q50HTtO1i6trGKXzYpYpfKili83/ll+6r+VaOXxR4b+IEGv6pb3bz2Oo+ZciaKXj/8Ae1/SL+zf+0fP8ZP2UPgX8cPhl4AufGOsXX9l6T9kim/1V1+6sLqWX/rl9hlr7nEUJe3pThqfl3EVV18TL5lz4waJ8fIPiNrGn+LtVl8U/wDCZab9ps/stp9m8qKK1itZf3VrF/0y83zfN/5a1peB/hF4i1j4Y+KPAPx98Y3fiD4aeJJrXTdW8UyXkOiap4OjlhiNrfxZ/dS+VLc23+lf+Svleb5vdXP7R8/g+A63450ixjuPCWvWEl5aeDpvtMthYS+V5ssssvlf8srmX97/AKr/AJ5V0nxT8I+K4Lb7D4j8N6JqXw78R2cvhz4heHvJlllv7CW0ltYpYov9VaebL+6/1svmxfZf+WtfNVcFUjm7quen8p4ca0qdGEJxPyE+O3/BOH9pfw34fjuPgh/wUW8U+LdQ8JeKrrQfG/k/b7axsLr/AFtr9mi+1f8AHrLay/uv+WUvlS/vf9VFXm/if9iT/go9DbxofiVput28v8Vxp0Rl/wC2vmxS/wDo2v0m/wCCffw9m+Enxc1j4BfHbXL3xbqLzS+EPH+uajZfYrW5j83zdLMX+i+VN5X7rypfN83/AImHm/8ALL916jrHw9/4VL4y1T4c+KoPtP8AZd5/od3L/wAvVrL+9il/z/y1ilr6q9LEU4r2f4f5nlZhjcXgaidKXu/ofk3ovwb/AG2vAfgq80TxD8MotSjv9OurK8+1+bJFLFdWstrLF+6uooovNilli/1X/LWvlbx5+yb+0TpPiW4fwT8EYLeOX/nlZxS/+Q/9VX9Ds2veFbzS5LH+yopf3P8Ay2hrz/8A4Uz4OvdV+3W+hR06UZ4fSnsebQz3Etyc9T8qv+CRn/BPf9pPxZ+2x4T+KP7RXgyWLwP4VupdVuY9ZuwkU11FHm1iEUUnH70RS/8APL91X6D/ABI/4K/eDv2F/wBvvXPgV+0h8VbfSfhqPh7pepeFrO00aW5khvpfJikil+yRf9O11deb/wBPVfTXgP4b6Ho+jSX37q2t7WHzJq/NX/goD/wSr8O/tZ/theLPH3jj4qeLdEe/+y/8I3LongmLVrWWL+z7WL97L9qi8r97FLXs060VC80c9HGyxWOlOvP3Lbfr6n2/Yf8ABw//AME6vEUUiab8dNJvo5f9d/asl1Zf+lcVeNf8FLLyf9tj9mnxJ8Of2f8AwdqV9ca9Da3Om6hdzfZrWKKKXzf9bL5UUvm/6r/W18qfst/8EAPiN4Y8cRyfF6/8CXnhL7aJZru70y6k1m5tRn/RRbzf6DD5uf8AW/vZYv8AllLxX6d2fhrStBj+wwf6uL/UxeT/AKqonWbtbY0xWKwmGnGeHlzS+Z/Oj8PP2Cf2xPiD4nT4f6X+zv42try/u/Ltjd+Frq2iH/XW5l8qKKL/AKay1/QF+wX8Mfil+zR+zD4D+EnxR8f2Ora34c0GKyvLvST/AKN/rZfKii/56xRRSxReb/y18qu0n0ETWsk9jY+X++/541c0fwrBqUXka7YxSR+T/wAtqunVrHm47MJ42HLI9Ah1Kx1KL9xPWXqVmfNzWPpvgPwrpsvn2NvLbSf9Mpq6CGGezixBPbSx/wDTb/W17WHxHtKXvngVKR4H+0Jo81n8VfAfjiCD/j11K/spv+2tr5v/ALbV0kw861zWx8ctOsbzwt9unhi8y11K1uf9d/qv3sX/ANtqnZzQQ2Hkf8s/Jrxsx/inNTpeyOfvLPzY/s+a5/yPeuovJoIf9RB+7rk/tgvbryJ/3X76vHOs6Dx58TvDngO0+w6VY+bJ/q4Yoqy/B+m6r4wv/wC3PEf/AD2/cw1zfw98H32veI5PFWuf6TeS/vJvN/5ZV7ZoOjw2cUeYK6I1J1/iPUNDw3poiOZ4P+2Ndp4VhM0v+orn9Lh86u48Nw+TFHi3r6DA0rHPVNC4n+x20lxmvL/jB8fvB3wZ8L6h8RvHGq3Mel6XZy3P2TTofNurr/plFF/y1lrpPjB4qg0fQPI8/wArzf3dfF/xg8N65+0VqmoaHfWMsun3/wC7m87/AJ5f88q5sxxMqNWKphSt1Piz45ftJftb/wDBWz9oY/Dz4bQXOgeD7C8ixJ53+i6Da/8AXX/lrdS/89f+/XlRV+jf7E/7Dfwr/Zv8L/YPB2lW0l5df8hLW5YfNurr/trVj9m/9mnwp8JNBt/Dnhbw3bWVvF/yxtIfLr6Q8N6PBo9r/qK6cHh+f95UNKlV1Pdh7sS54b0fStBh8iCyj/781sXmvWMMX78/u6y/tn/LDyPwqxpvhu+1m6+33v7qOvUsHtI0qRY0e8vtel88fureKuohvJ/9RYwf9+ak0fwr50Udj/x7W/8A1xrqNN0fQ9Ni/wBRLVfwiKfNV3M/QfCsEMsmua5BLc3Fr/x52n/PL/prX5r/APBdD/gr54t/Zk0q1/ZN/ZG1c3PxS8Rala215qllFFLLo0X7qX7LHH/z9S+bF+6/5ZRS/wDTWKvrz/goh+29p/7InwZ8R+KLSW1trzQ/CF1rt/d3Vl5sVhF/x7WER/56S3V/JHFFF/y18qX/AJZRSy1+AP8AwTf0TxL+07+0n4n/AGxviU13e/2Ne3V7aT6hP5ks2sXP72KXzP8AlrL/AKyWX/tnXzWfZpTy7AVKz+z/AEkfa8MZL/aGMpo+p5/Dmj/ss/BCx8M/EfWLjVo/CJuvEvizVpbyWSXXvE91L/pMp/65f8eEX/bW6/5a18u+J/FV14dtPEnxl+JB8vXJpv7a1OL/AJZR3Uv/AB62v/bKKvZf2mtfvPFN7H441P8Ae+FdGvP+JFpe7/kKXVr+6ill/wCmX7qWKL/r1l/5618O/tyfErULPSdK+GX9qfab+8aTVdemx1ml7fkDX5Nw7Qq5ni+ebvKbvJ+W9v8AP5H69m9Snl+DUKe0dDwHxl4i1b4h+LrnW7svLc313lceua/Qf9gP9ke38D+Fo9V8T2J/tfVPKkut3/LKL/nlXzb/AME/f2fH+IPjk+ONX04yWmkSj7JFtP7659f+2fWv1j+Bnwj8mK3nng/dxV+mY2py01Rpn45meO9rW5TpNe8E+HPFfwgj8D65of2GOLyvserWkP721l/561Y8Gm+17QY7++sPL1Swm8vUrSL/ANGxf9Mpa9c8H2djZxeRPY1Y1j4P6V/aH/CR+HIPKuP+mP8Ay1rzVSrHy9T96Y8Omzw2EfkQf8sax9ennNhJD5HlV6ZoGg6HrGkxzwTyxSRf660mrH17wfpV5YXkE/7uSL/lr/z1qPq7OnDzPmPxV8VPhL8PfFFv4H8Y/ZpLjWbOWTybuGKSKWL/AKa+b/7Vr1T/AIJ5f8E4vBGv/AGP9on/AITWPTZNBmurfwebsRSxX8sUX+t82WLzf9b5sX7ryv8AVf8ALWvhz9q291rXf2nPENroNj5q2PhAeCPCw/5669qcplil/wDJaX/rl5UVfqv+wHp2q+Gv2VbPwrYwXP8AZ+l3nl+G5YoZfNuopbX/AFv/AH983/v1UUMCqNXmufp+R0p08ofL9pnH+Nvgx8JJvhpqHgj4m+HIvDfiSLTZdOh8b/6yxuv3svlSy3PleVF+9l/5a/8ALKKKtj4HfCqCb4l2fhzxh8D77RJLCGXzv3MX2WX/AJ5XXmxfupfN8r/nr5v/AD1r0DxtovjDwfpUnirz7GK3l/d3kN3/AM8vK/1UX/PWuV/Z3+HvxP8AiRY+KPEPiHwBZeEvKmurLRzosstlqel2vlebFLF5X+ti83/ll/0yrr9peryTPdhk86mEnUdoL1f4I+ovg/8ACX4f+CbWT7DPFfR3X+ui87/VV1GveEPA95pf2H+yrb/lrXg/7Pfwr+NWpS6frvj/AMc/ZrO1/wBd52pX9z9v/wC/t1+6/e/9da9w1Lz/AA3F5Ghz2Vz/AM9ru782OKKX/v1L/wB/a9ehT5qPMz4nG0Fha3LTnzHlfxU/Z68AeJPMgsdJkj8r/Xf6ZXzf+27/AMEtvBH7RHgizsb2fVtI/suaKTTbvSdYl82w/wC/tfamvalPoNhqF/4q8Oalpsl1DF5N3ND9pil/7eYv/avlV4H4q+J097NcaVfeI5fLim/5bTfuq4sTSo+z+I4YV8bTraI+XL+w1/8AZhg0D4U/F7xD/bmo3WraNpI1aJYpPNtf7VtZf7QuY5f3X+qi8qX/AJ6/9Mq/P79oWaxvPBviTwdofg6SWz8Jax9is5dQm82X7Layyxfvf3X/AE1i/wC/X/LKvuz/AIKOaP8AEb4kfBaPXPgt9ti8YaDefadN8qGKSW6i/wCWtr5Uv7qX/rl/0yirwv8AaF+HFp8APgR4f/ag+I3xW8Ha34P8bxSx3niz4b6Pr32H+1P9VLa3Pm2v7qWX/prdWvm+VL+6r4tZVUpVual73vXP1HJuI6VPA8lX4j4v+Hv7Ynwr8CQyQ/FXwfpviTR7rTf7F8VeHtWs5Zbm/sP+WUttL/yylil/exfvYv8AVf8ALKvun/g3L/bA8M/C34ieM/2J9O8cWmpeHL/Ub/xF8M9VuT5dzfR/ZYpbqLy+nm/ZbWK6l8ziKWwuYv8AlrXzt4I/YH/ZL+OPwj1TxH8A/jNo3iTVPtMf2WPTZpftVjYRReV+9sZYorqKWWX/AFssv7r/AJ5f89a+Gtc0f4ufstftC2Y0Nb7w/wCK/DmuRXujzP8AupbWWKXzbaX97/2ylr6zCcuIpzpwvGSPn8z5K9Tncrn7Y/t2aB8Hr/8AZ9+Nfj3xj4xSXWfAV7YWur2ulwxXtzaxRRWssXlRy/8APWWX7LLL/wAsovNi/wCetfZn7Iv7VHg39or4I+F/iN4O8R+Zp/ijTbr7ZLD/AK2KWKKKKW1l/wCeUsUvlf8Af2Kvgz4XfA3xf/wVM/YA+Inxm/ZMtrOz+I/ifw1aeFPGvh251LyrU39sYZZRH9bXzPsv/LLyruLzf+PWKWL67/Z+/wCCfPxB8J2fww8B2mrXWgaJ8OtHlsr2w1azivovK+yxReV+9/1UvmxRS+bFL/yy8r/VV41TL6lOV5P33LT8Dx8VXoV4RXN8J6no+kaTpv7Vdh8Y4/DluFm8EXQ1+YafYg/araWKWL97LF5ol8q5li/1vleVF5VaP7ZkUGpeE5PiNY2X/IGhi867/df6fYXUv7qWL/rlL/z1/wCmtegXHwl8OS+DNP0PSfs0dvF5tz/aF3/rYvNi/wBb+6/66/8Afqj4m6bousfBi00rVo72+kutNlsppbuaL975sVe2p8mFkn8Z81iISrS1+E+X/CujT/ZftFx5XmV2mgabBe38diYK878B+NoPEsuqaHBcf8TDQbyWy1KGaH97FL/mWL/v7XonwxhvoIv7dvoIpZP9ZDaf+1aijU9pyXPDqwVKpyHSfE+8sdB8L2fgyx/4+L//AEnUv33/AJC/8hVwdmYLvWvP8j95/wAsasfY9c8Va/eeMdV82OO6vJY7OKb/AFsv/TX/AK5V0Gg+FLHTZfPuIJZZK9bSSPP/AHdyvrGjz2dr5/n1X0HQfOuvPng8rzf+mNXPEmsfbZY7GCCrGm5hi8+ej2fNU9w1VugeJIbGzsI7GCCpNNs/Ji8/yKz9S1KC8v4/+mVbFneQGLyIPMkrppKkpnJMp3kHky/uKsQHzovJqxe2cHk+earw/Z7KX9/XTSF7JHnf7SEIs/hzrF9B5n7qzqv4b00zaN599BW58WtGn8VaXZ+HYIJJI5b2L7Z5P/PKrFnp1xZ2HkTweVXDjadzm/5enN/Y4Lj/AF8FZeo6PAZa7CHTe32f/ltWfqWm/vf9Qa86nSNjL8HWUGm2u7yIv+eddZpv77pWPo8ME0UcFdAT/q4Lda0pUzo/fGpoH+t/5Z9K7jTv3MWZxXJ6DCRF59bl5efY9Lkn/wCmPmV9Hh3y0DOZ5H8YNSn8VePJNDgP+j2sP77/AK61J4D8H2Nna/6io9Ns/wC0tUuJxB/x9TeZNXaaDo1v5X2f/lnXnU6VStW52Cq0/gNDQLOCGWMQQ/8AkGukh+0TfuKr2dnBDF5EEFaEMP72O2gg/eV7dKmHP+5Lmg6bb+b+/rrNB0e3vP388HlR1T8N6DBDFi+82rHjz4neAPhX4NvPHHjjxHZaRo+lw+ZeajqM3lRRV0JwoQvIz/iS907CGGxs4sweb5f/AD1lr5r/AGwP+Ck3gf8AZ71+P4GfB7wrL8RPi5qn7vQfAXh6bzZYpf8AllLfS/8ALpF/y1r4/wDjl/wVK+O/7bHxGuPgD/wT9sbmy0eL93rHjyaHyvssX/XX/ll/6Nr1z9mP9mn4O/sK/C/xB8WvEeuf6RYaPda1428ZajZ/ab6/iiilllll/wCWvlf6391/7Vr57G5q6svZ0fvPbwlC794/KP8A4L2ftW/GjxZ430L9ijxz4lhv/EiS23ij4tppUREUmu3MPl2NhH6w2thJEYwP3fmX81er/sm/B69+DX7Ofhf4NXF/9iudUs5bnWNXhh/49fNl82X/AONf9sq+Vf2a9B8Sft0ft2eMP2yfHVrcHS9Q8X32rRG7/wCesso+zQ5/6ZRyRf8AfuP1r9A9evL3whoUl7bzxbPscXk2kv8Ay6/uv3X/AKNr8k8QM+hT5MCnfrL16H7twRkyw2F+sM8A/ah1ixvdUggvreKx0+w825htLT/VWtr/AM8v/RUVfmR8Qtc1z49fHC51GytpJLvW9SEdjB1JziOKMfoK+u/29/ii3hX4ZXtrBOft/iW7+z2mB/y6xf6z9cCuH/4JOfs/D4k/FK/+J+rWAkt9Bg8uz8wcG6l4z/2ziEmfeWOva4HwjwuVSxU957HkcZ5jThJ04H23+w9+zXpfwv8ABVhokUHNrD++m8n/AFsv/LWWvtDwT4b+x2Ec88Fc/wDCX4bwaNpcf7ivUNNs90UdvmvpIe8+c/IKtVuRXtIfJl4grrNNm8mX9/B+7qvDpkE3l1YmzpstvPWhn7NEf9g2NprMeqwT+VUfjbwqNY0uT/hG77zby6/487T/AJayy/8AXKvM/wBqP45a54Dv/C/hX4cwWP8AbnjfxVYeGNBu9Rs/NtrW6v5fKillii/1sUX72Xyv+mVY37MP/DRH7TvxB8d+OtG1jxd4Q8P+HPEt/wCHdNtdOW1XU8xfurm6PH2WWKKWKSL/AJ6yy2ssX7ryvJrN3nOx9FkOSPNqjvOMYr+tD5U/Zb+Hmq/H39pyP4ZeNvhxfR+MNG8Saz440G7u9SisYrX/AJ9pbmL/AJa2ssttpn/XLyv3Xm/8tfr74R/sfftDeIPhvHY/H7x5eQeALDxHa3s3hXw7ey/aZZfsstrF5v8AZ8UsssX/AB7S+V+9/wBV/wAsv3sUvjP7L/7HH7Xn7QX7Ut78dPgh8UbnwlbeJ9Wmh8Ua7aGOW6sLGykEP/PLypZZcfuovfzf+WX7z9Fvgb8BvAPhLxrqfg69/aR8b+J9Yi0i503ULtfEsrRWEspi8218wfu/t3lfvfL7fvTFFEK0pRUlzTP2bMcPgOHcJHDUJqcuVN6Xs/UxfBH7OXwr8AaboniDTvAOpy29heRW8P2nw5Le31/+6/5ayaha/uv9X/yy+yy16N8PPgVc/DD4peIvEvws+GlzJd67BFcTa9rfiq6ucy/88vKlll8n/ln+9irc8Nfsy+NPC9ymqWP7R99JZ/bIpBFd+G7WWWaKL/VRSyy/vfN/6axeVVf4h/Hr4m3fiV/B3wE8JXXihrYwy6zr83lR2NjFJLNF+6/1X2qX91mWIS/uoh/z18qKWaVJyrXPkVj8TiJypp3Uu512k+CvjVeXtvceJtT8Nxp/y18rTrqSX/yLLFW54k8N+HNY0H+yp/Nl82b99dww+VXnfhX4s3GteMrDRNQ8V6vYXEej3Us4tIRJY6lcxS/6qL7VFL/qv+mUsfWui0vx5Zaj8P117VvFVtptxbQy/wBpSyw/6L5sX/TX/nl/11lr1Of2R5dfB1qU7ziVfAdl4j8B2txpPiO+/tLQ5f8AUxS/62L91Xzv8Z/hXoln4juL/wAKQSy28s37mKvpS+8F+PvEkUa332K2jA/c+Td+b5v/AE1/6ZRV5/480GfTZZIL6D/Vf89v+WVeZjUjzvaVk9j57m0HQ4dLuNQvvNiksLOWWG0/1flV+b/wm/bV8JfsCf8ABULxr+zd8TNQttS+BfxejlttS07UW+06ZYf2n5X+leV/qvKiuopbWX/plLL/AM8q/ZCz8H2M2g3EGuaHcyxy2f7mH/nr+6r8M/8Agut+z/B4H+O3grxLrmh3v2PUvC2vadNbWk373/QP9Pi/eyxf89Za4sDGE6ns5nRh/aWPbf2nP+CAv7P3xJ8P3nxa/Yv8fSeG9Ul82503RNOm+26Zdf8ATKL975tp/wBdfNl/65V8VfFv9hT/AIKB/A2FNT+OPwG8R+NtD0sTj+0ILqW/ltYsf62LypftVp/z1/e/uv8AnrFL/qq/pY+Evw38AeJPhfo/jDwrfSSafrOm2uo2d3/z1ili82Ksv4t+AvDmj6DcXGq+Xcx+TLHDF5P+tr0Ye1wjvfmOOricUpaxPxD/AGef+Cvk3wp+BN58Rv2apfhL8J7vwxrsOk6P4T0jRorbxL4s0u1tIoopb6Wbzba7j/eyy/vYopfNEvky/wDLKv0w/Y9/4Kq2H7d/h+z1L4S65omp29xBLY+IriWP+ydW0a6/s+W6i+02Pmyjy5ZY/Kil83yvNil8rza+DPj7/wAG9Hxb/bE/bK+IWr+DPiD4f8CXN/4esvEWj6XfaNJLFfyzDyZYvMi/1X72PzZf9b/x9xfuv3tdp/wSD/4J0/tffsz/ALXOueDv2nrfXNAXwT4fuY9B1zQNFhttI143VpLamG5ufssUuq/u76W6iill/wBFltO3SjGRhWo+0jLlZKq0XDY+6/iFrfxG+CWieINf8Oadr/8AZ9ro9rcTnULy68SRXUsX7qW1sbGW6tfKll8qL/Vf63/trXefBP4wf8LP/Z58H+OPHGlS6T9q02Ky8SaT5PmXVhdeVF5trL5Xm+V+98r/ALZS1qePvh1N+0F+zR4o+Eui+MYtI8WS6DL9j1bT5v3ul6pFF+6uov8ArlL5Uted/wDBPG/0n4kfs0eH9Lv59SttY1SG/vfEk3k+X9gv5Zf3sXmy/upfK/1UXlf8srWKX/lrXjYWlVhVvUluZ1KlOeE84nxJ+2H8RviB+xp+1N45+M/gV9Mvb/xHp8OoaD8PYvD19cnxl5fl2tz5VzFLm1uYvKtpfKlil82KX91/qpa8q1H/AILv/GLwfJb2Pjn4LaJ4XkurPzP7P1HQr/8AdRf9dPN/9pV+iH7bn7NWt6j4f/4TvwZaSW+seF9Yi1rw35P72XzYv+eX/PXzYvN/df8ALXza+f8A9qDTtW+O+jaX4x+N/gDwl8SPh/8A2b++i/sf/TtLll8qWK/i83/v1XZz+1q8nw8pxPG4HC0+etT5r+djuP8Agnb+22f23PhjrHjSey0iOPRte/sn7Xoc91LbXX+i2ssvlfa4opYf+Pnyv+Wv+q/1tfRGsaxBDYeRYwebJ/1xrzP9m/4P6r4J8B6fY/BWfw3beE4of+JPp8Om/wDLKuw1ib44f8v2uWX/AE28rTYq9T2lGlRPl6rWJrSqUocsCOGG+x589jJ5kv8AyyqO8vP7NtZL/Vb62sbfyf8AXXc0UdU7ya+vP3GueI7mKT/lt+58v/0VVzQPB/w6F19unb7bcS/8tpay9u5/AKxl/wDCYaHN/wAgSwudS/54y2mmyyRf9/f9VWp4b8SeKpr+OxvvDkltHL/y2hm8zyv+uv7qush0eD7L5/keXH/yxrD1KHXbMyeRP5VCc6f2gNSY3H7vz5/+2JqvNo32z9/PPWXDeeI4eLmerkOpT+V+/rupY6l9oz9kXLPR/J/cQebJJRNptiYv348uqf8AaWqzRf6+q95NLeSef5/m0VMbSkZezRX1K8sZ9U/sux/eSRf6678mqd5Zfvf39SeT/ZssZgP+tovJu9c38Y5qhj6d/qvwrY02YTfv6w/B8NhqWjRzwn93XQQw+TFHBXTSpnd7U6TR5v8AlkBHVzxhefZPDlxk/wDLHy6r6P5EMUdc38cvG0HhPwv+4/4+Jf8Ajzhr0Z1KVGjzTMyTwfpHkReR/q/NrsNG02CGL/UV4H8NviF4x/tmP7b+8jl/11fQmjzfbLWP/prTwVaFWl7gp2plzTYfO/5YV0Gj6bBDL58/+srPh8jTbX9/Xgf7Qn7Zth4b+2eFfhl5d9qEX7ua7hh8yKKX/wBqy121sTSwtPme5l+8c+Wmdx+2D+3J8Hf2RPAf/CR+P9cj+2S/u9N0mH/j5v5f+mUX/tWvzvm8KftNf8FVvFH/AAsz9prVb3wd8J9Lm8zTfCcM3l/av+uv/bL/AFsv/fryq9s+GP7AfiP4nfEuT9oX9pqeXV9Yuv3lnaXc3mxWEX/PKKvZPh7oXhX42eLdU0rVYLay+GfhKby4YvO8qLXr+KX97F/16xfuv+usv/TKL978pmGNxWLnafuwPcy3CwivaL3pHL/sx/Cvwr4J8OW+leAPB1tonhe1/wCQPp0UPleb/wBNZf8AprLXkv8AwXF/aDu/C37IkX7JHgTUgvi/41atFoVmI7zyvs+lxTQyX0kn/TP93HbfS5NfT37UX7VPwz+D/wAEdc8R+B/+Ebik0aH7TeahN/p3lRRf9Mq/K34TX/iz9uz9p/xF+158QxfXGkPBJoXgYTSxRfZbS2Gb6WKL/ll+88z/AL/V5maZrhcnympWX2f/AEo+s4byStmObR5vgPQ/2KPgZoHwx+G2m6Vo2krFaW8Wf3kGJLr/AKayf9NZa0/2hNY8i1ksb2f95L/rpq9UvNHsdB0HyLEeV+5/57V8d/tlfGRvBfh7W/F87RD7KfM8qL/yFFX8905Vs/zqDl70ps/fJ+yy3A2XwI+C/wBun4ip49+NFzollc+Za6NH9hg/66D/AFv/AJF8yv1E/wCCY37MD/B74I6PpGr6fHHqN3D/AGjrHnH/AFd1L/yz+scXlx/WKvzZ/wCCd3wGuv2n/wBqWwbxDaNc6Rossusa5NIP9ac5iiPr5kvlj6eZX7tfDHwrb6D4cjM5ji/57TV/SEKVHAYGnhofYR/PfFGYzxGL906jQdC/1cGK6Cz0fyYq5vw38SPDk2qR6VpUF9qUkv7v/iXaPLc/+iq7zR5bDXtK+0WE8cscU3lzeV/yyl/55S/88pf+mVc9OsqnwHz0cNU9n7SZH9jgmi/1FZ/iQf8APCfzf+2NHi/WZ9Hi/cW9fFvxU/brmj8F/Ejxr5Ud3YaNrk3h3w2IbOW5iluopdLiupv+mssv266tYov/AGrFRKrNfCjqwOBni5n0FBefA/xJ4o8P/E34w+MdNttH0HXornwrDD/pN9r2qRS+V/oMUX73yvN/deb/AN+q+3v2ZfFHgPx98DvDOk+FfD0Wka9LpmmXuv6baWMVvc28t1LLLLdeV/zylllubqKX/pr5tfkB8Gf2cv2wf+CgfxV0qw8O+GNZ8OeGorqXT7zx74ltRb6bp4JI8qyF15Ut/dReSf3Vt5sUX+qlr6A8ffsl6xffte2bftJ/EK9PhB1l8F/DPw98KfF91bRS2EV/qF15uuSfuvNuoormLzZfN8rzfN/5ayxRVpQrKjDmrn1uU5Ti6U7U4mF8cdX/AGi/2GvhZ458c/2Vpvg3TPA3xFvtc+Cy6HqUskXiS1k1C1iuYr6W0upftcsvnx/6L/ov+qll8qXyv3X3D+yv+2BpPxL8FW/wc+JvgnUfhl4tu5rqKHQ7sWsvmy+V9ql8q6i821ll8qX/AK6/upf3VaXwp8F+HPg54Li/Z6+OzXHxU8DQNbv4d1mXwxbXxsIopvNtLa4trASy/wCi+VF5V/5MX+ri80+aPNOf8e/Gv7Ber2FkmieO/DWp3mstDJo+h6TqtrIdUMv7qPy/NP7r/W/63zIq58TiaMqi9nP3T6ipiZ4tKlUh73cofEb4zftB/BmTWNCs/Buk/EP7B9l1b+z7PS4rbU/sEsssXm+X/qrqXzYv+WXlf9cq1/gj/wAFRf2W/iKlpH4l1+PwIk14bYw+LEiscyx/vf8AW+b5UP8A21/1tcd8J/2mvgR4OTxPB4t+MWp22g6XcWunaJ4ul13S9Sj0uOLy7CaKWWKKWWL7Lc3P72XU/Ni826j/AHtdVZ/snfAr4xfEez+LPw+8XeDrnwtdQRXN5fXcY1a9v5ZTL+8ill/d2hl/6Zen+qrKaxMKsKlOfu9jVyy+nQlSrQcZ9JL9Ub/wV+DHwT13R/FfxA+FXjeLW317xpdatr15DrA8qwuvKl8qKKKL93FL5vlf9Nf3teJftX6r+3n4X8QaT4x8A+JdT0Twbda5pFvLqGuaHo8sml/8TAeb5vleVc+VLF5UX7qWX97nzZYosy17/wCMPjD8IP2aU/4Uf8CNEtrPUYoopbuy0WGGP7P5ox5tx/01/wBX+dfO37cn7U/7QA8N2P7M+jeE9C1jWfHHhe//ALGhvrP7T9uuov8AllF/yy/5af8ATXyqWYZr7KnyR+IWVYXEV8XC/vU/7x2fwB/bd0/xX8YNR8M6L8SLPVbPQIbUeMfs0EdpbRy3MvlxS20f73/VYPm/6r91dReb/wA9a93+KnjfwtpuvWeq6rfR/vfK8mab/j1ill/1UstfkN+zb+xf+1d8AbKy/ah+LPiax0gX9n9p1rQZtA865sZZf9KjiltvNi8qKWKO5ili82LypYv+mtfdfw58G/E/xJ8PPDXwr8PtZrpmpaOba6l1Dw19hvZrbyvKiv47mX/W3P7rzf8AWfvf+uUsUtZZXiamJlKFQ9nO8iyenXh7Gpf+by7nnH/BQL9uuz/Zf+Jun+BBo/ijWdfv7OK9vNKs9SitrW1i/e/vZZZYpfNl/wCmUX/LL/lrXy7+0Tqupft7/s++DfjJ430P+wtEimutVjXw9qX+nf2XLdxaNdf6TL/y1ltbnUv+WXlfuov9bXhX/BVqH9ob4cftO6v8MPiR4vufE+ty6dZ2Oi6lbWcSy31qW/0eKSKKP/j6zn95/rK6H9lnTfGVr4i8Ofsg6D8Ttb1ez1v4aa9KdPh825+y3VtFdf8AHt9k83zYvtUf/kL/AK5VjXq1YYqTp/ZPq8fwnk+XZNh6tH35Ss5M+tf2YP8Agr38P/2bPAujfscwam/iObwlaXWmaZqmsXHlpHY20vlWsUh8v97+68vyq0/2fP8Agpf4+/aN/bv0n4Y/EzSNAsfD2pWd1aeF77SPtX2qHVP3UsXm+bL5X72KKX/llX4qa74pl8M/F2/lvdaYSabqEsVzcypKZIpo5efM83v0r7R+AP7I/wC0R+0l+znq/wC134K1aHwHoPhLUY5NF8Yzw3In1W9Ew8o2IzH5nlS4i83P7qU/89I5fKzq4vMatenFL3D6vFZP4fUuFauKqqMarWnfmtva/fyP3JOga54Q8cf8JvD4qluby/03y7OaaGL/AI9ZfK/df+QoqseMLzVbzS/7VvjF5ktfnR8Qf+DjH4YWnwssNc8RfCXxBqEln4yttK1PVbaCKOxtZLmGWWX95/z1/dS/uq+y/Df7Qnhz4kaDHfWN9F5d1DFXsqq6TXNsfyTiOWWIfJsU/BPjA/D343eH9VuLiWK3v7z7Nef9cpf3X73/AK5Sy+b/ANsq1NQ8LWHw48X3nh7QHkjs4tSupYbQf8svNl83yv8Atl5vlf8AbKub+IPhWDxJoUljpWqR22saXN9p02GX/VS+V+98r/yFXQeG/id4O+IVpo99ceKrK21j7HL9s06XUopZfKil8qL/AFX/AC1/+NVlUnaovdNaa9rStE9o17R4PiF8NMTwSfbIv+W3nV8L+JdNn+DPx+/4VX4jgii8L+N/tX/CN/uf3UWqRRebdaf/ANMvtUXm3UUX+q/dS/6qvvjwTrHg6HQbe3+3W3mS+VH/ANta8j/an/Z08OfHj4eXmlaXfyWN550V7oWrf8tdLv4pfNtbv/rrFLXZFQc+ZHlY3DzrUeRnzX+zt4w1T4J/GTUPgTqt9/xJ9Uh/tHwr53/PL/lrF/7Vr6Qmmt7yKvn/AF0aV48+F+n/ABN8R6VFpHizwHr0UepWn/LW1uov+P6Lyv8An1lill8r/plLFX0Bo8ME9hHj95+5rq/c1TycNCUIWkYY023Bk8+Cuf1fwpB9q+22Pmxyf9Ma7jUrIw/6isu8/fda5qlKx0mP4V16+s7r7DffvY63NSs4JovtFuay4YfJv61Jpv3X7ilT/gmFUw5vPqOH/Vf6itCb7Pj9zVeb9zFioOYr3k3eo/3VSTQ+f/0zqvNNbw9TWlPc5quxT1L97F0/eVT+2edzVz/l2krD8791XVSpnm1Tm/2b/GEGseHI7K4n/eRQ+XN51eqeTB+7r5v+D95/wi3xGuIAf9Huv3dfTmm+ReWsc9dlI7qdT9yWIbzybX/tjXk/iSKDxj4t8+f97Ha/u4a9U1j/AJBcuP8AWf8ALGuP0fw3BNL9ong8r/ptW1Wl7YXtCPwf4bg+3/uIPLjir0zTbiGztf8ApnXPw/YdB0+S+m8ry/8AntLNXk/xg+Kmu+I9LuND8KX0ltZy/wCuu/8AplVwqUsLS0JK/wAfv2ivEfxP8Sf8KP8Ag7feV5s3l6xrkP8Ayy/65V0n7K/7NPhyfx5cTz2Msul+F5ov30v/AC9ap/y1/wC/X/o2Wuf/AGe/h5Y/D3wJqnxb1Wx8qOKzlubP/rlF/wC1a+oPhj4Pg+GPw+s/Dc//AB8RQ+ZqX/TW6l/eyy/9/ZZaWGh9aqe0qHZT/g8sTz/9s3x5B8PfhBeQaVffYtQ1mb+zdN8n/W/9NZf+/VfGfjzxv4q8SaFZ+DvDlx/ZGh6XZxR+TF/qvKirvP2uvEmufFv48W/hyx/eW+l/uoa+C/8AgoF+2BY+G7XVPhX4Avv9DsLzy9S1C0m/4+vK/wCWX/XKvkM6qVsVmPsafwI+kyRTcOSJzX7a37Y3xI+I3xA0f9ir9nzx3cPN4lgTTvEmoWkOdltIPLA8zy84Nt5kkp/6Z+1fWP7L/wAItB+FHw60/wAE6BopsrPRtNitvm/5ay+V+9l/7ay+bL/39r4m/wCCR/w51X4vfH/Xv2qPHmjpNd3091Hpq+VnyjL+6mMfH+rjil8r6eYO1foL8QviPoXgKL+wz5UflV+Z+IGYqKp4CnLSO/8AiP3fhfKVgsH7d/HL8jm/jN4qsfDejSeffR+ZL/02r8sf+Ck/xhfV7q3+G1refvJJvtupLjhD/wAsx+VfR/7XP7VVnHPf6xLqZ+y233YYZq8C/wCCa3wB1f8Abx/bMu/iL8RbA3ug+Gs6zrcMrcSn/VWNr/398r/tlFLXT4ecO+yqvH19o7epx8X5tHC4T2S+0fX/APwSI/ZK8YfCP4OJc3nhWU+I/FJivdShmPl/ZYv+WUUv/PL91/6Nr79g+Ek81rHP4x1z7THF/wAw+082O2/7a/8APWpPh7oMHhrS/Isf3fm/66ati81jzrqOCev0bF4n6zLQ/EKn7+tzsueG9B+x+X5Fj5ccX/PL/llWx4q8EaF8Zv7Lsb7VNb8LeKLWz+zWfjLQ9Y+zS+VFF5v+k/8ALKWL91/qpf3VbHhSbSoLXz554ov+u1cX8YNY0rWBceB7Cx/tK3uof9Mhh/55VxYnMqGXYb3z28qy2eOrQh0E+NX/AATQ8a+OTb60P+CkRsdMisfLvJrrR4v3t1/z1/dXXleV/wBMvK/7a185y/8ABPX9jH/gnroHhL4m2mkTfGfxBNrGqaifGXjnV4/stvdH91LLY6UYpYj5vlReVLJ5v+q83/nlXln7S2g/Fv4Y6lb/ALQvwd8b/wBiahoNnLbTaTqFnFJFLFL/AMtf+mUv/TX/AFtfOnxM/aj+Pvx/01dV174hR+J9S0fTv39vKIraWK1/df63yv3UX/XX/Vf62ubDZ5QxmFm6OjP2/hzg3JsNiaVbE1Lw+1pb8j9ALT/go78O9H16K48D/steArC4EfkRX8uixf6PF/zy/dQxV6B8fvGFte/snN8d/hz4E0KPXPDum/bbMeFbaK3iupZZbWWWLyv+esV15Uv/AG1/66xV+THgn9pm/vPsMHjHwvc/Y77zY5rmKXzPNr3v4BfDf43ad4UuvDnjvUY28C/FPw3rNpo9pfX/APrUv5YrbzY4v+utl5tRgsVKq+Wr7x+h8Y8P8N4bKo1spnFVPXf8T6/+Kn7Y3xN0fwbceI5/H9j4f1mwmtfJtNWvIraL/VRebFF5sUXmyxebF5v+fK5z9nX/AIKwfB3xVr95qvxA8D2Fh4pv/wDQptQ0XTftNzdSy+VFFL/on72W1/e/63/Vf9Na9O0C98G/tJfso+JPHFs2r6b43sPh7FrWvWkPmx31hdf2LLaxarY+b+6u7G68qOXzYv3sv7qvkvUfjt8IdHttP8f/APCodSb9oDx/qNzHoPwU8OyzWOpap5cspj1nXPKl/wCJVYyWscUvlSy+b5X72LyrX99ELDKWI5qcT8BeLxManLKHvI81/a7b4w3finTbD4P+GPHXgrS/iP8AEfRtRs/FEWky2Uuha9LL+9+zSReVL9p822trqL/VSyy38svmy+V5tfOs/wDwVc/b0+Hvx7v7T4t/EmD+0DqUvnXX9hWEs1r+68rzYpPK/e+bF5XtdfupZfNPlS19t/8ABSD4y/Hn4CeFn079oPx/oHi7wXr/AIVsLzwr4h8L6N5ekeF/FFj5V/8A2VF5UXm/vf8AVfapfN82L/Wxf63yvMfih+zh8Df+Ct2naB4w/YW8eeE7H4qaL/alxr2k+J5vKjubG1l/deVFLFL/AM9IvK/5Zfvf3stfQUq6hTjGrH3e5Ko4nG1n7SDUjxr9lP8A4LDftYaLp+uReGvhU3jnx/4k1MXF1rNz5tz9lijhiiimliGTKPNkkl/eyeX5pBxX6I/sUfC74veDfA/jj46ftM/Fq9+Iviy5Kah4ruXilubGwitYpbj7BzL/AKX9ntpJZfssUXlReb/qpZfK83I/4Iq/8EuNas/h1c/tN/tvx3WmJZanf/2N4Sa0isykUXlRSy3MsQ83ypfs0UUVr5nleVF5v73zYvK+9fB3ww+JPxh8W2s3goweEPDegxXMfh6z07TYkgtD5MsMX7ryvKlj/ef6qvOxiozrRhTh8R9Vg68MJh5x/lW8tLeS7tnwl4i/bR8V/C74m2fiv4o3vgGXwjbXf2270nStY8T3djq8UUnmxfZra70uKwz9q8qX/RZY/wDrl/ra/Ubwh8Qvht+1n8GtN8X+FNSlga/06LUdKvbMfvLWWWHzYpYpP9VKP/IUtfDn7Xk8Xxz+F0H7OOhfsPa94ZGpaf8AbJNL1CW1trm6021/e+VpkmfKupf3n+plli8qL/VRV+RHx5+I/wC21/wTn+PL/se2n7TGv6emmWthc6db6frc1xFoAkubW6topI8482OKOKOSL/VZk/7aHswLjSrygonNXo4bMMNCrH3Z/mfrd8bfE37CH7ZXxs0bT/iZH/wiPxm8JXBt7KXxBpstst1/yy82L/Vfav8AplL/AMspa/PT9k7XvF/xQ/4LIDxPaeH5vDemwXmsRLp91Jvk0Pw/Y6VdxeVLz/1y83/prX1t4o0/Q/ip8HtPv2+C+r/F3R/C80sniPw9qOnXWm/ELQdUll82W6sZYopYru1/e/6qKLyvK8r/AJ5VH4O+EHgi38L/ALTY+Bvx00fxT8Q/EVr4Q0mC+vPJ0jUzYRRSi+tjHdeUbW+lkEsdzDn/AJZxREZ6Krh3Ks5dGen/AGrVwGFVGcJSf4RPyx/4KJ6TB4VvbDx34csINMS6uJdM16yitfKljufOkvrW5l/662t15X/bqa+sv2XP+Ci/j3xt/wAE5Lz9m9fE5gm0fwzf2ejwWH+jS+V+9/exeV/y1il/5a/63/v7XnH7a/wG1T4vfD7xzrOlfDb4hah488KtYXXjzwTo/goiK1upLuWKLVftUk0pliltZIvN8m2zLLF5ssv72Wvnr4Pfs/8Axh8feOrPxF8Iv2bvjrpNnbTiCafSPAEviGSOUiP91+6isbaOMnzP3Xl8d/NzXTHD050E+azifH5vmNfEuScf3cuh6r8BdX0D45fsSW/wW0+e0R7u8l+3RTReXFpmrxXfmWvmkf6r7V5kdrFL/wAsvtX/ACyitZZZftH/AIJzftvaVrutah4O1XVIrHR7+aXUdBiu5vL+y/8AP1p/lf8ALLypf3v/AFyl/wCWXlV4R+zt/wAE3v2mPhlJ408VePv2VPiha+F/HPw3mi1nQLLwqb66ttZji6x+V+6/1vmSReb+9i83ype8x+dviJ/wTY/4Kpa34TtPEXhb9m7xnf8Ah+90vfaTaRbi7uJIr4R30guYoZpZY7mXzYfNjl/ej93FII+IqznDD4qdlP8A4B8Jh8FW+tyVvcPuT/gp1/wXS8B/C+3b4J/sk3ujeJPFktiYtW8YyQxXumaOZYvK8qOP/VXVz/rT+9/dRf8ATXPlj4QT/gr7/wAFLPC+uG18U/tf+KBFbHzLOyurO1+yiL/llL9m8ryv/IVeGfED9jD9pD4OaXBq/wAX/BVv4ae5lEdtpWt+INPttTk6jP2GWX7V3/1nl/u+9dd4i+Cf7Evwp8b3Pg34q/HX4ia1qWj6l9n1+Dwv4Itba282KXyrqGKW7v8AzscSYlltov8Arln93Xrww+HVKMY+9+J204ewqe4ftt/wTc/4KzeBP2pvgB4fHirxxoUPjqLTpR4k8PW03ly2ssX7qW6ij/55S/upf3Xm+V5tfa3wZ+KlxrMEljfT+bH/AMsfNr+eb4aftr/8E/8A4E+D5LP9mP4YeMYfFd74cOljVtbscXF1LLF5UvmSWl//AMteekX/AC1r9Av+CSf/AAVA+GvinxlZ/B/4qeKLaPVLrTfLs5pvN8q6li/66/8ALXyv+Wv/AC18qvg8zrY7B5iqkISVNP8ADrp2Pchl2HxWD934z7z/AGkP2YxrF/qnxN8KwS/bL/R/sWsWkP8Ay/8AlRS/ZZf+usUv/kKrHwN8S/298NNLvjNFJJ9ji86voDydK1jwv/asF9/00s/Kr5f+FdnP4J8eeKPhxcDy7e11L7bpv/Xrdfvf/Rvm19fh505QVVfaPgcfhXhJnpF4fOikFc/eZEv+orpJof3VYesQ+TFV1TiMu8q5DL51r5FV5v30Waks4R5VcRNQy/tn73pVibyJqpzYhupMVY5ihrSnUOGpuZesalfWf7hv9ZVeFv8ARf3/APy1q5eDzpfPqM/6mOtaVI5qtQPJ/dVyc3/IUkgxXYT9q4u7hMGqSf8ATWvTR4uJ/inl/hvTftniO4n8j/VTV9EeCLzztFjg8ivI/DemwfZY/I/1ks376vaPCsPk6XHBV4amemSa/D/oPkj/AJa+1c/4k8beHPBOl51W+/ef8sbSL/Wy1X+MHiqfR5bfStJPm6hdf8ecX/tWsPR/h7BoNr/wlfiOeS+1S6/5bXf+tlrR8/tPdMzPsrPxj8YNY8/XDLZaPFN5kOnRf+1aj1jw3b+MPFtv4H0OD/R4v9d5NegTf8Uf4Ik+zwf6Zdfu6ufDHwfB4J0WTxVrn/H5f/vPNmrN0/ts6FqV/i1rGh+CYvA/wksZ/KuPEevRW1nFF/z62v8ApUsv/kKKL/trXqHivXoNB8JXGq3HlReVZ/uYYa+Q/DfjDVfj9+1fJ8YoPNl0PRoZdF8Hw/8ATL/l6uv+2v8Aqv8Av7X0p8VJhZ+EvIvrjzZJf3ddOX1vaU5uJ11f3VHlPhv9oT4p6r8PLq8vtJ0q2iuL/wD5e5YfMlr8df2uvE02oeKL7QoR5jy3Eslfs9+3t4Jnm8G2+uWMH+qr8Sv2tIbrw38ZJNSurfzI/wDWeXN/y1r5rFUZxxvMe3wlWtiuSofrt+xJ+zLY/s4/s9R6h58UlxHoPlwyj/lr+6/ey/8Ao2vnb9q34tX9lNcahPcfvJT+5r3zwJ+3J8AfHXwHjsfDfxGspY7rTf8Aj0mml82Lzf8AllLX5u/t0ftT+GNY1K48N+A9VjvZv9X50Mn+qr8mr5Bjs3z2LlT6+8fv9LO6OGy+Sf8A26eD/tBfFW+8b+ID4dtbzNrbTfvsTf6yWv1f/wCCGf7Nll8O/wBmWT4nXUMZvPG+pfbPOm/59bXzYov/ACLLcy/9+q/IH4N/DjxF8YviXo/w38LQb7/WNSitoDj/AFf/AD1l/nX9Fv7NHw90r4bfC/R/hx4cg8vT9G0eKyh/7ZV+vVcPRy/Bww1A/Hc/zCri63NUmdxDNBCfIBqvrNncGXz4Z4/+uU1XP7Hnhl8+euX+IXxHg8E2GqasbGS5ki02X7HDF/z9S/uov8/9Mq8XE81Olzo8TDXxOJhSjubg8S3Hhzw5eeMfFXl/bPJljs9J8791axf89Zf+msv/ACy/661x/hXx5Pq9/carBf8AmyS/8tYf+Wv/ANqryP8AaD/aBPj74ieB/hpYXEVlceKPAf8ApmnXcP737fay/uv/ACF5n/fqvTPhLptvoOjSQa5P5lxL/wAsf+etfmGdYnG1cR7OR+y5Rl+GwuFuZfx++G0HjbwTqhuP9ZL5XnRf8sq/LbxEF/Zq+M+leL7+T9xa6ldR3cf/AD1i8qv1h+LXjXStB0v7D/z1/eTTedX54ftV/BXV/wBqH4y6P8H/AIKeHItb8Ua9N9ohtIZv3UX/AD1llk/5ZRf5i82Wu7hzDVVi/Zy2kelPF1J4aVGJT0Xxn+yR8TvHuh6ra+LdPtrjTdI1TXrzwo2j33m6zdWtp/oulRR2sXlSy3V1H/36il/65S+ufs6fCL4/ftX/ALVdv8Y/+ChvhHxH8L/gbNpE1l/YPi3xFL4XElhbWEstjYabYxSxXRj7+bFF5XlRXPI/1Vfav/BHP/gjZpn7BxvPjF8VtK03X/iXNAtto+r6vov+jeHLXypZZfsv/T1LLL+9l/55ReV/z183uv2+Ph9qnjB9QtvFf7Kvhb4gf8JPp8tnr+raXHDbzWtqf3X+tl/0nzfKj/1v/TKv0r2ODyqkpL3jiyuhjcVifY1Knu+p4T8MfhZ8J/Ff7Rd/8WdS/wCCnfhnX9Tvtb+zySNqg0y5sNCi/wCXSJbglJf3X7rzcf8ATX97X0B4R/4Jtf8ABL7Tr7UPGPgzxhoja1rk0v8Aa/iW++IDXGp6pcy/617m5Msvmc/8sovKrxrxl/wSC+HXiLxx4L8c/CX4faZYeEbzQIvtmkxm6sr6S5iH7qXzbW6i2yyRf6391/ra9x+An7EXw40CbTLeD4ceIPCV3oUP2ie7vtYuriKK6ji8r955t1L9q/ey/uov+WtdmBhhMVPTQ9vM8FlNGnGrCs0/RXv8jkP2gf2Ivgj4Y+A+sfDPxH8MPiN8SdF8SeH/ALNd+MfDU9rq39j+bbRwyGKx83zf3co8791bf+iq+Xv2R/8Agld4D+AvxV0rxp+yr8ZJ/GGg6it1bSa/e6ZFY3ujSyQ2t1Fp+pW3+tilii82XzjF/wAtfKMUXlReb9j/ALa3xa8d/sxaXP42+GHw48W248Gy/aLZPDmkWH2LxHdXV1/pNrJbSy+bLL+7/eyxfvZfN/dRVg/Bb496JZ6xrv7ZHjP4fxW2jeJNOtbbxVDokU8ccv2W4P8Ap9zZXUUXk+V5ssUs3/PL97L5UUUtceNoQpylS5vckc2WSryX1inabjda76+R7PfWHwB+EvwbkvfHni/Vdes/DHm20sVyPMsb++lmi8y6ltov9b5Uscv/AFyiilrR+BH7dXwC+Kt1ZaBoHifw9LaSzf6JZS3v/IRl8r935Xm/vZY/K/56xR/6quA/Z++Iv7Ffx++Gnif4aXOiat4ItLqyluZx4g1vP2WOX91/rZpZYopPNl/1X7yLzf8AnrWB4C/4JKfALQfHx8T/AA3+Omqajp0UoaCC21G2826/dD/WyRRfvYvMz+6iMXmeaP3sflV1YalR9nCUDlq08K/aQxXNzb7f0j6m+IfxX8A6lbRaR4w8JW+p6Z59pt2QQ/8AEu83/lrz/wA8v9bXxd/wWd/4Iz6T+1P8KLD9ox/HEtnr/wAJ/DmsXt55WmCSXxBpcX+lRWsv/T1+6/1v+q/ey/uql/bl8daZ4J+L/wAOvhVoukp42ttN0wFfhXo1pKZLKOKOWL7VrMvnS/b7GL955Vh+682X/lrLXW+H/wDgo18QvjzrPjW3+DtjY674YtdH1/QtF0zUtIkkk1nxDDpsN/FbYaWKQCSL7TF5X/LXyZJeK6FisH9Y5PtHMshzGnThiKOkPP1Pm3/grP8Asr/Fz4J+C7nVPgjP8JNA0K7sbHVPtvixJh4gbUbE+X5umajdfNCfsEWmySp5kR837TL/AMtZa+LPhT/wUs+M3ww+I2vfF221/wARJ4t8Z3ttf+I/7MuYrOHU5bcyvFmTypfMii8yTyoj5kWJa/RX4R/8FR/2Of2yPBWj/C39snwLa6XcWGp/8S8vLLPb21zF+6iljli/e23/ADy7Vf8A2jf+CLfwJ+N/ga6+J/7PHj0yRrPLquh2lpNFNaS/9MI3j6f9Mpf+/vm1FbCSxT5qNQ/Schq4LJ6Lo5xRvKe0mrxfaz7nhcPxo/4KQ+I/2ZPB/wC0p4G+L/iA+JPGN3FGbay8IeFxY2tp5t15Qub6WKKSa5li8uWKLy/9bdRRf6018j+N/wDgrp+0hpum6pF4x/4KNa3puqQ3f+haBafCDS7nzf8ArrL5UUUX/kX/AJa/9tf0I/YI8UeEPi7+yJ42/ZP8P6VqkHhuwv5Y/h7qF/cf6V5sXlapFa/9dYv3X+fN8r8Jf2pfAb3uraz8RRDLA1zf/aFhI/5ZSmspYClh6sI1H8X5/M8PHU4YrLMTOjSV4S7LSJ93/wDDa/7VPxT8N/DTw34l/aL8W3OoXP8Aan/CVXY1G1+w6zFLdebF9mtrT7L5UUVh+9lill/5Zf8APKs747fspfsNeMfhl4x+L3w/8B65Yaj4dhtZLTR7q4sP+KtkluvssstjFaSxRafFF/rf+Xr/ALa+VLX5/wDwK+OusfDvx14WHjq8urrQtA12KW70ySPmO182L7VHF6SSRReXX7U/Cb4MeJtP/wCCWmhftd3Xh7U9fPhvxLENf0PT7OX7f4n8JXNr5V1FYxRf6391c/aopf8Anla+b5tc+Iy+WHr80dF5afkfB4fF4WM4Xjvvsfmt+z58C/Avxghf9lufwvY+HfiFdzxXfgXxzDqfl+bL/wA8ZZP+Wv8Arf8All/zy/7++c/HT4J/G3wyvidPinoOkjXLGGW8vLuPw9a+bc/vf3sv7qL/AMi19rfFr9jPwt8QNJ8UfAL4YfFzRPEHxM8HeKpY9NFoLqLzZbX91cxRS+V+98qK2k/1X/PX/ll9lry74+eKv2nfH/7L9nrvx4s9J03xFoviO60LwtqOrXl1b+Jr+W1/4+vsMUMXleVF9qi82WWX/rl5vlV04TGu/wAWxWY5ZRqV26C0Z5l+wV+yr4e8XufiB4itby5vdP0z7YPIt/3Wl/vfK82X1/5Z/wDf3/npXt/xSWy+G+lx+MtCvJdNuLWGW4h8qb/nl5X/AH9/eyf+iq97/Zi+FniL9mP9kPwx4N+KWnW0nibxlN/a2vadNaRR/ZdLii8qxtZP+WXmfvZf+2ssv/PKvHPjDo//AAtX4oXn2Gxi/sO11K/sofK/1UvlfZa+QxrxWY537OctP0PBxeM/sjC8x9if8EDP+CrHx2+MPjPTf2Vf2lPDn237Jod1Joni2KHyyfK8ryrW5i/56+V5v73/AJa+VF/y1/ey/oJ8c9Ng03xlb+N7E/8ATO8l/wCmX/73/wBG1+R/7JfhX/hUvi2z8R6V5sVxF/y2ir9LNH+JFx4w8JfYdcnkk82H/ltX30fZUsNyH5hic2qZhW949c0e8g1PS+az9Ys/3VYfwr8SfbtP+w3x/eRfu5q7C8h8+L/UVnS/ekHFn/WyQdKsWX/LSo9Yh+x3UlaGjw/uv9RXN/y+NZ7HP6lCfN4pJv8Aj0rV8SQ+T5YxVfyYPssf+trWnSOIx8f9MP1qTyvJixPVibyIay/FU0+m+HNQ1WBf3lrZyyV20jmq7B/ropDXN6nD50sldJo/kTaXHPB/q5ax9TtPJl+9XbS2PBe5z/gPTftl/wD6j/ltXsGm2X2S0rh/hXo0EPl+Qa7D4qTT6N8OLw6efKuLqH7NZ/8AXWX91XTSpfuTt9ocX8PNHg+JHjzVPibfQf8AEvtZvs2m/wDTXyq1J5p/GHjLEA/0e1/dw10E2jweA/hzb6TpVv5X+hxR/wDbX/lrUnhXTbHwfo0mq6r+7k8nzJqz9nY6KVMp6xo9hea9Z6VfT/u7WHzbz/rlXmfxh8Yar8cr+TwB4OnkttH/AOPbUtQtP3f2W1/1UsUX/TWX97F/1yqx4k8Sa5481m48OaHPJ5mqTf6ZND/y62v/ADyrtNH8KaV8PdBj0mxgj8yuapzVXyfZOml+6qnN+A/B8HhSWzsfDmlR21na/u4YojXYeMJp9euo7G+nqPTbKe8l+01Ym02+huvP/e/9dq6cNR9hRNZ/vfjPP/i14Jg8VeF7jw5fWP7uWvxr/wCCnf7B/wARoNXfxX4J0aW9ji83zolr95LyCx1O1/0iCvH/AIt/DHSvEkMkBgj8yuHGUakpe0ga4apVwlb2lM/mD1bwR8QdOnNne+GtRtvK/d4mtJau+Dfgl8S/iDqseh+FPBWpX1xKf9VDZ/8AtWv3r8VfsZ+Fdev/AN/odt7/ALmu8+DP7DfhXR7qOex0OOL/ALY1zQrTj0Pc/wBYMS9D4X/4JBf8E19V+Fkt18aPivo8cmvXH+haPD/yzsY/+Wv/AG1r9RNB8NweG9GjsYIKseG/B+h+G9Z/svSrGL7PpcPl+b/01/5a1Y1m7/5YW5rnxLvqeXVq1q9bnqGXD/pl15A/e12ngn4V/DKHRpPFXxGFtL5U0ureTN/0y/dWsX/f2KWWo/Ang0TRefPBXmfiTxtq3/CZfEzQ9JsZP7P0G8sLaab7Z/y1i0+1l/1X/bzL/wB/a8HMsW8Ng5T5T3OHaHt8wseP/tCeCP8Ahanxut/jFfWH+mWF5FJptpDD5f2WKL/pr5Xm/wDXX/rrWP8AEKbxVoN3J4r0uCWW3/1k3k/6r/nrUmv/ABahvNUuIID5X2WGuL1j9pz/AIRWKTyIfN/6ZV+WzeKxmJ9pI/Z4Sp4fDRgjm/2ovipOdL8H6T4Osft2uePIbXTvCunedFH9v1S6l+yxWvmy+VFF+9/5ay/6qvs7/gnf/wAE19f/AGPPgNc/EPxDrWi3fxU163xqvjiOL7THFF5ssvlW0ksXmw2scXl/8s4vNl8yWXMXlRRfD/hTw34P/a//AGxPA/hCbwN+78KeFbrXvDeizalLbW1/f/apYvK820illtPK82KXzf8Apl5UUsUtfrp+z38adT17wQ+heMF0DUru1h8v7R4eu5Y4pZfN8r/VS1+h5RDD0MN/08kcDrVZPnpx+E82+GfwT+JHg7XdTn1DxbcINSuYpNf1e/1HzJJf3v8ArYvN/dRf6z/trXb+JvB1/P8AaINPv70RyzS3N5Ebz97dRf5/55V6D4ktvCK2v9gR6pFZRxGX7VPFJLHFJ/y0l/z/ANMq85uviXaeNdB1Kb4EQv4hvdDl8v7NqDeVbS33/tWvSfs40f3nvHoYbH1a1T2sY2t5aFbwf49uNO0mSx8SauLqfR9Zjk0i+tHikfypIpf+eX/XOX/yHXpcnxd8I/ECxju9DvrOLV9MP+j7ZYpf3vmxRf6v/nl+9j/zFXyx42/aT0bwtrK6b8W/HemabY+IfDt1ZalcWtx9utrXVIppc+Z/rYopYvMjl+yyy/8ATKu1+AH7IPxovb7w54s1a/sfDby/ZZNYtPOlkupf3ssv+q/1Vp+68uLyv+uv/XKubLHi4Yv3PgOLNY0qv72Wh1fx58SeH/j5eeEvDlpoV6Ihq8V5qNmLLi1uov8ASovtMn/PLzYvK/6ayyxf9Na/N/X/ANsK7/Z1/wCClnijwp8XNMtLn4B+P9Sl07xLp8Xgi61HTJdL/s+L7NqEnlRS/wCkxf8AHrdf+RYv3UVfrN8Tvhlew2NwND8KyS291pv+ttIf+mX7r/v1Xx14/wD+CXnh74lfF7UND+MHg7Xx8IdU1q18aanoul6vFZSa94i8qGwltL6TzfN+w+TY2UvlRRxfvfM/e/vfJi9fFRo+09pVPEwWZYjCRlCl9og+GXxA/ZBS98T/AA2+GV5BBp2peGLrxFp+s+FdU0bXdI1OK18rzbC2j8q68qXzZPKitZIv9VFF5X7391Xy74e/an+Mnwz+JV34y+IXjTUPhf4K/wCEn+xW+t6h8BbrTtTv7TyvN/0e5utGltpZYsdI7WL/AFXm+VzX6Jfs6+CfDnwx+MnjT4qeI/h/Lbap4os7Wyhhhs4o4rDS7H91a2tt/wBMvK/9pf6qvZvjVovwn+Jnw3XSdW0O21K3tdSiP2S7h/eWssUv7qX/ALZS+V/qv9VXLSlR5OanI64Z1jKcpe1V+Y/mT8af8FXfgxqE+oapd/spXHiTVr+8+2f2p448Y+bbSXPm+aZZbW1tYfN/e+Z/y1719e/8EKP2x/iv+0L+1L4I+DPiG88C+FvCWlwaprlppPhyMXOq6rrktrLa/wBp3NzdTS3Pm+VLdS/63mK1ki8rypYq+1f2i/8Agml/wTs/aN/aDil/a5+BFjZLdWn/ABL/ABNonm2MmqS/8tYr65tfKliliP8Ay1l/1vm151+zR/wQv+HX7BX/AAVQ0L49/BO81q+8JWOhSX2g2pu/tJtZZIbu1ufMl6yfupY4oh/01k9K6qNfLZPmiv3h0YriTNa1D2VV/u/+AfOX/BafR/iZ8GbDwR+2VPJ4W1XxDd+J77wp8YPD39j2Mdquq2MUcUUv7qKK6IuYvNl8zzf9V9l6Vtf8E6v2/wD9j4eOrTUbe58XfBC4l8vz3sfE51nw9qZ/55XMc0fmw+blv+Wn7r/nrX2L/wAFEP2gte/YZ+FN/wDtI3nwvv8AxZ4F1LXtS8MfEDQtQ/022kii1C6trG/ljuv3Uv8AqorU/wDLX/VV+evxZ/ZL+AX7SnhrUv2wf+CM+saCZ4oJbn4gfCHVdDtb2bT+PN82xsbuKXyv+Wn7qL91/wAsov8AnlVwqVKc78tpH1/D+c/2hgFh8XJyhsrPWPa6elj9d/D/AMPf2Tfibbah8YP2YfHnguz8VT6dKGu9I1pZbG6lNvfw2kssf/LL95fS5P8A2z/eeVF5X42ftcf8EXv2/wD4V6Pc+J/D/wAKrrx9FZwxx6bd+BLyK+k+1ebF+98r/W/6rzf+WX+trP8A+CZMX7WWqWPjn9pbwd8a9R0iy8FaRqEGm2OkXH2O1uL/APsviSW2i/dSxRRSeb5Xlf63yq9Xn/4OCv2vP2bdc1vTPiP8RfDWuw2jW0mnWXiLwj5lzqMbzRRyiOSw+y4/cmQ5l6+Vj/lpw3VWJxEFU3HSjjMFRxMMJUU6enNzWv5any74U/4J/ePvgn8Sr698Q/CvxtZ33hyyivNX8Xa94J826tXkGJJIra6/dfaRJJ5IkEkohli82KXzP3tfQv8AwTk/agtfjX+0F8Yv+CY0FtdeF/Bvj/wzr3h/4d6HNciWXT/K0s2kURkl/wBZLLawxy8/8tbX/ptLXtfgv/g6V0Utp2nfFD4P+EtdGpWkck9p4VvJLaKDzBHmOX+0BFH/AMtI/wAjW+v/AAWd/wCCT/7TvjXwleeJ/wBlW28N+Mb/AF3ztI8TWsljbajbXUtzLa+d9ttf3sMmIs/vfK48o/8APKt8TSnKEry9D5itBVXCnyR9U1/wD4t/a7+IfxD0vRPDn7d/wokstFfw1c2OneMPC+lJJbRaZdWF/wD6LJ9mtfKltIvN8r97+6/e/wDLWOWXFfZ/wF+Kv7LP7dH7O8+oeMtI8G6FL4geLX/C1po8NrbXWk6p/rdYl/deb5UssVtJF5ssX73yfNl/exV4J4L/AGov+Cb/AIw8O+IfhR44/b/+NmneANWsfLt/B/iDxFdS2ssVzFL9qtf3Vh/zy/df63/lrXM/Dr9nD4n/AA0/bz0H4E/sS+KtT8Y/CzSvij4S8V3/AMQVupJLm20K6mEX9n3V1/qrqLEUv+qzFxL6yxjz8PgqboxjH4jHN8THCU/e+FbPt87lT/gtn8UfE/w+1O41e2+KFxbeJ9d1jRtF8O2Gnfuo7XRtH0+X7fLF+982K2l1S+li/wCWv/IL/wBb+6rY/Y/+Ek+p/BHw+Z/3lxYWcUc3nf63zZf9bXyH/wAFTdLvfF//AAU78YeDLS+upbG11yKGytJ5v+QfFL/pVzaj/nl5V1c3X/bXzK+8P2IfHkHhvS49D1wxSxy/u/Or0o0KFKUdNT8k4gxVWtTSg7neWXw8n0fy5/s9fQHwk1j7Z4Nj/wCelr+7mrY0f4V6H4w8OR6r9o8uSKH/AJZVseD/AIV33gmK4+3WMkUd1/qbuavRlhuaifH0Jts6zwHrH2O/t5/+fqH/ANFV6xpupQala/8APSvD9Hs59N0uT/pwvP8AyFLXqngLUvOtY/tC1z4al7M9WnU/cljXtHnmiknMFU9Bn/5d/IrrDDBeReR/yzrl9Y0y40a/8/P7v/ltSqYb2db2gjL8azf2bYefP/2xqvoKm80vyJz+8rY1jRx4kis54J/9Him82ao7yzg0f9x58Ucf/Xaj2f7znM/aMx5oTBLyKr69Zf8AEmuPtEHmRy2ctbE39lTfv576L/tlWX4r8/8AsG88ifzZJYa9KhS0POxNT3Dl/hheT/8ACOW9hP8A8sofLq5qdv50tV9Osxpv7iD/AFdaM3+p/Ct6FP8AdnmTN/4b6D5Mvn+RUfj3OvfEHQ/B3/LOw/4mN5F/5Ci/8i1X1L42fD7wHFJBfar+8i/5dLSzlkllrg/hV8SfFXirxP4g8f8AiPw1c6RJf3kX2OGaz8yWKwii/dRf+jf+/tdtWdJfu6ZrhqdT/l4esalNBeX8d9qo/wBHsIf3MM1cP4km8R/FS7+w2M8tl4ftZv313/y1uv8ArlWf/wANdfshWcVxpXiP406TbXHneXeQ65N9ml83/rlLWheftjfsd6afs8/7QngmKOL/AKmS1/8AjtclT2P856VKnVOo8B+A9K8N2vnwWPlyVHqVnPrGq+QP9X/y2rzvUv8AgoR+xbD/AKCf2k/CX/bpqXmf+iqx/wDh5D+x1aSyfYfipFcx/wDTppt1L/7SrmlVw8fimdvs2e6QwwWcUcFaEP2GaKOvnvTf+CkH7L2vah9h0rxVfXNxL/qYYdBuvNrsNB/au8HalF5//CK+II4/9X50ugyxf+jfKrWnicO1pI10pHpH2ODzZP8AVxVxfirR/wDifRwf89f3dc3rH7QniPUrqT/hHPA975f/AD2u5vLrHvfjl44s4o5/+EPtpZP+mMMstc1TGQqe6Vz0j0TR/hvBDdeffQebJWp4m1KDwF4cuL638v7R/q4a8z0f9pD4jXl/9hn+Duryf8tPOimio/4WRP8AFrxb9vg0O5stP0b/AF32ub/l6/5a15tScJfCTZfGdBo+mz6bo3nzn/SLr95NUmg6PP4k1SPj/R4v9dUlnDf+MJfsOleZ9n/5bS13mj6BY+FdL6Vzey9qa0ySGa30aL/ll5cVflB+3p/wUqf9mv8AaV+OnwYXQ/8ATL82F7o83/TKXT9Kil83/wBG1+n/AIk1791cZr8Z/wDgtb8EPAunftPaB8afiLfXNjoXi2z/ALOvNW06D7TLa3Vt/wA9Y/8Apray/wDkr/0y8qliMLhsTS9lUPXybFKhjYzOo+DPxn/t74aaP8TZ7H7NHrP7uaKX/plL5Uv/AJFiqx4b0G+1Lx5qEH/HzHF+8s/+Wn7qvABrnxN8X/CDwx8PPhH4PuLfStD06LTv7VuvsvlXMsX7qW6/56/vZfNl/wC2tfXf7Gfwx1XwT8E/EHxi+Kl7/a2oRaP/AGdoOnQw/wDH1qksvlWtrbf9NZZZYv3v/PKKWvlsXk1KCfJofYrPPaSlT+0XP2Yvj94c+G/jK48OeKvsMUd/qX2Kzu4tN/5axRSyxReb/wAtZfK+3Sy/8sovtUUX+tr1zV/Hn7VGu+PfGmt/DnxXY6B4fl+wajZ6t4m1K1tvNluvK826i821ll8r/lr/ANNZf+2teZ6b4bg+DP7XMdjfeHNN8Sax4X8Hy22m3eozf8Sewupf3t1dRfuv9Llll8qLzYv+eUv72X/ll8r/ABU/an1X9oL4jXh8Wa5FLeRXl1JDqFpD+6sIv+mX+f8A0VXFi1Up04Ol2PUyn20cRzSlofr58Df2xfA3iXxRJ4a1bxjpssl/NLbabrcWvWEvmyxeb/y6xS/aovN8r/W/Zf8AllWzrbX934vt/BfhzxHqXhLQYoZbi81Hw9DFJ9vupf3Ukv72L91/y1/df9Nf+mUVfkV8MYtL+HPjbT/EXhzWhFJLNFJ5V3N+6/5a/vYpf+/UXlV+hnwH/wCCjWh/CXzPJseP+W135Pmxf/av+/teRSxuLVeMamx72LVXCz5qT92X2Sf/AIKU/D3VPhn8OLXxn8L/AISXen6X4Q0j7DomrWviWX7DbWNzdfZZbqSL/nrF9p82WX/W/wDTXza7j9in9t7403Gn6t4z/as+Jvg7SbfVVtz4d020misktYv3vm/9NZf+XaL/AFlYnx7/AGgdb/b48BWv7Ifwy02wt9P+INnf6V4o12aX7TLoP2q0u7qxlkj8r/VS3Ntj8Yq/Ib4o/EG3sP2cfCGoSfEey1HWNG1e/s5rK1vObUeb5cv/AGy8z/2lX1dHEVo0f3J9ZwrhMqznA1aWNdpL5u3kfuH8Rf8Agp18HfCsl1LqH7VHh/QpDDLkXPm3vlf9cooq+c/iT/wVU8Cy6Vb3el/tkS+K5P3sl0IdBisov9bL/wAsvK82L/trX4ieKf2itcnmkgsNMgEn/Lb7VN/36rCk1r4q65B/bmo69Y6bb/8APVm8ulWyzMcfStOXL8zX2XBuU1OVSc5eiP3a+AX7cfxA1yX7TceKf+Et8HyzfYv7Qm8qSWwv/K8397LF/wA9YvN/1v8A0yr2jQfjxqvje1jsdKgi/ezfaZoof3kssX+Yq/nw/Zk/b98cfs9WPiTwxqWnQ6hZ6xNYXJ82Ly5Yrq1l/deVJ/yy/dSy1+o/7EXxrv8AxPoXhPxF4zvpItPv/wDkJfuZY5ZbC6/5ev8AwFlil/7a1xLLcdlk/fd13Pms1eXY+pfDQ5T7A+IWpar4q8Bx2+reZfSRQ+X5003/AB9ReV/6Ni/1VR/sx/tCeONN8eaH8Mtc1W5lt/7SisoYZf8AnlLL5XlV2Gvan4A0i0j8G674j0iXUJdHtZJvJhlliil8r91FF5ssv/LKKL/v7XLfAvQvA2uftAeF/GTtHFZtdyyGGWeLzftVrF5sUUsX/XWKL/v1XNRw1aGYqpGfU8DHVaSwXs5xF/at8FeO/wBoLwv8Uv2edJ8b+JNE/tIxapZf2ILC2uYvtPlX8sX2mISy/wCtkli/1v8Ayyr4db/gkde/Db4v2fjP9nH473vgbxpKss8HiG58uyiEoEQkikjll8qXzJfMlki9h5UVfsT9hsJfi/efE2wgk8u6+y6VNDNN/wBMopYpf/IvlVQ+JHjb9mX4S2txP4x8R+G9Nkurz99LqOpRRfvf+eVe9jKeN+se0hOyKyPGVsHS9lSipc/lc+cvE37K2lfFH4Rap8L76/0nwn8QPGfhyUavrfw7n/tKxu7qO1iikupI5Yov+enlfvYv9V5X72Xyv3X5j/8ABX3/AII5an+yN8IPCHxUS68WfEO3HiSaPxDa6LZbJLWxktbWWWH7T5UvlfvfN8r91/qvNl/6ZV9bftRftz/FH4q/E3wp4h/Zd+Cd9penaL4nntNM+JOty/YtM1K2kjzcGKT/AJ5SxjI/6419AfBD/gpr+z/4X8P+C/gN4+/ag0Tx5qdx4Vj/AOEm1K/W1l8iX/RYt1zFDF/11rswNaTqc018z28wybNsFgVWpTup6yj6d/l0P5pfiV4UkkiPirw3pd9L4W0uxBH9qWkckliZJT5VrJJF+6ll/CLzfKll8oV6l+yj4A0mz1vwpqep6ZGEttd/tHU7yY/ZvKtbGL7Vdf6V/wBMovK8ryv+Wv8A018qv29/4KOf8ENfD37V/gbVLv4M+LNJ8LaxdXkWo/8AEth/4ll/L/yzl8r/AJ6/9NYq/KD9ojwL+0v+xf4A0P8AZo8efszeDJ7s6dc6Dpvi221K/P26K5v4r65l/e3UUfmSSxRRSyyxf6r91+6r061R1aPJsz4ynW9tK60OP/aw8Xa58f8ASY/FfiPx5qWp+bd/aPDdnd3n2mXS7CLzYv3v+t8qWWX/AJZf/aq+jf8Aggh8fPC9/wDGzxZ4E8U2ay3eleCbPVv7cu72X91/Zkv9mRfuv9V5vlan5UUv+tiii8r/AJay18w/Fr4l+MPFWjXDeKPGvg/W/Hmvah9o1Lw9b6xr2t30v/PKKW582W1u5f8AWeVF5sssXm/63/llF7Z/wR9+FPiP4FfA/wCOX7S3xI8N3lnqF1ZWOg6QbqAxSj/iYxfbv3Z/6a+VH/11jq8LS+q0OabPIz3EKpg/ZNjv2ovDnw58YftD+OPjvYzy6lrmqeJL/wAmX97+9/e+VFL/AJ/5617B+yv4D8RQ2sd9qsEkUf8Ayx86qfw9+GNjr0tnqt9Yeb/y0r6M8B+G4ITHBBBXNTd5XmfCTqacp7B+zH8Qj4Vl/wCEc1U/6PLN/ofnf8spf+eVfRGm+PfDn2+T+1fLkt5Zv33/AC1r578B+G9Khv4xPB+7/wCW1fQGkWdjr2lx+HNcgj8zyf8AQ5vJ/wBbF/8AHa+wyuUKuH5GeTiP3VU2NS+EtjrEMmq+DvK/ew/vrT/nrWXpum3Hhu6+wQQebH/6Krl7TXtc+FWvf2Vrk9z/AGXL/qbuL/VRf9da1PipqXxG034fXGq/DIfbpIpvtMMXk+Z/11irPG4f2VP2kIGuHq0TtNH17+7Vy8m+2RdK4v4b+KtD+KnhePxj4OvpfMim8vUtPl/1trdV2EMw8ryJ4K4cNP2u50YnY5e7m86WT7dB+7/6ZVlzeG4YZfPg82X/AK7V0mrwwQy8/wCrqnMf4oIaPqzOc5+zhsYdU/1H7z/njLXQXkP+gZmgjlrHvP8AQ7/z66Cb/TLD/tjXdhtjhxJwcP72rH/Tv+lHlf6yD/ptRDD5P/LCrOUy7zQoPNknngi/df8ALWpPB8ImuuYK1PEmZrXyIDVj4e2cHm12HV7LkMPxv8K/B3ja1ksfEnhy2uf+usNeX6l+w38JNTuvPbwrbRf9udfQn2P/AEqT/nnVPUryxs/3EE9efiKNKU+Zo2pyn7PlPm+f9gr4Ow+Z9n8N23/fmq837Dfw4MXkQaV+7r6Ihhn1KWOxsYP3ldp4P+FcE0vn65+6ji/11czwFCp8SN6Xtjw/4DfsKfCTwTLH4jsfCtt9s/5+5oa9sh+G+h6ba+R5H/kGuD+PHxgvrPxRp/wz+GR8r99++mhr1TR7yxg0G3g1W9lkkihrWjQwsPdidXsP5zm5vB+hw/uPsP8A5Brn/G1noehWEk4t/wDVV1mpaxBNLIYK5O8+G/jH4tX8mlaV/o1v5P8Ax9y/6qKnUUPggiro8v8AEvjDxJNpf/CK/D6D/ieap/qZfJ8z7Ba/8/Uv+f3tdx8MfgDPZaDZ6Vqvm22lxfvJoZZv9Jupf+Wvmy16h8Mfg/4O8B20ljYWP+j2H/H5d3f726urr/nrLL/y1qx4k16DUtU+w2PlRRxfu/8AXVwTpxj8ZtTpkem2ek6Da+RYQRxx1h+JLycRSeRWxN5H2XyDP5klY+sWcH2WsqluhucPrE037wk18h/8FDfhl4H+I/w5kg+I3h2PUbPS7yLUYbSX/nrF/wA8v/IsX/bWvszXpoLO0/1FfOf7VGjwa94cvIK8/F7nO17OZ+V/xC/au+Ffgnx5p/hvwdpUmiaPdfu/Ni0f915v/PWX97/7Sr74vv2kPA/wW/4J+eE/idp/io/2pa6RdalDpMLS2st/danpV/Faxf8AXXytX/5ZReb/AKBF5XlV+Tf7Qvwk1fWvE+l+DtOX/iYS6lFp0MP/AE1luvKi/wDRsVfQP/BTfxvrur67qHwztJLGMeGdSl17TYobyX91YfZYrCL/AMi+bLUVaMK1KET6rL6ftHCRw3j79pD4m/E/4oap4q1vxxdabJqn2qS88PeHppbbTNL82Lyvstjbf6qKLyv3VanhD4b+L/hLpcfiqw/4mWoRQ/6Zp9pD/wA9f+eVfMfhXxV/wjfiO3t76CSO8tbzy7z99XceJP2ltVh8JR6Sb65kt/O8zyYq8XFYCtOrGnE+9wtWiqMmdpq/xan1LWbjSr7VZf7Huof9M06GHyovNl/5ZRf88v8AlrVj4e/tu+Pvg1q1vBreuyyJazy20OrRfuvNii/deV5X/wAd/wCev/TKuQ1L41fCn4iaZodk3hS9stVtYZZNY1qXUov9Pl/5ZReVF5XlReV5X73/AFsXlf8Af3mPEnhS61bVY9MeytrawiEQ+1wnzPtXlReVF5X73/0V/wAta7o5Xg/Z+zrIiGNrSPqD4Wf8FcfEdz4+034faH8PF0y01K7ijlvIp/LujdSxxQ+b/qv3P7qOKKLy/wDVeVFWz4+/4J2+MvHfwv0D4daT4qtbLxFD4p8zw5q13pvlaZrEWp3dpa/6T5Pmy2EsV1cxeV5vmxSxH/Wxf6qvjL4m+KtZ8BXHh+HRfMjsPsctzZfvv9bF5vlf+jYpK+4v2aP+CntvB4c0/XL7xH+8imtf7e0O78ryr/7LLFLFFLF/y1i/0aL/AO1VdTDvBOEsPT9zqZ0a9ajK0GfHX7ZH7F/7T/7FXxQfwh+0b8Ov7Lluh5lpd2zxS2N/H/07SWn7sdv3X7qWLzY/NiirzO3+KV00wm1fwzp16N3zGSS66f8APIeVMPKi/wCuWK/Y34+/8FVv2dP2ovh1cfCT4t/CS9k0+60eLSptRu7OW5/0X91/zy/65Rf9+vNr5VsP+Cf37MniHRPE103iqKfR9Yi0u58N6rFefab7R7r/AE/zYfK8rzfKl8r/AFXlS/6qvRp5lg2v3hySw+Mq1rxPn39lL4N/Ev8AbE+IL+B/2c/gZoB8SaZpsurWstrbX16ZPKzxIl1LNbY8yWKLzZYhFkx/vIup/Wj9lL/gmB+2x4b8FW+leP8AXdNufGGqQ+X/AGf50sljpcv/AE1uYovKl8r/AJ5Rf9/a+jP+CNn/AATs+BP7BnwEj1RbfTtf8SapALzxJ4xhtP8Aj/il/e20Uef+WXleUYv+/v8Ay1r6p139ojw9pkaWOoXItrZp/s+n21lD5Utt/rfK8uuTHVaNd6/Cerl+BzKfwnyd+1R+zdrvw9/aH+G+ueAIPFHiT+1Ly103XtEm1LyvN0u1tfKlll/1UUX/ACy/dRf8tZf+eXm1yGseNLz4f/t1+D/2efA+tXN7e+KNY1TWrO2mmi/4kOgxafLL9qli/wBb+9uoovK/5ZfuvK/5a16B8XfCX7aHxE+Itj8YbPTvA95Naab9ns9L1bw75d8LWWXzZf8ASYpf9b/36r5a+CfgSy/Z7/a5/tXxzpWpReOLrUr+3s/7QvJbm+1m1vrSWKKL7Td/62K1ltov+Wv+qlir57GV8NQd0e3iOG5vB80qic+x+oFp8TdD8IaVZ/8AC2oNNtY9Uh8yaOGb7TbSxeV/qv8Apr/qq8/8a/sffsofFPxb/wAJ/f8Aw50DUpPtktx5V3D+6/66+V/zy/6Zf6qvI/jn9u1jWfD/AIj1axkjkis/LvLv91L5sX/PKuo8N/Hixspo4J55Y4/+WP8A0yrxqGd1XVkqnwGFPLJYXDxnTlaRxn/BQX9nf4+/tY+AtL/Ze1n4TxaJ4Xv9esDa+IvB2pSyS20UUv8Azy+yxRRRSReX/rf9VXz98Cf+CZfiH9gv4ujw/wDE/wCG9/rOjaN4qi1HwL8UvDumxX10YvN/e6Xqdj/z4yxf8tZf3VrL+982vuTXv2rvsegyaUJ/Nt/J/wBb/wA8v3VfM/7S37b0/wAM9LvLzx94vjttLm/5a6hN/wC1a63m1WdVRovmNHmeLp4R05P3f61P0O8H/Hb4Aa7LZ+ANEcWQi/0bTBNB5UQ6fuov+2Wf+/deJ/8ABRH4a/sc/F/4NN4C+NOkWN9NNeWkVit2Jbb7Tdeb+78qX/llL/rf9V+9r8xfg1+1P8KrnUtP+Jfxe1y5tvEEvxCiufCt3/bH2m2i8JS6f5v2ryvN/wBE/wBbFLL5vlf8svK/1UtfYH7b/jb4t/HL9m7yP2WL62ufGHiPw35ug6j9s8vypZdPil82KX/llL/pMvlS19XltariZ+zrH5rjZRVRTpv7R+Ovxc+AOl/Af4567Y/CH4mm9j0HV5bbV7C0vPLvorD/AJaxS+V+6/8ARX+ql/dRV9teMBpXgP8AZVuPhHpVh/x/zWFt+6/dRfutQill/wDRVfj54K+IPxQj+MMNzquu6lc6tqmrRRa42oXUskt/5kv7zzRL+8lzX6f6l8Q5/El/oehznzftWsWv/o2ox+HxGGrK8uaJ52e4iE4wSXvHvHwr8KwWeg2/n2P7zyf+eNeqeFdN+x/6QIK5/wAE6Z51rb5h/d+TXoGjWn+rt81vS2PmqtM2NHmnhlj8mvTNB8VTzWscE99cxXEX7yGaH/llXF6DppPl/wCtrsLPTYPk/cV9Bgfbf8uzhqnWQ+PPDfiqwk0rxjpXmSf6vzoYf3UtHw91Kw8H6z/YcGqxXOl3X+pim/5ZVzesWU0Mcf2eCSOq/wDwkcGpRf2Tqv7uT/ljLXr0sT0qHL9XZ2Hjb9nXVYfGcfxp+C3iqXw/4g8ny9StPJ8yx1mL/nlcxf8AtWug0HxjPr0FvofjHw7/AMI/rn73ztOmm8zzf+uUv/LWKus+GPiSDxV4XjvYP+WX7uaH/nlLUnirQfDnjCwk0PxHpHmR+d5kM3/LWKX/AJ6xS/8ALKWrqYKjz+0pm1P+Acvr2jz+V+/rD8n/AFkE9dBrGu3+g/Z9D8VXHmSSzeXZ6h5P/H1/11/6a1lzaaIZetc9SkZmHqVnMIv+PermgzfbLDgVJqX/AB6fhVfwrN53mQUUqX705ahh6l+5v7iCiGHzf+eVGsfudeuIIP8AWfuqseT5UUcFWcpJ9ihnl/fwf9+qPJg0eXz4PMrch0eCo7zTYJvM/cV31KZ3+zOXvPEl9eSyW8FSaN4P1bWJY577zI466jR/DdjN+/8AIroDNBpsX2jMUdcXsPt1DpS6FPQPCulaDH588H7ysv4h/E6eHS5ND8Of8fH/AC2mh/5ZVT8YeJJ9Sl/srSp/9b+7os/DcGm2v7+D95LWVRqr7kDSn+6Ob+G/wrH2/wDtzVbfzZJa7jWBY2dr+/g/d1chvINMsOlWPB/w9vvG2qR6r4k/484v9TDQqSXuROgr/Df4eT+MLqOe+g8vT/8A0bXUfFr4keFfhLoMfhXwrDF/al1+7h8r/W1Y+KnxU8OfBnw3+4Ef2yX93Z2n/PWvF/Aeg6r4k16Tx94x/e3Ev/LGX/llWWImoe7D4jX4TtPDdlrmpaN9o1Wf7NZxf8sf+estZdlDPr2qSWPhWfy7eL/Xah/z1l/6ZV0GpaZqupaN9ng/dxy/+Qq2IdHsfCujW+lWMHlf89q4vYOtI6af8E871LwT4yh6a55n/XWs+8m8f6PF/p2h/aY69Imhg/eVHeQ2MEUfnz+V5tc0sF/LMo8P17WPtkvn3vmRf9da83+MOj/2lotx9n/efua+kPGEOhzD7OLGPy64PxJ8HrHU7CT+w76S2kl/5Y+d5kVebUpVX8QqlDnPxz/bM+GXg74b+JfD/wAe8S22t+HNStb37Jj/AEbVPst1FL5Usf8Az1/1vlV8u/Fz4+aP8VPi54z+KXibwNbalbS2cWjWU1pd3X+geV5UUUvl+b+982Lzf9b/AMtZf+2Vftd42/4Jr6B8efF2n2fxWvm/4RfS9Yi1HU4YJpYpb/yv3sVrFLF/qv3vl/vf/wB7FsfET/glT+xPPrOjz+AP2SvC9tH/AGxFcal/ZOg/63/rr/0y/e124Kg3SvM9HBYxYfQ/nR0zxFZJ4WOpG/SO8tZooorCX/l6tZf/AI1+6pp8R6H4jsfsBMVt5v7yabyf/IVeqf8ABT39mbRv2cP2uvGPg74e+G7rTfCh1L7Z4bjmEhiFrL1iikPWOKXzYv8AtlXz3Dqeq28XkCytpI4v+etnFXV7CjV9+B9BhsWrbnaeG/DWlXl/5F7q/lR/89a7Cb4J63r2lx6r4P8AG8d7+5i8nT4ZpfNlryjRdY1kkWEcFuB537oyjy//ACJXsXwO+JHwz+EtjqGq+I/iBq+p39zo8tlptt4f0HzLa3BlyPNkupraQH/rlH/y1/1vWKuWeEqRfOpHRLGtE3g2L4e6b4D1Twr8WvhXJe6hfwf8SHxDLqX2KXS/9b/yy/5bReb/AM9f+eXlfuq5bUPh7pGmXTnSvGumSWVu8kkk0U3mYj8r90fL/wCesv8Anyoqk8bfEcfELUJNcOl6lH5s3/Pn+6/65VyFnq3j3TLqSw8Pw31tH/y2xpvl/wDf2qpRqtNMqnjqbPo/4I/tBa34bijsNF+Gket+V/z96l5cVe6fs46L8ff2w/jjqfh3wP4A8H/DzTPDuhRXHjDxfrcUscel2skv/H1HF/y1upfNk8qL/v7/AM9a+Q/AfjXVfDWg6hrn/CfatqV550UcOn2ln5UXm/8ATWX/AJZf+1a0PGH7TMes3FvaXEv224tZpfJ/s+H/AJZfva8t5clW5uTmOyjmFVP4j99NC/ap8K+CfhfH8Mr74x6JfahawxR2f9k6b9miitYv9VF+9ll82WvL/iT+3p8Kvhw0vi+z8cfadQ0v95eeT/pNzFL5v+tr8Or/AONXj/xJpsl1JfSy2Es3l+bqGof88oov3X/kWu2i+Nc+u/D+3g0qC202/tZoraaLT4fL83/P73zf+2VeZj8txe59PhuIaeHhyR96/wAj9Kfit/wVgHjZbe/h034veZny/NtJrDRLbzf+/Ussv7r/AKZf9MqozfFrxR5vgTx/5Fzq2n395Leza3q3jaXVr7S5ZZbWL97F9ltYoov3XlfuvN/5ZebXwX4P8VeIpviDbz659puZIpvL+yed5n/tX/W1H8Uv2wPFHhvVNcgisoh9q02K202KH/VRSxf63/2r/wB/a4f7KqYt2OGpntfET5PhP2s8VfHLQ7zwbHBqs8UUksNeJ6l8Z4LzXf8AQJv9H86vkD9mH9s3xZ+0X4Gj0G4vv+JpYQ+ZNaTTf9MvKlliro9T8YWPgnWbi/vtc+0+VN+58mvka+W18PjJUGetTxVL6tzSmfdmm/ELw3o/gi48Y65fSf6LD5nkw/62WvgX9pH9qH4JftO+OrPxL+1h4W1LQ/hboN5N/wAI3olpZ3X27xvdRS/8srnyvKtLX91+9l83/wC1eWftEftieOfip4D8T+H/AIa+IorbR9Cs4o/Ed1FN/pUvmy+V5Vt/7Vlr5E/4QOeeX7fBffu/9Z/pcP72vtckyaOEh7aroz5HNcyVX91TPtj4u/APU/hH8PNW+MMtg+kxf8K/1jUZLCOYSRaNJqZisLG1jjjOBJ9lvrH92ZbnyYb+L/lrFXvH/BIH9uf/AISf4H6X8KNdvvtOqeDoZdOi/wCev2X7L/ov/wAa/wC3WvgOP9tiGL4TWvwH8T+HbzV/DsOlRW+sQpqIjf7VFLdeVLHIYpQfKtbmWKLPHm/vf+WUVXf2adK8O+GPhlrfxTufHUFgj3d/Y+HInEvmtdfZo4/Ol8niLyopYpP3kuPNAr6inh3So3e58z7J6m18UPhTYfEj/gpR4q1rwBPc33hef4nancw61LP9p+3yxS/arr95/wAtv3v/AKNjr6N0G8n/AOF0+C9D/wCeuvRf+Qv3tVP2bW+D2l/CjT/D/gCO1uLzRPB9qby6E0Ukn2rU/Kll8yT/AJ6+VYxf9cvtXlf89at/BGzPiT9sPwXYg+b9l+1Xv/krLF/7VirysbWniavs4njY6rev7OR+ingnRv8AQI8wf+Qa7TTLPzv9fBUfgnQG/suPiughs/J/cVvRukeWSabA0Pl4rtNHm861+z+R/wCQaw7PTfOij8jzK2NN02fyo/Pnlr6PA+1Rz1NzU8kzRSCeDpXP+JPCvnf8sP3ldJD+5/cHyquefYzdK9P2ftTMy/gR8Qh8PPFseleIx5Wn6pN5c3/TKX/llLX0Br3hvzv9OshXzP4w0GC8/fwV6B8B/wBoSfR7W38AfE2eKLyv3em6tdzfupf+mUtOnV9j+7qB/EOs8SaPpXiTRpPCviOD93L/AOQq5PRry+s7+48A+I/K/tS1h8yGb/n/ALX/AJ6/+0pf/ttewax4a0PxBF58E/lSV5X8VPhjP4w0aPSrfXJNN1jS5vtOg63afvJbWX/2rFL/AKqWL/lrFXbUpqstDmqUyve6b50UkOKy9H02ez1T9xWH8N/jZ/b3iO8+EnxN0qLw/wCONL/eTaT53mxX9r/0ELGX/lra/wDkWL/lrXYWZaG/8/NZ0kcVW9JHJ+JIf+Ktjg/56w1Yn7VJ4lgEvjyTH/LKz/79fvap6xqWlabayTzzx+XFD5k0s037qsvZ/vjh9pI7CaznMv7gVH/Zs/lZngkrxvwf488Y6bLHb/8ACR/9sbuGvTNB+IUF3F/xNp5IpP8Apj/qqzp432p9J7L2R1Es39jaf+/grj9Y16fUpZIIK1Lyzg1maSc6r5sdamj+CdJh/wBfPH5n/XalUdSqaGX4V8Nwf6+eCtS802fUtUjsYIK6jTdNsdNtf3Hl/wCp/wCW1YevePND8E/aPI/0m8/54xU4wo0oXqGn/Lk2NH8H2Pmxz63P/wBcK0PG3xa8H/D7QbieCbzZLX/llF/z1rzvTZvFXiqK48VeKb+XTdP/AOeUP7qWsfUdNg8SX/8AqIrbT7Wb9zaVlLEL/l2Z09zH8N6P4k+MHi2Tx/4xPlR/8ucP/PKKvTPDWj/2jf8A2Cxg/wBHirLhlAtY9D0mD/W/66u40f7F4V0GSf8A55Q1zRh9pndT94j16awhu7Pw3BBH+6/ezVl/Ejxtofg+w+2337yTyfMhirHh1jVdX1SSfSoPMuLr/U/9Mq3NB+HljaS/btcWKW4/57VzOdb2f7s6Vf4DyPUviF8W/El19u0rwrc/Z6ks/wDhdWvf6/4f30cn/XaKveIbOCH9xb+ZUl5PBD/r5/Kj/wCeUNcn1KtfWZqeV+Ffh74/1KX/AIqOxisY/wDrt5stdZeeFfCng/RpNV1Wx82Tyf8AlrWpqXirSoeIL6SL/rl+9rP0eyt/Eni2PVdcvvNt7X95DDLN/ra6/Z0o/u0Hs0Yem+FYIbCTxX4yt/s1v/y56d/01l/1Xm1Hpuszw6pJrkH7vzYf3P8A36rrPif4D1zx5FZ/2GPM0+L/AF3/ACy/e1oWNn4Vs7CPSr6Dyv8AlnNdxf8ALX/rrXbSiox9mKnSp+05z87/APgp9+zTofxO/Z4vLHVbHzbewvIpZovO/wCXWWX/AFv/AGyllr8y9d/4JXaHNFGYL6TzJf8Anj/yyr9/Pjl8GtK1+wjsdsWpaPfabdW2pTf9Mv8AVeVL/wBdYpa8T8E/si+G/h6I/DviP/ibapaw+X5t3/0y/wCmVcUMP7GqcuKq4unP9wj8N/En/BKP4qab/p2hwfabP/v1LXJ6l+yv8R/hv+4n8D+ZHF/z2r+jCy+BvhyaL7DY6H5vm/8ALGGHzK8b+P37N/wrs4pLfVp9NtryX/l0mmiilroq0YmMcZjJr94fg+Lyez1SPStV8HXttJ5P/LGHzf8A41XE3nxd+EOraJ4ittTtbyGSPTAdDK8SXN0QOPLj/wBVGOh/eY8od5Oa/Tb9pz/gnXof27T/AIxHxxpttZ6D5urTaTFeRebrMVrF5strF/2yir8eLPw1camiWl14g0+0gVv3DXM/l+ZJJ0/9Fj95/qhjmQcVzwp+57x7WV03UXtJlC11LXf7Gv7aPUrr7Jd3cUl5bxS/u3l/e+X5nb1/Osorqsq/YcyY/wCeVd54D0XwRc3XkeKfFUdlHF/yyr0e00H4S2drJe6Lrmm/aIvWaKlLEOnPlse17VHz7fW93p8vk3cJjkz5mK9m/Zy07xn4utYPBOiaVJcxmW6vfJh7eVD/AK3/AD/rf9V/y1rzzxnoN/L4ollvb628ua7/AOPvzv3Ve1/DPwnq3hXV9D8e+CfFsOgXWmW2bS+ik+03N0PK/wBbL/yy8ryo/K8r/wBG1OJqUvY+8dFHmOw+DHhXxHN4yjn0Ox8y487/AEP/AFX73975UX+t/wBV5vm1h/FL4KX8trJ4k1TSrn+z4v8AUzS/8tf+WX/bKuo8Ew+HNH1n+1dK+Ksum3EU0Uln+58rzZYv3sX+q/1X72KKuY+MH7R11eQR6LrniKPUha+VHDaWn+qi8r91F+6/1X/LOvBpSqOtaCOrSH7w4DwZ8YfE/gL4pWdroL21miXccUoks4vnjkIikz65/wA9PMrT+L37QXxa8c6Jb2Oq6/8AZrO683yfskPl+b5X/TWvNr3wT4x16zuPH9jolz/Z8U3lzaj5P/LWvTP2hPgdq/we+EHwu8ZXmv3N1H4n0A3sNpL/AMshJFay/u//AAJjr1PqeDqSjU5ffOOpia55h4UgubGK81Rrry/Kh8uH9z/z1rb0z4g3BuPP1X/URfvJpf8AlrLWHDNfeJIrfQ9DsZP9d/qYa9s+DP7HOueKpY9V8VWMv2f/AJ4xVdX2d/ePNr4qlS+M8Rl8O3euxR3eieGrnzLmaX7v7yOvaPgF8Kv20W0I+Bfhz4r8UeG9Aub37Re20eoS2sPmSYill8sHmXy4098Ac19jfBn9lCx02W3uIND8qOL/AFP7mvojwd8N7LQbWOAWNQ8TOSPHrZxKmv3Z8qfAv4Aab8C/B1xolrdSyy3U0Ul3LL/y1lr2v/gm/wDDf/hPP2kfGHji4Hm2/hzR4tOhl8n/AJa3Uvm/+iratT9qn+w/hv4DuPEU/wC7/wCWfk+T/wAta9s/4JC/Cu+0D9mmz8ca5Y+XqHjLUpdemml/55S/8ev/AJKxRf8Af2uGlhnKrOoeTRrSxFXnZ9WeG9NghsPI8j/yDVieH/phW5Z2f2OL/UVXvIYPtX+orX2bO32YaDZ/bPLsftEfmV2Flpk4sPIng82uLhnm0e+jvoa9E0fXrHUtLj8i4ir3ctq39yZxYmkU5tH86L9/BUlx4VzF/r+laE15BNF/r4qjH9lAf6dfeZ/0xr2VKgcxj3mgzQ/uMebJ/wA8q5vXvBOq6lL+4gi/65Zr0yG8sYYo4Leej+2IJv3HkVlUw/tg5zl/Afir4m/D0R6V9vi1LT4v3f2TUP8All/1ylrqNS+P/hXyvI8ceDtWsf8Ap7tNN+3Rf+Qv3v8A5Co8m383/SIP+uNSTabY+V/o9bUoulSOWoeR/GyH9jr9q7S7f4c658W7ax8QaXqUWpeG9c0nXv7N1zRrqL/lrbf8tf8A2lXUfDeH4jeG/C8lj8R/Eem+KLzS/wB3/bmh2flS3/8A01lsf3vlS/8AXLzYqp/E79nrwP8AFWX/AIqPw5pt7JF/qZruz/exf9cpa8ztPgn4q+GHinyPAHxO1LTdQlh/cw3f+k2t/FFXRTo1X8Zx1atP2fKZ/wAYPG/7UPiTWdQsfgt+z1JYxy3kXneLPG+pfZrWX91/y7WMX+lS/wDLX/W+VXm97+w54/8AjDf2+uftUfHDxB4tt7WbzYfCen/8SjR4v+3aL97L/wBtZa90s/i1458E3ck/xb8Kxy2f/Qw6T+9ii/66xf62Ku80fxt4c8V2tvf2AtpLeX/UywzebFWiwlP2pyc0o/Ac/rHwqvpz+4sarw+CPHGm/uILGTy69Uh16xmmzYzxSVYm8jyv399HFJ/02mrzZ0KJ9FCVeZ5fDoXiqzi882McX/TWaarlnD4/1K7/AOQrHHb/APTGGtTxh8SPhJ4Pl8jXPH9tJcf8+lp+8lrn/wDhZHirxJbRweB/hxqX2OX/AFN3dw+VFLXNU9nT2L/fHUWWmiGLz77VpLn/AK7TVJB/YfmyXt9B/qv+eNU/Dfww8ceJJft3iqf7Nb/8sbSGug/4RCWz/wBHx+7iqPfqr4R09yOCC+8Sf8TXXP3dva/8edp/zyrPmP2y/wDsNhUn9sXE0Vx4cg/1nnfuf+mtdZ8PfAf+rnvqulhrvUsseFfCHky+fPBR4wmGpX8eh2P+r/5bV1HiTWbHwrov7gxeZLD+5ri9Hu55rqSc/wDLX/ltWWMq0aXuQOrDU/3p0Gj6bY+G7DyIP9Z/y2mom1KAy+f5FV4bPH/H9N5v/TKKo7wX00XkQQeVH/y2rh9oetSpFPUvFc803kQVn6ne6qYsznyq3P7Ng0a18+f/AFkv/PWub16Y6ldeRB/1zrnqe26gc/r3iOf7Z5EFSaDrHiOGWPVoJ/Kki/1NaEPhuCGL7Qar3kvkeZWdOnWM/akl58T/ABjZ3XkQarJFVO98YeMe88X73/pj5tRizE0vnzwVT/5f/wB//wAsq6YTqPeQGxpuo+ONStbjT7jXY4/+mv2P97FL/wA9f+eX/kKvivUf+CPPiWbRtU0TVf2tvElzHrOvRat/wk1pptrbeIYr+K6+1RXUWp/637f5v/L15X/frza+5LOGxm8ufyK0NS0eCa2+3QT/ALvzvL8n/prXXyRrxjf7JtSqumpRjpc8DP7E/gHxhql54q8ceI/GPiC4v5pf9E1D4haz9hi83/llFY/avssUX/TKKLyqkg/Z78D/AA9ik0nwd8JNI02P/V/8S/TYraKX/v1FX0R9s0u78LXEHkeX5V5FWHpum2N5FJBPcf8AXHzq0WHpvqY8sz4v/br/AGbvgRN+zV8RPGPj/wCEdlc3nhzwTqmvabqMNn/pVrLa2sssUttL/wAspf8Av1X5S+HP+CHHxO8bfs2eFPjVpHxBtjrfiPw5a6suhHTf3cVrdRebFF5v/PXypYq/fr48fBmD4ufC/wAafCSfVfsUfi3wrf6TNqMX7z7L9qtZYvN/8i15n+zr8Ddc8H/s0fDvwP8AE7Q/sOsaN4D0bTtY06KbzfKurXT4opf/ACLFVU8NDnMp4iphaXuPqfzb/GT9iL9pL4bahJc+LPhzfy/vv3t3aQ+b/wCiq8tuNJ1vQptuo6NFD5f/AD8wV/UF8VP2c/Ausxf6RYxyxy/89oa+c/id/wAE3/gR48l+w654ItrmOX/pjWboT5hUs2nGVqh/P5qX9p+UukyyeZHazfufJ/eUkI1WGL9wPMjr9IPg7/wSa+Fn7R/hLxn8TtD8QaloGn2/xB1nTfDNhp5iltYbC1MUcXmed+9ll5/5615R8R/+CTHxZ8E3Vx/wjvibTdShi/1PmwyxSy1lUpT7HpvN8PSlyyPje5ub923zxRyf9dIa29N8barZRx2//COaTL/1102Ku58Vfs+/ELwPfSWvibwRqB/69a5O/tv7HixN4XvY/wDrtBWE4xtY1p5hSq/AdVH+1J8VYPBt58PEn0+HT9UPl3QMX/LL/nlH/wA8ov8AplXvn/BVLU9I8SeJ/gp+zB8Pbf7TqHg34S6Db6xDF/yyv7q1illi/wC/X2avjzVtVjup/NtrPy0iOJq/Rv8A4J8/sM6/B4df47/GGwuLrxN4k/eWcd+PMktrX1kz/wAtZazlCFFc8UaY7Gqhhuc4T9ln9jmHwzpkd9rFj5txL/rvNhr7Q+GPwlg021j/ANB/8g13HhX4MwaP5f8AoNekaP4Nghijg8muSn++PiquLq1Kl5nL6B4VPneRcWP7uu40f4e2M/8Ar7GOtzRvDf72P/R/3cVdpZWlvDFH+4rpp4ar7I5fao+O/wBtn9mnVPj58QPh38A/D032a38R6xLc69LD/rbWwii/0qX/AL9S+VF/01lir7s+GPgPSvB/huz0PRNKitrOws4rezii/wBVFFFF+6iri/h74bg174yap4xEEXl2GjxadDN/zy/e+bL/AOjYv+/Ve4aRptjDF5Bnop6Hdgv3aM+az86L/UVl3kH739/BXeWej/a4o4LGCpJvBME3mefP5cla/Ua1U7frDOLs9HnvBkwVYs/Cuq+VJPBP+7rsLPwfYw/6ieWtCz0ey8ryD5tdtDA8vxGbxPc4+Hw3PD/qP/R1Sf8ACN6rDL5/n12F5o8EP+ogo+xwQy9a66eEpnDzmXpvhrzos30HmyVoQ6bBDF58E/lfvqy/G3iSfQov9B/4+P8AljDXP2XxIvpv3F9feX/1yhrupezgZz/uHSa9DfWcP+o82OqcPiT/AKcKsQ6xqt4JPIvraWP/AFn+pqvNZ3t5F+/nlrvVPmRze09qB8bW8Msc8/l+ZF/qZaz/ABfqXg7xVoP2LXIPK/feZDL/AMtYpf8AnrFUepaD+98+eCuX8SeFZw3+g/6utef2ZxVKSMO8+JJ0e6/srxHB9tt/+ghD/rZf+utc3rHw3sbK6k8R/CTxH/ZtxdfvJoYf9VL/ANdYqual4P8AOl/f+ZXPzabqugXX7ies/af8/CfZ/wAh1mvfAf40w6f9h0P4/alLJ53mTS3ej2sfm/8AgJFa1yesfAf48zCODVdV8N6tH/zy1H+1P3v/AGy+1eVX0JZ+KrfTZvs99byRyf8AkKrE2paVrE3n/wDLP/nrXn/2fS8/vPUpZhiJ/H+SPN/Ac3j/AMB2sdjY+B/Ddt5X/QJ/0aL/ANFS/wDo2u08N/E74j2esyT33geW5t5Zv+e3m/8Axqrn9pQWfmYgrm9f+IU+mjyIP9Z/zyrkq4P2fwyOinVPRJfjPfTS/Yb7wdexx/8AbKtCH4keDvL/ANPnljH/AE2s68r0e88caxL599YxW1vL/wA9v9bXQWej2NnEZ77XIo5P+eNZKpVijX2psa9r/hXWLrFjoXmf9NYv3dR2fjfxxp3/AB45/df6n7XD5tU/7e0Ozl+zQX1V5vGXky+RBXNVlWtz8wU6tEuTXniTXoZNV8Rzy+ZVjTdYn02H9xBVfTdYhvOL6D/tjWpeQ2N4ef3UleTVw1d/vD0qVRFf/hML7zY7g1uWXjeCaHz/APlp/wA9qx4bMn9xf2MVH2OCH/X/APLL95D/ANNa0p0q0Dp9qaGveJPtl/5HkfvJf+WP/PKrmj6OT5f7j93XN6P/AMfUk5g/eS12Gm5s4v39dOHpVpy5mZVapHqUH77yPIrl9Ys/Oua2Ne8VaVDL5HnVX02axu/9O/e+XXbUp6GXtDH8nybX/UVnwwj7V59dBrEEFZ/7n/j3/SuKpSsdVIks7zyefI/d10Gj3nnW3kX0H7usvTrOCb9/P5vmRUXn+h38fn/6uX93XRR+ECnDrEFn9osf+es1XLOaxhtfPrLm037FqH7/AP1daEM1hpth9oCx+Z/z2p4f2poU9evNVs7WOexgl/6Y0eFYb77LcX2uGK+jl/ef6WfN8qX/AONVHeawdS/06eCWX/njDUmm3mq/b457eD/W/u/K/wCWUtdBz1KVM5PxvqXhXzpIBPHFJF/yxmmrxv48ePIPBPw41TxJ4VgivtYlh+xeFbT/AJ+tUl/dWsX/AH9r1T/hWNj4p+I2oatf+b9jtf3n2T/prXL+NvBHgfXtLvPFIuPMj0uG6svDdppP7y5/tSX/AEWWWL/pr+9+yxS/8spftUv/ADyqJusqN0YYXCwq4i9Q8f8A+CdfgnwB4I/ZM0PQ/ItpY5dY1m582aHzfN/4mt1/ra6T4tfs0+HPGFhceKvAEHm+V/x+WkNfRC/Cvw54U0v/AIQ3/hHLaP8AsuzitvKi/wCmUXlf+0q5OWzn8N6p9u0rSra283/nl/qq7KWGqujE8rEun9Zl5s/Pv4t/s06VqUUn+g/+Qa+V/jB+zTY6BLJPfWH7uv2Y8Y/B/wAHfEH/AE6DSvs15L/y2hr5P/bF/ZR8R3nw08UaXodif7Y/sG6k0eXyf9bL5X7quOvS5fiM4zqQn7h+en/BOP8AYJsP2nvjtrXxU8VaX9o8CeCNSFtaQmD91qmo/wDPL/rnF/rZT6eX61+sfhv4P2OjxefNY+bXSfA/9nHwR+zz8KNA+D/gGy+zaboemxW0MuP3t1L/AMtbqT/prLL5ssv/AF1rrJrOxgl8iCvOqdjvqVnX0PN4fCtvNdf6j/VV0Gm+DxNdR4t66Cz0fyYpPInj/wCelSWevGf/AEfSbH/ttNN5VFJQpM4COHw3Y2kWKuCGxhi8jyKD9hvPL/tbXP3n/PK0/dVqabZ2PlfboIK6PaIPZGX4J0GezuryeCf93LN++/79V1Gj2d99q/cX1GjwwQ6X5/8Az1rc0GD91/y0rmWH9rWO3DW9ibGj3l7DL/r461LubVYbC4n0qCxubzyf3MN3eSxxS/8AXWX97VfTdH8mXz6uTfZ4Zf8AUeVXvUo1PZGR434q/ad+P3gK6ktvGP7HfiS5ji/1134T1K11KL/0bFL/AOQqueEP20fDfiTRo9cvvA/ijw3/AM9ofE3hW/tvK/7a+VLFXrkM3k/6+Dzar3mg2Opzef5Hlf8AXKGuf2NeL+I1qVYS+yY9j8Wv7etPtEE/7v8A57Q6bdS/+0qj/t/xjrEv7i4sbaP/AJ7XdnL5v/fqWtTUvDf2TzLjHmx1y803k3XkaHfS20kX/Lp/yylrWM61L4zm9n7U3P8AhG7GHzJ76eSSSX/XSy1l3nhuDzf38Famm6jPeWsfnwfvKkm/1sfnwf8AkGu45znzDfaaf3Hm/wDTGuk0fWINStfIvv8AWVHNZ+dF/qKpzWc9ldefb1pT/dGNQ1JoIJ4vIn/e1n6lZebF5FXLPUoJovI/1X/TWi8mgBzBBJJXo06iMTh9e0f7PLzb1y+saDbzfuK9I1KH7Z0grn9S03yf+WFZ+yOc6C8vP7Sikg1XwrYyfvv+WX7qq/8AY1jZS+fBpVzbf9crzzYq6CbTfJiqnDD+9/f0VcO/+XZuqr+2V5R4c8rN9qumxf8AXbzfNrl4RBDfyX3hrw59p/6e7v8A1X/fqu4/s2+/18HlSx/9caIfI83yJoPKrhnhuf4y/aHLw6Drl5L9u1X/AEmT/nl/yyqT/hD5/wDXT/8AkKus8nyf9RcUXn+q8jz656mGpI1pHLxaPBCf+Pf95UepGDTbXz/I/wBVXQfY4Jv9fWfr2jib/UD/AK7Vy1KX7k6aRH8MdNnvP9On/wCWs1dhNZ+TL/qKy/Cw8i18iCCtiaas6dI6qdzPu5p4Zf3K1c03/iZRR2M/+t86jybeaWPJqx5J03XrPP8Ay182un2Qe1ZYn0ex021/4965/X9Y1yaX7DpUP/TOGtzWNS/e/wCvrPhmgEvnkVfsEZe1ZzcPhXxHN+/P7urFn4b1bTbrz/7V83/tjXQef7VTvLwE/wCj3H+tp/VaYOrUJLybzrD/AFFcvNNPDf10mg+RNLeTzn95Wfr0UE0teLiafvHq4WroWLO8/fRz/bo/+m0Utbk2m6HqVr5/n/8ALH/llNXF6P8Avpv34rUm+ww/v4IKvDTq2NpmxN9ghuvsV9BL5f8Az2qnqWjz2Wl/uPLuY/8Alj+5rHvLyerB8S31nyB5Uf8Azyrb2jF7X2ZJDD50UcE8Ev8Arquf6FZyx/6P+8rP/wCEq/dR/uI4pP8AntWfrGpf2lfxmD91J/y28mrM6tT90Zes3mhzePLPwbqt9FbaPf8AmyXnnTeV9ql/deVa/wDkWWX/ALZeV/y1r1TTh4WhNudK0rTfMtfKjh8n/llFF/yyi/55f/aq8rvNH866+3X1j5v/AC0hqnNeGa68iu7D2XunN7Wx6xr2peHDrMcHkSSyed5c0sMP/PX/AO2yxf8Af2qd5oPhzUovInvv3n/TauL02zvppY4IIP8AW+b/AN/ap6b4w8YzRRz32q3Mkf8A02/efva7o06x5tWpTv7poa/4VsdNuv8AXxVn69oP9pWH+kWPmx/8sa1JvFVj+8nvtKuY/N/5a2nleVUkOpaVrB/0Keyl/wCu00sUtZVaPtjM87/sHW7O7k0O4vpZbOKb/Q5v+eX/AEyrpNH+Fd9ejixklrqNN0yCGWSBtJiluP8AljFDN5lSax4k8RzSyWE8/l/9cYfLrzv7Kh7T2hp9Zsc3/YNjZ/uILGuXh8N6XNqtxBcDy67y8gnNhJqv/LT/AFc3+f8Av7WHrFn+6jvoIP8AW1pUwhzmP/whMFn++8jza0LKG3il8j7PWxpt3BNa+RPBVf8As2D7V0/8g1zey9mdn/LkjGLG1jsTB/y2rqNAhEMXn+TH/wBNv3NY9nppvJvP8j95F/8Avf8A2rXQWdncTfuKzpUv3xvS9n7I3NMmg4gAi8ujUocR+f5FZ8Om6rZ/8sP3dXJpp/J/f/vY69akT7UzxNPDL55FWP7Yn83yKsQz6VdxfZzBUkOmwG6jgP8Aq/8ApjR7IyIyPOi/f1h694JsbyXz/I/eVuaz/od1HY/6qq897PCPIxWfs3VAw/7HvrP9xn93FRNNfQ9K1JtU86j7bD5O7vmr9mc5ThvDF/ywqxN/qv8AUUfuJjlv3f8A1yqTzvK71tT2MzLms5/N8+Ci3+3Q/wDPT/v9Wp537qo5poOldBmZco/5YGCqep2Xv9K2J+1Z+pQwda0OSqdJ0/1E/mUeTB+7rz/TYdcil8mx1aX91N/qfJ82Kugs9Y8VwmPz7GOWtvaG50kMNv8A8e+KkvLOxmrL03XvPPkT2PlVch1iCH/lhWP7kn/l0EPhWeb/AEiCeWKpD4PnvJf399HFJ/z2mqwdRv70/Z4P3cdY/iSae8i+wwTyVz4k1pG5Z+CfJ8uCf/8Ae1HeabY+VJ+4rz+HWPFWg3Uc8GqyS28U3+qlmruNO1L+0rDz5/8AWVw+0/nOmO/uGXpsxs/MgrQhm879xWf5IhikgqTQfP8AtXkVnTO1VTpNHs/Om/f1n+MJvJ8UaXY4/wCWMsldJo9n5MWK4/xJN53j3lv+PWz/APRtdxzBqkPnVXs/3PStC8/1XkVT/wCWfkUezQe1I573/nhRDDUnke9F9mG1k8iCnU+Azl8Rn2d9PPf3EEA/d0XkM/m/6jzaks4fJ8z/AKa1Ym/54QV4Cp3fOetQ+Aw5ob77V+4gq59snFr+/gi/e1Yms6sT/Z/9QK3p0jT2hjzTUXkM/b93Wh5OT+4/d1HefZ4R/wAtKRRz83+hy/8ATSWrmg2cEMUk9V70zzX/AO/qxDeeTF5EFbYfY5KuJDUrz995E4/1Vc/ff8f5rQvJj5tV/Jghl8+urY5vaM6jwTN+9j/56VXvtHuIbq8sfs/7v/j5hlrD/t77H/x46VLL5X/PKiHxh4jmv47G+sfMkih8qGLzv9VF/wBcq9ClV0Oap7E0PJn8ryJ4Ky9es/Jm86xg/eVYm17Vs/v/AA5L/wCBkVR3mpz/AOo/4RzUpPK/5bRTRU/a0jn9p/z7I4vG2rab/rzJLH/02rpPCvjbQ/FUvkar+7uP+m3/AC1rm4bz7ZF+/wDDkttH/wA9bvUrWKs/WJvCzfv7nxXoll/y08qbWIqQpzt8Z6ZeaDP/AMIxcQQWPmebef5lrn7Oz86w8ieD/Vf66vE/jx/wUm/Zz/ZR8JW+q+OfFWr6tqGqQyx6Dp2h/ZZft8vm+VL5Xmy/va9U+Cf7R/wy+P3w50v4m+AJ4vses2f760u5ovNsJf8AlrFL/wA8pYqfPT5vZmtSlXpwhVlH3CxeefaXUdxBWpZ6ZYzSx3GP+2NWLzTYNSijgqxpum2EMX/LXzP+u1ctWkL2pY8H2f8ApV558H/PL/0VVy8/tWzl88fvY6p6DqREUk9x/wAtZv8Av1/n91WpNd2/leRP+9rL2R1U6hJpviqD/UTwfu/+eVbFnDoesRfuJ4//AI1WHD9nm/cXEFE1l5U3n2M8kclbLQ0Nz/hG4JpfI8j95WhZ6Pb2dr58/wDyyrn7Px7/AGbdx2Oq+XUnir4kWI0v7Dof7y8v/wDlt53+qq+bTnOepV1Mu4hvtY1OTVYYJfL/AOWP/XKpLyznm/5YVx+peMPHGjyf6DPbS/8ATKWGo7P4w+Kv+X7wdFJ/1xvK5/aiVSkzqJtN7bqr/Yv+mNYf/C8tD877PfeHNStv+2MUlWD8Zvh//wAt9Vktv+vuzlrVexMvaGx9j/57miaz/wCmEtY8Pxm+Fd7+4g8cabJJ/wBdquQ+PNDm/wCPGeS5/wCuNnWnsjP2hY+xT/8ALej7H7frUc2sarqX/IK0r/v9NViy0fxHN/x/T20Xm1006ZnUqFebS/OqvPZ2/m1uQ+G/+e08sn4VJ/Y8EAjgrppUjm9qf//Z'}}]}], 'model': 'qwen3-vl:8b'}}
2026-06-26 15:27:49,664 [DEBUG] ThreadPoolExecutor-0_1: Sending HTTP Request: POST http://localhost:1234/v1/chat/completions
2026-06-26 15:27:49,695 [DEBUG] ThreadPoolExecutor-0_1: send_request_headers.started request=<Request [b'POST']>
2026-06-26 15:27:49,759 [DEBUG] ThreadPoolExecutor-0_1: send_request_headers.complete
2026-06-26 15:27:49,774 [DEBUG] ThreadPoolExecutor-0_1: send_request_body.started request=<Request [b'POST']>
2026-06-26 15:27:49,837 [DEBUG] ThreadPoolExecutor-0_1: send_request_body.complete
2026-06-26 15:27:49,853 [DEBUG] ThreadPoolExecutor-0_1: receive_response_headers.started request=<Request [b'POST']>
2026-06-26 15:27:56,199 [DEBUG] ThreadPoolExecutor-0_2: receive_response_headers.complete return_value=(b'HTTP/1.1', 200, b'OK', [(b'X-Powered-By', b'Express'), (b'Content-Type', b'application/json; charset=utf-8'), (b'Content-Length', b'2358'), (b'ETag', b'W/"936-9gFV+gmb6oiZpjBQbzh0Q8/CvOk"'), (b'Date', b'Fri, 26 Jun 2026 12:27:56 GMT'), (b'Connection', b'keep-alive'), (b'Keep-Alive', b'timeout=5')])
2026-06-26 15:27:56,214 [INFO] ThreadPoolExecutor-0_2: HTTP Request: POST http://localhost:1234/v1/chat/completions "HTTP/1.1 200 OK"
2026-06-26 15:27:56,230 [DEBUG] ThreadPoolExecutor-0_2: receive_response_body.started request=<Request [b'POST']>
2026-06-26 15:27:56,245 [DEBUG] ThreadPoolExecutor-0_2: receive_response_body.complete
2026-06-26 15:27:56,245 [DEBUG] ThreadPoolExecutor-0_2: response_closed.started
2026-06-26 15:27:56,260 [DEBUG] ThreadPoolExecutor-0_2: response_closed.complete
2026-06-26 15:27:56,291 [DEBUG] ThreadPoolExecutor-0_2: HTTP Response: POST http://localhost:1234/v1/chat/completions "200 OK" Headers({'x-powered-by': 'Express', 'content-type': 'application/json; charset=utf-8', 'content-length': '2358', 'etag': 'W/"936-9gFV+gmb6oiZpjBQbzh0Q8/CvOk"', 'date': 'Fri, 26 Jun 2026 12:27:56 GMT', 'connection': 'keep-alive', 'keep-alive': 'timeout=5'})
2026-06-26 15:27:56,307 [DEBUG] ThreadPoolExecutor-0_2: request_id: None
2026-06-26 15:27:56,323 [DEBUG] ThreadPoolExecutor-0_2: Raw LM Studio response received for F:\kuvat\test\18a41104d494461f96afd4f376cc8da2.jpg
2026-06-26 15:27:56,649 [INFO] ThreadPoolExecutor-0_2: Successfully tagged 18a41104d494461f96afd4f376cc8da2.jpg with ['Artwork', 'Food illustration', 'Potato chips', 'Taco', 'Chili pepper', 'Lime wedge', 'Salsa dip', 'Mexican food', 'Snack food', 'Colorful', 'Surreal art']
2026-06-26 15:27:56,665 [INFO] ThreadPoolExecutor-0_2: Processing 758266ddc3674a84ac3f89a39641681c.jpg
2026-06-26 15:27:56,726 [DEBUG] ThreadPoolExecutor-0_2: tag: Software (305) - type: string (2) - value: b'\x00'
2026-06-26 15:27:56,742 [DEBUG] ThreadPoolExecutor-0_2: tag: unknown (40094) - type: byte (1)
2026-06-26 15:27:56,757 [DEBUG] ThreadPoolExecutor-0_2: tag: ExifIFD (34665) - type: long (4) - value: b'\x00\x00\x002'
2026-06-26 15:27:56,912 [DEBUG] ThreadPoolExecutor-0_2: Requesting tags from LM Studio (qwen3-vl:8b) for F:\kuvat\test\758266ddc3674a84ac3f89a39641681c.jpg
2026-06-26 15:27:57,037 [DEBUG] ThreadPoolExecutor-0_2: Request options: {'method': 'post', 'url': '/chat/completions', 'files': None, 'idempotency_key': 'stainless-python-retry-b21e9add-39c6-4a00-ad37-89f53008c5d4', 'security': {'bearer_auth': True}, 'content': None, 'json_data': {'messages': [{'role': 'user', 'content': [{'type': 'text', 'text': "Analyze this image, which could be an internet meme, screenshot, artwork, or photograph. Extract 6 to 12 highly relevant keywords. 1. Always include the image type as the first tag (e.g., 'Meme', 'Screenshot', 'Artwork', 'Photo'). 2. If it is a meme, identify the meme template/format, the main subjects, the core vibe/emotion, and 1-3 key words from the text. 3. If it is a screenshot, summarize the main topic or software shown. 4. All tags must be strictly in English. Do not use any other languages or alphabets. Return ONLY the comma-separated list of tags. No introductory text, bullet points, or quotes."}, {'type': 'image_url', 'image_url': {'url': 'data:image/jpeg;base64,/9j/4AAQSkZJRgABAQAAAQABAAD/4QBIRXhpZgAATU0AKgAAAAgAAwExAAIAAAABAAAAAJyeAAEAAAAAAAAAAIdpAAQAAAABAAAAMgAAAAAAAZKGAAcAAAAAAAAAAP/bAEMAAgEBAQEBAgEBAQICAgICBAMCAgICBQQEAwQGBQYGBgUGBgYHCQgGBwkHBgYICwgJCgoKCgoGCAsMCwoMCQoKCv/bAEMBAgICAgICBQMDBQoHBgcKCgoKCgoKCgoKCgoKCgoKCgoKCgoKCgoKCgoKCgoKCgoKCgoKCgoKCgoKCgoKCgoKCv/AABEIAaABoAMBIgACEQEDEQH/xAAfAAABBQEBAQEBAQAAAAAAAAAAAQIDBAUGBwgJCgv/xAC1EAACAQMDAgQDBQUEBAAAAX0BAgMABBEFEiExQQYTUWEHInEUMoGRoQgjQrHBFVLR8CQzYnKCCQoWFxgZGiUmJygpKjQ1Njc4OTpDREVGR0hJSlNUVVZXWFlaY2RlZmdoaWpzdHV2d3h5eoOEhYaHiImKkpOUlZaXmJmaoqOkpaanqKmqsrO0tba3uLm6wsPExcbHyMnK0tPU1dbX2Nna4eLj5OXm5+jp6vHy8/T19vf4+fr/xAAfAQADAQEBAQEBAQEBAAAAAAAAAQIDBAUGBwgJCgv/xAC1EQACAQIEBAMEBwUEBAABAncAAQIDEQQFITEGEkFRB2FxEyIygQgUQpGhscEJIzNS8BVictEKFiQ04SXxFxgZGiYnKCkqNTY3ODk6Q0RFRkdISUpTVFVWV1hZWmNkZWZnaGlqc3R1dnd4eXqCg4SFhoeIiYqSk5SVlpeYmZqio6Slpqeoqaqys7S1tre4ubrCw8TFxsfIycrS09TV1tfY2dri4+Tl5ufo6ery8/T19vf4+fr/2gAMAwEAAhEDEQA/APSNH8ST/wBsxwWP+k2drrEWo2d3/wAtYopb/wCyxS/9cv8AW+b/AN/a9g0e8gvbWzg1WDzY/seqWVndxf62KL7VLFL5v/fqKXza+b/hLo/9g69/wit95nmRWf2LyvOl8q6tfNiil8r/AJ5S+bF5v/72voT4fQz6Za6fpXn+ZJ+9tpv+eUV1FL+9/wDAqKXzf+2UVFUypbGpqWNN+z2EN9Lcx/Y4pP8Ap6lli83zfKl/56+V5ssVSTTw2f2eAXH2m8/dRww2n/f2KX/trF5tRwefNf2+lQQebb+TFJpt3/rZbWX/AFX/AG1i/wDaUvlVJ5N9Nax2Nhb+XHLD5kMNp/yy/wCmX/f397F/0yrM1I7K8t4bX7Bq2lXMsf7qPzv+Wvlf63/47/36qxeeFfCs8Uc88F75nnf8fcX+f8+bR/ZvnS3EHny/Z5f3nlf8svK/5a/+Rf8A0bVjUrO4+1fboL6Xy5f+mP7qtDM5+88OeFfK8+c3Mn/PH99LWfeaN4bh4/tXV4/+mP7qSty8hnhl/wBBn/d1l3kM+fIx5flf8sq6qZzmPeQ+ALPzILjXNS8zzv8AW/Y6pwnw5eGSDwrPLc+VN5s13ND5f/22tz7H+6j8+CX/AKbRVJDDBD+4gH7v/plDVrc4zm73RhZ2v7/95JL+8/fVl3lmc/uPM8z/ANFV2Go4/wC2dc/qR/1hEFda2MzDvLKDTef9Z/zx/wCmtY/+kTRSf8tI5f3flVuXumzzXX26c/6qHy6z7z/Q4o4P9bHXRT2M6m5j6l+5i483/npVO8m/df8APWrmp/63z/8AlnWfeTeTL5Hkf8tq6fZM4faFOb9zLJbGq8Pn+TIP9Z5v7ui8nIuvPP8Ayyho+2+Vax4HmR0eyZHtSC8/1Mf0qLzvJ8uDz6j1K8/791ThvP8ASuv7ysjU6TR/9d5E5rrNH0ef93+48z/pjNXN+D4fOlj/AOWvm1wn7df7WVr+yp8H01TSLayu/EniK6/s/RrK6XMQ/wCessv/AFyiwPxrWlVVP+IcOJjWlpS3MP47f8Fefh1+zl4m134d6L4Ivtf1jTR9nkmaH/RYrr/nlW1+x5/wWx8OfGfwn4o8IftHSaboL3X2X+w3hg/df9NfNrxLwP8AGH9jH9pH4XeI9e/aj+MttY+Krq1lkHg34U/Ce1lvbuWKL93/AMTOWKX/AFvl/wDPXyq+bvEHxB/4J12uvXDeHfH3xlszIcQS3+l6TJIn/XWOJ/3tdccbVoS+P3Dwq2XLM4+znTfPH1f4H7P/AAl+LXwd+PMtxY/DLx/omr3FrD5k2nWmpRfaf+/VdpBps8MXkQiL/vzX49/sG/Eb4V3HjK6+JV7+29Z+HPFGk3MtzpOn+MtDuLKO/iiH+jD7Ta+bjzYv+WX/AKNr9Yv2XPjp4f8A2qP2fPDfxz0GW2CayLmy1IRf8sr+x/dXX/bKX915X/XWuv20MQozRGHp4jCVJUZ09I9bNI1oZp4R58//AFzqSa88n/SCP3dSan5EMUkCwVnnmLz4P3cnnUzt9qjQh1GH/jxn/wC/tR3mpfvY4J5/+uM3/LKuf1LUp4Jf9HFXLOH+0vM8g+VJF/yy/wCeVBnUqmhNeedH1/eRVHpuseTFJBPUc2m300Uc/kf9MvNqveeG9cvPLgsbGX7R/wBcfMrT2cTm+uVjcs9e8kRz+fXUabrFvqUXkVw+m+CvHEMclzfeG7m2t/8Ap7h8v/0bRpvjDw5oN/5GueOPD9t/12161/8AjtYVaFGaPRwuOxFN7HplnpvnfuKJtB/5Y/8ALSsvwr8WvhzqflwWPj/w/eyf9MvElhL/AO1a7iHyNS0+O+x+78n9z53+qryqtOVLY9yliYVTj7yzNnD/AKj955Pl1zepXl9/alv4c0Ox/wBIuv8AXf8ATKKvSNZ0GcnyP3UklYem6PBZy3F95H7yvOqnpUiTR9N+xwxwefVz9/D/ANc6jh8//rrRDN5X7ieuQ6aVQsQ/ufLqx5/tVfH/AEw/WpIf9d+NBsWIv+nj8asD+CqcJ8nkL+7q5QBJUdSf6qozL5Pl/wDPOswAfwVJNNVfibqf3f8Aq6jmm8qgCOa88mWSCiH/AJ7kf9MoapmYQ3Uk/kf9sf8AplUnnf6v/nn/AKzzazOguTXn7r/X/vKr3l4dH/cBZf3s0Xk1HNeGGXEH/f2sfxjeGHS/t08P/HrN5f8A1y/z+6oA+R9B/cyyeOJ7iWS3v/KvZv3P73zbWX7VL/5K/vf+2vlV7x4JNwdKvLCD7NHqks0sln9k/wCuvmxS/wDbWKWWL/rrXleg2n9sGz0qA+VJLeRXtndww/vftXm+VL5sX+q/6Zfuv9bFLLF/zyr1z4VWX2Lw5b/uPs0cV5LL5P8Ay18qX915X+f+mVZ1TSnTLlnZ+d/xK4Z4opIpoo4f+mUv+t8r/trVyEzzeXqs8EX2iX/SYf8Apl/qvNi/65Sy1c/s2dr+S4t7fy47qHzJofJ/1sv+Yv8AyLUkH7mKP/SPNs/J8z/91WYFOaz8ny7j95H++8yGbzvK8r/plVi7mPleRBBFHJ/6KqTyYJrr7QPM/e/8tvOqOay5x/q/Nh/1UVdNLc5qplzxed5lvcLLVOfTf+W/kRSyVqTQzwfvx/35/wCWVV5v+WcB/wBX/wAsfKrtpnNUMv7HB/1yjqOazg8ryPIrQmPnclf3dV5gYesFbGJjz2X+sgnNZd5o+fMn/wBZJ/6NrpPL/wCXjH41Xmhg/dwbf3daGZyd5Z/uvIggrD1208n9wR+8ruNSs/O/651zfiSz8n9/5P7zya7MNscdTY8/1ib/AJYTz+VXP3l5P5sk/wDy0/5bf9Na3PEn7m6kn8j95XH6lqX2I/8APSOvSp0jyKlUkvL391+/omvMxeRP/wAta5+81LzZf9f5UdH9sCHy/wDrt/yyp/V2Ze0ZY1jWMyyCesuHWPOuo4B/yyrH1/XhDdXAP/fqsvR9YE11+4/1n/PauGpTO6lUPePh7ee3/f6vzj/4LfeOYdf+Ofh3wRb3n7vRtDkkmi/55Syy/wDxqKKvvzwr4gg03RsIK/LT/gpN4uj8Uftc6zeFfmitbWP/AMhRV5tarod2Gw7VaMz1X/gnP+2d4P8A2c/g947+E2kfs5fD698VeMNAv7Gz+I3jHXJba60qK5tfK/dfupf+ev8Ayy8rza+aNf8A2cL6yne5174reFIRIf8Al3vrq7/9JYpa+7/+Dd39nb4LfEr45+OvjR+0d4Ksde8M/D34a6rr32XV4IpbGKSMw5luYpf9b+5838etfGvx9/aHPxj+KGt3PgbwVp1lHqeoSvZW2g6d5cUXmS9Ioq7FPDfV/wB4Y06uK/tCSoQ937UjjPhl8HbDx98R9O+HNn8bPCulNqk0sSaxq1zdW1jbSGLP72T7N+7EmPL6devav3G/4Ibfs5/tOfDf9jPXvh/8RfhPq9lZxeMpdW8N3dxafu7qK6tYopfL/wCmQlthJ/21r8s/2Qf+COf/AAUC/af8ZaTaeHf2W/F9jpV1cxfaPEWs6Z9htba1/wCev77Hm1+/HxI/4JJn9oj4OeHIfjL40+L3w/1TQbW507R9E+HnxZuTFa2sV3dfZZZIjFLFLL9l8n/Vf8868yObYbAczZ2Zjl+MxvLTg/de7MDxVZXEMn2eeCWOT/ltDND5VZ89n/oH+nD/ALbV87fEz/gmd/wWi/YyeTx1+x3+0xd/Gvw/peJJvh78Q4vM1GW2/wBb5cfnSnzf+2UsUtbH7NP/AAVB+CHxs8TP8C/2g/BWp/Bv4qWM0VteeDvGcXlxXMv/AE7SS+Vj/rlL/wCRa9rAZth8dblkfP43JsZgVornpvkz3l/5FZ/iT42fAH4Vyyf8Jj8QLm+vIoZfJ8PeGNN+2y+b/wA8pf8AllFUnxh8baV8N7G40qCf95L/AK6X/lr5X/PKvhP9oP4/aHr32jwP4csftPm2f/Hpaf8AHtFL+6/1tevi61HC0uZnlZdhq2LxXs2fQHjL/gsn4q8ESyaV8FvgFpGm+b/y9+MdS+3X0v8A27RV8x/Hj/grd+2X428R3n2j4xf2BHLD5UOneE9H+zeV/wCAn/x2vE/FWva5pv7/AF3VfKkl/ef2fp0P+t/8hVxfxC/tTR7qPXPFWlf2JHLD5lnaTQy/ar//AJ5ReV5v/wAar5Crm2IqVdD7alkGFpbmp41/aE+Kniu/uL7xl8W9fuY5f+W2o6lL/wC1Za4+z8VT6xqvka58VPs0cv7zzru8/wDjVdBoP7NP7QvxC1STVdW8Dy6Tb/2b/aN5qGrWf2K10uw/5+pf3X+q/wDRtR6f8PfhF4Q1n7deadq3i24i/deddzRWNtL/ANcrb/W+V/11lrD63iah2fUcNSgdp8H/AA3+yvNrUdx4/wD2ttS8uWb/AJdNSltvK/7+xS190fsr/B/XPDeq2/ir9jT/AIKE3OrW9rN/xMvD2t6l5n2WL/nr5UUsX/oryq+C9H+J3g7R5Y9KsfhX4f8Ascv/ACxtPNtpYv8AyFXtHwf0fSvFV1Ztod9c6tZxTSyQ6fDN9h8TaNL5X737Dcxf6391+98r97FLXtYSDq0tTx8U6VGep+lmvftOftJ/DGWODxH8OdN8Ux+T++m8Pal9ml/8m/Niqx4D/wCCg/wB1jVLfw58Tb658C6pLN5cNp4ys/sP/kX/AFVcP8MfEni/4JeCNP1X4m63c+Mvh/qkP/Et8e2mm/6Vpf8A0y1Ox/5Zf9dYv3VbnxU+Euh+NvBseuz6Hpvijwvf/wCp1a0hiuYov+2X/LKlUwNb7QYfHUZ/CfTF5Z295ax31jPFLby/vIbuGbzYpf8Arl/z1qvNDcf8e+K/P/QdY+OP7E2vf258DtVvdS8Jy3nmax4Cu5vtNtL/ANNbaKX97FX25+z38fvhz+0t8Prfxx8Ob2WP/llqWk3f/H1YS/8APKWuWpgqtM6aWJ1Og5mi7xeVUkP2jP76rk2m+T5nkVX5H7if91XKeoSVJ/0wnqvUn/LX/rl+7rnAPOz/ANtaPP8Aaowf9X/6NNGP+mH60GgA/wDLC4nqP9/N+/8A+WlBh/0rz/8AnlRD/ocXkT/6uX/ltWYFf/ln+/x1ovPJ8ryPP/ef6urF5D+9/wCmdU7yHyZfI/8ARP8Arar2ZoRzTfvI/P8A9Z50X/XKub8VXk/2+Oxnn8ryv+Pzzf8AVS/uv8/9+q3LzzpruOef/rn5UMP/AC1rH8STWItf9Og823v/AN3NLD/yy/zL/wAsv+mtYgeP+FdH866k0r/RopIpvK87yf8Alr5UX73/AL++VXpHhWG/vb+Se/MscksP7maX/l1l8qKL/P8A1yrH8H6NB/ZUdvBbyRSfbPMm/wC/X/oquo0Gzm0218jzv3cs0v8Arf8AllL5vmy/+ja5zsNiGb7ZFJ9ug/eS/wCui/55S/uv9VR1/f8A26OWSWb/AFsX/LWq4s768l/07zfLl/1NXIrMwy+f5EvmVpSM6pXMPnjyJzL+6omM83H7rzKufv8AMcw/5Zf9MaJvs/lRwT/6v/pjNXVTOaqY80Jz/wBNKpz/APLPP/bGtS8h87/rnWfeQnza6KZzVDPm/wCeGKpyy9MXH/Xark37nH2j97WfeT/8sBN/22rY56gT9qjm/wCeGKrzTDzf3H7uo/Oghl8//lpXRSpHLVqliaH/AJYT1zfiqE+VJzXQf2pb587HNc/4qvM2H+ojlr0sNhjzcRijyPxjet5UnFef69P6Cu88ezZik8j/AFf/AC2rzfxJ+5lk/wCennV7VKkeBUq+1Me8vP3snnz1n3uvz/avI/5af8tvJqvqV55N1JP/AM9ap6lD/rJwf+eUZoq0zKdWxT1Kae8v/sMH/PGq9peeTfx2Nj/rPJrY1jTT4bsLOeaD/TNU/eQw/wDPKL/llWH4VvILzVJL7HmeVN/rf+etfN5lV9ifSZRT+sTO8/t7+x7CTzv+eNflh+2Lr39vftIeIL4f6zzvL/8AIVfpXr088OjXHnz/ALyX/ltX5Z/tCDzvjn4kz/0Epa+c9qz6enSXtD64/wCCVvwv/a3/AGv9M8RfsI/s/wCrXWkeG/H8lpN8R9Q0/TI2upbC2kz9mEmMxRGQx+b+9ii/dxeb/wA8pf6H/wBgT/gi9+xn+wZpWnX3gn4UaRfeLbW2SJPE+oWUd1exyE5llF1LEJPNlw2ZR5eB+7jEQr5u/wCDTX9mPTfhV+wZcfHCbRlj1T4haxLcG7MP7z+z7X/RbaL/AL+xXUv/AG1r9YVIC4x0rgliK1etaXwo7KVCnQg+XqMhs4IYv3FSEA9RUdFVL2T+I3IbrRbG/aOaeEeZH9yQV8df8FfP+CVXwe/4KS/s86xoWq+H9NtviRoujyyeBfF5ts3VhdR5litZJf8AlpayniWI/wDPQyV9n1HeQ+bDJzV037Fc9ImSVRan8d2iftvfHjUtNP7P/wAcfGGpRXehTf2dDfXVxm+ijil/e2skv/LWT/ll5v8A0yrpdNm8Sa9o9vY2NvF9o/1l5L/yy/8AttdJ/wAFvPgdofgP/gur44+HHhS3j03T9d1jS9Rhhh/5ZS3WlWssv/kXza+hPg/8JfB3wxsLe4sdDttS1CKH9zqOo/vfK/65RV6FLE4jG/GeXKnhsHPmhA8v+Fn7Lt5ef8TWeeSK4v4Zf7S8Q6jZxSf+A0Uv/o3/ANFV6x4b+BvwB+Btrcar4H0q2tvEEsP77xv4m8rUtY/7cYpf9FtP/Itemab4b1zU7WSfyJIpJf8AlrWfqX7PfiPxVL588H7uX/ptXZ9Wo0jD6zWqs+V/2tfidBr/AIXuPhz8MvAF7Lpf2z7b4k1DULyW+vvEd/8A8srq+uf+Wvlf6ryv9VFXz3puvW82vfvz/ZtvdTf620h/dRf/ABrypa/QDxX+xP4jhv7i+gsZPL8n/wAi14H43/Y58SaZrv8AwkcOkyRSWs3mebF/qpf+utQtDr9lCqvjPnfxhoOuQ3XkX1j5Wof6ybyf+Xr/AK5UfC/4+a54Kuo2gMcsnneX53/LWKX/AJZS/wDbL97/AN+pa9c0f4eweI5pPhX4kg/snUP3smgzXc3l2v2r/nlFL/yy83/nlL+6/wCmsVeX+NvhvfeFdavL6+sfsNxa3kUmsRS2flS2v73/AJa/88q7KNR+1OLFYaDp2Pvj9i3/AIKWX00tx8Ofibff2lo+qf66G7/9G19GeFdT1z4A69J44+APiq2vvDeqfvNS8M3f+qlir8c7PUr7wH4tk8iDy5IpvMs5v+mX/PKvqD4M/taeI9N0uPw5fTy/Y/8AljL/AMsoq+1y10a1P2dQ/Os1pYzCVuegfppBo/wy+P3hKTXPA9jFbXn+tvNE/wCWtrL/ANMq8r8E6P4q+APxQ/4SPwsPLuJZv9MtP+WWqRf88pf+mv8A01ryv9nz9pDXPCnjK31XSdW/1v8Ayx/5ZXVfYGveFdD+M3giP4g+FYPLk/1l55P+ttZf+eta4nLacfej8JxYbiCrzezqfEeweFfEmk+PPCVn4j0ofu5Yf+eP+q/6ZVXvIf8Av5FXk/we8bX/AIN1mTStcgkj+1TeXqUP/TX/AJZXUX/XWvYLuD7QfPg/5aw/9/a+JzLBfVq1z9EyrHfWqJThm86L9+P3dWOv/TSq+7/lhP8A9/qk/wCW3+orxz2STyfOP2eegQ+cJPPox+9/f/8ALKGo/Onh/wCmsdAEk0M/lfv/APllUktl50X7j/tjUY+0Tf6d/wAs/wDnjVjzoLP/AI8P3v8Ayzmm/wDRXlf/AB2ugn2hXvIIP+PH7R5cn/LH/nlWPeefP+/v7H95/wAsZv8A0bWheTX32+Sf/VRyw/6mX/VVTvNS+x+XBPB/o/8A02/exUB7Qz9S8/ys+f5kf/P3LN/qv+utZ+sYvIZDcQeX5UP76Lyf3v8Ayy/e1oXk32zVI76CD93/AM/f2yL97/0y/exVz95NYm6j+0fvJLWbzLOKL915tc5sV9Bs/JtfPn8q6jl/z/8Aba6SGLzoo/IuPN83/Uy1l6eftnlwTt5kZ/1M0Van/LX/AONfvfN/55fva889AsQ+fN/oA/5ZVJDDz5/kRSyUWbT+bJ+4/wDjVXIOkcB/ex/8sa6aW5zVdivNCcfv/N/7/VHeQnyo6kvP9bgf6uX/AMi1Xmm8qtaZBTm/1vkTz1l3nn/6jz60Lyfyf+mlY+pT9YCK6KZw1CnqQ/5YE/WsuYmbrPVya8ghi8//AJ5V5X8Qvjxodnqn9laVP5kkv+umr2MDgK2Lq/uz57Ms3wuXx/eTOs1LWIIIv9Im/ef6z9zXJ6x4w/feRAJK5ubxV9supDPP/rf+WP8An/VVzeseMLGH9xB/rP8Ar8r6vDZR7L+IfH4jiP6zL90dZN48nhmkngH7v/ltVi98bQ3sX2EeV/zzry+HxJ5tzHYT30Ufm/8ALapP+Ek+x8+f5X+tj/6a+bFWtSjRpCpYmtWNTxhqUH7yCe48v/lpXl/iS8H2ryPP/ef89qsax42+2XVwbieKOTzv+e1cX4q1ieGaSe3/ANZ5P76sdDZU6zDWL3yP9eP9VWhoOmwXnmXF95n2O1/eTeVWPZ6PfalFHPOfM/57Q/6zyoq3PGE0Gg6Fpdjj/j6mlvZpf+evlVz4mr+5NKac63szi/jN8QvtnjKTyD5X7n+zrOL/AJ5ebFXQfDHw3czWHnz2/lRxf679zXk/w9hn+IXxLuNVng8yztbyWT/rrL+682voSazn0HQY9K8/y5PJ/ff9Moq/PMbiXicUfo+W4alhMBzHn/xa8SQaPpV4fIi/dQ/8sv8AllX5j/Ga8+2fFrXL7/nreV+gH7RfjAxaN/Ydj/q/3svk/wDtWWvzr8YefqXjzUPI/wCXq8loqUzXDP2p/TV8HP8Agrd/wTv/AOCQ3/BPj4H/AAd+MHjzUtW8UzfDLRr1vCHgrTVvdSPmw+b5kuZIoosySHiWUE4r69/Yd/b41L9vn4UWP7QPwz+AWs+G/C2sSSjR5vHGpW1tf3UUcvlGX7NafavKjz5n+sk+lfNWjfsvfBnw3+wLB8Wb/wAHWMvjS+8Jw6NZ+J5bP/TrW1jtYrWKKKX/AJZf89a9O/4I23d7pH7EXwz0pp5f9F8E2Ef/AJCrxMTUlSneJ00avtKnsz3n9qm5+Nui/CTWNT8CfEPRtIn+ybITN4d+0yR/9/ZfKP8A36r8uv8Ahpb9vzTdU8++/ao1LzIpv+WPhXS/K/8AIUUVfqv+15e+V8I5YM/624jr8rPG3/I0SQef/wAxOWP/AMi1Hs/bRuazr+ydj9D/APgnN+0H8W/jb4I1fTvjHqFvqWs6HcWuzVbXTjZC6ilEoHmReYcS5ik9sFDX01N/qfwr5K/4JjqILvxQzf8ALWzsP/Rt1X1pXRh/4RofzC/8F49Lhvf+Dig2flcS2ugZH/cKta+pvhj8Mf7Yit7iCxr5o/4LWRHVv+DlhbFegOgxn8NAtZP61+gfwZ8Kwf2NZz+R+7ir2cB8Bw4yn7UueFfhXY/ZfInsf3dd5o/wr0qby8wfu4q6DQdNg/dweR+7rrNN03EUfNddSoZ0qRxf/Cq4P9RBB+7rn/En7NOh69FJBPocXl/8tvK/5a17hDZ+TFHViaGCaKPisvaGnsz88/j9+whoWpRf2TBpX+j+d5n/AFyrxP4wfsT6r8WvAd5BocHm+MPDmm+X5M0P73WdL/8AassX/oqv1c17wfY6x5n2iD/ljXn+sfBODSNU0/xVodt5dxYXnmQ+VWf1k09kfzv/ABC03XPDVpHcT2Mv2jRv9G1KGb/W+V5vlRV0Hw98S2WmxRz2M/mWcv8AqZfO/wBVX6Of8FPf+Cctv4ki1D47/CTw59mvLqaWTUtJhh/z/wBda/MeHR77wHf+QYJYreL91eWk3/LrLX1OU4n2iufN5nhLo+lPhv4qghureCe+8uTzv8y194fsQftCwabfxwTzxeX/AMe15FLX5l+CdSgvNKs76382SO1m8uab/lr5VfRnwH8eT+G9es577939q8r99/7Vr7mj++oWPyLOcP8AU8RzH6efGX4PwTWH9q6VB5ccsPmWd3F/yylqT4NeKr7xJoMmh6qPK1Cwm8uaKtb9lP4teEPiH4I/4QDxDcfvPJ8vzZpqzfG3g+f4T/FC38Sf8ud1/o15/wBcv+WUtfKZlh+ZThP4j6PhvMnGtDX3ToJofNqPPeeCtC8s/wDlv/3+qv8A9MJ6+IlDldj9VhONSPMR9f8AppUnk/8ALD/pjRP2o/5a9P3n+r6VJZJD5/m+R/0xqPybiaX/AEiCSWPyfLh/6a1JD/rfPn/5a1cvLSD/AFF9+6t4of33nV0HOc/qd55w8j/j5/54+T/qov8Arl/z1rP168nl/wBf9pj/AOmMP/tWus1Kz/5b+RJF+5/57f8A2r97XnfjbWYBfyWGfL/c+Z5UVaAY+pa9BNqkkF8PN/7bf6qo5pribVJIJ57m2kih8zzf9ZXPz3f2O68jyfN/57eVWxo/kS6fb6VPBL/rvM/czeVWNQ6DoIfI83yP9XJF+782KrkLfbJYxPB5v/TH/P8An/rrUcMMEP8AqDJ5nnf+QquWk3kyxwTz/u/9Z/0yryT0C5F/yz+3z/vP+mU3+trQu/8AVf8APKSq9nCf9f8A6uo9Ymn/AHcE48r/AJZ+VDXTS3Mquxn3l4Zpf+uX/LaL/llVOWaeb/nr/wBNq0IbPaPPFv5nm1Hqc0GPIJ/7bVrHcwMPUpp4f3E9Y95NBDLJPj95VzXryCGX9xDFF/2xrg/EniSeaX7DBB5lxdTf8sq9PB0fb1vZniZjjqeBw06kjD+J3jywvLW80r7R/o//AD187yopZf8Anl/1yrw/xJrGheG4pP7Wvo5ZJf8Al0tP/avm1sfGb42eFvB9rJY+HPs1zcS/66b/AFsvm18x+NvHniPXruSfVZ45JPOl8mL/AJ61+l4ChSweGtE/BcVicVnGYzk9jtPFfxg/eyQaTPJH/wBMvOrk5vi1qn2qO3gnufM/55Vh6d515NJfQX3/AE0mihh/1UVSQ2fky/bvt0cdv/rIf+mtY4jHey+M+nyzKXb3DtPCvja+NrJPcQfu5f8AlrF/ra9A8N6brnj37PqvkeVbxQ/vtQ/5ZeV/z1l/z5ted+FdBnmv/t2uaVJ9nl/1OkzfuvN/6ay/9Mq7DU/iFMLD+yp9Vij0v/n0tP3UUv8A21/1sv8A39ryamL9qfSUsH7Ir+Kv+EO0fWY7HwdY/wBr3HneXNd3fm+V/wBsoovKrn9YhgmX/QZ/+u0MUMXlf9tf+WVXNY8beB7MeRff8tf+WN3eReV/1y+zWn/tWWuD1Lx7/wAJVfyWE/7u3i/d2cNp+9lll/55RReb/wDuq57nT7Kqdp4P16HQJv7VgsZfM/5c9P8AOll/e/8ALW6/z/y1rn/2g/FU8viePQ/Dnly3l1DFZQ2nnfuvN/1vlVz+j+JdV8YeLY9Dn/dSWs376LT/AN5LF/zyi83/AJa/6qu8+BvwrvviF4y1T4m65BHcxxTSx2d3/rIov+esUX/PWX/prXiZrjXTp+zR6WW5b7Sr7SZJ8DfhjB4J8L2+q3w+wx3/AO8+16jD/qov+evlf8tZZZaufFPxhb6bpcn2HzPMlm/c+d/ra0PG02uax4ouNVuIfM8r93D5ted+K/PvJvt19P5vlQ/ua8TCYX/l6z6PFYhQo+zPF/jFeZsLye9h8z9z5v8A11/6a18V+HLP+3virpdj/wA/+vRR/wDf2Wvsz9pC8gh0G80qD/j4l8r7Z/7Sr5L+A9kdY+Pvg+A/8tfGFh/6VRU6v8UrBfwj+rfxe4j/AGA/Cmmgf62xvrn/AL9ZlrV/4Ja2X9jfsyeC9JP7v7LoNrH/AOQqw/iddi3/AGF/BcfneUT4U1mSus/4Js+fD8B/Df8A2DYq8HG0vfNMH/GPaP2v/P8A+FcJnH+v7V+W/wAQhBD4ykI/5a3ktfqZ+1xiX4ebf3n+ur8p/ifNBN4o1Cczy/uryii0oSOip/GR99/8E1pQ1xqCj/lro8Un/kWvrX/llXyH/wAE1ZxNJHc/89PDfT/trFX15WGCqc3Odstj+Zj/AIKzoNT/AODn7VIP+fSTS/8AyF4RtJa/Sf4TQ+ToNn+4j8uL/pjX5of8FJro6x/wdIeJXHSG9tIj/wBs/CFrF/Sv0z8E/wDIGs/I/wBX5P8Az2r3sCefif4p6Zo80Hlc+VXQWl6vldK4vRdT/deRn95W5Z6l+7jgrsGdZDqX8MFSC8MMvkGub/tPMX7irH9peTFHXGaHSTTf6uDP61JNDBNF5H/LOufg1jrb/wDf6rg16CKLyP8AyNQX7VEesabY6xYSeFfEkEUtnL/5Cr8r/wDgrp/wTqvvh79o/aF+GWlebb+d5esWkUP+ti/561+pk+sQzyx/Z/8AllUnjzwpofxP8BXnhu+sYpfN/wBdDN/y1ir0MDifq1Y5sTS9tRP52/hjr0Gm69JB/wA/X/TH/prFX0J4V03/AEC3nguIo7eXzfsf7n/lrWH+29+yL/wzf8X7zQ7G2lttDv7z7bo93/zy/wCWtHwf8bQzaF/YWuQeZcWE3l3n/TL/AKa/+RfNr9LweJ56MJwPxriTBSnW5Jn0Z8H/AI/T+FbW3n/49pLWby5vK/1sVfbnwr/aE8K/HPwZH4O8Y30X2jzv3N3LX5v6DLb/AGrOq/vI5bPy5v8AprF/z1rtPhv8Qp/BOqW9jP8AuvKm8vzoa76uEpYxe8fnlbF4jJsTfofpJoJv/wCxf7KvhF9osP8ARpv+msX/ACylqOb97XH/ALLvxg0r4kWsfhXXL7/TLqHy9Nu/+ev/ADyilrtNShns5ZIBB/0znhr8zzvBVcFieU/dOE87pZvgIWK8037r99/q6jmmPQfvarzTDPkY8v8A6bUQ/uZf3EH7yvFPsjY00ed+4n8r60a9rxs4v9Og/ef6zzYaj+2fY7D/AKaVz81n9suri+vp/Kklm/c+bW1MxqGfealPrF1cTzwXMn/TH/nrXN+JPPml+w2MEn/fny//ALbXca/pnkxeRPPHHH/028r/AEX/AOO15/4k1jSrOGSxsfKk/wCe3kzRRf8AtKtjE4PxVr1xZ6jb2MBi+0RfuoYpv9V/1yrpPB+vQala/uL6KKPyf+PS7rh9e/5Ckl95H7yX/pj/AKr/AKZVY8Kj7HLb/bvNljuv+W3+f+mtBoe6TQ/uv34ik/6bVJD9om8vyPL/AOusM1SfbIJep/7bUCaDzv8AUfvP+/leOeoWIfIml8jz5Y5KkEPnXX/LKL/prDVfzp/wi/5Yy1Y03yN/Xy/+m3k1oY1CxNZ3Hl+QYK5/Xv3P7i4/dyV2k3+qj/ceV/1xrD8SabDN5l/BB+8rqpnPUPM/G+pf2Pa3F9PXy/8AH748WPgPRbi+/wBbcapD+5tPO/1Vr/z1/wCustekftXfEP8Asw2/g7Sr6OO41Sby/O/59bX/AJa3X/bKvjPxhez+PNe1Dxj9iuf7PsIfs9nFN/y1/wCWUX73/P8Aqpf+eVfWZHhJ/wAY/LeMczj/AAEZc2seI/FV1/wkeuebHHdTfufJh/55Vj+RB/ankf8AHzJWx4k1ifQbWPwrYz+bJF/x+TRf8ta3P2e/h7P431m386aLzL+b99d3cP7qKL/Wyy/9sov8/wCqr6ipV9kvePlMowqquyLHw3+D/j/4h6pcQeAPDktzcRWf+mXf/LtF/wBdfNrpNB+G/g/4e6z/AKDPfeKdUl/dw/2TN/39/wBJ8r/0VF/21r2zTdG/4STQY/B3geCXSPh/YTf8tof9K1mX/n6uf8/uquDWPB3g+KSDSrCTzJf+eX+tlrxHTq4it7SZ+gUvY4SjyQPC/Emm+KobX+yp/B2keG44pvM/s+Kzilll/wCussv72uD17TfEc13/AKRfRy3H/XGX/P8A2yr2j4kaxfa95n9leVFH53+t/deb/wCQq8T8eeD/ABx4klj0PQ/tMX2r/XTQw/vZf+2v/PL/AMhVqY08ScvjwPpuqf2trmqyalced5cNpaf62WX/ALZf6qKrH9peKfifd/2H4VsYtN+y/wCjTXenw/6NF5v/ACyi/wCWssv/AFy/1v8A01rY8N/B/wAHeA/Lgn8vUtUl/dwzQw/aZZZf+mUX/wC9r1DwH8Mb7xILfQ/Dlj9ht4vN/tK7tP8Apr/rbW2/9qy15ONxVOjuengsLWxdb3Dj/hj8H5/El1H8MvAH+hRy/wDIe1aH959gtf8Alr+9/wCWt1L/AKr91/yyr7As/hLofgP4VWehaHpX2azi03y4YZf9bVz4AfBnSvDelx29jpUVtbxQ+ZNDD/5CruPiFZibRZB5/lx/6uGGvk6tWpiq3OfZUqSwtHkPkfxVps9lo15qs8H7zzv+W1eN+JLyCHzP9Hi/dfvJq+oPjBo9jDoNxY2E/wC8/wBX++r5n8SaP5/+o83y/Olk/wC/Ve1R/gnj4o+b/wBpaaCHS7wXA/5Y/vv+etfN/wCyZZDU/wBqbwHYmH/W+MLD/wBOEVfTH7XObLwReTwQS+Z5P/tWvD/+CcugnXv24vhvY/Z/N/4qqKT/AL9fvf8A2lXk4n+KduD/AIUj+mT9oqZdB/Yt8JwTw/8AMk38n+p/5616h/wTf03/AIxz8Jz/APUHi/5Y/wDTKvCv+CsuuWfwX/YvtWvtYs9KWy8AC2FzqExjto5sD/Wf8tfy/e/jV3/gnt/wUb+FXiv4H+F/BfwF/Zq+NnjqztdOit/+Eh0rwRFbWN1+68rzYpbu6i/dV4mI/eVTpw1RU6p9gftagD4ek4r8m/H3/I06h/13r9Af2iP2lPivqnhLZN+w/wDF1LXEnmzwjRpP/If9oebX45a9/wAFUfg7o/ie88OfH/4ZeP8ARNYtbyWO88rw3a+V/wCjf3tRRqQvOJvL36nun7Bf8EzLzzoLPyG/d/8ACOS4x/12ir7EnyM8+lfm7/wRn/b0/ZP/AGofG0nwq+AWp+KbrVPDnhGS51KXVfDkltbRxSzQ/wDLU/8ALWv0flJMXI7Vx4OMqSnzdzvafun8vn7bE02sf8HQvjfH7ySLxVLH/wB+tAr9VPB//ILs4vI/1tflV8cD/wAJN/wdJePIf+evxI1S2/79aLL/APGq/XXwf4b+2Wsc8H+rihr6HC/wjhxH8VBZzeTN5PkVsG8/cx/uKsTeG57NoxPB5Un+sqP7H5PT/WV3rYxLEM3nfuKuQ+fN/qK5/wASeNvCvg/S5L/xVrltZW8UPmTTXf8Aqoq+b/id/wAFk/2CvhVNJBP8d7LUrj/ltD4ehluaKeHlMz9vTPrjyfO/1/7qSsvUpriyljuN3m/9cq/Pjxt/wcZfss6OM+DtB8QalJ9Io68i8Yf8HDkGpX8k+h/DLUv+ekP/ABMov/jVaxwz7kSxaWkUfqx/aU+m3Ud95/m/89oq6jR/GFjDNH5HleXLX4x6D/wcB65Z6p5994HvorPzv+WsMUv/AF1/e19GfCv/AILVfsvfELRrf/hI9V1LRLyXtdw/uvNp1KMSvrDPpD/gpZ+zppXx4+A2qeI/Dlj5uqaXN9ts/wDnrFL/AMtf8/8ATKvyf8N+JINBuo9c8jyvN/0a8/c/6r/PlV+snwZ/au+HXxU0vz/B3j/Sdbt5f9dFaTfvYpf9bFX5l/tu/DG3+Bvx91jw59hli0fVPNubOGKvqcjxf7r2J8XxLhVUXtDqNN8YaVeeXBY/uvNh82Hyq6D/AISqD7LZ3FjfRySf6ub9z/rf+mVfMfg/x5PZ/Y7G+g8yS1/d/vZvK/5Zf5lr2Cz1ieZo9VsYIo5JYfM86H/0bX12GqXZ+SZzlc8TRvM+oPgP8TtV8H6pHYz3MsVvdTRSabND+68qX/plX3/pnie3+Knw4sPifo7R/bNn2LXo4v8AllL/AM9f+2tfl58MfGEOpWFvY33/ACy/efuf+WVfZ37FXxl0vTfFH/COa5ti0vxGfsWpRH/llL/yyl/7++XXDxJl8cZguaHxxPL4Kz2tkmdewqv3JHrU/wC+/wC2X7uizm+2VseKvCv9hazcaVP/AMsv3dY//HnF5FflPK46H9Q4etHEUFUiXL2b/VwTj93F5Unm/wDTKq+pTX5ureDRII444v8AXf8ATWsuHUv9Kk+0QSRRxf8APao/FOpT2dr/AGTB/mL/AJZS/vf+WVa0zcr69r1h9rk8/VrmWSWH995373/0bXn/AMQpvsdrJfWN95lx/q/Om/1v/bWpNe1jydUuPPn824i/eQ+V/wAsv+mX/PKsvWDfaPFJff2f+8+2S/uf+mVbGFU5PUvOm/1/+jf89vO/e+V/nypasQzZlkgnPlf89of+WsVR6xeZNuLG3/8A3v8An/P72q+kQwWl1/pHmf679z5X/PKr9kZHuE0/ncYlj8r93RZz3E3T/vzRDCP+WH7v/rtViCGfMcE8EX/f6vIPUNCH/VdPLrQhhnzHB/35hqvDZz+b/qIo5K1LOGea1jgFaGYf2nB5f+orH8Val9jsJK3INN4kn+wyRSV5/wDtCakfDfw01jxHB/y62csn/kKuqh/EPPxtT2NG5+e/7WnxfOp+NPHHjHTpv3drpsWg6PND/wBPUvlS/wDoqX/yFXJ6dqPnaXp9jBY/ZriKaXUZv+eXmxRfav8A0bLLFXm/xB8Vf2lo0mlfuv8ARf7LuZvJ/e+b5UuoSy/9/ZbmKrnirxtBo8VvBpV9LFH/AGP9i/df8sv3ssUv7qvvMBiaNGhyH4/mWDrY7Hc/cy9S16C81mOG4g8qSWb99/1y/wCeVfUn7KPg+C88G3niPVr6Kys7qaLRYZv+mX+tupZf+/X/AJCr4j03WDeeKLif/lp5PmTeb/yyiir7Q+G/n6b8IPCfhWDVfL82GXyf33/PXyvNl/7+/wDoqsamLVWtyHvYbLaeAonpHizx5P4x1THhTSYrLw3pcP2azhlh/wCWUX+qrz/XtenhupLGxn82T/nt5NXPFXiozWscHg4xR6fa/wCjQyxeV+9l/wCWssVY+gtYTf6bPpMkdvF/qfJ/1sv/AMdl/wCmtdPtDE7DwFoNjqf2f/hI7G58yWby4YdO83zbqX/nl5v/ACyirk/2hfHfhXQdZj8HeG7Gyj1D/lt9k/1UX/XWX/lrWh8TviRP8B/hpJ4qn8uPWNZ/0azhh/5dbWvE/hvL/wAJV4zjt9VHm/ZbO/1G883/AJa3X7ryv/RsVeRicTWpI9PB4aOIPUP2e/gDrvimX/hMfGRlk83zY/O/6ZRf8utt/wA8ov8Apr/01r6w+D/wlsfDejSarfWMf7r/AFMP/LKL/pl/36rU8EeG9D034c6HcWPl+X/ZvlzVuXmpf8Su3sbC4/1X/kWWvjsVia1asff5dQVCiXIbzMUcBg/79Vj/ABJlgs9B8gn/AKaQ1uWYgs7CP7R5v73zfJ8n/W14/wDtOfHLwD8MdFk1zxj4qsdNt4v3cPnf8tZf+uVFCmaV6qOT8Vab/bFhJPP5f72HzK+U/wBpD4zfB34D6FcXviPxHbSXkX7z+ybSbzJZa5P9qP8A4KNeKvFWjXFj8KoZfD+lxQ+XDq2o/wDH1L/1yir4P8Va94j8Vapea7rmu3NzJL+9vLu7m82WWu2eJdI8unhpYip/dNT9oT9rrxv8ZpbjSoNLttJ0OWb/AI9If9bL/wBdZa9w/wCDfv4Py/Gb/gqH8NtDghEsdheS3s3/AFyiill/9pf+Ra+L7ya41O6jg/ef9Nq/Vz/g280nS/2cB8Xv+ChHxDg8rR/h54JlstN+1/u/tWqX3leVF/36i/8AItccaVbFzOrF16OCwh9Sf8HC3xn0r4/ftExfsn6NrWPCPgfw5FfeO57Sf/j5v5f3thpf/bWXypZf+mX73/llX6Hf8Et/ClnoHw10uxtrSKGO102KOGKKDy/K/dV+IviTxl4j1jxB4b1v4jnzfEnxB8VReJ9eu/8Anl9qi82KL/v1LFX70fsAeFr7w/4GguL7T7m282D/AJbQ+XWWY4eNCcYHh5Tjp4qvz9D1P9pecWnwi1Sc3Bi/c/61O1fzwfFvwfpV58c/FH22DzPst55kP/XWv6GP2qYZ7j4QagbWDzJPJ4xX85f7RfxU0Pwf8QvFGuX19bRXEt55nled5fmxV8v7ObxE1E+4ThFwZ+l3/BB/VU0/4r6p4cheERTeD7qfy4v+md3aD/2rX6kTBWidQMgDg1/Lz/wTp/4Lo69+x3+0k/iy8/Z6vPFWkXWkS6Td2Wn6yI5YopJYpfNi/deV/wAsh/y09fSv1O8Yf8HUX7DHw98CQ+PPFf7PXxptra5mNvEItE0eTM3k+Z5RcapiP8a78DhK9KEvaRMcTi8IqvJGfvH5o2/gfxXrf/BzZ8U9Yt/DVzejSfHniPUbuPyuYrWWKW1il/7+3MX/AJCr9nPh7rGh6P4c/tW+0P7DH/z18mWSvxK+E/7a9/8AtY/8FE/F/wC3X4J8F6v4V/tjxH5mg21xqUVybGL7JFFLFL+6/e+b+6/+21+zPwB+Nnhv45fD7/QZorHVIof9MtJf/aVevRi1TR5dZ2qGf8SPjNYmWS30OCO5/wDIdeR/ELx5441LS7y40Ke5tvKh8yb9zLJ/8ar0T4h+CYJ7WTz57a2/6ZTTV89/FP4e3091/ZR1aO2jl/487S0h/wBJv5f+mUX/AC1r06VWjTI9lWr0z8p/+CsfiL4g3XxF03S9R8fyXFvqln9p/wCEemj/ANJi/e/upZf3svleb/2yr5r8H/s0/tDePJY7Hwd8K/EmpSSwyyww6doMsn7qL/W/8sq/eD4G/B79nP8AZd8SXnxM1Xw7pNz4w1SaKTzbTTbW9vrWX/prcy/6qWX/AKZS17BqX7aXj+zsLzVfBvwr8QXN5dTSyQ6td/u/sEUvlfuv/IUXm/6r/W1FSp7XY66NKNGn75/Onefsi/tJ6bLcQX3wj8QRSWs3l3n/ABJ5f3X/AF1/dVHD8AfjFDp8l8PAGpRW8U3l/vrOX/W1+tHxO8H/ABA+JHi2PVtVvtE0S4uryK9mh/tL7N5t1/z1l/56/wDLWtjUv2b/AI/WejafnVfh54t+wTS3MMV3DFHLYS+V5v72WL/llL/z18qs6dKuypyw5+Rf/Cn/AB/Z6XHNfeFdStrfyf3001nL5UtR/wDCE+I9Nij+wwXMkn+t/cw/+Qq/UCz8S+ANT1SPw54x+Gd74O1S1/ef8S68lii/6ZS/uv8A2rFXpjfCvwr41sI/B+q+G9N8W6P5Pmebq1nayXUX/XK5ii82oqU61Njp+xqrlPzX+DHxB8YfB4W/iqxt77TZJf8AmI2n7rzf+mUsUv7qvrz4tePLH9vb9jePxxY6VJF44+H00UesWnk/vZbWX915v+f+eVeifEj/AIJm/DGHRpNc0rw5qWk2d1/qfEPhm8+02Plf8svtNt5XlRXX/PX/AFVed/D3wf4j/ZX8e/2trl9bavpes2f9nXmradD/AMfVrLL/AMtYv+usUUteplWMdLFWPCzvLvrGH5YHyHpupzi0+3T28UXlTeXN/wBMv+WVeseA/G08NjH58EUlv53mQ1c+P37Pf/CH+KLyexgli0/VIftNnN/yyl/1VY/gPR72z0a388RR3EX7v97/AORa/Q8LiqNj8pzXCV7ezPYPAevT6brNv5+n+V++/wCWtnLX0J8K9ePhvxHHpV9YyRx3UP7mGGvD/hj4PvtY1S38j/SZPJ8vzf8Apl+9r6Q0HwrYabrOnwX3my/ZfK+xxf8AtX/trXbLGUaisflGYZXi6NaVePQ+19D8az/Ef4R6V43kdLnULAf2XrU2essX+rl/7aRfzFVLyG4m0rz57GvLfh18btM+F3xIis9fix4b8Xp5Oqx8eV/116f6yP8A1n416P8AE3wfe+HNTk0sa7i1k/0iwvoj9+1/z+6r84zbAToYr2kPgkfufh9xRh8bl6wtaf7yJjXmsX1nd3n9lQeb9lhi8mH/AJ6yxf6qL/yFLXL+JNSt9YutPn0MRy+bNLHo80Plf63/AFvlf9dfK83yv+ev/bKo/wDhJJ7y0uP7ct5PtEs3mfa/9X5sX+Za5vxV4wt9H124n0rzJZP+e00Pl+bLFL/rf3VcNKkfpntTqPDfgP7Zqn7+xlk/c+bN/wBNf+eX+f8AplWH+0jNY6PdR+FbGeOKSLyo5v8AP/XWuk8K/Em+0fRbjxVfarL9suofM/1P/LX/AJa14f8AELxVcaz4tk1Wf/lrDL++rpp0jlq1SObV/tkvkT/89v8AXTf89a0IZvOMf2ieKL9z/rq5vzp4ZfP8j955377/AK61oabeQfZY7Gbzf+ennVmZn0JN/asMX7ixilSKrkN5fXkUfnwf63/nlNXQTQWBOZ4P3lH2Oy9Zf+/Neb7M9L2hnxef/wAsJ5Yv+/VakN5PDL/y1/7a1JZ2cHlSf6P5cfnfvv3NXINNPSC28r/rlR7MosQalP8A8e88HlVwf7V2j2GsfAjxJ5/+r+x+Z50P/TL/AO1ebXoE1niGMzweZHF/5Crm/jBDBr3w+1jSvs/7u602WP8A66/uq68JH9/A8vHfwpH4T+NtY+x6h4ogg/497D/Rof8Arl9qi/e/+Qqw/GHiW+h0Cz1zz5fLuppZPO/5ayxf6L/7V82vUPjN4DGj+MtQM9j/AKHdab++tP8AnrF/qpf+/X7r/wAhV5XqUNhN4Sk0OeD/AJBepfaYZv8AW/upYv8A97X0OJp+xifN4GjRqS1MfTdTnhupIDP/AK3/AF3lV9WaD4xH/CpfB81jPJFJLD5c03nfvYooorX/AOSZa+X4fDe7WY/3H/LaKvaPhtrPkaz4f0rVf+PeW8v7byZv+WUsssVedhqrhWPRzDDRqU4wpn0BDo8//CGaPB9h/eXUMsk3/TKug+EugjxJr0c/2eWO3tf9TL/yyqxNDBN4T0+eD/llD9m83/nlXafB7Tf7N0uOD7D+8/5bf5/7ZV7/ALX90fJ4n3ZezPk/9vzx3BrHxM/ss2/l2+l2f+q/5ZRf8soov+/tHwH1Gfwr4t0+x8+PzLrUrWO8l8nzP3Uv7r/47/5Crk/2xoYIfjdefbrHzPN1iLzpf+eUUUvm1l+FfGGq6b/Zd+YJPM8mL/yV82X/AOO15uJXtaR7eWw9kon3h8H/AI8WGseE9Y8DQTy/aNB1KLzov+mUvlRf+Qv3UVeoaPr0GpWtmYf+ePl18R/s0ePNK8EftX6hpWun/iX+I9Yl06a7m/6eov3Uv/f3yq+0PAej39n9o0q+gi+2Ws3l/wCpr5LE0vZzPtsNV9rRJPjB8VND+F/w91Dx/wCI4bny7CHy7OK0/wBbdS+V+6iir8q/2ivG3jH4nePNQ8VeP9ci+0WE3l3k0v7yx0aWX/l1tov+Wt1X6Eft1zf8Ir4Dj1zzpP8AQIZfsdp5P+t8r/Wy/wDXXzYooq/K/wCNmvarrF/H4OsfK/s/Rv3c32T/AJa3X/LWWL/tr5v72uxfu6J5tSUquK5Dzfxtrv8AwmOqSXE4uYtLtfKtofN/eyyy1x+vwnTbC45/0eKH/VQ/8ta6C8s76DULefyP9H0ub/v7df8A2qq97o8F55cF9B/o8X+pih/8i/8Aoryq5P4x61KMaehj/Db4Yz69df2rfQR/Z/J8yaX/AKZV+ln7UWkXn7MP7Anw2/Y20DSfs2qeMof+Ew+IUPneX/pUv7q1tf8Apl5UVfOf/BMH4VwfH79qDwX8Ob6DzI9U8YRXN5F5P/Lray+bL/6Kr6U/4KU+K9T179pjxX4jjtvnl1OWy039z/qoov3UXlf9sooq+myjCc1PU/NeMc49nXVKH2TyJfjN8Q59buvEeh+BdI8R3mn3cv8AZ2rahplzc+UYv9V/qpYq+nv+CZXjD/gpL8aPjfF4q8cftO/E+YQ3nmy6Kviq/wDsFv8A9Mvs3m+V/wBsq88/Z7sPDWh+Erfw5Jb+XcD95dB+0lfpr/wScm8DjxjJY6TDF5n2aSSHP/LWXNehnmS0aWD9vP4j8tyLjPH4/PYZXBcsOf4uv9M+sde+Dfxs1T4J3vh3Wf2g9SudXl0giS7uNCsP3U3lc+X5UUVfzv8A7ev7J8/wt8W6pYeOLGK5vIv+PPUZrPzJf+usX/fqv6ibyNJLJ4exSvxm/wCCsfwH8R/Fr4oahPodhbfZ9GvJbbzpv9V/ra+FyvBU6uMufu3E2YVsty1Sg9j8WbbwfrPhrxOt/oV7dyvKvzxXMP8Ayzr7S+EH7Jlh+0d/wTw+Llx4pMsVxoPiTwvq0Hlf8tf+Qra+V/5FryT4mfCPUfCEge7tZIju/wCevmV97fsDaVZ+Hv2LfG+i3Z8z/hJtN0y7lz/066zbR/8AtzX2ryy2GlY/LcJxZOvmNJv7UrHz5+zf+zrY+CbCOCx0r7NH/wBca+0P2S7zVfB/jzT57E+VHL+7m/6axVn6l8N4IbPz9Lsa9I+A/hv7HqEd/PB/qq8iVKjSw5+xwftZI9o+MHw28Y/E+KM+HPEf2G4uofLmu5v3tcXZ/srwfDfRpIYJ9SvdQv8A/kMa5dzeZfX/AP0y83/llF/0yr6A8E2cE1hbzzwfvK6zxJo9je6f9ung8yT/AFdfO/aPpsLStTPg/wAbeD9V8HRSJ4O8ORf2pL+7hih/dRRf9NfN/wD3VfG//BTL/goRffs16Hp/wk8Oa9bat4kj0eW51ia0i8q5tZfN/wBF83yv9V5sX73/AJ6+VF/01r9YPjN4I8Hf8IbqGq6rY+b9lh/5Zf62vxv/AGuv2Uf2qP2ivHGuWPwkvtJtrPxHr0uq6l4n1G8liiitfKiii0+X/Rf+WXlS/wDTL97Xo0k40jz6y9pW98+G/EH7TP7YXiPxZeDw5FrUcesQ2skNnDaSyyxRSxRSxfvf9b+9r3XwN+3N+0F4O8KvqXxJ8J6w1rb6dvu5Nau5THMfK8qXzPN/1X73/lr/ANNa07z/AIJa/tbfZbeb4jft3eBNE8qGKOb+0fiFf+b+6/1X7ryv+eVdB8Pf2A/Dnm+R4q/4Ky6B5ks37n+zvFV1LFFdeV/rf9b+9/1UsVddOjiPsnLWqYen8RX8BftIeB/HkVx4jg8VfYZJbz7F4bu9cm+zWt/5X+till/5dJf3sX/f2Wvoj4eeNoPAcUcGq6Vc2V55PmQwy2f7qX97/wAspbSX97F5X7391VfR/wDglT+0L4D8OW8/wy+MWm+KdDlm+0+daXn222v5Zf8AnrFL/wBMvK/5Zf8ALKtzTfhjB4J0GPwP8YoLLSZPO8v/AIkcMUUUUv8Az18r/ll/1y/8hVz1ZVL8rNacKbXtIHrnwY/a60ObWf7Dvp7nSLOX935urTRXOmXX/XK5/wBV5v8A11/e/wDTKpP2rv2b4PGGjf254O0P7DHf/u7y0hh821/+1Vj/AAN+D1xZ6z9u0nVbLUrf/V+dp00v/fqX/wCNS/8AkWvojw58Pdcs/LvtKgtpLe68qO806b/l6i/55Vxe09lV9w9GnS9sfB/hvQdc8beHLj4A/E2COO4tZpY/CurQzeb9q/dfvbT/AL9f+iq8rm8H32j3+oaHrvm21xF+8/1P/LWvvj9or9l3/iVx6r4c0qSyktbz7bpt3F/rbWWvmP8AaQ02/wBY8N2/xAsbGK21Swm8vUv+msv/AD1/z/0yr3MDmUoPkPm83yOlV9+Bh/CXxJ/wjf2e+gvvM/feXN+58ryv+Wv+f+ute2ax4wt9S0uzvvsFtHcWv7yGbyf9b/0yr5f8H6xBeaVJPpX/ACy/4/Iv+fWWvTNB18TRRzziX/pt5VfUUK3tWflWfZfGjh3TiviPXPiH4wvrzw3bwCeX/RZopP30NfVP7MXxPl+PP7M50HWV8zWfCsXmafMX/eS2v/7r/wBpV8XaDrGlaxo0c99BffY5f3fmxf58qvVf+Cdnj4+D/jRB4ZmcRJfy/Y7mIjPmH97g/wDbU/8AoqvSxdGlisHY/I8L9ayHOYVKb0e51fj3WbKziksdVPmyfbP3MPk/6r/pr5tR6D/xONLvP38sl5+9kh/c/wCt/df+ja6D9oTwHNoPxL1TQ54JJY5ZpZP+2Uv72svw3D9j/wBBng/ef8tq+S9jys/pXKsx+tYONUj1jR/P0GSDz/3cUP7mavO9SvJ/Nk8+CLzPO/11ewa9/oel/YZ4P9b+8ry/xVDB5vnwf5lqOSR6HtbnP+aTFHbwGpPtkBi/f/u/3P8A36qO8m/dfYYIKy/Oghl/1H+trH2TOj2qPtiebzv3HkRSVHDN50v2cwVofY4PKkz5vmedVeeynsouYI5a8o9Ekhm/6b1qQTQeT5EE/wD2ymrHs/8AVeRWppsPHXyq0MzU/f8Alfv65vxhN5VpJB+78yti8m8jy5/Irk/EmpedqHnzwf8AXGunC6TOPFH5x/tUfD2+07xlqk9jYyyR6XrEV7D+5/1trL/rf/RVfNfjfwT/AMIrrNvqtjB5mj6pZ/8ALH/P+tr9LPj98PbHxLqlxPfQf6PdWctlN/0yilr4/wDiF8K59Btf+EVvoPMj/wBZZ/8AX1/y1/65V9D7elWo2meDTw1Wni+aJ4P4P0Gxm1630qfyv3U0VtD/ANNf+eX/ALVrrNY8N30EMeq4/wBIsLyK98mL/lrF/wAtf/RVZ8Pg+fTbqPSreDzZIpormzl/56/88vKr1yGyGu2EeuQQebHdWf77/wBq1x06SPUqXpz5z1D4P6lY+MPC8ljY6r5n/LTzpa9k+EtnBNa/v/8AWRf6NN53/XKvmP4bn/hAr/8AsqCeWL/lnD/zyuov+WX/AG1r6k+Bt3YeMLa88jzftn/L5F/01/561006h4WPwd5e1R8T/wDBQLwTfaZ8Vby+gsf+Pqz/ALR/1P8Azy8rzf8A0bXh9x4qvodG1C+sf3l5F5UkP/bXzYpf/atfoh+358E/+E2+Gln4/wBK0rzbzRvNjm/65S/63/0VX556noP/AAjd1bnyP9H/ALNi8nzv+WvlXX7qX/P/AD1rLE0/3R14F88OQ1Pi3428nWY/GOlTyy/6q4h8n/VS2sVrFLX6Qfso/tUeFfiFa299Yz/2leaDeRRXl3N+7/tm1/5dbryv/IVflfpiTw2EdjfW8ssejebbfvv+WsUsUtr/AO0rauo+DPx+1zwTqmlz6Vqv2a4+xxWX+p/1vm/8sq8DG0FOke3gva0qp+hH/BRrxVB4s8JXnhzSZv8ATNL+Ht/+6i/6etVtbWWX/v1L5tflH4wsv7A0q4vp/wDWSzRR+d/6Nr7s+A/xg0P9oP403lhe3H2m38ZaDdad9r/55XUVraxRf9/YovN/7ZV87/tCfCC+0G6vLHXNKi8zS9YijvPO/wCuvlf+1f8AyLXNGl+5Oj2n+0HzH48hg03QdLgJ8uOKG687/wACpf8AP/bKq8OpaTefYz9hjjkivP8ATIZv3nmxebF/9trc+JGmz6loMc8FjHF5U0Ufk/8AXWL7V/7V/wDRtZ/ww0f/AITD4l6PBOPMj1n97NN/0y/4+pf/AEbRRpfvjq9r7KkfV/8AwRb1tfht+0P4+8eWmjxyXHhPwjLp+gWk3/LOS5u4h/6Kklr7J/a5/Zig8O/D7/hZnimCP/iaab/aNnD/ANdf3tfL/wDwRv8Ahvf+J9H8efGi5sf3eveJPstlD/z1ll//AHsX/kWv0u/4K8eE30r4P6HpWjf8uWmx25/65dP6V93k6hSrU6b6n4Vx7zxxEqtOXY/KD4feLtWN1d3rXB8y5u5civqb/gnn+0p4p+BH7Qmj674inkttLj82W8EsPlxeV5X+tr5e8FWOkaNYSalqF9HBDG28SSeX8klem+DvD3jL4vazYeG/hL4bvdbvLqY/6JpMMtz5vlV7+a06E8Jy1T84wUsZRziOJwlK8r72P3C+Kv8AwUN+BfgnwN/wkOm+KP7QnubTzLMWkMvlN/218qvyQ/a6/bFg8QNeCw8NRRx3955k0ss3lyyyyyy19SaZ+wf+1/8AFrwVodvceDIfDgi0iKGf+1b2LzYv3UX/ACyi82vnT9pP/gjn8WNL1S40zRfiJq99qks8UcMOk6DFJ/y1/wCWX+lRfuvNl/6ZV+d4eWCwmI0P2bGTznOsCo4iHKfFPxD8Zm+b7SB/rR/z28yvpb9hD4z2Ufw7vPhtqF0PtmqQ/ZtNtF/1ssv9qafL/wCiopa4n4p/8E1Pjb4NhNhHrckt5YwRC807UdMljufN/wCmckXmxf8AkWrn7D3wt8dWv7XOgfD/AFbwfqVlcWk/n3MU1pLH5UPlZll/79Ry19MsbSq4efJP7J8hhMkrYbHU+aG0kfoz4I02Cbw5HBPBHJ/2xrtPB+gwabL5/kVT03wRPoNhHBfQV0kM0H2WvjXqfvOE2ieieA7wQxW/P7uWu0mvPOtfIgryvwfrFvF5diK9E03UoJ7CvIxP8U+sw38A8z/aQ1P+zfAeoW8EH+kf8sfNr+fv9sb4M/Hf4heMvEnxHg+I2pS6fFrEv2O0u4f9Gtf+mUX/ANqr+iD4haDBqX2ie4g83za+X/iR+z3Y6bL/AMSrQ7L7P/y2hms4pPNr2stnRt755OJw1Z1faUz8ALf4VeJNGv8Ay/FXwu1bW5LXypLyKK88uK683/7VFXf6d4W8TNLb2Pgn9jzwvpNxF+6+1xTazLLL/wBdf9P8rzf+2VfrB48/ZRsdYlk+w+HLb/nlN+5/z/z1rH0f9kUaxNHfHSvs3lTf8uk1d1SrhoHD9WxFX4z4/wDgFefto6BrVvPrnjKXRPK8qPTbTwnDFZSxRf8ALX97FFF5X/fqX/2rX2h8N/DfxbhtbfVfip9p8W+G5f8AXf25Zxf2na/9NfNi/wCPuvUPhX+zdpXhu6xfeFYorj/prXrn/CH/AGzSv7Kgg/0f/nlN/wAsq8jE4mlVPSw2GPO9H8KwWevW/iPwrP8A6RL5X2O7tJv3V/ay/wDLKWL/AJa19AeA4YPEml/boIPL8qGL9zXn/gnwTf8AhsyaHfQSSafdTeZDF/zyl/6ZV7R4P0GCztfPn/1n+svK8Wpse3Sp+yMPXtBnmsLiC/sYv9T+5r4X/av+E0HhrWbixgt/+Jfr0Mtt/wBtZf8AVf8AkX/0bX6MalZwfZv9R+7/AOW1fMf7cng+DUvhzqE9jYx/aLXypIa2w1W0jLE0rxPyv8E69/Y/xG/4RzVZ4/8AT7Py67jQdYn02WOxM/lSSwy20P8A19f8soq8b/aEhn8N/Fq4nsfKj/fRXumzQ/8Aoqus0HxtpXir7Rod95ttHrOmxSeb53/Hrdf8/X/bKvtMtxB+VZ3glKsd54C+LWreG/GUl9Bff8Se6mljmh/55S/88pf+mtesfDH4iQ6D8adDnt77zJLqaKSGL/Veb5Uvm/8AoqvmvTNYn+1Rz63/AKNced9m1L/plL/01/8AIsX/AG1r0j4eQz3nxQ8D+fP5cn/CSRRzQ+T/AM9ZfKli/wDRv/kKvqsNUi1Y/IuIMBhqcZTP0E1j42eAP2ibnQ/FWlfZo47/AEfy/wB1+8826/zLXF+PPEl74Vh8/S4P+PX/AF0Pk/upf+uVfJ/7NPxCn+GMNv4G1bzf3WpfuZfO/wBVLXvHir4hT4j1XQrj/Ww/vrT/AFkUv/bKvHxOG9lWPsOG8avqEEGsftFaVeWHkX2leVH5P7799/qqy7vxVpWvWsZ0O+/1v/PavO/GEWlXn/E1sYPs0d1/qf8AplL/AMtYv/tVcfDqf9m3/wDp09zFH537mW0m/wBVXLUPradU9U17Up/3kH/LSsv+2Ptn+v8A3cn/AD2qno802pxeRYfvZD/rov8AVS1HN9h83/nnJ/0xrjqHbTqH6If2lBDFj91JH/1x/e1cJsbyL9x+982H/ljXL/29Y6jdRwTz+VJ/rIZYv3UVXIde8n9xPP5VxF/39irwT6MuXkxhl+w58qSL/wAhVYF5PDa/6R+9/wCuVc/NrBhv/P8AI/dy/u/Oh/5ZVc/5dfIn8yOSL/llWhmGseJD5X/Hx5vlf9/a5fXtegm/ceR+8/5bVoawJ54fs8//AC1/1M0P/LWuT1KH/nh+9k8muiBhVp+1MfxVP/bFrJpU8/mx+TL/AOiq8v8AG3w9sfEfOuaTF5nneX53+f8AllXqGmz2MV/cfbp4pZLr955NWNY02xm/4/oPNk/541pUq2MqdI+I/id8GdVs7rULGCyl+2WH+mw/9NYpf+WVV/hxewWejf6RB+7i1KKSbzf+WUUvm+b/ANsv9VLX1h4q+Hs+sXUniMweXcedaxzS/wDPWLyv3Ved3nwTn0G/1C+m0r939s8yaH/plL/yy/8AIVaLEqwpYb2nunN6l8N7iG88i/sPMj/dSQxQ/u5Zf+uVdR8JNS8R+D9Ut7jSp4pf337nUfJ8uW6i/wCeUv8A01rvP+EPnvPBsk/9lfabjRpvL/662svlebF/2y/1v/bKo9N8H2M0/wC/n/eeTFJ/11i/5ZS1rTq/ujN4X91ZnrmjHw58SPDlxb3HleZLD/plp/8AHa/Pv9rr9ky++HuvXmlQQSxaXf3n/Ehu5v8AVWt1L/y6Sy/9NfN/8hRf9Na+zLPXz4b1WPz/AN5+5/11XNY8YfDj4hWsng7xxYxXNnf/APP3D+6lrpp1TyamGlRq+0pn5T3ngm/vNZvLifSpLb7VoN1bzRTQ/wDLWLyvK/8ARVeP+JNB1Xw3daXPBB+8+2SyQ+V/0yi/+21+kHxg/ZL1zwfqn27wdPJcxy6l/wAek37yLypfN/1v/PWvkf42eA/+Eb1nyPsMUVxF5sdn53/PL/nrXDjYHXgq9eUzzv4EeKtc8E6zJBod9c215pflatDdw/8APXyv/wB1X3R8bNB0T9pf4caH8YvCtjbeX488Ny2WpQ/8+uqRWvmxf+ipYv8AtlFXxH4b03yYfEF9BYSRySzRWUP/AEyi/exf+ioq+hP2XfiTPoPw5t/Cuqz/AOj2s1hqMMP/ADy8qXypf/IUv/kKL/nlXGepVhfU+a/G/gODTrCz8/7NFZ6pZxfv7v8A5+opf+Wv/TX97XF+BvCOoeEl8T31/beTL4c+GmpyWBH/AE11C1sIv/S6vpD9q7TbG7+IPiTw5Ywf6Pf6xLHDN9s/49bqWKKWL/v7FXgGnya5r3j2w0Oznx/wls1h4cuxN/FF9rtb+X/yatov+/tFNWrpBUm44WbP2L/4IsfsuT6f8JfA9hqT2Vtpeh+Ve3i3E3ly3V/L+9l/6619S/8ABUbw14Pm8CSa34q16GxtbCw8yKWR/wDlr5teVfBmC+8B/CXw/Y+FNKub6S1s/wDyLXrnwj8F6l8afiTa/Gj4/W8d/e6fx4a0iaPNjpcv/P15f/PX/prXv1KssHVjXUtIo/K6uEnnEZ4apDWUviPiX9hz/gixrPxe0ix+Mf7Z2g6vbeGDeeZpHw/tEltbm6/6a30n+thi/wCmX+tr78+G138N/wBly1fwN4c+HHhfw1MIfN0eTQdN/dPYf88vN/56/uv+WtfQ1pqVvpul/Z554oo/+m1eL/GC8+C2pa/p+ufYdIkuLX95NDLN+6li/wCWtfPY7NcZj62ux97kvDeX5RhlF6sw/iH8Qtc8SWsk89xc+XL+7gmu5vKi83/2lXnfhv4kT6bc/bvt1zFJ+9+x/vpfN8r7VF5v/fr/AJ5V2niW9+C15Yf2VYz6RHHdQ+X+6/5erWX/ANqxf62vGviB8TPgVpmn3l5rPxAuNRuL60N5NB4bihj0yWK5MV/n97+95uvtJ/z+98b2Fa+57PLQnE1fid4wvvidf2djqvhyTzIv+XuaH97ay+VFXqnwB+GWk+NfGWl3HiNbaLVLCzlsv7Q8nypZYv8AnlXxf8Wv2hPA+g39vquh65oljJdebc6bDqOsebdS/wClS/8ALKKLyv8AyLXYfsdftufD7xz8d9A8J6N4vBv4x9on0iKXzbm18qWL/lr/AMtYvKiirppVMQlY5qWEoQqc1RH2x8VPhKdHl+wwQebXk502ezmksbiCvqTXte8LeNv9Bsb6OXyofMrzPxV4Dt/MuJ/9b/02ir0aMW6fvmixeHWItA8f/tj+zbqOf/nrXpHg/XoLyKP/AKa15n43s4NNhuLKe3/5bVufDfUp5vs9cOJpH0eCqXPSNYs4NStv34rl9X8KwXk3/Hv/AKr/AFNdJY3nnWvkf8s6LyHPP/LOuelV9iel7M83vPARvIfs/wBii8uq/wDwgcE0sf8AoMf7qvSJ7PtBb1B9jtv7x/KtfamnsjirPwp58scBg8uOKug03wrBDLH+4iroIdNg/wCeFXILMQ/6kVy+1ClSM+z0f/SvPngi8v8A1nk1sQ2f2f8A5YVIf9THUk/+q5/1dZmvsjH16b7Ha+RXi/x4szqWg3mhzwf8fX+u/wCmX7qWvYPEv/Pb/tnXnfiSGDUtUk/6eoZY6mO4qtP9yfhX+05eT/2p54nk+2WupeXN/wBdZZZYv/aX/kWuH0HxtNDLp99Y33myfbJfJ87/AJ6xf8sv8/8APWvTP23tCvtH+I3izw55HlyWGsWtzZ/9/ZZZa+f1vYLeWSDP/H15VzDFFN/2y/8ARsVfVYGpyQgfnmPw/tqlSJ9Ia9eWMOoR+Kh5kej3+mxSXnkw+bL5X+qil/7Zf6qWvRPgn4qM/wAZPD+lYi/tCw1KKSaaKb/lr5v7qX/tr+6l/wC2teH/AA48V/2x4cs/IsftNxpf+k/ZP+fq1li8q6i/6a/6rzf+2Ve0fs9+D/7e+Jfgu+0ueKLzYYrL7XN/y1/e+Vay/wDfryv/ACLX22BdO3tD8Q4oozpxnSZ1nxa0GDwT4juNV0pvNjlhtZP9T5f72WKKXyq3NN+J39peHJIJ/K8zyfM86X955VewftW/s+6pYeDdM+I0+hy22n674ci1GGHzv3thLFFF+6/79RRS187z6P52l3GuaHfebJ5P76KGtsZ7HFR5qY+GcSsLQhSqfEdJpviSDUvM0qf/AFl1/qf+usX/ACy/79Vzesfbof3/ANh/ef8APH/lrLR4J8/zfsP2D9353+qmq54ln8+1jvZz5txF/wCRa+eqn6ngatKpS1K6+Kp4LW3nsL6X97/z2/5ZS11Gm+MLHxtF5F9cRWOoRf677X/qpf8AtrXl82sQTXX/ADyjlh/ff9Nak03UrCyvvI/0mKT/AJYzRVgdNSnb94fpppv2HWLqS3+wx21xF+7hm/5Zf6qq9n/wlWj2H7+x/wBMih8uGH/llL/n97XSaDo+leV5FjBcx3EU3/LX/wBq1uaboNxcfv76x82OL/pt/wC1a8f2aPf9ozL8E6ZB4k8ucQSy+V+7m/8ARtSeNtHvdN8sQT+bHF+7mii/55VsWdnfabD9ugP7uX/lr/7Srn9evL6aWSx8/wD5Y1p7IOcz9am8N/u7e+1WLy/+es03leV/11qPX/Df2218+xsZfM/e/vv+WXm1Xh0bxHFF9o/d3Mf/AFx/1VGg2fiOGWT9xJFby/8ALpWZr7U8j/s3xjpvi2TVILfzY4vKj87/AJ5eb/mKu48KaDff2X/p8HmSRTf9/a9As/CkE0X7+x/1v+urpLPQYLK18iCx8uT/AMi1zVSzzvQfB9/r8tvp99B5dna/6T/11lqT4n+D9KvdLkggg+03l1/qYvJ/8i/+ja9Ah0ae8PkQfu4/O/ff9Na0NH8EwQ38l9OfNk/9FVAHmfhv4e32j2FxBqtv5sl1/rqNe+D+lalFH5Fl+8ih/c+TXtE/huCGXz/I82o9S023/wCPGD93+5/fS1dKqOpTPm+b4P32pXVx9vt5PLih8uGufm+Cf9jX37mDzfN/5ay19Oanptj5PH+rrn7zw3YzGS4nHlV0/Wjm+qxPI9e8NT6b4HuJ9V1P/Q7CHzIf3Pl1+d/xs0efxh8Vbjxj9h/4l91N5cP7n/nl/wC0q+wP2rvjlpXiS/uPhz4VvoovD+lw/ade1bzvLi8r/nl/21/1X/TWvmv4hS31nL/Yd95XmXVnF9s83/VRRS/vfK/65eV5Xm/9da82tjasmdNDCUqR83+NtNg0HT5PDkFjFHJ50Wo6l5UP72WX97/5F/1v/f2pL3xJqvg/QY76wEvmXU0scMMP/PKXyv8A47XUaxN/bGg/8TXSvM1DXryXzv3P73yv9b+6/wC2XlRVhwwWHiT4v+E/AAgj/wBA1KKTUoYv+nXzbq6/9Ff+iv8AnrXZSl7lzCer5IFf42al9s1nxp4q+3XMv9l3ml2U3/T1Lay/ZfN/79W3/kWqfwl+DNxN43+D99P+6uLr4kapczfuf+WXlaV5Uv8A5Fr0j/hQHiPxhoMelT6VL5mqXkV7rHlQ/wCtl8391F/5M16J4btIJ/20/B/hyw0+KPT4pte1Gz8mH91F5strFF/5C8qtsN+9rc5zYuoqWD9mfpx+z39oh+GlmLiD/ppNXonhXUp7O6/0euf+FejH/hDbeDyJY/3NdRowg02bM9ejiF7VWPmsJH2NSNQ3PjDeeOP+FN65feALGO51i10eW5s4pv8AVSyxRV+Lfx4/bA/bg8baNpcHg2x03w/capD9ph060s/t119ll/5epZf9VaRf9Mq+zP8AgqV/wUyn+CfhLUPhJ8M9VtrbVL+aLSbzUbv/AJdftX+t8r/pr5Xm18F+GvjBqvju2j+HHwr8OWNtp9r+6h+yeb/yy/5a/wCt/wBbXkul7I9qNWpWqaFPTPDfj/U/DdvY+Kvjv428QaxLN/pk0OseXbRf8tYvs0UX/TXza9A0f9j/AOOHxshs9D+HOla3LJ9jtfJ8Q6jeSy3Nr5svlS+V/wA8q+pP2Rf2b/GXiWK31ee/8y4l/d/voa+5Ph98MPHHgnS8T2GkX0nk+X+6s7W2l/7+xRVxvFwX2T2aWCh7LQ/Lvx7/AMEwfA/w9sP7V8fz6lq2qSzeZDLqOpS3N1L+9/1sv/TWvSP2J/2afDng/VJPHPhXw5ZWN5L+7+1xQ/vZa+wPjN4b8D+KtZuLHxH/AKFqkU3/AB6Sw/8A2qsv4D/Dex8NxXmkwfvY5bzzIZYf9V/qopaVKp/y8LlRvR5TmP2rtE/aA8J/s0638aPgt40aHXfC8P8Aa0el3SSmx1S1i/1sUnlf9Mq+OvhX/wAF1Pirqgjg+Jvhu202Pzoo5ru0h/dRf9/ZfNr9TPidpnhXWPhVqHg6f/j3urP7NN/21ir8n9B/Zj8OeG/FGoaH/ZUctvFeSxzedD/yyr6fAKjiUfmOa0cXgsZzI+xNB+J0/j3wnJ4k/wBZJdXnl+d/5F/9q1658K9N86wjnr5v+DV3BqU1vY29jbR2drqXlwxQw+V/qovKr6s8B/Z4bDrXk5rStVP0nhuq6uHhKRsQDyYvOq5DN53+vomh8m1/cVTM3/LCavAPry5/17/hR/qf3FR/8sf+mtRwzHP/AE0oNC5DMYP+mnm1cg71n+d/q4cfSpILjtb1mBoef5H7jbUc03nfuKr+d5MVRzfuYpLk1mX7Iy/Eh8m18mvO55v+J9bwf88pq7jxJeeVFJff8tK87mvIJvEkk/8Ay0/+1UBU/gn43/8ABUSaDw3+2H4kg8j93/osk3/f2WKvmP8AseeDVJPDhnjikl82yh/6a/8ALWKvpj/gsBaTz/tU+IIIIIvMuofM/wC/UstfNepXn9sTxmx/dyX9n5sMv/TWKX/7bX0+D/hQPhcTDlrTZqfCXxhc6Dr2n64J5f8ARfK+2f8APWKKX/7bX258ALTXPDevf2FrmrXMWl6NDdSQ3cP+qtfNl83zYov+msUvm+VXw3pENjL8R44J4I7az1mH/Q4f+WUX2r/41LL/AOQq/Qj4bw4+FcnjHVbe5l0+XQZbbXorT/WxRfuv9V/36/1v/TKvqcvqXqcrPyPjXDN+9A+lNa/av0n4s/CTSPBHiOHTToxEg8Ra5q97JJeXVxF5Xmyw4Hm+b/1zr5316z8Oa9aXFj8Mr6+trfzpfsdpLef62L/rr5UVeU+JvEF9o+kXHhzU7r7FJLd/8Ti0lmili83/AJ6/63/VS/8AxqvQvgnr1lqVhb2NjY20Vx53760/5+v+WX/bWvp44HD04e6fmuW4qvGvzT3MvTZr7w3ov2/XIZP3U3l/6X5ssUtU9Y1jwDqVh9u8R/adNjlm/cyWk3mxXX/PKXypa9Y8SfD24s7DUIJ4JbnT7+H9zaXf/LWX/wBpV4n4w0yfQbCz0qeCT+z7/wAr7HNLD/qpfKi/dVxYnDUfZ6H32WZtV9tZhqXg/Stei2+DvFVlqX/PHypvKl/79Vx95DfWcvkarY+XcWsP+urD1LxJfaDqvkfZ/Kkl82P91D/ra3PDnxSbxJLHpXxAMl9++8uHVoYYvt0X/bX/AJa+V+6/dS18vUp2rH39LEyrUbRP1ss/Ek8MXn/u5P33lw+bD/ra6zw34kh1K1/0GD7NJXk8Pirw3qUvkQXEsn7ny4YYf3UVdx4bs7+EW88/7uOX/jzh8n/7bXH7Kie4vbHoBhsbzRpIJ4PKkl/11cvNo/neZB5EcskX+prY02b97/0zl/1NXPsfk8VymnIZemaP5MX7+CrH9gwTfuP3tbkNnBNF5FSfY/8Anga5qlU7adMz4dHgs+fIjqT7H/pP3ufpWxDpuYvPqOaIw/uKwLKfkwQ/uIKuQS/8sMVXn7UGbyTH5FB0Fy8m8n/X1l6xeQfu4Kj1jUv33A/6Z1Xs4ftlpcX17fRxRxf66aab/Vf89a59jTcjmhgmtcT/APLWH9zXx3+1d+2xoepf2h8MvhZ4qtv7L0v93r3iaKH7TFF/1D7b/n7ll/zL5VWP2wP2uv8AhJLC4+HPgC+8vw3dfu/7R/1Uuqeb+683/pla/uv+ustfJ/hv4b31lL5/iq+8vT9Gml8mbzv+Pr/nrdRf9tf3UVcdXG/yFrDNfvJmhNeT+MvFEfgbVbCSLQ9G/wCKj8bXd3N5sv8A0yi83/lrL/qov+usv/LKL91XF/E7xfPrGvW/hyef7TeXUMuo69dw/wDLKL/W+V/36il/z5VekeNvDd9pnhe88HeHNKiljih+06lafY/9K1TVP3XlRf8ALX91F5sUX/PXzfNrzPUvBE/gXQbfSr7VZb3xJ43vJZP9Eh/e/ZYpfNl/e/8APLzYvK/65WstFL3he0Ry/jzU7DR9et/t1v8AZo7DQYr3zv8AVyxeb+9/+NRV6B/wT9+AOq/EPx5rnx31yw83/Wx6PaS/8srqX/41FLF/36rzubQdc/aE+NMnhzwr+8t7rWIrKz8n95FFa2vlf9/fK/8Aatfpp+zr8GdE+Evw0s/CulWP/Hr/AM9f+mtel/y6OP8A5eHPw/BOx0eKzsLGx8uSL/lr/wA9ZYv/ALbXi/g/4MT6Z+3h4TgNj/odrZ6pJDL/ANMpfsstfakOgwTRRzzwSeZWf4V+Fdh/wsyPxUbb95FD5cNaYLEeyqnFj8N7VntHgnTTZ6DbwfZ4v3UNR6xCZopP+Wf7mug02GCHS4/9Hrh/j94kg8B/C/XPFc0/lR2Gmyyf+Qpa7qE/a1jyMdSp0qKVM/Bv/go148/4WR+1p8QIPP8A+Jfo2vRW2m/9soq6j9gTxF4C8O6vqHiLXviNomm6fo1n/wATjUbzzZIrD97FF/yy/wCmssUVeD/GzxJY+KvG+oarNP8Au9Um/tGbzZv9bL/11r0D4V+JLHTP2UPEnw4gntraTWdetdWhhtIYv9Ki8r/2lWtRe1MqU6lCnY+6NH/4LO/A/wCDHjKPwd8P9D8beKfNh/c6jp2gxW0Uv7r/AFv72WL91/11r0D4kf8ABwJ8Hfhtd3GlaH8K/H/i2SKaW287SYbDyvNi/wBb+9+1fva/Mf4e+HP+Eblk1XXr6WLVNU8qOGaGHzfKi83/AJZebUnjf4e+MrO6jvtKn+0+bDFJ5U0Pleb/AM8opYv+mv8Az1/8i1zRwNJ1T0vr1WjR98/QDWP+CufhX9pz9oLQ/wBmzwd8HfFGm+KNe82Sz1HVtStfs0XlWnmy+b5Usv8Ayyil/wC/VfVnwf8Ahv4y0PQI/GOuQfbry6/efvpq/KP9g/xJpPw3/bw+D/jjXLGW2kl8Vf2LNpOow/8AHhLdRS2v7qX/AJaxfva/ZzXvEvhzTPDccF9PbRSf8sYYqyxNL2f7uB1YPFPE0jH8SfGCD+x5LC38uW4/59Iv3ktfKfjb4e/Gr4hXcmq6H5ekaf5376Wb93dXVeqfGz4haro3gm81zQdKllki/wBT503lf+Ra+e4fid8TvG2lWc/j/wAV/wBmx/8APpDqUv73yvK/+2/8tZa9XBOGGonh5lSWLrHvnwN02x0e1t9Jnvf9I/1lfSHgnUoPKjghHmV8l/Dfw3qtnax6V5/+j+d5kPlTS19CfBm71X7V9hv7GWLypvLh/wCmtedjqntj6jJ6XsaNj2yGEzxf+1ax9Ssp/N/cfupIq0LOe4+y/Zz+6ri/i142/wCEVsJL8/6yX/U14B9TR943IZ/3XkTzxeZRP58Mv/TSvjvxt+1p4s0261DSL7xHfabeWs0Un/HnFLFFFL/qpa9Q/Ze/bA0n423d54Avvs0euWEPmTQ2k37q6il8r97FWftKVU6a9CdPU90h1iD/AL9VchvPOrDvLOeGLz4IJf3v/LKo7PXP9FzB/wAsqXskKOx1H2z/AJd/60TTeTF5FYdnqUH/AG0qxqWpf6LT9mjWnsYfjDUvIi8j/W153Z6l53iOSeH/AJZf/uv/AGrWx8SPFdvZWsgH7q4rx/4S+NrHxLqmuX0F9+8/5bf+Qv8A47TVNJnDiaiPy7/4K9eJLbUv2pdQ/wCnXTZfO/c/6qX7XLXyXZ6/PBa/b/8AlpYXkXk/vv8AnrXvn/BTjWPtn7RniC4/6iUv77/pl5v/ANtlr5fhvPJuriCf/V3X/PH/AL9f5/6616uHq+zPnKuHueseJIRNpX9q6VP5dzF9qvdN/c/88v8Aj6i/7ZeV5v8A21lr9KP+CdfiPQ/ip8OvEHw58RwS/Z7/AEe1vbPzpv3trFLFFFfxRf8Af391/wBdf+uVflv4K8STzf2fYwXEdtJa69FJZzZ/1Uv7r/P/AG1lr7M/Yu+J2q+Fde0//hAP+Py102WSHTpZv+P+wiupftWn+b/z18qLyv8AtrFLX0+W4lSqn53xbgKlTCfu/iMvxNBL4WvNQ0PxJYY1DSNbjs9SmWaWLy5f30X7z97/AO0v9VXYfDHxjY+CbqOeCfzY5f8AU/a4fM8qu5/a6+FenS+KG+MXgeGO98P/ABL0fzIbvyf3XmyxfarWX/rrLFF5v/XW1lr56j1i+0ewt59bnkiktZvLm8nyvNi/+219zTxFOrRsfiVSjVo1eXqfpJ8GNY8OfGDwb/wg99Y232i/0eWSab/nrL/zy/8ARVeJ+MfhhfXul3Hg7XoJftkU3+hyy/62WKL/AJZf9sq5v9kv4keB9N+x32q6Vc/6Bef6r7Z5UsX/AE183yq+mPG3ivwb8Whb2GhwRWV5aw/aYZZpv3sv/TKL/nrLXA6bjVPRweNjCf8AePzj+JGm+Tf/AGGfyvM87995v/PX/llL/wB/Yq4ea98m7/fweV++8zzf+eX/AE1r3z9rTwTBp3iOTVbGDyvNh/cy/wCs8rzfK/e/9da8D8VQQWWvXF/P/q5f3n7r/nlFXiY2n++P1jKKt6CmfrR4J8HmAW+rT38Vt/yzhlu4ZY/K/wCuVesQ+JPDmmyx29v4qivriX/lj5NfH/jb9oT4g+PLmOxB/s2SW88uHTrT/ll/11/56/8A2qvQPg4b7Urr/TvMudPi8qP99N5nmxRf63/415v/AD182vN9mfRQxcLn1xoN5BNa+TPB+7i/5bQ/8tasf2xAf+mlYcNnPNaxwef5X+hxRzeVDUcU1/Na+RYwfvP+W1ebVqHoUrtHWQ3kE3l/v/3laFmIP9T/AK2ub0fR54Yv9fW5ZWXk+X83+triqnbSOk8nyf8AX3FZ+pQzw+Z/q5aj4imqxNMfs3/TOoOvQx/+Wf7/AB1qvqc3kw+QP3tal5NBNFHBbVhzfZ4ZfPz+8oOcj8n/AJ7/APPGvmP9vD9pA6ZLp/wW8OfZvLuryKLWP+n+6ili/wCJf/1y/wCWsv8A1y8qvVP2o/jZP8H/AIVXGt6H5UmuX80Wk+G7T/nrf3X7qL/v1/ra/L/x78Tp9X+MlnrlvfS32n6NpssemzXc3+t8qWK683/rrLL9plrws2xrpfu4Hs5Xhva/vD2TQfAcHjaXwnpXiPVPNs/+Ebl1HWNR8n97dXUssuqS/wDfqKW2i/7a+VVjQdH1Xxhqlx4xv4Io9LtfNufJl/49YooovNitIv8ArlF5X/fqsf4S+MJrzQdL0qAeZcaX/oX7r/lrFL5UX/o22l/7+xV7ZqXwxuT8OvCfgDQ4PNj1TQYpLzyf3vmxeV+9/wC/svlf9+q8HDe2rVT2q/sVSPM7KD7ZdR8yyyaprFrH+5/1v+lf+iv+ev8A2yryv4teFfGMeqSa7q0MtteeI5vs1nN9j/49bCKWKLyraL/nr+9ii8r/AKZf9Na+vPg/8GWm+I2h319BLLb2H/Exmim/5a3V1/8AGopfK/7ZV65efs6+HIPFuj+K/wCw4pZNBhljs/3Plf8AbX/v1LX0eBp1V/EPn8bUo/8ALs+e/wBg/wDY5t/hL4Sj8R67pXlaxdQ/6qaH/jwi/wCeX/XX/nrLX1BBoMGmy8Q+bJL/AORa3P7Gg0G1/wBBh/dyw1HNN53l4gr1qhxUyOGGDyvIgrY0Gz/0+OqcEK/Zf3H+src8K2fnSx/uKypBVO0iWD7B/qK+N/8Ags/8ZrH4e/so3Hw5sdW8rWPiDqUWnQw2k372Kwi/e391/wBsoov/ACLX15r2saH4U8OXniPxHqttY6XpdnLJqWo3c3lxWsUX/LWvwr/4KlftgX37RXxQ1T4mwT3Nt4ftYZdB8E6d/q7q6tZf9bdf9cpfKr18FT98+Xx1T7B8X/EjxVY+I/GWsTwTx/2fYf6PpsUMP7qKL/ll/wCiq6yz1KfwT8FbPxVb2/8ApFrr11LD/wBcpYrD91/6NrzuLToW1fVLQwfvPOtY/wB1/wBdZa9w1j4fDWPgZrEDW37uwvLC9hi/6ZeVFFL/AOipa9vBYXmpTPIxeJdFw5j6Q1P4Y6H4w+GnhP41eDh5lvfw+XN/118qKWq9nqUHh/y/Pgjl+1QxR/vv+XqKXyqp/wDBLv4kf8LO+A/iT9nPXP8Aj80a8/tHR/O/55fuv/jX/kWvRPFXwrnvDb288EsVxFZ3UdYUfZwlyGkqlWt8R5fr3iPVdHtbefwdPY3usRa9a3Ojw6jZxSXOjSxS/wDPX/lrX3ZqXjb48fGaw0fxV8OdTsbHw/qmmxXupatdzeZFYS/8tYvK/wCetfF+vfCXyfH15ql95n2OwvP9Dr60/ZL+JF94J0qSx/0aKO68qSztNRh8y283/nr5X/LWuHMsPL+JA9rBVPZx5Dc8Vab8HfB+gfbvGOueKPEmqapDLbQ3dpZy3Msv7ryvNiii/wCWUX7r/VV4P4J1LwB4P+xw33wy+Jmt6pa/6nT9J8E3Xm/vZf8AlrL5Xlf+Ra9E/bZ1j40+JPAfiCDxV8VNWl/tSz8zztJm+wxRReb/AKqLyv8AVRV+f+sftIfE3QdB1z7F8d9WttLivItO0200OaWOK183/ll/3683/Vf8tZfNrTDU4ujzHI6T9sfq58O/jNY+G5c654Al0SOL/llq3lebL5sUv/LKL/VV0mg/t+fs56PLZ2P/AAnGieZfw/6H5upRfvf8+VX5Efs8/Em01L4gaB49+KmreMPEFvca3LJZxTaldeV5UWn3UUsvlf8APLzbn/0V5VRfEL4qa54D1n/hHND8AXNzJLDLFD4O8PWcttFLfy2sUV19pl/5a+VL/wAsv+mteZVf2T6DCVvZOB+nGs/8FqvgDqPiP/hDPhlrcXiW4i/4/P8AhHrO6vorD/rrLFF5UUX/AE1llrwP9oT/AILVfDLR9e1DQ7++ttSuJYYvJ0nSbzzZYv8AP/TKWvif4Ef8E5/2hfjZBrGt/GLx/remyS6bFLNomnWflRRWsX/LLy/9V/qov+eVfWH7Lv8AwSsOmwf2x4V8B+DtIeKztfJ8QeN/CsXinXP+ev8Ao1rd/wCgRf6v/n1rzfYVKp9HHHUqB5v8Wv2o/ib8VNat77wBY6JLcRTWsmj3fiGa1/1v/TWKKXzfK/e16R/wTx+MHxw8H/tBXGh/Fv4cxeG9Qi/dw2kUP7q6sJYov3sUv/LWL7VFF5UsX/tWvpDXv2A/ibqWvx33ir4teJNbki/d+T4h03Rooov+WUUUVtFYeVFXJ+Kf2NP2k9G8B+G9D8K/Eby/+Ecmurn+z7uziubHzZZfN/0aKKKL7J/2yrKnltY0q5xh2tZH3hpvxCg1nQY57j/njVM6xp/lSTz18d/BP9rTx/4V16z+Dv7V/g6Xw/rEs3l6b4hh/wCQPqn/AG1/5ZS/9Mpa+oP38Ojef5//AGxrWpS9kGGxakakPjCxhl/cWNt/3+rQ1LxVY/Zft326X/tlDFXJwwiyixffaY5Jf+m3l15n+0V8eNK+Fng241W+1W5j8qHzIf8ATP3tFOmc1XFVqTM/9rr4zWPhXw5eaobiL7RFZyyWf/PKWXyq8P8A2M/iFfa94t8aW9xP/wA8pIYZv+vX/wCO+VXw/wDtIftgeP8A4/eLfElvpWqyf2ffzWGnWfkzf62L975vm/8ATX91+9/z5Xun/BNP4n/8JFqmn3E9x+81TQfLm/ff8tYvKoqnFUdaq+c+S/8AgodNP/wuTxZ5H+ri1jy4f+/sv/2qvmu81LzopJ4J/wDppX2J/wAFUfB99oHxL1iC4t/Kjl1iX/yL+9/+NV8V/wCoijn/AOWf+rmrCl/BOhU1Y2NN1gQjz/3nmedF5NfRn7OvxO1XQfE+l/EbwdP5WsWt5LHNF/z1lltIvK8r/v15X/fqvk+1n/1lvceZ/rq9A8H+JBZaZHBBPcx/6ZF50sX/AGy/+NV6GFxLpM8zH4H61RP2c+Avjb4c/HeXxJ+xpYX0dlo9/psXifwHd/8ALKwiuvKupYov+WvmxS3MX/XWLza+S/jV8Ptc+G9/rHhvxJ4cjtvEFhN++hh/1Vr9li/e/wDLX97/AMsvK/6Zf9da8r+Hvxg/s3xl4T8Y2Pmf6BpssflQ/uv9baxfuv8A2lX2B+2N4qg+J3gjwv8AtN+B7CK51CWGKPWPtf8ApP2rzbW1ii83/pr+68qX/prX22UZmn7h+L8R8O/VKyrR6nzf8JPH19o13eapDffvItH8z9z/AM9f+WVeofCX9oXxH4P8W6fqv9lSS6XdTReT/ofmf62vB/Demzxf2pfaXBLLZ+d9mvLSL/ll+9i/9q/+ja9A8N6xb/Y7OxgguZfN/wCWv/PWvpPa8x8LicDapz0z64+OXgn/AIW18FrfxXY2P+jxeb9j1H/llL5svm/9/fNll83/AL+18P8AirQb838dhrmlSR3EX+u/c+VX2B8K/jzBpvgO8ggg/wBMsJoo/Omh/exS/wDLXypf+WX/ACy/6a/uq8H+PGj+HNf8Zf2r4cvY4/t8PmeVF+6/66183jv4x+ncO1HSwkLn0J4Jmg1LXtQ8R6rB9pjtbPzP9T/rZfN/5Zf9Nf8AW17h8GZp/wDhYNnocA8y3i1j/TP+mVrFF5v/AMar5/tNX8OaNo1nBB5v2Pzorm8mu/8AlrF/qvK/8i17h+yh9u1Lw5eeMdVn8qTVPNj/AHsP/P1L9q/9FRRVw4n90j6bLvekfUGg69BqVj9hh/57Sx+b/wBMq1IYbH7V5Fcf4bm/syL9/wCb+9/8i1sQ6l/pX7ivAqn1dI6iGaf/AJYT1c+2Tf8APA1z9lqX/LDyPpVwax/q+IvLqBGp9tn/AOWFSTap5NZf9pedzR9s/dfuKXsgLl5eTQ/8fwrH1O8xLnz/AN5Ul5NOP9I8jzf+mVU5vImh8+CDzPNpsUPiPhf/AIKT+Pdd1jx5eW+lX0vl+CPDd/cwww/8/wDLaS/6r/pr+9tv3v8Ayyr471L7RZ+PLjyIIvLtf+eMP/LLzbqWvrz9pyyt9eutcnng/wCXyXUbyXyfN82KK60+Xyv/ACF/6Kr5b0fTQNL8QfboP9Il/wBGm/69Yov9b/21ltpYq+JxsatXF3PssC6VLC8p1nwl8ST+G/jxZ+B9cn8yz1maW2ml/wCv/wAqWL/yLLX6CfsozQeMPhx4XgvrGOPVLDR5fJu5v9bL/wAesvlf9/ftMtfE/hT4ST6l+0HJ4x+wySSWFnYSWflf89bW1i/9qxV9SfB7U5vh7Lb6Hqs/7v8AseK5h/56/vf3VergcF7OqefmOJ/dH1JoPg+x8HxW8EEEcv2DzZPJ/wCmX/x3/wC210F59hvLX5p/+WNeJ6b8frGG6kt/7Vlvf33+tlrrNN+IWhXnlwef+8uv9TDFXt+zPE9obGow+ddfYZj/AKqsuabyf3E9XNNvLGaWTVr6eT/tjUd5qVj5nnj/AI+P9XD5MNYmxY02Hzpv33/XSo/i38ePg7+y78NNQ+MXxp8ZW2k6PYf8tZf9bdS/8soraL/Wyy/9Mqjm1G+hlt/7Kg8y4l/11fk3/wAFCP2kNc/aW/a5vNK0rXPtPh/wv4ki0HwfFp83/PKWL7fdRf8ATWWWL/W/88q68DgvrNblPFzfMvqOE5jsP26v+ClfxN+OSXmlX2k/2Bodr5Umj/D3/Wy+b5sXlS6vL/y1l/6df+WX/XWvgP45a9qupS2+h6rcfabjyfLvLuH/AJdYv+WUUX/fqKvUPip4JvvCvjHUIPP+028WsRfbLu7/AHst1deV/wDHa8H8eXuqiW81W/ni+0XX7yb/AJ5f5/e19pPLfquG9w+HyzEyzDEc85hpum3Gqapb3sEH/H/r1h53k/8ALL91L/8AI1fUHwN02fxL+y/qmrXFj5Un9peX5v8A0yli82L/AMi20teH/CuCCXxT5H2H/j1m8yHzZv8Alr5Xlf8Ax2vrD9nXw3/Zv7JeofYYf3kumxfbJv8Apr/yyl/8i3NdeApr2Is9q8jpxPlP9mP4har+z38abfxVDPL5el6x5epRQzf6218397FX6ual4b0PXtG0vxlpV9Fc28tn5nnQ/wDLXzf+Wtfm/wDFP4Szf8JveeI9KsZfs91eWtzDaRfvP3UtfbH/AAT3+KEHiT4c3Hwk1yf/AEjQZvLh87/Wyxf8sq83G4bW9M9DCV1VjBm54q8HzzRW/kW/7yKzl/7+/vf/AGr5tXPBFpY/2XZ6V5/lyRXkv2Oab/rl/qv/AEVXpmseD7GbRo4BB5n2X93/AK7/AKZVl6f4W8B/D/w94g+KPxK1mPSfDfhizutV13VrsfurXyov/Iv/AFyi/wBbXkPE00v3h9Go3XulPxt/avxa+A8elTQfYZIpvL83/nr5UssVfI/jD9nT7H9n/tWDyrfS7yL7Z+58yX/W/vf+/vm143+0R/wcR/EjU/iPqi/s7fB/w5pvhf7Z5dnL4nhuri+uooj+682OK68qH/rlF/39r6P/AOCX/wDwUU8EftrJeeCvG/hHw9ovjexMT+TLPJLHqkckoiMttFLN/rOf3sXfzYq4qdek61oG7wtalR9pI7X9lj9jK31L7Hqv9lXNtpdr5XnXd3D+9uv3UX/LL/ll/qq981j4Y/A/4b6/caqPs1tJLNLJZ2ks0XlWv/XKvM/26v8AgoR4A/Yz8JappM5/tLVJbPy/slpeeVLFL/yy/wBVX5B/G3/gpZ+0Z8bLqQXHiv8AsSOWbzIYdJh/exfvf+ev+trSt9Xp/Ec+Dp4rE/AftprP7UXwH+G93GZ9WsovK/d/67yv3Vcv4x/4LPfskfB+1jn/AOEjsb37VZxSf8SnUopPK/1vlf8Ao2vwon8aX9xayeIvGF79uktZf313qF5Lcy3/APqv3X73zYopaxtYs7H7VcWOlTxfY/8AljqHk+XLL+6/55Vx1ManG1OJ6kMurufNOR+1Hxs/4ONPhZ4b164sfCvgy9vbf/WQxaTNa3MX/LKXzf8AyLXh/iT/AIONNV1jULjVdK+H+pR+bN/0yjr84/Dfw80rTZdPn8VX1zZXF/N/qYof3sVr/wAtfNio+MHw8g8K6pHY6HfS3Mf2P7TeTedFLFF5sv8AqopYv9b+68r/ALa+bWKq1qZ2U8JT/wCXh9ca9/wW88Y+MNeuLHxj8K4tSs7r/nr5Uv7qvuD9gn/gpz4A+IWl3GiWOq3sml2GmxXupeGNW02WW5sIvtUUX+jSxeb5v72WL91L/wBspa/DvR/Df2L9/fQSeX/1xr2z4J+G/Ec+lya58OftP2i1s/L1iaGaWKKWLzYpYov3X/PWW2rH2vtPjOqjh3f92f0WeFfip8Ofi14cj1vwB4xsdWt7r/U+VNXif7fvw9/t74QawdK/eSf2b+5/c+X5v/xqWvy//ZF/aK8ceG/Eceu+HNV1e+1iWGKSaLUbzzPNi83/AFVzL5Xmy/8AXX97LX6meJPippXxg+Bn9q2M/lahaw+VNDNN+9il8r/yL/11rno4mkqlpm+JweJ3PyD8N+DzZm3n/wCWl1eXVzNN5P8Arf3VrF/8d/7+11H/AATZ+Kl9pvjy3sfP/wCPC8ikh/65Sy+V/wC1a0PiHDY6D4SvPFGhwfu4oZZIf33leV5strFLXif7EOvQ6b8WtUt4D5X76KOH/wAiy/8AtKKok78xmqZ9uf8ABZ74e+dNqHjGCDzfN8N2urf6n/W+V+6l/wDRUtfl/qUP+gXEH/PKaKv2Y/a60Cx+LXg3weZ/3lnqngnWdJm/79RSxf8AkL7TX5B+PPC2q6Df3lhfQeVJ9sijm86b/VSxVy0jo9mzi55p/wB5/wA9Ipq1NH8+Hy76D/rnVPWIf9P87yP9b/6NrU03/jwjOf8AVTeZN/n/ALZV0+1Mz3z4J+f4k8L6fYzz+XJF9qsv/asX/pd5X/bKvsD9iH4kT/E79jLxp4H8R2Mfl6DpthJNL/y1/dah+9/8i/Zv+/VfE/wT8SWX2uSCfyvLlmilm/fS/vf3UsX/ALSir6w/Ycmt4f2Qvi5qo83zNU0GLzvJm/5+tVir38qrfv4Hx3EmGpV8O4HkHgH4iTXuneJbC+uJJf8AiRCTyf8Anl/xNbDyv/Rldv4D1GDSJdU1Wc+Xb6NpstzNDjyv3vlfuq8L+H2pmbV/E8E8fmSS3kUmf+mUX73yv+/v2avfPAeg6r4qij8KwaV9pt9e8SRf2ld2kHlf6Lplr5ssUX/gTF5v/XKKvsqeKPynF5bTpTVzc8B3l7oPw0jsL6fzLi/1L7TeedN/rfNi/wD3tRzXljeXXkTf6yW88yzu/wDlrFVzxJZ5v/7K8D6rbatb6XDFpM0vnSx+VdS/vbqWWL/llF5sssX/ADy/1VV/Emg3vg+LT7HxH9mlvIpvtP8Aol5FJFF/0y/dV5ssRRq1jvwNHEYeHOz2C0Gqw6xb6V5H2mO18221KH/tl/8Ava+nPh5Nqvwl+H/2jXPL/dXn9nWenSw+bLdeVFp8Uv8A5Fvrb97Xz38PNNgvPEdn/p9z5kXm6jqV3/0yii82WX/yFX0H+2X8VLLS/hAlj4c0uW+uLW8i0rUh/wA9LqKXT9Zl8z/pl/xMraL/ALda8LPcx+ryhGP2j9GyfLnUlKf8p6zeeJJry6jgg/1n+rmrUh1i3hijt54PM8quf8E3mh+MbW3vtJn+zfav+WN3+6uv+uXlf89a3LzR/wDnve20Xlf9PlcdOrSqRPX9nWNiDXu1akOscx/v/Nrm/Jn+yxjz4vL8n/W1chhX/lhB+8/56zTVsZHUfbDnyJ5/3lWDeTzD/X+bH/zy/wCetc/Z+f5Uf/PSL/pjWxZwT+VHB5Hmx0AaH7nP2fz5P+uNWJrP7HayeR+7k8n9zRZwwQiOeCeOOrFmYLyKOCfzf9d+5oLh8R8P/tFeG/J8R+ONDsrHzPK039z/ANvX7qKL/wBG/wDfqKvC5vhlP/btxodtY/6R4jmi07zvJ/5ZWsXmyy/+RZa++Pi18JZ9Y1nWNV0pv+Qp9lkml/z/ANcv/IVeX+MNM0rwTqFx4qnsYpdQ8n/Q7T/nl/zy/wC/teHVw15nr0cS6USPwRo8HhsXHhb+yoovEGvXkv2ybyf+PC1ll8ryv+ussX7qsv4tQwTX8muQf8fEUP8AZ2m+V/zy8qLzf/RX/kWuk8B6D4q0ewuPGHiOCW51CWH/AEOKX/W+bL/rZf8AyLL5X/XKo9T8K32parp9xBB5UcUPmfvv3XlV6WGp+yPOxlWrVOP8E6DPNYfbp/M8y6m8v/rl+6/5ZV6ZoMvk39nYwX3+medFbWcv/PL/AJ6/+ipaz72zvrOwksfDmlySyWsMsdnL5P8Ay1l/debXSeD/AATfRSyTznyo4vKkmm/5ayy/5lirp9qcRuWniS4m1CSCD/Rrew/eQzS/9sovKl/661X03xVPNdYP7qP/AL+1qXnhoQWv+nTxRSS/vYYv+WXlV5f8YfjB4c8ByyQaV/pOoSw+XDp0P+tlrOnQrVGdPt6VKJoftN/tIQfB74VahrulTxx+IL//AEbwrp0P+tlupf8A2lFX5Z/D3wr/AMI38ZNL1yCxj/s+1vP9Ml/55S/89a+pPHln4x8YX9x448Y/8hDyfLs4Zof3VhFXjfiTQb608UfboPMlt5ZopPK/6ZV9Rk2B9lPU+E4jxn1lcpyfxUmnHxUkg1vSv3d1NLHD/wA8v3v/AC1rwf4qeCZ/Cms/8eP+j/bP30U1fXHivwRB8SJbe4vvN8zyYo4bv91/5Frz/wCJ/g/VZppNKvtKj+0Wv/LGaH/WxV9tiPY+wPnchn7FzPC/g/4bvh4jjn/1lxLqVhHD+5/5ay+b+9r9APgP4OM37N15pUMPmfarP9z53/PL/MVfJfwY8K/2b8QdPuPI8z/iZWtzDFL/ANMv/wB7X6IfB/wqLP4QR6ViKL7LZ+XN+5rwFU9kdWYQeKrI+a9B8EwalYRz/wBleVHFeS23/TX/AJ61qfBnwf8A8Kl8UW8+lWMsUl/ef6Z/01i/df8Afr975v8A36r2TR/B+lfYLzShY+XJ9s8zyfJ/5a/vYqj0fwf52vyTz2PlyRXn7n/rl/nza5atTQ9TAYa1j2jQbz+3vDnkTwRyebD/AN/a+IP+DiT4keJPhv8AsSeA/hJoQ+zWfjfxrdSax5U3/H1FYWlr5UX/AFy82583/rrFFX2/4J02C0hjnng/d/8AoquB/wCCsv7HEv7cH/BOjxJ4b8MaTJc+MPAc3/CReD4oof3t1LF5v2q1/wC2tr5vlRf89Yoq+TxcD7TC+zTUpn85/hb4bav4usJ9ZTVdHs7a2li+23OraxbWw/e+Z/q45MSy/wCrk/1UctfdX/BvB8H7/Uf28tT+NMWoAeEvhV4K1nVdf1qaIR23ky2ktrEMy/6oySyiWP8A65SV+f8ArgNoY54TJz/rpv8AprX2b8Gv2jLfwJ/wT31H9ij9lywu9U+IHxU8TjUPiFrdh5sflaNajFraf9cv3kssv/XWuCn7OM+c9LFSlKhyw+0em/8ABVqe+/aM+JHhPwV8N7C58SeI/FMGqeJtH0/RIJbm5isJb+W1tovKi/5ayxW3m/vf+WX/AF1rxH4A/wDBKn9pr4q619hg8Halptv53l/a/wCx5bn97/zyl/5ZRS19Qf8ABPDXvhz8N/i3p/jiCwsdSvPDmg/2Dr000Pmfav8AVSyy/vf+mvmxf9soq+yPhZ+0TD4D1PVLDwrZ23l3+pfbZrTT4f3VrL/2yrnq4y7PQy/Dxo4U+f8A9nn/AIISfAnR/FGj2PxU8V3vinVLXzZNStIZvKsYpf8ArlFX2p4q/wCCMH7D+vfD7+yoPgtpEd5LD/yFrSHypa3PgzrGlWfim41XVYJbaS6vPMmr3DTfifokMWV1yPy/+u1c8JM9BWPy7+M//BuX4Ns5bi+8AfEbVtNkv/8AU+TD5kUX/bLyqNO/4N+9V8LeDJNV8cfFzV/EH2WHy7OLRNNsIpYv/AuKXza/WSbxh4cvIvPnvoqk03xL4VniksJ7iKL99/qv+etae1ZpaM/iifkn8Df+CKvw58Kaz9u1z4Valq377zYbvxjeeZ5Uv/XtF+6/8hV9AfE7/gn74A02w/4THSvDn2b7LD/xMrTTofs0V1/2yir7c1LxJ4V/6Cscn/PGvI/jv8dPCvhzwleWJ1WKLzf9d/0yrKpUKX7r+GflXpnwlsfCv7Vel6Xodj5WnyzS/bLSH/VRfapf3vlf+ja9g8N/EnXPAfxL1zwBPP8A6PLpt1ezf9covssv/tWqcepWGvftI+KPEVvPbSyWt5YSQ+T5X/Hr5sX73/0VFXP6lDff8J5488cQD7THFptrZWcsv/XXT/N/9FV4leVT2x6VG3sf3h81/tLeJJvDfwqk0qeCWK4uof8AU/8Ak1L/AOiq8H+CepQaD8StUvtK8z91rHmQyy/88v8AMVbn7XfjCfXtek8OT38knlTS200Xnf8APL/91Xnfwr1If8JRcX8//Hxf6l/rq9H2n7g8BU/3x+uGpeKr68/ZZ8J65BP/AMgvWLCSGb/plLaXVr/7Vir8/wD/AIKEfDefwf8AFrUL7yPKj1SziuYf+usX7qX/ANFV9qeA9Yg8U/8ABOeS+ggj+0WGm2sk03/LX91f+V/7SrxP9vbw3P8AFr4feF/iNocEUkl1o/8AaNn/ANtfKiuov+2UtedSq/vjp9m/YnwfND51r5//AE2io+x3GmxeROf3cv8A5FrY1LR/scUeD5Ucs37n/pl/rajis/tv2e38iTy4ppY/+/Uv/wC6r1zhOs+GP22z8e6fYef5Ukv7ubyof9bF+6/+O19wfB+8n8E/sq/EDz7by44vh7oMkP8A11utal/9paZL/wB/a+N/gxptvN8RrPVdVg8zytNtfJ/66/uq+3PGOj3Gjfsg+LPIHlfavCvhyOb/ALcLXzf/AEbq9ezl/wDEPm86p+1gfKfwxh8n/hLNVn/1lro//kX+1dPr6Y+A93Y+AvgrqnxUv4JPtlr/AKFpsv8A01vorqWX/wAhWMUX/bWvnP4StBN8L/GF95Ef+laba/8Apwi/+1V7x42mg0H9nPw34Og8uP7fDLezRf8AXK1sLX/0bLc19fT/AIB+c4uhz4xI830bxh4k0HxH9usf+Py/vIvtkX/LK682WWWWL/yFXrGseFb7w3oP/CVaHBbXOh6pNLbWf2uH/j1v4vK821l/55S/5/65eR6lZwf8J5efaJ/9H/df9/f3sXm17Z/b1leeA7eC+gi+z38P2bXopf8AVebLdSxSy/8ATKWKX7NL5tebVp/vj6CjClOg4yPRPGGsQeFfCOueONK1aytv3N1Zab9rs5ZfNi/6axf9cooq5fwH48vvFXwb1C//ALb1LUo7r/hHNem0/wC2SyXPm3V3dWF1L/qvN8qK1sbGX/t18r/lrXSftdf8Sf4TeKJ9DsbG2+wXmvSf2daQ/wCq83yovK83/pl+9irj/wBkXxVPeeCNU8OX2ufbY7XR4tJ1j/TPs0v+i6h9vl/5a+VF5thc/wCt/wCvqvl80qe0l7x9TlNOpRjP3j6og+Kh8B2viSexsbmLT9Gmuo7PzpvKllltYrqL91/29WMssv8Ayy8qWtib9pDxHrGs/wDCOQf6NqEV5f239nWln5ct/wD6VF5UsUX+t+y+VL5v73/2rXN+FPB+h694Nt/iNPrllq3m6Pda1eRf6qxsIpZftX72WWL97F5tzL+6/wCWt1F/1yrzvUrOCHxvZ6H4VvpP+Efv9NludS1aX97fa9axS/62+/5a/wDPLyrWL/nl/rf3X73LCezsd9T2x9WeD/Hmqmwj0qxFzFHFN5fmyzeb/wAsv+mv/TWvQIb3zoY/PsP9V/qZfO/exRV4/wDB+Se80u3nvoJLHzZopIYvOi/55ebL/wA8v/Rv/f2vQNI8STnVI4IDFLbxQ/ubub91F/8AHa9X2hw+zZ3H9pfYv3H27/lt+5m/561sCb/RYz532b/yFXL6b/as135/737PLD5vm+d+9l/6Zeb/APaq2LOGA+ZpUE8XmeT5nlRQ+X5sX/tX/ll/qqoCxP4k8m6jg8/y5PJ/ffuaj/4SqDTdUjgnn/0jzov+uVSal581158+kxyW8v7ybyYf3sX/AD1rDs9BgHiiOf7P/rfKjhrQD0zUhBNpf9rExRSS/vIf+mVePw/CSx1jxHcarPB5vleVJDNLXeaxrH2wR2P7uO3lh8yrEJsZfL8i4/d/9Mf+etc1SmdVKp+6M/wr4Wggikvr4eZJ5377/prUl58K7fUtUs76GDy7eKbzLz/prXcabptjBa+RBB+7qxPeeVDHBBB+78ny/NqDY4v/AIVjB5vkT/u4/wDWeTFDR4qg0vQbCSecRRRxVqeKvG0FnF9ht/8AllXlfjDWZ/Et1/qJPs//AC2irelTPPq1Dg/jN8ZvEevRSaH4HsZI44ofL+1+T/6Kri9B+D99pthceMb77T5ksPmXks3/AB9S/wDTKvVNS06x039x+9l/6Yw/8sq5PxtrH2yaOx1W+8uOL93DaRf6qKvWpT/lPJqf3zzPxho99r0UdvY2MX2Pzv300P8Ay1/6ZRf/AB2vM/id4V/4n1vpVjY/8esMX/bKveNe1Kx/5YTxyyf6uGGWH/j1/wDtvlVn6P4P/tK/8+eD/SLqbzJv+mv+fNr18NifZHz+NwXtTi/Dfw9sYbWOCCx8zyppf33k/vYpax/ip8H/AO0ruO+g8N21zJ5P779z/ra+mPDfw3n0CwkgvreKX995f/22s/xH4Vsby1jsZ4P9VXpLMjyqWB9ifF+g/DeDwr4ts/EfkSf6Lefvv+uX+q8r/tlLX2R8JdN/4oKSCaD/AFv7v/U15/N8N/O8RyTzwR+XLN/7Si/dV65oONN0byIP3Xmw/wDf2uHE1T0aWG9oed/Y57PxbcQTwR/Z5YfLml8mu00fwHDPLH9tg8uSL/Uzf62pP7H/AOJn58Fj5vm/8ta6yy/4lsEcE8HlR/8ALGvOqVD28NS9kZd5pv8AZsUcHkV6B8Gddt9H+0fboZZbeX95/wCQq5O88jUpo/38teX/APBQ745wfsrf8E7Pix8abC++w6xLoP8AYPhuX/lrFf6n/ovmxf8AXKKWWX/tlXkY6paievhYe2q8kT+dP9qn4kJ+0T+0Z4z+MWg+Gbaws/Efiq/1G10nT4fLitYpZZZfKqDwPo/jhtDOmX2uyadpcp8ya1iH+t/66+V/rf8AtrWN4atGtGlv4jL9ni/dwwxf8tauWdnAZY7ebzfL/wCeVfN+1Po/Z6ezPqj9iiz0PWNf0vwbpU/7u6vPs3mzQ/8APWX97X6qeCf2dfCvg/w5b6rYz/ZvNm8yaaab91axRfvf3v8A2y/e1+M/7Pfja++G/jzQ9c0KC2+0WHiS1ks7Sb/VS/vf+Wtfsh8PfGGq/G39ka4gt/EclzeS+bp39of8tfKlli/8i/vZaJ0/+XgU6vsf3Zoa9+0V8MrP+1PFf/CORXNvLZ+ZDqOrfuv3UUssUvlRRf8APWXyvKrm5vip4/8AFUuof2VpWpW1na3nlzatND/x4f6r/W/8tf8AlrXkfxl16++Bt3ceFdD/ALIj8QXWmxeTd3f7uKw/1UUX7r/lr5Xlf+Ra5+88KeMfFXw/0uf/AITH/iT6NZ3Umvah/wAtb+/83/W//Gov8y4zqfvDvpn2B4D+J3jKz8OR2M5jufss1rHNdyzfupfNil/e/wDbLyv/ACLWx4q+JHiPWNek8OeHPK/4lfm/29d3fmxeVFFLFFLLbf8APX91+9rxv4EeA/Fd78NLiDXJ76O81TXopIfN/wCWVrFFLF5sX/gTL5v/AFyi/wBbXoms6bpXgnxHb/CS3/5CmszS/bJoryKT/j682Lyv+2UUv/oqs/aHRf7By/iT9pyfwra/8So3OrRxTSx/2j/q4pZf+uXm/wDXWvM/2kPiF4jh17/hBoIJb641TWIraz/5Z+bF5Usv+t/56+V/5FrpNY+D+h+IviNb2OuarLY+bZxed/0yii8r/wBq1H8ZrT/hKvjxcXuq+Vc2+gzSxWflfu4rX7LFFLLL/wBdZYv3Xm/9daz9qaez/eHjfwlhn0Hw58QPjTfWP+kXWj3Uln/2yurWKL/yLFLVPXvFUHhv4GSar/y+X955f/XW6+yxX8v/AKKirP8AGHxIuIPhLqFj/bkVtZy6lpfneT/z6yyyyxRV87/tU/HOf/hF9D0qxn8uO1hl1GaH/nldXUvlfvf+2UUVcXsva1vaHTUqUvZch85/GzxVceJPiZrF9P8A6yK8l/ff9taw/B8x+3288P8ArJZvL/8AItYepTXF5qF5j/WSzeZ/rv8AnrWp4VvINNvrcT+b+6/eQ/8AXWvRn/BPKp/xj9IP2XvipYwfBXxx8K5/+POLR/tNnD/0y+y2ssv/AJFllrh/2e/iF/ws79lrxZ8K/wDj98SfDnXpfEejw/8ALWXRpf3V15X/AFy/e+b/ANdYqx/2MrwTeMtHH+tj1nw3LZXn/TWWLyv/AGlLXk/hXxh4k/ZX/abj8Y6H5sUmg6x5d5D/AM/Vh/y1i/7axV5NPfkPRqUjY/aK+DNj4b8vxHoc/wBp0/WYftum+V/yyl/55f8ATX/nrXj+gi3m0aO+g/1kWveb/qf+WUv/AO6r7o8bfCvSvElzrH7PVj/yD9Zm/tH4V6j/AMspZfK837LF/wBspYpYv+/VfHcPg/VYdTkg1WGS2k+2RWWpQ+T5f2W6ilir08NU/dnm1afv8p3nhTR/7L+IPh+4sT5cd19qkm/cy/8ALKWKKvsTxvDY6x+xJqGufu4/t8Msc0P2P97L/wATXULX/wBFRW1fLfwNht/EmjaHPfW8skkU119s87/W/wDLKX/25r7Mm8H3Op/DS3+GdxbSf8VH4butW03zv9V5sWtfav8A0VfRV7+A+OJ8pjYOfPE+F/gbqU//AArTxJb3H/LWby4f3P8A1ELWvoD41/aIdLs/I+zSx2sOvSTebD+9/e6/FXzv8N9JuLDwf4k0OE/8tormH/pl/pX/AMdlir6Q+IV5/wAJJ4c8L+KoPs32e6s7qym86H91+9isJYv/AGrX1uG/hHwteN8VI5PXtBgs/CVv45svMk8rWJba8i/6ZSxRSxf+irmtTTfEvk2Fx4cn8uS386WSabyfM82wuoovN8qL/pl5VWPDU2lXsMfgAwSS2+vfZbmz86H/AJaxRSy+V5X/AF1/df8AbWuf+G9n/bus6HBOJPMv/K0m8m/66/6L/wC1bms/3NWqd6p1FR9w94+GPjCx+Knwg1SfxVpcksd/4buv7Sl/1v72XzfKll83/rrbV5X8B9Yn0nxb48+B/iqC5vri/vIv7H0nyfM/5ZWsX+q/5a/vZf8A915UtdxoPgnXde8JSWXhWa20jw/dQyx/2hd3kWm6ZLLF+9+y+bL5Xm+V5UXm/wDPLyq4/wCLPxU8RWevafpXg7xHqVzc2sMUepadodn9m+3yxReV/wA9fNitf9b+6l82WXyvNl8r/VV+bY7NsPTqn6TgckrTo8sD3yK8+Jvir4GR/DLQ/hJ4g+z+HNYv7maX+x5bm2uv+Jh5UX/LLypZYrX/AL9f9cq9Q+CfwZ8Y6z4X0vwrBpUknlWf+mXc0372WX/tl/21r4Dh1K+034jXE+q654y0jWL+b7TDq0OpS211FF/zyi/exS+bF/11/wCWtfXn7NP7SHxU8N6zJ4c8f+MdW8Y6H532bWP7cm83U7D/AKev3sUsssX+t/5a/wDLLyv3X/LXjw/EWGjV1iei+HMRGjdSPqzQPhVqvlW88E8V7bxXn2aaWGaKKLzf+utdxD4Jvofs8E8HlR2v/T5Xh/ir4nfHfR4fO8NiP+x/J/czRWf73yv+uUvm/wDkL91VzwRqXxw161jn1webH532mz/c/wCt/wCuv/TWvrMJVpV1zngVcN7E+hP3F5LHBfT/AOqm/c10n9mz/YLe+sZ7GWSL/UzeT+9rz/w3/av2T7Opli/66w/vYq9A0GzvrOKOf/Wx/wCrrqOb2RJDDBeS5v4P3nk1Y/4RWw839/5vl+T/AOQqsTQz3kkc4H+j/wDPGiH7PNFHB/qo4v8AUxVpT2D2RzesWcF5YXHn2MnmWs0vk1j+FdS1XRrD7drnleZdTeZ5P/XWvSNSs4JrCP8Aceb5X/PKuD8VXmhQSyT/APLOj2ftTP8AhHQWfjBgI7C3n83za1J9fgmtfIguPM82vG5te866uIJ5/s0cX7v/AF3+trqNH8SWP2WOCD/nt/36o+rGX1k1Jpvtksnn1y+vab/p8cEAij8r9553k12Gm/vrXyIIP/INU/EumiG0knggoMqmx5P4w1jStNl+w+f/ANdv31eb+MLy41O/knz5cn/LGGuw8babPZ38k/2j/SP9Z/qf9VXJwzQTX/2GxuPL8r/XXf8ArZa6aW5z1TP0fTZ4dejsbDzfMl/eXkv/AC1ii/1sX/o2vWPhj4aGpX8kEEH/AB4f66as/wAN6bB9mxYwf6r/AFPnf89Zf/Rv+qr2Twf4Qg8EeCJPJg8q4/5beb/y1lrtVQ5alM5PxJrw0fxJbnPmR+T++iqPU/DdlrE3n2Ncnr8GqjxniD95HL/y2r0Dwfpn9m2scE/l+Z/39rtUV7I4rHF6x4PnmtfI8jypP+e1Z/g86rBFqFjfweX/AMtLP9zXtGpeD7HUrSO4t55Iqz7zwTpUPl+f+7ki/wCW1Ze0NFTZw/huz87/AI/oP+W376tDUtNvvN8i38ry66T+x4LOXyLf/Wf89ap69eWOj2v27/nlDWJqqvKY9pZwabLJxH5kVfmX/wAHL37SkEun/Cv9jLQZov8ARYf+E48YWkQ/debdf6LpkUv/AG6/aZfK/wCnqKvvz4heMdDvNUt7HxHrn2LS7WGXXvGGow/8uGg2H+lXUv8A5C8r/rrLX8/f7aX7SHir9sb9qXx5+0z4q82KTxl4klvbO0l/5cLWKLyrC1/7ZWsUUX/bKvns5q25YHv5JSc+aoeT6bDP9l8+f/V1c02z87VI4IP9ZUfk+VHHB/yzl/eVseG4YIb+S+Nv+8ih8yvDpbH0B0nhuzuLy/s7G+/dx+d9tvP+mvlRfuv/ACLX3h/wS8/a01yz0bxBoWuX37uLUotW020/7+xS/wDttXwXeXk+m2sd9j93+9sv/IUVdZ8Gvidqvgn7ZY2M/l/2pZxW03/TKL7VFLLXT/y5PJqX9tzn1p+3hr0HxU/aHvLGC+ijksPNkmmi/wCWX7qKKKL/AL9f+ja2P2b/ABV4j+G37Mlvb6FPH/amqTRSWcvk/urCKX915v8A3683/v7XyvZ/G2+vPiZceOL6fzft+pRfbPNm/wBbF/yy/wDIUsX/AH6r6o+FfxT8AReEtY0qfQ4rmzlvIvsdpDN5X7rzf3Xlf9+qzqYa56NPE2PoS9+OU8/xz8H6Hm5ttD0vxVFJeTSzf62wiliiuv3v/X15UX/TXza3PG3iq+n8ZafPYwSya5LeRXupXf8AqvKilli82vm+z8barrGqeLPDmlaVL5dr/ZfnatN/qooopfNuv3v/AF18qtj4qfHltHil0rSriX+1NUs7WPUpov8Alrayy+VFaxf9sv8AlrRTwRr9eRsfHL4zeI/DevfEDx/pWuXP9saDNo2nabN537397qEUsv73/t2/8i1T8efH7+3vh9qHxM0ry7bzdNv7b99+98q68qKKWX/tr5steF6/8SJ5r/x5/as/2n7VqUskMP8Arf8AVeV/8drzf4h/Em+/4VfZ+DrG+8qzis4rmb/prLLL+9/9FVzVMEdCxvtVyHL+MPjZq15o3iDS555JY5fsskP77/VSxS//ABqWWvF/Hniu+1LS/tH26WT7VefvvO/6ZRRf5/7ZVY8YalPPf6h5E/7u6m8zyj/01rk9RhnvPs8H2j/Pm0ez9kBHFNBNLjb5dXIRP9qt7GD/AFkU3lw1HZwwfu/+u1WPDlnPea9Hez/8e8U3+tpVCqf8Y+zP+Cfs0F5a29+beP8A4kOsRfvvJ/5ZS2stc/8AtaeA/wDi/wBb6V5H+kappsvnf9svNi/9pV6B+yX4P1bR/hLo9j/q9Q8W6xdateedD/qrCxtZf/avmxVX/aFn0rxt+0RqHji3n/0fRvtVt+5h/wCWX7397/6Nrxaa5MVzHtT/AINixqXiTXPEn7GWn+P9I1yWLXPBGvfadNu4v9ba/wDHr/6Kl8quo+LXgmw+MHhu3+O/g7SvK/4TLR5f7YtLT97Fa6paxRS+V/7S/wC/VYfwNh0Oz/ZL1i38Y/urO/166+2eb/yyi+yWv/tWKL/v7XQfAfX5/Df7L8dvff6yXxVayTRf9MoorrzZf+/UsX/kKvXw1M+fxtT/AJ9nk/wTGlWfijXNDgvraW3i1j+0bOHzovN+yyxRRf8AttFX3Z4w029s/hz8P/FWh/8AIQ8OabdeT/018rUP9V/1y/dRRV8B+D/B+q6N8WtQ1aDzIo7XXv33/PLyvN/1Vfdngn4t6VefD7T9DvtJlk1Cw1KWSzi87915Uv8Ax9RS16cKjhI8uphrr2h4f8cv2e4NB8ZaxrmlQSx6H4t03/Q/3P8Ax63X+t8r/wAhRS1h/Bmafx58B7jw5fQXMeoaXNFH500P+qlil/8ARUsVz/5Cr6km8N+HPiFoMnw51WCX7Pf/ALzTZv8AllF/zyr538NfD3XPgz8QbjSvFVjc/wBl6zDLp2pfZP8AlrF/qvNi/wCmv/xqvp8Hif3Z8fmWX/vtDl4f7cGjRz+R5WseHPEn2mGKX93L+9/exRf9cpZYvK/7ZUazDB4V+Jck9iP3dhrH23yf9VL5UUvm/wDbKXyq9Y8V/CX/AISrw5Jrtj5UmoRQy2XiTyv9Vf2v/PX/AKZSxf63/trFLXN+MPB8/jCSz8VXvlfbLCaKPXv33/LWL/VXX/bXyov8+VW8/wB5U9wyw0fZQ98P2hP2j7f48+LbjXfipP5f2+8i1Gbwxok0ttYxWsUvmxRebLFL/rZfKii8391XFal4I8O/YLqez1u51LXPOlufEc0Jl/0q/l/e/ZbaL/l78r915t1+6/e+b+68qKKWXyT4e+PPFXiTxJbz2HhvW5Li/mlvZvE2o/vfsvlRfvZYov8AVfuvKlruPhvB4qvLq88caXBpv/CL6NDFHND5MupW0Ussv7r7TFdyyxSyy/8APWX97+6/dRV+MYnBOTP3DDVo0VyGho+mX3huWO3/ALVktri683zobv8A1UUv/LX91LFL5v8Azy/5a/8AbKvcPgbeX48aW6nSJba4i026jhl8mXzbCKKWLzYv/av/AFyuv+/XH6DqXgbXtGt/I8OyW1vFNLZQ6tp+g3VzoX+t/wCfaWXzdP8A+utrLF/1yr1j4P8AwN8YzeKLfQ7/AEm5ivLrytJh1a0m/wBF1Swlii8qWKX/AK5ReVFL/wBPUUVcsMul7VHb9aj9XsfoJp2mWPiTwxo/jHVYIpJL+ziufO8n/W+bFFLVzwTptjptr/x4xfY/+WMX/LWL/Vf8tasaD/xPtGs9Kn/dW8VnFF5NpD/qpYov3sVSXs8Gg+ZY2/lSW/8Ay2/5ZyxV+lZdSth0fn2Od6x0lnDb2cslxb+XJH/01h/7+1sQ6lB5McEEEcXm/u/3UP8Aqq5eHxJBN5f/AF5/63/nrWhDqQH7ix/e+bD5kPlf62X/ALa13nAdBDeeRdRwT/8Abbyqj1iznmv/AD4J/Mk86sOzmvv7U5n8qSWH9z/01/debWx/pENpJ58/+tm/79UAWLzUoIYvInnijk71w/jbyJrryDP+88n9z/yz82uk+xjUrSO5E/8A2yrH17wd9sl8ie48239Yv+WVaUqphVpHm+pabP8AZf8AUebJLN5daHw9s9cvDJfXJ/1s377/AOO13F54DsZpY5yP9bWpo+kWOjRRwQL+7ro9p+5OFYep7UsaPpps4uBVi8s4JvyqTzh/qP8AlnUmP+mH61xnSef+MPAcGpfaIJ7H/W/8tq87/wCFGzwSxwG38v7L5Xk/9Na+iIbT/l4zUn9jQ/8APH9a0pVQ9keT+CfAc+gy28F9/q4v3n77/wAhV3msawdX0a30PSv+Pj97H5VdA3huC88u4nrQ0HwTpWjahJPBYfvPO8zzq09qZVKR5/8A8K3sYvLnvrHzJIqP+EPmz58EHlR+dXrl5o9j/wA8P9bVPXtN0qG28gwf6r93XTSxJxVMMedjTZ4fLuJ5/KrP16byD5/2+Kuk17QJ7uLz4NV8r/pjXL+JPh7rk2l+RY30f73/AJ4zfva6zhOb1jxtpOjxeRNffvP+mVeP/GX4wWGmiTyD9pki/wBTFFN/ra7TxV8N/Eeg/wDLD95/02h83za8D+J2pHwH4jj1238K21zefvZIYZv+PWKX/nrL/wBMq2p7HPas6h8n/wDBVf8AaD8c/Cv4TXnwIN99m8YfGSG1udeii/1ul+DbWXzbW1/66391+9/65WsX/PWvzL16zvtNu5IL6xlik8799D5P+qr6Y/a4i+Lmt/EXWPjD8TvFX9v+IPEV59p17ULu3/eyxReV5UUX/PKKKKLyvKirw/x5q516S3vr3SvKkl/10sM372X/AKa/+iq+IzDmnW5qh+hZXTp08JaJy03+u/Gut8B+Ff7Y1630m3nil82ufmht5ov3H/bavSP2dYfJ+KtnB/1Evs3/AJC/+O1x0tjuqU7oz9e8N3154cvLE2Mv+i3nmQ/+iq5OG8n+wSf6z91DX2p4w+Cela9oEl/pUEX2i6mlkvJYf+Wvm189+Nv2e/Eeg+ZPpVj5vlTeX5UP/PKj6zSOaphqtjzOy1jyZef+20NeyeD/AItX5NvfeR5Udrpv+meT+7/1X73/AL+y143Ppt9psMkEFv5Vx53+umq5pt5PD4ct7Ezy/Z4pvN8n/nrL5X/2qu6nUOOpT5z3jw3+0J4jh8OeJJ7ieX7Rf3n2maGH91F+9uv9V/n/AJ5RVsa98cv+Ek8UWc3hux+zSeT9nhm/5ay/uvK82X/P/LWvD9B1kfZbiCc/u5ZovO/8i1Y/t6fTZfs9iJfMl/10td1KpR9mcHsK3tDtJviFqs2s6pfQTy/vYb+5m8r/AFssstrL5UX/AH9l/wDIVef6lNqs9hcQeT/x/wD7uGL/AK5fvf8A25lrc8Hwi8+0Tzz/APH/ADfaZv8AplF5tbnjGy+x31xPcQReZYQ+X/qf+Wvm/wDLWuHEbHdhrni82mXGsazceR/yys/MqPQfCv8Ab2vW+lQf8fH/AKKr0SHwHPZ2FnBBZSeZfwy/9dfK/dV0Hw38E2MPgi4+I3kf6Zda9LbWc3/TL7LL5vlf9/a4vZ3PS9qeN+FvDcGr6/cWM/7rzf8AU/8ATKXza+tP2af2J/OsLPxz4qsYtSs7Cz/tGz0mH/mKXX/LKKWX/n1/5ayy/wDPKvK/B/w3sdN8ZW/+g/u9Ls/MvJf+etfoJo95B4P0HQ/B37qOSLwTF5P/ADyl82X97L/01/1vm/8AbWvSw2W+1RxYjMfZL92cP4W8N3/hXxHqkF9fR3NxoPwx+xeV9j8uK1+1Syy/uv8Atlcyy/vf9bLLFXn+jfB/xH4q0bULHyPK/tTyvO1Dyf3Vra/8tZf/ACLX0RD4JvvFWq65qulQebJr2mRf9dZZf3v/AC1/66/+iq9Ef4e2Hw9+FX9h2FjbeXLNFFDdy/8ALW6/1v8A36i/ey1ywyjnxBvPOf8AZrHyX8cvB9ho/wAOfDfwXgg+xf8ACR/ar3UofJ/1Vh5sUUX/AH9iiil/7+1l+D9B13UvBn9lw2Pm28Wg69JN+5i/debFYeV/5Csbmtj42ePJ/id8QdU8caH5vl6pD9i8Nw/8tYoov3UX/XLzf3VdZ4Ps7HR9L0/Q7ifzPt+vRW155X/LKKK1/wBV/wCTNd31PlPNqY0y9M+GMC/Z9VgsY5biW8ikhhlh/wBbL+68quk8H+G4YdZk/f8AmeVr11bed/36/e19AaB8K5/FV1o+ufYfLvLWb995P/PX/VebLXL6P8Pf7HOoaHB/q/7S+02fmw/62L/W/wDkX97QsN+9Ip4n2tE2NH0eCzls/Ig/49ZvL/7+/wD22Ktzx58PbHxVayf2rB/pn+ss5of+etbnhXR9KhsP7J1XVbaTUJZv9Dlh/wCWv/PLzf8AyLXWQ2c+peHI7HyIvMsP+mP+t/6ZV6WGkqVU4an/AE8PlvwrqX/CN+LZNWsdK82OWby7y0im/wCPqL/VeV+9roPHnw9t7yWPXPB08f2O/h+zQyzfuvN/+NS+V/yy/wCesVWPiF4Ct9A8Rx/aIJI7e/vJYoZov3nleb/0y/6Zf62tDR7yezupLC+t4pZL+GKSbT5v9VL/AJ/561rUq2rGdTDL2XOfKfiqb9jvwrqlmdK1zxJrdvF+7hmtLOwsbaL/AKayy3cUUv8A6K/7a/62qepftRfs56Dax31x8HdS1eO6h/12reKpb658rzZf9b5v2r91+6/1Xm/6r/llF/ra+N4dS+xnyNV1WW5kim/c2n+qiiqQXmq3t1/asE8ktxLN+5/5Zf8AbWviKk6NM+8p4aX85+iHwx/a1+BGj6zp+h+HP2bLKSS6vP3P2vTYrnyv+mvlRRf+ja980b9oS41P7HpXgf4c6TomqWE3mTS6f5Xm+V/zy/6Zf63/AKa/6qvzz/Z70fVbSX+1v3v2yLyv9b+98r/tl/y1uv3X/kWvsT4P6/8A2lYafBP/AKTHFDFJqU3k/vZf+eUX/tWuehS+tYm0DorVYYXC8x9wfDH4ka5rGl29lrl9F9supvMvPsn/AD1/5a+VW5d3k8OqSfZ4IpPK83yZov8A0VXjfw28SjTbqSeex8ySL/lr/wA8q7S8+J080X9lQQfu/wDltX3GGwvLGx8TXxXNI2LPxfPLdx4sf9V/qfJ/56/88q6Dwr43+2eF7e/1UeV/yzh/79Vw808N5F55sP3n/kWtDR/Phtfs8H7y3i/5ZV1/Vjm+tHrGnazYwyxzTz+bb/8APX/nlWxr3iSC9i8mCDyo/wB7Xk9nrFx/1yjimrQvPEk94Yz5H/TOub6qafWjqNB8YT+dcTznyvNrQvNYgm5Jrh7PUv3X+o/dy/66tCfUbiY+QP8AnjR7I09qdBZ6x500nnz/ALvzq0Ibz91XJ2d553+v/wBXWxZzf9MKzq0zn9obHmf8u+fwq5Zzd6z4O9WLP9z0rM0NiDvVyHyKz4sf9sqsf6ry8UGhqQ3nky+RVz+0u2fNrn/38I8/7P5tWJry4hijzB5kf/PatKexnUqKkak2veRddP8Alt++o1LWPOrl9S1K4Bkn8j93/wAtqjn8SQQ2v7j/AFn+rhmrtpUzhqVTi/ipr1xo9/JP9ultpP8AV14P4q+OXxA8B38muWP+kx+d/rfO/wBbXsHxU1L7ZayYg82PyfLm/wCmUtfPfiSCaztpIL6fzbOXzY5vN/5ZS/8APWvXhRVSkeb7RU6p2Gm/tm6V4wsP7K8R/Yo5P+fuab/lrXm/xUhn1jRrj7Df/wCt/wBTNDXh/wAQvB/irTde8iCD/W3n/f2Kug+D/wAVL6zi/wCEc8cwSy6XLN5cPnf8sv8AtrWn1Zw+Az9qfKf7Znw9vodBknnsf9VN/ra+L9Yh/wBFknng/dy3ktfrZ+1r4D8OeJPhBrEH2GPzJfKk+1/9Mq/NP4keCfsdrcaTBY+V5X7uaH/nrXxOdUnSrH2WS4mlUpHl/wBkg83p+7r0z4D6PPN+0D4fsYIP9Il1KKSb/tl5VcXpugm8uo4IIP8AWzeVNXvH7Gfg/wDt74+2fiOCD93LeS6dpv8A118qX/P/AG1rxT3I7n2h4I+DN/eeCI77/lpdQ1seDvgDY6x4pjgvtDjl/feZqXmw/wCt/wCmVfSng/wHBeaNpY+w/u/7Nijr0D4e/CqxsrWS+nsf9Iupv33/AJCriWHq89zr5lY/Lv8Aai/4J7iz1S8/sLS/+QpN9ps4oYf9V/0yr478efBPxX4J8RyeHNV0r7FJ53lzeb/y1lr+iSz+A+laxrX/AAkeuWP+qh8uz83/AJZeVXzv+29/wTl8OfFrwvJrmh6H5V5+9/1NegvbJc5x+ypH4pzeFb6zit9K8j9551SXngnVf3iwf9+f+WtfXHjD9hvx/oOtWeh2PhW5uY4oYv8Alj/rZYq0PC37H3jG81mOe+8OSy/2XN5nleT5sUt1LVLEvsc31ZHz/wDDHwFf3l3JBBYyS+VpsX2ybyf+Wvm/uov+/vlf9+q6j/hW+qXus/8ACOCDzLz/AI+Zv+mX7391X2J4P/Yt1Xw34Xt9K1XSpIv3323WLuaH/W/uv/tstdp4V/ZQ0PwT/wAXN8V6T5Ul/wDatRhtJv8An1tYvNtf3X/LL979mroo4etXOTE4nD0InxP8fvhtY+D/AB5qHg7Q9K8qPRtNuv8AVQ/vfNl/1v8A8a/7ZVl/DbwrBZ/ALw/DfQReZdeJLqW8H/LK1tYorX91/wCTMste+fGb4b6r4q1XXNVzL9o8UXn7mLyfNl/55Sxf+iqual4Pg0LwZp+leRbfaJbyK3/c/wCqtYv9bLF/2182vbpYE8T+0V3PJ/Cng6Cz1Szvr6x/d2EMt7qX/T1/nyv/ACLFXqmvWd9eah4DuBB/x9aP/Yt5N/21l8r/AL9eVWhZ/D2fXtBk8D+G7H95YQ/voYf+WXmyxeb/AOQov/IteueGvhWLz4meH/B1uYpY9BvLX+0rvyf3UXlfuvKi/wCmvm3P+fKr1ZYZUoHnrHHqnwZ+G9joOgx6HcWPl3H2PzNSm/59YvK/e/8AbX91Xm/7YHiSfxJ9j+FelW/2aPRtHl/5beV5t1dS+V5X/fqX/wAhV7J4J8S2M2g6prelzyy/2pef8tf3n7r/AFv/ALVi82vC/idoMGp69eQCbzJNU/5aw/8Ao2uenSsHtuf3jwfwf4Jn17SpNW0Oxl/1P7m78nyvK/0X915X/PL/AO1V0nw98Ez+JfiDpfhzSrGXzIv9Nmm/6ay/8sv/AEVFXtEPhuHTfDnn/wBh+b5U0Xk2n/PWWWLyoov+/vm16B+zF8K4PB9rqHxM8VWP+kRf8TG8u5v/ACFFXT9X/cmSxPtapc+LWvWPwZ8JWfg7Qr2OLxBf2fl+d/zyi/5ay15/oOpX2p6zpcENj/odrZ+ZeRed/wAsv8xVx/xg8VeI/EnxVvPGN9BJc+VD++tP+eUv/LKKvTPCum32m6DGb6xi+2XX/H5L/wA9f/jX/wBqriq0z0qRn/EnTf7B1SOexn+zW8vlSQzf8+svm/8Ax2vTPhj4xn8beF459V0ry7y1/wBG1KH/AJ6/9NYqz9B0yx1e/wD7C1ax/wCPqHzNNlm/7ZS//aq2NH8CX2hSx2U0/wDx9Q+X5P8Az1/+NVlSHU/ennfxI0eea6vPDd9P5Ukv/Hnq3k/8et1/yyll/wCmX/LKWuHmi1zTYvsWqwfZtQ+2fudPu5v3Uv8Az18r/wAi/wDfqvfPGHhW4vIre+sYI72SWHy5opv+Wv8A9trk9Y0Hwr4rFvY30/lyaX/02/exf9dYv+eVFSmdFI/CfTdN/t7VP3FvFHHFD++/c12HhvR7DTb+3+w/6TeS/u4Yf+estZdnZwWdh/Yehwf8fX7yaWb/AJ5V6x8MPh5Po4s7mH/TtYv4fMs4f+fC1/56y/8AXWvgam5+h07WPSPg/oM+jWun6HPB9tuJZvs1naRD/Wyy/wCt/wA/88oq+sPhj4P0jQdO8jz4pJJf9J1Lyv8AVf8AXL/rl+6/7a15H+z38Mb77LH44sYP+WP2bTZfJ/1UX/LWWvaIbODTb+SCee5ljl/efZP3Ve9lGG9m/aHzebYn2v7s7zR/G095qn+oj+x/+Qov+uVbln4k8i6t/Ig/eed5cNZej6Dof9gx31i/lSf8tpruHzfK/wC/VWLPTftk0s9j5kUfnf62X/Wy19lhj5KqegeAtTn+wfbtcgllk87y/wDrrXpGm2cF5+5gn/d/89q838IH/lxmt/8AppXqGgziGKPyP3f7n/XV0VDzfaMJtHH2XyJ4P+W1V4NMnh/cQfvK6D7ZB5UcHn/9tqjl/wCWhgP/AG2rE2pmPD+58yxn/wBZ5P8ArqkhWea6jgnNaAs/3vnQD/Wzf6qtCz03B4g/eS1hVOop2dnP5vkVqad5/wDr56uWemeSPP8AIqxDD9jij/551zVNy6dMks4e1akMNV4sf9sqsed5Xeuc6aexJj/l38+iG8n8rE5/7ZVX8797/qP9b+7qSa8hhhjH+sj/AOe3/TWszoC81gw/uMxy/wDbbyqr/wBvWJ/cD91cVT1jUsS+RB5v/PT/AF3+tri9S1j/AEqT9/8A6r95+6/5ZV2YakcWJPRP7Y8628meD/lj/rv+WUVcnNrN9puqSWOqn/R/+mtHhXxJ+6k8i+i/e/u/Klo1/WPDdmuZ/tPmeT/yyr06VI82qc//AKdNLJY3x82P/Vw1x/jD4PwalYRwfaPKt5ZvMm/6a1X+IPxssdBv/I0ue5/66/8ALWuHh/aR1WbWfI8iT97N5fnS16MDyansi54q+Ffnf6D9h8zyv+e1eX/En4D+I7P9/YweVJ/rIf8AnlLX0Jo/ja+vNL+3X1jFF5X+um/1tY+sfE7Q5o/7Kg0O2kjlh/57eXF/2yrpp1DlVSrTPmPUtN1b+xv+Ec1WDzI4vN/cy18f/HL4MarN4uvPI0qX97/qa++PidoNjr2oXE8A+zR/9Mpv3teX6/8ADDStNtPPuNV+03Ev7uaaaGWWX/rlFXzed4b237w+pyTEn5/6b8B/EepeLdL8HaHpUslxdXnl/wDXWWvtj9l39mmDw54k8P32lWPm29r4kutR+1+T+6l8qKXzZa6jwH+z3PNqlnpWh6Hc20cUMv8AaWozQ/vYopf9bF/11lr6Y+G/hX+wYrPStK0ryrfyfsX7r/rl5VfN08F7Q+o+uo9I+GOm2P2C3guIP9VeeXD/ANcv3teuaD4Vghi/f1w/g/w15NhHf/YZf9F/5Y/88q9A03U4IYv9fWf1Y1+sm5ZWcGY/3H7url74bsbyLyJ/9XVfTdSsZrWPyJ62LOaARR8U/ZC9qeZ6x8AfDmpX95OdKiijuu8X/LKrGg/ADwPoHlmx8ORxR16hND+6/wBRVO8m8iWOo5URVqnm/wATvhLY+L/CVxocE9tbXEv+plmh/wBVXhfxs8N+OLzwbJY3/hX7NqH2yK2vLuGH91L/ANNYv8/88q+oPEk/nNnFZdn4jn03zINchiubOWHyvsl3D5le7lv7o+SzqM6n8M/Nfx54P1XTLW41UWMsVva/u7P/AJ6//vf9bXH+D/AeqzQyap4xgtrGP+0vMhtJrz/Vfuv3UVfpB8YPg/4A8YeHPs/w/n+zXH+r+yQzf+iv+eVfIfxg+G+uQXV5okHmxR2v+piu4ZZIv+2v/TWvqMN7Goj4321anWsYfgOb4ZeG9UjM/iqT7Z50sn7mHy/Nl/8Aatdx4w+JHhXwf4S/tXwNpUX2i6hl867h/wBbF5sXlS/+jZa8Ts9Bn0G/k8+xuY/+e02k3n7r/rr5VXPEmma5Df2/iqxnjkvJf3k0sX+q1SL/AJa/uv8A0bFWv1aPtDr9tL2ZofDH4kXvhXVft18bm50/7ZL/AGxDFD5sv73915v/AEy/dV6Rr3w3nvL+OfSZ45Y/+PnTZof+WsUteR6Po4h1CPxHocH7uX/ljL+9/df8tYv8/wCti/7a19AfD3UrEeF7fQ7a4+zWcv8Ax5yyzeb9gupf/aUv+qrOvhuxvhsd7P4zP1KzsIbC3/sqfzLOXypJrvyf9bF5X+f+/UtemeILKDTfhV/YdjcSW0l1DFHef5/79Vh6b4PsYLW80qexljjtZvtPky/8sv8AnrF/39rrLzSPOsLf9x+7+xxeTFXBV2PWw1OL/eHi/hv4ew3lrJPPY/8AMS/fTS/9Mv8AlrXSTeG/3scE9j/qv+PyXyf+Wv8Ayyi/9FV3l7DYWcXkfYf+WPmTfvv9V/0yrHm1OfUZfPgg/wBV/wDva46h6VMz5xB/amn6VAZfMih/13/PL/P7qvRNYzFFJtX/AJbfuYpf+etcX4V0G+s4pL0/vZP3v76b/nlWxNL58Ufneb5cv/PH/llXKdPtEcvqXjC+0HWZLG+giuY5f+WU3/LWL/47XJ+Kv+Kkmjn0rXPLuPO/0PzZvKuYpf8AlrFXpmvaDYa+YzP+9kl/6Y/vf/tVeb+KvCtvpmsyQX09zJb3U3l+b/yy/wA//HaBn5B+G/CtjZ6pGPJik1C//d2dpDD/AO0q+xP2afgR4chtZPFfjiDzbeKb7Tr3mw/8fXlf8svN8397+9/1teF/sl+Cb+bVLfxV+8lki/ef2jN/rZZf+WXlf5/9FV9cXmsX3gnS7Ox8OQW3+lQxSXmneT+9i/55Rf8ATKX/AFUsv/bKvisNhvtn2OJxy/h0zrNY1/8AtIyefY/ZrO1m8z+z4pvLiiii/wBVF/11rPs7O+m1SOeysfLj87y/3X/tKuf17+1dOFv4dgnkvbfzvLvJv+mv7rzf+2Xm1cs/G1xDYR2Igk+2eT/pk0UP/wAa/wDttfR4KkeBif3p7hov/CN3n2OxvrePy/J/ffufK82ukvPDehw2vnwQRSfuf9bD+6rzfwTMbL7HY3/+jXEsMsnleT5ssX/xqvbPB/hW+1PS5PPnkl/ffvvNr3KVT2R8/iaZydneXp6QeV5VbmkeMJ/MjsfPl/56fvap+JbP/WT25kikl/5Y+TXP2f26aWSDP7z/AJ6xQy/va9Lc8k9Is/Ek/wDz3rQ0fWZ4YoxcD95L+7ri9HtJ4Yv3E/8Ay2/11dJZzeRFHBP/ANsZa5ah20jrIbyCH9x/5Brchmbyo/Pgirj7OX97/oP7r/ptXQWd55MUf/XauOodZ0EN4PK/56+bVjzoPKrH87zoqsQymH9/XKdBofbP9ZDOKr/2jN/y3n/67Vj3ms20Ukk//bOqc/iSDMdj51Z+zRodJ/aX+rGPN4rQvJv9E/5Zxf8ATauX03UjMJIIP3Xm/wDkWjxJqQ02wj8+f/pnN/01oVNXNPamf4k16DzfIngl8yL95/ok372uH1i88Rzaz58E8v7r/nl5v72s/wASeKsapcTweVLJLNVObxSNNsPt0Bij+1TeZN/rf9VF/wAsq9alT0PNxJoeJvFWq6Z0v4vM/wCmX/tWub8SfEjVdSsOb3/Vfu/Oim8qWKo9T1n+2LW41bVRHptv53l/8tf3tc/qU19mTyJ5YpIppY/303+qrtpVDzakP3Rx/iSG41LVJJ/3vmSw/vv3Pleb+6q54P0HybvyIIPN/fRedNUepzT2d/8AYYIP3ksPmf8A2quo+HsN9pthJ5//AB+SwxR+T/11rq9ozi9kamp+JZ9HMlj/AGrJ9o/df6n/AJZVwev+Kvsd/wD6DfSx+bWxqVnffu/sMH7yX/XeVWh4D+EtxeCO4voPNk86XzqV/ZHTHDXOTh03XNYi8+Cx/eXX/TGuk8B/Ca+021k1XXIJPMl/7+/9/f8AllXunhb4V2Om+WL6CWX9z+5h/wBXFW5enwp4bH2gQRW0n/oqvFxNT2p62Gp+xPN9H8B3DWFvY31jbWNnF/qdPtIf/RstbFnD/wAT6zsdJg837LN++/6ZVY8Ya9OLDydK0rypJf8AltVz4Y+D9c/s+Se+gltvN/57f63zayp4YMbjfZHrHg+80KGb+yp/9XLD/rqkm8Hweb54n/7bRVy+m2cGg3UkGu2P2mP/AJY1sTeMPNuo7ext45Y6HhX9g5qWZmhoOm30PmQ+f/1xlrqNN/c/9Na5vTPEkHlcjy/+e1aE3iqDyvIggrmq4Y9KljjqPtn7rpWfqU3qPpWXpusfbIvIJkrQ/c+VXF7I7fae1MvUpvUfSub8YD/QJPPg/wCWPmV1l5CfKjrm/EtnBefuJ/8Anj/qq6sH/GPPxdP9yeNzeNtVs/F37meWKT/WQzVuQQ2PxI8yw8R2Mf2i6/5iHk/8tf8AprWP8SPDf9m38dx5H+qmrqPh7DBo+jWeuarBH5ks32nyZq+rX8E/N8SqtPFnh/xg/ZjvtNtY9V0rSv3cX/PGvP8AQYbG8lkOqweb5s376GaH/VS/8sv+2XlS+VL/ANMq+vNY+IWh/wBqW+h308lz/pnmwzf88q4fxt8EvCusWtxPpXlW0ks3mQy+TTjiH9o9OlTvE+c9e8HT2eq/YP3n2O6/0nR7v/rl/wC1Yv8Av7F/39rpPhvr0Gm6z9h8j7T9vhlj+yeT+6v4v+Wv/TKKX/lr/wA8v+WsX+tlrrP+EDmhl1jw5rkH/EvivIpIbuL/AJdZf+fqL/prWHZ/DGeDWftx8q2vPO/5YzeX+9il/dSxVr7QmGGq3PYPh7ZwazaxzzzxS/8ALtZ3f/trL/1y/wCWUtaENn52jR6VY+VJ5X+uli/6ZVx/hyE/2rH58Evlyw/voopv9VLXcfDeUXl/eeFJ28v7VN5mmy/6vzf+mVeZiT28Dcyz4bxYST33/LX/AMi1HZ6DpVmJIP8AWx/9Nv8AVebXaa9oMFnFH/p3/kGuX1hoYbryIP3Xlf8Af2vN9p7U9qmU5rye8uv3HmyW/wD6NlqO8mt5o4/sEPlfvvL82Ko2mHm/YYPMuajvLzjyIIJJftX7yHyf+Wv/AG1/+1VkbEk2oahDdR28/leZ/rPJ/wBV5tZ+pWcGsSyQefHL+5/1Mv8ArYqP33lE3EEf+u/fReTLRNeQQxRwX37yOX9553k/5/5a0Gh8X/DH4e6V4btY9W/sqKO3sIf3P/PL7VL/APGqk8V2c+jSR65Y2Pm3H+qhi/6a+V+6/wDIvlf9+q901LwfpVnax2Oh/urf/W+b5P8Aqv8Arl/0y/dV5P8AFvWLDQJf7Dg/5CF1D5f77/l1i/5a14FI+gOf03XhefEHT9K0ry7n7BNLc3k3/TXyvtUUX+f+etcn4V+L/k+MtU+3XHmyWE0UcMsUP+t8q1iill/6ZebLWp8HoPscWoHz5ftFh4PutW1Kb/r6l+wRf9+vt3m/9MvKqv8ADjwrew+NvIgsY5Ly61Ly5obuHzP3svlfuv8Arl/rf+/Vd1I4MTUpxpH0J8E4dc/tTyNU8v7RF5VzeTf6z/W/8tfN/wA/62KvqjwHptxqUVvfaHBLcyed5c0UNfI+s/Hn4Zfsu2sgvr7/AISTxZaw2tzeQ6tN/wAeH2r/AJayxRf8tf8AVfuov+WX7qvM9Y/b3+O/jbxl59jrcttZ+d++0mGb7N+9/wCWUUvlfuv+eX7r/ll+982vapYarVPA+sUvtn3h43+G2tzTYsLGWWTyfL/dQ/8ALL/plWPoPgO+vLD7PPYx+X/q6+Z/g1+0V8R4dZ+weI/ip9pklmikhtPtkscX/fqLyv8A0V/39r6Us/ipPqel3E99DcxXEUPmeTNo8sXmxf8ATL/MVdXs61M4vaUZs3IPBN9ZxfZzB+8/57TTf6qi88OW8P8Ax/ar5n/bGuPs/GH/AAkhjnvp7mL/AJaQ/vopaJvFVjNL5EAlkji/d/67zP8AyFR7Is7TTZoLz/lhLLHF+8rpLOzgm/0GAx/9dYa4vTfEn2Ow+wwQf8sfLmi8n/VV1Gg+KrHTbXz4DH5kv/LauapSNvaHQf2PMfLgn/dVl+K7z/hHNL+0T/6uKGs/XviF9j1COCCf94YfLm8quX8X6lfax/r/ADYo5ZvLhil/56/vaz9mae0Kc3jC+1L7RffvIo/+WP8A118qse88YX3mx/v/AN5/7Vo8SaxpVnNHY2PleXFDLXN69qX7qTyIfLklh/cxed5v/LX/AFtaezKuemeFddaG/jn8/wAyOWGX/lt/y1qx8YdY/sbS7Oae+/0iX93NN/z1/dRfvf8AyLXkem6//Z0sl9feb5kU0UUMP/LL7L/z1/8ARtegeMdSn1LRrOeDSopJIv8ARvJu/wDlrL+6/wDRvmxVk6X70qkzm4dN+2RefP8A6v8A1f8A11q5rHhW+1K1kg/55eV/rf8AplWho01jq9hHpRg8r7B/o03/AE1lroLz994cjsbGDyvN/d/9+q6faHP7M4PU9BsdXsJNL/sqT/Xf63zv+WVV/Eug2MMsfkar9mj8n/trUfxI+Ieh+FdGjxNF5n/XGvmv4k/tFa5/b/n+HJ/3f+r+yRf89a6aRwzPeNN0zw5/b3kX2qxxyf8ATX/P/TWu08N2WieVJBP9m8vyf9dNN/5Fr4bvPj9rlnYW99BPFc29/NFJ++/1sX+q82KX/trLXcaD+05PNayWMH+r/wBZNL/z1/5a+VXbyGVT92fTE2peFYdZ/sqe+8ySL/U+TD/ra6jwr4qt4BJf6fYRxRxf8sf+eVfI/ir4zWNlrX9q2MH2m3ls/wDXf8tYq9U8B/GaDWPC9vBOf3kum+ZDNN/z1rnxNP8AdmuHq/vj1TxV+0JiX7DpVjJL/wBNvOrz/UvjBPrGsxwaHP8AaZP+uMscVrWPr0PnfaJ4P9XFZ+ZN/wBMpa8XvNSnN5/ZVjPJpskv7uGWX97dXX/xquM9CpV1/dn1p8PfEk82qWc/nx3OoX83lwyww/vf+uv/AGyr2DUvGGhaDYW+lQQeX/qv3sP+t83/AJ618p/s1a9/wjnjfS54Z/Mjtf8Alj50sn7qWXzf+/te4fFoTW9/58E8Xly/6TZ+dD5sUVb0qZ4OZTqosax421WDxHHf2Oq21zH53+plm8vzYq0LzxJBNNJfaVYxx3EX+u/5615vr3iXQ4jb/bp447j/AFk0X+til/8AItXP+EqgmijggnufL8n/AJ7S/uv/ACL/APHa9JUjzsN/PM9Q8K+PJ7yW4+3fvY/3X/bWug03Uv8AT4/7Kvv+3SX/AJZV5n4J8SWH+kWME/l3kX/LGWH97Xpngnw1qusm38iCTy5fKkh8qvNxNM9LDVS5o/iSeG6kg/5d/O8uuws9S86LyJ4f+uNV4fDelQyyCfy7aSX/AJZf89f+2Van9m6VND/yFvLj/wCm01eTUhK57NKvMr/bIJojVfUtNhvP3Bgik83/AKY1oWfhz7ZD+4vov+u3nVJ/ZtjoP/IW1yLzP+ePnVnSpTNqmJjY5ef4errEMdxqol8u1ryP4qa9BNqkfhXSoPs1va17R44+KmlHRpNK0q+/d/8ALbyYa8P1P+yby/kn/wBX/wAtPN8mvewPtv8Al4fJZj7GrW/dnJzQX02qW8/n/wCqmik/65eVWxo3jafUtUkvrH97bxebHNd/8svKqPXptKmsJND0q4/5Y+ZNdzf9svN8qo/J8nQ49K0OCXy5f9TD/wAtbr/prLXdVNMNTJJvGHk69eaUIPNt4rOL/Xf89f8AnlWpN4V8K+NovPnsfs0kUMXky/8APKub/s2fR7/yJ/Lk/ffvv3372ussvt1p5dvYweV5v/TH97LXNVPTw25oWdoYZfPgsf8AR4v+Xub/AFstbH9gwQ/Z77SoPKk+2RSVnw3lx5Vvpd9Y+XH/AKzyv+eVF541/s2HyIIJfM/5Y+V/z1rzah61KnRNjxhqVxqVr58E8f73/XQw/wDPWuDmvJ/sv7iD95LWxoOpW93HcaUIP9Hlm8z9z/rYv/jsVSXmm2X2qOxnn8qTyf8All/y1/65VwnR7M5e8mvvtUcEEH+q/wCm3+qoOpz3lr++0qLy5Zv3PnXlal5o4s/Lsft3lRxfvJvO/wBV/wB/f+WVH9jX1lFbwQX1tLH/AKzybv8A1Uv/AFyloNvZoy7z7d/08xfvv+WvlebF/wDaqk/137j/AFXlQ/vov+Wv/XWtSaGeaW3+w/6v/ltD9si8r/0VWX/ZsBlj8/8A5ZTfufKh/wA+bWZoeF/GD4haH4I0a4uL6+iiki03zLzzv9V5Xm18f/E742z+Npby+/snzNQv7Owjh8n/AJa3V1L5ssv/AGytZbH/ALay0ft4fEifxJqGoeDrHVbmKzuoZf7emi/1vlRfuvsn/bX/AFXlf9da8/8AO1Sz+IPiDyPKvfFF1qV1ZabL5P8Ao1hLFL5XlRf9MrXyoopZf+esUteDHc9w90+GOpTzeEfiZ4juLH93F4b8L6DZ/vvK/wCQnqvm3X/f2LTP/RX/AD1r1z4JCDw38FvEn7TXim+iit7C8v8ASfDc3+r+1apLFF9uuov+mUVr9pii/wCmtrFXmfwNmhm/Zqt9D8HTyx/b/Emg6dpt3L+9l8q1i+1RSy/9crXzf/IVeqft23Ol/Cb4O+G/gDpklvBZ+CNDtY9Ss2h/1t/cxWEt1L/11+1fuv8AwKr0sP8AEePif3iPj/x547m8YeN7zxxfmS2vLWH7N+5/5erqX/llF/01i/debL/0yl/1UtdB8MdB0qbwFb+KvH2qSab4X0uaWOzi07/j516//wCWtrbf88ov9V5t1/rf+WVePz6bPeeI9L8DfaP9HtZvs2paj5P7qK68qX7VLL/1yi/9Gy/89a6TxJ8Qp/FWv2+fNj0ew02K20fTv+Wtra+b5UXlf9Nf9bL5v/PWvpsPUtA+clTPcPCvxg8Y6nqn2GCf/hFvD/8Ax7Q6dpM0sUssv+q/eyxfvZf+mv73yq9w+Hnja9gtbe+uL6yttPtZv9d50VtFF/21l/dSy18n+D9St/7Lk8Y6r5VzHYQ+XDp8X7qKWX/nl/1yi/dSy/8AfqvUPhv4j8R+KvEcfjHXJ5ZLz7H5eg2k37uKLyv9b9mi/wC/tbe0RlUw3/Lw+4P7Nsde8Of8JHod9FH5v7vybv8A0b/trFVeHTdc0eKPz4JLmSX/AKbVT+Eujz6vFHfeR+8/5bed5vm/va9Ys/Cs83lwefH/AKn/AJa/8tay9qaU9zm9Bh+x2cl9PB/qoZak/fwxx+RB/wAsZf3X/PL91FXUXng+D7LJBB/x7/8ALaq95pE8MUcEHlRR/wDXGsvaG3szl9Nsvtl1+/8A+e1SeKoRqUX+gf6uKGX/AJY/9Mq6CXTTDYbv+/1ZevXh+y+R/mX/AD+9rP2hJ4vr3jC4hivPsM8sX2Wzl8mXyay/+E2g1K6kgvtKl/4/LryYf9Z5v/2qus8SeCb+ztfJsIPKk8799Xnc2m65Z+XY2P2aKSKGXzpv8/8AbKKqKne5Y8Saxqv2/wD4/pI44povtl3/AM9f9b5Xlf8AfqtzTfiFfXmi+RY2Pl3Ev2q28n/Wy/uov3Xm/wDXX/0V5VcXN/oXli+1z/SPsfmzWkX7yWX/AJa/uv8Anl/9qrP1iac20c8MEltbyw/abPSfJ/eyyxfvfN/65S+VFL/2yiirH2h0UqZ2kPxsn8N694oEHlSSf6L++/5ZReb+6l/9G16p4V+J9jqWqXlj5P8Ax/w/abPzv+Wv/LKX/wBpV8r69Nqum6peX1jBFLHdeVLeTf8ATXyv3X/tX/v1W54V+IU+j3Wn+RYxeZ53lw/9df8AP/oqpua1KR2H7UXhXVbPQrjVYPKikih/fV8j6v4q0PU5fIsZ4orz/n0lm8qK6/65S/8ALKWvrz/hMNK8YaDJ4V1u4/d3X7yzll/6a/8ALKX/AMi18p/GD4PwQ2mqT/2r9hktbz/TP9bLF5v/AGy/5Zf9Nar6yZU8Pf3DzvxV4wnhupIJ/wDWRTfZv3tFn420XTLSO+nvv9b+7mi8n91F/wCRf9bXN3k8955ljPqttcyWHm/6XLN5f/o3/W1hw2f9papH5Grf2leS/wDLGGaXyov+/v8Arf8AyFWlPHBUwR9EeCbyfxVYW+lQWMtzJLZ+XDN/z18r/wC2+VUnxs8ba54JNn4B0Pzba8lhtbKH99/qv+Wt1L/2yi83/v1R+zTps9nqn27Q5/8ASJf+evleVLL5v+t/6Zf89a4v9oXxXD4l8eSa5BfeZ9lh8uaaWHy/Nl/56/8AXL91XTiManSPOw+D/f3PrD9nX9oTwB8Tte1Dwr58X7qHzIfNm/e+VF5sUsvlf9tYpa0PjB8N7fwF4juJ5/KufNh/49P9ZFLa/wDTKX/v1Xwf8AdYn8N/GXS9ct4JZbjyYo5ovJ/1VrdS/wCq/wCussX72vsC8+JwvfC8ljBB/pkU0Vtps0s3m/vYv/jsXm/9/a82lV/enoun7KmbnhvxtfeG9Ut/OvpZLe18qSbzv3vm2v8Az9Rf+1f+uVfUH9pWPiTwl5/n20Un2PzLOaaaL97+6/6a18n6PqVjDdR2P9lSSfYJrq2/dfvP3X+ql/df9tYpa9o8H3l9r3g3S/8AnpawxeT/AMtYov3X72KvYw1WjWPFzXDv2NyneTaV4qNxpXkXNtqkX+phl/d/av8Arl5v/LX/AKZVH4V1i+1K1ksfEdh5d5azfuZruGo/Ek0Gj6p5F9odzJb3X/PK8rc0W9g1jy4Lee58zyf9bLeRS+b/AOQq9c+dp1fZncfBnwffaxfxif8A1n/fzyq9Q8efFuw8E6F/wjnhWfzZPJ/fXdcPoHiqfwr4S3aVq0fmXXmx+dF/yyi/55V5/rHiSfUb+4vv+/0X/PKvP9n7SqbUqp2H/CyNc1LVPPnnl8uX93N++rYh8Yar5sf+nS/9cfOrzea9sbO18/z4qsabr19n9xBLHHFD/rpqXsYFKeIPdPCvjY/vB9uktpKr+NtYnmtY7+41X/ppN537yvH7PxJffav388n2fyf8+bXQTa8NYtMT6r5Unk1z+y9mdtOVapS5CvqXiSCaKSCf93H53/Paub1jxVYzf6ie5i/fUeJJvOP2fz4/9T/39rk5pr77VJBBB+8im/1td1Ix+rHUWfiWw0w/brC4jik87zYf3P8Aqpf+etanhsTy2shn/eRy/wDLaL/WxVxej2d9N/r/APV+dWxDr09nL/ZWlatFL/2+eV5tZVNzppU6p3EOpWOmX8djoeh/6RL5Uc0vk/uov+uX/wAdrU+2X0Usan7NbSeT/pkP+tll/e/8ta87h8eX3lR2/wBtji8qH99LD+782pDrx1kZt55fLlh/1UUPleb/AORa4z0qR3ln4w/tKW8mnsf3cUP+p/1vmy1z/iS9nvNZ/cQf63/Xf5/79VXs9Sg+yx2P72983955vk/6qo9Y8Sfuo4IP3v7n/ljDL+9/6ZRf88q5ah6VMk0HxVfWdz5/2fzPss376usvNS/tK08//vzN5372KvN9Nm8mXyPI/wCPqb/lj/yy8ryvKilroNM8SQQ/Z7C+8uW38n9zLXNVO2lsbF5rGqwyyTzwf8tv9T537ryv8/8AoqpP7Rgm8ufSrGK2k8ny/tcMNZ/7i8uo5oD/AK395DN53/LWiaz8mWSxvj5cn/PpF+8l/wC2v/bWKuY6SQ6l50v9lT30sUf/AE2/1VWIZp57+SCC/wDs0nk/voZv3kVZdn59lH/x4RS+bN++ihh/1Vbmj2Y82Oxvz/rf3n2uH/W/582gD8q9Y1jwdZ/GnR9VsYP3l1rEt7o+nXdn/wAeEsUUstr5sX/XWWKXyv8Apl/01rzPxJ4O8VfD2wuPt37y41SH7FeQ3fm3MVrFLd/vZf8Atr+6/wDItfTH/CE2X/CUWfiO+0O2to/9XpuneT/6N/8AIUX/ACyqnr3hbSbzX7fxVqlj9pji82SH/wBpRf5/9pVwww1OGx0+1rTqHtn/AAT9+GJh0vw/feJPs32fwleRRzad/q4rrVL/APsqLyv/AAF/9Kpa8v8A22PFXirxLqmjzz/6TqGqaPqmtXn77zPNllurq6tf/IsUsv8A29V7p8E9Y/4RX9mnw+Vt4tSvIvEkuvXkPkyy/b/+JhFF5X/TX97bSxf9cpa8X/bAl8OeJdB8L6VpVh9t8Sapo8VlNp1prEVtbS+VLL/z1i/1vm/8sqrDb88jmxH8p8j6loNx4V8GyTzz/wCmX/8Ao0P77/llLL+9ll/6ay+V/wB+oqx9Nmnh8y+P/LKGKOH/AK6//av3td58bITd6pb2N9rlje6hpflR6xqOnXn7qW6/55f88pfKi/dfuv8AyLXN6NDpUsVnBfQxfvZvM/dTfurr/ll/7Vr3qVT9yeJVp/veU7zQYLGzurPSoJ/+JXpdn/pkUXm/6VL/AMtf+usvm/uv+2Vewfs06lfeNvHkngexn+zfaryK2mu4f3UUVrF+9li/df8ATL/2lXh+m6lBN4bt7iD/AFkupSyTeV/y1l/5ZRf9cvNlll/79V9YfsH/AA3uPDfw+1DxHPB5V5qln/Z3my/uov3v72X/ANFS+bL/AM8v+uta1PcpcxkfSGm+KoNN8ufS7GLTbOwh+zWc3k+Zc3Uv/LWWs/UvjbpUWqW8FjY+beS+VLN/zyta87+PHxDh03Sre40q4lluPJlkmlih/wCXXzfK8r/plL+6llrg9B8b65oOs6xrmufvY7Wb/ljD/rZf+WUUX+f+WUtZU2bKmfbGj+PPIsI4J/8AWed/qq1LOfSdfsJINLn/ANbD/rv+eVfK/gn4hX154Sj1zXT9ijlvPM+1yw+V5v7qKL91F/y1/wCWsVe6fBnXrGbTPIsJ/Ljl/wDIvmxfvaKhdP2pqajrMB0q4nmuJf3Xm+TND/y1rz//AIWDff29Hmf93F+7mm/7ZV3HjzTYNNtcGCTy/wDnjXhfiq8uDLH/AGVPFc2f/Lb99/qqz9oP2Z6ReeMNKmk+w6rfeXb/AOr+1/8AbWvN/GzWPhuG8n0OCK2uIoZY/wDRIf8Av7/6KrL02GebxFzPLcySw/af+mUVHjzTftl/mxsftP8Ay1+yWn/LLzf/AN7XN7VnR7I8vvb3VbzXdQvoPtMskvlW0PnfvJfK/wAxVoa9oM+s2txfWN9cyRxQ+ZeXc03my3UvlRRRRRf9tYvK/wCuXm1Jr2qf8I15cH9k/wCq/wCeM3+q/wDIVGgza5Na2/2H/V+dL/ol3D/y1/1X73/P/LWsqlU2pUiv5/8AbH2ywubeKK3i8rybSL/VRf63/wBq1T8SfbtGiuLj/l4/9pVqax9t/wBHg0I+VHa/vLPyv+ev+q83/wAheb/36rk9fmvvtUcFl+6jls/9Mm8n/tr/AOioqz9odHs2U/EniS+03Ro76ef/AI+rOWPyf+2Ved+PPidP4qv7OxvrGT/SrOKOaX/ll5v+fKqP4kalqviS/jsYP9G+yzeXDDLN/wB+oqx9Y8VQaa32Hw75WpXn+r/tHyfMi/7ZRf6ryv8ArrXNUxJ00sMed+MPI03xHeQwatcxx/6uaaH/AFtZeg6PqvhzVPP0q/8ANkl/5axf5/8AIVdBqV5Y/ao76exjk+1Tf67yYpZZf/tVeofCX4Zf2Ba3HxG8VWMcnlQyyabaSzf+TX/TKKso4n2gVaVKkanhW81X4e+A7jwrpVv5viDXoYo9Slm/5dYpZf3Wnxf9Nf3VeT/FTUtK+1f2HDP5v/QSu4pv3Uv/AEy/z/zyr0D4qeL4PCvl3/n/APEwuof+Jb/oflfYLWX/AJevK/5ZebFLF5X/AEy/6614vZxT2cUd9fDzf+Xmzhu/+XqX/nrLXT9ZZ51PDf8ALw7j4EaMNY+Jf9rT/wDML/028/6a3X/LKL/v75UVd5Z+MdVnl0vSoL+WW8/0rUZpZv8AllFF/qv/AGr/AN+q5/4bzQeCfBt5PqsEv7r/AEm8mm/1t1dXXmxRf9tf3ssv/XW6/wCmVdZoOj32j+Ev7V8R3EUesazDdRzedD/x62sX726l/wCuX2ryov8AtlLWntUHs/anrGveKl034o6pBpM8kckWsSyQ/wDk1F/7Sr3D4b/2rb/D7T763nli+1f6n99LF5Xmxfuq+Z9BhuPGHxakt7e3k/4mmsf9tYrWWLzf3v8A5Fi/7a19caDN5MtvBPY/u7CGKOG08mXzf3X+fNr08uX/AC8PGz3/AHXkpmXr39qwWsn26DzLjzvMmh/1tSeGp9KmuvPsrGWO4/64+bFXWeKtN0qa1jn8iSXzYfM/fWdU/Cln53lz30/lRxf8svJ/dV9H7X9yfn1PDVvaB4g0fXBa/wDIV+zebN/qZpvLrn7zyNBk+w6r4xitpP8Anj51bF5/rYz9hiiji/1MPnf+jaz9d1mxmHkQaHHc28X/AEx/exf+jayPSpU/ZGfeePPB2mw/YNV82STzv9dDUep+MPBs00c9jqt9bf8ATbzopIoq5/UrPSry/kg1XQ77zJf+ePlVl6zpun6bf+dpWqyyeb/0x/exf+iv/RtB20qp6JpuvQWcv7jVfNji/wCe01aEOpztqkY1WCX7Pdf8tYoa8z8K6lcQ/v54JfLl/wC2Xlf9/aPEnjyCz/0GDzftEv7zyrSaKT/0VXn4mp7I97A0qVY9k1jQZ721j+z30cscUPmeb/8AHa5Oea4mv44PPi8yKH/XS15/4J+Ofky+RffaYrf/AFc0UP8A6N/6a13FnewajYR32latHJH/AMsZv+ev/wBtrKniTbEZd7PYkvNY1WCbyPI83/pjN/qpa1PPsZrXz7HSYopPJl/66/8AfqsO8vLHUtUjg1by47iL/Xf88q6jw3psHleR9o8qSL/llFD/AN+q09qZUsMY9nCdS+0X2q6V5Un/ACxli/8ARvlS1saNZ6tNfyaTPfSRf6r99/z1/wA/+1a3P7Hnhij+wwRyxy/66ug0bw39t8z9x9m/5aQwxVl7U6qdIz9H8Nz+b9h8/wDeSw/6qsu802+s7q40P7P5ccUP7mX/AKa16JD4bgg8uCxhijki/wBd++/1VE3hueHT457Hy5f+e32v/lrLXP7Q6fZHm8Nn+6kW+sf3n/PHzv8AW/8AbWrn2OCby4NKgljk879zNN/yylrqNS0Gaa78gQeX5UP76KKs+fR57OX7D/q7iL935P8Ay18quU7adIpiHzpY7G+uPKk/1kP/ADyq5Z6dfzyefqtjH/rvMh8r955X/PXyqks9NvofMn+0eX/pn760mh82KWKtSzhvtGEdh+6ks/3v/H3/AKr97WZoU/7GnsZbeDz/ALTJL+8hm8791L/0yrpIdH86x/1EXl/6v97+7lqudegzHfiCWKz/AOev+t/5a/8ALWq5vIPNjnvvM/dTf8sf/IVZmh8F6lef8Sv+3J/KuY4pvs0M3/PX91L5sv8A36i/dVJeaZB+7v8AxH/x7xTReTD/AM8vK/1X/o3/AFVdZr2j+HNS0u30rSvKijtf3k13LD+6tf3UX+qi/wDIX/bWL/rlWPqQsYfBF54j8VQSW1vFZ3X2PT/J8r7L/wAsvN/z/rZa5f4JrH+EZ83jybw38arPwB9o823+GngP+1tYhh/e+bf/ANoRXUUX/o2X/trXkfxUPiXw38G/B/ji+/daha+Fb+T915scv2r+2tai/wDaUVbGmw3+seKPih8TdVsf+JhqkOlxzfvvK/dSxebL5v8A1ylsbaL/AKZeb5VeoftReG7HX/hV4f8At19FFp8UMunXksMP/LrdRRXUX/XX97Lff9+q0h9g4sTTfOfB815PpngiO+E/mSXV5FLN5P8A6KrP03xJPDqkdjDYxRyed/y6V1njjTPJ8JeRPY/vLX/lj/01/dRRf+ja4/Tfs8t1JffvYre1/efuf+Wt1X0FL2XsTyftHqnw90e+1jxHZ+DdK8vy7/Uovscvnf6r91F5v/tKvtzwH4rOgafpfgawsPtMn2z7N9rl/exSxSxeV/6Ki8r/APdV8L/DGGDR/EeoeI9c8u2uPJ/0OL/n1il/5a16Z4q+NmuXmgxwQarLcySzeXNL53+ql8r/AJZf9tazqGkaf741Pi/+05P4luvFkF9DJJJfzSyQ6hFD5UsUsUsv/kLypf8AyFFWX8PfG+lQ/DSz1w6TbalJa6lF53m2cvlRReV/rf8Atr+6/wDAX/prLXD6lq9vrOs3kE+kxeZqn7yG78n/AJayxeV5Utdx8N/B+q+ArqP+w55LaP8A5bfa/wDllL/01/df582uU7f7h7J8ONY1z4q2vn67P/y2+0+d+9k8r/pl+6/1VfQngnTfFPhuWzvr6+trazimikhh+2fvfK//AHtfLd54r+Juj6pJYX2lf2BJFNLHZ6HFD5l1+6/eyyy/89fK/wCWv/PL97Xn/hv9orxLpvj3S59K1bUrm4utY/fQyzSy/vf/AGrL+9p/WRLDfvT9PPiRN/aXgj7d5H7uKH9z/n/yFXzHqXjCx/tr9/5sXlTeXNNN+88rza9M+FXxUHxO8B/YNc1WP/Uyx/6JN5sX7qL/AJZV53488H2/9s3EAgitvNh8v91D/wAtayI9l++Lh16DTBIs0Ekn2WbzIYZpv+PqL/rrWpeaB4c8VRWd/YzxeXFDL9j/AH3/AD1/e/8Ao2WuLh/tWbS455z/AKP/AKz/AFNYem+Kv7G8z+yoP9I/5bfa/wDWy0HTSO0/4VLYCK30rXb793F5v+p/eSy/8tf3VU9S8Hz+Vb6VY28nlxTfvrv/AJ6/9Nax9H+M09nYfbr7/WS/9Nv3tZ+vftFfbLWOfSp5f3sP/H3/AKryq4qp1ezNTxJaQaPFJ4cg/wBG+1f9Nv8AW1wfxJ1KDQbDz5/+PiwhlvfO/wCev7qsPUviD/bF1jSoPNvJYZY5ppf+eX72WuH+J2v3134St7Gf/j81T/SZoYf+Wv8Ayy8r/wBG1xYnE+yO2lhvanl958QtcvPFvnieXy7q8+0zXcUP+qiiilrHGseI9YurjSvsP/EvtfN/0T/llL/n91XpHhv4V65qd/8A2FY+HJL68lh8ua0ih/1v/wBqr1j4Y/Azwd8PfMvvEcFtreqed5n9iTTf6Day/wDPW5/65f8APL/0VXk+1rVWej7JUkef/Bn4GX3iSKPxj4q/0HR7X95/aPk/vbr/AKZW0X/tWus8beJrHTbWSe+8OW0dnpfmx6P4e8791dXXlf6q5l/55RRfvZf+/VemaxDf6l5d94rt5fM87zLPTpv3cUsvm/8AH1LF/qvK/wBV5UVZ+sfCX+2Lq3vr6e58uWGL/RJZv9VXRS9scVWnRPlPWPDeuebeeMfipffbbyWaWT7JD+9+3y/8/Uv/AEyqv4D8E+KviFrMl9PBFbWdr/pOpXeo/uorWL/nrL/7Sir6U1L9mOx8YeLZIINDvdSk/wBZNaed/o1r5X+q/df88oov3ssstdhZ/s36rr/hy3sfB2iXP9j2vmyQ+bNLc/b7r/n6l83yopf/AEVFW6jXbMqnsVRPA4f9V/bnkXP9j6XN5mm+dD5ct/df8/Uv/LKLyvN/df8APLyq7jw38MfHHjvULcnw5JfW8sMUeseTDL5VhaxfvYtP/wCesv72X97/ANcpZa9gh+Evg3wrqlvrnjKC21LWLX/Uw3d5/oth/wBNYov+ev8A01r0jRjB5X7/AFWW2s/9XDaad/8AbZf/ALbXs4XBVqv8Q8TE42lS/hnJ/D34Y2PwriuNc1WeO+8QapNLJeXcsP8AqpZf+eUVdp/Zs/8AakeuXzebH+686KKbyv3VGpTeDtH1TyIPDltL5v8Arv30sX/kKWKqc/jD+3rWODz7L91/qf33lxV7WGpexPExPtqx2FleWN3qkfkX8sUf/TaGtybQZ4dL/wCeccv/AB5zf6quH0GG/hlj/wCJVLHJ5P7mbzq7zw19u02688Qf62bzK7jyalI8/wDFX/CRzRXEEH7z7LN++8793WPN50OjRzz2EUsn/Taby/K/z+9r1zxtoPhya1juPsEltJL/AM8f+WVcfqXgO+mtY4LHVY/3X/P3WntPanNUpeyPP9e/0M/2rPBcx+V/rvNs4qks7y+mMkEFj/pEUPmQ/wDLWL91/wA8q7yHwT+68+CxtovNhlj/AHX/AH9/7ZVh6lo/9j6X9uvtVktvK/540GdKnescPr15BpFhcfbvNluL+bzPsn/LWuD17TZptUkvftEvlxf66WGatDxtMf7ekvoIJJI/9Z/qf9VWHqPiq+zHBBB5skX/AC2/5Zf9sv3tediah9bgcN7Iw9S1L+x9Zjg8jzY4pvMvP/tVeieG/G2q6Bpkl7pU8Vzb/uvOtJv9bL/0yrzPXtSMM0fkWEUn/orzf+uUtGj2X9mxW+q/6399/rf9V5VZUqftTr9uj6Q8E+JPDfjC1jvbG+itrj/nld/u67iz1jVftX2GCDyo4v3f7n/VeVXyfZ+PIIf3F9P+8i/5ZeT5tdp4J/aKg0eWSDVYJZLf/WTeTRUp1qJNOpRPqTR5oPL8+fXPK/5Z+VWhN4wsftUf+s/6bS/8ta8j+H3jyDx5pfn+B9cilk/1cMU15+9/65eVVyz1OfR7W8gn83/pt/z1riq1TtpUj1S88bTwy/uL7zI/8/8APWrkHjYal5f2ES/vYf8AXedXmdnNpU1r9uGq+ZcSzfufJ/deb/0yqv8A8JJPqUUn9lTSyyWs3lzQ/wCq/wCuX/LWub2iOn2R6Z/b08N1JBB/pMkvled501WJvP8AtP8AxKrCPy/O/wCPS7/5a/8APXypa8/0HWL6zikgnb/j6mi8nzv/AEVXWabq99o1r/psFtLZ/wDPaaaj2iNfZnSG8+xxf6PbyRebN/z2/dVYvLO++wfuZ4ovN/d+V5P+t/7ZVyd54qE+qR5hkj83/Uw+d/rauWk19DLzYxxyWs0Uvk/8tfK/+O0B7M2If9N0qOxvrHy/3MUn77/llXJ6l4kn0fWY9EHlW0nk/wCpmm/5ZV0mpeI76by76DzYo4ofL/fQ15H8Qdegh1X7bPYxf6VN9mm8n91LWlIy9keD+JPElj4Vsf388UklrDLJZ6TaTfvf+2v/AFyrz/4qeMNc8eX9n4c0qwl/tDVIbCTyZf8AWy3Ut1Fa2MX/AG1llll8r/nlFLXj8/xag8efEHT/ALdq1zY+H4of332SHypfK8rzZfN/56yyxRS+VFXrHgme+03w5J+014qntraTybrxHD53/Hray/6Vpejxf9copZbm6/56y/ZYq8mpUNcPT9mZ/jbOpWHxQ8ceHJ/Mt9UvLDRdHil/55WGoafFFL/5C1OX/rlay/8APWu48S+MIPEfgOTSv+XO1s7rTppv+WvlRSxapYy/9+tT1O1/65afWfoH9h6P8IPh/wCFp7GSK4v7O/1aaGb/AFt1F9l1+LzZf+2Uumf9spYqy/hX5+sfCr/hMdV/0n7f4Dl86H/lrdX9rqEXlRf9tftMUX/XKuqh/CFVpHj/AMVPBOuaPa6hpWufuryWG6kmtP8AlrFLFL5UsUv/AH6l/wC/VcX4I0efR/Bn9uQQW0d550UdnL/zy/1vmy/+iq7j4++JLjUvjfql7Y/vdL8WwxR2eo+T+6ll8qLzZf8Av7LL5sVaHgPwrYTWtnod9PLHb2s323Upopv3vm+V+68r/v1XuYTZHgYmn7I8vmhvrLRpL77R5Xm/6ND/AM9f+WXmy/8Ao2tDwreX0OjfbiIv9Pm8uGHyf3XmxRRf/Ha9Q8efDH+x7Wzh0q+j8z91JDL5P/TX91/6K/8AItZdn4PNnYaf4c1XSvNk/e/6XaTf8tfKireqFI5+8h/4mlvqs8/l28s37n/Q/M83/W+bL/39ir6A+Hvjyf8AtnT9cng/0fS9H8zUobvypZf9F/e+VLL/AM9ZfKtoov8Arr/398n03wpfeK7+8sfP+zRxf6TeXfk+ZLFFFF5svlRf5/1UUVdpaal/ZvhKOfQ4bmO81maKy+yeT/z6/ZZZZfN/5ayy3UUUv/brXLU9idS9sZeo/EPXNe8U65reueI/t15dfuvO/wCmt1+6upf+/Xm/9/a4fxJoM/8Absmq6TcyxyXV55f/AFy/dfvajnhvtH8eR/2VBHJb395L+5l83/nl5X/tWtSz1OfQY/8AhI/sH/HhZ+ZDaS/8spZZf3VcWlKkegj6g/ZXu/8AhG/CUlxPBJcyWt5FbfZPJl/5ZRebdS/+RYq9E8b3ljeS/bvt0X/LL99/6Klrxv4S+NoNB8LyaVYwX1zHFZyyfvf9bLLdeb/9tl/7ZRV3mpXvk+Eo74T+b9vs/L/c/wDf2uL2p0qlRLmm+JNJ+33ljPcf6HdTReTF/rfK83/W1J4k8EwanYSW5uPKt/J8zzq8zs9e/sHXpNKng8yO/wD+W3/fr/2rXqGg6x/ovkX08UX/AD2h/wBZL5VdHtUROlRRwep+Cf8AiQ+RfWMsv76WOz/56+V/nzf+/Ved6/4D+xw+RPfeZ5v7zzf+WtfSmpaDoep/Z4YJ4v8AU/6mX91/01rl7zwHBqWqSQ+f+78n99N+682XyoqgPZnh9n8N7+G608wfu/svm3P+prvPhv8As92M91J4/wDHE9zpEd1DFHDNd/vbr91/z7Rf89Zf+/UVdho+j6H4Vv5POsfNvLWHzLOGX/llF/z1qv8AHLxV4c1i/t4P+Er1Ky+32cX/ACEIYv3X73ypYvNi/wBV/wB+v+WteZicN7WqejhqlYrw+JPC1la3EHga3i0TR/J8u8u4ryL7df8A/Xzc/wDPWWX/AJZRVnw3llo9/HPpUFt9o/54+T+6i/z5tZ8HhvS9SurPwr9vli+wQyyTTWkP+lXUUX/PL/n0/wCeUX+t82WWugh8B3Gm2selarfW1t5X7y8l87zfKi/1vlRf+QpZZazpUh1apl6DZ315NJ4kn/0mOKby9Hll/wBbf3X/AC1upf8Apl+9i8qKus/tiCKWzvh/rJZv+Pv/AFn+q/deb/3982pJ/EngDUrWOC3sf9Dim+zfZJv9VL5sXlRWsv8A0yi8r97/ANfVHhCGfTdGvPHHivzf7Q87/Q/N/wBbLdf89ZYv+WUUX+ti/wCmtaUaWplUqFjUrz+zbr+yvI8vyvK/0Sab/W/89fN/8hf+Qq0JvEnhzQf7Q/4Sr7N5cX7y8i1CH7N5X/f397LL/wBMvN/7ZVyeg+O/Dem+KJNVv55ZI7qztZdNi/65ReV/1183/Vf9/a9I1jR9Ds4rOfVdVuY7e6h/0O70/UpYpf8AW/8ALWKW6lir36VJUjxMTVPP/wDhoTQ/3dj4c+DupfY/+W13/aWl/uv+/sXlRf8AXKtSz8Y6T4ui8iGe2jk/543cMUfm/wDgvl/e/wDfqsf/AIWp4A1jxHJ4c+HMFzq+oWEMv/IW1KKW6i/7ZS+b/wB/f3VcX4q+MPxb03WbjQvGHj++0SO6/wBTFFeSxf8ApJ+6/wC/telSqUjyKmGrHsn2ic+HLiCD/TY7X/UxRTfaYrWX/pl/zy/7+xVj+A/EnnS3FjeweVJ/q/O/55f9/f8AW1l6PqV9eR26+MfFVtqUcsMX2PUIf9bF/wC3UX/22tDWL3xH4bGD9mvY4of9Vd+Vc/8AfqX/AONS11U9jmqVKyO8h16+0aH/AJZXNv8A6z/plW5D420m+sI76x/0KSL/AKbRSSxf9+q8n8K6xZeJb6P/AEiWyuLqaKOH995nm+V/z1ilqx/wlWk2lr+/vr7/AJ5+TDD/AKr/AL+1oedr/EPULP4s+dNJBB5X/bWs+H4tWMN39gvvCsf/AF187/W/9+q4vTdX0nUljhFxFJJFD5k0M0P73yv+esUv/LKuX8SeMLfTb/8AcT3ssks3/kX/AK6y1006dE82o61Vnumma9P9luNVgvraLzf+e3m+VLL/AJ/5615f8ZvidBpsXkT+V9oi/wCWvkyxxV5//wALg/s3X44IPt2mxywxSedaQy/62WrHjbTYNSijuP7VktpJf+WUP722rhxNT+Q9vLcN/wAvKhxeveJJ7y1kvr7/AL8+dL/7Srl9S8VWE8X2H/Vxxf67zZvM8r/rlUmvalZTXUdj/wBNvL86KGuPvL2CzlkyJJLyKHzP337qKvMPe/hHYWc1v9q+w+R5nm/66tDxH4ksdN0byLGx824i825/8hV4/r3xgvtGEelaVDc/aP3Ufm+T/wA9ar+D/EmuaxqF559/5UfneX/11rvw3sjy8RsdpLrE82jR319B/wAtvL8qasubWIIJY5/PuY/+Wfk+dWh4lgsZpbfSrGf95F/ruP8A0VXP6lew+b59jBL9olh/1stdMzGl7Y7Dwf8AE7XPCd3JfWN75UkU0X+p/wDjVfSHwB/aJ8D/ABUFv4H+I19bW2oS/vLPVv8AVeb/AO0vNr4nvPt1nf28/wDy7+T5k0P/AKK82tCHWJ/Csv2/SvN/e/6mL/nlXDicFTmj18LifZP94foB4k03XPDelyWFh9mvbPzvMh+1/wCquv8AtrVzwt/Z+saZb6r9h8q48ny/Olm+0xf9tZYv+WtfP/wH/bk0rQb+Pwd4xgub2zls/tM3/PWKWL/lrF/01r1DXtBn8S6NH8Rvg74qi+z3/wC8hl87y4pYvN8rypYv+WUtfOVfa0WfR0qlGqj1DTfsIl+warPF5kX/AD2mij/7axS1uXk2IpLH/j2uIv8Ant/rf/IsX72vm/QP2ir688W3HhXxHq1zpt5F5UcMsM0Xlf8ALL91LFL/AK2L97/9trvLPxVpUOjfYdcvrmxkimljhtLSGKTyvK/1v/TLyqy+smv1Y6yz+JE+sazceHL64/5c/wBzN5PleVL/ANcqj1K98VaDqn26+vbmST/lziu5v3Uv/XKX91LXNnxJb6ba/b5zbalZ3X/LGH/Wxf8AbL/nrWh/wkmlQXXkWM8tzb3U0vnWk00Ulr/36l/1X/oqj2gvZnSf8JVNq1h59/q0UVx/09/8e0v/AFylrD8VXmlabax6VfebF5v7uHzv3tt/01/z5tYcPiae9ikn0Ox+zf8ALOaXzv8AMsv/AJFqnq/9qw/Y9V0OaO5t/J8u8tP+mv8Aqq1p1DOpSP/Z'}}]}], 'model': 'qwen3-vl:8b'}}
2026-06-26 15:27:57,052 [DEBUG] ThreadPoolExecutor-0_2: Sending HTTP Request: POST http://localhost:1234/v1/chat/completions
2026-06-26 15:27:57,083 [DEBUG] ThreadPoolExecutor-0_2: send_request_headers.started request=<Request [b'POST']>
2026-06-26 15:27:57,130 [DEBUG] ThreadPoolExecutor-0_2: send_request_headers.complete
2026-06-26 15:27:57,146 [DEBUG] ThreadPoolExecutor-0_2: send_request_body.started request=<Request [b'POST']>
2026-06-26 15:27:57,207 [DEBUG] ThreadPoolExecutor-0_2: send_request_body.complete
2026-06-26 15:27:57,222 [DEBUG] ThreadPoolExecutor-0_2: receive_response_headers.started request=<Request [b'POST']>
2026-06-26 15:28:14,077 [DEBUG] ThreadPoolExecutor-0_3: receive_response_headers.complete return_value=(b'HTTP/1.1', 200, b'OK', [(b'X-Powered-By', b'Express'), (b'Content-Type', b'application/json; charset=utf-8'), (b'Content-Length', b'1882'), (b'ETag', b'W/"75a-I3OAWWg0DkD+snOIVTFV09YYjJ4"'), (b'Date', b'Fri, 26 Jun 2026 12:28:14 GMT'), (b'Connection', b'keep-alive'), (b'Keep-Alive', b'timeout=5')])
2026-06-26 15:28:14,093 [INFO] ThreadPoolExecutor-0_3: HTTP Request: POST http://localhost:1234/v1/chat/completions "HTTP/1.1 200 OK"
2026-06-26 15:28:14,109 [DEBUG] ThreadPoolExecutor-0_3: receive_response_body.started request=<Request [b'POST']>
2026-06-26 15:28:14,124 [DEBUG] ThreadPoolExecutor-0_3: receive_response_body.complete
2026-06-26 15:28:14,140 [DEBUG] ThreadPoolExecutor-0_3: response_closed.started
2026-06-26 15:28:14,155 [DEBUG] ThreadPoolExecutor-0_3: response_closed.complete
2026-06-26 15:28:14,171 [DEBUG] ThreadPoolExecutor-0_3: HTTP Response: POST http://localhost:1234/v1/chat/completions "200 OK" Headers({'x-powered-by': 'Express', 'content-type': 'application/json; charset=utf-8', 'content-length': '1882', 'etag': 'W/"75a-I3OAWWg0DkD+snOIVTFV09YYjJ4"', 'date': 'Fri, 26 Jun 2026 12:28:14 GMT', 'connection': 'keep-alive', 'keep-alive': 'timeout=5'})
2026-06-26 15:28:14,186 [DEBUG] ThreadPoolExecutor-0_3: request_id: None
2026-06-26 15:28:14,202 [DEBUG] ThreadPoolExecutor-0_3: Raw LM Studio response received for F:\kuvat\test\5cec0a23838340d7b1b3cfb8e9bf59af.jpg
2026-06-26 15:28:14,528 [INFO] ThreadPoolExecutor-0_3: Successfully tagged 5cec0a23838340d7b1b3cfb8e9bf59af.jpg with ['Artwork', 'Hardcore', 'Punk rock', 'Bandana', 'Monochrome', 'Gritty', 'Aggressive', 'Distorted', 'Underground music', 'Grunge aesthetic']
2026-06-26 15:28:14,544 [INFO] ThreadPoolExecutor-0_3: Processing 75c273c4353847cf89e3f63e635c32ad.jpg
2026-06-26 15:28:14,606 [DEBUG] ThreadPoolExecutor-0_1: receive_response_headers.complete return_value=(b'HTTP/1.1', 200, b'OK', [(b'X-Powered-By', b'Express'), (b'Content-Type', b'application/json; charset=utf-8'), (b'Content-Length', b'1814'), (b'ETag', b'W/"716-lEVTuBqYgg+buSUBd5Nah+J9GCk"'), (b'Date', b'Fri, 26 Jun 2026 12:28:14 GMT'), (b'Connection', b'keep-alive'), (b'Keep-Alive', b'timeout=5')])
2026-06-26 15:28:14,622 [INFO] ThreadPoolExecutor-0_1: HTTP Request: POST http://localhost:1234/v1/chat/completions "HTTP/1.1 200 OK"
2026-06-26 15:28:14,622 [DEBUG] ThreadPoolExecutor-0_3: tag: Software (305) - type: string (2) - value: b'\x00'
2026-06-26 15:28:14,653 [DEBUG] ThreadPoolExecutor-0_1: receive_response_body.started request=<Request [b'POST']>
2026-06-26 15:28:14,684 [DEBUG] ThreadPoolExecutor-0_3: tag: unknown (40094) - type: byte (1)
2026-06-26 15:28:14,730 [DEBUG] ThreadPoolExecutor-0_1: receive_response_body.complete
2026-06-26 15:28:14,775 [DEBUG] ThreadPoolExecutor-0_3: tag: ExifIFD (34665) - type: long (4) - value: b'\x00\x00\x002'
2026-06-26 15:28:14,838 [DEBUG] ThreadPoolExecutor-0_1: response_closed.started
2026-06-26 15:28:14,947 [DEBUG] ThreadPoolExecutor-0_1: response_closed.complete
2026-06-26 15:28:14,978 [DEBUG] ThreadPoolExecutor-0_1: HTTP Response: POST http://localhost:1234/v1/chat/completions "200 OK" Headers({'x-powered-by': 'Express', 'content-type': 'application/json; charset=utf-8', 'content-length': '1814', 'etag': 'W/"716-lEVTuBqYgg+buSUBd5Nah+J9GCk"', 'date': 'Fri, 26 Jun 2026 12:28:14 GMT', 'connection': 'keep-alive', 'keep-alive': 'timeout=5'})
2026-06-26 15:28:15,009 [DEBUG] ThreadPoolExecutor-0_1: request_id: None
2026-06-26 15:28:15,024 [DEBUG] ThreadPoolExecutor-0_1: Raw LM Studio response received for F:\kuvat\test\62c3fcf7c3024520aaa7b8b468ab3205.jpg
2026-06-26 15:28:15,024 [DEBUG] ThreadPoolExecutor-0_3: Requesting tags from LM Studio (qwen3-vl:8b) for F:\kuvat\test\75c273c4353847cf89e3f63e635c32ad.jpg
2026-06-26 15:28:15,116 [DEBUG] ThreadPoolExecutor-0_3: Request options: {'method': 'post', 'url': '/chat/completions', 'files': None, 'idempotency_key': 'stainless-python-retry-a028c6ad-bf20-4b47-970a-1043a54be3cb', 'security': {'bearer_auth': True}, 'content': None, 'json_data': {'messages': [{'role': 'user', 'content': [{'type': 'text', 'text': "Analyze this image, which could be an internet meme, screenshot, artwork, or photograph. Extract 6 to 12 highly relevant keywords. 1. Always include the image type as the first tag (e.g., 'Meme', 'Screenshot', 'Artwork', 'Photo'). 2. If it is a meme, identify the meme template/format, the main subjects, the core vibe/emotion, and 1-3 key words from the text. 3. If it is a screenshot, summarize the main topic or software shown. 4. All tags must be strictly in English. Do not use any other languages or alphabets. Return ONLY the comma-separated list of tags. No introductory text, bullet points, or quotes."}, {'type': 'image_url', 'image_url': {'url': 'data:image/jpeg;base64,/9j/4AAQSkZJRgABAQAAAQABAAD/4QBIRXhpZgAATU0AKgAAAAgAAwExAAIAAAABAAAAAJyeAAEAAAAAAAAAAIdpAAQAAAABAAAAMgAAAAAAAZKGAAcAAAAAAAAAAP/bAEMAAgEBAQEBAgEBAQICAgICBAMCAgICBQQEAwQGBQYGBgUGBgYHCQgGBwkHBgYICwgJCgoKCgoGCAsMCwoMCQoKCv/bAEMBAgICAgICBQMDBQoHBgcKCgoKCgoKCgoKCgoKCgoKCgoKCgoKCgoKCgoKCgoKCgoKCgoKCgoKCgoKCgoKCgoKCv/AABEIAaABoAMBIgACEQEDEQH/xAAfAAABBQEBAQEBAQAAAAAAAAAAAQIDBAUGBwgJCgv/xAC1EAACAQMDAgQDBQUEBAAAAX0BAgMABBEFEiExQQYTUWEHInEUMoGRoQgjQrHBFVLR8CQzYnKCCQoWFxgZGiUmJygpKjQ1Njc4OTpDREVGR0hJSlNUVVZXWFlaY2RlZmdoaWpzdHV2d3h5eoOEhYaHiImKkpOUlZaXmJmaoqOkpaanqKmqsrO0tba3uLm6wsPExcbHyMnK0tPU1dbX2Nna4eLj5OXm5+jp6vHy8/T19vf4+fr/xAAfAQADAQEBAQEBAQEBAAAAAAAAAQIDBAUGBwgJCgv/xAC1EQACAQIEBAMEBwUEBAABAncAAQIDEQQFITEGEkFRB2FxEyIygQgUQpGhscEJIzNS8BVictEKFiQ04SXxFxgZGiYnKCkqNTY3ODk6Q0RFRkdISUpTVFVWV1hZWmNkZWZnaGlqc3R1dnd4eXqCg4SFhoeIiYqSk5SVlpeYmZqio6Slpqeoqaqys7S1tre4ubrCw8TFxsfIycrS09TV1tfY2dri4+Tl5ufo6ery8/T19vf4+fr/2gAMAwEAAhEDEQA/APx/8eaDPpmqXFjBB5UdrN5c3/XWtj4S6xP4V8R6frlvBFJ5U3+qruPjN8IPFXg/X/7Vnsf9Hv5pZPO/5ZS15/eabfWcVxfW/wDo0cX7uuvLswXsuXkPqs6yOtRq/uz2TxJ42g0HxHp/jjQ7e2ik86KQQw/89ak/bN+M198bPj74k+Ks/g+x8P3mvTRXOpaTp8P7r7V5UXmy/wDbWXzZf+2teV6PqV/9gjn/AHlzHF/yxlroPHlnPrEsl9fT+bceTF+9/wCesXlV79HC0Y0vaM+ExlTFQ/dnB2d5fQ3X2ifyvLlo1Lz5ovIgm/eS1H4k/wBD8uCD/njUnhuGC8v7f9x/y2qfafvf3Z8tUp4nn9pM5/xJDf6bL9hz/wAsfMrm4b25hupPOgrtPElnBNfyT/Z/Lj/5Y1l2fhY3kvP+s/5Y1r7f93ynqUalT2RH4bhn1i/jsbGD95LXpmva9pXgTwFb+DoJ7aW8+2fbby7i/wBbL/yyii/65fva5fQYf+EPtZPsVj5l5/z1/wCeVV/7HvtYuv38FZzxtH2VpHZhnUSlKJXh1KfUpZJ7iesu8vLjza6zUvDdjptr5E8H7yuf+x/vfPggrhq432RWGVbE1v3hj/v4ZZP+elWLOznvJv35/d1Y+xwWf7+eeq82veT/AKivJq4j2vwH12FwNGj+8makOpWOmr+/n8z/AKY1JeePJ4ZfsMEEfl1y814PN/cVJDD511HWmGwXtUPE4/2T/dG5Zxf2lFJOP+ulRzQ/vakhvPsgzB/q6sRTQzS/aK8nE1K2Fre8ejgadLFmHrGjT2fmeQP+mlY9lef6f/qK9M1Lw2bywjv/ALP/AMsa5OHw2Jr+Sciu3C4n21I5sywVXCVD0z4G+Nj8MJY/HEFv5skX7uzi/wCmtcXr2pT3mqSTz/6yX95NRZ/aLK18iD/V+d+5qTU4f9WM1v8AUvay9pM6IZtClhYUoFO8/ceXPirn2z7Za+f/AM8qp6lMYLWPNSaZCPsklcXsvfNViaNaPvmx4P8AFX9m3XkVqeNvBEOv2P8AbkH/AC9f8toq4cw3FlqNd5o3io2dh5E83/XaGvYp1a0KPIfJ5lhv33tKZ5XqfhuezlkMFv5sdZ81nPXpl4NJm8zyJ6y5tM0qaGTB/ef89qPaHmUsVL23s5nDwxTwmo44f+fiukm0GAy/6+pIfCs81rJ5HlS1zVKp7CptnPzfuqk02aaGX9+P3dbB0AQ23n4/1tZ81nPDL+4p+0MeSRsWd55MsfP7uvRLP4taVD8PpPCn/CK20l5LeeZ/aP8Ay1iii/5ZRV5HpkM/m/v66zTdNsfsvnif95/zyrL2VKoc/wC+pkkOpX2p6pIIJ/L82o5rPXJrryPI/eVoabpt9BdR+Rb+Z5teieG/B8F5dfbp7Hzf3NZVMT7I1hQxFWRw+j6Pqujy+f8Au/s//Lauo+PHhXXPBMvh/XPsMUVn4j0eLUbO0hm/1UX/AE1/6a1T8baDfWd1HBBceVb/APPGGjR9envJbex1yD7Tb2s3+pmr18BhKlapCqet7ejl+DlTn8TPM/Es2q/apILio9H0DXIdLkE8H+jyzRV6p4k8K+FZrWOfSp5ZJJf+WM0NFn4bg0e1/f33+q/eTV9FH2ftT4+rnEYbnH+G/B8811HPPXaaboJs7qO2sYPM/wCmtV9S1iCzsPI0sxeX/wA9oay5vGGq/ZfIg/1dephqnsv4Z4GJzGtWlodBpupWOj3X+o8ySX93RqWvWPm/6PPL5lcnDrN//wAf8/8ArJf+WVU9S8S/vY4IIP3ktdNOpqTQq1atX2Z2E15qum6XJBpR8y387zKj03Xtd021uL6+g82O6/d/ZKr+G5rjTZbeCf8Aefvv30Neqal8cvhlqXhy38KQfCTRLa4i/d/2hFNLXuYatieXlhA+qwUKdJfvJnD6br1jqUv+naVF/wBca2NS/sOeXz/t32aOX/ljVc6zY/vPsNhZeZ/yxrj/ABVqX2OKOCef95FW/tsXRXtKY70fbX2PVNHm8HDw5JoM99ZfvZopPtf/AC1rD8bfA3VoPDkfiqxvrG+s7+by4ZYZovN/79V4Xealffav9IvpfMrsPAepT3l/HBfa5JFH/wBNpq8vEY/F1XzzKrPCV3yxOb8U+GtUs7q4sbCGXzIv+WVYdmL+HzPt8HmV6x421OwmijvhYxx+V+7820h/1tcfqUOlXn7+A+ZHF/2yrz54iVSZ4fNUp1vZs+2LP9pDwr8TvhpZ/Dn4m6VbfZ9Lh/4lt3F/ra+f/iFD4AmupPsN/wDu/wDnj/z1ry+b4hX0/wDo/n+V/wBcquWd5/bHl28I/eV+M0cxqUav7w/q54bLsZTlyfGeieCdB8Dnme++zeb/AKnyv+WVdh43+Ht9qWgx/Yf3vlQ/8fdeDw+KtV0G/wDInPmx5r0z4e/H7VdN0uSxgnikt/8AnjNX02HzejKlyTPhcy4bo4itaPumPqXwT1zWDJP5HlSVjw+Av7BuvIvp4ovKrrNe+KdxeS/6Pe/Zq8/1LXvPv5MzyS1FTOMPT/hnzv8AqV7OfNM1Jv7D/wBRPB9prDvZrGGXEH7r/rlUnkzzRef59ZepXnky/Z68mpmtWodtHhfD0y5DqVjDL5E/mV6v+zD+zx8Sf2nPivYfCr4OaONQ1nUhm1sCfKEg9a8Y0eHzdQxPXqnwl+LXjH4GeMtP+Jvwy8SXOm65pc0VzZ6haTeVLFLWWGxLq1dTPGZRh8LEt/td/st/Gr9lfx5d/D342eA73R9WtxmW1uos+dD/AM9opa8I1LXvJ/cQnyq+k/2wv+CgX7Rv7aOr6f4g/aM+IQ16bRrUwaasllFF5UZOSf3PvXzhr39lTeZ9hnr15+zqo8O1HDRMOa887zP39U/O88fuJ6J5v9ZBVPz/AGoVJHG6tWp9sk/tKeGWtzR57cWsk/8Ay0/5Y1zUP+u/Gt2z8+G1+z/89f8AXV20/wB0ZLf94SWc000tamkfZ/tUeKy4Yf8AWV0nhXTftl1H5FfN5kmz63JIXrRO8s7PyfC0en/89a5/UtBghik+zT/62uw/0eby4P8Alna/u6r6lDBDdeRBP5sdduT5bWdH2htxFiYTn7NHL6Zo8EMUk88H7usuab975HkV2msTQQ2vkf8Af6ubmvLGGWvoFQfsT83dWpRxBJZ+Gvtnlz+RR/YP7qSxsPKk/wCe1dx8Afjv4c+A/wAVdD+I3jH4c6b4x0/QdSivf+EY1b/j2v8Ayv8AllLVH9pz9sLxt+1n+0Pr/wAf/FHh7RdEu9ckiEGk6Bp0VvbWtrF+6iizF/0y8qssNlFWtWPZWYQpUeY4m80ixmh/1/7yKq/iTTb/AE2wt7j/AFfm/wCprQ0fXtK1K68ie3rUvNHvvFWlyCf/AJZf6n9zXpVcLHC7nNiMxVWmeZzawJv3FXLO8nhi8+ejUvCs9nf+RPBVjTbOxhtZPPn/ANbXk89A8iUqn8QrwzQTXXFvUmpalfQyeRPVi8lsYZo/sVZepzTzSxnyqzp06D+I7qWNxC2I7PxLff6gz1Yh/wBMl/fiKOs77Hc/3h+VaujQjPniCKsqtPsd9DFwqvU2LPwffXul3GqwW/m28X+umqPR/sNldRnyK1JvG2q/2DHoYH+jxTf6mub1ibyZa5qeGxMz1q2IwMVCx2k2sfY/+W//AH6rvPAfx41Xw3o15odjPbf6VD5c3nQ/8sq8Li1gzxZnrpNHhsLO6t55/wDl6/1MXnU44DmdzOea0aa/dwOo1nxj9s0uSwvrHzY4pv3MtU9H+3QyyarNP+7i/wCWNU9e8+8sI6z/AO2J9H0a3gn/AP3tfVYWcIUbHyOb162Ld4FzXtZnhOYPMtpKpw+JNVhsJID+8/c+V501WNSvLG80b9/5Udx50v8Aqoaz9SvIP+XGCXy5f+Ws3+tlqqXuHgYeC5v3pHea9D9gjsfI/eedWXqWsQf8sP8AlrWXeXk8Bknn/wCWtR+T5Msk/wDy0irupVD0vqdC/unSabqUE0scEFWPOg/t77PYz/63/ljXN2f7m18j/lpLXefCrQYLLVI9cvoPMuP+WNe1luGdatcyjhacK3Oj0D4e/DLVfEnhf7DpWh3174glm8yGKH/VeVXJw/D3xVr+vfYf7D+w2/8Ay2u5pv8AprX15+z3o83wf0uT4/WGqxxSfY5bKGab/ll5sX72vM/EnjbwdqWqXFhpVvbRSed/y2/1stfpWWwoShyKB2vDqn70ph8Jf2P4PiR4D8UeMdD+KmiabJ4Xs/tM2n6tN5Ut1/1yryv4t/BP4jfDfQbPxV4r8OXP9l6p5smj6t5P7q68r/W+VWp9j12HWtQgsb+SXT5f9dDDXefHf9pbxH8TtG8L/DLVdVjvdL8L6bFZWdp5Pl+VF5UVePjsrxVXE/u48sD6PCTyyceWcvsnynPDBNdefNXoHg/TdKmsI4IP+unnTf8ALKqfjfwf4ch1S4/sO+8uOL/XRS1n+D7yaaX/AEGDyo4v+WX/ADyrwMdQeG/dni4/BcutE6zWILc6X9h8jza4f+zYPtf7j93Xok2gwTaXHfC+8q3l/wCmNYepWelwxR+T/rP+W01eRTt/y8PlqdWtSnP2h5PDqU9eifCWGDWNUjgnrzeGz8mXyBXYeFdeg8Np5/8Ay0r8KzCl7Rfuz+nuHMR7DE+0qnWfFPTbHQbryIJ/Nklrj9N1Kez1D/rrVPXvGE+vXX26eapNLvIDNya1wNOVKl+8HxDmVOpiueidx9jsNZ0GOeCe2+0D/ll5372uPvIb60l8+rk2sW9ndx3EFak01jrGn/uP3UldnslBc58nic7rqBh2epTw/v2FWNYME0fnw1JZ6aYZfIMFWNS03/iV/uK56lM5YZu6tX4zm7PWPJuq6T/hJPO0/wDcdK4uaD7HN9nq5/aRhta1pU+U0xOMhVj+8DUtSnm8zz6w5rz97VjU732+lZc01e1SmfL4n96ySaaqc3/LT9x+7qSrmg6b58v/AF1rppmVOkGg6PPeXUf7iugm037H+48iuk0fTbGzijn8jzJKr68YJv3/ANnrmxOOpL92b4bBVqlYw7OzgMnkV2nhuGDQbD7dP/rP+WNY/hvR/tkv7i3/AHlXPEc3kyx2P/PrXm4WKx2M5D7Fr+y8Fzmxpniryb/z4IIvL/6bVn+JNegvJZJ4P/IVc/509nLVzUpoPsuIIP3n/oqv0TCqjQo+zPiMRjXXre0qEf8Ab083mefWHrGqD/lh5tXIBP8A6i4H7uqc1n+9/wBBrPr7hwN0J1Ocrw3s8/mQed/pEX7z99/y1rLh1K+hlkgJ/d13HhvwhBqUVvBB+6kqx/wr2/h1n+yYLH/SIv8AXRTV1U6koL+U87EYmgp8hY+Hnhv+0r/7f5H+q/13k17J8K9e8K/Cv4haX4q8VeFY/EGn2v7ybSbub91LXD2em33hDwlHBfX3/H1+8/661h6x4wP2WSAT+bJXmZi/rVLkPn6tTEU8TzKR658QvBPg745RXniP4c6VbabqEU32kaTF/qv+2VfP+veG77TLqSxuLfy5Iv3c1dZ8PfidfaBqlve2I8q4ir0TXrPwr8ZrCTVf+PLxB/rP+mV1Xx9TDYnC1v5onuYXHQa5Kh89wab/AKw482o4bSfzf+Wnl13GpeFZ9N8yxng/1X+uo0fw3B+8mngqXidT0faWOb/s2DyvIrPvMWfPkV2mpaP5MX7iCuavdH8+7/fiWvRpYmnY4adSt7b92VNNmE1rJ58H+q/541Tm8/7V/wBM67Sz8HX08X7ixqObwTqsPE9hLWn1qj3OnlxRw+2f7VnyKuQQ6r9vjng8zy66jTfh7qsxkngsZf8AtjXQaD8NvEWpSxwQaVJ5dH1mj3M/aVoe9Ir/AA98ibwvrFxrk/8ApH7qPTbSb/lr/wA9f/RX/kWsPUrL7Z5cEE/7v/njXYTfD6+s777D5/lx1X0fwrYw+KPs8/mXMks1ddGrRR04fByxdTmpnD6laQQ2H/Tx53/Las//AISSfUvLsZ4P3cX/AC2rpPiRo8+m6zcWPkf6P53/AH6ri7OH7HdSef5n7qu2NXS5x4nA+zl+8K+pQzwyx13HgPQfg7efDrxZfeMtc1K28UWH2WTwrp1pD5trf/vf9K82X/ll+6ri7yzPmx+R/wAta6TwpZQWcX26+X/rjXpUv3lP3TGvJUaZHoMEE13JBf2X7z/ljN/zyruPB/g/VdSv7exggkl/5afuf+WtZ/hXR/OuvPg/eSXVewWesWPwx8OeRBb/APE0uof9V/z616+HzL6s/ZwPJnjpRfuxLGm3cGmX/keMdcl/dQ/8elp/qoq5O81LwBPrMcFjDcy3Hnf62asPUtS1abXvP8jzZJf+m3+qqv8AbINN1T9xB/o//PWH/lrXtUs9xcfdgXWxUXDm5vePcNZ/Zv8AibZfs7x/tAeRbW2jy3n2aGaK8i83/v1Xgc3iq+0bXreC+sY5bzzv9bN/yyrc1jx5f+X9isZ/Kjl/eeV51cn/AG9Dr9/JBrcEXmf89q9HDcQ14x5apOFam+aU7npnwrvPAHjDxRqlj448SabbaPYab9p86WH97dS/88oov+etZfwZ+Cfir9pDxbrlj8D9KtopNGs/tv2S7vPKlli/6ZVn+Cvhjqum6fJ4jt4Pt2n/APLaGi8+Kfhzwdf3EHgjQvKk+x+X/rv3tddejHMYe0hI+uynG0lU9nU95EkP26C1uNKvR/12h/6a1y+pXliBkT+X5X/ParF7/aupaDb+IsyRyXXmx3kU1V5tMsdTn/tWC+k/df66Gavjcwo18NVszgzvDYOjWOXm8N/upJ4P+WVc/eTT9K6Cz8S+TayWHkVj6lDBMvnwV+HU7+2/eH7DOtR9l+7M/wA7yu9XLTUv3X+vFZ80NEs3k2tdv8U8Wpii5NrE/wDz3q5puvfY5c1zfn+1Sed+9rq/5cnkYn96eqabdwalD54FaH2OC8tfs+P3lcX4P1L915FeiaPD/wAt/I/1tcOI3PEj+6rHn/iTS/Klk/56RVhzTV6Z4w8K+T+/hg/1tcPqejTRRf6ijDVfaH0FSl7aj+7Ofm/e1T8j3rY/sab/AJ4/rUlnoPnfeg/eV3/WYUTgo4OpVmZem2c80vkV0GjaPn9x/wAtK2NB8E+dFityz8H+TXj43iCjR9w+1yjhKtiv3kzLhinhNSWej315L5EFdxoHww1XUp+bGWSvbPhZ+yvfXkUerTWP7v8A5bS/88q+MxXEcqlW1Pc+9wfC2DwS9pWPG/h78Mb6by77yPK/c/8ALao/G/wf1zRr+Se+sZfLl/eQzeTX1ZDoOlfCvVLe+sbCT7RFNFJDd/8APKWuk+JH7V/j/wCJ2jSeCPirY6brel2sMX2P7Xo9r9qi/wC3n/W/+Ra+v4Vjm/M67pnzHFWKyGUVQjM+A7zw3PNLGYIKp6lpoh8uDyP+2tfQk3g/wBr11cQQWNzpv779z++/dVsaN+yjpXjDRry+g8caTFJa/vIbS7m8uW6/65V+ifXlTj+9PybF4SMv4Wp8zweG76aOTEEtFn4Pns7rE8H7uWvrzwH+wpfeJIpP+LqaBpvlQ/6rUJvKqnefs06VZRfYdW+I2ifaIpvL8r97+9rP+06K+0fJVYYyNbkhE+f/AIeWdvZ+I7O++wxSfZZopPJ/56/va6z4qQ32papcePzpVtZXl/NLJ/ok3/bWussfg9oej69JYz6vbRf9Noqp+MPhvrn2qTSoJ/Mji/1MsX+qlqv7SpVThnTrU63PU0PB4LzVdYuriC+83y65/XtHn83z4JpK9Mm0efQZZINVsf3f/LasfxV5F7ax+RY+V/6NlqFV9qOjiIzr/vInD2cOqw+X5/8A2xrrPCviq30e6t/PHlf9cqy9S8+GKPyIKNN8K3011JN9i/eRf8ta0qKjy6mrqL2/MvhPWNHvdD8bafJBqs8Udx/yxm/561Y1L4Qa5D/yCvKuY/8AntFXJ+G4bfQfLE8HmyV1H/C054f3H2f93F+7hrxcTlP/AC8gen9dTXs5FzTfhVNN/rr22j/67VoaD8GfCt5q2NV1y2ij/wCW13/yyrm/+Ew84Yg/7bVz93421z7fm3nl8uL/AJY15mNoypUf3cz7DIMPl1WvH2h9OabN+zL4C0aSe+0qTxBceT5f76by68j1jxt4OhupPI8OW3+u/c15Pd+Mb6a6qnqV5t8u+8+WvnsLg8XUrc1SZ9jms8pp0eSjA9M/4WdBpsv+g2Ufl1Ys/jBPZ3/+gz+V5v8Ayxrx+81GeGLyIKsQw6rD5c3kf62voaWGhHqfnONpKtI9E8VfEKCaKSe/sYvtH/PWGsvTZrjUr/7dAfKklrl9Yhvvt9vY/wDLOvcP2RdY+Emm+PLef4t6VHe6HLDLZTf9OsssX7qWpzKtUw2El7M+74HyzCV8fCNQy/jl8GZ9R8GaH4/gsZLb7fZ/8tof3Uvlf8tYq+d9Y0ef7V/o582T/rjX6MfHiG/1j4aWfwynn+02+gw/8SG7/wCWUthXzP8A8M9wTaXcD/j2kpcN55LE0vZTI8UcjjkOKdWEfckeH6D4b+2xST3Fj/qqPsd9qV/HYwQf6qveP+GdtW0zwvHfXE/lyf8AfqsfTfC2leG5f7V1yDypIv8AUxV9hLMqeGpH4XSxssbW5aZY8EeFbHwHoMnjHXLfzLz/AJhtpXH6l48uJtUuP7V8q5klh/5a/wDLKuo1nxWdY0uOfVf9ZFN5cM3nf6qKvP8AWNI/sfWZJ55/Mji8qSatctxHtantGdccFWhz85n+MNSn0eXMB8vzf9dXP6b4wvpr+SDz/wDWw/8ALKjxfqQ1KH7d/wAvEX/Pauf8mf8A5Yf9Nf8AtlX1bxNKUP3ZrRwKlH94XJvG0wuf30/mx1TvdeuLy6jhsf3tZc8IN1+4qBdQGm/uorj/AEiX/lrn/VVxSxfOejSwFGn70D2P4Y/FrXNI1TyIL7935Pl3kPnf62tz4kfDGfWIf+Eq8OQf9NP3VeGeFtRbStaj1WEeYlfSfg74hQWejR+RPF5cv/PWvYyfHVfY2OnCRo0cZzMsfD6eDx58EbzSvEcEVtqmjTRSQy/8/VrLL/7SryO88VfYtUuIL6CP91+782GvfPhvr+leKvEcfhm30qK2t5YZZfJh/wCWstfN/wATNCvdA8b6hY3Fuf8AXSyUZlOdahY9XO6VGrThU+I5f7Z7/pViz1LzpfInrLm/cfuM1Y07/W/jX4v7JH031n2ZqTWfk2vn1hzTf6ytjUtY/wBF8iseX/p3/CnT/dHLVqf8+yOpIf8AnhiirFnpv/PvBXRc5/eNzwr5/wBr5r1Tw3N8kf8Ao9cP4C0Hzlj/AHFeoaPo/wC6j/cfvK8zG1FY4qtGftTc17w39s8Oef5Fcf8A8K3/ALX8yeCCvaPDfhW+1jS49D8j/Ww+ZXSaP8H76ztY4DpUnmS18RjMwxOFq2pn6lw1k1HFYLmZ876b8H7iaXE8Faln8JjZyx/6D5klfYng/wDY/wDib4qsPtHhzwBqVz/1xs63NN/Yb+JumX8c/irwr/ZMcX/QRmijrjqZnm1eNlA9H+xsHg53bR8n6D8DdVvLX7d/ZUtdBpvwl0nRovP1vyo6/TT4y/sTfC74V/sW2fxj+H/i2x1nW8w2+sQQahEYkMvUR+nlV+b/AMVvB3jHUZbi+sf+WX/bXyqeXcM5zm1f99LlgelU4ty3KsH+5962hc0Hxt4A8Ey/uII/+2teoeDv2nPDmm6DeaHY2NtLp915Uk1fMdn8Jdc1K6j+3a5/12rqNA8H6V8NtU8jVIJJZIoYpIYvO/561+q5JwPluXx9pOPPM/IeIfETFY9zpqfKewWfxIm8en9xY+XJF/qf3Nc3r2m+KryaS+n+xRR/8sf+etcvB8VNK0HWY4NK0qL7H5377/TP3vlVjzfGDVdS1mS+sYI4/wDlp+5/eeVX2sJYbDR5aZ+P4rOsXVxWrOw8SfC/VdBtdPvoNJkkj1Sz+0w+V+9/dfvf/jVYej6P4y0GK8n1yCSOOL93Dd/8soq7T4J69ANUjvvsPmW8U0Us1pD/AMtYv+eVe8/tMftbfs+/FH4QeAfAfhj4d2Wj+K/D9pLZeItVtRD9lvBEP3Uv/XX/AJbfjXFiXGvOPumjzbEU1ywqHzNr3irVdN0G3nF9+8v/AN3DF51cnr3iSx+wfaJ9V/0z/lj5NZ/jWz8OaxrP26DVZY7fzv3MPnVj+JNY8KwaXHBY6rHJcf6yaHyf3Vr/ANcpf+WtZrKaNWBrgsznUxK5pGx4V8SYuvt2q/vI4v3k3nV6B8E/jZocPjeSDVdKtpLfyfLmimh/5ZV8/wCvfEKfTYvInsYvMi/d/wDXWj4Y+MIZvEkf26DyvNhl/wCW1aVMpo0qWhjiaNetinOe3qfQH7XfwHvvhjdWd95FtFHrOm/2jpsMM3m+VFL/AM9a8f8ABP8AYevCOx8R/ZovKh/5bfu6+hNe8eeFfG3wM06xvj/pml/u4f8AprXjepeHNDnuv7V+3RRW8v8Arv3Pm156pVaZ31sDT+q3Ujg/iFoVjpt/ZnStK/1v+p/fV6T8I/DfwAn/AGa/ib4++K3xEn03xnoNppcXgHw9bR/utekluvKuvM/df6qKKuam/wCEc/4SO38N2F99puP+eU0P+qrl/iFoMGm2FxPfT+Zb+dL9ju/+ev8A2yrOeHrT0jI5MDhql/3hzeseNv7S8wz/AOsi/wCW0Nc/LeX037/7d5tcvqWvXEN1JBWhZ6xiw8if/nt5lXUqTjGx6k8FiHL3DvPDfiSD9558/wD5BqPUtZgm8yeAebJF/rq5vTZri8McFj/rKj1jWbHQLqS3ExluP+mX/LKvExJ9TlGFnS/eSLF5eTwy+R5/7ytjR5jeafJ5/lfuqp+JPjlB4w+HPhP4Zf8ACD+H7L/hEvt/k65p1n5d9f8A2qXzf9Jl/wCWvlf8sqp2f2Gaw8+DVf8ASP8An0rnsetialOMrKZoXkME0v8AzyrvPgP4O8OfEL4maP4O1zxVbeG9LutSij1jxDd/vIrCKL/Wy/8A2qvNxqQ/d/Z4PNk/67V7J8AfB99491mPSrGDypPJ8yb9z/qoqc/3MDno0KOIfxmPqUOlWf7++t/+vPzv9bWPoHiT/iaXFjp9j5kcs1eofHL4A+KvDcsljfaVc/uvKkhm8n/W1xfhrwf9km+23EHl+V/y2rCriaVRcp7mW0cZg37WifZHwb+Nv7K4/ZYtvh/8b/F97F4qtbuWTw/PaWP/AB4f89LWX/plL/7SrLhs9D1jS5L7w5Y+bcfbIo/tf+s8qvjf4ha95MsnkfvP31fR/wDwSx/aj8EeD/iXceB/jdpf9peF/FGmy6dNN5P72wlli/dXUX/XKvNhR/s6M8RTPczzF/6wZZHB4mXv9JP8vIu/tCeI7HwTYW9vffvLj/nl/wA8q+a9S8Sar4k1SSef/Wf8sf8AplX1x+0v+yl4jghj8VTz/bdLupv+JbqMM3m+bFXhf/Cmb7R77MP7ySX93DN5NctPiKOIjqfKZbwRgsBUtze8cPeaPPN4Is7+A+bH/aV153/bKKKjx5pulTfD7w3faVYy215dWcsmvTTTf8fUv2qXypf+/X7qvcP+FSm9+EtnodjBL/pWveZef9cvKi8r/wBq1H8VPgbfWeg29j9hl8u1s/8AljX0OW5wpSga5jlOGpcx8X69eT3l/wCRPB5n/bGq/in7DZ6p/wAUrfXMtnLZxed5v/PXyv3v/kWvVPFXwkn0G/8A9R/00rz/AMVeG/sfmQQeb5ks3/Lavv6GO9rS5aZ8W6caVUy9a0nwz4X8C2eqTeI47nxBqk3/ACCYof8Ajwtf+essn/PWX/nlXm95580snkV0GsabfebIIP3vl1n/ANmz2f8Ar/8Alr+8rGVCtUlzm9KVGJY8Kwzwf9c67TQfGE8P2eD/AKbVy4xDYR29vb+VJ5376tTTYfJijnng/ef8sf31e7l/7pHm1knW5j3T4G/E2DwT43j1xoIpfss3meTNR+3V4Ig0HxbH8RtCgiistes/tMPlf89Zf+WVeZ6F+4+x308Emf8AnrX2p8YPB+h/E79h7Q/GN9pXmSeHJoo/tf8Ay1rizTMZYerz/ZP0XIsvoZ3lsqL+ONrH51z9qr+dPB0q55Pk/uc0Q2fnV+d+0OD2VYp/v5quWdn537irllpnWCtzR9BI/wCmdcuIxp6OCy2tiNyvpvhWe8l/1Fdp4a+D19qUsc88EUUf/TWqdn4ksdB/cWMHmXH/AE2rQ0fxVPeX8dxfTSVxR+vVfgPQqUsuwUfelzSPVPh78JYJj9hsIIpLj/nrXqngn4AzzXUc9/P5flf9Ma8r8N/FTStHljnsYIoq7CH486rNJHP58slebicPmB42Lx1GXwQP1Y/4Jd/sr/sceK2uNb+Meo21zd2HlfY9O1GXy4pf+uv/AMapf2x/2sfgf+z98Tbzwl8EPgv4WitNLPl/brrTBcmWX/nrF5tfAXwB+P2uaN43jvoJ5I7f9150NbH7bPiOf/hMry+sZ/8AW+VJ51dWVYWjV9yuebLPcbhv4NTl+Z1njz/gpx8YtY8yxt/GP2G3l/5dNPhitv8A0VXj+sfH7XPFWsx3t94jubm4l/57TeZXzn4q8bX15fyQTweVJVfR/GN/DdfuF/6419VTyzC2/do8itn+Z1q37yqfVmpfGYalo0f9u6rJ+6/5Zed+6ryvxj4pg+1SarYz/wCt/wCm1eZ6942uPKjt5pvM8r/XVyev/EGe0PkQX8lergsMqUAxmYudH2Z3msfE6+s7r/X/APXajUviT4j8YaXJpXnxXNv/AKz97D/qv+uUteNzePP7Svv35/7a1csvGFjD5Zgn82SX/lj/AKuvWVV0/gPj8XhqlWPMzqIftuo2tx58/lfuaueFdO1y0v454DLJJ/yx8msfQde0q8l8ief/AMjV1mneKdC8NXcl9f28d7HLD086vJr4h+1Pn6kajrez7li817XNNikn0rVZY7j/AKY1YvfHmq2Useqn955v+ull/wCWtYcHjyxx/av2GO5jtf3X2T/ll/8Aba5vxV4qF55k/nx/vZv+WX/LKvRw1S510cAoytMk1n4kTz69JPB+7jlm8yaKub8VeJLGaz8+GeWOT/nlWPe6xPpozP8A+iapw6nPNf8A+o/d13Uqh72Fy2jSlzxJNS8VX09vb2Oq3Hm+V5v7r/nlVfTfGF9pmof6D+8rD8YSwfapPs/+rlm/c1n6D58OoRzefLWlSrf3D3Pq1GpRPqD4S/FW+1Kw0+y8j/nr9siqxqWpeP4dZksYIPLt5f8AnrWH8AdZ8KeFNZj1XxHpUdzbxQ/6qX/lrLXSal8ZtK8qT7DY/wCjxf8AkKtcPThLeJ879Yq08Z7KUf3Z6R+y7+xZ4j+M3xQt4PDmq/btQ1nyraG0/wCWsVenf8Fev+CTvxC/YQu/D1nJ8Qk8V6Zr+lme0v44RHLFdRf8fNr5QP8AqiPKPm+9fMPgP9oTVdB8Rx/2VfS23/LTzopq9s8Y/tgfGL4h3Wn2/wARvGNzrdvF+7h/tabzf3X/ADy/e1w1cLP6zeHwH1uEWBa1+R8L6l4W1SHVMQ6T+7/5bfuqk/sHVfK/cQ/vP+mtfohqXwZ+HOsaPH4/0mGxvY5f3l5p0NeJ+Nrzwrr2qSeHLHwRY2UcX7v9zD+9qcVl8XS9pGR5OJxkaOK5X+Z8z6PZ6rptvceRN5Xmw/63/lrXLz2d9NNJP+9r2DxV4Jn037ZPb/8AHvF/rq48aPALrz4Lf93/AKuvkMVV9kfR4OrRxFL+IcfDo19D5fkGuk0fTZ4Yo55v9Z/0xroLPR7e8lj/AHFbFn4Vnmuo7HyPKjiryKuPsOphvavlic/o+mn+1I55/wB7JF/rq+1P+Cb/AIk+Fem/H3wefiN5cfh/+3rD+3pZv+fWKXzZYv8AyFXz/oPw9/syH7dOPKj8n9zVybxVpXhXSpPIn828l/8AIVax9riqY6WH+rT94/ev/gsl4+/YWl+Cdh4ufUfDereJpWit9Bi0S8illltiTnzI4j/qq/ET4talBeapcQaHBHFb/wDPGKvN9S+MHiPUYreee+kl/wCu01aFnr19eX/nj97HLWSyqtUqc59Thc2o5fheR6nL+KrPyZfI+w/vK7D4G6D/AMI3rMereR+7i/eVqf8ACsYL2/8AP+3fu/J8ybzq9w8H/s965D4D0/x/faHLbaHLefZobuaH91LLXTi6dKnhPZSkXRr0sYvaWPUPhv48vtYl0/Q9c/0nT5f9TDXQTfA2w1i/uJ9Dgilt4pv+W0P72s/4Y/DfVftVnPiL/RZvKr64+D/wl0PUpbP+1Z/3nnfuZf8AnlX55icHGlW/dHBUzKtSxB5H8Df2XdV8U39xYz2H2n7BDF5P7n/ll/mWvVPid+wrqv8Awhv7nSf+WP8ArfJr7r/Zo/Z50nQp/wC0DYRxx+T5kMvk17Z4o+Gfh/X9Gl0Waxi8qb/W114LBZhD95YyxmN9ofzoftCfsyQaPpdxcXGleXHFN/rvJr4z+J3g/F1JP9g/eRV++n7fn7Iv9j6XcQQWP7uX95DNF/y1r8g/2ivhNcaDqkkGlWP/AC2r9ByTMraVPdPlsbhYfxEfF954bg82T9x/12rn7zTf3scHkf8Af2vcNd8BatZ2txixl/e1hw+A5/8AljYySyf9ca+3o4yB4XtKkPePL7PTYZtUjgnrc03wrfTapHY2P73/AJ7eVXUWfwwvprrz4NKllk/5Ywww17R8H/gPB8Mbqz8VfHeCXTbe6/eQ6TND/pN1a/8APXyq6JY/2YVMTR+M5PwT8K9W8SfZ7GDQ/wB3/wAtpfJ/1VfWng/TbCz+FWofCTxHfWWm+H5bOX7ZNd/62WXyvKi/9q1n6l+0X4HF/b+Ffhl4HsrHT7D/AJ7f62X/AK6y14n8WvjNqv8AbV5ZeR/o91eeZD++r5vMquIxlaPSMTGhxbPLoyhh5++fH8NnBN0NWLTTf3v+oNXNHs4IZfI8ius0HQYIf39fJV/bn6vg62GpfxDn7PTe/kVX1jWIIYvIgrsPFVnBBa4g/dyS15nqcM8N1JtH7yjDYb2j5mdGIzeKpezpEn9pf6V59H/CSTwy/uJ/KrHll8n/AK6VH/y1r2ozjFezPDblVftGdpo+vT+bHPPPXpHhXXvOeO3rx/R5vJ8uCvQPDd55Ij4rzsSclSl/OfQnw3vLia6jn/6Y16h+0JNPeeA/D/jKef8AeapDLHN/2y/dV5H8H9SgmtfI/wCete6fGbTf7d/Z98P33/PrNdR14+Gqexxmp5NSlT+0fG+pzT6jfyTz1n3kE/k/Z4B/y2rc8Sf8Se6ksZ6p/bLfTbX7dP8AvZP+WMNfZ4OpzTPDxFP997Q5fxhq99aWEc5/dSS+bXneseKrj955/lV0nxC1+fWdUk1a+Pm+bN++rgNW1Hd8sEWK9Y7aUKUzX8/zpY/38X/PSs+HxV9nljggnxH/AKqrF14w0lPh++jxaF/p91q/mzajJJ+88oQ8RR/9/ZM/9sq4f7ZP5v8Ao9c+JxUKfuQOujg9D1DTNeFp5c089bMXiPS7vzM+Z/1xryeLxLcLHHA8MePWuk8OajaXaec0/wC8rh/inkYvKkn7Rnod5qVjNoPkQTyx3Ev+pih/1VU4Pt32qSC+sf8Anl++irDivW82Piu0+Hmg/wBsXf26+1X/AEf/AJbebXo4anWmctKPstzHvNHnmmjuPI/d12niT9nvxVoHwb8N/GmeCKLR/FGpX9lo8P8Ay182x8rzf/Rv/kKuw0H4V+Dpj9ugvpJbeLypPNruNU1jStS8L6X4H8+O20/S5pZLOKX/AKa+V5sv/bXyv/IVd6rRpaGVTFTonyH/AGDcaxdSQXsEUUlrVjTfCs8Mvnz/AOsi/wBTDXvGsfDzwpo0vnz2MUsktEHgGw1m6zbwf6quHE5hRpalU80xFTSEDye803VYbDz4J/3nk/vv31V/Desf6yDUK+vP+Ck/7Pfwd+HHxfs9F/Zu0qX/AIReLwrpf/LbzfNuvssXmy18p/8ACB+JPKkng0qTy4v+mNRhs8o1I+4aqM5RvUJNNvNBhl+3eR/36mrsNN8YecMTwReXF/yxrh/Deg6tNqlxDPYyxfuf+WsNeiQ2fhWf4SSeHLHwdJ/wkEuvfaf7bmm/dRWHlf8AHr5X/XX97XoUsyiJTmlyo6DQfjx/YNhcWP26Xy/+mNSaP8YPCusX/kX0H7yX/lt/zyryPUvCuuRfv/tFc/8A6dpuqR+RP+8r0qVeOIomNTL44qpfnPoD4hWcE3gOTXLH/WSzf6ZXj+j6lYw3/wC/8ry5f+WMte8eCbOf4hfCW48K/Ybn/Rf9J87yf9VXh978K/EVnrMlj9hll/feZDXjZjlUXyyX2j0ssjUwSlCodJo15BZczwRS/wDXavSNN1/wrqXg3UJp9Kj/ALQl8qOzmry+z8B+MfKj+36TJHHFXQTw31noP2H7B/pEv/Lb/rlXjz4dVWod1THRox95mpD4qt/sv2G+/eyVyfivQf7e+2atY+VHH5MUk1Yesalrc2qeRB/1zrpLOGfTfDluZz+8uv8AyFU/UvqlT2Z7uBre3p+8Zej6RcQ2skH/AJBrc8NXn2O5/f2/7uWrEOj/ANm2vnz/AL2s+L7RNa+fP+6ji/1NTTqe9Y5a0PbVDvJvFU83l+RB+7i/8i17hrH7dXivUvgZ4f8AgfOLax8N+HPN8mGKH97LLLL5vmyy/wDbWvkubxh/ZsUn/kGKuX1j4hXM139nn/1dddTLaNWjz1RPNKmFXsYSP0s/Y/8AjYNYlkvp/s0sf/Lav0M+Cd5oesRWfiqAxeXF5X2zya/Cv9kv9oX/AIQnxbb6VPPFFbyzeXNX6Wfsq/tXweFLWMTnzNPl/d3n76vzvOcC8LiOemZ08ZTq61D9jPhj8R/A95oFvY2OrReZF/z1rqfEXiyz0TRbvWFbfHbL++cf8s6/Pbwr8eND8B6r/asE/wBpj/5YzedXoHw4/bXHiD4jefcWskmj39n5esafN/6NrkpZpW9lKBlHNqKr+zmH7VHxnHxC8I3GuC3jubOL935X/LWKvzb+OcPwdmh1C+1W4vorjzv3MP7qvaP2rvHl98K/iDrHhWfzLm3iml/c/wCq/dV8B/H742arqeq3ljBbx/Z/O/c/a/3VexkuCr4p+0lI5s1zXlXJSiV9e8beANHmknn0T7TH53/Lb/lrXLzfGbwBo/7/AEPwPYxyS/8APWvJ/FXiq+miknv4P3f/AExmrzfxBq98t1H5K/ux/wA8v+WtfoWGwcVySmfG/W69er7OR9WWfxg8OXnwk8Qf8I5B4Xsdc0uGKTzrvUvL1O682X/VWMX/AC1r5j1j4zeKvGGtXE9zqksmoS/6mWb/AJaxUWXir+zYdQsjY+ZcXWm+XZy/88vNrn9H0iezuo7395FHF/y18mvoatHDQox5T0MPRg6MtPePYPBPiWxt/Dtxqurz/vPJ/c/9Nay/7SsdSv5Of9bVPWPG/wDbHhbS/DfhzT4rKzsLPy7yaGb/AI+pf+esv/f2s/TdfhstGksZ/wDWSzf67/plXj4qnynzf9m8tWdT7Rxd55EMv7j/AJZVHZ+KYIB/r/Kko0GGx1KKSD/VyeTWXrGgzw/6ivn6f1Q/Wf353kPirStStY4J6y7zw3pWsQyX0FxF5lcXZifTJf39bmjeJPJl/f1nPB2j7Q2oVHGfvmHrOjzwzSH7P/qqpww/9MK9Yh8H6V4q0GS+sb6LzIv9dDNXD6l4VuLOXyPIryXiHFn0McG5UrwK+gw+dLkV2GgzeTLHBWHo9mPK8iuk0HTf9XB5FKpVOKeDrVnY9k+D/wBuvLq38j/tjX2hefDHxH4w/ZpuL7Q/DlzLb6XNFJeXcMPm/ZfN/wCetfDfhXxhB8PRHfTz/wCkRf8ALGvuX/gmX/wVy179ljW9a01xp1zoviaGL+0Y9VtDIRLF5vly5Hb95Jx3xXDhsFVxda8DHE4FYWj+8Pib4k+CZ7O+k/ceX/02rx/x5ef2P5kFvP5v/PavfP2rvjDpXirxbqE/huxi+z3WpS3MPlfu4q+Z/HmsQTGS3gsfKk/67V+iZbg3Ro80j5HF06bZyfiTXp7wSf8APOuPvL3zpcYrd1aXdblfIrmryY+bWeO9p7M7MupUivP2oqSzs/Pk68V0EPhyCaKMD97JXlU6ftT0qlVUTm62vDkN9d3cdjBnZ53/ACyre8K+A4JriO3uIPNklr6Y/Zv/AGXf+Ek1W3sbfSv+mk03k1VSvQwdH2lQzV8XUVKmrtnB/Cb9nvxz8R7qOx0uxkuZJYf9V5P+qr0SX4Gf8IrFHBquueb5U3l+VDDX1po/hv8A4QPS/wDhHPhJYy/6VZ/Zry7iqPR/2P8AxHe6pZ/8JVY/Yv3376W7/wCWVfL4ri+qv4CPpMJwtg6K9pi52/unzv4a0fyY/sMEHl2cv7uao9S8E6rqV/5FjpUkv/TXzq+rNS+GPwP+Htr9o/tWLUv33l/uf9VXnfir9oT4SeA7/wAnw34Vsbm4/wCe0s1eE89zzE1L0oc3zNqmT5FUnZHm+m/s9+I9Ytft0+k3tdB8PfgxY+E7/wD4qPXLG2jl/wCWU01cf4q/au+LfiQ3GlW8/wBhs5f9TDp1eXw+MPGOpapJPPPJc+b/AKnzpq6aeV8U5tpUkoHRQy7hjCe9PU+wDpnw5vJfsOu/Eayljlm/fRedVjQfgx8F9SmuLHSfiNokf/PHza+M7z+3Ly6j8j975taFnZ+KtNl/cG58ut/9ROJoQ/dV/wADqp4jg+rL2c6f4n6Qfs9/sE/BDXtfjvvH/jHRJdPlhl867tP3kteH/tseCfhz4a0b/hDvB3hSxtvsE0sf9ow2flebXh/gj48fEf4b2Fv4igFzFbyzeVDdw/6qWusi/ad8AfFn/QfFdj5fmzeXNdwzf6r/AKa+VXkRwHF2SY+NXHSlKl5Kxy5rlfD9fC/7FH3z5b14+I/Nk8+D93FWf4Vh1zXtZjuL6D/VTf8APGvsjxJ+x/8Aa/C9x4x8K+Ve2cv7zzbSvE/FXgn+x7WOx0Ox8ryv9d/01lr9HyfibAYmXLGZ+V4zCYvDu0IHrn7Ov7UXjj9nv4S+JPhl8OZ9ItrfxlD9m8Sahd6bFc3Utr5X+qill/1X+tri4fi14cs7r9xpVtcyV4XrGsa5Dqklj5/lf9MfOqvpt5qsN3+5/wDI1fXU8ZRr/ZPMlhcyrU/iPoS8+LVjN5fn2P7v/ltDWhP8VPA+paX/AGTD4dtpI/J/5a14PNr+ujS8TwReX51Fn4qgiixAf+21d0V/IebicJjZqPN9k9Es4fB2s38n26Dy5PO/1VdZZ/Cvwb4kuo4Z5/Lt4q8Lm8eT2csf7iug0f4zX2m2HkQf+jq4quFhiK3vm7zPMcvUHE+sNY/ZX+AP/CG28+k/tNeH/wC1JYf+QdqNnLH5Uv8A118qvC/id8Pb/wCG8seh30Ntcx3UPmWeo2k3mRSxf89Yq8r8ZePPEes+XfQXsvly13nhub/hKvhBqGq32q3P2zRvKjs4v/RteBjctjh8TGVOR9FR4hhXw16i5WeT/EK8sYZZBAv7yKuDvNY8n/UV0nxCvPJl8ie3/wC2tcX4gm/54V6NP4fZ1CsNBV3zSNvw34q/se/8+DzPMi/eedX2L+zH+05Y2ejSaHqs8csd/D+5lm/5ZS18HxTfvv8Aj3r0D4e+JJx5cFj/AKz/AFkNeFmWBjWOmphIz2P0Ysv2uvHGg6X/AGVcarLcyWH/ACy/5a+VXpnwf/bG/tiX7D/oVteS/wCp/fV8H+G/idBrGjSWOufuryL/AFN3FXSeD/FUJv7f7Rqv/Lavkf7Fp3PJnkmL9t7Q+8P20vjB4c+J3wk0P4m6Vfx22qfvbLUrSX/WxSxf5/1tfnP8VPiRPeeZPPBHJ/z2mlh/e175q/jfSte8JW+h+Mfs0Un/AC56tFN+9/7a187/ABa8KzzX8k8E8fmf+ja+wybBKhR5TLGUa8YcrOP1LXoJrWSeCGX/AKbRTVy+sa9BMI4IIK2LyG/mikgngi8yL/XTVzcOmz3lr5/2jyo4pq9uNa2h4mGw69t75oeSPt8c32KX/tt/y1roNc+KnxatPgRJ8Ab6+tv+EXvvGH/CRpD9ji837V9l+y/upf8AW/6ry/8Av1FWP4bn0rTb+3n1wSSWf2yL7Z5P+t8qsv4p61pGveMNUufCEFzbaHLqUv8AY9pdz+ZLFa+b+6il/wCmvlV2znCdH3onsYanWp1vdM/QfFX2SKTSof3scv8Az1rcgh+2DHnxRf8ATGauL02zvrOb9x/22rrJtTgNrb6Vj/Vf88f+WtcVSoPG0vZ/wzm7PUp7PVPPrtNS/sPWPCUYsT5eoRTfvv8AprFXn9pF/p/2fNdpZw29nLJY/wDPKavjqlP98fpVSl+4ucfeabPeSyQf88qz/seq2csdegTaD9suv9BqO80eCzl/f16VLE/8uz5upUrQq+6SfCX+1dSlvPPvra2jsLPzJprubyquTXtjr0v7jyvauf1mGCa68+Cx8qsvTZp7O/6yV5WZUqUvfgfZZDmVWS9jUh7p2lno/wC9/cV1Gj/YdB0v+1b4fvPJ/c1h+G5p7yKOq/irWPtn7iD/AFcVfPUatSrW9mfeTwGFw2D9uV9Y8Rzz3Ul9NP8AvKueD/iHf6bdf8sq4fXryeH9xBVezgnmtLi4n8z91D++r7rJFSp14RPzHN69StK7Og8d/Eu41pJILf8A1cR8yvP5tXnln86q93eTwmSBqp3t2o/5Y/u6+pxOJo/w6Z8tGhzVP3hJqV5BN/qPNrHnGJZICKsTTeVVjR9N+2S+fmvEqP6zV5DupU/ZEmg2fk/v/IrpNNhgmm/1FU5rOCGK3ggrpPCum/vY7fyP3lFSn7GkcuJ/enpHwZ0LQ7PWY/7VsYpf+ePnV+mH7B/7NNj4rsJPEdl+60uKz8zUppv+WUX/ADy/66y1+efwT+G+q+KvEenwQf8ALWb/AFVfsR8H4tD/AGN/2WY/EeuX32bxJr3/ACB/+nX/AKa1+b8U450v3UftH0/DMYUpOr8Uo/CbH/CE/Dn4S3954q1zwrbf6B+7s9Ju4f8AVS/9Na+U/wBsz9rSDUpZL/Vp4ov+eNpaQ+XFVz9pb9t/SrzSo9E8Nz+bJa/8fmoxTf62Wvz/APiF8TvEfxh8b6hYwWUsvmzeXDLXk5dQVflvHliviPXqYfF4zEynW3kWPiF+0h4q8YyyaHYwSfZ/+WPkzVy/hqznm1SS+1y9klk/1nleTLLL/wBcq+rP2P8A/gmb4x+M2qW8/iOxlit5f3nk+T+9lr9NPgp/wTM/Zz+A+i6f4q+JmlW3+i/vIdPmhi/e19As6weBfsqEL/3jvpZNSdP352PxX1LQdVvLXT57fSrmKP8A5iX7mWPyv+mVcPqWva54QlkgPhyT91+8m/c1+9Hxm+Ev7JXxmv8A+ytK+Ffl28UMv2zUdOmr5/8Aid+wT8B/G0X/AAh1h4cubG4/5Y6jNN+98qrXGFSNb2bOSpw9hnT5mz8i9G+M3jC9Ek9x+6ji/eeVFD5ctZ95+0t4jtDb4EUskv7vypq/RD4tf8Ehb7TdGvILI+bJF5vk3cMP+tr81/jz8JfFXwx8UXFjqulf6qby/Or7LLeI604/u37x81icl9leol7p1mmftReHLzS7fQ9V8LeXcRebHNND5Vang+HQ/EmqWfiPQ9Vsv3t55c3/ACyli/661896daQxSf6ef3ldZ4P02fTb/wDtDz/3fk19HjsVXzTLJRxCic+CU8NiYygfqR8N/GHhz4S6Fpc+h+I/7Sj8ny9Y06qf7WnwH8OWfgeP4jeFYI49P1Sz+02flf8ALKvi/wCGPxV1XTdUs4J55ZY5f3flV+hnwNs7H42fs3ah4A+w+beWsP7nza/m3OsHieH84p4ml/D5ve9D2sd7HGaqJ+afjDR4f7U+3Tn95Wx4D8E6VrF1HBfeZFH/AMtrvyf9VXpnxT+Etj4b16SDVoJP3U3+ph/5a1h6bNrnhWw1CeCDyo5YfLm8qv3PIcXRxlKFWnszz6OVufumPd+G9Dmij0qD7TbR+d++llmrg9e8Hz6b5lxY/wDPau0OrwS6pHPBDJHHFN5nledVfxV4knvLWOeeD/W/vP8ArrF/qq/TsNhafsjxcdlkqT9w8rvLy+htZLic+VJFWXB4kn/1E5rsPFemWOpSx/2VP5cctcPqWm3Hmyef+6/57fua8/G4arSPAdGlVdqh1Gg6xDqZjz+88r/XV9GfBnwrBqXwf8Sef+6k8mKTzZZv+WVfK/g+axs7vz/+m1fWHwfvNK/sGTQ5/wDj31SHy5pa+Hzn6xQqwqHnTwcPa8h8z/FM4u7gf88v3dcH53nQyefBXvHx++GNx4b1S4gng/64zf8APWKvG9Y8Nzw2v/LKu6hVhWp+0PdoVPYx9mc9N/rvxrsfhj9h/t638+CX/ptXPw2fk+Z/z086uw8KabBo9r9tnt/3lclWmdixNKnJHWWesW1lqkdx5H+jy/8ALKugtJvJmjvtKvv3f/PKuDs72DzZIK6Dwtr0EN1H9ugr5vHKpRfuH2+TQwuLVqh65D4w0rTfC8elX0EkuoSzf8/n+qirL/4Tbw3qN39h8Rz+ZHa1x/jfz/3eqweZ5d/D9prl72G+s9TjvrL97HLDX0GRUpYinzHl8Q4PB0pOED0ibwr4O13zINE1zypP+eUtcn4w8H32j2H2Gexiik86Wo9B1Kw026jvvI/1X/LKapPFfiSfUtUuPIn+0xxf6nzq9HE4WtSqnxH9ktu8TzPV/wC1vtXI8z/lnVjTtH1T+y5POgl/+NV2H2PStSlk+0QSxXH/AExrpNH8K2Opy/Yb7xVbWVv5P+q8mX91XFUnXiaxwFboef6PoP2zzIJ/9ZVe90eeaXE9j5flf8tq9As9N0PzZPIvvKjim8vzv+etWLzw3oepaN9on1X95a/6m0ih/wBbWNKrJ+5MyxOXYmmuY8Xhhgm1mODbWhrGsT/29eTwfuv30v7qs/Qf3OqR/aB+8qxrH7m/kxXg+z/eH6RVnfD8kDpNH1j7HdRz1oeJPs+sfv4K4v7Z/q66DQdS86DyDXNUPAp0LVeZmfDDPmS3nqxZ6PDNLnNdZZ6DBqVr58Famg+DvscXnzwV8vm2a/VZcp+n8KZPRxlaJz8Nn9j0vyPtH+to8N+D7jxLN9hsb62/56fvZqk16byL/wA/yP8AVVz83ja+0DVP9BH+q/1M0NelkOCrYuHtD2eJ8bhME/YfymhqXgOAXXkarfRx/wDTGo7zwrod5o0mlaVrkn2z/nj5P7ryv+utcXqXjC+/tSTz/wB5H/12oh8YX0x8iDyoq+9wOBeGl7x+SY7NKVb4YnN+JLOcXcmbePzIqx5pv+WE9dpNptjqVrcX3+rk/wCW1cnqmmy2cUlxNny/O5/6a111KVQ8WniIVapT/wBbX0d4J+AX7N+hfsM+KP2ifHP7U9lb/EqXXrbSvBPws06z+03N/F+6+1XdzL/yyi8qSXyv+msVfNsN56QUfbP3X7isqfsqbOk7zR4LfUofPuPLi8qvUPhL8N59e1T/AFHmxxQ+ZNLDXlfgP/ib2FvY/wDLTzq+sPgmLHwfo32iAx+Z5PlzTS1zZk68MLeB4NevGOJ9mfSH/BNn9nWD4tfG7S/CsEEcf7799LD/AMsoq9I/4LSfFqx034yaX8CPDl9LFH4c02K2vP31eif8Ef8AQdCn8W/8JHYwR/bIoa+X/wDgrFoGq2f7WniTXL7zJLiW8/79V+GYjHTx3F0cPV+yj9O4bwcfqMqkD5z8YeKoNSu49DsriTzJa+zP+Caf7GfgfTL/AP4Srx/YxXOof8ucU3/LXza+K/2fNHOpfFqzv9cg8zzZv+/VfsJ+xn8E9DstGuPFfiXxH+7is/3PlTVrxHmNXCYuGHp+7CR9NgKdKt/iPsD4T+G/g98AbPT9U1z7NLeXX7uzitP9b/2yrk/i38Kdc+KnxGvL3XPEUWkeG/Ol867l8rzYoov+WX7qvL/AfjCe98XSQ+B4ftt5pc3l6bd3c3mxf9df/IUVd5N8MfiL8YPFOl+HPEmq3P8AYfnS/wDEui/5ev3v/LWvewOAo18NHkZwYzDzo1JScz1r4MeA/wBlfTNAvJ/DjRalHF/x+Xc37z/97WDrHwZ+EuvePPt3g7zY45f3nm/Y/wB1LXuHhf8AZ50HwV4Ki0Ow0+a5+zyeZ5U03Mv/AF0rPt/hv/b2syCy0yOy/wCWnlEf6qlVyqnF3Z4zxMX8My14Q+C/w68XeDX8N61o8c32b/nvD+9ir8Zf+Dhf9gjwt8LBJ8YPAfhqKx0/7TH9slEP/LWWv18074keI9D+LNv4U1fS/wCzZLX939ru/wDVXUVfNn/Be3w5aeLf2b5dJksvN+1CTP8A3zXZTxscBThUj7riehlWHnXxn1eesaiP5jtH+Fc+pX8mq6rfxRR+d++rrJvBOlfZc2Hm/uq9A8bfBnxj4b8uxg0r93F/qa6T4PfB+9vIo77XYP8AW/8ALHya97/WmFTB8vtDerwpLC1ebsc/8K9B866s4L6x/wBV/qf3Nfdn7CviT/hG/ihb6HPpf2mOXyvOh8mvN/Af7NXjnxHc248K+FfK/wBV++8nzK+kP2UfgFrnw98W658Vdc0LzI/BsMUmsf2jNFbReb/yyi/e1+f5/iXnFN0aPvzZ87ioxoysfP8A/wAFAvBM+jfHPVNJ0nSo7a4+2SyeT/11rxPx5aQaD4WjsdV0n/SP9Z5NfVnjz4/fAj9orxlrGt/HfStb0S8ivJfJ1DRNNil+1Rf9MovNirm/Hnhv/gndr3gPUL7Svi342svEEUPmabDregxSxXUv/bKX91X6nwTl2ZYbA041Kfwkzx+CpUeTn98+I5tHsdTiuNVggl8yKGsObR9cA+3TwSSx+d/yyr2jXvCvhXTYo59DuLm++1f6mGKuL+J8Oqw+ZoerT3Mf2X935UsPlyxS/wDPL/plX7LgKlb/AJeHy2KxtL3oqoceNA/0q3+3QeX++/5bVwnxUuPDpuXvNLvpOP8AXfua7f8A4V7PZxSXv/CRyeZLN5nkzVx/ir4e32sTef5MvlxV62MpVK1L93A+UhOj9a55VNjzuz1KeHUI/I/e/vq+kPhV42gXwlbz/wDLT/V1873nhvVdHv5M2P8A008muo8LeMLjTbWSCCfyo/8AVzV8LmWU1atOaqnrz9jUcKkT6M1745aH8SJZND+Kg8yOKzijs7uH/llXnepfB+316K8vvCviOxvbeL/pt5Uv/fquTs5ftmqW88H72OWu40HR77QbW4/1sfm18nQo/U5ezZz5nvGdM5v/AIVLb6ZayXGq337yuf1jUoIfL0qtzxv4wuIZZIPPrh/tn72P/nnLXRVxP8hw4ClW9r7ScuY3NNhgmv4/3Fan9m3Et1H5A/7bVX8NwQfZfI/5611lno8+I/IPm15NS9asfSUs0eE94k03WYPEnhy40P8A1l5YTeZD/wBNYv8AlrFR4Ps4NYik8+f/AO2y1ch0GbQNUjv/ALD+8/5Yy1qXmg/Y/L1Wx/dW8sNfR5Jy0cTyMWJzSOYUzh/GFnPaeX9hgk8z/WVn2ep+T/p0EH2mSK8/fTf8svK/df8A22uk8Va9pV5YW/8Aaulf6qGWOH/pl/nza5/XpoPN/wBBglks5f8AU/5/z/ra+y5cM17xy4apKlD35kemawdN177N/rLf/WVqaxqf9sf8T3SoJI/+e3k/6qKWuDm8+zv/ALNP/wB/a6TQfFX+iyaUTH9nlh8qauWng8Liaup6lPEShSvEy4NevrP7R5H+r/540Q69BMZPInliz/rqj16GWzi8+D/lr/0xrHhvLeGL7P5H+t/eVxYrBUab5KZyVcVOr7xXs5vJv/Pqxr03nSxz/wDPWsv/AJZ/9tq0NSxNYR/9MvavzM+zo29n75Xs7zzquWepC0ljrLs/+eFSWX+tP1oOKpSPaPhLeWGpXXkTn93LXqHjzQLHw34Ij1UeV+9/d187+CfEn9j/AOkQf89q90hmn+IXw/ksbD95Jaw+ZDXwefYGq8TGofovBmPp4RfvDyO81KC8uvIn/wCWVcn4whuIf3/2iuo/sG/sb+Tz4PNqx480eDU7S3vv9V+5/wC2VfofD2mEUYnzvFdSVbFuZ5HqPn3g8iCCOqdn9ts+Qv8Ara6TXobHTZZIfIk8yufM0EVhmfzf9dX1J+dSp3YaleQiL/nlVO/12e50C30R7SPy7WaWTzv+uvlf/GquxQ2N3DJPPD9mjih/1sP/AC1lrCvKz/5cl4ajTTM//lp59XILQTSnAqPyfJiq5o9nPeXUcH/PWvPpfxuU3qHafD3yNB8vVv8AnrN5cMNemWfxIns5Y4P+/wBXL6x4V8D2el+G/wDhB7e+udQ8nzNYl87915v/AEyrqNH0C/h1SPXL6x8qOKHzLz9z/qq78xp+1wvs6Z5NWphKVfnqH6kf8EkfidpXhuXS9V1WD93dWcX/AC2qT/gq38K4Nev/APhcWk2MUdvqk3/LL/llXzH+xz428R6DDb+OZxbaT4bim8v+1tQvPK+1f9MraL/Wy19uePfEnw6+MHwgj8Aa544037Rf2fmQ/wCmf8ev/PKv5t4gy3N8r4ihjqVPmt8Xofq3CmYYH2Hsn9o/KvwHez6P8S5Pt19LbR/+0q/Uz9kr4wfDHQf2fZND8VaVFcyS3n7nzbzyq+B/iR+zF4x8K+I7w/2V9pjtZv3OoRf6ryq94/Z0m8ZaxYafB4Vt/NksPKjm82uzO4YfM3Sqt6n09OgqTn7H4j9BP2XfHmh6lr/9q6VocVtZ6XNFJqUU3+tlir7X8L+OfAHw58PweKvEZtI5LoeZDdW0HliOKvzg+EsP/CK+EtQ+I3jHxjfW2l38MsmjajaeVbW11+9/5a/8tf8AnrXD/t1f8FDvB/g74I2djYeK5LbT7X/U2kt55vmy17+QxnSg/ZzPnMbSlVrfvpH6FeKP+ClPgjRfFN1onhKEa3YRD9/qMcv7qI/9dP8AlrXEeCv+CwfwHtfFh0i6mtbmczeVPLazf6qvxI0z/gorpXjbVLOfXPiNbaTp/neXNaQw/wDXKuTsvjx8JNC+INw1h4483zf9Jhu/J/dV7ywWOqPWJwqngp1eWK90/oe+K3x7+FH7QnxD0X4ZfCjxPBqWvXNjJeIIv9X5I/6a/wDbOvhz9qz/AIKCfEjxLb618PH+HkWt/wDCP3/9n3MP2PzYrW1i/wBbLLLXqv8AwQC8K6p8V/COo/tKXtlcRWEo+xabNNF5Xmjyuf3f/POuG/bW+Enjbwr+0B8U/wBnPT/Bdv8A2H8U/Dsuo2fiy6fy/sEvmxSeTH+6rgxOT1sb+6l3PcyLF4fDY2UXvFe7/XofNGg+FfhJr1/J/wAJxqtlbR+d/rv9bFFWxDZ/AHwf480/w54cnj1vT5YYrmbUJofKiirh9B+D9z/YOufDmDVZJfFGlzfZv7O1GHy5br/rlXy/8ePiF8YvB91J4Hg0OS21Cw/dwxXc372vXl4cV6WFjUjLc7c24og6ns+Q/VTwf+2Z8CPgb5Y+HHg62vryLyv+JjL/AKqX/rlXl/7Wn7XX/C5hqHirQ/DllbXGqalFJ5NpeRR/apYovK/1X/fqvyz8H/H7xxrHi3+w/FXiS5sbzyfLm0+7m/5a19ifsc+CYNfit/GXxb+xRaf53l+bqF5/qv8AprF/z1r6PhnhGhllf29SB+V53iq1WfKjx/WYfiP4q+JV5B448K6lLZ/8truL/WxVwcPwr8VWviKQX3iP7dpd/wCV+6lvIopa/Tj4/eMPgfpvha41zwdqtzc6pFptrHDd+T/yFPKl/ey/+QvKrxP4ZeD/AISftLaX4o0qfSrLTbfS9NijmtJpvKlll8ryopa/WMPj8FhowopfEz5WGBzKs5VuX3InwX428KeMfAeoR2Oh6rLc2dr+8mtLv91LXUeFbuDxHpdxBq8/l3l1+8vJrub91XWfEL4G+PvAel6h/wAJHpVzq8cWpRXOj65FN/qopf8All5tYdn4V0q8sP8Aj+ltv+Wk0V3D+9r09I1tDnxmU16tBSOE+I/hy80Y/wBuWslzZRyzfuf3XmRS1F4c8YT3ujW+lXtvHFeeTL5MsX/LWvTPG3hXwd4q+EHhvw54V8VXNtrlheXUepWnnebFdf8ATWKL/rlL5X/bKuL8H/D2+vLCOCCD7FH5P77zZv8AWy/89a76eJqTpnj4bBWqctY8/wBes4NY/tTXDpXlyXX/AB5xf88oq8w1LTbrR9Xktyp2y/6791X0/wDE7wSfDf7++/1cX/PL/nrXi/jyGxhik+w2EX73/lt9s/8AtVVjaCr4PnPZw1OFOtyxl7pn+G9TghurP9//AMtv9dLX05480fw5/wAKC8N+I9K8v7ZL5v2z/nr5tfG+P7N1mP8A1v8AropIa+hPCHjb/hMPh9/wjk48z7LN5kMVfjWeYWqq3Ovsnq4mnR9ieX+JIoLzzJ/I8qub/wBTLGK7TxJZ+TayeTB+7rk9Sg8mL/j3rxY1ZSQYKNGlCxoaDeQQ3XkQV6h4V16Ca1jsZ/3kleH2c00M3/TSvUPBMOYo5/8AyFVbGmJwvtonSa/4kvof9R+9q58MfG1lr1/ceB/Ec/lW9/8A6mX/AJ5S1X1jTf3X78Vw/wBqgs7/APfH95FNXXRxEo6nzv1PEUKvKdZ8QvDd94Tiksb+x82PzvMhl/561yZ1j+2NLkzBJL5Xlf63/W16xpvxI0P4neEdP8D+OBHFJa/u9N1b/lr/ANta4fxh8K9V8K3Uk8HlS+b/AKmaL/lrFX2OW5jGrh+WoXTxDg+Sqeb6leT3n+kW/wC98qo4tXvoZZPInlj/AO21bE2mmG1kXyP3n/Pasv8AsfyfM1afyv8AXf8ALKavSjV9nsejSxEZLkOg8N6Pb+KrCTSoJ4o7j97J5M37ryq5fWIfJuvIng/ef8sa1NN1j+x7qO+0qDyvK8r/AFtYesakbzWft08En73/AJa1lVqe1NqdKlHqZ/nf6ypIb7zopIJ6j8nyf3Oaj8n91X5UfVj4f9d+NS3lnPZzUabCfN5qxND50vn/APPWrh8R1+1o06JJo/nzS19KfsrzQTX/ANhng8z/AJ418/6bZ/uY4IP+21fTH7Iuj+drNn+4rkx2GhUozOCjj3SrfGanxg+CZ8KazJPPB5sf+sh8r/nlXn+s+CZ9StfI+w+VH/z2/wCeVfoZ8fvgnY/2Doeqzwfu7rR+JvJr5v17wrb3lheaHBBF+6/df6muDIMy9jW9nI9rMan1zDRnA+L/ABt4Pt4bH9//AKyvP9Y0KCGL/QZ/Mjir6g+IXwrsYYvPvv8AttXg/jXR9Ks5ZIIP3f8Azxr9OoOnWh7Q+Lq/umedw2c80tU5tNngl/1EvmV1lnDDZ2kn2j/lrWxZ+G4Ly1ksLGCKXzf9dL5P+qrFwivjMo4tQqnD2eg3F7+5gi/eVc0izn0K/wDPnsYpK9Y8E/Bm+1L/AEHSrGSSSX/pjXcaP+y7/YN19u8Yz/vP+gd/y1rOlhk63uHDjczp4V809ji/gb4I8Y+NtYt/7Kn+zW/+svNRl/5ZRV7x8RfH3wJ8J6Dp/hzSvB39t3trDF/aU2o3nlRX8v73/WxRf62vN9e8Varpv2jwd4b0L7D++/ff2fD/AK2uk+E37Lvjjx5qnn+I9KubbT5f+Yh/rJa6fZKlO8j5upU/tCr7Sb5V9mPUw5/j98RdS1+PVoND02S48ny7OKKz8uKwi/55RVn/APC8vjheeKf7KsdVuYpIpv8AllNX6Kf8O2fhh+zf8ONH8ca54Vkk1S/s/wDkI6t/x7WvmxfupfK/+O183/E7w18OPB1/JB9t+3Xks3l+VaQxReb/AMtf+eX7qvXpZPluY4f31v6HpYLFZhg6t6cZcpxfwf8A2kL7w34ot4PGPiqK5/5dry01Gb/WxV+sP/BPH9ky9+Md9dar4X0drOzWz8vWL94f3cUUsX+q/wCmstfl1r3wm1XRfEel654j8Gx2Wj38P2mz8mHzbm6/7+//ABqvuj9nr9sf47fDH4VR+B/hJrn9m6HfzRXP+iWf7391F/qpZa+N4h8NqOMp8+HtHl+R97lfF+Ko+695HsHxB0HQvhxrGsfs2+P4I4tHv5pY9HhtLzzIrWL/AK6V8J/t1f8ABLvVv7GkPgC/l1KSX/SYfJ/eRSxV7R8eP2itK8K/EvwXYat4jl1fS/FE3l3moTfvYrD/AFX7r/rr+9l/79V9OaP8QvB37Dfh/wD4Xh8RYMeG9es4tOhhmm8zzf3v73/nlXxWE4cxeUv3vhPtXmODxSjJfHL4kfgnqX7Jfj/wfqkdj4q0qWKP/ntFD+6lr6I/4J1/8EwfH/7S3xf0efQvDl9Y+H7W8/0zUbuH91L/ANcq/Uz4G+Jf2H/EkV54O+I3iPw3bW+qTRXOg6jN/wBdf3sX/kWKvfPjD8TvhL+x78O7j4lfA7xZYSXF1Lb20dtpd1F5X7qKWKT/AMi19Dh8R7PDXkZV8t58Ry4f4j6r+DXw48DfsrfAXTfh1oNvbabb6Xpv/kWvjnx78JNc/bj8Y+J/iB4j8eSPH4P077Nbw6O/lSeVL5vm+V/36jr5+/bC/bz/AG9f2k/gto0n7K3w91u5udUs/s2pW8Oj/afK83/l6k8r/llXefAXw38bv2R/2f8AwP8ADP4l6hc3PiD4iXl1/wAJLLL/AK2KWL/pr/0y/e16mFwlH6vGvJ+8ctHL69LEOPP77K/7UX7O3hzX/g9bweHNV8qzi8qy8H+PNPmljlsL/wD1X+ky/wCt8r/rrXi/xO8N+HPj9+y1p/w5+Knwr02y8ceErz7P4k8TTWflXUVrF/qpfN/6axV9+fG3Rvgh4J8C3fg/4m69Y23hvXtHsLLUpppvKiupftX+t/66+VL5vm/9Mq/KD9vn9oT4s/Gf4l3n7K37M3g7Un+LGs6xrOkzS+dFFF/Y2mXUv2X/AMlZf/IVfY5dVp4inaZy4vFQoyjzx55Hy18VPhJ4K174uXviPw7oNzqXgLRprWy1e8tD5lzF5sUUXm+b/wA8v3UtV/B/7Pfxw8LeKLPw58JPFVzq/hfXtSuvsflTfuovK/e3UUv/AC1tJYv+WsVN+FHjO78Mal8SfgxoHhia612ysYtF08TyXVxYX00pi+0wyc/u5JZIh5R8wd/TNd1pXxU8Y+FdZk0rwBfXN94k8W6l5c13q03l/wClRWsXmxeVFF/x9eVL+9/5ZS/upa+k+o0K2C/dP3v60ON+xq4hVHD3T6U+G9n4A+OXw51zSv8AhdPgnw34g8G3n2Kzh8Q+JIrH7fF/z1iil/e1wcPwx+HXhW0j8VWPxq0j+1IpvtuvRaTefaZf3Uv/ACy8r/0bXyX8Wf2QPGPijS7jxVpWqSx6xLNdf2laed+9sJYpZf3VzXhfw6f4geFvH8lpPrYk1CFvs95p93LL+9ir4zEYOthMVCtVkd8cdhfZTw1On8R+onjb9qjw54V1TS7HQ9EttX0eWaWy8SaH9j837fF5v+tr53/av8K3HgO6/wCFqaV5dto+qaldf2bD5372KKKXyvKli/5ZVn/AHWPiNr2l6h4d8HeHLn/iQ+brV54hlm/daDa/8tZf+eVan7YGvWOm6Xqnhy+gub7XLrzf7Ymlm8rzb+X/AJaxRf8ALKL/AFv7r/W/va+qyrEUsa5SjI4Mzw6wOCjzw97ocv8ADGz1W01S48VX0Efl6XZxXNnD/rIpf+WX/tWuw+Kl5Y/Ei1uPFXhWx/s39/F52nQ/8spf+ev/AFyrxvwH8SNC03Rv7K1zXPsP2/R5Y/8AS/8AlrFL/wDba6j4M6x4jmFnNBb+XHdTeXDd/wDLK1l83/Vf9Na9apClBRVOep+e1U/rkasoFjXviRpWpeDbix8R2Pm3n7q2hl8n/llFXyv4w8SGz8U3EFh5Ukcv7vya7n4m+NpPEmvXkFtBLZR2sXlwib/nr/y1rxK+M9prW6c/vK5M1x1ahg1BfEdFKiq2Ic+XlLl5qUE1/HPB/wAsv+WVdR8N/iRPo2s/uP3fm15/qU32ObyM/vP+W1SaPqX2O/jn/wCm1flmOxNetU/eHr/V4eyufVHg/wAHf8LCtZJ7Ge2i/wCe3m1HD+zTfa95kGh6rbS3H/LaKuT+EvxUg0KGO+sf+uf+uruPCnxgn0fXo9Vsf3X77/XRV42Dp11Xl/KfJY+ri6Nbmpnnfir4A+P9BuvPvtDl/df9Ma9U/Yz+Hvhv4qfFCP4ZeOPGMXhf7fDL5Oraj/x6xS/8svNrpLz4zf29f/2rqs/+kS/8tv8AnrXQaPrPhyaL+3P7DtrmP/ntFD+9r3KuW1K9D3Wepk3ENKnV9niYmf8AEj4G+I/Aeqah4H8VaT9m1Cw/5Y/89f8ArlXzv8SLOfTr+SeCCv0I+APjz4O/Fqws/BHxG1uW2s7Dzf7N1GWGKSWwl/5ZRS/89bX/AKZV4n+2P+zfqusTax8VPB+gxf2fLNLJeRafD+6i/wCuX/PKKvn4RxWEr8lU+0nhstzCg69Cd7fZ6nyPoHiSezlz59egab8QtVm0H+yoL7zbeWvM9S0GfR7+T9xLRN9vhit9WsZ/3f8Aq5oa9GjivZHyWY5TKr5HpnneHNStZPPg8uT/AJbVn6l4P0ryv9AvfNkrl9N137Z+4n/1lammal/ywFfR4bMj5Srh8ZhZmfqWm+TayQTwf9ca5+ezg83/AF8nmV2H2Oe9ikxcVh6no8FnL/qK9KliVVN8NiZf8vDL1LTZ+nkeZ5VRw2fnRfvq7S80Gx1LRv7V0Of/AK7RVjzaP+6/1Ffl1PE+1P1XGYCrhZWMuz03/wDXViGzt89a2IdH/wBFkHn8VH9jhhm/c1206h5FSdaroXNH03yZY4IIP/INfXH7E+jwf29H9vsfMji/55V8v+A7P7Zf+TOPKjr74/Yt+Eq3us6PYwQf6RLNF5Pk1y5hiVSw5yQwlapiEkfUH7Y3iPwb4b0zwn4A0q4/5g8Us3/XWvKv2bP2TPiD8ffiBqHhH4feHxqF2YpLzyifK8qMnAll/Guc/ai1++vP2grgQHzY7WHy/wDplXpf7MX7eN1+xnqd7448PW+nXN/f6bLbXkV/GRHL/qu4/wCuVfN5Tg61at7SB+h/U5YbLkn8Z8aftmfDjXPB/ijUPCp0qW21Swmltry0u4f9VLFXynqXw71zUov9O8uKTzv+W1fW/wC1n+1t8UvjB8UdX+I1zd2N7fa7qMtxqMF/psUkUkv/AFy/5Y1458H9S8AaB8QpNV+NPwkl1bR5dNuo/smk69Lbf6V5X7qXzf8AplLX6nk1GrOPLUPz7NYVFW5FKJ5PD8FNX1OL+2rHS5bm3i6yww12nwr8B6VZ3X26+niis4YfMm/ff62vef2mfjf8A/iZ+z/8M/Afwt/Z9/4RTxx4Thvrbxd4r09Yoo/EUXm/u/Njh/10n/TWWvmbXry+0z7R/wAT2Ly/+eXnV6SwcKv8Q8LE4TERp2U/e8j0zxX4qsfC1p/a3hz/AEG3l/1M0P8Ay1rDs/iEPGFrHon2K9ubjzv9d51U/B//AArLxf4M8QXHinXL621Cw0f7ToMOkw/8fV15trFFFL5v+qi8rzZaueCPG8/g/R7jSfCvhW2tri6h8ub/AJay/wDf2pqw+rrkpHgTwFaqv315SNj4V3t94I8UR33iSxjikim/fQ/62v0A/YV8efDnw3rN58RfGMFtc29rDLLDaXf7qKKL/wCO18D+A9H+2Sya5qs8dzeRfvPJm/1UX/TWvSPCviS+s/DkelWM/lR6zqX+mf8APXyovNll/wCuX/LL/v1WOGo1sX7jPdjgcLgnTnUPTP2ov2xvEesa9rFjDfRabo8X+kw2ks372L/nlXz/AA6xfePYreDwdDLqXiS6/wCPPTtP/e/upZf9bcy/9cq+d/2hPjBf+MPGOsXBvpfLutSl86L/ANFV3Xwv+LWu+FfDtn8M/wBmqzvNY8d68/8ApmsWkP721/dRf8e3/XL97+9r6Sg8PQw/s+sT2oVG6sHDaR6/Z/FDxBq3xDtPh3pdh/a13odnFba94hl83yorr/nlF5v+q/8ARtc98X/2kPEem+HLfQ76+02X+1JovttpFD5kv7r/AFv+qqD9nXwO2iao/wAM9W1a1l8Zx30d54kltNVFzLaxCX/j1x/q/N/d/vfK82Wrfxb/AGOfiN4P8ZXHjHSvhzcyfappfJh/55ReVF+9r6nLJQr4eMZ/aNa+Ue2q+0pfZPFfHP7V3izUPD03hOxHmWFnN5j/AGub97Hzj91J/wB+6/ZL9rD4vaJ+1v8A8G5Xhv4zWNnFc6p4chtbK8lhj/e/8+v7z/pr/qq/En4yfBceH9TuP7Fm/wCWP2m6iz+9EX/XOvur/gkX+1leeKv2f/Fn/BO3xeYraPxRDLe+FZrv/l1v4ov3VfLZ9lFVVeSS81+p0YWt7Kpvqfn/ABeP/i7rdjB8OIfG2px2ss32eDTPtcvljzZYu3/bKL8q+yfhRrfxU+F9uPE/j74IXEXgvw9fS6jqVpcR3Un2+X/WxRS/89f/ALVXyx4q8W618Jv2hLjX9Q0yD7TZ6zm8sJbOPy45Y5enlf561+qXhz/gr/8AsaXf7Mfhvwp8a7e2k1C602WO8tNP037TFYf8sv3sX/PXypf/ACFXzqweBhCdOcD6DD47H4ao6lD3u+p4T+z1/wAFdP2yfjj+2N4b1e88Qvp3hPS5Iv7I+HukR/YdHFrbf6qGWKL/AF3+s/5aV618K/j98Tf+EjvPB3xU8Y3scnhy8ute/sS7vP8AkF/ZZfNltK4DwP8A8Fafg94H1nzv2Yf2X/C2kx2v2qW88T+L2+3X1/LFFL/qo/3X+tiliil/dV8MftJ/tp/FH9oX4tX/AMVL28Sw1i70aXTtSudPH/H/ABGWWMf+QZRH/wBsqc/7OxOHjS+Hl/E2/tSthoTlJXnP8PQ/SP8A4Knf8FO/gz+0h8D7f4l+Crz7Pef2xpdzpukyzf8ALWKGWK6i/wCmv/LP/v7Xw344/bx+IPxYeLxtaaL/AGX461K01LTtW8QWEPlH7CbPT7a28qTOYpP9GlEp7+b2r5Z8jUdRvY9MU3Nx/wA+kVfcv7Jn7N/iTXrXQ7/4neMbH+x4rP7brGn3flf6BpcXlf8Ao3zYovK/6a135bhalWX8sEcGEl7WpeRnw/CXxL4T+HuueFdEtb7+3PEN5YacPKPmfb9UtbWXVJf+2sXl20X/AG9VqWPibT/D3xMi8FfD4XGpWs3iu5ttC1uaf97ayx2thdSyySf9OHmS/wDXWL/rlX0B41+NvhbR/BvwjgvNLtrGT/hYOveK9Tu4fK8qKW6sPKiiii/69ZbGX/trXzt4P+GXijQPh3b/AAW1Dw3c2fxE+I8dzpUekXh8q/jik+y/ZpZOP3VrHbW3my/89a+uoVqeGwvIviNMTTm6sZU/hOt1L4+eK9O+NWl6Ze22nS63fanqlt4xsopuL+KK/itZYf8Apl5UVrdS/wDb1XNfFf8AZ0g/al8efD2XQ/D0ei3l54btZfGF3aRfvJZZZZf/AEVFFJF+FecnQPEniT4yfED446efsuhaPqn9nx+JpYj5Rm/1Uksf/TWTyzL+Jr2DwJ8QvGHwl0bS76fXJdN1S61L7To+najD+9tYv3X+iyyy/wDXW5l/7a01gcNmNBRq/DqcEalWniXUPf8A4ZTaH4U0HXP+Cfk994f0TWNGvPM/4TGGb/j6li/5+Zf9V+6/79V8Y+KPjLqXgT4ga94O1SeLV/E+ranJbad4h0rWftMcUUsvlXMvmf8ALLpXqX7VHgPXvFXxz8QeMYJ47aS1hikmtNOm/wCPq18r/WxV8qXngbUfDfxb0jV57P55tSiuYZYv9VLF5v8A9rryaeS18tnzYeXuSPQzvNFisIoSj7x7npv7Lt9pv9qQeMdK/tfWLrypIbv7ZL5VhF/rf3vlf62WvQPhv4b+Jvg/4P6h4A8feFZbKO//ANN0GaaGKKKKWL/pr/39qT4D/tcw/so/Eq88A/E3Sra50e6+yyC01GHzIpf+mv8A21r2z42ftseB9S8LyeOLHwrpuv6fLD+/0m0hikii/wC/tergcNKnX56kT5/CV8I+X2kb/NWPlf4zan8OfG3jyPXPDfwWtrHw/rP/ACEpofN82K/l/wBb5tcv8Wv2JtDHwHk/aG+GXjGK50+11iLTtS0/zv3thLL/ANMv+eVdp4b+Kvwr/aK8bx6VpXgeXwdbyzeXNd2mpS3P2r/pl5Uv+qrgNd8ZfD7wP4q1T4VaZ4o1ePT9UmijvJdQm/5a/wDLLza7cywll7Sb92R3YpYL2N4fF5Hy1r376X/UfvIv9dWfDNXrnxa+Fdj4bjuILAS/uv8Alt/yyli/5615PeQ+TX5Rm2HeHxMos4sPU9rTsjc0HXp7P9/5/l11mjfEKD/j3nFebwzT58irEF4Yf9Sa83DHNicFRqnqkPxIvoZYz9o82Ouw0H4wX1n5YsZ/K/7bV4mdS/dxwEfu62NH1jyf3EH/AH9r28FiDx8Rkqqan058PfipZWd1/p8EcUkv+umh/wBbFX0B8Df2ip/B3iOOCe/tr7T5YfLmtLuHzIrqKvhvw3rE83l/Z/8AWRV3mg+NoIRHBPDL5n/oqujGYOjiqHvGWHlXy2vH2bPrz9pz9gPwB8TvhBJ+0z+zLrdlcxxTf8VV4Ih/4/tG/wCmv/XKvie88H2P2WTS54P3n/TKvpD9l39sbxx8JfHmn+MvCuqxR3lrN5c0V3D5sUsX/TWKvbPjZ+y78K/2wNLvPjV+yv8AYtA8cRebc+JPhvD+6iuovK/ey2P/ACy/7ZV+XYqpissxnJP3odH+jP0rA18FmlC0/dqH5l6lo39m3UY8+WrGj+JLGa6kgnMUX/TavXPiF8H/ACYpBqsH2a4i/dzfua8j1jwHPo9/IIP3nlTV9BgMS6p81jcuUK04SOo+Kngnxx8H9Z/4RX4jeHLnSdUl021vYdO1CH97La3UUV1ay/8AbWKWKWuPn8SwXkXmzn95FXaftOax4/8AG2veE/H/AIxnubm3l8E6XpOg+dN5n+i6ZaxWH/tt5v8A21rj9J+HeseIo5NS0290kJFD5mJtetYv/RstfSYZ4hacp4tTBYOP2i54b1i5026rrJtB87RpNVsYPMj/AOW3/TKuPs7OeC68+vYPg/NYT3VvY30HmW91D9mmr8zxmJWEnzH7PleFhj8POFb/ALdPK7z9zFiA1HZXnnR48mvSPip8Jb7wdqEkNvB5sf8Ayxm/6ZVzem+D5/Kj/ceVHXRSzih7HnPMqcMYiNblRY+Humz3msxwCCXzPOr9RP8AglrpV5oepav8TNemH9j+CtH/ALVlu/J/7ZRf+Ra+I/2dfhXBqV/9ugsf3n/Pbya/Rjx7olt+zf8AsF6f4BsV8vVPiNef2tr0X/PW1i/49Yv+/v72vn8bm/1+t7GB14bJKeElz1D5b+M3jyDxJ431TxHB5UUks0sl5NDXh/xH8eQQ6NJ5E/8Ay2/10tanxa14abFcW/n/ALuL/Xf9da8P8beKxNDHpX/PL/U1+i8OYeOHwPtDxs+x3tK3JTl8JX1j4hX32qTyJ6p6b8Qr68k/sqfypa5fWNS+2SyQQVX8Lf6Hf+f/AORa9+niorY+GrYarWq+0PoDwFDfa7FJDB5XmRQ/8taw/FXgn+2L+S/1XSvL/wCe1R+A9Sghuo/I/wBX/wCja6TXvGFlDF/o5/eS1l/aXsvjPNjDGU610Y/g/wAK6VZ3Un+g1oQ+A76G/uIIPNijl/5bQ1Ho93bwngf62uk1jxJ/YOg/YbH95JLXnYjMq1Wt+7PUpYb2tWNSpLlOH17xV/YMsfhzQ/3snnfvpv8AnrR/wuax00+fqk9tJbxWflw/uf8AVS1y/iSY6bdXEBn/ANIl/wAy15X8WtXuNKik04D/AJYxSTf9dZf3tfU5fGpRwUqxjmyo4utClTOI8VeILjVdZu5knk8uWaSSvff+Cev7O/iX47/FD+xH8b/8I34fks5bjxVq08v/ADC4v3sv7v8A5a9P+/vlV4V8L/A2sfEj4jaP4M0rSJr241XUoYYbWH/WS+ZJiv2L0P4TfsF/sK/sq65ofxA8f6be/EzxRoP9nf8ACPeHtSl+02H72LzYv9VWOXtuXtqh6mGws6koUYbo8r+Nnwe/4U9fxn4c+Hbb4eaH4ts4o9N+1wxXOsRWEUvlf2rcy/62WW6l/wCWUX/PKugvfh74H+JHw50++n8Y63FrF1Nf23hvVptYuvt32+1l/e+bFLF+9i8ryv3UXm15v8bPjl8LJvhzpfg6x8Aa3F4s8B3ktzeXfifUvMlii/deVa+V/wA8rXyv+Wv/AC182vdPjl8NrH4t/sbyfE/wd4wl1LxpoNna6tZ6TLZ/ZotL8r97L/o37ryv3UX/AJCr6rBVY1V7k+WR79OrQwFX3/eiv6ufAvxLh+Mni63v9Y8Y+BpdOtLDWIrK98QWln5X2W683/lr/wA8v9VXJeHbfxH8EvjTo982qR2Uz3kXk6rLeeX9lk83/WySV7xYfGLwd+174GuILfTIrLx5a6b5msafKf8ARdeliil8qWX/AJ63Xmy14v8AGPwAniPWdUltor6203RppbKGC7/eS2v/AF1lr6nFRjPLvaVPemj53M8PzYr29D4JHqH7SHwb+BP7R91P8QPgb8TYJfGf2OK91LSdQh+zR3UXlf8ALL/p6/6Zf+Ra+e/C/wACPGms6nJovibT7rTIYofMl1Ca0l8uKqXwr/aE+I3wZ8UR+I/A/iO5sriwm/c+TN5X+f8AVRV9hfs9/wDBTH4S61os/hf9pPwlY3Yu9dtbm8nksjHJLbRSwmWGPyv3WZPLk/1sVfnNTH0FiOZw/wAR1YCDVPllM5PxL/wTX+Nmq+KH+F3wd8M3HiC4tbO1uLOW1l8yWX9zF5sv/f3zf+2VeG/D39jL4mfETxv/AMIdpWk3MVxLDLLDF9jll83yv9bX75fsff8ABWT/AIJS3HjbUPHHhex0jw34gv8ATpdOhhu4fLlltf8Anl5sUX/TKKvNfi1+3t+wH8OLXxRrnwP+I/hvwteX80tzZ3dpoP73/nr9k/dVwYrHZbXxXMqfIejTwlapOCvzR+R8if8ABOb/AIIUeKNZlu/i7+1Z8RNL8DaHoNp9t8nVLPzJZf8A41Wd+0J+0J+zL8MbDWL7xj8K7mL7VpsttZ+GdE1L7FFdSxS+VYXX/LWWKKL/AFv+t/e12njD/goFqvjDwZqFl+z18Adb+Il5Yeb/AMJ54m077VJbWFr+6/7ZRf8ALX97X5pfG/XPEXxC8Qah4kTVpbnS47uT7LLM/ly+Xn915sf/AD0xVKrWT56c/cPWrTwmBw0oQ1m/w+Z7zZftUf2DdeG4L7StN8WyaXeSyabqH2P/AFUstpaxf6r/AJa+V/7Sr3efVPFfw0/Z+j+JEOtpqv7QfxQ8Rf8ACOw/abzzr60sPssUXlSf8+kvmyf8ta/OLT/iN4s0fVdMudFkkiOl/wDHnmL/AFdfQXwY1nxVpOn3fxU1nWhpu2GWPTZsS/apZf8Anlbf88v9ZJ5t1X0OErLGe7/L/keDhcXVjW98+gfD/wAXvBHgu10j4c634Ut4vCXwe8NC88b2dpZiSHUPE8vlRRxR8/vf3v2j/v1LWV+0fqGp+Jvgp4j1JDLJquhw2Gq587/Uy/av3sX/AIC+VXz/AKh8RNe3ah4S/s6S60/VLu207QrbUIseZ5U3mXN1z1l/1n72T/n6l/DpPDfxa1bwp8Kria4g+06h5N//AGP53+tv7+6/0WW6l/6ZRRfuov8AnrLXs5e4qlODkaYqrRde6PdPiH/a037Pvwf8R/YfsPiDRrOWPUpbSaWKWWw/dS2F1/368qvH9f8Ajn4B+Kfg/QvBPh3w5JZeJNM8SS3OpTXcMX7q18r/AJZS/wDXWWu08bftFfDLUvHsfwsg/wCPfwl9l0qzm/55eVF5UsX/AFy/dVw+geGfgTr37UlnqHg7T5bbR/Ol1HXDdzeX/osUXm/9svNli8r/ALa1vUl7Gn7sxYvE0MdOMIL3TsP26vgebP4EeEfiJfTGK/h0RfNmuf8AXXMUveT/AD/y1rgf2L/i98O/DnjrTdP8aRSHT00jUHvLUdDL9ll8o/8AXTza+0f+ClcsHx3/AOCY/hH4teGdHji8meK3voYfKj+yy/8APL/Vf9Mq/ML4GXeoReJ4IfD+iX01yZvs8xtZf9X5v7utaePpVcRS+zfR+tz4+eBdKM6aldXPpI+JPB0P9n+R4VtrKS1/028mhh8uX97L+6i/9q1l/tCfs96V4q8Zafqpn/eXVnFJeSw/vP8AW/6quP8AG13faP4y0vwrPBFLqEvled/pnmRRf9Mv+/Ve8f2wfEsUkGq30cWqXU0UX+l/8svN/wBb5v8A0y82Wvp8xWHxWE5IW90K1Oth8HGUD5/8baDqs/hLyNVsfNkih8v91Xh/irw5caPdSQTweVJ/rP31foBr37Md9N4c/wCEq/tXw3qUctn9pmitNY/e2v8A0yr5n+M3w8nvJv8AR4PM8qvyTiLDUW+b7RzYDF1nWhA+e/sc3/PEVYs4Z/8Aj28ivRNB+GN9qUv2GCxk8yX/AKY/6qrmsfB/VdGi/wBRXw31mFKXsz6vkkzzeLH/AGyq5BP+98gCtDUtBn03zIPI/wCW1U/J8mWuilVrGHsj0T4G+MLHw14y0++1yD7TZxTeXNaS1c+J2swQ+IpJ9D/d2/nfuf8ArlXm9nN5t15ArYh1ifzY/wB/J/zzr0vr1qJ5P1K+I5zuPhuNVm1SO4h/57eXX25+xxr1h4b1/T/H/iOC+l0+w83zorS8lilr5j+A3huDUxHBj95X1h4217w58JfhpZ+B7GeL+2LqHzNShr80z/H1atX2a6nt5bTlSftf5Tn/AIwal4H+JHii80PXG+xW8v73TdQis5fNi/66+V/raw/h9/wTa/aS+KeqSah4D+Fdz46s4f3pbwzZyyeb/wBsq8/8SfEieG/8j/ln537muo+Ff7d/xp/Z71T+1fhn4/vtEuIv+XvT7zy5anBVMdRh7p01cdDFymph8bPgP4/8E6XqkHxo8D3OkeJNLm8uHwbqGm/Zv7Gi/wCmUX/TWvi3x5b2Ntq8lmdOktsdfKm/1lfc3x+/4KBfGL9sW6t9V+NHiO21fVIofL/tb7HFHL5X/bKvl/4p+A/7Z1T7dceV5n/PaGvtMuzmrJezrHytfCUqNbnjMy9H8ia68ievWPg/psF5dR2Pkf8AkGvI9Nh/e+RXun7PXg++vNV+3H91/wAs5pvOr87zvm9j75+55VQ5aV1M+mPh78Df+F8eCLzQ9K8OS3uuWEPmQwxQ/wCqii/1vm15nN8AfOv5LeHSov3X+u86aKOKvpT4Y+KvEnwr+GmsWOha55UeqQxR3ktpNF/pUX/PL/nrXyv8QvEniT/hPJIYPNj82auCjhYYrCRVP4jjXFE8FjpUa3w/zH3P/wAE8/2D5PiL4u0zw/dG2EI/0maaL95FFFFR/wAFPNYvr745Xnw60X/Sbfw5DLZab5X/ACyiir1P/gjz8cfEvw5+Dfjj4p+KNJE1to2nRWUNzNN/x6/vf/av/tKvNf2loPhX8QvhzrHiqDxjLZeKLrWPL/s+0/e+bFL/AK2WWvV4Y4XrTzDnqHj5txJCrOVSn8CPzv8AiQZ4Zbzz5vN8r/nl/qq8D8SQ30xuNVt4PMr688Yfs6315oN5faJP5X2Wzlubz/nr5VeJ6x8N9K+3xwX2uR2McX7yaHyfKl/7a1+1TwlHBUPYqB8NjMwhWXtYHjej6PfXksnnwS10EPgPVvKjuPsMvlxf9Ma9c8BzfDnQbr9/5VzH5P8Aqbuus1L4keDpvDknhzQ9EsbbyppZIZf+WssX/PLza8CUXCp8B59POKbh+8908H0b+1YZZLH7P5X7mtSz03Vbu7t/IsfN/fV6JpugwQyyarY2MXl/8toq7DwHo+h6nqH/ACCvKj/541zSvU+wc9XNsJTl7s7nB2fhW+/sb+27i38ryof3NcPr3iSeGG4+0Tfu/wDljDX2R+0t+054P8efst+C/wBnrwr8LLLTdQ8OXl1cza3DDF9puvN/5ZV+f/jvR9Vm8RyQ/bf3dellmCVWX7yBvLMcJa/PzaFjUfEulfvIPI/67TSzVxHxc0+0vdOn8b2N95kdzN5Yi8msvxlrl/o5kiaY75f9URXf2umi7/Zh0v4R+G/D0upeOPHHj2KSCKCLzJYrG1tP9V/21lvv/JWvps1lRoYWNCmGEoyq1Y1omJ+w18TbH4KfH3w/8W9V8Nf2uml6rE0dgZvL841+pf7FvwZ/Zs+P2s+JPjT8HdK/t/4sf2l9t03Q7u8l8rRv+mv+lxfvf3v/AC1r5E/ZG/4J0/HjwxrOq+JPiB8MdStrjwno8l7DaXdn/rLqQfuv3X/LWv2n/wCCYX7Cs/7EX7Itn4q16wjufHnjKH7brGoajD5Uv/PXyv8Arl5X/LKsaP1TD4eFN+9Nn02G56UJ1NYv8z8P/wDgopr2h6D8UNYn8H65fSeKLW8ltvEk3k+VaxSyy/8ALKt/9lH9oX4p/BP4I3niXxZ4O1fW7jX/ABV/Z2qXN3dy/vLD7L+98z/trLUH7Z1/o2vftMeLPjD4m8MS3On+I9XlvbOFf+gpFL/qv+2sssdeifsRfGDxV428Pa58FvjDfX2k6d+6km1G00GW5trWKWX/AFUtzF+9ir1Kaw9DEOo/smODi8dLknLozD/aa+BWkQTeFPH/AIC8PSeG/El5rEv2LUdPh837V5UX+qkii/debF/0yrk/jl+zf4j+MHw0vPjH8MvDn+h2s3l+JJvOijliuooopZf3X/bWKvrTxV8B/hlDqnh/wPB8RfG3xN0/7Z5mm+GNJhi+1aXf/wDLKWKWX/ll/wBsq7D9tL4e+Mbzwbb6V8Mtcitrfx5o8sesad4hhii1OL7L5sv+k+V+683yvN/6a/uq6MTnmEqx9m2evhctnDCyhHc/DzxDBNp2qSqW8zyv3ctRR/bQnnTWeRL0r9D9b/4JufDfxjpur6BpgbQvFGn6DFctKG8y2upf/avm/vf9V5VeJeKP2bdD+Bfhe/8ACPjHxTpcmsXV19o84D/VRf8ATOvj8Vg4JSq+09081YTFSreyjDU8G8I/Dvxfqgu9T0SHP9n2/mS+VN7+XUum+DPEPia8fTtMjluXhby/Mh/eeV/36r6H8Ifs2Q/Cjw/Z+LvHfiO9/sfWJootetLRP+XXzYpfKj82ug8dfGe1034Z634O/Z8+Fv8AZHw+uryX+x7u7sorq+ll/wCvn/Wxf9sq8d0lWw3NA9zDYCrRxEKVT5njnwM8XePfB/ifS7LwprjwXHhzWP7WshfTf6LFdReV+9lim/df8sq+wtR+H/wr/wCCg3w51DVPFfw58N+E/i5FqUUn/Cb6JN9m0y/i/eyy/aYvK/4+pfK/1sVfJOgeEfjR4lt3fSPCEmgWUsP/ABML64s/Mkuv+/1fRXwU/Z8/a98N+DdPh+HHhWXV9c8eal5mmw6jD+9ltYopf9K82X91FFL5v/kKvYyrBKpGDxM3GBWNUaDmow5rG5B/wTH8OeG9Us9Vn8VWWpXEtnFHNDaTeXFL+6/1vm/8sq4f42fs6nwrrOl6HP4q02LT7Wa1k1K0/wBZ5tr5v/PL/v1+6rxX42ftW/tF23jS80HxFqcuk39gfs1zHaTf88/3X7quKsvE3xG8SxZ1C8ubezv5Y/Ov5v3kknlV+m4V8P4aPuNyPjlLFupaJ6x4On+FniO48MQeMNX1IahrN3L54hP+tllm+yxS/wDTL91FJ/39rzfxz4yvvA3xlOl61pUXl6BefZocxeZ5sUUXlRf+QvKr2XwL/wAE+/HPxj+DVt8TPA13rNvGdVutP0sarF/o119miil83/pj/rf+mteG/FvwZ8XPsN5f+N/Ahe4sZvKvNae3l8weX6nPl/pWGa1qH1X2mFj7y+45o1XLEONSXvHnmr+LdU1TWrvWjcyJcXM3mSyirXhTxL4rs9fjl0K8u5r24ljjMVu0nmXPI/d8V2f7Nv7HPx1/as8ZQeC/hH4Hur5m+ea+aLy7aGL/AJ6SSdq/U39hT/gmh+yN+x5pVv8AGz47eObLx74xtrTzbPw3of7yK1m9fM8qvz+WIxtSrzzlynX7SMHyU43keWab4k8cQ/8ABP8A1j4E31j/AMTjVJormHT/APW3MUXlS/8ALL/rrX59eEPCHjjVLSSfQ9ZubKT7RF5MSzSx/wDLXyvNr9XfjBqXwB8e/Eu88VfA/wAOa/4J8WS6bLp02of2x5sUUX/PWL91F5UteL/FT9iD/hRngiTwp8VPMtpL/R/7W03UbSby5dei83zYvK/6a+bLWeDzLF4qtJT93k/E9ieWwpRgn8Uz5703XoNNv9H+HOlCLUvK/wCQxq3k/vf+mtZfxs+Leq+A9ekn0OeW2t/7Y8uz/c/62KL/ADFXeeD/AAf4x+Eug3H/AAlWlf8ACN29/DLHpvlab9pur/zf8/62uD8VfBm+0eSz8D6tPFqWsXVn9phm/wBZ9li83/Vf9Mpf3X/kWvrMDm86qlTp31KzLKfqWB/e9CneftRQQ6pHPYTxyx+TF/0z/wCWVamj+PPDnjGGPyL795XmOqfs0+PodSkhg8N3pk/1kMUMPm03wf4P1TR/LnnvvLj/AOW376vFzahi8VvE+IdXCRlzQkfdH7E/7K8/xs+I1n4W8HaV/aV5rP7uG0i/9G19Aft4f8Er779m/wAGx6rfT2Nzb3X/AC1tP+ev/PKvjf8AYu/a5+J37Pfj238VeAvEf9m3EX7uG7i/1tfYHxZ/4KAePf2m/Df9g/EbW/7RuJYf3F3L+6/e1+PZvkucUMX7aGx9bkeb5ZVn7CpUPzP+KngODTb+4gMH7yL/AF1eT6naeTL96vqD4/eCb6zv7g3EEsX/AC0mr578SaP9jupP3FevgMbKVHlkenmGXSjPmpbHN2X+tP1rY0Gz86/jgnqOHTfJi8/yP9bXUfD3QZ7u/jggg/eS121a3s6J5VCh7at7M+jP2Y7yx0Kw/wCE/wBc/wCPfS//ACLLWf8AEj4tT+KtZuNcvvL8z/ntXN+MfEkGg6Db+FdKn/dxf67/AK615n4k8VT/AGr7Pb/6uvmI4KrWxXtah25hOlRpexpnSeJPGE+ZJ/Prk9S8ST3ksY8+s/UvEomh8j9Kz5rzzv8AUfuq9qlSPDpYY6DTfEk9nL5EE9d54V1iDXovI1a+/d/9Nq8n0yb/AJ4V1nhvWfscXkXH+rrP2aOXE4Yj+1izuo7iD/V17J8E/GGrebb2ME/lW/k1h6D+zf4jvbCS+MFz9n/6aw16Z4P+APiPQdL0/wAVa5fW2iaHLefZv7c1GGWWKL/rrFaRSy/+Qq8jNsBWxEPZwP1bLcdStZP3T0T/AISqCG18jz/3cv8Azyr2D4ffs66V8WvAf/CwNK8R21zJYTfZtY06WaKK+tf+2X/PKvP7Pwd4Asrr+w9DntvFNvLNF9jl8m//AHv/AD1li82KKWL/AL9V9+fsFfspJ4t8QWdrd2PlW19DFb3n7n/WxeV/8ar5WeHxODqRhD4jxsywNCtW55GX4P8ADlj4D/Y38J/CSHzbbVPiDr114j1K0ih/exaNa/6LF5v/ADyr5b+JGpf8Vv8A2V4V8r7PFD/pnkw/6qv0K/ae8HeFvAXxX8YT6Po1zeXOveG4vDum28P/AC6xRReVFFFF/wA8vNr80f2nNeg+DNrqngDQ9V+065L5UepfZJv9bLL/AMsvN/6ZV+jcNYmsqkEzmrZZg6dD2k5e6eT/ABg+M3/CE3V59h1yW2uPJ8vzopv3tfJ/7RP7UOufEnxVeeI9c1WS51T91HNdzTfvZfKroP2lvEljoMUmlWOqy3N5L/x+Ted5vlf9Mq+Z7wfbLmScT19/mNSj/EjP3j5O1Ov7sIWidZpvxI1z+1PP8+Ty69I8K/EGf7LG08Ecn/bavB4ZriHoa1LPWL6ztPO8+vDw+K9tW/eHn4vLaVamfRk3xOnhtbeCxn8qtzw38Ydchl+zzz/vJa+e9B8VedHbwTzf9dq7j+2NK03S4/IvvtNxL/rvJ/1VdH/Lk+axOUtT+E9g034qW81rcW+uWP2mT/Vw3cVeb+O9TggmvNV1X/j4x+5i8nzP+/tSeCdSn1KKO+g/ex16Ro/7K/xc+IOl299B8Ob65s5Zv9dND+6qqeYUsM7SdjpwGQ4urPmjA+aNNs7TXdZk1XXYvm3fuLP/AJ61+jH/AAQ8/Zf174nftO6X8eJ9Jikt9BtPsWj/AGy28yPzZf8Alr5f+f8AlrVb9m//AIJb3Xxy8WWfi7xzZy6b4P8ADlnFHqeq/uv9K8r/AFtrH/zy/e1+y/8AwTP/AGVfCngC4/4SHQ/Dttpuh6ZD/wAS3TvJ/wC/UtZ4/OKE6fLR97vI+6y3A1sNG9aPL5HtfxNvvhr8AvCNov8AwiWlx+I/EksVnDcf2bFHLc3X/PWSvGv+Cz+r6MP+Cb3jCztdV+zaxYWlr/Y80X/LWX91/wDHa+ff+Cgf7THi7xr+2z4e0D4XWDa//YMMsc3kz/6NF/2y/wCetfNn/BSz9sDxVB8JbPwr4r1yW5jurOK5mtJZvM/0r/nl/wCiqvI8DVx8vaqfw+8fS43BU8LhadSpLWZ8Z/BnxV8JJtV0Pw5+01Bcx/8AH1c6lq1ppvmfYJZfK8qWX/yLWp8QvgP4/wDjD43/AOEx8D/GKTW/A9rDF9j0mab7FFL5X/LL7N/zyrH+MGg33xautDg0qxuf+Ebl/dzQ2n/P1/y1i82vsT9lH9iz4jfEPwvHP/wjmiabZxTebZy3f7uL/Vf89a4sxzVQxl4z/wCDYjL8CoJ1FA4v9leHxHZxa5P8MddufBOsS6b5dnaafNLbeb/0yi/5ZV5X+x/4v/a9/Z1/a01jxj8W/hlqXiTT/EcN/bTXfiGaL/lr/wAtYpZf9VX6geA/+CcvhTUvDn9k+P8A4q+Eo5ItNik/tG01KL7Tay/8sq8f/aE/ZMvtA1S41zQ/Eltq2qeT/wAhDyfN/df8svKrzMdm8MTK8VyjwCxix6hU+A4/4Y/Ej4LfDbVZPHOq3Hhbxtb3X/IyeHvtnm33leV/n/VVxf7XWj/8Emv+FdWfx2+HngvxRq2uapD5l54TtLz91Yf9/f3Vc/4P/ZX8OaP4zt/jF8R/hXqUen2t59ivLTUZvKiuvN/65eVX1HoPw2/Z+/4Zfj+F2p/DXRL7xx4XF1e6Pr13psWmy+V5X7qKX/lrd1zUMRiKlOUZu59TW+q4fGQdNH5JeNvjjrHgT4gapF4q+FOoSeC/GWnfZrPR9W1DzZIh/qopYpfK/dV9BfDHwf4x/Y58G+C7H47+DvAmt+D/ABlD9th8T6Hr32n7LFL+9i83/nl/2y/55V6x4w0z9jrx5LeWPjiDxJbXH7qP7XDDFJaxXX/LXyq2/B/wB/Y38bfD6/8ABHjX4weFo7O1SW40fRNY82L7T+682Ly/3VbYWtTw69+e3Q7a+Dq4iv7akfLfxk/av+GnwW/aKk8U+HPhPpXxM8J/aorjTYdPmmtrb/rl5vm+b/5Cir9Ff2Hf+C6X/BP2PwLo3hf9qPwLaeEPHF1pvlXkX9hSyWP7391FFFL/ANcvK82vj/4B/BH9iOQ+JIdN8H63ouoXU0seg2kV5FcxX/lf6r/VV0Gj/A39jvxH4tj/AOFxT6bbaho00Vtefa4Zf3UUX/LLyvKr6BYhV4R5neH3HhZjl1eLkqj1PP8A9uj9hjUrb4PQ/HzxP+zsmh6/4v12IeHbPQtTivbCxhlMpiEssUssRl8sA/uvT/W0f8E94fCtl4Xkt/ip+xL9q8SWH+u8T63Z/aYv+mX+jf6r/trX6AeA/En/AATu+DOnx2Pwy1Wx1fS9Uhlk1jSfOitraKXyvN82L91Xm/iX/gqV+zz8Mb+3sfBfwy0S+83915M1nLL/AOQq9LL87wuFr3n70f5T4/HZfXhFU6cH732jwv4/6P8Atifti6/p/gDwbPe+APAejf6Fpun/AGz7FFaxf8tfNii/1X+t/wBbL5VfQng//gn3/wAE/Yf2brzSv2hfiNbalrFheeXptp4e16K5lv8AyoopfNr47+OX/BUbXvHmv3HhWw8VW2if62Oa0h1KX/0V5v8A6Nr3D9gj4G6V8ctZt/Efxp8f6lF4PihijvLT915uqSy/6qL91+9i83/nlXDnOfYvEQ/ce5C/Q4sFgp+1/ew96J9Uf8E87f4Ofs+eEvEH/CpfgrHfeE7XR5bL7XrZii/0WXyv3Xm+V+982vE/2qfFP7Nmmy/8Ip4O8RxaJJdQ+beWnh7zfs1r5v8Ayyll8qWv0M+Kn7N/gfwt8B9P+HFjqtt4W0/yf9VNN/qv+eUUstfCf7S37JfwW1nWf+EO+GXxb0S58QWtn9tmiu7zzYpf+uX/AE1rPL62HrVYzxEz2cFhnWnJwp6n5v8Axy+P2hab49s/g78K4I7mSXUoo7y78n/pr+9r0j4hftaeI/jxN4H8HeOPEdj/AGH8L7y6lm1a7s4vNitfKl/dS+b/ANcq4f4nfB+++GPx4t7/AOI2hy2WoSwy2UMvk+ZFFLL/AMvX/bKvk7X/AB740t/FWsfAvWXitbHWdel/tGeKH97NFx5X73/nl+7/APIstfZYzDYShg/aL7fw/oeTWzDExzH3/sH1L+xt/wAFHfDXwf8A2ipPFep6Db+LLLWfDsumyw65ZRfZrCXzf3Uvl/8APL/GvbJv2UfhZ4qurP4qfDP9oXw3ex6pNLqPiTT9O0GW2tdG/e+b9lill8rzf+2UVfnh4I+E174f+M3/AAj8ME8kMUsfk+S/7yUf9dK+l/iH8Q/GPgm10f4c2VjbRW/9mxedp/8Ay1i/66/vax4ey2d5VJy5T1c7zp1cvi6q+L8j2D4wf8FIPhz8JfCUnwy+EfwQ8N23m/u9S1DUP9Nubr/pl5tfnhrms634o8WyamNL8o6neS3M0UX7uL97/wA8q+h/iRD/AMJvoNn9h0O2kt4v3c0NpD5UsVcfZ/B/ztejv4IJZfK/57f8sq1zas1+7gfldbN8HGm4WjEr/DnQ4bSL/SdKl+0RfvJv31e2fD3yIrH+1D5kccv/AJClrh/G/hr/AIQn7PpX+r8qGLzpf+mtSeG/Hn+if2Tj/WzV8XmuL9lS5ZHyeWuvjMy5qZ7Z8YPh7P48+HP/AAlUEEf+iwxR/ua+Y/G3wZvsSTz6V5XlV+pH7HP7Mf8Awub9ni81y+g/d2Gm/wCt/wCmv7qvM/2qP2ddD0HRrfQ9Dsov3UPmTS/89Za/nPFcdLBcSywR/ePB3DGWZ9wtG7/exj+h+X954Vn02/8AI+z13Hg/R/8AhDtB/wCEjvoPKuJf3dnXrH/Ch/7S16S+ng/d2sP76avN/jZeQS3/ANigHl29rD5flV+o4DMv7RgrH5xnOSRyWu2ef+JPEk83mTk1x95qc80vFaGvTed5kHkfu6x7z9x/qK9g+BrfvKntAmm/e1Xhmn8r9/UkNn50sdSalCYf3FaG1L3EEM1bmm6l51c3NNVzS5vJrM4qtM/dT9hb9qLwd8M/GMdj/wAKt8Ja3Zy2f2aa01uz/wBV/wBcpZa9T+Kv7O3wJ/aF1FXi+HKeH9MuZf3VloGvCS2tvM7x44irM/Yo/wCCcdt8UfEsCa14tsIbaEZn+y/vP+2UctfYl7+yB8GvgDIuvfErxNq2v6fa/u9G06I+X5MXpJ+95irsxOaZb7T2lMjK8BmOFpezqv3jgv2Z/wDgkz8P/AukGDRF8vzf3kGoXc/2mW2r60+Df7NnhL4IW8k/h24klnmh8uWa7rzDwJ+1PY+EIrPSv+EcttN0P/VwxedXb+If2o/CM+mXEPhGf7TdWtjLczS4/dWsX/TWvm5Y/A4zENfaPoJ4XMouMJvc8U/bX8C+E9eu7jw78LLuCPxvf+b53nXn/LL/AJa/9cq/Fv8Abk+GOleCfFNn8OYPGNlbaxqmpf6ZN/aUXlWv/XzL/wAsq+uP+CgX7eHiP4b/ABLuNch0Py5NUs5fsetwzf8APX91+6r8h/jB8Tr7WNe1T/W3Mn2zzIZdRm/ey19dkGSYvEfvkuWB7eYf2dgcHClUnzSfxeRx/wAYPAY03X9Q8K319Yy6hazeXNNp15Fc20v/AG1iryvXvCuq+G/9fY+X/wBsa9MtPGGlalf/AOkeHIraT/lt5U3/AMdqPxvZ6VqVp58E/wDqv+WMtfQYnA89X2Z+cYipUp4n938B5H/yyqLzfeWup1HR7H7L5B/dSf8APWsO406ziaNoIK5Z4NUfslU8RzmppEGlQ/uZoZfMl/1PlTV7p+xz+yv8Yf21fjVZ/B74S6XLqV5L/rv3P/HrF/z1rx/4V+A9c+J3jLS/A3g6x83UNUvIrazr+kX/AIJZ/scfDb/gm/8As3f2vpsulyeOPElhJc6lq04/0iKL/wBpRV4+Z5xSy2ie3lPD9fMKylbmucT+z9/wSJ/Zt/4J4+GdL8Q+PW0/4h/FO/eMQ22sSGLTNG8z/lr9mi/10v8A11r6D1Dwh8MDqFh/bEo15LqHjTrO1iP/AKK/1UVfOPjv9u/4F+PPj5b6T4c+IsWt+ILqHyru787zfsFfUv7NfgG6sPhLbeP/AIh6h9k8IeGbC6+3eWf3mvSxeV/pcn/TL93L+6r89rYmrnFTm57H67Lhyhw1ldOtV1c/6siDQ/2el8M3FxD42k0rQ/C9rN9th0m2cyRf9dZa9a8Q/H74Tfs+/sl618RJNW8uz/s+WS1tJof3vmy/uoovKr4//wCCin7V3g688LeH9D8D+Ko7Kzl+y3N5p0s372KLzaseA9S/4aE0vw38QPiZpN9Lo9/5v/CH+HpYf3uqS/uv9K8r/nlX0uTRUv3L2Pk8zwcako16nu+Rw/7FHhvVfjlqmsa58VPCt9pFxqmpf2jZ6tF/rf8AplFLX5//APBcKCy+H37RkHhXVb7/AEi/1jzYbS0vJfK+yxV+yHiTwXb/AAx029+Iv9ifYbew0eWSG7hm/wBb/wBMpf8AllX88n/BVv45eIfjN+0nrg1W6l/tLRrTyoWm/wBZ/wBNa/UcBSp5Zgqk6fw8tvvPneIMfRzB06VL7ByU37Y3jez+KuoWPg7xl/Zul6pqX2n91ZxS+VLXUfCv9tX4reG/G0kWreN9X1K4l/1M13N5v/kKvm34PaBP4j8SR6P+88ySb/Www+bJX2tZ/s9+DofBtnfeDvK/4Si1m8v7JL/x9Sy/9cq+Pp5ZQxk3P4TXKs5q0a3s5eh6p8N/2/PjEbX7DrlxcyR383l3lpN+7llir7A/Z7/b8+Knw98JXmvTjTbnT4poo7PTtQ/06+uv/jVfEfxs8beKtY+HPg/wd4/+B8dl4osJpbaaWHTYrGK6tfK/df6ryv3tfQH7Iv7NXiqz0GPxVrljfXN5dfvIdJ07/SZf8/8AXWuKOQyqYjm+yfc4vH5bScFLfl8tfuPqD4M/tCQalr1xrn7Qulab/Z9/qX2nTdE/dSSxRRfvfNll/wD3tZf7dPgP4XfELx5H8Tfh18RNA/sO6s/MvNPl1KKOWwl/5a/63/W14v4l8YeI/hX8X9H8D658ObmKT/WQ3ct5LJF5v73/ANFRS+b/AN+q+L/jB8VPjh42/wCEw8D/AG6502O6m/1MP+ti/wCWvlf9cqvG5bGlWj7KfQ8rLsXShXnXkj7k+M37Df7Hfxy+F9vfQfHeyto/scX/ABKZtStf9Fl/df8ATWvljxP/AMEyfAHgrULfSx8W9I1uO6mij02G61fH+tl8r97JDL+6/dV8r6T8H/2gfGF/Jq1r40v7bUIvK/c3d9L/AKV/1yr3fVPhX448N/DWz0r40/HbQ7a4im+0zCbWIvNl/wBV+6lirkw+UrE1/jPew2Z1MLSlVlD3GfUnwH+D/wCzn8LNUvPA8+uf2beWtnF/xNtJ8YSxeb/0yi8qLza87+M37EP/AAuCwvNV/Z68OatL9l1KX/hJNb06zupYovNl/wBbLL/rZZa8Hh+JPhzTbSTwP+zn8aZb7XNU/d3kNpDLbW3/AJCi/wCmVe2eCfjB8Rvh74Ij8YeAPGN9c6xoOmy+TDNeSxebdeV+9li/e/62vpK2XYfD4aKhU948PEZjVxVTvEw/Cv7K+lTaDJ4c+JviOX7PF/o1n4n0+G6ktpf3X/PWLzZaz4fhjY+CYv8AhAILf+yY5Zv3Oofvbm5v/wDrl/zyr6Y+Bnw31yb4aXmlX37RkuiR+KLy1uNSh1Hw3FLay+b/AM9f+WtWPjz+yj8OPgZ4puNc+H/xN8LS6HL+8/4SfW9Yii/df9covK82vl6sqOFq2lLmZz18ZicTViqdPSCPgf8AaV/Yn0P/AITLS9csr6Sxjupv31pNBL9quq+/P+CZnwZsfg/pdn8cPH+kfaf7Gh8vwf4e86LyrX/nrqFzLLXyX4q+NnjHxV8R9Q8R3HjLwtreh6XZy22m6jp1n9mi/dRf62L/AJa/9tZa9Q+Ff7dXir4tfDmP4O2Pgfy7fxRo8ttqWoaf/wAwuwtYvN/dRf8AXL/Wy17uW5e8XT56h4+Kx8aGI5est/I+3Pj9/wAFMvDfjbRrODxV4jtra3/tL7N5Np+8il/z/wBtf+uteZ/tgfBL4ZfELwbJ8TvCt/F4f8UX80X9m6Tafu5bqL/VRf8ALWvzj+A/iXxr8U/Fi+I/FF75mh+EtR+xaHp8R/dS3X+t/ey//uv+WVfeGv8AwN8f6D+z5Z/FTxVrupXNxLqX22HVrv8A1ul2vlfuvKr7TLuH8vxlLl+Fl4bMYYDGe2+x+Z4v+0t8VL7Qfhp4X/4TKC51K3utNl0nXvDGrWcXmxfvYv3ttLX5nfH6Xwh4Z/aOu7rwXfXsuj219bvZy3f+t8oAV94/tyftF+IviR8L5NV8b/D+P/iQ6la232vyfs0vlSxRf6V/39r8zPFWqy6n4iur6X/lpNLW2fypYHL6dH7UWfM5hUhjMzlWp/BM+5/Cvxm8OaD8NPCfj/8Asqxkk0Hxh9i1jyof9bay+VLF/wC1aPjx8Z9D8SeDNQg0Pw5FF4g0HXvs15qEP737VYS/6qvlv4Y/FyW08E6t8NtT0yOWz1aSI+aR/qZcxjzf0rsJfijonhLWdUsfDn/E2/tS3ispru7/AHnlf5/5608DiadXC3jMjH+yrYSNKX2T6A+GF54A03w5b65ff2vLJLD/AKn91H5Uv/PKvWPgP4b8Oax4y/06xikt4v3nk+d+9r5r8H6jqt5F/ZP/AC0im8zyfOi82vpT9m+z1WHxRHPPY+V5X+uhmm/1teZmPttz8Uz7BJYyPIYf7Wnwrn0jXpND1WCLzP8AljNFN5teP+Ffh7ff8Jjp+lQL+8/1n+pr60+M3hCfUtej86D/AEeWH/Ww1H8Gfhjof/CW29x4jsYv3v7uGvzLiTHVY4Zs+y4ZwjhXpxjA+6P2S7af4Yf8E9b/AFeyhl+03XiGWwmHt5UUteNfEbVZdZtpZ7uGOO4uYvs0MXk/6qKvv74A/s/aL45/ZO1b4XaTqERupryO9tZf+eMnkxR5/OKSvlrSf2UfFd18SX8LeI7aSy8u82K0n/LKWKv5ZzfJsVSzuOYy+GX9WP7L8Pc8y7AZRWwstKq281Y+O/jL8PLHwT8PryCCDypJZv303/PWvgf4wTQG/uB5H+qm8uv1Y/4KaeCbHwHL/YelT/u4rOvyb+LV5/xObiCCD9351ftnCmYKpQ5UfnHFf1vETdWf2jz/AFL99FJWHNN5tbmsTN5fkVhz9q+7pVT839kWNNhhhv47if8A1f8Ay2qvr15Y3mqXE1jB5UfnfuYv+eUVU/7S/dSVTtJfO/66V0HZ/wAuSxVizm71HRDDQcvspn7UfBv9uG8+HWrWd3oHikW08V55kXl/8sq/QX4cft5/DX4vfDOPwZrfiaKfXLqG8H2ub/WWssUUUsf/AJFr+fqz8bX1nrMcH/LSvePhZ8fp/Co0ucX0vlyzeZNNN/yy/wCmUX/frza+JzHC1KP8I/SMDhsHipwU+590ePP2o/EnirxPJpOqwf6qbzJruavO/Hn7eGrfB/8AZ48YarPffvPEdnLoumywzfvZYv8AlrLXB+JfG0HxOtdPvrCx/wCJxFN9m1Lyv+WsVfPf/BQ39z4p0v4cwXEsVvoNnFH9klm/dRXUv72WufhXA1cZnkf5ftH0nE0coyvI5VN6n2Twf4g/tOeONZlk8K308d7H5P8AocV3/wAsqseMPg/4y1fwlZ3+ueDrnTftUP2nR7v/AFkV/F/0yl/6ZV4/8VLPVfDfiiPVbGeSTzf3lWbX49eLLXVNPnv/ABTqUkdhCfsYlvZf3Xmf88q/pvBVlg8L7JfCfzdjq1fF1PaQnzNia14VnzJOYP3kX+pmrn9S0HxJ5Uf2j/lr/wA9a+iPCHjD4c/Ej4c3nhyfwdF/bEt55v8Abnnf8svK/wBVXJ6l4J/seX7PPD+7lqqdWhNXnH3jGhjVhvcqyPE5poJopNJvv3clcneQTw3X7j975v8Azxr2jWfhvBDrMf26D93L/wAtq9a/YB/Yu8A/tS/tkaJ8IfEfi6PStHl0e61G8uXh83dFFF/yyr5LN6tahSnVPpcjwdPMcX7OP2j3H/g3y/Y0h+IfxI1n9oH4o2X2Lw/4X0d7wX11H/36ij/nX0V/wVB/4KWfDafwDefCv4A+OH/4S7WR/YMNpDDzFbS/uq9q/YA/Zu8D/HTwV8Z/2TPgN4x1LRNP0LVvJS7u5/tMssUsXlRf9svNtq/LG++AnxB/ZV/4KV+AdB/aL8KyxWcHxNiiP2v959q8qYR//Gq/MK2GrZvio1anwo/X4YnB8K4WWHh79R/hdfmfpn/wTw/4Ihp8PvAmifEj4p3r20CQ/wBo65qE4/0i5/6ZR/8APKKv0O0Dw5pvxb+B2n6P4k0a4sPC8Vw403RLYeVJdW0eYovtP/TL/wCtXqXx61TSbf8AZ51bUPDyQx293on7jZ/qxHKv/wBsrxH40/FrUbv9hbxde/C27SPWdC8JzGGKH/WWz+VXj4utSwmYfVaS96SucbzPMc+w8J1dKcJKK/u+fqz8J/8Agv7+0Nb+D/23bTw9+zd4ylsbPQdHjspfsU24C6yfM/eflX6O/wDBCyw+LPij4BeI/wBuT9oy/wBVudZutHtdF8K3fiaaWWURRf62WLzf+ev7r/v1X5mfEP8A4J9eP/iz+014G0/4qWslpoHiDwLJ4rsr2af97qo83MsPmf8APU8V+sH7O37OP7RXg/4ZeF/ix8YvEurDQNCFrH4V8EafD9mtrWL/AJZSyxf89a+/yulSo5X7Sf8AEPGzeNWeaexlP3O/p/mfTH7W2keE/B37HPiG+1m+stJu5NH/AH1rNN+683zfNr+Sv9pD4hT+PPjT4k8cQ332n7VqUvk3dfsR/wAHI37YHj3wT8P/AAf8K7zxPc6Z4g8R6NHdXnh23l/e2FrIIv8AW/8ATST97X4eappmqvEl3LZXCW//ACxaWvbwOLrywco1Ptf0j5nMMPQpVP3W52/wItIdO8Vaf4xuDGY7C8ikvIpv9V5Vff8AqXw3+Fc/hyP9sT9nrVbKPxBFqUUd54Y0688y6ll8r/WxW0v/AFyr89PB1nDearH4eMHmR/6uavsT9l3w3/wr3RtP+KuuT2Nj/ZepReT/AGdeRRX37r/pl5vmy1jQwSq/8vOU9TJ6lKFSDdPmkfVHhv8A4KQfEb4hfDn7D4k+B3gnxJ9gmi06aLUdH+zX0Uv/AD1/5ayy/uvN/exVsWX7Wnx+8EftGafpPw51zRItHi+y+TDpMMUljFL/AM8vNliili/1v/LWu48Yfsl/AH/hLfB/jifVbnwlo/iOzi1GH7JeeVLYebF+6l82X/2rXh9n/wAM2aD+0R4g8HeFfj7/AMJbrF1+8h1aL91FLL/yyil82L97/wCQq9aGJwlGiqafMetXy5Y3F801yH3t8Tv2P5vGv7I2r/tZWfjFJPFstnLc63p2yKX/ALZR/wDTWvzF+Df7St94Y/bBvPAWifCzwvc+PNVh+xabqPjKziubGw/df637NL+6ll8r/nr5te4fDHxf+1Ro/jGQfFvxjbeH9Pis4pP7Jlml+zX8v/PXyvN/e14X+3t8DfiN8DdWt/jhYeAJbmTxRN9t0fxDDD+9tZf/AN1FXyGJr0njnyT0Ox4CeW01Tfv82vyvsfYHwr8Vfsg+JPCUnwW/av8AA1lpusRQyyXnj3SbOKOWKX/nr/on+qr53+M/7Iv7IXj3xleaV4c/bg0290+W88uHVtQm/wC2X/PL/rlXy18CPBnxi+P3xns7fxb8YpvC2oXUf2K8nmhllNrF/qvJ/dfvZZf+mVfT37YXgr4k/sk+GtH+Ev7Ofwa03xnoV/Z+XN4w8VfDeKXU5LqX/W/vZrWKX/yFXrYV0qFLml8R6cMYqz9k4e6/snrf7Df7HP7Nk3xPs/hzofiH+19L+xxSax4m8PWf72wi/e+V5v8Ararf8FYP2A9X/Z28eaHrvwY8U3N7Z6p5skN39s/dRWv/AE1/55V5J+y98Pf29fFXhez+FYt7nSLeWb7TDD5NrpOmWv8A01lii8rzf/Rtcv8Ata/tmfFuz+FXiT9l7Vfibomv2d1N9m1K70+G/wD+WUv+qillpYnEOVFOJj/Z1OWI56Xwx+yUz+0h4/8ACvi3R/hJ4x/s37HdWcVz/a1pqXmxSxf8spZfN/1VWP2hP2UfHOm+CNU+Juq/Fux1LS4ryL+wdDtNYivrrVPN/wCuUv8Anyq+CrH4c/ETW/FNvo2laTeWV1K37mSX91/5Fr7Z/ZE/4J7/ABN1iKz8R/EbxxJ/Zdr/AMul3N5VrF/11/56141TK62JrQqRkY5fj3SxE6Ps/iOL0D4S6Fq9hrmq+MPhzYxaP4c02X7ZFaax+6luvK/66/vZa5v9nX4v/Dv4V+N7PV9L1u+vrfT9Nuo9H07UP+Wt/wD8sov+2Uv73zf+nWKv0o/ai/ZR+HN5+zT4f8K/B3VfN1TVP+QxpMX7v7VF/wBMvKr8o/jx8E9D8K/Eu81u+8Y23hvyppY/sl3Zy/6LL/2yr7nL5ulRjzx+H8T4rOqKpYuTR9YQ6l4A1747/D/4LfB2GKLw/Fr0X9sQ/wCqtr+/l/ey3Usv+t8ryv8A0VX6X6N8fPhR+0XL4p8A/BfSL/x1eeGNG+xWeYfs2jyyxS/vZf8ArlF/7Vr+fLwh+0n4q8AeND4m8N6k7yizk06EZ8s/ZfK8r/W/6395F/y061+zX7F9p8O9N/ZQ0vwp4f8AGMvjv4s2um3Xif8A4QP4dXnlW1h9q/dRf2nL/wAtYov3X/xqvWweJoym6h5+MnHGYWNKP2T5X/aK+Kngf9sfwR4w8D39jY+F/GnhyG6j/s+0m/0G6itf+WX/AF1/dV+Uup3E15eSSzfjX7Vftdfs32J+HOoWNj4O1Lwt48ls4tW1jSdRs4raWXzbWX/Vf9MvN83/AL9V+MvjDRb/AMNeIbrRtTspIp7eaSOaOXqKvjHDRqYKniKPws8fBVZr93OPwmUZjGeTXV+CteXRrs281jHc+bFx53/LKWuTg/1qfWvo74P6T+zPpnwk1jxD4wu7rVfEjWcsWkaT5PlRRS/89fNr47JnW9pbmLx2JVKHw3NL4G6wP7Zj+3TyxyS+V++8nzK+3Pg/Z6VqVrJY2PjGOK8/1fky/wCql/7+/wCqr88/hvN5Pi2znnvvs377y4f+uVfWHwf1ifRrqzvoIP3d1NFbTXcv7397/wA8q+5xWEVbLec+SxGAo5hjINH6Ga9afAjxx8G/Cf8Awh08X/CcWHm23irToYf3X/TKWKWvK7Pw3PD4n/tyefy47WasPwF4qg/sH/Tj5eoS6lFJ/wBcv3Xm15v+0V+2BYQy/YdKn8qSX/ltF/rZa/FszwWIryqUz6eOIw2Xyp06fxn2v8Af+Cmepfsxaz9jup47nT5f9dDL/wA8oq+i/jH+3B4M+NXgjw98SPBUXlrHdeZdwso82FsdK/BnXvjBP4ql/fw3Msks3+t86vdP2Vv2irjwRNb6Jql/9ptJf9CvLT/plX5Bxnw1mscsl9Xl52727dmfs3AmMyTE5lTWKfvd/wDM9Y/4KBfHefx5f6hPqv72TyfLr82/iRqX22/kngFfa37THhfUdZ0n+2tIfzLSWL/WxV8W/ELw3fabdSQCD95XHwBj5UqPJX3P1TjrhejWwsKmF+A871i89BWPNeV0GsabPBF/qJawxptx5v7iCv2WhiqDR+B4nIq9KoZ94PJikNGj/aKNYh/e/Z8/6qpNNh/dR11e1Rgstq/wzQg71Ys7Pzv+ulHk+Ta10ngjw39s7V5tXHeyPby3hqtij2Czs/tayT+R/qq0P7evry1jgNv+7l/dwww/89a6jUtBsNMsJLGCDyvNrP0fQfJu4/tEHl+b/wA8q5sTiaLomODwOMjWPrT/AIJdzX3xH/aS8L+AdcMX7288zUrSb/VSxRfvf3v/AH6r5/8A26vi3pPxU+KHij4t2OlW2m2cXiSWPyYf+uUv+q/6Zfuq+sP+Ccvhr7HrPiDxxY/6NeaN4bv/ACbv/nl5sUsX/tWviP8AaW8Kwf2peaGR9mj/ALS8zyoYf9bW/BdSFPMZVFEjjNp4aMaj+GJ4H8QtXOvRSTwf8tf3kNeN6xrE/wBvkaevdPEug+HPsFvY6T5sUkX+um86vF/FeheTd3E8EHmfvq/csXUhUwf7s/K8FSoQeh1Hwx+IVtoM0c372L/pl537qvdPAfjGx8SWHkXoi8v/AJY18iTS3EFx5M7f6rpXt/wS1KwmtY4PsMf2jyf301eVSq1uT3jy86y+nFe0R7J4vgsfDfl/uIr63i/5ZVy/gnx5B8Jfjdo/xU8HX1zpskU3lzTWk3+q82uwvPI8Y6XbnH/Hr/yxry/xhpsEMV4f+WnneZNDXSp4fG0vZVdD0uH82WB5PZ/GfUn/AASO/wCCpF9+w5+3lrfinUfGMmveCfGU0Vn4huLub97c2/m/upvM/wCesXmyV91f8HHn7UH/AATl+KP7JNn4u+H19oHiD4sDWLWTwrqGnrJFfaePN/eyyf8ALWvxV039l7x/r2lx/E/wxprzaH/rNQvNO/efYP8Arr/zyrn/ABLoHijx3rNxpVjrcdzHa/vLzULuby4ov+/teHjMko0pfu3b9T7eti3jIe3qfGfu1/wRU/4KzePf2zfhRp37Jf7Q1jehbnQ5dB03xpPdxn7VqMUX7u34/wCWph/9FD/nrXh/7Nn7enif9jD/AIKK+IPgd+0ZrZm8O6rdy+HvFaXDfuopvNCQ3f8A1y/9pS1+Vf7Nfxz+J3wD8aaP8Qfhl4/ubeTw3rsWoiKKXH73/nrX2n+39+1h/wAE/P2/vBkX7Tek+LtS8BfGS006EeJNFvdH8y1126ii/wCWRi4HTr/1yr5DM+Da88TSxkF7y/r7j7LhfifL8PRq4fERXLKK8tV18mM/bI8QftR/sB/tfeEPiNq2rav4k+FXw+8VfbfAUOoS+ZaiwuZpZfssX/TL90a/fH9hj/gpf+zT+2/8IdE+JnhLWY7GW+giEun3f/Lrdf8APKv5YJ/i5eWXhO38ReNtEPieO6tJba2ttallltofK8r/AMixeZH/AN/azvgH+2b40/Zw8R/2n8LvFF7o487zJbDzfMtpa9rE5FjKWFhVnNRf8p8vj83wGMx0oQvy/wAx9xf8HPP7GvxB+Ev7ZMf7Rus/Fyx8T6R8QZvM0HTZrn/TtPiiii/dSR/88v3v+tr4e034ZaJ468EyXNt4s1K4ktIf332vR/3UVXPj9+1/8Vf2tfiFH8RvjD4judSvJfKtof337q1i/wCeUUVe0fCX9p2+0H4VXnwIn0KO5s9U/wCWX/TKvUwmW1q1FKHxHxeYZzHCY2MEuaH3HD/A39mmDWfGWn+HTfebqF/N5cN3DN5UVr/01r6U/aK/Zj+I37EOs6x4O8HeB7nxJeeKNH8vTfE3iez8z7LFLF/pUttF/qvNl/8AIVcX4b8beHPCHgO81XyIra4tYfsUMUX7qXzar+Mf+Cw3jnUvhB/wrL7PLcx2t55c13dzebLaxf8ATKs8VkecUaM7Q/rqfoWTZzkUvZVFLX7X9eR654D/AG0YPFZ0P4f/ALRljH/Zf2P7F9rm/dRWsvlf8tf+uVeP+Ff2e/Efwe+Ktx4j8N2NzbfatSludBu5bOWW2v7X/wBq1x8PxI8OfFTQY9K/sOy1LT9Um8yaWLyo7m1l/wCesX73/W/9sq9k+DPxIg+DPw+s/Cs/ivxb5lrefafDf2ub/jw83/W/uvK/exS18vTniMJC1SB9Njq+Fx+J5sNPT9TrJtY8deML+4+Klh8JNbvryw8rzvOh+2xf+0pYv+/tfQfwN/4Ky/Bj48fAiT9m/wCO/wANj4b8QaWJY7PWNbh8z/VRf+Qpf+2Vdv8AsnftZfDeP9n7W/hP8d7Cyu9F8X6P5h8QaJoUVjc6Ze20X+jeaIovNm/67fvf518O2fwmsfG3xBkvvFWh3um3FheS3Oj+b+6l1n/pl5sVeNHE4OGO944oYfMcTWvU+wfOvx8+PHjceIPEniv4aQXOm65YaxFJDrdp+7lliil/1v8A6Kr3H9n/AP4Lb/tmyfCa7+F/x50S48aXEflx+G/EF3o0Ym0/n955skUXmS/9tCaXUvgx8QP2efGdt4++Kfwy82z1SGWTR9b0Oz+zSxeb/wAspfN82KX/AJa/9+qo6j+0TF8O7Gbxv8PNL8aXpvD5l3eXOi2k9pLL7mOLA/79V78sZh4UrufxdDOOCxVfESnG+h9TfsrfFnXLz4c6xOL6KLxJ4js5bb7Xd/urmKKX/W11HjD9j74EfD3wb9u+Fnhy28ba5o0P23xJdyzRSRXUv/LWK2/56/8AbL/nlX5jeIf+Cg/7Q3xK1wmPYbSF8G3sYvs/7r/ppHDwf+/dZXjT9pD9oJbKSw8S+Nr7SdIlhP8AxKYp5YpJf+ekvlf8svNr0o4pVcLG0V7pi68aeK/iOLf3H0zaf8FHZfD/AI11TwTbfCzw3/Y9jeS/Y7PxR4aikltZf+eX27/llF/11rgPiH+2b8fvjBqElve+MtN8G+G4poovJ8797L/1yi/1ssX/AE1iir1z9l7/AIKN/sdn4Z2HwJ+Pnh+Xwtpd1ZXUf/CT+DpZZb61k8rzYprmPUJbqK7/AO/UVfPfjr9oH9ni58MX3hv4A+N/H3iPVtcvJI7jT/FOh2Frweh+0xSyk/h5db4jHUaOBvCPLNkTqOtjdJ+95HoHwM/aisfhLf28Hhz4nXupapYab5dnq3ifzYorXzf9b5Vt5v73/P7qrHx+/Zd+Lf7VHgP/AIXSL62vtQ16aW51LT7SGKLyvK/dRfuvK83za8D+D/wH+I3iTxLZ3vjHw5fRx2s3mfZPJ8ryq+xNH+P198H7C3sZ9csf3UP+mQ+TF5UX/f2teG3i8xr8lX4DweLqtLCYPmS/eee7Py++I/gjXPhx4vufCOuQSx3NoRxMP3lff/8AwRc+EX7XnxN1+88Vfs1+Jb7RL+6lis5b60h/e31rF+9li/65fvP/ACFXy/8AtkeIn134o3vxQn0hHn1aX93LKfM8vv8A+iq/fn/ggr8PvCXg39nCz8U/DzQpNEs7rSPLsovJill82X/Wy+bRm+JqZRiXGnrA8nJIyxmF9o/dlb8zoP8Agr78FPG8GieDPiRocKy6rLa2Gi3ksh/1X+qi/wDRsslfgp/wVx/Yu8Z/shfHeCy8ZafJHPr4luopgP3cuPKPH/fyv3E8afsmftV/BH4g6x45+IfxP1LxB4D1SaXzrSKeX91L/rbaXypa+WP+DnD4dL8V/wBlf4M/tKanaZ1CXwrbeddwxfuvNlFr5tY4XiCtisH9Ufw3O3GZPDD0VVpz5j8K7UbSZfQ16X8PNR0SHRo59csZZZPO/c+V/wAta83hh/e12ngx4LqxjgH7vypuZa9DJ6P+1WPmc0/3U9X+HV9bz6w+qaPb+WLX97LFND/yyir6p8Ew6FNo1v4j1CCO21CKaK9hmis4o/Nii/1X+q/6a1y/wH/Z7t9e0u3m0K+lvZNUhijm0/yf3sX7quo/aM0jVfhj8NI9Kvp/sOqX80v2OL/lr5UX/LKWvuMwUIYH2dz5TLcVXdeXs4FP4kftLeHNOl1Dz4PKuL+bzLzypv3VfJfjD4tX2vapJcW/leX/AM8Zqw7zX/EesXVwNV8yXzZpf9b/AMsqr6P4PnmluJ554/Ltf3s3/TWvzLGVKdKdons4bASq1pVax2nhXxJfXmvR/uIovK/54zV7h4J1LQ/Ct1/aviv+0pLiXypNNh0+aL7N5Uv/AE1rwvw3NfTWEdjY/wCrtZvM/dV3kM3jjX9G0+Dz7mWO18qOGG0h/dRV4WYKnOh+8KhmFTLMZem9D68+Bnxn8AeKPEX/AAp34ja3bW9vdTfZvtUv+qtZZf8AVeZ/0yq5+0j/AME+PFWg6ZJ4jl0XyoBD/oko/wBXJXjfwr+Eh1K/j1XVdK/eSzRf62Hypa/WD/gmb4wtPGNrYfsy/HPRjrHhrVrWWz0jUb797LbXP/Pu0n+ea/DM64cxEMw+s5dUUb7x6H9AcJ+LdGGB+qYyPOo/efiH49/Z61yzMhn0mWLyv+mNef3nw81DTIZJzB+7ir+gz9tT/glDDoXhu9uvB2nW95bsMwMqf6THX44ftOeBYNG1q88L6HY+WlrN++/6a1eWZxmtDEKjio8rP1bC0ch4iwLxGEVz5G1iz/0qT9xUmj6bPKa7gfD2fEn2eD/W1qaB8K9VvDHDBYyySV9zLO8PTo6s8KjwbXr4n2ipnH6Zo/n3UdubavZPhX8NrK0tZPEeuX0dlZ2sPmTXcv8AzyqxpPwTXwfY/wBueN/+JbbxQ/vvOrg/in8Z/wDhIrGTwf4b82PT4v3f7r/lrXDSlic0rctPY9HGUMt4Yoe1rS9/+U+zPBPwxsfiF4cvLHMcWoWv7yHzq8/vdB+x6zHb/wDLSKb9zLXrGg+D9V/efYZ5LaP/AFf+u/ey1y95oM82tSGxg824/wBXXzP+scMTW9nTO7D8EToqdSZ9Efsu/E7SvBPwz8aHVYLmW81SzitvNh8r91/y182X/v1Xx38fobHUvFtxfX8H7uKaX/UzV9Yfs3+FZrPwRcarqs8n73WIo4Zv+Wv+fNlir5z/AGwPAd9D4jksYIP3nnV+i8Kyp0X7WR+CeIGBxUa07QPnP4hab/ZtrHPYwRRx1j+NvDnwr8VfAzT9d8OT+X4otbyX+2LT/pl/yyrc8Y+RPdXGh/vfL/1f7qsvR/hXY6lFHfWN9c/66v1OnmlOdGx+KqdTCSvUPD7LwtcajNJFPZeYR3r1j4SaDfWUv2exsZfL/wCW1ekeD/gbfaXLJ/oP7yX/AFM3/PKvVPhj8JrHR5ZPtFh9p83/AF37n91XNXzulh4HDisbi8f+7pwOL8H/AGGHWY/t8Hlf89pq5v4s+G4NNv8A+1oLH93L/qZa901j4J31n/xPSYpLeL/U15X8VNNE2g/2TP5vl125JiYYur7Rkqmsvp/vPjPB/D/7QfxH+D3jL/hJPh14wudNvIuvk/6qX/rrF/y1rN/aJ/af+JP7RfiS48R+MrLSbaWWWLzodF0eKyi/dReV/wAsqd4q+G19puqSX3keZH/rK5+08JzrN50Fh/rK+tq4GjXh7SR7uEzmKo8qmZng6G504yf6P5fm/u/3tbHhu7sYdcjsvFOh20sf/PWuhfwtNdQQeTbeXHGOKbD4JuJtT2z/APLKu7ko+xjGP2Tz6ub03KWp9ZeMfgF+zF8Wf+Ceth8Uvgl4o1YfEDwHd+V8QfDGtyxeXf2F1L+6v7H/AKZRV8L+JvC0Wla180HyCu2vNX1ddQ/smx/df88RF/y1rKuC+uKxuLdBPH1xXzuazape/wC8aUsQqNKNSDNf4d+CdGuNFudRmHT1/wCWVd98DdB/4STxHJPn93F/rv33+qirhLLxtqvgHTjp9hN5d3/z1r7D+EvhXw5qX7GVx4U0rwrpsfizWdesPtniGb/W/ZZfN83/ANpV5GBzGvhsRTlynPRwFbMJTlUekvhI/Dfg+w1P4cyarffbr6zlmltvtc2j/wCi+b/0ylr4Q+N2j3+heN7wPD5Zkm8vYK/WPx4NDm+HXh/4A2M9joml+HIf7Rm0/wA7yv7Zv/Kuv3vm/wDbL/yLX59/GH4Tar4pluPElvpUlzJr15Lcw2n/AC1i/wAxV+u4tLM8kvT+NHZl2V4nLK3vbHzxo/inVtEv49Q0q7ltpLabzMxTV9Wfs+/tna/q2vy6D468e30mmQ+VJaadNZxXMf8A018v/nj/ANsq+TfEGg6r4b1KXS9Wh8qUTeXNFWz8ONUOia1HPcQSf6799xX426XPi/Y1z6mONrYWPNTZ+1H7K/7S/wACPFWoWf8AathHY6fYTf8AEyu7T/j5+y+V/wAsoq9s+M3hv4LQyf8ACY/DnVItW0e6h/0ObW7OL7Tay/8AbL91X5D/AAa+Kl/8N9ej1Wxg83T7+H9zL/zyr6w0H9pD/hNvC8nhW3nki82H/ljW3+omExVT28DZcY5hgpRlU+E9Z+IP/BXvVfgZqEfw08YfBPwf49+GkV35ctrf6d5v/XXypZv9V/y1rzn9oD9qT4I/GfwXBd/sCfDXWvBuv380seraTq1jFJbeV/07Reb/AOja+cPjl8Qp/Cssn27Q49S0/wD5bQ/8tYqp+CfjXfWd/Zz2PhyO50+6h/4lt3D/AK3/AK5VvU4Lw9Rwjax7WC4xqRU6kftHD3X7Dn7UXjvxR/wkWh6D5eqSzeZNLaeV/wC0v3Ve6+Bv+Dfb9pLWrQeMvinqclrJ/wAfF59q/dxeV/11r0v4D/tXX3hW6k1zQ9c/eRWcvnQy/u/NirD+LX/BSD9o39qjWbf4S+FfEd9beH9Ghij1LUP+WVhaxVFTIqmGlGjf3Tz62NWNn7VfEYXgT/glB8LfBvjaST4j+I49SuPJ8zTNIh/exSy/9NP+/deo+Jv+CeX7PXwE0TS/jRq3w0spf7c83ybSKH/RbWX/AJZVyfhX4kQWcd5feHNcvdbs/Jijm1uGbzfKi/7a/wCq82uk8VftReI4fhLJBrmuabfW8t5/oeh+T5kUX/bXyq8+tw3Xdb2nN7v8pcM6pYScZW1K958bJ9H0aTwd/wAIPHpsksP77T7TR4vN8r/rrXyX+2Z8W4JrX/hFYNK+zSRQxedDN5X+q/7ZV6h8ePidrmsaNZ/8Jj4Vj+2fbIpIZtJm/wBJtYoov/RVfJvxTtNd1kXmsX+o/bZLqb9xLL/rfK82vtsqwVLBYP8Ad/GfKZti62ZYuNarPRHnGqa5JqiRaeJrg26Lv8qWav6dv+DaL4mf8Ld/Yo0qy8SWNlJ/ZHmxLd/9MovKi8qv5uPjz4NvvAc+jNeWUsUOp6Day1+i3/BvL+0f4j+FXxBk8J6p4j8zQ/Edn9ivNJ+2f8ev+tl83yv+uv8A6NrwcRk9XNcTOl9rc9HB5hSw+Fcl9o/Z79vX/gqX+yb8HfGVh+yzqOux6t4o8UT2tjFBafvYrH7TL5WZJO3+sr8cf+DgP40fE7wn8K/hp+yPP4vN7peiTX+nG0x/rjpl19lEv/kKuc8X+Bvil+0t/wAFctJ8F+K9MkiW08WC8AtIf+XS2ljlP9Kpf8FGrGHxh/wVO1j4deOL6WSKWa6k0eP/AJ8JbqXzf/Iv7yvNq5DHA1lJv4f8j38Rj6WEymUYe9KSufmTc6DqVpcSQz2/zx10Xw/szea9bWDweYJZv3tfbP7af7IfhDwJd28OgaXLFJ/Zn2i8lm/5ZS15N8IfgrcG2juNJsZLn7VN5cM3/PKuihmWBwkufnPgI5k8ZRtKNj7k/wCCV+j+I7v4l2c/gDwBc6/qn/LnpNp/z1/9pVr/APBWP4F6X4U/aY0uHxL4m0rxX5tqf+Ek0jS/3dtYX/8ArZbWWX/rrJWR8AfDWufB+60fVvB3+jfZZov9b/y18qX97/2yr6M/4Kc/sr/8I38OdD+NM+qxy3Hjy8utW8nTv+XWW6/ey/8Ao2vks44oxGPzWCpT5YRv8z0OH6mCw9Oo37x+Q/xgvNJs/iNHrmv+FNNubeLWIrn+xLTzbaxki/59f3X72KL/AMi0/wDar+Jnw6+NXxn1P4pfB/4CaT8K/D91Dax6b4P0XUpbm2tfKi8qWXzZf9b5v+trR+Nmj6rDr39lXGlRySRTeZNNNXL695+pfZ9I0qCL7H/y53cX/kX/AJa16Vb2eJowqEVcdTcp8hj+BNN8RzfaIDPLF/zxm87/AFVfQHwr+DPirTYtL1WeeWW41T/SbPyZv9bFF/z1ryPw3Z/6fb6HY+bFH53+u/5616xD42sdGmvIPt3mW/kxR/a/O/8ARUX/AF1r5nNlUrU/ZwPk8wxLqu0T6E17TfHGm+PLfQ9d+3SeVDF51p/Zv7r/AL+/88q+vP2Kv2qr39m34vW/w18ZeDrbUryUxf8ACN2n9n+Z+9l/55f88v3X/LWvl/4Y/EPwd4qurzVtE1W50jw3F5v2zXLuaKW6uv8Apl+9/wCWUv8Ay18qvXPAmpQeA/gX48/bZv7C2trP7H/wh/w986b/AFUssv72WKL/AFv7q183/v7XzVLJW63xk5RUr08Vzs9Z/a9/4KmfFT4o6taaN4a1+207SLbzYp4tK82OWW68r/nrFXwl8QtYn8Y2tx4qn8DW19/y83nnQ14f4y+M194b8W3mhT+bL/pnmWc3nV6Jo/xg/wCEk8G2c89jbfaJYfs01pDN/rf+etavhmhOtz1byP1nBcfZpw97OnhZ+5Iw/BXjb4Vzap/xNfhXHJ5v+u8q8rQ8YftRaV8Mf3Hg74ZabpEktn+5mu4fM/8ARtXPgL8B4PEnxat9J0KDzLOWbzIfOh/5ZV4v+2xD/aXxG1SDSv8ARre1m+zQ1VPhbA1ql5H6Zlvi/mfsuU8v+MH7RXiP4tapcX+uarJc1w8Pn3kvn+f+7rL1Kz+x3UlvVjTZvJi8j/nrX0+GyujgKXLSPkc/4kxmc1vaVZXZ+0GvfB/Xde1n7dpUH2aOWH/Ww/6qX/rlXoHw9/YhMMWn6rrtjcyW91DFJ+5s/wDW19KfDf8Aa48Faxpnh3wxa/AzTNTuNDu18m71SfzfKik43ReV/ra+kp/2w/gTpHgOz1XXPDMNvdRykT2jQfurWWKvynA8NYOhi7c/4H6ZjPGV1Kf7qHu+p8M+G/hXqt5r1xPofwBubbQ7WHy5rT97c/8ATXza83/a2/4J+fF648HW/wART4FujZSfvDPDF5pSL/prX2f8Rv26/iHeme38MaXp1rpdy3l29ytn5ZEdfJf7Qf7Zfi+7n/4RGXxfexWkX7z+z5buXyvN/wCuVfa4LAVef2dL4T4LNOMqGbr95Hl/E+EJv2J/H+r6zJPB4Olubjzv9T5PlV1Gpfsc658JbrT4PH+lW2gR6pD5ln53/LWL/nrVzWP2ir68urix0rVpPM8799++rzP9oT48ar4k8L6XpWq33+kaND9ms/33/bX/ALZV9jgcjx9T3j4rE0soq/Gz6M8Kw/s9eCfL/wCEx1WK+/57RQ1l+MPip8D9Glkg8HQW0ccv+p83/llX59+Kvip4ql/f/wBqyfaP+eMs1Y8PxP8AEhljn+3yf9ca+ip8IqpDnmeDOtgqFX9zE+6PFXxUgh0v7D59tLZ/8sa8v8VaxB4l/wBB/sq2/wCuv/PWvC9H+ME81rHbzz/af3377zq6jwt8VNK/54V7VHKKWEpctM+XzHDV8XW9pIPid4PvtNsJLH7DLHcRQ1w+geHb+z0u81XVdL/dxeV537mvdNB+JHhXXtGuPDmq2P2n7V5X+l/8tYvKqOH4e6JqWl3EFjfRRyf6yaGb/lrXbh8TNfu6hwww0VS5DwvWQYrWOeDypI62UN9dR28P2YR+b5v+lGDy69D0H4Mz3kV4Liy82P8AdSfuqsaj8PfJ8uD7R5cfnf6qlVxkYnPyYaMbTPCrXTIde8TTR3tnH5duf3cRi61o6D8MmGp/bJ7GX7N/yxr2iz+A02m/8Ty+mkljl/5Y+TWppujwf8t7Ly46+RzrNLOMafvHJUxWLbtTj7h80ftB+E7HwuLO+gaQSXQ/1Jr2v9lbxtfaD4S0vwdrkEl7Hr2sWv2yLzv+WX/PKsf48fA3Vde0uPxVB5v2O1mrvP2aPgP8Rr2/8N+IvEcFt4fs7DTZdas5tR/1V1axf88v+etdeBq03GDqn6RwrS9vh1BS5mdJ/wAFGfAaDwTcfE34UeKvs2lfD7ytOhhh/efavtX+lfvf+/tcJ4T+LOqeO/2VbTxxayRR+LtLP769ih/5ZWsUUUUX/fqk/an+Nen+C4vEnwu0vW4/EGn6ppsSXmoj/Vap/rfKmi/8hRVz/wCydr58LfBi9uJ7eKS3m02WPybr/lrLLd2sVfd4SdbFONKjPl909anSqYdy9v7zPmz4v6x/wnt/J4/nsIra4upfMmhipPhX4HvvFWmXmqW9jJLHa/vJq9D/AG0dZs9F1aD4Qx+EtNsrjQJTHqOoWtn5VzdTY/eebXI/BzWr+y8O/YoLj93Ld4mi/wCev+fMr5THYXlzhwZxxnzU+Y9X8HeI9D0fR5LC+0PyvK8r91FN/rf+/tbngvxpDba3Zrot7LDb5/4+/J/1X/PL/lrUd54D/t7RbzXND8r7RF5Unk/8tYqseCfB8MV/HfaVpHl+b/rq+7y6rRo4TkieJXyqvj6z9/3T0T4neA5/Hnw0uL6CCOLxBpf/ACErT/nrF/z1/wCeUsUtfO9v8QIPBWqXllY/6NHdQ+XNp83lS+bLX1x4Jhg8SaDb6V/wkcWmyWFn9m+yXf8Azy/55eb/ANdf+WVfN/7QnwB/4ml5rmlfZra8i/e/ZJZvL83/AK5Vz47FKjS56YoZZXyt8k5+7IueHviN4Gew+y65dXsAuf4If3v/AC1/z/y1lqTxN8WPhR4fi1Dw54I1O6El1NFHNFaTeVay+V/z1/5ay/8AXKvINF+H3xe8a6Bda9o/h0HStBi/f35mjjii/wC2sv8Ay0rndC+HfizxrrUel6Fbfu5Iv30kX+qjrhq414ilGSh7x10abg+XnPZ9P+NmtQazGq65cxafL/qfKm8uLzfKl/8A3UX/AF1rttB+JHiPxtNZ+OfFM8cWl2Fn5ej6H/qovKiqn8H/ANkseFbCPxH4jsft0f8Ay282HzYoqp+PP+EVmuriDXPtOm6fFD/ocNp+98r/AJ5f5irqwmFnVpynUJlFTrxpuRT/AGnLzXIRp/iWd/sv2+88ub/pl+6/9FVyn7PXxQ0b/hLn8H/EuK3ubaXUv3M0v/LKXzf/AEVWP4w+NEOpw29zb2TT+TDDHf2WqTGWK4jii8r/AJa/9NAT/wBta5PwBY2ut/EnT4LWy8y3l1KL9zDN/wAsvNrhnaGMhGExV8OqmGnCex9a/twXHw/+O3g34anw9obW1xo7xabq/kNjzbbzfKH/AG1/5Z/hXrXwr/Y5+OHwB0zxx8Tfgv4Hl1L+3pvL027/AHUX2CKX975X/XX/AK5V5n4Juk8VftHeF/hj4A8NW1zfWtxa6rNYRf6q6li/1UUtfuX8HP2YNL0/9mnw/wCFfi5rcWm3f/H74ju5ZoovK/6ZV6dWdDK6vt31NcmwVSVFU7cyR86f8Eu/gD44+HvxBuPjT8cLG91bxJFpv2b+0NWhi82182L97FF/y18qqf8AwUy/Yct/An7UPw7/AGyPDfhyO+k8T6l5esf8tP8Alr5sX+t/79f9ta/RP9nH9mD4fi1t/F2liKXS/wB79j/c/wCt/wCmtcD/AMFdNd8A/DT9nB9T14f8gSH7RpsP/TX/AFVfnHEOdRrTqey7P8j7TLsCsfjaeFXdL8T5m/4K8/sPfBCDwUf2kPA89rJZ6tJuufDcx/e3V1L/AM8v/atfFfwS+FcGj/Y77xibaykv5v3OkzQ13Fp8cvFXxU8OSaHpXiq5luLWHzLPzpvN/df8taw/DWj6VpuvR6rfeI47mSKH7TeXfk+V9li/65V+O4PHVMViZqxweIPCdfh1ckX8R6R+0V8Ntd8E6f4f8Y+DrH/iXxeV52oRf8spf+uX/LKvVPjN4ysfFX7GWjz+I/EdtLrlr4kitptE+xxSfZbWWL/Wy/8APL97/wA9f9b5sXlfva5PWP2zP+FkWEnhzQ/Nubjyf+Qjq1n9pluvKi/5axS/upf+mVd9+xh+zl4j+OdvIvxA1NrnUdS82O+s724x9kuYppZbaL/tr/qv+mUXm/8ALWvYjSwtKfN9s/OeHcPjIwqQqH5k/tFfD2DQZdU1Wexl+2XU3l2fk+V+6rxCz8K6RqXmT2Wqx/Z9Lh8u8mm02LzZZf8AW/uv3v8Az1r9c/22P2J7DSBcT63YyW1xFDL5P/LLyoov/atfCcP7KGq3lh/bmh+HPK0+X95Daf8APWvfwWZUfZ2qF4nBVqVU8n+CXhDSvG3i2PStcnksrO6m/fahNDXSal8E77WPEf8AwgF9PFHHFqUUcMsUP7qX97/z1r6E/Z7/AGJr7WPFGn6r4rEltby3nlzRf6uvXPjxpvw4+D+vah4I8Dw2Wpafa3kscOrS2f72L/plXJVqU61X92cLw8IauZ5P/wAKf8K+G/hzJ4V1yx+w/vv3Np/zyrb/AOCg/wALb74Wfsv/AARmsvG0epWfiG0v9Rs9P8n/AI8f3sXm+b/11ryD4qfFTVdS8RyeI76eXzLWH7NDDF/y1/55Ual8Wv8AhJPhLeeAZ4I7m4v9etb2z1aab/j1iiililii/wC2sv8A5CprL61OrCpE+lyijhPq0pTkfLfirwfrkP2f7Rq1zFHFN+587/llXoHgnR77QdK0+e+8RxXNxLD5n7m8837L/wBdak8WabB4k8yDVYP+Jh/6Nqv4P8NGaK40me4lijlh8uavcVOnUj7x4mZOjOfJz8p9KaB4w0T4Y20mh+FbG51LxJf6bF9jm+xxRxRSy/8ALWKX/lrXzv8AtaaDB/whGl65P+91y6huv7Y/56xS+bXqH/CVaVo/w50OCe+kuY7X7VJ/Z5hijiill/5a+b/y1l/+NV538c/Ff/CYWsd9fTxS3F1D/rfJ/wCeX7quWhl9SnV55Hp5VjlhKXJ8R8f6lps4/wBfB+8iqn5P7zyc16R4ws7KE/uP9Z/1xri7PRbfzZP3H+qrpPoqOJ9sfsZ8Gf8AhZv/AAlEfjix/e+bN++tP9XFX1B4w/act/B/he4+HGueDvtOoSwxR3lpND5kUXm+b/y1/wCWX/LKvk/TfjlBP4oj0rw5+7t/9ZD++/1v/bWvcPhV8VPB1nFHb+P9L+3aXdTRSalp1p+7luv+2tfmNX2313m5D5nLaWM9ly1CP/hZE0XhK88mDy7OWHzIYf8AnlL/ANMq+O/2nPFU81/JPewfvLX/AF02fL8qWvpj42eJNK0eL/iRWP8Ayx8yz+1zfuq+F/2hPG19qUv/AAjk8HlSfvfO/ff+Ra+1yenONT2h7CwNa3OeL+JPiRfTeI5J7G48qOq8+sX3inwlqnnzxf6LDFc+dN+682KL/nl/z1l/e1zevWXk6pJZYji/6a1X0eH/AImlufP/AHks0sflV+m5diV7HQ1jhetU4vxZ4l8+/wDIvv8AV+d/rqy7y8nhj8ixn8zza2PF/hq4sr+Pz7f93L/qaz5tHnnuo/3Fd1PE1jlqQwnQuWdnew6XcanP5Xl2s3l/67/lr/7Vo8N6lq0N/cQGf93/AMsa7TUvh58RovhV4f1XW9btv+Ef+2XX9j6dNqUXm2sv7rzf3X+ti83yqseCfhvBqVp+/pYnHKkefiasYUtDY+FcOqzXUd9/yz86vYNHs7Ga6j/4+ZK5v4e+G4NH/f8Akf6qH9zDXoEF5PLF/wASqx8vza+OxmbclbQ8NYbF4qp+7Oo+G/8AZWm3UkE80stv/q69Ms/hj4A8YxeR9hiikl/5a+TXk/g+0t8faNU1WKKSL/nrXong/wCLXhzwrqlvPPP9pkry6mOxFer+7O+nw9WUb1D63+C3/BN3UvjD4Rk0vR44ri7j04XFmb3/AJaxxnAr5Q+OX7PfiP4V+KLzStc0KW2+y/u5oZf3flS19lfszf8ABQex+DusaXqq3kctjFFJH5N0S8cXmHMnIrc/br/ae/Z7/ak8K2d5oXhOOz8SSw+XdSmaL97VYbDVqlbnqR90nF4GjTpezhI/KXxX8Q9K/wCEM1TwpL+7/wCe1R/E745eG/Fn7DOnz+HfEctj4o+HOpfYtNmh/wBbf2t9L+9irH/aL8HwaP4nuP8AT/8AWzeX53/PWvB7PxVY+GvEd54O8SWP/Erv4f33/tKvrcHl1Gro5HqcM4lZZOX94uWWo/DOLwJHYeN7e51K4ihl8mH/AFf2X/pl5v8A20/1VHxC+J3hU/Dmz8OfD/VfsPlXksl5aXflReVF+68quI8T+LprPQrqyeGSO/iP7mX7H/rYv+uleTahfXN+7TSycnrzX0mNzXCZVhFCn8fKe051sRiZST9w6X4zfFPVvi18Qb/xnrk3+kXc3mSyxVZ+Hd7pdjY3EGsWdzJcX8kUemTJP5ccQ8395JXFWdqZrlAW6109nqjaFNHZMf3cVfG4HFzxeLlXrdS6lorlgfbmm+NvgReeN5NK+Feh6lZaHFZxW039o3n2mWWXyv3staHin4b6rN4XuPGPg64lljsP9dLFXzX8MfiFoem+LbO++w/aY/8Alt5tfQk3xI/s3Qf7V8OeJLaKSWHy/N07/VRRf88pYpa+upU686N6R7uVLBqUZVfdPF/Enxg8cWN1JfWN9/pEX/kWKq/jb4/f8LP8GyX2qj7NqFr/AMtar+MBY69dST31jFpsl/8A6mW0/wCPW6l/6Zf88pa8s1rU4dL0m/8AD160klyLzr/z1rwMydal9s5czeGxOJ/umZ4dOueINf8A+EQ8OahNGl/P5ckfn/u5K/T/APZO+F/7M/7KP7P+n/EL4kw6b428S6rNL52iS+bFa6XF+9/1sn/LWWvzg+CXh6S111PEV1DiSI5tPrX1t4JvNLvPC9xpWqzyXPlQ+ZDaed/qqjAVK3srymfHZlnWFy2vGPLc9I+Of/BQS+8baNH4O+HPwrttI0+1/wBTDocP2aL/ALay+VL5tfKvxs8ReGm8IR3978ULaTW7qLzIdG0WHzPK/wCusvlRV6Fr2m6Vr0X2Cxg/s3/nt5NeQeNPg14k1jxZJqdwZZI7X/Uw+T/yyr6zDZhVjh/ZqNyFmeEx0va/Dyni2o6zf6hM8U1x+7q74Z8ceJPClxJc+HNUlspPJ8uaWGo/GWhzaFfPiXkS0vgPQNR8W+LdN8O6VB5lxfXkVvFFH35r4fEVMT/anuvU96l7GvQ9p0P17/4Nr/gZrvxe+Kni349eJtOtLjVZNKMWmm5/5ZpHH1jj/L8q+j/i18Bv22fjl8fJNKvh4kttL/tKL9z50sUV1FF5X7qvUv8AgmZ+z58GP+CX/wCzfP8AtJftHfE6x8P6hFoX2c6UZ4o47WL/AOO18Wftef8AByv8VvHXxL8j4CzXOg+H9M1CKTR5bWHy5b+6i/1Xm/8APWKvWq4vFYmpyr4Y9+51ZZjK2Fc6UYe7L7X+R/QJ8FvCt34I+GWj+GNSmh+1WunRRTeT/qov3Vfld/wcufEjxRb+G9M+C2jX8l9eanD/AGr5MUP/AB62EUv72X/yFXwRZf8ABe7/AIKb+OviRp+sx/GeGxWWaLydItIf3UtfUX/BS79uP4YftU/sq+BfEeiyaa/xI1jQn0/xe9r/AK2xtcfvofpLLivzPP69fL+eT97mPu+EsOp5vTqSPh79nX4heMbzxvp9jYzyxeb5sU37n/llX2B4b/Zn8R6x8OfEGq65cXtl5Vn5ejw/Y/N+1S+b/qpf+eUVeN/8E6/gDrmvfFCPxWbH93YWfmf6mv2E+G37Mlto/wANtL06fQ/NsIdHljh82H/lrX5xgsyaxM1SgfXeINDCZtTh7SfvRPhf9kD9lKfTdYt9X1X/AE7yv3c0MVn5X72v0o/Z9+APiHVPFul+MfEVmLHw/YQj7HpER/1V1H/y1rH+DPwr8N/D7Ro/GPjHVrbTdLim/wCPu7/deb/1yo+Kn/BRrwP4PtPsPgiCKW3i/wBVdyzVrTzOpTxfPUR+Q/UqGGqcsD079rv4afD/AFjwPqHi/wAQ29j5kNv/AMvUX+sr82fG3xC+EngPWY4PDmkxateed/x93c3/AKK8qo/22P8AgoR4/wDGsUdje33+jy+V+5hm8qvjfxJ41n03VI9d12+8y3l/eeVDefvZYq9rDwnjq/NH3T5TO8SoP2dM9Q/bA+P2qmGPyPMsbi6m/wCWV5+6r5z8SftLf2Dpfn2M/mXn/LbULvypfN/56xeVLXN/Fr4kaT4wivPFV/P9mt7X/XebN5n2qX/nl/0yr5n+J3xO1XXr/wC3arffu/8AV+TF/wDGq++wGCpU6N2fH4bA4vF4v3zpPG3xrvtd8R/brGf7Ncf88of+WVdZ4P1jVde8OWf2G+/0f+0v9M8nzfNtf3X7r/v7/wC0q+Y4denhuvP/ANZJL/rq9A8K+PL600uPSv3cf77zJq7+XofV1cLHC4b2cD1TU9SvtH177dBP5n77/ltXrGj/ABO+HPiv4X6hpX/CHXMXii6mi+x6jDXz/qXjyfXrWOx+w/vP9X5td58E9Nnh+z32qwR+XF+8vIa4vYP2x8zi6ca1aDt8Jn+MPG2q2ehXEH26W2uIppfscPnf8sq4+z8eX155dvqsEUv/AF2/5ZV0nxW1ixvNZknzFJb3X7yz8r93FFXB6lrGlTc31x+8/wCuNe7hqE6tE9zLadL2ljuPB/wf/wCFkRRwaH4q02O4v/N8m0u5vK/1X72uP1j4S/2Do3/CR3HirTZLjzpY/wCyYZvNlqnDr3+lR2OlQeXHF/zx/wCWtY+vXkH9q/2V58n2fzv9bXP/AGLivac59nSx2X0qPs4x98/QDWNHg+G/iTS9V1WCWOzupv8AQ/N/5a/9cq900HXvDnjbwbqGk+B7G5iuLWb7TD50P+kxRf6qWvlPxhrHiOy0uz1XXLi5ubzQf3dnDN/qrWL/AK5VoeG/2tPGMOqW+u6VBY21xFD5fnQwxRf9sv8AprXi47hfFR/ech9pleW5Him6SmfQHxD17Ste+H0dj4q1yKxuIofLhr4f+OWv+drP+u+0+V/y2lr1T4p+Nr7WPBsc899J5n+s1KH/AJZRV81/FW8n17X7iCD93J/rIYf/AGlV5PS5MR7OR62ccO4PLcFzU5cxzesaxPeap5E/7ytzxV4P8NwWvh/xn4N1X7T9vs/+JlaS/wCttbqKX97F/wBcv9V5VcvDHPZazH/o8Xmf8tvN/wCWVdRDeT6Za28F9P8A6RLNFbedd/8ALKKvtqdOjGl7h+U5lVVJFg+FYNSv4zrkHl1Tm+G9j/aknkQXP7r95Xpmm2YvNLj1XXLG28v/AJYzVn3msaVo9rJ9hH7yWvCzHNngTwsoynGZpi/dOT03w3BMf9O/7Y+bWho/9hw3/wBhgrl9Y1Ke8v5J556k8N6lcQ18liM3xmLP1GnwpgMPQ/2hnsllr2h6BF5P2Hzay9S+LU9n5llB5Xl1x800/wBl/wBf5lcXr2sTw6hJ5M9b4ajz+/UPKrUMDhI/uoHpkPxIn82S+F9LVj/hZHnf8e89eP8A/CST+VHBPVxfEnk2n7j/AJ7V9BglRpHg4mpVqo9s0b4waqDJYz6tJLH/ANMq7TR/i1rl5dSQaVrkvmS+VJDNN/5FrwvwTefbIf8Aj+8uT/rj/ra+gPh78N9e1f7RPY+bJ5v7ya78n/W/9Nf8/wDtKvp8FShWR8ziI0ZVjl/idDfa9pcn/CR6V/xMIv8AXfuf3sUteH6l8Np7zXfI1Ufu4pq+qPi1oF94b0DT/wC1YPKjlh8ya08ny4ov+WVeH6xr2lXd/H9nni8yX/XeTN/qq9KnQdL7JxYuCoWnSMO88VfA/wAN/CXWPA/xp+En9r3H72TR9b0m8itrm1l/9q18l2lnPqUv7ivSPj9rt5rPiOTyT+7lm/cxVi/Cll0DxfZ3d7YiUCaKTypRXhY2jRxmYQpVPdPqMD7aOA9oUYbOx0eKPzrD/SP+mtU5oRNLjz6+jPiR+zrqmpWtn4j0vSrmW3v5pZf+uVbnwH/Yfi8Y6zb2urwy/aLqaLyIa+unluW0qEI0+X3R0MZR/wCXh4n4E8Ka3m3gt7GWXyv3ldP4j+J2uWtrbaVrUkkH2KSXyfN7V+xP7HP/AARP/tjRrfxX4x0qK2s7r/nrDXxB/wAFRv2VPDvwV8Ta58PUsLa5ubCbzYbu08rzP+/tetQzXLqeHnRp/wAp5P12tLM4wjsfFWvfEmcapb6rpc/7uKbzIYa2PDuqaP8AE/4z2V5D4Qsgl0f9Lh/5ZSy/89a8duLt43kjjbKGuv8Agv4uk8JeJLfVWto5PKux1r8nznEyqV9D2sc608NLkPqfWP2ddc+FdhJqo0qXy5YfM02aaH/WxV0nwZm/sG6kvr7/AEnzYfL8n/8Ae19IfB/42fDL9rr4S2fgD4ga5bWPiTS4fs2jyyw/62L/AK6153rPwN1XQdUkgg0mKWOL9353/LKvFwmfKMvY1Y8rPy/Mcux2MlZnP+MNH8OzRR+I/wCw/Lt/+WMX/PWvK4fiRPNr2oQXFhFH5v7uHyv+WVfWnw3+FfgfWPhlH4c+JviO5sdP0v7Ve6bFaQxRSy38v2WL/W/63yvKirwv4kfs9zw+I477SvNkt5ZvMhlr7TL8xgnE4MHgsZRnyVdjw79rr4HaZp3gLS/jBoaxtp2sw/60/wCstbqL/W2steZ/shTpofxt0rxFfavbafNpkUtzp11qEvlxi5GfK/8AIlfUPxI+Huq+KvC//Cq/9Vp+qXn2mH/rrXzJ4R03xH8CPj1YX/iuF4L3RNSjuLC7WLzAkkcwMUuJf9aMim61GOYKtOB+mYacI5e6cJ9Ds/2hPEn7RvxC0r/isvGGralp8V5LJeedN/y1l/5ay15GPB/inTZv3OlSySRfvP3sNfrN8LP2q9C+JPjX/he3j74L+BvFH9qaPLZa9aXfhW1i82X/AJ+vK8r91LTv+E3/AGcr2WSwg/Z60iKSX/qG169NZZjJOUpch89Pil4KjyzXvep+X/wx+G/xN+J2vW8NjPLHHFN/rYYf9VX6Cfs3/soz6dbaf/bk8tzHFN/pnneb5t1/0yq5qX9h6PdSf8Ir4V03TfNm/wBTaQ+XXrnwB8YeOLO6/srwr4jvYriWbzJrSG8/1v8A01r8x4wwWHfuqofR5JxviKcoTpxPuj9g34N+HNF8Z6Rpkvw/ttEs7ofuNOih8r/trX6GeLv+EV0PwXcT+JGjttPt4czH/V1+Vf7MfxV+I2j/ABVj1X4jX0ltHazeZNdzf626/wCmUVfQ/wAcP2xNO+Mfhqz+Hx1WLSL3WbuWS0i8793HF5vlReb/AN+6+GynLKdKM3GNz7urjsVnKhUZ82f8FGv2wL67lk8HaFfXMWl2Hm3MOned+9lll/6a/wDtKviO8/aW+IvjyW4uLGCTy/3UkMUUP+qi/wD3VeoftOWeuDxHJoeueX5kU3/IQtP3lcf4J03wr4csP+J5qsfl/wDPpD/rZaxxNKlUnGXsz5PN6WMwj05jH0f/AISv4k6hcX2q3tzLZ2s32m88r/llF/qv8/8AXWsf4weFb6CG8g1W+k+2ReV9jtJYfLllir3jw38cp/hL4I8QX3gfw5/pHiPR/wCyfJm/eRRWv/LX91/y1l/8hf8ATKvlf4p+Nr7xJa/2Voc/2aS183/Xf62X/trXqUKEafv05HmZRRqYqtKVeB4n8Q9HuIdGvMX0UXm/u4Yoa+d/G2m32jy/6/8A1v7yvbPFUHiObVJP7Vt4pP8AtjXL/ETwfY3l1Zz6VBL+9s4vO/6ZS/8APKvrcNW/cnvxyx4er7S255HptnP+8nrpPCkE95qv2HyP+mldxpvwxghtY/IP/TT/AFNdZoPwrsYdKk1WeD/SIvKkhtIq3jif3hjiaEqvw0zP8N6D/p9v/wBNa+gPG3w9uPB/wC0/4qaXqtt9n1nUrq2/1372KWKKL/47XlcM8+g+Xff8I5/12l/1ktamsf8ACWeJLuz0P/Sbmzim8yzhu/8AVfva3jBc3tDxJ5VWU+ecDzvWNesbvS5LG+sZYrj/AJc7uuHn0C+huvt9eqeNvBIvL/dBBL5kUP8Ay1/1VYc2mwabo3kX3l/9cq+ioVaXJ+7Od0q2Hd4o5/w3Z2NnFJfarby+X/0xqTU/Cs8H+nX1j5scvm+TWhD4b8R6la+f+7it/wDv1Wfr2vGz0H+yp73zPK839zW39pUv4Z6WCy2tU/eyPrj4S+L4PHst5B4x8rzL/wDeQ3c3/PWX/nrXm/jDwfqsN1qE+lWP2K3sLzy7yWab/wBFV9AeFfhj8Mrywk1X4Sarrdtb+d/pn9o3kXmyxf8AbKuH8bf2VpuqXF9fQRalqFrDL9jhhh/dS/8APL/trXXmmZ0Xhpwj9k+gyXCVcLi4WqHL+JPP8N/Buzsb7xH5moapeeZNpP7ryooov9VLLXz/AOJPEn2y6kvp7Hzf9M/11bniSbxGZdQvb+8kkvLq88z/ALZVnw+Fb7WL+z0qCxllki/5Y1+e5dU5sw5pH6Tn2IdbBxpx/lMOGGebWbPT54PLk/1nk11HhvWLLxJqknn6HbfaIpvLm8qH97Wx480fQ/DnhyOxggjvrjyftM13aQ/6qX/nlUfwx0G+h0v/AIWbrkH2byv9T+5/1tfaZjVoYbDxdM/M6GV1MZOUZGx42vNK0yw8iCeWL/lpDF/01rzvXpr6GWSf7bL5ctaF5rF9rHiO4vp/9XL/AKms/wASTeT+48ivy/H4mrjK597kuGwGT4f++cvNrE811+/t63NNh/1d9B/q6y5rODzf3EFamjzT3lh9h8jyvKqqKpUjjzDHfWqnxHQXmsaTD4c/f2/+kf8ALGWKvO9e1LyfMroNSh861/1/7yL/AKY1y+vwHzfPt67qSPnK1O0ffKcE015/x71oaBeX32r7R/z1/d1ThhHlR/uK0NH+z2n7if8A66ebXq0jxKn/AD7PQPAdnP8A2hHBPB/rZovO/wCWVffn7KPxa8K/CW2vL7xzBpN9Ja2cUsOnatpvm/2pFL/zy/dfuv8A2rXwX4b1iDw1df6fB5UcsPlzRRTf62tTWPjZqsOn25gvpI44ofs1fXZTVpUvjPIq4azPSP2o/wBoS51i61DRLfVftNnFN/xLYZfK/dRV873njCx1jS4/t08vmWs3mQzVn/EjxhPeX8l99nljklmri/7Y+xy3Hn/8ta9jF4qnTo3RlToUqlXU6zR/hwfiFqmoa3P+9t7WGWSsvwroNx/b0mrTwf6PF+7/AOuVfRHgnR9D/wCGRtP1WwgjivItSltppv8AnrFL+9rwv4weKoNHsI/Dnhz/AFcX+ulh/wCWtfmeIxuKrZpc+7oQw39lWgfbH7Jfx++EepfCXUPCvx38Yx/Z7Wb/AIk8P7r91VjwT8WtD8E+M/8AhI/CvlX1va3nmQyy/wDkKvzz+G/ir+zbqOwn8q5k86veNN8b32g+F7i+0q+itrjzov3X/TKliM7xOGqOK+0fLx4frYxSlA+5PFX/AAV6/aF8K6N9h8HarL5l1D5fm3f/ALSr4U/bY/bO134s6RcaTr0Nvc65dTeZeXgk/exR1leNviR4x8VeDbzVbHy4o4v+WPnf62vmPWJZpryb7RM8j+Z3r0MNiMZCiqtrGeEwCoVeWRT/ANc20Cu08CeCL6a7jn8iXzK5PTYSLqPz4a9u+D/j2fQba4tIfD9tcyTQ+X9r8zypIvNrjniG3zhmuIq0KP7s6r4A2euDxTHYwX0sflf88q/Rj9m68g1+W38N/E6eKWO68qOGW782P/yLXwJ8JdHns7pL6AxxeVN5nm+dX33+z38WvsejWd9qtv8Au4vK/dTV+fcVY6pGpBwgfmtTiKtTzBU5fAfY3xd/4JLeOfCngyTxLpt3FKph8yOWEeb9kr5F8VfBnxlBFcaH4qsfs1nazS/8TH/lrdV+pP7On/BSzwZ4m8N22heOY5Lmfy/La4Ayf+2lJ8ZP2SvAHxU8Dav8VPh3c2x0u6H2k6V5P+qrTBZ/iaMKfL7x+j5fh8vzWHKpaH5V+Kvg9od58OZINJg/0iKbzIZq+Y/2ivhXpWs+I/t0+lRyW8X+plmr9JPif8PdK8K+HLjStCsYvtH/AE2/1UVfFfxa03+2Lu80OCfypLWb/XV+k5Vn0a+G5akDxcz4ex2Cq89Keh4X4O8VT+CdLuINKn8uP/ljFXUfDf4tDUtZ8i/g/wBb/wAtq4/x74b8ZaDrPkWP/HvLN++rsPhjo/8AY/l654xvra2jirlx2Kq0qntFE+Ir5ZXxmI94+uP2UPgDB+1F4y/4RzxHb3Md5LD5kOoww/8ALKvRNY8K/Bf9jjRbjVb/AFyPV/EH73ybSKb/AFVfM/hv/go1P8E7CT/hWXlW2of9Bab/AJZRf88q8D+J37Tmt/E3VPt+rar5nm/8tZq+HxdLM81zH957sD7XJMheFh78j2D4zft7fEbxVr1xPY+I/sMcU3+uirH8K/tmarrFreQa5qsmpRy2flw/9Mpa+X/Fuj+P9StbjVf7Kl/s+L/XTRV1nwT+FfiPxVYRwaFb+XJfzf8ALWH91LFFFLLLL/1yiiilll/65V9Jg8LQwkorsfquSUK9TDyhGOx6h4k/acgmv44PFc9zc/vv9d51bGgeJdD8Vazb+R438qOX935Wozfva+a/G2m30N/H9un+zR3XlXMP9o/uvNi/561c8N+NrDTdUt7Gx1WOWSX/AF13/wDGq7Mzy2hLC81MJ4GtjMRy1ND9MPgno8HjDwR4ksL77Dc/YLOLyZvO8qWWX/plFXgfx48H2OmTeRquk/vPO/13k19E/wDBM3RLT4233/Cv9PMds2tWxNtqEkufKuh/yykrp/22v2H/AB74XLL4g8PSNcKPLtryzh8yKWvzx1a+HnyH0GA4dw6rqlUfvH5x+KvDdjCY/P8A3kdcf/wjV9r0v262/wBG0+Kb99NLN+6r6c+J3wG/4QPS45/EflyySw/6Haf62WX/AK614XeLfQ3+oW+qwfZo5f8All/qvKr6PKMRWr6cos6wWDy58vOHxV0C48B/D7wn4xsvCsUUes2cvk+VN5n72L/nr/5Crn/BPiXwrB4W/tXXDcx6hLeRRwwzTfuv+mtampQ+HNB8v/hJYJPs8v7z9zNXJ694k8D2cun/AGHQpLmO6m/5a/8ALKvqaOAlz3PmJ5tg5acv3FfxJr32zWfP0OCX7Pf3kvk+TNXpnwY+Nmq6Dr2j+Kp/A9tqVnoM0Uk1pqEMUkV1+9/5a15WPif4bs7XUNP0rw5Yx291ZxedNL+8l82L/nlVi816+1i6uJ4NVtvL8ny7yK0/1VrXr08tlNcxw1M0w65uc9Qn8V+FvHnxB1T/AISqCS20/WfNuYZtJ/1VrL/zy/65V4v8QtSg0e/ksbGeK58qb/WxVoeG9YsfDfiSO+0PXJfMl/5ZTf8ALKtzWfB9jeeHLy+1bQ/3l1N/oerRTf6r/plLWtHA1V8MiaUcPin7T7J5fefE6+n0W40me+luY5f9T/0yrl/+EqmniksZ7H/ttXWeKvh7fWd/cT+R9p/c/wDH3af6rzaw9B0HNrcX88H+q/5dKznhq1OqOc+aHs4n1x8B/j9B4D8X/YcyyW/2P7NXon7NPiTXPid+0tb/AA40PwBba3b6pNF/11i83/WyxV8X+FfElxP4pj0rw55kXm/u/Om/eS/9sq98/Zv8bf8ACvfHmoarY67fabqlh/x56haTf6V9qqc5gpc3s+x63D+GdapFnH/FnUtd8E+PNc8HarpUvmRaxLH53nfvbWWKWq82sT6boP8AoMH2a4upv+Pvyf8AW1754V+GPgC9OoeI/ip4jjsZL+8+2w/a4fN82X/rr/z1rm/jP8Qv2etB1SSxt/A/m2/k/wCutNS/1stfP4XDYylD2nKfp7yLB1FzyqXj+B5XZwarpugyeHIJ/t15f/6608nzf3VXPip4w8OTaNo/w58D+b9ntYfM1Lzf+fr/AJa1X1LWP+Eb0uPxGPNtvtX7rTYZvK82X/rr/wBMq5fwfo8E0t5fTzf62b9zLTxcsZyc9Q+Zzetl2E/c0F/28SQwwWdr589cvrGpedLnFdZ42vIBF9gsf9XFXm+salBD+4hH+t/11eFhXUqPWB837WVQIdXnmu/3Fbmj675N/HP5HmVzeg2fnSyQQf6yWtyGH7HLkV0aHDiodjqNY8NQaxo/9q2M/wDrf+WP/LWvP7zz4LryJ7euos9e/s268+pLzTbHXvMntx+8rKlVq0gw8YVF+8OXh07/AETz4J/3lE3nww+eTH+6rU/s0WcuRB5X/TaKrGsaPY6lax32lT/vP+W3/XWvWw2JObE4H2f7xHP/ANvTw2tU9S8S3v2X/R5/Nj/541JqVnP5WZ4P3kVc/eAf6+A+VXt0MYfO4ikWLzUoLvy4J/8AWRVh3k/+leRPb+X5tRwzQm7/AH8/7vzqk1iAzSxzzn/W/wDLKu6riKromEacKUz6o+Bup6H4l/Y88SeFbGeSTXNLvPtM1p53/LLyv9bXy3428Sz6lDJB5HlyV6p+yV8frH4KfEa31yeDzdPls5bLWIpf3vm2sv8Arak/ag/ZA+IPw2vJPippXhy51LwPqk3m6b4h0/8A0m1l83/ll5sX/LWvnFOUcQergsQqdOUDy/4M6CdY1n7cIP3dr+8mr6Is/B+lQ+F7i+nsftMl1+7him/5Zf8ATWvE/gn4kn8N2uqaVpUEcsmswxW3nTQ/vYovNr6E+KnirQ/GHhvw3YeDtK/s2S1h+zXn76pnglWxEJTPo8qxtKnRnCR5P/wiulfarjwrfQRyRxQ+Z53/AC1irxz4heA9T8H34t7+2lj83/UiWGvpvw34JM3ii3sRZf6P50X9sXcv+tlll/8ARVc/+0hDqvja68jxVP8A8TCwh8uH9z5f7qvp54GTwnuHh5lisLSqRsfMf/Tx+tdJ4P8AEk+my/8ALTy/+W1GpeD7aHzP+elU/sc1nFn/AFsfnV41PBVTgq1MJjKXIeweD/iL/ZxzZX0scv8ArIa9g8H/ALR2q6Zbf8TXVrmX99/qpa+a/Aej3Gpazb2899LHb+d/rf8AnlWpea9PDL5E8HlSV52OyL28P3h8DmWR4WvXtA+2PDf7bF9aWnn+HJv7N8qbzIZoq/WP/gjZ+0f49+PPjWPw9q19c3uly6NLLqVoJv3cUX/PWT/tr5UVfzqeFbzXNe1W3sdLt/8ArtNX7Sf8EefiFrn7KHwb1j+3NV/s288Wwxedq00Pmy2trXm1OH6WHwcpI+i4TymvDHKnA9w/ao8Kz+FfibqngX/WxxTf8sf+WsX/ACyir5DvfgDrfxN/aMk+FnhDSvtt5f8AX7JD/wAsv+WtfXHx+1ix17VNP1zQ9VkvZLqaLzpvJ/8AItRfDLTdC/Y8+Hmo/Hf4goJPHfjK4luPDlrKf3lhYSf6r/v7XjZNXxEMT7P4j+geIMmy3DZXTnU3t7x8AftIeA7HwdLJYz2/l3lr+78r/prXyH8R/GHiXzZDPfS/upv3NfWH7YHxOsdS1S81y4njikup/M/13+qr4v8AiRr0E+qXHn/6yvq3UxD/AIh+KSp5bTxLVM5/Ute1S8upM30n73/ptVPw34qns7/yftEn/TGi81L915EEH+trsPhL8E9V8Vap+/8AMtv3P2m8u/J8z7LF/wAtZa0p0z2cEqNSqdRo83irQrWP/hI7+SKO6h/5B80P+tir6X+An7dfgv4Ft4T8X6L8AfDet6hoP2+2vItbml8q/tbq0itZYvK/65ReV/01iluvN/1tfJHiXxV9jv7jSYNDli0+1m/4lunRTf8ALX/nr/11lrj4dY8R+JNVs555pbaP7ZXv4TLqMFGpVjzHpTzmOBjKjT2kd542+J0HjawuPhzrmhxXMkWpeZZ65D/rYov+eX/XKo/BP7OuqzX/AO4/eSf8udZcPiSxstU8/StK+0yed++ml/5ZS1+gf/BM/wAE+CNeTVfib8WYba5g0bTf3NpMP9bLXl5zWo0oSgj3uDXUzTNYxl8CPS/+Ca3jfxN+y+NFX/hBZZNe1m6xoN3qFn/o1rF/11/5ayy/88oq9d+Pn/BSrXPidrUHwb+JmseGNF/0wSm41FJk2/8AXTy+lZfxJ/Z1+OvjP4O3f7SV3rd7JqXh67STQbCzt/8AjwtZMfvYoq/OD4z+Ktc0H4q6hBe6HJc3Et55sN3qM3my+b/01rly3hj+0qV77n6NxFj8syeq68YRm9v8Nke0fGzTfHE3mar4O1z7bZ3V55f9owwyy/8AbKvnf4n6b4q0azk1X7D5Vx/y2/c+VUf/AAubXIfEf2C+1yT91N5ln++/deb/ANMq6zxJ8ctK1KKSx8VWP2n/ANG16cOG6uWVPcPwLP8APVmdfmR5H/aU+vafJBrkH+qhrk7zTbHTbrz2vpfL/wCePk17hZ6b8OfGEvkQX/2aSWuT174Vw2f2j/To7nypq0p4rlrezZ87hKM3zS5zy+bQfsmi3GueR5sd1N5cNY/gnxJPpf8Aahngkik/9G17B4k+Bvj/AE34faX4rgNtLpd1NL5MVpeRSSxeV/z1i/5ZVzdn8K7680u4ngHlSf8APLyf3Ven9dj9g2nRb9yZz+j6lpX2qO+vv3cf/Lb/AK5V3GvePdV8YaXpfhzQ9Vkj0eL955P/ADy/e/8Ao2WuPHgO+vLqP9/5n/XGuo0HwfpX9nxnVYJba3sP3kMUU372WvTw0o1qPKdFDF0MLP2fMdp+118YNK8VX8lj4N8HWOk2cWg2unWdpaQ/6ryv9V/21rz/AOIXhvwPpvwl8P8AiqHVfs3iC6hlj1iL/llL/wA8qsalr2qjU5NV1Wxi+2X/AP0x/wBVF/z1rzvxt4lsdYuri+8j7T9lrzsa44OGkuY+ywdGGJw3tOXlOghvNL8N+NpPEfhyfzZIpvtNn53/ACyrY8E/Gz+zbrxR8QIIJP7Yv5vL+1w/9Na8r8YeKp4Zf3H+jebD/wAsYaPh7Z39ldW8Gq+Z9nuv3ldNajhsTivcPKy3N62Eh7M+lJvjbrk3hKODXL7zLeX93/1y/wCmVcHrupaHZXUY8K+bc3n+smlu/wDVWtaF7o0HjDQY/EljPc+Xo3ledD/yylrk/GHxO0OylksdE0r7F5v+u8mGvUx8cJDDQ+z+p10uJMeqnsk+b9CSHxJBr1/Hoeq6rL5cX/PKH/VVuaPeQTXXkaV+6s4v9TXD+A9BvoftF9OJJZLqHzIf+uVSa98Qv7HtZNJ0o+VXw+aT9tTtylQxKqVf3hqeNvEkFnFJYQz/ALyvPzeT3mqSTwDzf+e1V7zUp5pfPn/1ktbHg/SAJf3/APy1/eV4FOn9WpHZPE0X/DOk8D6b/q/tEH/XarmvQehq5qQ/sjS44MeXJWPqV4PKxXm6+29oPng/smPNeT1Y03XjDdRjEkVU5/8AlpBmq/8Aqf8AUV0nDUVqx6Rpv9la9YSQTz+Vef8ALGseHz7O/ksZ7eL97Wfo+pXFlBHfVuaxqVj4qh+3eRLFcVpSpnqUcZRlRtOJT1LR/wB1/qPNjlrl9e8K2M1rJ9hn/eVqWU00+qf2VfT3MXm/u6j1jXr6yij0m+n+02cX+p8n/llXpYacaVT3jx8TgozftKZ5Xrxnhuv+WfmVHZzTzRf6dXWax4bsZrWTVYL7/R5Zv+WtZepeG4IbWPyJ/wB5/wAtq6Z1KtU8ypShf3zD/tKezuo5xXsPwi/b8/aE+DHwr1z4R/D74gXFt4f17/j80+WGKTy/+uVePTw+d+4P/bGo5rOeGXyM1F4uNuUyVGkdB4P8YT2fiP8Atyxsbby/+W1eweFfFU+pdo5Y5Zov9dXg+ktNo/mTbfM82uw8E+O57SK4g8+WMyw+X+6rsw1OnJ++XHEzoO8Yn2h4U8eeB/B/7+CfTbnVJYfK/dTfuoq+d/i/4qvtf1WS9g8qTyvNj86GvP4fiFq2m/uLG4liqS81K+h4/wBbHL+9/dV9TSlQ9l7OJ8zmEK1Wt7SJmalA1hF58i/60VlTfYZv3EFj/wCRq6DXj5+n2/2cSeZ/1xrm5p/I/wBRB/5BrlqU/ZBgva+yNCzm/seXyD/22rsPB9nomvaxHBPB+7j/ANd501edw+f5teofBLTftl/b3pgl/wBd/qf+etZ07Vqvsznx9P2VP2h9afsl/AfwB/bP9q+IvLtpIof9D0+b/Wyy/wDLKvrDR576aLS7FoPN+1TeXNaQ/wCtii/5ZRV8l2fiSx8B6zpeh3MFzc3nk/aJvJ/d/wDbKo/Ev7Y3iPR7+48cweZbf2X/AMeflf8APX/47XXXwNGWBnCRvkuZ1sHj6fsdpbn9B/wT/ZL8G+Efg1p2u+JYLLVdTsdN+0q0pzHF/wAtP/adfmh+314n8Qa/8RZPEGoeIYpL/VIPMsxLN+6iirwD4L/8Fxv2ovF3hTwp8I4tYuLXQbeH+zm0qW3/AHcsXm4/66y/9ta+p/8AhW+h/tOfsoaX8cfGM8keoeHNNuvO1CGH/j6uv9bXwWFy1YXFKcPtX/A+6z/Oa9TBS56nN/wT8z/2kP7c8uSfVZ/9I87/AFX/ACyr531i8+2XX+nebX0p+1RptxNqcl/Y+ZHH/wA8q+f/ABBCfsv+kQf6R/y2l8mvoEqNU+GwEZp89SJh6ZewQ6pH5Fj5le+fDj4zaV4P/Z48YWN94Gtr3UNU8rTodc/tKWKW1i83zfKiii/1sVfP+jaDPLfx+QJfMlmr0Sys9Km0H+w7GeT7Rf8A+uh/55f9Nf8Atr+9oWC9pVgfRU8xo4WiZ/go33iTWbjXNVvvMj/54zQ1l6lo0+papIbC38u3tZv9dDWhNr3/AAistxY2MEsX/TaGH/W11Hw38NnXrqP7dP5f/Tbya9KrX9lD2R8rUq4nEYmVQk+GXgOfUtes9K+w+ZJdV9OaD8fvhX+y7dW9jofg7/hKdQ0uGW5+ySzeVY/apfK8qKX/AJ61n/Cv4S33g/4VeMP2k9Ugto9H8Oab9mhlu/8AlrLL+6iii/6a18hw+Np9f8Z3k+q/aY/30sln/wBdf+mteRTyx47MIe12ifoPD+d1Mmy6fJ8cvtH3p8fv+Cp3xwtLHXPA+q+MbGKTxto8Vvr00UP/AB62sv8Ayytv+eVeN/Gb4zeAPHnhy31XStEii1Cwm+zTXcP/AC1i/wDatfL95qX/AAlXiPz76e58yL/ntXWa9ZjTbC3sZ9Vlj8395/0yi/55V+l04YNUv3EOXlPJxnEmKnTcK0ue4eKpr7Uori+vp/3kUPmVx9nr2qTa9589x5kfk/vvOrc8Ya9Yana/8SoSfZ5f+ev/ADyrk/JvtNNeVjcRSkfLOFSsuaXunpHhXX4LOL7dPP5Xlf8ALGug03xhY6l5gt/3v7nzIa8n03z7yx583/XV1lneWOgRxzwQSyXEsPmf9cq+clhqMCaWJqYff3jYs/El9DqmNKn8u3ovL3+2JZILC+lj/wCuM1cPeajfWV158Hmfva6Dw3NBZ3Wb6CT97/zxrknhqe0C8Ti8XWXPTO08H/2Tpsvkarbxy/8ATbzq2Ne+G8EN/Z/Z7/8A0e6/eeV/zyrh/wDTte1m3sbGCT97/wAsfJrQ8bfE6fwRYf2V5HmXF1D5cPnf8sq6oqpRo+0+yb5DhlWzBKXvSkU/2kLqxmik/wCEAMkcdrZxW15501eF6ZZz6vpd5bzTxW0cX/H5dzf6qvQPFU3g7UvC9nPof23+1Lqb/icTSzf6qq+j6F4W+H3hvVLHxppUlzcXVn/odpFN/wAtZf8AlrXzs8a2z9seG5F7O65VE//Z'}}]}], 'model': 'qwen3-vl:8b'}}
2026-06-26 15:28:15,132 [DEBUG] ThreadPoolExecutor-0_3: Sending HTTP Request: POST http://localhost:1234/v1/chat/completions
2026-06-26 15:28:15,163 [DEBUG] ThreadPoolExecutor-0_3: send_request_headers.started request=<Request [b'POST']>
2026-06-26 15:28:15,210 [DEBUG] ThreadPoolExecutor-0_3: send_request_headers.complete
2026-06-26 15:28:15,225 [DEBUG] ThreadPoolExecutor-0_3: send_request_body.started request=<Request [b'POST']>
2026-06-26 15:28:15,318 [DEBUG] ThreadPoolExecutor-0_3: send_request_body.complete
2026-06-26 15:28:15,334 [DEBUG] ThreadPoolExecutor-0_3: receive_response_headers.started request=<Request [b'POST']>
2026-06-26 15:28:15,396 [INFO] ThreadPoolExecutor-0_1: Successfully tagged 62c3fcf7c3024520aaa7b8b468ab3205.jpg with ['Photo', 'Butchered animal', 'Carcass', 'Meat production', 'Farming', 'Slaughtering', 'Livestock', 'Knife', 'Raw meat', 'Agriculture', 'Deboning', 'Rural']
2026-06-26 15:28:15,411 [INFO] ThreadPoolExecutor-0_1: Processing 86e5dca50bea4da1ab6e2a00027c2c37.jpg
2026-06-26 15:28:15,506 [DEBUG] ThreadPoolExecutor-0_1: tag: Software (305) - type: string (2) - value: b'\x00'
2026-06-26 15:28:15,506 [DEBUG] ThreadPoolExecutor-0_1: tag: unknown (40094) - type: byte (1)
2026-06-26 15:28:15,506 [DEBUG] ThreadPoolExecutor-0_1: tag: ExifIFD (34665) - type: long (4) - value: b'\x00\x00\x002'
2026-06-26 15:28:15,675 [DEBUG] ThreadPoolExecutor-0_1: Requesting tags from LM Studio (qwen3-vl:8b) for F:\kuvat\test\86e5dca50bea4da1ab6e2a00027c2c37.jpg
2026-06-26 15:28:15,753 [DEBUG] ThreadPoolExecutor-0_1: Request options: {'method': 'post', 'url': '/chat/completions', 'files': None, 'idempotency_key': 'stainless-python-retry-136762b7-c48a-4698-9c95-b4a1304c1455', 'security': {'bearer_auth': True}, 'content': None, 'json_data': {'messages': [{'role': 'user', 'content': [{'type': 'text', 'text': "Analyze this image, which could be an internet meme, screenshot, artwork, or photograph. Extract 6 to 12 highly relevant keywords. 1. Always include the image type as the first tag (e.g., 'Meme', 'Screenshot', 'Artwork', 'Photo'). 2. If it is a meme, identify the meme template/format, the main subjects, the core vibe/emotion, and 1-3 key words from the text. 3. If it is a screenshot, summarize the main topic or software shown. 4. All tags must be strictly in English. Do not use any other languages or alphabets. Return ONLY the comma-separated list of tags. No introductory text, bullet points, or quotes."}, {'type': 'image_url', 'image_url': {'url': 'data:image/jpeg;base64,/9j/4AAQSkZJRgABAQAAAQABAAD/4QBIRXhpZgAATU0AKgAAAAgAAwExAAIAAAABAAAAAJyeAAEAAAAAAAAAAIdpAAQAAAABAAAAMgAAAAAAAZKGAAcAAAAAAAAAAP/bAEMAAgEBAQEBAgEBAQICAgICBAMCAgICBQQEAwQGBQYGBgUGBgYHCQgGBwkHBgYICwgJCgoKCgoGCAsMCwoMCQoKCv/bAEMBAgICAgICBQMDBQoHBgcKCgoKCgoKCgoKCgoKCgoKCgoKCgoKCgoKCgoKCgoKCgoKCgoKCgoKCgoKCgoKCgoKCv/AABEIAaABoAMBIgACEQEDEQH/xAAfAAABBQEBAQEBAQAAAAAAAAAAAQIDBAUGBwgJCgv/xAC1EAACAQMDAgQDBQUEBAAAAX0BAgMABBEFEiExQQYTUWEHInEUMoGRoQgjQrHBFVLR8CQzYnKCCQoWFxgZGiUmJygpKjQ1Njc4OTpDREVGR0hJSlNUVVZXWFlaY2RlZmdoaWpzdHV2d3h5eoOEhYaHiImKkpOUlZaXmJmaoqOkpaanqKmqsrO0tba3uLm6wsPExcbHyMnK0tPU1dbX2Nna4eLj5OXm5+jp6vHy8/T19vf4+fr/xAAfAQADAQEBAQEBAQEBAAAAAAAAAQIDBAUGBwgJCgv/xAC1EQACAQIEBAMEBwUEBAABAncAAQIDEQQFITEGEkFRB2FxEyIygQgUQpGhscEJIzNS8BVictEKFiQ04SXxFxgZGiYnKCkqNTY3ODk6Q0RFRkdISUpTVFVWV1hZWmNkZWZnaGlqc3R1dnd4eXqCg4SFhoeIiYqSk5SVlpeYmZqio6Slpqeoqaqys7S1tre4ubrCw8TFxsfIycrS09TV1tfY2dri4+Tl5ufo6ery8/T19vf4+fr/2gAMAwEAAhEDEQA/APxjg00eV5EArY0eG4htfIMEUv7nzKr+TcTXeYJ/Lk/1laln58MWJvK/dfu5ov8Anl/21r3/AGVU9vKcF7at75oaYP7SMcGP9beRRw+VXQeTY2cv+vkkqTwrZ6X/AGXJNfQf6R/z9w/u/wDlrF/rf+/X/kWtzTdHghljngg8yT/V+d/01/5a0YGlU9t7Q/Scs4Xq1Z8sDPs4f7HmvPPsftP2qaL/AJbfvYv9b+6/1X72u68DfD+XxNps8RspZpYsNAkvlYij58zy/wDnr+98v/v1VXwp4BuPEF5/Z8s3loZvMgl/55RV7d4G8IaNpMNvYSTyeZGP9TFiOKvrspp1qtW0fgP6S8O/C/29P6xjI+4ee6R8O9LtYEaeN5JHb99/uUzWfhvZ2jbr2xjkjk/eRRQj/WV7/Y/CJ/Ij1XSri2uLc/vT5sX72KKi0+HMMMVxb6rB/pEU3lzRf9Mv+mf/AH7r7HA4eu63xH7DiuGOH54P6vH7J8x614f1DTNUfS20+OK4tRLHJ53/AC1l/wCmn/TWpNPvoYllu/FOjQ6jBZpDbQw4MXlH97+9/wDRsv8A36/6axV9A6n8FbLWtZuL65v47aTU7yWT/jz8zyvNrC1z9lyw8POll/wkP+tm3w+Vb/aYpZZYov8A45X0sKmJS9nqfiefeHEa+IvGXuHnN7qPwh1HSriW6mlubuVNllFP/qrHyovN83/v1+6i/wCusv8Aqv3Vc7r2m+D721/srw54c+zW8V5LHpt3LN+9l/6ZS/8ATX/VV0uqfBDUNB1OW7g0CPVre1h/cy4li8r/AJa+b5X7quK14T/b4/Dt9YSf2fFD5kMdp/rYpf3Xm/8ATWX/AOO16EcixWMwt5QPxbiTh2hlUZxlC3QseFbO+1i/k/f/ALyWb9z53/PX/nlWxeeFfJtZL2xgjjki/eTQ/wDxqpPhvoGl+JLC40rw5cySXks3mQ2l3D5UsUv/ADyi/dfva6zWNC1XR/Dnn+I/NsbzzpY4fOs/Lilli8r915v/AD1/5a1+VZ7k+MwdZw9mfnlfhxVaPtaZzc2pfbNG/wBOsv3ks3/LGsO70yfzf9Bn8v8Ac/66WH/W1qavqUJusz+VFcf8tvO/dVJpmj32pS+eNKki8r/ltF/yy/7axV8ZSw2JpVz5ieVN1uUseG9An1KwksZ4Y7nyofMh87/VS/8AXL/2r/0y/wCeVeX/ABO8KX/hXVfPt2/0eWb99aTV9MfCWfStBivJ74W32eWGWPyruGKW183/AJ6+bLa3XlS/9NfKtfK/56/vfNiz/ip8MdD8VaL9h0mxlubz+zf3MMv/AB8xReb5v7qKKWWK7/66xSy/upf3sUVfc5S5Kly1Int4Xh/G4arCpL4D5P0bxVYWWtfYYLf/AL/Q/wCqr339nq406z1iXxNqWp+VcwRR3kWoxWfm3MR/5Z+V+9i8r/P/AG14b4e/s5+JfFPiZtKt9KkkuI/3cPlQS+bL+683/Vf89fKil/79VsalNB4bmjg0ueWO3im/5Y/62tnTnif3Z+wcO0cNleDdev8Aa2P0c+Ev7eE+vXWn6HrmrRavHdQ/ZryLVrOK283/AL9Rfvf+WX+t83/VVoal8K/B3irwbeT/AGG2uY5ZpZNNu7Sbzf3v/LWKWvzD0z4harpuv27aVP5vlQxSQxTTS+VL/wAtf+ev/PXza+sP2Y/2ir7R9e8ifVY/LuoYrmH7XN/rYpf3X/2qvy/inhCth08TQPmOIMNluYXlR92YfFT4S/2DFHfWNj5f77y5vK/5a18//ELwTPpGuyarZTy/Z5ZvLmtJv+WVfdnjbTdK8YaDJqtuI44/+eU3/LL/AK5V8t/GDwpffb5ILiDzZPO/7+18XlWY16Ff2VU/D8/w1bBs8Ps7yfw3r0k88H2n/Q5ZP3P/AG1l/wDaVegTXl94v8G/2VfeVL/z53f/AFyilli8r/nl+9ua8/8AFVnfWl/HBP8A88fLmu/9VXUfDDxL9s8L3EE/+jSReVcw/wCt/dfvYv8A0V5Uv/bKvrI0/tHBlWb04y5ah5neefo+vSarBPJ9ni/dzWn/AEylqPUtBn0i/wDIgni8y1vIvJl8n/nr/wA9a6j4haDbw69JCYI4o7qGL/tl5sX/AMdrPvIf7Zis/wBxL/pVnLbTeT/yyl82X/Vf9/Ypa9KOJw/u+6RicfKk58ofDf4kar4Pureaxnl+z/bP+W3+t8r/AJaxS/8AbWvoiHTfDXxa8B6ff2Iji8QWH72HVof9bdRf88pYpf8AlrF5UVfL81mPN/fw+X9v/wBd/wBMvNi8qX/yar1D4b/EjVfB91b6rb+ZH9q8qSb99/y1i/dS/wDbX/lr/wBta8vOafP+8pHBTzqFZ+zqmp438H32vWEmh3v+jahF+8hm/wCeteH/ABU8H2P2CSeexlj1Cw/dzQ19gaxP4V8X+EY/Eelf6uX95/8Auv8AnlLFXzX8c7OCa7j/ANV/qfLhm/e/vYv+eX+t/wA/9sq5MoxFaVT2dQ8rF4GEq8asZnzvBNPZ3X27/W1vap4Ts/EtnHJamPzJf3sN3D/qpfN/5ZS/88pao6lo/k3UnkQVseD9Yn0HUI76A/8AXbzofNil/wCmUsUv7qvt8NUVOkdvsOf4DzPWNBvtBv5LG+g8qSKo4DjpXrnjbR9D17Svt0Bjlk/8i2v/ANqrzfWPDc2m/v8A/WR/89a7NZ/CHtH/AA6hTo8/2og71Jewf8t7egZH5/tUnn+1R0UGZYo8/wBqLOGeaWOCD/WS1JNZ3EMvkTweVJF/yxmrMzJLO87VZms57STE8VUoO9dNbeJJZfDf9iajY+bPFN/od3LNL/osX/LWLyv9V5X7ysfZnNOkc75/tVmHUZo08gH5O9RTQt/20qvXPUpVaiMVT9qaqtt7Vah5VcVQ028/deRP/wB/q0UhaBvJl7V5FWkzjxFN0yfz/apPO9qr+f7Uef7Vz+yOF07liDvViE+Zgg1TgkOPJxVmEfL0pfvDOqilo9n5uox28/7vzZv+/Vdt4Y+CXiXWzNb6bqFo8wh4tJbry5P+2f8Az1pvw38K6VDH5+q2NzL/ANNoZvL8qvYvB91oehxCbTPDFt5fn+YJbxvNl/z/ANs6/QaWU0IS98/vjgbgCliPexKPPdN+D/iqy8ux/wCWcX/PWvQfB3wq1W8tft175scnnf6ZLL/qpa6W312K+1Eztab1kn/1Rm/5a16N4f8AEfhC/itfN8OSrJEvlzXcV9F+9l/56/6qujK8io1sQ/ae7A/pzIuCMhy9Qqw99lT4dfCzTrhILDTbA3F3dTeXDLmvePhN+yz4hl1gHWbSxjiWTy7y7i1CL/RaPhTD8G9a8PTaVq+g6l5/9oQiM2l19ovHll/1UWPL/dR1oarrE3w/8VR+EvEUk+nfYQb26WIyovlS/vP9XL/ra9/FPL8vwbhSdvOx34/PMSp1MBgv3flbX5anu+ufskeHdH0qxuJfHUIhaeK2s1lEkea4L47fBFPh34unW0lOpIdN+0ynysyxR/vf3tcZffGLwwuop4fhs7680vUlS4W4v/8AW7P3sUkX6UvxZ+K+tQWVnfeEfHUkmlrY3VlBZSjzS91F5sv2WWX/AK5bf3UtfKZVmSWLcedyPkMHguJMPjYVK1bmUr7q35ddzmr+48NWdq+p6ncSSwRSxRx2MUUUnm/63/8AdVRuLXwcLqOKGa+Szum8u2urib91ayyyf8s/+2VGm+J/DnjvT9O8G6rpjWWoaUz29vLNJ5kUsv8Aqv8AWRf8s/8AlrW5dfD5oNMvP7a1G0hurhP3EVrafuriKT/lr+9/9G1+iZTW+s1dJf12Pr3WhH3MQYGpw+F/G3hefQdanEl5a+VHpF3DF+9/df8APT/nl+6r50+KngKD7fHYarBFcyfupLPUYf3Uv73/AFUUtfRGveG7jUtKj+3Ty/8ALWSb9zFLF/36/wBbXnfjbw1mS81aefzI7qz8uHUdPs4ov3XlfvYvKi/1X7qv2DLMVRo0VBn5fxrw2szoz9n/AMMfO8HiTVfB2tfYJ7KSS4imtY7OWL91L/rf9bX1Zo/xg+HX7RXw0/4Vl8XPKstctYYpNB8WQ2cVtLdeV+6/0n/rlF5vm/8APWLyv+eVeJeMvASs0epap4c/tKCWHzNSu9Pmljl/deV+9/5a+bL5Uv8Arf8AnrLWBZzT+G/EkelX+lyxyfurn97N+98r/W+b5sv7r/tr/wBNf9VWOZZJgM099H8+1KGJyXE+wrbFjxt8Mdc02/kgt/3sdrN5cM0X+quv+uVY+jzat4Vi+3WOlSRf8/k0MP8Aqv8A7VXpHw9+JF9o8UkH2G2ubOWH/j0mh/dXUX/bX/VSxfvf+uXm165oHgT4S/EjwbqF94V8Yf2JqkX7y886b/RvK/1ssVzF/wBdYv8AnlL/ANNfKr8ozvhGeFrOpTNMPl2XY6vzxkeH6D4q1W8ij1We+luY/wDljd3cMv8A6N/dS/8AkWpJptVvPEdnqukwRxeVN5nnedL/AORYq7CL4JT6bqFxpU9jbW15FNL532TyvKl/+NS//aq8z8bXn/CK6XcWM88v73/lr53lf+iq8XEYL6rhT6vMaGCyvCU6lV3gfQWo/GPRNB+Hd/8ADLw9psf9j+IdNtrjxaNQ8sXH2qP/AJax3PleYvleVXyr8SDfaZ4yuLHXfNi1CWaX/S/9X5V15sX+tiqxZ/E6+m1mOefzZf8AQ4vO/fS/6V5X/LWKX/nr+6qPxhaTXktvfZjlk/1fnSw+V5vmxfuv+/sXm/8AbWuLAyp0V+8Pls84hwuNjGOFioxscnLZX8MUkA82O4i83yfOh83ypfK83/v1L5Uv/kKvZPhjqUH7u++3Xv2iKb7TDDaTSx/aopZYopfK/wCmvm+b5v73yv8AVS/vfKlrzOH7bDFp99P/AKy1h+z/AGuH/Wyxeb5sXm/9cvK8qug8HaxPPLHBb/6NH5119jhhh/1UsUvm+VL/ANdYovN/65ebWmZ0aOLwc7HwlTHunW96R9SfDD4qWUN3HBPqvm28s3lzf88qufGDwrY6nF58H/PHzLOWL97+6rwuy1ix0fXrjz7GOSO//wBNhm87/VXUX/H1/wBsvNill/8AIv8Ay1r3Twd8Qv8AhJfC9vof/QLml/0SL/nl5XlSxf8AfqvwXNsreExntOQ+fzP2OLXLUPnvxt4VM11b31jD5VxFN++h8n/Vf63zfK/6Zfuq4fwGf+EV8W28+PM8q88zyf8Apl/zy/8AIvlV9Oax8O/tkUljBB5ckX7yzrzPUvhvPpnimM2Olf8ALGKT9zXpYXE0qlGx+a1MJ7LGe4cf4w8N6tNoMdjqsEn2y103zNN82GXzZYvNili/7+xXPm/9+q5ezssaXeX08Hm3EV5ayQ+d/wBNYvKl/wDRUVewax4b/wCKX0++EHm3FreSxzf+QvK/9FVycPhuGG/uLAQfu5f9T/1y/wBV/wDGq6KbpG0/Zy5oHJ+O/B8+mxf6DB/rft8cMP8A262t/F/5F82qdnFqGni8m1CeWO4h/wCJjpsMv/PX/Rf3v/gLL/5K17p4a02DWYrOC4sbby4tSiuZv+evlS+Va3UX/kt/5FrL0f4M/wBm6fb6rqp/eRWdrb6l5P8A01ilil82X/prFFLL/wBta6KVWjf94fPY/BVoP2lI838N+PL7QftmlQQSSW91N5kNp/5F/wDjsVZ/j2zvtZEc9iPtMd/+8hlh/eeb/wDbYv8Alr/y1qPUvDc9nrMljfQfvIpvLmr0TwJ4V+22snnwSeXL+9/55+VFL+6/z/5Frpo0sJGd0bZPSq4qtyVD531jw1fH9xPYyy/vv9TXP6loM9n/AKRBBX0x42+G8FnLH58EXly/6mXyf9b/AJ/55VxevaPBeWseh/2V5kcU3lwxS/621/69pf8Anl/0yr18LT9sfXfUXTj7p4fDqU9nx/3+iqvrEMGvxefYzxxSf+Qpa7jxJ4JsPtUn/LKT/ljLF/y1/wC2X+f+uVcfqXhyfTZf+WX73/ltFXrUU6Zl7H2hy82mwsJMwfZris+eGeCXyK7D7H51run/AO2M3/tKsfUrOCb/AF1d31ak6WhxeydMw5oaIO9d/afAP4ra98LdY+M+h+BtRvvCnh28tbPXtdtLTzLaxurn/VxSyf8ALLzc1wk0PlV5FSDi9CGmtyTyPerk95calJ588/mSf89apw/6n8Ksf8sqzOYjqTz/AGqOj/VUGNQkmm82q801E/ao6zClTJP+WtbNjqhu4vIvp/niPlwzVlWcPnf6j/ttWh/ZsEP7jz4/L/57Vy1Yozrqm/3ZowxmUbcVq6r4L8R6B4U0vxnqmlSxaXr32r+zbvyf3UvlS+VLF/11i/8AasX/AD1rJ0HUYLO6/fzeZb/6ub/7VVjUdSn1Ly9PuLj93F/yx/5ZRVzewo+zNMNg6UacnIpwS/8ALDFXYGx08uqS2U8P+kTwSfvYfM/661oWemzzRfbp/N8uKb99L5P7qubkPMqYSVTVH0TZeEvAOmeHoH1WeSLWJz/qrSTy4/K/6af/ALqrd7PodnBnQ47kR3Tf6JDdHzZYov3sUvmGKKL/AKZfuq8v07XoLy1j/wCWnm/8tpf3UVdx4bm8OXlrHBqviOL97N5d5LND+6i/55fva+7Wb4Wb0if6IZBn+EqUuSjUNrRNRJWKaaLy7d5v30Mcv7z/AK6+Z/z1rasL/WJdajgWOOL7LN5n2Xzv3X/PWusg8Ewf2ZJfQT2X2iKGWS8l+x/urX91LL5XlSxRRebL/wBdfNrzPX/iRY6DqFxBoYllkupvM+1+d+98quyvmNGlheaJ91/rFVyzD+0nUse+/Dz4z+I/hFrwv9Av7dr6K02aZcXVpEfsksv+tfy/+ev/ACz/AOWn+tqp4z+Mnizx74k0fW/F+sPqEktq1rNfSReZJbN5URjMv/LL935sdeC+CdZFla3n+nf6qbzP3P8AzylroL3xtnxRb+Rff6PLpvlzedN5UX+q8qWvznN84xNb93czp8VYbEL6zFRVT8bep6x4wvPFM2jR2Wq3tzJeWuj38um/9NbqK7i/df8AfqWptI8e+I9RS8+HTS/bpJbyKbQ7yH/WxXX/AC6yx/8AXX/Vf9soq42b4nT+KrXQ4NVsYpftU0sk32vzZfKll/0WX/Vf9Nfs0v8A21lrPs/FU+vaXp89jBHF/bPhv7FqX2SHzfNli/5Zeb/2ytv3v/TX/v75OW1qlCt7S53/AOuWEq1Irnv5eZ2Gj+MfFWm69cWNjYxfbLWaWO8hh/5ay/uoq940jXPFzfDOHxTrmifbtCtfl0t7iMfuH/5axRyReVLF5e3/AK5cV89+D7y4+1ahfX1hFff2p5V7DNd+b/osvlRebLF/39/1X/TWvpTwn4M8f3ng3RJtN1m603Q59O+x2omuYrjTrmWL93J/yyllil/dSebFLX6XkWYclT2nOdDzili2vaTjv+nTzOf1LV9D1KWQT2Plxy+VHZ3cN5/rf+estY/iv4f38NtqGuaHqkcdva2Usn76z/0m6li8r91/11/1X73/AKZV0194X8ZweJY9M0qCySxgGzT5tLi8uOb/AJ6yfvf3n+tqjd+G4NP0+4hvtc8q4tfN8mKKHzIv/ttfseT5hKtS+L7j3akKOLoRdOR5P/aUGvRapY+OLH/WzRR/uv3Usv8Arf3v/kWuH+IXgPSof9B0OeO58r95pt3NZ+VLFL/zy/1Xm16p4k8NarZx2+hWNjY3Nn5MX+phrl72y1bTdUt57Gx+xSfupNNu4f8Anr/rfNi/6a//ABqvscLmFqZ+S8WcJVsbV9oeVw6b4k0GaSw1zSo445fK/wBE87/W+b/y1/6Zfuqk0/xxe+HbmzlurTUra8F59ntYvI/e+bF/zyl/e+b/AKr/AFXlV3GveG72G7k1WDwrbXOn3UPl3mh/8tYvKii/1Uvlf+0qx9U02xvJfI1aC58v91JD++8y6/6Zf6TL/wBsov8AyFL5UtdNWvhMXS9nUPxrEcP5hl1aUqe57ho/jzwd4qurfwBPrf2mOWHy7PUJobWLzf8AnlLbSyxRfuv+mXm/8tf9V/yyrwv9ov4SeMfDdrca5fW9zJbyzeZDd+T/AM9f+ev/AC1/7+/9dajs/wC1dBuo/P8ADltfW91N+5mh/df9Nf3vmxf/ABr97XUaD8VNch8vQ54Ir3Q5ZvMm0maHyv3ssXlSy/8APLzfK/6Zf88q/OM7yf8Ae/u/eiTisc8dgvquJ0l/W58t3k19psPn+R5tvFN++i/1vlf6quos9e/tHwvb+RBL+6h/5Yw/uov/AI1+9/8ARtegePPgzoevWGoeI/AE8X2j/mJaT5P/AD1/6Zf+RfN/6ZfvYoq8rs9H1XQbWSCD7TGbWHy5oof+eUsX73/tl5VfnGOw1SlW9mfCYnDV8JUi+h2EMU88Nxoc9hLL9qh/0P8A5a+bLF+98rzf/IVXPCsNvo8UnkWPmXn/ACxu/O/e2ssX72KWKX/prF5v/LX/AFtrXP6Def6JcaDNP9p/5aWf/PLzf+evlf8ATX97F5X/AE1rvNH8HzabLH/a1jJFZ6pD5lnFF/z6+bL/AOivKl/1X/LKKWL91L+6rzHVrUl7M5uSlWq87kdpr3w98Y2elx65qtjLFJrMN1c6bNL/AMtbqKXypf8AyLF5X/fqq/wy8Vf2bfx3088n/H5/Z15503+ql/561qab/wAJxr2lXGuX19c+ZF/pt5N5MsvlX/7rzbr/AK6yyxeb/wBtYqy/FWjwQ69qHk6V9mjv7z7bZw+d5tr+6/5ZRf8ALKX/AJZf6r/W+bFXzeZ4KVWn75x5jl1RvnjPQ9U1LWPsdrZ65pX72PzvM/66/wDPWKuw8VfDfQ73S7PxzoZj8vVYfMs/+mUsX/LKX/nl/wDba8r8N6xBeRXnhS+m+zW/7q9s/J83zYv+WUv+t/1Uv/XX/wCNV7B8H7P+0vDknhW48v8A4/JY4fO/8hV8C6DwlY+QxWCqSlp8R5XNpv2yw1zSsReX5MX2Pzv+esUv/wAa82vO9Ss76HWbeCCD95532abzYf8AprXunxC02DTdU+3f8u//AC28r/nlXlevabDDLJY/YI/L87y5v+mtejhqntjwMRgcasQ2jY+DOmwQa9cQX8H2m4tYfMh82H91LFL5v72vWPjl8MYJvg3p/iqCCPzNUh8vyYv9b/osXlf+ipYv+/Veb/BTTYJtU+zz/vZIvNtoZf8Anlay/wCq/wDav/f2vpTxh4b/ALS+GlnPB+7/AHPmfupv+Wv/AC1rDEX+tQ5D28twM62HlGofA+seG77Utf8A7V/eS3Ev+u8n/lrLXpngPw3B/Zcc9v8A6v8A1kMv/PL/AJZf/apf/ttaHirwSv8AakkE8Evl+d/ra6jwRoM/9lR/brHy45Zv3MUP/LWX/VS/9tfK/wCWX/LWL/tlXswqezsRhcsq4PFc5xfjfTYPFWg3GkwQRRapaw/+Qv8A2rF/6K/8i14fqUMEN19j1WDy/wDln9r/APRUUv8Az1r3jxv4av8ATdUjgvoPL8r95ZzQ/wCq/e/5/exV5P4q8Nzw38n/AC7Ry/u5vO/1X/XL/pl/nyq+nyeVO0uY9OVefPKB53420G/s/LsbGxjl82b9z/y1iuv/ALb/AN+q4vWPCs+pzR2Oh6XcyXEv/MOh83zf+/Uv/tKvSLzw3P8Ab7jT9VsfL83yoporub91/wBtfN/5Zf8AfqsvXrOxs/Msf9J8y1h/13/LW1l/6a+b/wDHYv8Av7XtUMPOcbkKlRpw55yPL4NB0u9tZBDfS/aJZv31p/yy/wC/v+f+WX/bLH17wrPpsseJ7aXzf9T/AKZF5v8A21rc8VTa7NfXFjff6z/ptD+9rL/4RWeGX9/B5nm1OLqKjA4qlSnVq8kPhPSfgN+278SPgJ8NPFvwIWX+0vh944hi/wCEz8E+bFFHf+V/qpYrmWKXypf9V+9i/wCeUVeFaxpkH/H/AGXmS2//ACxmroNS8Nzw8qfMj/8AItZ/9j31nLXJhp0Kki/ZKovZ1DDOmf8A2mrH9mz+T9o8iT866TR9BsbyOSx8iSKTyf3NpN/39r1zwT+zR4kvNB1C+/sq5lji/dzfuf8Arl5Ve7Tyl4iN4GmHyWdb4D53ms6r17JqXwZvtH8zz7eX97/y2hh/6ZVw/irwpPpssduYP3n/AC28n/lrXm43LauHOPFZJXwu5x//ACyqtD/rvxrVuLP97/00qSz0eCGLz68SqeLVXsjtfhD8c/G/wN8OeIrD4e21nZ3vi3TJdFvNZlh8yWLTJYpYrq1j83915Uvm/vf+uUX+qrgvJ86Wp/sdz/eH5VZs9N/e1w4ipY5amKjcLPTJ/wB5/o//ANqrQg02eG6j8/8A1cv+p/6ZV13g3xJY+FdJkm0TTbyPxBK11bzXct5FJbXVhLF5UsX2aWL/AFv/AE183/tl5sXm1V02z8mLyM/9NP8AU/62uL60aUFWq1fdCzs/scscFxP5vlTfaZof3vlXUX+f+2sVdRe+FfDh8Gx2NvPc22uRTS23leTFFbXVh/x9RS+b5v8Arf8AWxeV5X73/RfK/e1n6Fo+LqOAT/vP9ZD/ANNa6y88KwTaV5E9jLLZ/wCshi87/j1l/wBV/rf+eUvlf+iv9b5Vc31r2R9dSy+McJqeZ6NqX+lf9O8X+ursNBm87WbOAQeZHFN5k0MUPmS+VXB6PP5B8gf8ta7zTdb/AOEb0uP7FPL/AGhdQ/vpf+WsUUvlf+ja6qmJ9ke9l3EuMy+fuz0Ows/iRfQ6Xb6Vf31zL5upS3N5L/z1/wBV+9/9G15/4k1LybqSex/e/wDYRhi82i91i+vIo4LeD/lj5dnF/rKuWXhX7ZLZ6rcTfZrP/Wed/wBMvK83yqj63Oqj7PEcfYjG4SPtanwm54b16+m8JeRfQRRfvvM82KGL91L5X/LX91/nzZa6DUry+0CGz+wwxS3kUMtzpvlTf8fUv/LKL/7VWHoM8GpXVxpMEHlRxXn/AD2/dRf8svK82ushmsLKWz8m+82T/WQ3f+qiili/5a/9Na8ypveocmC4zqVJWhUK8OpGz8JXhsPNuY9Lh8zTfN83/RZZf+2v/TL/AMhRf89a6jwr4k1XXvFuqXGq6VLbR380tzDLdw+ZLFL5XmyxS/8ATKXzfK/79f8APKuo034PwXlheT+RLpEktn5d5aS2cv2WX/Vfvf8AyFVjTfBM8Hju8gsL6LTf33lzTSzRS2sX7r/yFXJPF0VV/dn0+AzPEVcTF+0Og8Bw6HNf/wBq+I9WvvM0u8lufsmnf8fMXm/88pZfKi/1v/fr/prX0foHx48MW/gnWLW48GaRG919q/s3T5p7qWG6/deVF9p+fy5f+WnmxeXF+9/OvmzwT4qsfhvfyQaVrlzJcWtnLH5OnzeXLL/z18qX/llF/wB/Zf8AVV5H8Tv2hJ9YupPsOqyR+bN/pkVpD/36r6bKpzlqz9NwXEWU4LDv6zU99a7n1HrX7WegXk7aNrOj22pSreS3ESWkv2S2sv3v/LP91L+7/wDjtYWnfH7wzq+t+fNDFZW/k+X/AKSv2nypfK/6ZRRV8Y/8J5qs13J5E8v7395W5oPjDXLOKOex8uW3/wCW1foWAzbFYSl+7nY+myXxIwNWsqcV7h9mafrPg7UpfIHjaO3s7q88uaX/AJ5f6qpvE3w5tLq48rTvFqavb3UMvkyJZ/8AkKvmXwr481azMdj+8+zyw+ZDLD+882vRPB/xJnhsI7GDypPN/wCWvk/vZf8Apl/9qr3MBxRi/afvD9Mw2dZVmq+L8juLzTf7Ytf7Kvp/9VD5cN3/AM8pf+WVcv4q8K+I7K18ifQormSKHzP+msUUv/PL/nrXUaPrf/CVaXb2c0FlH5U3/H3af63yvKi/dS/8tZasTabPoP7/AOw3P2e6/wBTd6f+9i/65f8A2qvtcNnftaPOfPZ7w1RxUfaUjzOaG+1LR7ieDSpbmT/oHf8ALWX/AD+9rk7u8nh/4m39hx3PlQ/6nzvN+32v/PL/AFv/AH9/7Zfuq94m8N6HeeF47jSfKjuPsf76a0m/0W//AHX/AC1i82KWKXzfN/5ay/va8j8X6P8A8TSTVvsMltcf6yaGHyovN/56/vf3UXlf9MvKrpw2OVb+IfhPEPDkaCnU5vfM/wAE/E7Vf+Eojn0u+vbaSL/U+V5sssUv/Pr+9/56/vf/AEV/y1qP4h/DceMNL1DxV8ObGW+1jS/NufEmk2ln/wAetrF+9/tCL/pl5UUvmy/uv9b/ANNa4fUpp9Hv/wCytVsbb/U/ubu0m8zyv+eX7r/lrFW5Z69qsOvWc9/+6jls/Lh/sm8ll+1Wv7r91bebL5sssUX/AC6y+VXz+Z5bRrVfaUz839pKhTqUqvvJ/g/I8vvPEs+jxfuPM8u1/wCWX/PKKvSPDfxC0rxh4ck8iC5l1yKaKSGK7/1sv/PXzZf+Wv8Az1rz/wAYeFoJvMudKvraXzYf3PkzfurqL/2l5X/LWL/llWHpt5Po0WR+7k/54zeb/wBda+Cx+C5K3vHxcqtXD4jU+jNH+MF94bis9dsbiS5uLWaK586L/lraxf62L/v1FL/+9irpNe1Kxm8v+w/tMtxLNFe6DLD/AM8pZfNli/7a+bFL+6/dSxS/89a+a7PxJqvm2c9xP+7i/eWd3F/rbWXzf3v/AE1li/5a/wDfqvVPh742/wCJXpcFvBFHcfvbab7J+6/e/wDLKX97LL/qv3X/ADyll/e/62Xza8fE4L20eY68Nj1Vq2qHoHgPyYf+JrP9pi+yzeX5MP8Ay1tbqKWWLyv+2sUVe0fDe8+xanb32hz+Z5vlf6XL/wAspfNi8r/v1+9/79V43N4v1X/iYX3/AAjlt9n1mGK9s7SGH91FLF+6litv+eX72KX91/yy83/Vfva9g+DN5YQ6Vca5pNvbR2d1NF5P/PKKL7VL/wDGv/Rv/PX918dmGB/fHq08DRxNeEoHSeNtMn1LS7yCe3+zSf6z7J5P72L97FL5X/fqKWL/ALZV8969MIdU8icfvP8AV+b5P/fr/wBFV7ZeeMLfWPFEeuTwXP8ApVn5c0Xnfvf9V9luv+usvm+bLXifirR76HWZP9Hl+0ed5nlRQ/62Lza7cHlHsqJWZcNTnNumdx8B7OebxTHYmHy5JZvL8q0/d19uab4PsfFXw5jsdLvraWSWH99/0yll/exS/wCf+mtfG/7Ouj/2lrX+j/6v+0rWPzv+esX7r/lr/wAtf9b5tfdHgO80Tw3FHB/yzlh/feT/AORa8DMcLWo1uc0y7JoYVfvD5z8cfBmea/uPtFh/pEU3/LX/ANFVh2Wj/Yh5GqwS+XL+7/65S/8ALKvrTxtoPhzWJbe+M0X2fyYv9L/9FS1w/jz4ZaVqWl/brf8Adyf8sf8AP/LWKsoYjWHtDXE5fR54ny38QtN86wkn1X/RriL/AJiM0Pm+V5v+qll/56xS+V/5C/6ZV5v420CDUtLkmt4PsNxYQ+XeedD+9sPN/wCWUv8Az1tZf3XlS/6r/nr5VfQniTwTPZzfYZ55YriL/kG+T/rYvN/1vlf8spbWX91+6/65f9Mq8n8SeFYNNvPt1jb/AGb7BDL9jtLT959g/wCesXlf8tbCX/nl/wAspf3UtfSYSvGmfNZllUqU+ZHh+vaZBrNjHoekweVqH+q0f9z/AK2WX/l1/wDjX/XX/W/6qvH/AB5rGlwxR/bvM+0RQ+XD9r/e/Zf/AGrLF/2yi8r/AJ6/uq+jPGHwxg/tD/SIIorPWbOX+x5Yv3sUUsX+ttf+uX/LXypf+esX/TLzfG/jl8OPFfirVbc2Oh3MmoXWpRW37n97L5v/ADy/6a19jh8bRp4OyPl8wnSoUYzkcX4b8Hz6xdef/q/3Msnnf9covNl/9FVT1LTeZIPIi8yKby/9TX2x4b/4J4+Kvhv+zTpfxi1bVft2n3WsX+k2cP8AyytZbWXypf8Arl/pX2m1/wC3X/prXzn8Wvh4dG1qSexgl/e/vP8Av1XxlXNnjq86cfsndlOBhj6XtqZ5XqWj+dax3HkebWXeabB+7zBJ+9/1M1dx9jglsPs88Hlyed/rqz73R/3uDB/00/dQ/vf+mta4GNRVTuxOU1yx8DfBOheKvFFvoeqweXH53+u/55V+8f7G/wDwSk0DUv2XbHWdavJLHXNQ0eIaU0sMcttFHiOaLzYv+WsXmg/ujX4ceA7yDwr4jt77yf3kU3/f2v3V/wCCZH/BVP4Oal8F9L+GPxW8Ww6be6Pp0Udrcz9Joq+zzX+2IZbTqYC+m9tWeNTzCvgK3s5y5T8sf25v2a/EX7OfxC1PwXr+ifZpI7vy/K/5dfNi/e/uv+mX+f3VfGnjAWN5L5BsrnzP+WMMv/LXyv3UX/bWL91X7P8A/BdT43/s7/F7StF1r4b+IbHUdUik8u+kspdkvlf8s+frX4wfEO8sfNkzPF5cs3/LL/Vf63/W/wDXWvq1hK2Z8NU8RiKfJVflbY5aGdVcfXnScublPP8AU8fao/8Alr/y0h/+1Vq6B4wmsvBeqeDH0fR72PVL61uIdQvbTzL6w+zeb+6trn/llFL9pk82L/VS/uv+WsUXlY2pTfbJZD/q/wB9/qvO/wBVdf8APX/nr+9/z/qquWcBPmT/APLTzv8AVeV+9r8wxWGq0pHJmFP2NH2kivZWRm/emD/V1Y+x+361ctIfK/cUf6//AFHNeJVPh/a1alYNN/4+v3/leX51dhoPhW4murex8jzLiWby4f8Arr/zy/7a1zem2cHm/v8AP73/AJbf88q9I0GGfUrCOx8/y5LqGKPzv+eUsX+qlrzcSfccPpVX+8K82gz/AGDMB/eS/u/+/v8Aqv8AtlL5Xlf9da9E0HUoNYsLyxnFlFcWsMX2z7XDFL5thL/y1i83/W/62KXyv9b/AKqX/nrWX5082sxz/u7b7f5scM3+t+wXXm/vYpf+esXm+VL5VXPDfhuxF3Zz32lSxxxal5dnpP8A0yluvK+yyy/9MpZZfK/6ZSxV5vJKsfZYuPs4fEfM8Mw83/nr/wA9vJrYimnlm/48ZP3UPmf6n/yLUem6ZY2nl+ffRxeb+8m/6ZVqQ+LtJ06LFjpUX/bb95F/36r1/ZH5/XzKNGsSaDZzzXXnT/uo673xX8VPDem+HZ/DdlbR315LNF+9/wBVa/62WX/VRf62WKWX91/yyi/e/upfNryqXWL6fjz5KgkZUl3BdxropbHJiM9U6EqcY/EbGneKNcg1DzrG48vypvtMP7mu38E69rmpX8ebf95/rf3X/LWuU8LaMdVuI7CERRyS/wDPU121jdeDtFH2KCa2vZz/AK2UTUqjoy/dni4bOsXhcRHkjzHsPhX4haroMXkfafs1v/yx/wBM8uL/AL9VHZ+JPB0N/qE5muZbP+zf3P2T935svlfupf8Arl5sX+tl/wCWVeJ2esT3l1/o8P7vzv3P/LPzYv8AyFXWWd5DZ3UYnniuY5f3nmy/8tf+esX72L/tl/yyii8qvK/s2l7Y/ZuH81xMqPtqsjU8bTTzaFJquuW8sUn72TzYv9V+9/6ZeV/rf9bXheo69DLdXE9vBFJ++lkh/c+VXcfH74hH93YqPNj8n99/qvNrxubWPO/49/8AV19bltPlhyTHmea+3r80JnaaDqQm/wCPgf8ALby5q7TR9Y0qG18iC38rzf8AntN5v/kKvL9I1JvL8jyK6ix17yTGIIP3n/Pb/nrXrHs5JnFTDnqGmalYw2v9l+RLLced+5u/O/8AaX/LWuo0ybXNBtbexuLKxubOX/lt/n/VS15Po3jHyIY54IP3n/Pbzv8AVVuQ/E6+htrfyII5bfyf+Wv/AD1/z/yyruw1T2Z+mZVxisNV+M908N/EL+zYo/P/ANXFN5k0M3/LWL/MteqQ3ng7xtoMn9lT/wBmyS2fmwzXdnLFFdRf88v+evm/+0v3v7qvlfR/Hk+s3Vv5E8ltJF5sdnND+9ll/wCmX+f+etdh4J8YaTpvmaHfT/6PdTfaYYYf3Usv/wAdl/1tevhMTWp/bP1fJePIYjSVQ9ch8VQXmjSQeJIbm5jtYYraGWKaLzYov+mv/PWKq/8AYOheKpY9Kg1aOWz/ANZ/aH/HtdWsv/TWXyopf/RstU/Cs1jrUVwYP3Vx/rIbuKH91LXP3mpar8PfFUc9jYyRSRfu4dR07955X/LWtJ5hiKc/cmRn0sPjl7T7Jj/Gb4BeI9NluJ7jQpLn7BN++mmh82KX97+9/e15uZoJopP7cgklt/J/4mXnWfmRWv8Ayyill/5a/wDbXzYv+2tfTnw4/aWgh8zwBrk/2nQ7rWLW9vPK83zfNilllil/1vmxf63/AD/qqsfGD9mPw58QrC4+MXgC+ttJvLq8/wCJb9ks4pbG6/6Zfuv3UUv+t8391F/1yrvy7Op1avs6p+T5jkcKrnUo+8j5f1LxX4j03WY/BviPSftsd15UWpWn72X7fF5X+i3UXmyy/vfK8rypYvK83yq4/wCIXhWaz0a38c6VfxXNvdTS232uL/nrF5Uv73/pr+9il/6a+b5v+t82KLs/Hfw9u7eJ/CvibR3sntYpfsFu8cQjPmy/vYvN/dSy20ssUv7r915Uv+qlqhot3c+IdMvLfxJ9p/0Wx+z69pInl+3X8UX+quoopfNl+1Wv/oqX91+682vRx2W/WFzH51mGVz+0eTw68ZrD9/D5kcX/AE2/1X+f/aVdZ4V8bqftGlW99+7v4fLm82by/wB7/wBNf/RX/fqub17wfPpt/wCfb+XLHdWf7mW0h8yK6i/z/rap6PNALuOf/ln/AKuaX97JXzWJw6ofu4nw1SlWo4g+rPh7Df8AjDw5qGlT2Ev2y1mivZvOs/Kli/deb5v/AH6i/wDRVekeEPGGraPoPiA+fLbSX/2X/RPO/wCof5Usv/kzF/39lrz/APY50C41LWY9Kvj5VnLZ/ZtStIryK2821837V/rZf3UX/LKXzZf3X7qKtT4wXkGmeO9Uig8VW1zb3U0v+p/dxSxf9Mov+WX/AKK/55fuq+dwmWzxea8j+E/T+EsLWr6yOo0b4hfY/Elnrn265ks/tksepXcUP73ypfK8391/1y83/wAhVqan8N9VvbuOfStVj/tDzornTZv9bFdS+bFLF+9/6a+bF+9rx/w2f+Jpb/6Rcxfvv3MUP/LX/pl5teyaDf3ug6PZ3k88ljp8v7uHVprPzLGL915UsUvm/wDHpF+6/wBVLLFF/wA8q/VsPwjB4fU/X8DDAww8lWgeqfs6+DoLPT5PsPl20l/N/odpL+6/exfZf3Xm/wDPX/Vf9+v+mv730i88YTiw/cebLcRf8sZv+Wv/AEy/661y/wAE9Hb4qy3Gh6JYxRSRQxfY5tJ/eW0vlf6r975svleb/rf+/X/PWuo8SfDHxHoNtb32bn/ll5P/AE18r/VV+ZcSZRToVnBHy2bPL72plzw38TrHUrDz577zY/O8ubyf9bF/2yrU8N/E63hlksb6eOWOX/lt/wAsv+mUteX3nhufTZY/Edh+6s5Yf33/ADyuov8All/1yl83yv8Av7Uem3n2O/j/AH/lR+d/x9/6z7L/ANdf+esUtfmWLwsoSPkcRCtNWZ6x4w8B2HiS1kgMHlRy/vIf+etr/wAspf8ArrXjfxC8HarpuqR65pVjFLqFhN5msWk37z7V/wA8rqL/AKa/5/65e8fCvTbjU4o7C48q2klh/wBT/rfKl8r/ANq16x8Pfgn4c8YRW+ua5YxxW9h+8hlu4f3Uv73/AFX+f+WsVePWzKtgviPGzKvKnSjTifK837HWsal4Ct/Fn9jyP4U1mWL/AEub/mFy/wDPLzf/AEVXSfBrS/g98PPHf9qw+DbbxBrmhQy6DNLqFn5v9qeV5UtrdRRf89Zf3Vr/AN/Yq+2otf8Agp4m8Kal8EPGUNtbeFPGMBtrOHP+ql8rzf8A2pF/21r5e/Yo+AV54f8AjsnxI+LupeZaaX4j+0Xc92f9bLFFLFFdf9tZfKlr08szGtXhJzqfZ2PwrjSlmmIr0oUJcsHL3jqv2xdE8N+BPgN4c+AVu1rNcaFoWzVtQSeK2tpb6X/j+llk7SyS+ZJ/11kkzX5UfE7Tftn2ix8j/SIv3kP7mv0P+MXjPWNe8VaxrV1L5j395LJiH/lrL5v72L/v7Xy58YPBOlaldSX3keV++8yGXzpbaWX/AMhUZRNU8TPn+0fsXBCwtDCxozPjfWLP/QPP/wCWkX/LX/47WWYbea68hrfy7j/lj53+f8+VXtHjb4V300VxBBBL9ol/10Pk/wDH1XnepaDBDFJPBPJHcRTfuZof+ev+Yq/Q8FSUo+4fsVLhSnjKHt6Zx95eQQ+XP/qpIq2NN+J2uaPFbmxvpf8AnnWP4kht4brzxYxx+b/yx/5ZRVHo2mwXl/HPfT/u7qb995P7uWvushzT6lU5ZH5Hxbws1zs1PEnxOvtY0vyPt8vl/wDoqvK/Fd55wk88+XXoHiTQbHTbD7dB/rP+e0P+q/65SxV5vqQ8nzIP/INfdZnmlDGZekfk+WUa2GrTXIY95psHmyQefHL5X/LHzv8A0V/8arU0eG+1iW4nnPmSS+V51V9N0CfWJfIgg/6aebXpngSbVfB015/Zd/LL9vs/s2pReTFLFdWsvlS+VLFL/wBNfKl/6ZSxRV+I5rKjGrP2Z6s8JiMXR9mzl9I8OQTy28Fx/wAvXmx/9tf+WVU9T0XyZf8A7TXef2PYTeWbH91HF/qZYYf+WXmxfuvKlrP17R8+XBP+7ki/7af+Ra+aqeyPP/1frUVc5PTf9VJPXceCdRsZrr+yri4l+x3X7u8/5Z+VL/yy/wD3tY+j+G557WT7PB+8/df6n/llW54P8Nzza1HBBY/8fVnL/wAsfM/7ZVw4hUmevlmBrUq2p6RD4PvtT0+8gvvLiuLqH99F/wA8rqL/AJ6/9Mpf3vlf9sv+mtU7OaeaW8/twxW0d1D/AMTK7m/5ZS+VFF5v/PX/AK6/9cq6izmPnW8+rTSx/aofL1K006GWSXzYpfKl/wCusvm/vf8A2r+9rL8babB4l1T/AIT+D7NbR+da2U0Wn+V5X2r915v7r/nlLL5sv/LKvOpUpUqn7w/SMLkOIxOGdTt+R8tzWf7rNx/rKr+R71qaXaQavdSeffRxSeT+5ilh/wBb/wBMqJ9N/dc28fFdvtP3p/Pv1KvMz6Mw/vMGtzQdBg1OKSD/AEmKT/lj+5qSz8Ez3l1jz/3fnVqEMsrs+pv+CcXxx+HH7L3wx+KH7VerfFHQLbxtpeg/8I54P8B6tpsV7Lr0t9/rZfKl/wCWUX/LX/rl+9/1vlS/ONnr8GsfaPsNjH9o87zJpoYfL82WuP1izWa/kg0+D/rjLXUfDuGCzv7f7TB5kf8Ay2i+x+Z/z1/7+124TBYXl9pU+I9H93ShyctmdBZabBDpcd9quq23mfvf3U0Mv+f+ev8A36rQ1g/bDJfQTySWcXleTLND5UvlRf8ALWWLzf3X/f2q+vaPPNYaPbm38qP97JNL+9kiupfN/wCWX/bLyov3X/PKrH9sW+g+XBBfW0UkX7zzZpv9VL/z1/660n7H2v7s9eria2Eyn4up5P8AGXWP+JpH588n2j/prDXDw6l3xXYfHiynh1mK+nnilklh/feT/wAsq878/wBq7qNUnLsS61GEzrLPV4BzBPWp/bvIt5/Kl/6bVw8OqeTVz+2fJ5xXpKqe3SxTpncQ+Kp4Yv3/APz2q4fG1uVjMEHlf9NvOrz/APt7915E9H9vYl/cVpTxJ0LHVUeqaP488nUPIvv3kfneZNXceG/iD/aUslj+88yL95D537qL/wC1f6r/AFtfP+m+JBDz5FegeFdengtftFj/AKyX/XeV5Xm13UcSe5lnEVahUR9QfD34kz6bf6ffQX0UUfnfaftfk/6r91/qpfN/5Zf8sv3v7qvZPG3hSy+LWg+f4csf9M+x+Z5P+s+wS+V9q/dS/wCqltZf+WXlfuv+mUVfEcPiSfR7qzvr+x8wSwy+TLD/AOiq9s+A/wC0hP5VvoeqwR/Z/wDj2vP9b5v+t/56/wDLp/z183yv9b5v72KivSq83tIH6nlvF1KvS9lWehw/i/Utc8E6pbzESf8APOaHyf8AVf8AXWvaPgB+0h+9z9o/5Y+XeQ6hpvmxSxf6ryrmL/lrF/yy/wBb/qpay/jn4Vg8YaNceOLGC2ikuof+JlLaQxRReb/yy83yv3UX/bX97Xz/AGesT6Bqnnzwf6Ra/wDLp/y1lrXCVeaoYQzCthsXeE702fc//CJ+EP2l/Dk+j2osLT7fJFbw2qXnmS+HpZZf3UsXlf8ALj5vm/6r/pr+6/1VfL3xh+CPi3wVqclpdaVLf6hoMUUmpWlp5VzFFYSxeba3UXlf8svK/e+b/qov3UUvlf8ALXvvgB8SbC8kkhv5/t0csPl6lFd/uvtUUv8A398r/rrF5XlS/wDPL/VUftCaj4j8bCzm1WeXUryKGXydWl/4+r+LyoovKll8397+6i/1X+t/eyy/8ta/R8txKq4a0mc2e4an/Z88TRnfy7Hz+TB4rupPDl7P5VxdTf6HPdzeV5V1/wAsv3sv/LKX/Veb/wBcv+eXm1w+pWc+j6hIL6CWL/lnN+5/8hS1qXkM+j+I7jQ76D7TZ/8ALb9zLL/osv8An/tlW5r2ma58QrGS+gsbm51S103zNemih83zYv8AllqH/fr/AFsv/XLzf+WstfGZvVp0q/Mfj1KtHE1/7x3nwH8eeI9N0G80r/hK7mK3v9N+zTQ/bLr/AE//AFXlReV5UsUv+q/65fuv+uVemeArPXLywuNVg125jjtZopPNtLy6jiil/wCWUvm2ksXlf88vN+y+V+9rwfw3puNL+wnzYre1/d+SP3nlRf8AbWWLzf8Av7FXvHgmG4s9Gs7LV7+OW3l/eWd3FNF+683/AJaxRXcXm/8AXWKuvh+rh1ivaVD9y4JVGpR9nOXKdH4f0KTVvGcVrq1gLlFuYo3tX061/tL/AFsX7rzYoopbr/pl5X72WWKXyvNl82KX6I8L/DaOG3t/H1rGI3eCKSTULO6+zX1zF9l/56RRRebLFF5f+t/5ZSx/9NYovOPg18OPDssL3l5HbeTF+7aHba+V/wAspf3UUsXmxf6v97F5v/PKWKX915UXuPhW/wBC8EvBrmvRyXOnyt/xN9P054vM83/n6/dWvlTf8spYv+WsXlf63/llX32ZZpFYe1Keh+h4vL4UsLJwmfdX/BPD4T+A9QE3xUsGtTc6jDEJ7WK1EUd1/wA87uSI/wDLyP8AV+b6A/8APXEfrv7UfwH8IeMPCV/4hm0eMzQQ+bcmJf8AWxx8/wDfz0r4v+C/7UMfwg8VyT+GdTtpf9M8uW0/5ZSxS/vf/jVep/Ez9vbxp41tYtLt7W1sbO5g/exxfvfNr+cs3xNVZ97X2nU/A8zqYmjm1+fmZ82a94agh8R/8Ir+68y6m8uz8nyovtX/AFy/6a1j/wDCsZ5r+3nsf+Pj/tr+9/8AttXPHlnqt5r0k8H7yP7ZFHeWnnfuvN82L/W/88v+mUtfQnwh+H03inSdPutWhkubi6h8yzux5X73/rr/ANcv/aVcPFFfB4ah9Y59D7qjSjLA+1qHN/s9/Cu+mu/+Ej8YzyWOl6X+7hhm/wBb/wBMoq2PiF8YNV8Sa9H4V8OaHLFHdfu4Yf8AVxWsv/PWvoSw+Ctzry2+o+O9Q/sy0ih8s2kLfvD/ANtajguf2UvAVyuiWnhKwkb/AJ7TQ+ZKP+/v72vw7E51LG4rmvaC2vu/O258xi6mXyl8LlLy2Pn/AMSeGp/FXhz7RcQRR3ml6la6t5X/AG1i82L/AMhVJ8TvG1joPheSDQ7H7TcXWjy+T/018qWKL/41/wBspa+kLPwx8CfG6Sz6aPsIuo/LEsX7rzK8T+KH7LWv/D+5W10i9N5YPceZaag8P+q/6ZS162CzTmrRj07ny2Oy7B1+ZxXTqfE/xU8U32mxR3+q+bLHdTeX/wBdYv8AP/oqvN9G1nRIfEdxP4j0q5k8qb/j00/UoraXypf+ev7qWX/tl5tfVnxy+FfhWz0aS/8AEdjc20lrZ+Z/on/LKKL/AFVfLevWWlXkOsX+lWPlxxf6n7XNLJ/7V8r/AONV9/lroVH7x5WU0MXhMV7qOf8AEnjDwreWt5odh4H0jRNPl/1P2Sz+3fuv+uuofapf+2UUsX/XKvK/if8AB/SptLt9V0v/AFcvm+d+5/df/bf8/wDPWuovJv8AifSQfYb6x83959rmh8z/APdf6r/yFVOYwx2shgg828/5bQxfuvssX/tX/lr/ANcq/XMgp4X2Nj+kuE84nDBctWJ4f428Kzw3cljfWXm3FrD5c3nf63/rlLXL6bo8880lh9n8qTzv3MVe8eKvCuu6bLJY3HhX7bZ2sP2m88n91LFF+682X/lr/wB/f9VXl+p6P/bF/eCx8y2uP3Vt5OoebJ/0y8rzYov9b/118r/rrLXr16NGL56ZOb5bSzDnfUkHwf8AGOvaD9u0m3tr6OWGWTydO1K1ubmKL/prbRS+bF/21irzOD4PX03mXwuP3fk/uYYYf3Usv/PL/v1XUabo+uHVPI8iXzIpv+WM1eqeA/h7bzeF47++vtNjt5Zv+WusWvm+b+9/6a+bFL/rf9b5VeTmWZYqlR9mj89/1Gouv7SLPG9B+Hv+i3F9NYfu4of9T/qvN/5ZVc1Lw35MNv5EEkskU3+u/wCWXlf89f8AMtfQnjD4YwWejW8EB/0yWb99LD+7/wCWv73yv9b+9/1X+ql/5Zfva4ObQYNNi8ixsYpbyX935U37uKKX/wBq+V/yy/55f9Na+Bq4yrzameI4bWFpHB6DoF9DpdxBfQS/vZopPJm/1v8Ay1/1X+f/AEbUd14VH9qWcAmtrn/ntN5P+q/66/8AkWvSPCvw21SXw5cfb7eT7RLD+5i8mX/WxRS/+RfK8r91/wBNYq6DTfhj/wATWS+n1WKKzi/dzah+9kiii83zf+2v7qKKWvN+u/vTyKmSur7p5PrHhWfRtZ0/Q9WsJIvKm8uaGKH975X/AC18r/trXceFfhjpV5LZ6rfzxWUl1D5cM1pD/wAfXmxeVa/88v3Usv7r/wDdVH4k0afWNeuL6e+jit7X7BJNqGo3n7r7VLFaxS+b/wBMpf8Anr/6N8qs/wAVeJb6a/8A+Ecvp5bGS6hljvJdWm8qWKWX/VSyy/6qLzf3X73/AFUvm3UsX72Xyq9HB4Z4qZX9jUcFapUPO/ib8Q7/AEybVIPP/tKOW8iuf9RL5UX73/j6i/e/vfN/1Uv/AD1il/7a10HwlW+8SaZ/axnjis7rUoraG7u4ZZIpbrzf3UUv/PKWLzf+eVcf8SMWfjL7ebGWK41SaWT7J/qvsv8ArfNili/7ZSy/+Qv+WVdx8JJp/Dej/wBq2NvJFb2sP22zhtIf3sX7rzZbr/W/62L/AJZRS/8AkWvUx2Ej7HkPqMoxsWpOPwI+Z7O9866+z3EEX72us0HTPtkvkQebc+b/AMsv+Wv/AH6/5a/+Rf3VcXZw/wCf+eVdp4Vs/Oi8+f8A1f8Azy/6a/5/5a15Hs4n4Jl2GjOp7M2If+Jb9nn0O+l/56eTD/rYpfKil8r/AD/zylrtNR1Kx0fwbH4bsZ/9M+2fufJml/5ZeVLay/63/W+Vc3MXlf8ATWX/AJa/6rn7PR9c8Y+I49Vn/wBJklm/4+5poopfN/56+b/39/6ay+b5Xm10mp2elWeqRz288X72GKSzl0793F/rfK/1vlReV5XlS/8ALL/ll/y1/wCWpS9r7X2Z9LVyujhaPMzg/wCwftl+Z/sNtFJL/wDGq6yz0e+8N6pZ30HmS3Evm+TNLD/qv+WXm/8Af2Kug8N69Yw3WjwQeHNNjt5f3n76z/1UUV1LL/5C8q2i/wCuUv8A01lqTwroN/qVhIJ4PtPm6b5Xlf8AgVL/AOAv7rzZaJKtTkfE43LK+KrXpnL2WvQaPo15BfW/2mSWby/Jm/5ZReb/AK3/AK6//bar3mgTzWv27SvNl839553nS/8AkWpPGGj/AOn3n76X97N5k00v/LX975Uv/XKtj4P+N/8AhG/FEf8Azz87/Vfva0xFGdGjKpA8LPauKhRhQ/lPIPib4Y1XU4pJ7gXsl5/rPsn2PzK8em/54Yr7N/bw8Utr/hDSf7G0aKws78fvfOvPMubqX/nr/wAsv3X/AGyr42u4DFNzXLl+KrVoXnGxpklVyw2pX8/2o+2e/wClEHeib/rhXsU6h9NSE+2XP90fnS/bPf8ASj/llUc/auo0LEOpf9N67z4e/ELSoYpNK8R2Pm/8+eofuvNi/wDIX72L/plXm/n+1SQ3gglrfDYn2Q/ZtO57Re69BNHIZzF/rv8AWxf6r/rrUnhXxhPo+qRwX88sUfnfvv8AVSf+Qpa4fwr4qgvLD7DceVmL/Uzed+9i/wDjtan2797/AKR/yym/57f6qvoKNVVqfKd1CrKPvc59ifs9+N9K8bapH4V1WaW582z8uGXyf3sv/kKvN/j94I1XwT4jkngn82386WOGb/rl/wAspYv/AGlXD/A3xVBpuvW98IIv3V5/rfJ837LX1x8ZvB//AAtT4c/8JVfQf6RFZxR6lLN+983/AJaxS+b/AN/f3v8ArZYq8aTrYXH/ANyR+g5JN4un7OpI+Z/h78Qho9/Zz2P2791N9mmhtP3ssUX/AC1r6kg8NQePPhnrF9AbaXVLDTYrm8tLT95/y1/4+ovK/wBbFL5vmxeVL+68q6/5ZeVXx3qXhufR/FPkTzyR3HnfZpv3PmS3X+q/8ixf/uq+sP2LZv7S0GOxAtoo/wDStO/13/LLyv8AVeV/zy/e/wDbWLza+ini62Foc9M6q8q0b0H8Mt15Hi954Qv/ABh4jvNT+xf8TCwh82z/AHP726tf+WsX/TWX/VS/5iqTRvCA03xRp/8AZR8uTzvMs5ov+WX+Za+kPHnwlsNBsJJv7Jlijl8rzvJ/55Syxeb5Uv8Ayy/exRSxVT+Ffwf/ALSupNc8Ri2tpIv3n+l/uvKlir43Os+i4XPzfFYWnhcd7mxy958LJ9Y8OWd9pOlfZpLqby7O0tIf+PX91FL+9/6ZS+bL/wB+qsHUp/DelSeAPFXhuWxvLW8lk/tC0/49Zf8AprLF5vlf9dfK8r/llXqk37Y3wy+FfiiOCCD+1v3MtzDqM37ryvK8qWLyv+2vm11HxO/4KNfAH48WkkHxN+BHh+TWJYYpJtb0/UotN1OX91/16+VLL/39rw8BxFmNKvF8vuf13PpMszynl1W/Oef/AAY+Ldj4Vtft2q+bLp9/NFFNd/8ALKLzf9VLLL/yylil/wCWv/22vWNY8VX1no9vqvn/AGnT7r/Uy+T/AMtf+WsX/XX/APexV81+FZvA+saz5Hwy1y58y/m/faTrdnFFLLFL/wAsov3ssUv/AJC/9Feb6p4a1Kfwr4SuPCt8PMjlm/49LubzPsssUv8Ay1/1X/TX/pr+9/e/8spa9zNeJK/sf3cz9WyzjCjmGBnTO40bUhrF1pd9+98yWb7N53nf9+v+2sX/ALVr2jwT5GpWtvPPPJ5lr5X+l+d/6N/79V8x+FfGF9Zj/hHINK8vyryKSbyvN/1VfUH7PepQXmqW5n/1nnV+S5tmeL5/aH57iqtCtjj6Es/BOhzWFvquuQeXJ5Mv+uh/1v8Ayy/dS/8ALWKvfvgb4EbRPD58d+NWjDRwfMZP+mX/AC1/8h15z8MfCsHiq/0eGfzPs9r5UcMPnV6h+1Nrj+DfhnBoGlzi3jmby92P9XHHXyGb53iK+AlOcrxj07t7Hq4nE1qkaeEpy+L8j46/4Kpft5618MfDtl4Z8G+JY7LVtehlltmLf8eth/qvN/7a/wDtKWvyU8efFrXNZ1mS/vvEdzc3Es3+umvPMr3j/gsP8Qrfxh+25rGh6VfSx6fo2g2GnWcMP+qi/wBF82X/ANG18j+KvsOm3WZ55Jf+Wn76vo8jynCQwdOpUjzSmrt+Z+e5zjMRTxM6UHyqHQ+hP2e/2rvjF8E9Zt9d8D/EbUraOKb99aSzeZa3X/LL97FX7RfsC/tmeEf2xvhb/Z+px2w1e1i8vWdOx9z/AJ5yxf8ATKv5tbPx5faPqmP7Qkijim/57V9uf8Eu/wBq7/hWPxq0fVf7c8uO6m+xalDF/wAtYpf+mX/XXypa6c4yqhTw7rUdJR/HyPLyvNq9St7Or8J+r/7Uf7Of2aeePyJJNLu4fL/cn97LXzRrH7HPn+ZfWNzcxR/6yHyf+uUUX72L/tlX6D+Opz4v+E9n4osT+8jgiuYZfNrxTXtB0rxV4ckm8R+OPsPlfu/smnw/+Qq5csziUEk0fpGVzoqHvnwX4q/Z1nhuo9CgMkskU3l+dD/yyi/9q1nzfsl+MYdBs7+Dwrpt75U3mTXc0MsUtrL/AM9Yv3v+t/1v7r/prLX2RD4P8Habf+RBY/breKb/AK5xVoN4v8R6TF/Yeh2+k6R5X/LXyYv/ACF5v+tr7/A8U1KVLkPtaGb4fCRR8Z6P+yj4j8SWf9k6rof2bzZvLhlls/MuYv8Arl+6pnin/gnj4as9TvLCGLVbm4ll83yl0mX97LL5X+tj/e/vf+2vm/8ATKvqvWnt7O1k+w+IdS8y5n/e+dNLZebF/wA8vK8r97/yy/e15v428K2N5YWfn65beXEf9D07T/3sv/oqL/W/9cv+etdT4txX2TtqcVKS5UfKw/Yx+GEXiO70HW9Zlvbu3/dzQ6NLFJ/qv3X+s82X/v75tUJv2OdcGvR2OhzalZafL5Uk2oXc3+jf9sv3VfUGmwweFbD/AIlOh/ZtPtZv3037397/ANNf+mtYfivxhrusyx2NvY3P+p+zeb50sn+Za5sTxPiKj0PPWfVqukTzfw3+zHY+Fb/E/j+xvvsH7vTfsmpfaZbWWL97+68qX/P7qqc37MfwkvPFv2GCCW5j8mKKHUJYZY5Ypf8AplF5temabpviOziuLGex837V/wA8pv3UUX/PKq95qd9pssmkQfurfyf332Sb/wBq/wCf+2tfJ43N8XUq+4H9rr+HUPK/ip8B7HTf+JVfeI5ba4i/1P8ArfN/z5ted/FnR9V8N+BLeC4g+03lrZ/ubTyf3strL/y1ll/dfuv+Wv8A39l/dfvZZe0+PHjCeHRreCC4/wBIl/5dPJ8r7V/11/8AjVeJ/wDCbQ2fjK4sdcglvtPupv8ATIYYZfN8r/nr5v8Ay18ryvKr3sooVq3vVD5viDifAZZh5TieV/Ejxh9j0uSygt7ayvP9X5V3NLF/rf3UsUvm/wDPXzf+eVcveeL76eG3vfDf/LhDL513NeebLLdS/wDLXzfN8qL91+683/llL+9i8qX91XuHxa/Z18HXngj/AISrSvtOr2d1D/rtJvIpf+Wv+ql/59Ja8z8K/Dc+G9LvLGeeWKS602L99ND/AM8v8/8AkWvvMtr4WOnY/ManGWFzJ3qVfd/I3PCngOw8YeHP+FjeONVittPupr+50eW7hitvNi82X97Fbeb+6tZZYrnzYoov3Ustr/z9RS1z/wATtB8ceD/C8nivxVY/2bp9/qV1ot5aTQxRy2t1Fa/vbWWLyvN821iliill8r915sX+qrtPAfhafTPA8njL4j+ZHcazDdSQy3f/AB9XUvlf62W5l/1UXmy+bL+682WWKKL/AKaxeP8AxB8V2OoaZea7qt95cl9N9nmtLQeX5X7r97/y1rep7GtiT148RYX6h/s1X3l0/wCCeJ6bBAbqPz/9X/q5v+etdx4bs/8AT7OfSr7zZJf3cM0X7uXzf+eUvm/8tf8AyF/01rj9N037WI7CARx+b/z1m8qKus+Hujzw6pcWOq2H2b999ivIruH/AFsvm/6r/rrFXLhcorYqXJSM8iyytVro0Ne1KD+xriCDzIrjyZZIbSH915UX/TL/AONf+Rf+WUup4P8AGlt4k1nWNentIrm4/dXGy78r7NFFLLL5v/bKK6+w/wDf3/plWN4sh1qLV5dUv1vGvN0sl41xLL9pll83/nr/AMsrr/pr/wA9as6RLqvhvxDeat4WNtFHLqX/AB6TQxf6L/y1l82KX91La/5/5ZV6uH4dxseb92fU4zLMQ6lqh6xD4VvtY1TSzPP/AM9fsdpL/wAtYpYpZYv+2X+t/wAy17xP8H9K8H/Buz8VG+uftGswy3MP2Sby5f7Guov9b/0ylluvNsIovKl/dar+9i/e2vm+T/AiGfxV4ojsdKg/48JvMh+yf62wl/1sXlSxebLLa/8ATK1/5Zf6qLzYoq98+Knw98R+LPCVxBf65Fc+bqXmTS2msSy2N1LLF5V/qH72X7VLFdeV5v2r91L/AM9YvK8ryvPxWW1qNaMWcKy6lhaNSpI+R/iRqUGpX95PBpVt+9mlkhhi83yrWL/W+VF5sv8Aqv8Arr/01ryvXtYn0jy7jz/Lkim/54+VX0R4203SvB2s2995Ev2j7ZFJNNN5XmxSxXX72WX/AEX915Uv+qi/6iH+t/1tfOfxaMGmWtxPBBHH++/c/uf9V/5FpYyj+5PyjNMJVxGI8ix4n8XD4lQrpGl39zcx6WvmRzGaX/VyxRebF/398yvJfGGkT6fNgQ1137OvxAi8B/E1L7WrKOWzlH2fUIfL/wBZFL1rqPjP4Dhh1KS+0qH/AEeX95DXyc5VaVXkPDvLL8WofZPAZUuIuc0+LWZv9TM3mR/9Na29d0MjvXNzQ+VXpUva9T6jD1I1TUmgsZrU31jfeZ/0y8n97FWfNNVeGapIfPlHFvJXV7Q7IQQTTVH53ld6kms/s/8AywqvUmhchvJ4ZY57eug03xJ53+jzn93XJ1cs5v8AV16mCxPstylTPVPBOvX2m38dxBcRSxy/67/nlL/8ar7c/Zv+IU+vfD/+xIGlk+y2fl+VDD+9+yy/vYvK/wCesX/tWK1/5ZeVXwP4DmnvJf7Kt/M8yWbzIf8AprLX15+yvDPeW0eleRLH5vlf6n/WxSxfuv8Av7+9/df9cv8AnlXdXq0akb1D7bhap/tcLmH8T/B//E/vLGxhtr7yof8Aj0hm/dapF/zyi/6a/wDPL/nl+6r6I/YnGua9PJqvhy+udS/5/JZryWOWXypYv9b/AM8pfK8r97/21/6ZVw/xa+H1xDqluPIlij1SGLybuKH/AI9br/pl/wBtfK/df+1a2P2e/Fd/8N/iNH5H+g2+qabFHNFD/wAtYopfN/7++V5Vebm2Yf7Jy05H2meYb2OJVWPw2PrT9rqz0r4D2F5Y+I/s1z5t55cMsX7vzf8AS/8AW+V/yyr4H/ad/bS/4WF4j1DR9Dvpf7H0u8ittNmlm83/AFUXlf8ALX/ll5UUUX/XLyv+eVbn/BUT9pDxV4l0/S7ca5cyyed9nml/55SxeV/n/trXwvNrxtLCSCcyy+bNXxFGjNz9pUPxTNcTOriJwh/Wp2njb4heILyX7c2uXMn77zfJh/55f8tf+2sVY+m/Enxjo88cA8R3NzH5P+hzSzf62L/nlXN6/wCNvtkVvBBYRxSRTf66H93Vc6xPeGOf/V/5/wAy/wDbWuz2sjmo4b93eoeyfDb4za5puvR2ME/l29/N+5/55Rf5l82v0o+DN3B8Zf2ff+FjXEHmahpcMVtN5v8Ay1i/6a/9cq/IPTry382P7d/x7/63zv8AnlX6wf8ABN/xVfXnwb1SD7DFLHf/ALvUvJ/5a/6qX/W/9cvK/wC/X/TWvPzWpbDc8T6LJ8U8Jp/MHgkfbPHkeh+R5flTeX+9h/1UVfYH7Pfhyw/tmP8Acf6r/v7XzH4P0GeD4jXk89j+8i/1Plf88q+uPgnef2Z/xNb2CT97/rpq+Ezyo3hf3Z14fE03jT67+GtroVgbDUrC4/1V3F51Wv269Hn1j4OtqUZkaC1l8248n/nlXk2g+PINH8uexg/7ZV7n4H8Y6B8V/Ck3gzxOokS5h8tEm/5bxV8HQlCrGWHxGzs16rp8z6icnCpTr0/sn82n7YBv9G/aR8SX2q65c30l1efaftd3D+9l82L/AKa14/4w8SQ+dH/rfL/67V9+/wDBYv8A4JRfHn4D61dfG3wJoFx4k8HxykT39paebLYRjiMSxf8APMHP73/rlX5xTaPPqX7+ev1TKsXhnhY0o/8ABR8VmeErVsVOq9pde5XhvINSv4/Igr1j4G6lB4P8Y2d9fTyW1nFN/pksPmyfuv8AlrXl+mw/2bF/qP8AltX13/wSk/4J/fFn9u348afCfDt7Y+AtGvIpPFWuTQ/uvK/1v2WKX/lrLL/5Cr0sficHTwdqh4+GwtR4uKifvL4D8WzWf7B3hvX/ABG8nmXXhS1/13/PKWL91/5CryvR9C0PU/C9xq2uW8sdx/yxlivJf9b/ANcq6X9sbxyltp2mfA/wKYktLaKOMn/llEIjFivMtBm1ybXrfw7Bf20cdh/x+SxWcssUUsv/AFyr4fDONSu5/Yj+h9RLEVaH7uHU3NY1jQ9BtfsMH+k3n/PKK88vyv8AprLLFXH2fxC1XxVfyf8ACOWMkf2qby/tcX+tl/7Zf8sv+2tesab4J+HN5pdxB4csf7SvIpopJvJhlitrr/rrFLSeHfgv4o1rT4rHwTpn2azl/wCPyb/Vf/bZa9WvmFGnGLgdOE+s1f4rPBPEtl4q03XhpVvB9p82b7FN9kvPNii/7axVqWfw38VabHJfasI4vsv+ummm/e38X/f2vq3wH+xpFo00l9rPiSU+b92GGH/VV3Vr+z18JtPP2ifwyl1N/wA9ruWWU1yzx2MtzKJ6tPGYfD+78R8STeFRr1rJfT2Mctnawy/uf+WUX+Za5fxV8PdK0exjvp4JPtHk/wDHpaQ/63/rr/zyr9APEPwL+Huo6f8A2UlkLdP+eQlrx34o/sxC3sJL6Cbz4PJ/cqTLXDSzStGr+8OmliqNb4XynxzNeWM1hcWOlaHL/wBdfOll8r/prXL+JJtK0e1kg1W4/wBI8799D/y18r/nlL/01lr2Tx58PfEej2v2eD/RpIv9TL5PlRRf9cov+etfL/xtvL74b3XkaVfSR3nk+ZNd+d+9ii/5a/6r/VSy/wDLKvfwDo4qR5eIxVfn0PP/ANoW886w1DEHlXFr+6vIYtStY/8Atl5v/o2LzZZa+T/FXiq/8VeKNP0PwPP+7/dSedaeb+9/6a/5/df88q9g+IXhrSrPxH/avxj1y+stDtbOLydO06HzL6683/llF5v/AB6eb/z18r/Vfvf3v+qryvx5Dqvhu6vPsPh250CTXv8AUw+TL5str/18y/8AH35v+q82L91/rf8AnrX6Xl8aVKjyQPzriKnisTRbn+J6J8JfinpWjyyaFPrkl9b/AGzy5of7S/dS/wDbL/lrWx4ws4PGOqXniTStDkso4rP99DaTxRxRRf8ALKL/AJa185+FJ4NM8UfYcR/vZv8Anj/qq+qPhv8AEHwR8MbX7dPN4XvfN/efuvt9jdRSxS/8spYv+Wv/AMaqcZTrUX7Smfh2JwValjfZ06nxHkvxV1eTVPC8HhnU7y1uZNLii8i6v7CX97F/18xeV+9/66186+Ibi4ttVvNO1PT7eND/AMvMv72OvqT4s+D9d1nVJPH/AIA+03On/vfOu4by6klil/6ayxeV5v8A36rwzV4PDGu31/f6pAYry2h4hhm82KX/AKZfvZf3X+f3VdeW4upOrqfTYFVsDC0qiMLwH8H77xVd+fpWuW3mRfvLy0u/N83yv+ev+q/1X/x3/VV6zY/A7xH4V0+51HXLGS+vLqby4rtpJf3ssv7r/W+b5V1/1yl/e+VXV+CfBPg2ztdLng8R6lL9qh/fSxWdrbS2EssX+t/5a+bF/rf3X7r/AK61280Phzw9oD6R/aGoO1o80doDpVjHbpFLEPNzFLLKIvN8zPleZ5UsROY4/Nr+g8iy/LsLV52j/Rnh7w6o4TL5VLe99nr+J4fq8mp6p5VrP4eivbaZhZWNrqEMlzbOP9ZLax3P+ttf3Uf+qj/1VSJ8P/CumW1n4ifXdXtvNuceHLmL/nt+6liijvvN8qWL/llL5X+q8qL/AJ616Z4g8HfCqAXF3Jo0VldmziiW7heKOxuZfN/e/bbG6iupf+ev722k/df88v8Anrladp3hNpRqcV/Ml1qDNFFf3ep2Vtc30koGPMvvNlili/1f737DH5uPK82KX/V/b1KeFq0f3VL8v8z5TNMlqUMVP2rN79m/4e+I/G3iiPQoL6TTbf8A4+ZtWu5pfKtf3sUX+tll/wBV5ssXm/vf3X7qvr/Tv2QPjjpejT3viz4N61Zf2RN/xMdQtLOW90yPyv8AW+bFL5svlSxfvf8AVXUX/tXxX9lT4jaF4G8T/wBv+K9F07+zLB/L13RRDsl8qL/nrLdRSyxf9MvNl8rypYv9VFL+9/VrRP8AgpB8J7nwjBBp2jNtXTY5LDEUtxH5X/LL97DFLF/qvKl/1tfjHGNLMMLjlHDUOZHwWcVFg5292UD8lPjl+zTY6l4cuNKvtKisre6hi/4mEt5/rfKurqWKKK5l/wCev2n/AFv+t/dRfuvN/dV8j/tAfAC+0fS7iea3llk/1k3lf+1a/Vb49/GDwd458c6hqmg6Rb2El28sk1tZapLbtN5n/fqvm34z2UE2jXH/ABO/Kt4oYpPJ1HypYov+mv8Aqv8AW/uv+WXlebXzOJi4006sDwsxyrKcZhPb0Kmv8p+SniBdQ8N+J3ur3/WSnNd/4U8VaXq9h9i1S+jik/6a1yn7SU/nfF7UP+PH91N/zD7Pyopf+2dcMms3kBj8qevjsZOiq8j8px+WQxD8z2TUPCtjqR/18X/XaKauQ8YfCvWrOOS+EHmRxf8ALWKud0/xfrcF5HsupH/GvRdBh8R6xYR2Oq30kdn53mTQ/wDPWjDQdRHlKlWy13qTMf8AZ9+AOo/Gn4iaf4duJpLbT5rzy7y7hh/1UX/TOv2o/Zd/4N/P2Z9e0bTvEdhPZa3HJ5UkMuo+VL5sv/TWKvzP+BvjafwT4vs9J8OaHFF9lvIrnzYv+WVfrp+w1+2l4c0G0t4Nd8VR2VxLN++h/wBX5teVmWKxOG/hH0+BnQxVPnlI8z/br/4Nvvhxo/w51DxV8FoIo7yL/j8itIfL8r/rlFX4l/Gz4DeOPgf4yvPA3jHSpIri1m8v/U1/WBo/7fnwk16X/hHPFWq2MscsP+tivP8AP/PWvzL/AOCzH7H/AMMvi1o2ofH74O31lfRxTf6Z9km83yov/wB7XPlua4mpW5avwm9elThrBn4f/wDLKpLOu48Y/DC/0HzJ/sMn+urm4dGni5MFfWcyMaVU1PCF5BDLmeD95537n9z+6r9EP2G5rHXrX+3J7iK5jihikmhm83zZYvNi/wDRVfnPZw+T+/8A+2lfSn7KPx/sfAeqW8F7/q/O8z99/wBNf9bXDjatadHkR9LkONo0a3vn6AeOPhjfalYXHhyeCKW4lmi+x3f/AE18qKWL/tlL/qq8r1j4ewTGO+E8kXm+b5P/AD1i/dfvfN/66/8Ao2vcPhh8SdD+J/w9jnnvraWS1/0K81DzvNl8r/ll5v8Az1/661sePPhXY6xFcT/YYvL1T7V/y28397L5X/LX/lr/AKrzfN/6a183VxtaMPZ1D9ppYbDZlgYc0vePz3/bY8KX3iTwlJqsF9Lc3GlzRXOpRf8AXWKLzZf/ACFFXxvq8E8VrjGf33/LWv2U8K/CXQ7P4+/2r4q0rzNL8UaPdaTeSzQ/62K6tYopZZf+mv8Arf8Av7Xxv/wUC/4Jy+KvgDqmoaVYaTJF9g1KW5s5oYf3V1FL/wAtf/IVcizql7aFKZ+WZ9wnWw9edakfD8037qrlnNPNF+//API1E2lzw3ckH/LTzq0NK02eaHyIIP3n/LGWvah+82PiqkatPRmh4V/fXVvP5Hm+VN5c37n97/n97X60f8E9/wC1fDXwb1TXNVuZfLls/wDWzTf63/VS+b/36lir83/2e/htceJfEdn9hg/4+f8Alt5P/bL/AD/2yr9VPAfhv/hFfgZpfg7yPs1vdfavtkMsP72KLzYv3X/kL/v75teXm9vY+zPWwOG/2aVSRBoOsG8+INxP9hj/ANFh/wCeNfQfwx+Ifk2Hk+RH5fnf6n/llXzX4bs77UtZ1DE/mfav+W3k/wDkKvXPAcE9vax4/wBZ51fH5j7H2Njmw1Kt7b2h754J8VQXl/GIIPM/6bf6yvTPDesatoN/Hfwf6uX95D5VeN+FZtVmijggsZf9d++r0iysvEepRR+f5v2f/wAi18PiKVKrW5T6zBYmcPiPevAf7QNtqFsLfX5Gu416GWL97XnfxO/4Jnf8E3P2j9RufFPin4F+H7bUr6bzLq80+P7FLLJ9YjHmuB1KfVbO6jnsIP8AWzf67zq6DR/inrlnYed5Hmf89vNrl+s5hgaj5Pe5f60aPReGwmKWnu/12G+HP+CJf/BLrwNepq0/wDi1OWL955Oq6ndXEX/frzfLr26+8S/Dv4SeBU8B/BzwrYaLaRQ+VZ2em2kccMX4RV5/o/jyfWLqSC4nufMrUm0exvPM+3WMUUcv7z/XUUs0x+NrWrf18yHlmGwtP2m54nqWg+KvHvi231WxgltvKm8yaX/41XrHw3+DNvcWHkQQS3Mf+rm/7++bXQaZ4V8HQX32fQ7HzZP+W0s3+q/79V6Jp+vaT4W0X7DodvHFH/0xr16+b4bCU1TZ5UMDWrVvaFnwP8JdH0DT4xqKxBPJ/wCPSKuxW50PTYgkMKeX6RxVwi+JNc1AedDcRxx/9dqZfavNbk+U/mOI6nD55RUfdgdyy2rLSUzvJde/59/51n6lNezS/uK5vSfEf2ofbGj2R1b1PxVaadHGCfMeXpXZ/asqtP3pGSwE6VQ0fO/e5h/1lDXS3vmWV9bx+XLD++rNh1ASx58k7v8ArnTYdSg83/UV8rmdd4atGUJ/EdP1Y+c/229Pg8L6dJqFjff6Yf3dmPJ8zza+Q4fBKwm41y+sJbbyoZb28mih+zXUUX/LKWW5u4vKtIov+nXzbr/W/wCqr7Q/bq02+uNKt7/Q7GWWSKzlj82L/ll5v/LWviv9oT7F4P8ACOj6rBqskUd1NLJpun6fpsUX2Xyv+Yh5t3FLL5v/AE9eV/1yr9H4djOthqcwo0aUKbq1D5H/AGqPGF98N/F1vqvhXSrbw3byzebN4nm8qyuv3vlf8eP9q+bf/apf+frzftXleV+6iir5z+J3imxmikt4NDttNvLqbzNStIvN+1XUv/TzLdSy/wDo2Xzf9bL/AMsoq7j9or9oDQ5te1T/AIQee5kuJfNj/ta0m8uW6il/1sssv+tu/N/6a/8AkKvB7KG4vZZJ/Ik8zyf9VX6xgf3dE/K+MM4wlT93SkaGg3c95qkfkQf8tv3MUX/PWvSPEvjCDUtL8g2//bHya8ttb/8As942gi/1VQ6x4w8+L7D5H/Lb/ntXrQp+1R+NeyqYrHxqQ+yWE+Ofjbwrf/aPC+t3NlJF/qZYf/atcv4w+LfivxtHb2/iq/8AtNxa/u4buX/WxRf9day9YvJ5pZJ5xLWA9wFnD4zXPHD04VfaH2OHwlPkc3H3j9Qvh3+zVoGu/ByT41eKPiJeaD9ql/4p2zvLU3Jli/56ybYvNrwr4g+IrOTxLJJd6j9tWJpbb7ZFD5Ul1HH+6il8v/2lXtf7Rf7Q/iv4pXcV5r9mlpb2FpEmm6Dp7SR2Nrj/AJa/62vmnX7a6uNTkvF63J8xARX6y82nUrfu+up/sJkfDuOy/JUsU/ff2f5f8zdh8eQzxRjVr6+ks5Zv9baeVJLF/wBNf3tW/EXhzxR4se88c6Vrt7qzxDzLzV8fZtXi/wCmtzJFF5ssX/LL/W+V/qq4yziuP7Vt7K40r/j1m8397N5legeEdNEMUf8Abk8clvFN5n2TzvKuv+evm/8ALWXyq+jyzP5Op7NnweZ8M08VVn7RmxomveI/Bfh621fVmuo7+KLy7PVZby6trmKKL/p5ililllilk/49f3v+tll8qu08N/GbVLy1szrmqRRafqE3+h6jd6bLFbS/62WXyrmXyorSWXzZZfKili/5a/6rzfNryfxt4bnmjuPEljpWm3ul/uo5ptDvPK+y/wDXWKL/AFX+q/55RVD8NNPg0/xRDcX13rUHnQfZ9S0nUJrqWK6tZfK82KPyv+/X/f2vezCrTrYXmcD+cfEPgHG1KVSeDk/0PqKz/wBMsLfVfPubb99+5mu7z/ll/wAtYovN8r7XF/11i82L/nrXnfxg8STw6XeXM8H7vyf9TDZxXPlf+RfN/wC/sVfW3w9/Zv8AAWpeDJPiB4n+MPhTU/tVpFJNd6VZ2v2q6upf3vm3MV3F9q+1f63/AFVrL5v72vlH9sCbSp4bzStJ8qWOKz/c/a4fMlli/wCuvlRV+CZ7m1GtW9lE/mKnRz7KsZ7Koz8pPjPqtvefEPVHsD5dvHN0rC0GwfWL2OzgEnmS1b+JFk1n4yv7N4fLk87ivUP2TvhtrXi3X4ptA8VpotxcS/Z4ZYdSiiubjzf+WUf72Kviaq56p7WJxMcPhfasr+DvhJqWizi98U6Nc2Ww/wCpmtP3n/kWvZNO8K6H4Y0y31bxR4bkls5fN5g8qTzfL/6aebXo/if9m74T+DHj8LaZ8W7H+0Iv9dLLeWv+t/66ebUMP7N3irUtet7DRNW025jv4f8Aj7tJvMiq6lSUaV4HwVOc87x/JOXKjsNH+H3g/WPHElh8GLOXV9Dv4fMs5ptN8u+il/55SxfvYv8AnrL/ANta+pP2b/8AglH8efjZL/xPJ77w3pfk+ZNdxQ+ZL/1yir6Q/wCCOf7C3hXwfaW/j/xVof22SL93CbuH/lrX6iaHoNjo1nHY21jFHH/0yhrxquNvHkP0TLsmoYePuyPxT+J3/BCX41TRyQfDn9ozxB9s/wCWMOo/6qvzg/ae8G/8FAf+Cd3j680/4oR6tcWd1+7mmlu5ZbWWv6157TzYsmGvA/23v2Y/hn+0V8NNQ8LeKvClleyfY5fJlmhoo4yNJ/vIe6dmIwEUuaJ/Kx4W+K3g/wCLEMmnajY/ZrmT/UxS1na98IJ4ftE9jB5nlf8APGu4/wCCmf7DXiL9ir4mvrPh2yli0S6vJRb/APTrL6Un7Mvx+8I67bySePbfTfMtbL7PdWvnf6TMP9VXtYio3hoVaOp5VOlLmutjyDUvBM8J8j7D+8irHgm1bQpfP8iTzIpvMr6Y8YeG/B3jC/kvtDnj/wCWUc3/AEy8r/llXn/jD4Yz/wCmfuP3nk/vq56WN/5+HTTVWk9D0z9j/wDaE/s27/sm/vpP3U3mWfnTf63/AJ6xV+lHwN8bWPxC8HSAzxSRxQxSTSw/6r/plL5X/PX/AOO1+N+j+G9d8H39vNBYy/8AH5F/9qr9AP2IfiFPBF9ggn/eWsMtzps00P8A01/55f8AbX/0b/zyirx87j7Sn7SmfqXB2dVav+z1D7Mn8B2M2oWdjqsFtJ5vm/8ATTyv9V/8a8qL/wDdeb6p8X/gh4a+P/was/CHit47m/0iH7PpuqTf60Rf8svMrxez+JGlWd1bweRLL/qrnTfJ/wCWXm/63/pl/wA8q9k8CfGbQzoNvPrc9t5cUMUflf6v/ll/qv8AyFX53WjXr1LI/VMRTwMKcJT1Py3/AGm/+CTs95r15q2hWP2a887zJvJ/5a/va8r0j/gmP44020+wzwSy3Es0UkN3/qv+uv8An/plF/01r9i9W+JHgPxPqk+iPpMV5PdQxf6dCv7yL97LF5UX/fqsjWIfCsMsljq09l/z7TeTNFH/AMtf/Rv+qr6HBZnjsLDkl7x8rmOQ5Ji6vtILlPj/APZv/Yb0PwHYSX0+hRy/vvtM3nTReV5vm+b/AOja9c+J2g6rDYSarBfRf6V+8m83/nrLL+9/8i16BrF5Y3ltbweHLD7TcedLHNLLefupf+mtSfD34Yf29qkf/CVH95a/vIf+Wv73/nlVSxVat79Q+HzbB4Wg/Y0pHF/Cv4P315L9h+w/vMxSV6xo/wAPfCngny7/AMV+I4o/+nSGvWNH0DQtH0byIIPs3lfu5rv/AJay/wDXL/P/AC1rzP4g6xpV5FJof27zJJf9Jhhhm/8AItcP1T28/wB4fP8AtaOEomxD8ZvA3hW6/wBB0O2kj87/AJe5q6SH4/8AhzUoo4IPsNtJ5Pmfupq8Hu/h5f6l5kH7r97/AKmHyf3v/XKpIfhjrkN1HPBPc+X/AMsf/Rv/AJFiqKmS4Wpsc39rLm+E94tPG3/EvkuPI82P/ntD/qqj/wCE20r/AFEFj+8/55Q15/pv9ueD/Dkl9BfSyfvovJilh8zzf+ev/tL/AL+xVJ4b8eaVqWlYng8r99/qf+mtefTyicec6qmYwvF02eyeG/HmlWY+ziCKX99/y2rQ1iz8Va9/oOh+ZbW8v+ul/wCeVed6PrEFnH58Ajto/wDVwyzTf62rmpfHi+03RryDPlyS/u/Oi/5614+Jpxo/YPWy/wBtja3s+c9Y0exg8CaX9huPFUf+p/fXcX+tq5pnirw7p7edpmqx3Nx/y2il/e183+ENS8Y/EHVI4L65lij+x/8AHp/7Vlr1Gf4vfBr4CaF9t8beKrSx8r95FJqF5Fb18pOniMfj4wowufoLyqll2C56rueraLrura9fx28NlLHb/wDXGWu4gOnWGn+VNpd6k/8Azy/5aV+bn7Qn/Bwv+yX8JrltI+HnjiPV5G8r7Y1j4fuv9b5vlfuvOiii/wC2teFQ/wDBz34L1/xJHY+E/BmpSPLDFFFNd/8ALWv0HLeEcbWp83L+X5H57nOe08IrvZdj9gbr4hfD+WKTSJriWO4/6bViya5plpfx39rqcc/m/u/NwDJX5mR/8F40s9Jg1PXfgQLmyvrD7XJdaff/AGny4v8Alr5sf+sird0T/g4R/Zd1PxbAt3oV9bfaLyW2s7iaHyv9b/z0k/1UX+sr0MRwbjHD3T5jBeIWXurJOMvuufpv4cudU1OX5jHLH/z1imroE0WaG486Yx4r88Pgx/wXj/Yn8SiT+2/F+raIltNFiWaz8yvov4cf8FOv2O/iFpz6b4W/aU8OSXknleTZy3sUUv8A5Fr53NODMbGhGpKD0O2nxtleLrcily+uhq/tsWWq+KvhBcT6VpUdz9l/5Yy/6qWvxn/ao/aEg1iWOx8OQRSx2vm215rmrWcX2q6l/wCWsUVt5svlWsX/ACyl/df89f8AW1+9EM/g74j+B/sWl39lfWd1D5c0tpN5sUtfk/8A8Fkf2ND8ONJj+Lng6wl/se2mlttStPtkv+geb/y1i/e/8tf+uVfV8CVpYSaw+KX+E4+JMyqTyudXCy90/MPV9CtLWKS6mEspm/efvYYv/RtQSaposdtssNKktvKh8v8AfT+b5v8A5CrbvZtKvIvPn8z91/1yqnq40o2MlvBY+XJ/12r9jhSp8+h/PWIx1apW/eHGXd+ZSQx/CsbWJvOl/wBHrpLsWcUUhmFcvrF5DKMQW9dp6WW/xU4lfWIbGGwjngEsdx+986Hyf/Itc9xNN/yyrZmhghtfP/5aedWfeTd64ah9Sqp+relfsxweNNNk0n4ZeHptb8QRXMUdxdef/ossUv8Ayyk82X97L/8AHaxvi7+xx8XdHdLHxd8JbLSZRZ+Xp13B/o1s/lf6zza/U34Q/DL4S/CC1t/FXhjw82t3EkP+g3L3kaxRfu/nl/zHXB/tceNLP4n+H9Y0/V/h3eJBawSxpFD/AK1v+udedLxDpYDEU6Fr8+h/pXlnijmmMzxYeML0f5pb/LU/FTU9NuIZXguB/o9hN5c3mzf+Qqp+NvFWh+I/Eck/hbw5H4ft/O/c6TDqUtzFF/39r1T9pj4OQeG4rC+8OiMR6p/zD5YJf3Uv/XX/AJ6/9Mq+f/E5Fje3EGp2XlySzeXNFFN5XlS/9tf9bX7Fw7Up4rlq9/I+o4vziNDD+1pHcQ/GbxvZ6zZz6rfXOpXFrNF9ju7u8lll/wC/tbN54u0XxUlm9zpdtot/FN5g1bSh9mlk/wCukcXlRS/9df8AW14tZnybq3I8q5j8n/XafNL+6/1X/LKWrB8VX1nDb2N9PF5fk/ubv/nr/wA8v3v/ACyr9LngalbDe7M/nPH+IFSliJ0qsT7U+G/7TkGm6D9h8VeI/Eknlfu7OHVporm5ii/dfvftPm/vf9V/qpYv3X/PWuT/AGhIb7xJpd5qsFxbXNv5MUkPlQ+b5vm/88ov3VfM9l4l1X+1I+fs1vLNFH+983yrCX/nlLF/rYov3v7r/nr5teieFfjbPP8AD688DDyv7P1T/j8067s7W5iil/56xebF+6/deV/qv+WXlV+IcWcNYjCVvbQ94/M+JIZZnUPb0vdqfcfDn7Qemwab47vBYwSRR/8ATaHy66P9mP8Aaqf9m7W7jWdC8E6TqOrPxZaxqXmmSy94vKkEfmf9NK9c/as8Of8ACYeE7PStEtbRY/DoxDBp8MUcX/22vjjUbeWzu5IZPvxTV+Y4mo0z88p4eliaU8PVR9ZTeNfiF+1PNd654R8N3O+yh827is/Nl8qvUv2M/wBobUPhT4/s/CPxOsJbYTXkUUxu/wDnlXi//BND9sWf9lT43xX/AIh8OWOt+G9V2W+t6RqsX7uWL/lnL/10r9T/ANt79nX9ib48/s8W/wC0Z+zZ440S+vJbyL7ZaQzfvYpf+uX/ACy/79Vz0sX7NxpT+GR8vWw1XLca1CC5FrfqfrB+xyPhzN8PtHn8HarJfW91DFJ5svleVF5sX/LKvoSznzF/z0r8G/8Aglf/AMFAvEfwk1/S/gt4/wDHEllHFeeXZ/2heSyxS1+3HgPxtpXirw5b67pWq20lvLD/AMsZq87E01Ctofa5biI1qV4o7Ca8ghiri/FU3myyfZ7jzfKroJ5rHyv+Wdc34w8SWGjaXJ9ouP8App51ctV/uffPR19qflR/wW1+AeifEr4ea+mo2cayiLzbeaWv517ltV8IeJbi2il8p45Oa/pX/wCChN5B8WfDnii+8iX7PFD+58mv5xP2gdH/ALC+Kup6fD/z88V9BlVSo8s5f734Hjzg6WOlHpJHonwN+Lpluv7MuB/pH/LGKvqP4b6D/wAJtpklx9h8z9z9m/1H+f8AplXwx8DrCHUviBp1tcR+ZH9si86v1j/ZR+D99D4S8jVYP3n+s83yf/Itc2ZNUaXOPC0ZVMb7M8X174PwQ232eexi/e+V5Pnf8spf8xV0nwZ1k+A7q4t/P8q8i8qP7J/qvtVrLF/9qir1T48eG7DQbCPyIPKuIv8Al0/1nlRf8ta8f+Ffhafx78Wrf7PB+7sIYrbzv+uUX72vMeI9rhD7jCPC5NLnq6H1B4V8YTzaXZ6Hrnm/Z5YftP72H/Veb/rYv8/88q5/Xv2y/B3hW11TST5tlJL5sc39of63/VeV/wAsv+/VVPjv8f8A4U/AQxaStpb63rDQxXl1a6hLF5UX+t83zf8AnlXwfdeLfGv7S3xQOm6AtvFdate/urW3HkRIZazy/KozftKh8LxB4j4qrWnHD/BD7XQ+49N/bk+Ek1h9ug1W+jjsJv3MVpN5cvlfuv8Av7/rZa988H/FTwr8SPAcmuaF4kiuZIofL02787/j1/e/62WL/rlF/wB/a+Vvin/wQF/bF+FvgCPx9rniTSbyJ4fMmi0fUpbh7eT91/rMxRf+QvN/1VfJGhftKfHf9jv4g3fhvUdb1CO6i/0eZZbyXp5sUv8A7Sr2KuVUZULrQ+ayvj3M6+MdKNXmlvy9bPtfofsp4bm8HfDGK30rxj9pvZPO/wCJlN53lf8Abp5X/LWXzfK/+216R8Pby98eanHP9nj03T7D/U2kP7q2tf8A91/5Fr8+/g1+2Z4A+MtrZ674q8RyxXHk+ZNFD+9l83/rr/zyr6g8H/tLzwaVJ4b8K3sY+y+VHNL/AKuL/tl/0y/9G18rjsJ9XPraeZYnGy5n8R9IeKteg1KWPSrGf7NHF+7hi/59Yv8AVf8Af3/pl/8AHf3XH6z4J0qz1T+1beeOWSL95NL/AM8ov3X7qvJ7L4zwQ38ek2M3m/aofMm/6ZV6B4P16ebT483ssV5L+8h/+O/9dfN8quL67F6SO2rhZyidBNMNNmkn1zzfLi/dXkXneX5v/PWL/wAixf8AXLyv+mVXP+FnaHZ/uJ/K+0eT5kPkw/8AbXzf+2X+t8r/AJ6xSxVJr2saJDaf8IpfTxeZawy+dd/63/pr/wBtf9VbRf8ATX97/wA9a831jQbjUtZ+z+FdDljjtbyX9zNN5v7qX/7b/wCja9WnPC0qPMeQsuxNWrqd5qVnPrst5Y2MHlR/Y/ttnaQzf6q1/wBb/wCQv3UX/bKuD8VQ31nf250qwl8z9750X/PXyq9k+CfwA8feIhb3J0r93F5scN3/AM9a9o0D9mPwd/an/E81yK5j87/llD/ra8qpmkPaciO55b9WtOR8d+KtY8R/YI7i3sZPtEU3l3n7n/W1xfiT48QaDqkngfxUfK/tSzittNu5YfM8q6l/dRS/9/f3X/bWv0Y1L9kvwBqUXnaVB5f7n/v1XKfEr9gT4W+PdLsr7WPDY/tXS8/ZLm0/dy+VXk4xRxFGaUdT7jhjE4LB42FSv8J4F+z78PfGN78N4/EOoXH7/UZs6j/z1ill/dV5d+2V+yRP4tvLzRfDE9zquq+T5kOT5kvlV9uz/CTQPg94VHiHxdfTS6faQ+ZDpVrN5cUssX+r8yWvz/8A21f+C3XwU/ZB+Nuo+DLS+soLiDTLWWPT/DGifaZYvNtfN/1sv7r/AO1V5+Q5Lj8FWliIuz9Lns5xxzl9XFzoqPPDtsfJPj//AIIC/tPfFjUpLmLWNM0mO6P7n+0NHv5Zf+WX/PKL/Vf6r97XDfs6/wDBvn+0T4z8bX1t4j8QnSYrO7iit5f7Cl/0mLyv+mv/AC1i8uvfn/4OnvA8GvC7ufh/4u+xxaX9k8yHSLCPzefM83/W/wDTKKP/AL+16l+zl/wcSfswfFfWtP0nTLvU7HVDeeX9k1yyitopYvJ/56+b/wA9TJX3FHF51hFz/wDD/cfG1Z5dndSUIw5fyPR/BP8AwbwfA/wj8OrfQb34reMbvVL6zit7y886148391L+78r/AKay1xuv/wDBtv8AsteKZ7nTvC3xx8SfaSfs/k3cFrJ5UX+q/wBZ5UX73/pr/wCQq/Sv4NfEzwv8ZPhfH428H+ILaK3iH+lvdXn/AB6/uunm/wDPOrfjNPh14L0uT4j+JPiHpOlaf5PmTaheXkVtF/39lrwKuY8V1cTJ09YnzUOHMjwuInzO0j8gvH//AAbqeJ/h7rkmmfDj4yfbraI+Vpv9rQxfvYv+WXm+VXzV8ZP+CSf7ZPwrH9qWfwzvfEFpYS+ZLNpEXmYr9kbz/gp7/wAEw9T1T+yrj9uD4Z3Nx537mWXxXaxf88v+eteq+AvGHwW+LXhKTVfhz8W9J1/R/wDWfa9D1KK5ii/7axV1Uc44kjpiEuQnE8F5NmMPaUZOEz8Cvgx+2z+2d+yR5dl4E+KmvaRJanE2kauPMtpfL/5ZSRS19tfD7/gp54P/AOCkvwT1z9lb4x+HIvD/AMRL/wAN3Umg3cP/AB4apfxRebFFF/zyl/5a/wDf2vsP9rn/AIJm/B345aDeat4r8NxXNx5P+h6hp37q6/6ZV+Xfjz/gkv45+H3i3UP7F+I0VtcWvm3OgzRQ+V/2y/66/wDfqvewWNy+tUjze7M+CxuV5rk85UJVOalI+H7zXobPUJB5Ef8A35qW5vJbxcxQReZ/0ykrmtSlOm38libfy/Km8urmm3kF5N5Xny/va/Q8LOPKfD4vB8srialb3dzHIZTn8a5LVYru3O1sfnX3T8PP+CYfjr4hfAiH9oHSfE2nppMtn9paK/Tyt373yv3Ug82KX/tr5Uv/AEyr46+L3hHSvDvii60fStYjvIraby4rmIda9CcrU0a5XjYOs6a6eRxH2y5/uj86ZxLNUk0NR+T5XavM9ofT+0P6Tvhd4ivNW8PRagfD9tY3dk+yOXw9/ow83/nlJB/zyqt4q+PPhfxBqUmgx6lY6lBat9iuJrtLWeN7n97+6/1kckZryrwf4k+GWp+FDPqvxNtbm4iaWWGxiMUcZ8r91+8ki/1v+s/dVxc3xV8OeIdSj8a+EtXtdau5bFrbQtctS9vbWYkl8qQiPZx+78qWTy/9b/yy/wCmv4nPIc0xWe07xk4xR/olh+HouvLlg3y+p5l/wUo0WTVxYD4c+FreO41MSxarp1q9tLHayxf9Mo7iSKKX93/z0/5ZV8IeKdXXTgkMVvFbDP2bzdP+1eVF/wBMv+PqX91X6MWP7NNl8WYbi38f/F2a20GR4pNduNdXURJ9o/5+ZZNQ03y4ov8Arr+6i8v/AFtfMP7cH7J/hP4CeKrbwh4d8XR6lJNN9pm+0adFCnleVFLFL5lr+6/56/vf9V5Xlf8APWv6r4SnUwlGnRk7yjE8bifH1fqf1eE/ehHz/U+cdS1Kc2ElxfwebH/z1lmlli/e/wDPX/nlF5tZ+pab5MUc8EFzbebD++/0y68r/rl+9ii/e/8AtKWtxIbCb/iR6rfXMVvYf8ed3FpsUksX+t/1X+lRReVL5v8Az1/+NVl6YdKs/Lz/AKyL/U+VD/qv/Rssv/f2v13A5lD2PIz+ac3x+HjiuarU986j4V/DHXPHmvW/h3SrGXzP9XNN9jl8qK1/56y+VFL5UUX72XzfKl8qsvxroV58ONQjudUhktpJYbW5htLv/n1l/e2svleV5XlS+b5sX/kKu8+FfxKTRLyw0e/0qyvdDsbyXUZ9Ou2iil/5Zeb+9/1v/LKL915v/PXyvK82Wsv45eMdD8e69eeI77VIrm41maW5vPK037N+9l/1v7r/AFXlV89mWIli+enUj7p4ec5pRw2FhVpVOa/3knwx8K6X43lk8+3trmO6h8vzYpv3X/f2vB/2t/2H/Ffgbwq/xq8NaPJ/wj8t55chi7f9Nf8A0ZX0p+yBpkGmxXmlWB8u8l8q50G0mm82LzYv+WXlSxfvf+uX/o2vuDQfBGlftIfBHWPg7pUFjc2+vabFcw+b/wA9bX/Vf63/AFX/ADyr+aeJ+fK811j+7NcglQzqjKpCXvxP57YpmtXGw9+CK+j/ANmP9sy++FajRfE2i22rW2f3VxN/x8230lroPjh/wTx8ZabJrmt/DzS8Xml3ksl54aIzLJF/z1i/56/9cq+XLixvLCQFI8iuemqeIp+0gZ5ngIVU6NTc/SzR/DXhf4+6UniX4X67FJe258wwhvLuYv8A2r/5Cr6+/YJ/4KBfH74HS2/w4+I817c2cV55dnqE3+ti/wCustfil8H/AI6+OvhTq8ereGNeubeSI/6uKby6+wPhH/wVDtrHT0sPGulQSydrua1En/oqsKzqr3eTmPm8NHF5TPl1lD8T+jn4Y/tCf8LC8Ox65BrltLHL/qf33+trL+Lnjayh0uSfXNd8yP8A54/8sv8Av7X4Tt/wWKuvCMclt4C8Q6lFB/zx0+8uoopf/ItedfF3/gtJ8dvGkUdtaao37r/U/aov3UX/AGyriqZZXxGx60M6bVoQkfor+3L+2N8P/hX4c1Dw54O1yPUtQuoZf3X/AC1ilr8JP2jvtWp+NZPFF7fJLeX5+03Y8797FXSeLPjx8U/HuvSarrfiO5e8upv+WX7uq/gb4R6t8ZPiLYaDpN3M5llii1LUJIf+PaT/AJZ+X/37r6bB0aWEwvI5E4atXr4zmmd7/wAE7/gxfeKfH3/CX31nHLZWYEk0M0Uv72KL/Mdfst4b8NQfD34fR5+zeXFD5t5FqHmx/upf+WUVfO//AATk/ZQuPB9rbz6rY/YY9Gm+2zRSzeVFdX8sX+i2v73/AK6+b/ra9Y/ao+IVj4V0WO3sdV+028s39nf6J/qrW68r97af89f+mtfLZjiJZhj44WkfpWUZTChQeKqnlfxO8VaVr2vXkFjY+ZcWEPmfZP3sn/LX/Vfvf+eVdJ4J+D8HwN+CuqfGPXNKllki02W5h/feXFL/AMtYv/RUVeV/CuHSrzVNQnvtJ8vyryL/AEvUYZfNuovNl826/exf6qWXyv8Av1FX3Z8SPBMHjD9grVND/wCEc+2x2tnF+5+2Sx+bF5v+qr5XPswlk2MpUvs81pGNbA/2xRm5b2P52/id8dvF3jTWru41rWLm5muruSWeYzf60y/8ta7H9kD49XPwj+NXhjx/ZLltE1iG7Xzf+WnlTebXl3xf+Hup+A/Hl5od9YxRx+d5kPkzebF5X/XWqHh2/tLa58x259q+3oVXOmq0Nj88zHI8NDBToKFj+oD48/8ABav9jmH9ne0ufDGu2viTVtd0XKaJEvm/Z5dv+rueOP3hIr8D/wBvfxXJ8SvilcfEPUoESTUW+0KIYvL/AOudcZ4J+N3hzwvaINU0GXUrhPuRS3flx/8AkKuV+MPxm1v4qanHc3VjaW8SfJb21tHsjto/+eVdCzOtVXs+S0T4DKuHMdRzpYqTvyq19Fp0SPWf2ItYmm+K2n6HNBHc20tndSfZP3v73yopZa++/h7Nrmo2GoeOLGf/AEi1s7q5s5v+WXm+VL5Uv/tWvzY/ZPvNb0jxjHquhg/bLqGW2s/3Hmfupf3Uv/kKv1T8N6ENA8G6P4O+3fabi6htbnUv9D/e+V/yyi/df6r/AJZf+Ra8bO63JR96J+tZHhqNSryfaLnwA02fWDHNPPL9ntYZf33/AG1/1v8A6K8qvozw14qghlk0r7d5WqRTeZDNF/qvN/e/+Qov9V/21ryPwSbHw34Ik1y3sf3kv7uGLyf+WvlS+VFF/wBcpYopa9Y+Bvww13xVrMmua5BJFJFN/rov+ev72WWX/wAiy18WvfmpH0mPq06doRh8J0GswT3kNvfeIzHYyRebL/zz/deV/wDaq4/4nf8ABR/9mX9mnXre+PjjTfMis4o5vOm/e/8ATWKKL/W+VXyB/wAFmv2+D8L/ABHaeAfgv4p8u8FlLZG0l/efZYv+ev8A8ar8uND1H4j+PvGH27+0NRm1C6l8ya7Mv72vrcHlEq3LKpL/ALdPla+b13GUYxSR+1/xe/4OCPB73VyfBv20Wd9NFLDDpWnY/wCWX/fqvItQ/wCDgjxHZ+LTqFrp+tyWcn2X/VQxRyxfuv3v/LWvgh/DPwy+GMH27x749vbi7i/1MA/+Nf8ALKtfwh8cv2V9S1q3g8VaVqVzb/8ALb/VRV6VTBYTD1P4R8djMdmtaXu80o/cfsd+xl/wXo+Fuu3tnp/jXxhc23+qi/4mEPl5/wCulfqn8KvHmm/E3wrZ+MtGuori3uovMimSvwC+A/8AwTU/Z6/a00+38Vfsk/E7/TP+Pm80i7vIpP3X/XL/AFsVfuJ+wh8Ax+zV+zlonwoOuXGpSWHmf6Tef6zr/q/wrz8ZTyGtVgqN41PtR6Hv5FVzWcG6vwee5xv/AAVwHhSw/YI+Id74y1aSx0y20bzLy8ig8zyovNr+QK40fXdfNx8Q9eMn2e6vZf303+tupa/sS/4Ki/DX/hcX7DfxJ+G/29Lc6n4alt4Zj/yzlNfzMeBPgzYfFr4TR/AjxjrmmeH/ABhpc3maPd6hN/ot/L/zyl8r/VS120J04u38p6dXBw9rOovilFHC/Fr9hTVvhJZ+D7/4kfEbRCfG+gWutaJFp01zJILS6i8yKX/VV5T8Z/2dviB+zr8Trb4ceNNFmj1K7iiksEP/AC8xS/6qvqzSP+Can7XHjHU7PUvj38UPBXhHQtPtLayg8TeN/iJayxWlhbRCKOKKKKWW6ljiiH7qKKKvb/ivrv8AwTj1vXvhj8Gfg98OPEXxBuvh3Hb2158Z/Gmt6hbxXYinmlkistI8wRRRmSQGKSXpHx5Z/wBdX1ONzXKa2W/u6X7yPbX7zzctw2a08ZrL3Ot9PuP0u/4J6/safFfw5+yN4X8I+NvF+oXtzLotrb3k2n30vlS3Xlf8tfK/9G1+Lv8AwX68T/FHR/2uZfhFrvxw8UeIPDul24k0fw5rl5N/xJpT/rYfLl/9G1/TJ+yx+0b8KviT8KdPh8F2UdtHHZxeTp+nw+VF/wBsq/Mv/g5Q/wCCa3w18Vx+Df8AgoX/AMI6lzpHhbW7Wy+KGnWP7uWXRpZYohLn/plL5n73/ptXwWExsJTnUvq94nr/ANnw/tHmk9z+ea3s9TndFa+lH2r/AKa/6yvU/CeoftZfsT+Nbb4i+BfEGveDtbtoI5f7Q0jUTFL5Un70CXypP3sZ/wCectfUP/BXv9g25+DHxhvPil8JdCij8H6pD9p0z+zrLy7aKKX/AFXlRRfuobXypYvKr5P+If7Qf7Svxt17Q4fiB8U/Evim70azistE/tXV5b021rF/q4oo5ukX/TKvWy7H5RiaE/adP61PWxeVZphsTD2K9x+v4H7y/wDBFj/g4S8N/tRaLpv7Pn7RlwYviRFZSHz0hjittZijAPmx+V/y1/1v7qtH/grzN8TbM/2t8LbH/iV39nzMLz97F/2yr8L/ANom31T9lr9pLwn8TPhbp0nhi/m8L6N4h+w6e7xfYL6W1H2mKI9Y4/N836CT8v6NJtN134wfsoaP8S4PB0mpW8ug2tzNN4hh8qX/AJZfuv3X/LWX/plXl06ODoY+GIgrwkfDceUMe8DJQh76P59/FWj3ula3NZSW32YGbmP/AJ51HDcNEPNgr6Y/4KFfC7RPB/xDh1vSfCVxpP22HdNbfY/Liz/z0ir51hg0EFxqFxcRfuv3X2az83/2rX3lOrSkro/I8HinisOlJa/qaul+P/G+mWUmmaf4w1K2t5T5c0NreSxxVz19YX19qH2WxikuZ5eg8r95VyDXbKxjkiGgWVxv6Sy+b/8AHaw77UZy2FMaVtTxUVCzN6MLVbo7D4j/AAn8K+AvA+l6jf8Axn0TUtd1T95N4a0mCW5+wRf89bm5/wBVHL/0yi83/lr/ANtfLSPNm5q5ceZjrVeub2qPbhVuj6QX9phrCwkttNvZLLS5brzYYZv3nm+Z+68r/rl5Uktd78P/AI56S81ymieILmTUpQbnytQ1D7NcxX5illl8riK1ltv9Btv9bH/0y8rypfNi+TND1nS7yKXStZEzX91N8kguIh/38j/df+ja77wPrHnWuoaVbX9z9nlh/wBMtLv7L/pUX/XKX91L/rf3X73/AKa+VX6nk2U5a8XzzP7t/wCIhYqjRUacuaR9IeKP21/FWma7p9t4O1WK2jhvPMhmi0G1j8q182XzZfKi8391/wA9Yv8AVf8AXL/lrzfjfxt8TfiR8Orcf8IfJfafFNL/AGlqH9gyyReb+9l8r7T+6l82KLypfKtZf+PX/W/8ev7rxe81jVrKaO3GuSXMf/PWKaXyv+WUX7rzYopYpf3X/or/AJZV0GjeMbie6s/+JTZeX/x7Q3c2mxebF/qvN/e/uvNl/wBbLF+982LyoovNr9BWW4GNLmgflvEPF+MxSqScuV9jl9Smvpori+8jzY4pvL/65f8ATLzf/jtZd74kn82P7RB5slegeMNX8Ea94X/sqwMVjqkVn/yyhl8q/tf3X72L7XL5sUvm/wCti8ryv9bL5v8Az180v/D+oW0fm6pY+b++8vzYoa+TxuOq4St7NH89Zvjq9XEe0qGnpPjO+hS4jOjSC38mKKbdD+9i/e/62nRw6lrjx2kAkkeX/pl/ravfB74eW3iXXBJqMkVlbRReZLKf9Z5f/TOv1S/YB0f9lPTdEsdD8O6f4AsdQW4j+123ifRrWa6uP9+9upYv+/UVfGZ7xRisGrU48zZ8DmmecmJjRje7+4+NvgD+y78WIfClv4/vvsXh+0li+06PqHieaW2ill/6Zf8APWvY/wBg/wCNkGj/ABLvPB2q31tc2cUMtleeV+882682KWL97/2yl/1X/PWvav2w/ipdfEzTH8DeDtSvZ/DdrH9n0Syg0rz7Vkx/qopIrWL/AFUX/XWvgDwnr0vwm+PezWbGT7PFc75rSV4raXypf+uv/LX/AMi14WdZRic4yiOJqR9/sej4dcW1MHndTDzl1+R9e/t+eD76bVPDf7QvgC++zaxo03/Eyl/1fm/88v8Atl5VfBf/AAUD/ZN0+8g0v9pH4faJLptr4yt5ry8077H5cUV1HL5Uv/kWPzfK/wCmsX/PWv0M1jx5pXir4QXGuQXFtJced5d5qE1nFLbWsv8ArbWWWKX/AEryv3X+qlrLm1Lwd8Zv2fbz9nP/AIRyKK4lvP7R02GWH91o11F/yytopZfN82WKKKXyv+mv7r/nlX5tgFjMBifZVfhP6hnRwGc4CNal8Z+H8PhueaWSCfyo5IpvL/e1tab8PvFEOm3Guwaf/odqfLm/5aeV/nzK9e+OXwln0HxHeT2Nj5Xmzf66KH/nl/raj+Dnw512+HlNrltFZ3U8Uc3mwy+V/wBdZf8AlrX1s3SjHmifB4rCYqnX9keN3mgaraW0dxB5n/xqq+n6RfXF0PP8z/W/8tf+WVfSHiT9mnxVpth59vodzLZyzeXeeVD/ANNYq6jQfgPB/wAIlZ2Phzw39u1yWaK9s/skMX/H1/01ll/5Zf8ATL/nrU06tOZ10coxU18B4PoPgP8AtK/s9JsYPNuLqb9zdw+V5Uv/AG1lr7Y/Yt+AMMWvRz2Oh/Ybe1h/fatDDLH/ANNZZf8AtlLFW58E/wBj/wASQ+I9Q8ceP9Vkl1C6hi/4STUNbhiubqXzfKl8qKKX/VRf9Mv+uUX7qvVNY+LXg34D+ErjwP4A0q5uZNevP7NmtP3X+qlli8rzf+eUvm+VL5X/AC1/1VcGNdSfuUz6XJeHoUsXCeIPdNZ/av8A7B8Gf8K5vrHSb63+2Wv7q703zbqWKL/91Xx/+2l42ntPFEnxxsZ7mPXPFE1rJNaf8sr+KW1/4+pYopf+eUUX/XKWuD8N/E7x/wDEL4jR+B9Vsbm+vNL1KWPxJLFNLH5t19q/0qWLyv8AW/6r/v1LL/z1r2T45eA9V+waHfatBbS6xa6bax+bND/qvKli/dRRf9NZZZf+ev8Ayy/55V62WZdgsBT+sVPjlsfRZ3mWDhWWHpe7A8z+BunX3g/4c2etTeXH9v16W2+yWkMttLL/AKrzf9VL5Xmy+bF/2y/7a1+qHwfm/wCEk/ZV+0WNj9ps5bOL/S/J/wBbF/zyr84/iF4V1zw3r2h/BY+HNSik8L+D4tW/s+GHzLqW6/4+vN8r/W/6qWKL/nl5UUUsv+qr7Q/ZX8bW9l4X0/M8Vzby6Da/8THyf+WX7397F+6/+2/6qvzXxFwVKpCOJj3OvCSwvPF0vh0Pxs+O3wZm8X/F3xH8JvE09tbaxYGW98N3MP7yOWKX979l/wBb/wBNfNr5o8W+AfEfhLU5NP1nTJbWSL935U1fr1+37+xDrkHxV0/4/eB/Ctzc6XLNFc6xNFN5sthdebF5v/bL/lr/ANtar+N/2IfA/wC0t8NLjQtV8ORW2uaXD5lnq0MPlfuoovNl82X/AJ5V9Fk2Kw+Jy+ly7cp8vneT1qmLnOkfjva+eWIY1ZsWKjMpISvePib+yFq3g03E1jqsktv537mWaH/W/wCtrmtC/Zx8c6jqkdjqmlSWMfneZ5s0NepGnSa1PkqmHxEJezlA90/4JgfDe++J/wAcvCeh6bDH9tlvJY7Oa7/d21rFFF5sssv/AFyir9ZL34bn/hKLfQ9Kgll82aWOb7X5v+q/1vmy/wDkWWvlr/gkT+yf4wfxPb6l4S0e4EV//wAvhh8ryov9bLX6A/tIeKvCvwYsI/Dnhyxi1vxprPm2Wj6TNN+9v/N/5ay/9cq+U4hqfWakKVP7J9zwnkbUJ1avU8vh8K/8VHH4H8OQf6PoMMUl5N/z6+b/AMsv/RtfVGkfD5Phj+zDrHxHstS02xvNLh/0O71Gz822il/6a/8ATLza+W/AvjH7Drun/B3S77+29curyK58YeIf+Xa11S6l/wCPWX97/wA9fKi8r/rr/qq9i/a++Mt/4Z+Dl1+zpoOpi6vdQsfs2op7f8tZa8qll9VYmCPSzfLsNGPNGXu9z8If20vDd98bv2h9c+Kn2H7Np91NFH+5/wBV/wA8v3X/AF1l/wDRtcX8WbOx+C/w+0+w8OW3l3t/D++1Dyf9V/0yir6k/aih8K+G9Lksbf7NLH5376aGbzK+L/2ifG0/ir7HYwD/AFUNfpeBjSjQcvtn5ZmSw8a6hTPIxHea9qv2GP8AeyXUv7mszxFp9zoWtT6XcTLJJbXUscvld627OG+025jv7Kby5IpvMhlrEn06WaXMuRRUanT/ALxpRnTgrHon7PP7V3xi/Z98a2HjP4VeMb3TdQsJopISJf8AnlX9X3/BG7/goFpX7f8A+zxF4y8rytU0+0tf7TEXOZZc+Z+sYP8A21r+QmfRm0uaO4xLHby/6mv6RP8Ag0G8E2Oi/sf+OviALC5jvNa8Tw2s91KP3c0VtFiLyv8Av7KfpJHXhY3KaMZxr/aR6NCqn7sD9Ufjj4TtvF3wp1vw3N0vNNlizX82P7e37KPirwf4t1D7DBJ/akX+k2f7n/j/AIvN/wCWVf07XiQXVqLeQde9fmh/wUv/AGV7fxvY6n/Z9ls1zS9W+06PNaHy5YrWX/WxRRf88ov9bWeHqQpYn95tL8zonT9rRco/FE/ns1jQfipemSeee+l/ffvv33mf9/a7D4Y6P8VNG8W6f4c0OD7TJf8AleT5P/tKvqD4zfs6waxpf9uaV5cWqWF5LHeWlp5Uv7391/qv+2Xm+V/qqw/2V/g/fal43k1zxVYxy3HneXD537zyv+/v/TKvbUaFOm7I5nUxDo+4fpB/wSp+FeueJNB/4SO/0rUrm4tf9G/tGG8/z+6/65V9Gft46lfeCf2fdU8Harof9r6Hr3+jXnhPVoYvNlil/wBbFF/0y/7+11f7APwE8NeBvgLpejmzDSXUMst5qFref6TL5vm/+0vKir1z4+fDKf4h+B5PCwgikt/J/wBVL/rf+mXlS18JhvZzzGcpfDzHLRo1nSlUn8R+J3w68NfG/wCGHw1f4SnwF/wu/wCDkP8AyDdDi1iK28V+E/N/5ZW0Uv7q7tf3v+q/79eVWP4Q/Z5/ZSj1o+Kvhf8A8E6P2qbm8875WtPhTYeV5v8A11lv6+qviR+yLqvwx+KF5quh+MdS8L6h50sn2u0hi8ryvN/e/upf+uv/ACyrpIfhv8TdZ0/7B4y8Y+MdWj8n99qOn6D5tr9l/wCevmxSxS/9/Za9rF5Hkcpe0W8t7Nq/r0Pscm4nxWGw3s5u7jtzW0++5+Xn7Wv7Avxu/ao/aO0G88V/Cqb4b6eY4dPsfC+q+JLbVvEF1aiVhLd3Itf3Vrwf9WRkf9Na/ff4Y6CPCvwCs/A+lQeZJFDFH9k86WWKKvlPwf8As36rZ+OLOfwd4AvtNt4v9G1LXJof3sv/AG1/5Zf+Qv8AllX0Z4C8N/ED4YSxr4qvotS0uKbzYbuaaWX/ALZeVXBmdKkqdOlh9IxPnc8x1DH0KiqP35Hxz/wUP+A1p428LQr4k8IfbZYZv3Jigljll/79V+TnxS+Gr+Ab6S4v47dIzPmK2nhl/wC/XmSxf62L/v1/11r93f2rvElj8QtLk+w+G45fKm/cw/Y6/K/48fD6Dxt4tvPCviqD+zZPOlk03UPscvlRf9MpYq+tytS+qRjUP55hg54PMpwh9o+LLqNh0NUxGZe9fQ0X7GvxG1PTrzVfD+reH702ssX7mHxJaxSy/wDTWOKWXzZv+2X+qrznxH8FvHvhoyfavCd9NHF/rpodOlkiirt/cHpSw9ej8UDzr7H7frUfkD+8a6GXTb1YpGmt5Y/+mtVjp8MXU1Bj7VnF2evf2ZdRweT5tn53lzWk1dZaa9pIsPI0T7bHHLN/zEJopPKi/wCusUX/AF1/8hVw/wBi8n/Qbj91WpZw3GjzRwXy+VJ/rPJ8n/nrF+6/7+1+qYHE+zP6MpzxEaXtEekTax5Og/8AE8g83/lnDNdw/wDtX/2l/wAtaLPWj/bNv/bk/lfvvLvP3PmSy/8Aorzf+eX7r/nlWGLyf7Lb+R5UkcvlfuZf+WX/AE1il/5Zf/bf+WtEE18bmz06Bov9Km/4lsvky/upf+eXm/vf+eUX+ql/55S/62vs8PmUXQ9mfL4nDYnMMU+U988O2DeOdV0vw3omuXtz9vEtzZ/v9UjuZZfKi83/AEGXzfNl8ryopfK83zYvK8rzf3Xm/TGhfsL6XJ+zpcfEyXVv9Mlhik8LaTDZxSW2syxebLL/AMtYv9VF/wA8vNl/exeVFL5sVfN/7NPgm+8R3dxb/wBk+Zb383/EytPOuovNuovNiiuvNil/4+vK82L/AFX72KWX97+9l839DviT8OL7Tf2Ube9s/iLcjQ/E/haw/wCEpOnWlr/xPr+K6/0WKWK7illll825lll8qW1i/wCWXleV5Vfn2dYtfX4Q59DHMeGcThsLUqVKal7ulz8kvF3jXTNG8X6hD4VglisPO/0OKWbzf3X/AF1iii83/v1FUmn/ABp17T7bdaXWffzqyPj34T/4Rf4jappPnebieXnyfLrC8GeAfG3i2OSfw14V1K+t7X/XTafZyy+VXHisLh+b2sz8sqZNRxWs6fvI+hfhp+0uZIo7e/sYnj8ry5QY/M/dfuqwvH2s2cXimPxXpbSyW8v/ADymij/9pS/+iqg8G/s1fFe60CHxmvhrUr2xl82SaeLS5cfuu8kvleUf+2cslYfjXRdTsLJ5Lz/Vx169DMKOIwcqLPjqOEwOXZzzUtz6e/Y/+Nlj4l1X/hAPFV9ZXMd1Z+XDDqN5axXUv/XL/lr5v/o3/wAi1n+Kv7V+Evjy48OX19LJbxXnlzS+TLH9l/exfupf+uv+f3v+t+a/hr8ZtU+GsV5a6dd3MVvfzRfbIobuWOKXyv8AnrF/qpf+2te4WH7QfgH4jaTb+Hrm4trnyIf3P2u98uW1/wCuXm/+iq/O86wX73mpo/WuHOJMZhMSqT5uRkfxI8Bn45XWoGC+jttYlhlufK/59fK/5axf9MvK/wDRVWP2P/2VvFXxI8U3nhXwd4clufKh/wBMu/8AVxWssX/LXzZf9V/9trc8B6bPeWt5NocHlyfvf3M1n5dzFF/01/56xf8APX/nl5v/AE1rl/GHhT4jeCbr/hP/AIEeKr3w/wCKLD95Z3cP72K6i/5axf8AkL/lrXzWJ9vGjycx+zQlh8XhvrNP3pxPvjQf+CfmuXujSeFfib/Ykv8Ay0hlmvJZbbzfNi/1ssXm/wDXKsvxh8K/gr8DtL/4RT+29E/tCX/Rv7P0mHzJbr91+9/1X/TX/wDdV+X/AMQf+CtP7Yl9qFvoXxU8SXNtHaw+XeQ6HDFZeb+6/wBb+68r/nr/AOQq1PhB4w+Jn7VGqeH/AIc+DvGNtpun/wCrvPOvPK83zZf3vm+bL/8AHaWV5biKkPaVah5mIzvE0dYwsfSnxI/au0r4S+F7zxVYa5Zf2h5Mtlo+nWn+k+Va3UX+lSyy/wDXX/2rXH/su6l4y8YS658fvEfhW28uKbzNN8M3cPmxS3V9FLa2ssUv/LpFa3XlS+b5vm+bLFXuGg/8Ekbjxt4c/wCJrr0WpSWF5FJDdy6xFcxfvf3UVr/okXlS/wDkL/rrX0Z8Pf2IYPBPi2TSYPFVlbaXpdnpdt9ktIfMiiltbrzZfNl/5e4vNlii/wC2svlV7bxOAoQ5DmhnlepOM56fqfBf7N/wH1v4e/EG3g+wyyfZdSiudYu5Yf8AVXXm+bL+6/55f8svN/5a+b+9r681jwrY+FtF/wCE+8VeHdN+0Wt5L/rdNik+yyyyyyxRf9df9b/rfNr6M/4Vj8FvhXoNn4jvp7bRI7+by9N1yWzi826lll/exfZvN/1Uvm+b/rf3Xlf8tf3Utfnn+2l/wUC+FcOvap8MvhX4j03W5LXUrqOa78Pal9pttZi/5ZSxeV+6/wBV/wBNZf8AVfuq86pja+OrQp04+5E87G15Yl/3jk/2o/2nNK+KnxL1CC30O28y/wDsunal/wAS2w/1UUUUUUXm+V5vlf6r91LLL/6Kr6w+B3gPXPDfhXQ9V137Dc6hoPhuW28YaJL5X27S7WL97ayyxS/vfK8rzf3v/LWvzb/Zw0zXfjB8ZLfXNc0m5i0O1m8z99D5Xmy+b/qvK/8AaVfr38Dfgjr82geJPidqOoCK51m7mjmv5bz93FLcxeVHNFJ/yyl/4+f3v/LWK7/6ZV5fFuHpVMr9mz67KaSWCsqnvXR7z+zr4W8K+MNBk0rxjBY20fk/Zry08nzfNi/1X72rHx3/AOCcvgfWPC/kfCu+/wCEfuLrzfOh0/zfssv/AMaryf4M+MPCvwx8OeH/ABHfT20ceqaP/qv+eUv+q/8AtX/bKvdPB37b/hbR5f7Lnnilj/55edX5xl2NxWUR5JR9w7K2Jn7X3Z+9E/N/9pD9jP8AaF8NazqHg7/hHNSudU8mKOzl/wCmXm/vfKl/8hVJ8DP+CeMGj3Wl+I/H+hx/2hazSyCHyfNll/55RV+t+l/En4RfGXS/sOp6qIo7r/llNN5f/kWrF78KNO8N6XcXXge0EYm/1VzpMP8ApNe7Tzmnio8sahnLF0Ob2lWHvHz98D/gjJ8JfC3/AAinhfwXqR1vUovs8sVpp0v7qLyv9bLL5XlRVxHxk8A+I/hDo+o/EW38BRav41udIlGka3qkX72KX/nlbfvZYoYvN/5axV7xefs9XvxHlt9Tn+Iur2UcMv76W71LzP8Av5F/8dpul/sm/DyTWv7dm+I815eSzRf8hD955sUVe3hnho0+bqeRjeJ8VT5qVCPunxt8AfgnfeA/Dklj4c8D3OmyX80tzef8tZftUsvmyy1F8Wf2RPil4n1LWPEOpXt7e32p6x9tu5ZbPyv9b+9r9KPD3hv4X+BE+0aXpllFJL2tP9VTNR8RaDrepfbdBt/Mkl/eTDzvK82Lyq68PmGGw9fnqdT4/HY/McTRUYVdvsn89f7fn7KPxph0u48VTwalqUn73/S7ubzJZYv+msv/AD1r88/FWm6gml/Yr2HypBN++ilr+uj48fCT4V/FPwvJ4c8SeHLK5/6e5Yf3sUtfkH/wUa/4I8aVNf3niPwPB9huJYfMh8n/AFV1X1NHMcBUXNA+X+t1cNP/AGg/Fe8s76GXHkVHDDBD5fnwRSSf9dq9o+I/7MPxF8E6vqFjrGmSSfZT/wAsh/ra5+z+CWqzan/p1jL5cs377zYa39nTq+9E9SlmuDqLRnH+D/BOq/ELxHZ6Hodj5t5dTeXD5Vf1x/8ABGr9njR/2bf2I/C3grQ9P+zxNZiQ4OfNPWSX/tpL5hr8OP8Agmn+yt4c8SfF/wAN+DtD0uOS41TUrWSbzv8Apl+98r/rl+682v6X/h3oUPhjwdpmhwfctbOKPmvDzOty1Y0n6n0eV1aValKovQ6GvDv2t/hZYeMvCw8RQP5d5YS/67zuv/TKvafNh9awfEGnalJfSK1yfsdxaeVNFF/yy/6a14mMq+7eJ6+H90/H39pb9m/VdB8cXF9oeh21jrH/AC+WktnLHFr1rLL+6/7axS/8tf8AprXlfwr8B6H4k8R2d9PY/Zo7Wby7zT7v/ll/z182v0U/aR/Zp1az8OSaHYwf6PYTfbdBu4v+XWX/AJ5f9cq+L/HngjXNB8RyeONDsPKksP8AkJadDD/yy/6ZRf8ALXzf/av/AGyrWGP9rheX7R7dPLlUw/NTPuz4D2eufBTw5o8/g6/l1bw/L+81i0hhii/sv/7V/wB/a+nNNvLHxt4XjuLefzI7qHzPOhr4j/ZX+J2lXl/b2Piry4ry1m8zTdRlh8391L/qv3v/ACyr7Q8LTaJNYRi2uP3f/PHzvLr5KKlTxmp5tTCVoR948b+LXws1XxJa3Gla5YyyXFr5Umj6hLN+9l/6Zeb5v+t/+O15voOj+P8A4P2sn9g+HLm5s5fN86KKby5Yv+uv/LKX/P7qvsDU9NsdSsPIngiuY65/Xvh7pPiOw8iCHzbf/wAixV70Je0XKcNTC80uY+Z9Y+LPirXtGsxpUEcVx53mTTf6uWL/ANpf9+q2NH1LVfHmgyWPiqCT91/qbu0milili/79ebF/39rsNY+AN9o+qXGu2EEUv7ny/Ohhiilli/55S1n6b4P0qC/8+4ntraSKb/ntLbS+b/11pz+H3onnSyz2suc8b8eaDBqVjcWPkReXFD5dfD/x48BQaDqlxfX8FzLHazf6Z5tnF5UX/bX/AFtfqh4w8E6He6NJOdblk83/AKbeZ/36lr5H+Nnw3gvJbixv4PMkl/5bQ16OGzRU1ynyuI4UqVMZ7SJ8d6b8WvGPhX/QdJ0PRIvKhl8mW78N2tz+6/66yxS15H8Zvi14V1j7PPrnwl8C3NxazeZN/wAUfa2Xm/8AgJ5X/kKvePHvw+t9HiuLe+1WO28qb9z51eD/ABU8E2OsX8gg8rzP+ev+q83/ANpV6+GnSl+8ObNcuxuGw9jxf4wfFXwr8QrS3sfCvwC8L+DpIv8AXTeHrzWZPtX/AIML+6ryubyZpPIEEe+vVPGHw9vtHl8iCD93/wAtvJrk7zQvJP8AqJYq9ZVPan53VnKjW/eHj+gzaV/bNvb6rb+bZyzeX+6h/exRf9Mq1LjS30SOOazvI5DLDFJDLFN5kcsUv72sv+x9Khlt4DqEkf8Ay082aHy4rX/pr/01/wDIVdPPr13oN+VurL/TovNjT7ZH9p8rzf8AW+bFLF5Uv+t8391FF/z1/wBbX6BT9x/uz+nqSq+x9mhfDd79s/4/vM+z+TL532Sb97FXpnwr+Ff/AAmHi630OCeyuY9U/d/2haQy+Vdf+1YrqKXyv+/X/LWuD+HsMGpTefPYxyR+d/qYv9bFX25+xL8O7Lw28ni3W9Ggmhig+zTWcUUr+bL/AK3zZYpbryvK/dfuvK/5a+V/qvK/dFSvXhTlyH6LwPwVUzGv7aaPZvgp+y9rvhTwJZ+P7OwsjqV3bOPDt1dr+9luY7X7VFFL5X+ti4j/AHV1/rf+mX+ti9w+EPhHxL46+HMs/iP4et4q8NyzSz3Wk/bJY7nS4v8AnrHF5sX72L/nl+9/1X+qrwbU/ilqU+pQBrXUvEjX95a2uoWl63mxXMNtKdv7vzf9GuYoo/8AWxyV3Wn/ABP8V2fia3vzpepXP/LTUruzN/J9q/66eVa/brSX97+9il/66/8APWvz/MpY2riNfj6H6Hn/AAVOEY0aqj71za1T9hT4EfFl7Pw1qHg+eTRP7Yi1HUjrWpRWNjYReV+6ii/5ZSy+V/z1/wDIvlV2cPgn9kL4e+ErP4O+I/Efg7UtH0G8+0w6Hd6b9htYrrzZZfN8qKL/AJZS3Mvlf63yvNirx341/H+D4npc2eneMdJ0zTYrzzPs3/CUaXpttF/4MJYrqWX/AK5Wsv8A39/1Xgv/AAqTVfi347/sP4WfGK21u4tf+PzwR4I177Tqf/X1F/qv7Qi/56/uopf+mUv/AC14FiMbXX+11Lcp+UZxwbleX4apGjy+0l9nT8Wfoh4E+MtiZrOx8AXPhfxJocsMUf8AZOofZZJbW1i/1XlSxfvf+mUUUsVfLH/BTP8AYM0HW4Iviv8ADPwzFp0Wsw+ZeWenfvLWKX/lr/1ylr2r9jD9lq78Grb3fjW08WWWqS/u7O08V+G/LuYv/AS1l82L/rrX074w+GN94P8AA9xofiqxttS0e/hlkvNJls/NtZf/AI1LXhz4hjgcZ7tU/nTiDw2xd3iKS5Zn80fxT8IeJPAmr3OjapayxSp/CYfv1wr+IZ7BRcQXH7yMdK/b/wDbj/4JsrceBNU8X+HbOKTQ/EUMUk0sUMVzJpcsX+q8uT975X/bKX/plX49/H/9mrx18HdYuINZ06V7PP7m5EPl5r7HDZzRzGlHkkfN4BVMJP2GKjyyX4lz4Bftda58N/FEdxrt7Jc2/wDz1m/eeVX338JfFPw5/aE8Lx6r4O8R6Rc3mvWctteaTaXkXm3Uv7qXyorb/WxS+b/y1i/56y1+RV9JPZSnKfrXpv7Mn7S3iv4B+NI/Emh+VJH/AKu8tJvN/exf9sqWLwSxlM/SclxtfBv3fgPsz47/ALJfg74qaXJpV9odzLcWEP7m78mKPU7D/nraSxf8tfKl83/tr+6/dfuq+V/F/wACPjb+zB43sPFXhC8/tfT4pYrmxu/3vlS/uv8AVS/88pf9X/39r9LPgD+0J8D/ANqj4feRPqsWk3EXlXsOrWmpeZc2t15sX+tuZZfNi/65fvay5vhvP4jl1DwP8TvLvrPWdS8zUtQtJv3V1LL+9luraXzYvKuv+WXm+VF5v2WL/W/62Ly8Pz4ep7KR9zUwuHzClCpCR8yfDb/gt7qvwn0y40fxF8CtStryL7L5P9ieKrqL/Veb5ssssvmy/wDLWOp/Hn/BfH4xaxo1vY/CX4PR6bcfvY7y71bUvt3lRf8ATL91F5X73ypa+iPG3/BKn4jeG/Ad544g8N+F/HXw/wDGU0V7eaTrlnFbX1hL+9/1V9afvbT/AL9f8tf3sVfLfxg/Yz+H/wAJLq38R/8ACDeMvDen3X+jeVdzRala/wCt/dRRXMUXmxfvf+esVcaqYOeJcHbmPMxeR1IQ9pH3l/XY5/xt+2l8R/jzrN5f/tC+MdSvY7rTYo9N0nRLz7NbWv7r/lrL/rf3Xm/6r/nrXF/su/sx/Eb4teJPP8YeHJY/KvPKs4ruy/dS/wDTWusm8YfCTTrmSx0rVrL/AIlf/LLyfL8qX/lrF+9i/wDtv7qvVPgD+0JqupeN7zQ9DsdN/wCJXpvmf23d6x5lrayy/vYvN/dfvf8All/368qvWr0J4XB+0hKP9eh4lBV8XifYU6fJ/eZ7v+x1+yj4w8Q/FWz8H+HtM1a41SGGWO887TYraKw8qX/Vfuv/AGl5tfsNpFv8Ovhn+zncaJ4d1Kx+32ug/wCl+cP9GvraL97dfu5f3UvlRebX5rT/APBT74H/AAlmjuNK8cf8JJcap4kutWm0TwxDFHbWsvlS2st1LL/yyl/eyy/63/prXyn+2p/wUm8f/tL/AAluPhXoT6lpFnfzWEmvfvvN+wRRWthFL+9/5Zfvf3Uv/PWWKKvkY4TG5nif3/wH01ehDB4TkjO8z6g+Bv7VHgf9pD4g+LPEdv8ADnRLHwn4jvJbjQf9D+zS2EssUX73/pl5v+trQ/4Ub8RtSsLjVfCur3199gvPL/4lPmyxV8P6b8ePEfwH/aC0v4V/DkW39qRTRW2vTQ/vIrWX/lra+V/qv+ev+ti82v0M/Y5/ac8Y6D+0ZZ6T4x+3X1vqmjy23lXd5L5vmyy+bL/1yrPPcvw9HC/u/snyeBWaVsXJyempX8B/Gvxj8K9Z+weMdVvdJuLXyo/sksMsstfY/wCzZ+3Fb6j9k0fxFqNsLc/6ky1wnxy8VfBbX9Ujt73Q7aWz8n/TJoYf9V/yy/df9svKrx//AIRDw5Z6zcT+AfFX7zzv+PT/AJZV+e4jCqpT9pSjaZ7eDqY6lW5K8eaB+md74X0H4neHZNT0O/8As1xdQ/8AH3af8ta+TPjN43+KfwQ8QyaVqelSSxxdP/3tX/2Zv2n5/A0kfhrxJcfu/wDV/vZv9V/01r6Q8U6L8Pf2h/B/kXcsZk8nzLO8hl/exV6mTZrRv7HFe7I7cwyepKPtIr3WfHmsft7fDm8P9lX3jHTdN1Dyf31pqM3lVJ4b/a08HXl/H5HiO2i82b/U/bIpf/RVYf7Qn7Ouh6bdahYfEbQ7HUreL/RvtcWgxebF/wA8pf8AW+bL/wB/a+H/AInfDefwTql5P4H1zy47WbzJof7S+zf+RYv/AGrFF/ra+pnLL5+7E/PMdluY4arenufppD+0JY6lFJPcT20sksP+ttLyq/xI8SaV8SPhpJoeuf6d/wAtIZv+WsUv/LKvzX+Bvxg+Jum3VxpXiO+k8u1/eTXfnSy+bLL/ANtf/RVfSnwr+MsF5ayWN80n73/ntDU0qPstaUz5jGU8d/y/geN/Hj4DeDpvEdx/wkfhX/SJYf8AW+TLFLXzn8bPg/8ADnSNG8+fzPs9rD5kN353l/uq+xP2kIYNe0G4vdKgk/7dIf8A41LXxf4q0fXfEmv/ANhz30ktn50X7qXzf+ete/hs7qU4cs4nk4bLa9bE80ZcsT7k/wCDfr9n9/GPj/XPj14g0zGl6DZ/2dpsvk/8vUv72X/v1F5X/f2v1T8R/EO5i1y30Xw7p5uIz/rrv/llFXzz8CPBHgP/AIJ2fsK6L4Z1xfLuI7CXUfEHlH/W3cv725i/9pf9sq8y+DH7RX7Qvx3+Jdv430mCy0jR4pov+JdN/wA8pf3X+f8ArrXwmb5/UxWZeyp/15H7nkmWqhlvO/sn3gmswWe+386OL991irQh1KCaL/X+ZXzn4a8SeKtRufI13XIraQ2dr5377/v75Vdp8FNQ8R61o0d9rGt20tvJD/z2/eyxS/5irroVqypSbiaKaqPsdX4iv/Dera7J4C1qwMnm2fmYMH7vyv8ArpXyx+03+zIbRrjxJ4OH+maX+8/66xf+1a+jLqystL1WOfV7/wAuS1m/c/8ALTyv+ev/AH9qP4san8PPDdhZ+ILrxHFbmWbyoY5Zv9b5teVDG4mMZyPcy3EywlaH2kfCfwN0aeG6k8K2/wDo32WaW503zZv3Uvmy/wCqi/6a/wDTKvqT4TeNvEemxW9jqv2n/nn/ANMoq4Dx/wDCvTtH8Wx+KPh5qtt5d/N5kOn+d/y1/wCWsX/tX/tlLXW6S0uqxJqAMlvcxf68/wDPSvFqZy3W98+7eBweOh7SG35Hv3hzxXDJaiCeeNvpW5ZXsEz7oJvMrxPw3qV9/qJ69C0DWkiQZlkk/Gu/A5y6lY+UzPJlS/hnfTQ2N5FXi/7QXwxvb20uNV8NGSK8i/eeTF/y1r0yz8RIp87ElS3MEOvxSRTInH8dfRxzelPQ8LD054WteZ8faP481zR/MsdVnjlkih/0y0/5a1y/xD/sPXrC4voJv+u3/PWL/wC1V9F/FT4Bya/FLtii/eQ/ubsfu6+WPG3hXVfBM0mlN+9k/wBX/pc0sfm/9MvNrWnhfrE/aI+zy/BZdjtY7ni/xg8K32vWEkE+q3PmWs3l/wDLXyov/tVfN/jzwHfWd15EGlxS+b/rooYa+tLzyZhJpWq6V9mji/1N3F/qov8Arr5X/LKsfxJ4DgvP9O/1kkX/ACymh82KWvfpU6mGR8zxJw/y/wAM+L9Y+GI1K1kn/sq5k/c+ZD50NeV+KvBNvDNJ9ogi8z/ntX3R8SPB8F7Yf6BpVtH/AMs5prSHyvN/65f88q8P8bfCWxhljnEEkUnneX/qf+Wtethqp+J51w2+f2h+b8+j302u2+laHBFLcf6yGGH/AKa/8sqj03w1rk2qf8I5/wAI5L9o8mL/AETyZfN/z+9rtPDfg/7Zqv8Abk/2mKSL/Sby7h8rzYvK/wCWsUVfSHwf+D/hzxvfx3F9PpOpXH/Hz9r1C8uopfNl/wCXqWX7B/ra/Ra2Mjh5H9M8HZNRzWv7Nzijzv8AZx+CWqanF9vuYZJI/wDj5mmm/wCeUX/xqvobRtct9H0S38Im/MUkvGJoopYoov8Anl5ksXm+V5v/ACy83/v1X0r8Pv2HYvE3wrjn8J6TcxW8X7uZrXUP3lr+6/e/9dYq8IvfhL4i8O+N7iCCa2vZItSljvItRh8z91F/rf8Av75UtenRqYfE0W4Suf1jwdguH8BhJUKNTmqQ+Iw4ryeDVbyeex+0yWE0UflWkMv+lSy+b5Uv7r/lr+7qz4P8ceKvHesT3vjqK11H7VNF5HiptMtZN3/LKKWW5lsLryvK82WLzfK/eyxS2stewaR+zVceLfgJZ6hNd3NlrWn+H7rXdJeK8+0xahbedEtzHL5sXmxSRiSL915vlfL/ANta5P4P+H/AHiLxst74P057S7lkl3pqYiufKill/e/vIvKil/1X+qi/e/8AXKvlcyrYfD1NPjPJz3N8uzCcoy+xdfPvc+Uf2/v2fPGfhWbSbvxKkkcviWGW90Way037FY69a/uv3sdt9ltYopf3sX72L/nr+9iil82Kvp3/AIJs3nj/AOHnw5jvvi3Y63puhxWcUWj6T4m16X+zPN/exeb/AMTW/iili/6ZRfZf+2v7qo/FfwZvvCt3jxxYxx3kU376aLTZfNll/wCesUvm/wCfNrD8S/HLXPBXiP8AsrwB4c8C+G/K/wCPzW9b8E2viTxXf/8ATX7TdxeVaf8AbKKvk8TN49PlifyNxVm1HKc7jWq1bwkz6QHxU+Kvwx8XW8/wq8zTbe6/ef8AEvhli0e6i/68f3sVp/19RS+V/wA9fK/1tfb/AMJfj0PFHw92+MdGW21SK3i/tKDb5gsPNi/dS/8AXL/prF5v/XWvx40f9oqey8U/YdDsbGKOKaKS8u9Q02wk8q6l/e+bLLLF5Xm/6ryoov8Anr/zy/1X35+zfNPZ/D7R/In+wx3Wm3UkMMs372Wwl/e2svlf6qL/AL9eb+6/5ZReVX5tnWXOi+aR9RWzPKM4wNOVONj3TTfjbY+G7nULCeystS0eX95qWk+d5nlf8/XlfvfK/wCmv/f2vPP24f8Agnz8EPjr8E9W1jwZPYy4tPNgltR5cn/bOuam8E+JPi14j1jwdP448SabcfY/3MP9sfaYtUilii/e20v/ACyli/55f9Nay/gb42+Jv7N/jy88D/FTwdfalZ3X7uaWWby/K/6evKl/9pfva6cgxMsNNThPY/I+NeGaFdOrCnr05T8Bf2pfgtf/AAe8dXnh15PNRZpfJaWKvLRKI2wTjNfr1/wVR/YgvrXx1H44kT+0/Cvin9/pPiGEeb9guv8AnlJL+6xF+9/1Uvlf+Qq/OL4wfsr+P/AcxuZ9MNxp4PF9YRebbH/41X69g6vt6PtujPz7BZnTwkfq1d8svMy/gj8V5PhzrEfiK01GWC4tZv3JtNNikl/7++bFLX6X/sffH7wB8VfDlub7Spftnnf8hvTofNltf+usv/LX/rlLX5MRadLZy+RcxkfhW34O1jVfDesx31jfSxyRTfufKm8uuXMMPDEwvE+uyzO44Xrof0YfB/8AbG8D+D9L1TwPq0EureH/ALZ9m1K7tLOX+zIv+2sv73/lrFWP8Tvgz8Mvip4c/tz4ceI7HUtLim/0y0tJopZbDzf+/v8A0yr8r/2WP+CgV/8ADW/kt/GHiu5k0+ws4razu4ry6jll/wCmXmxS+bFF/rf9VFL/AMsv+usX1ho/7fnwk+JGjf2r/wALN8qT97Jefa5opP3UX+q8rypf3Uv+t/e/va+ExWX5jhJ+0cOaPc+9yvM8vxkeVT5WHiT/AIJp/B34jw65P440ryrfXrywvf8AhJtD/wBbdSyxS+bL5X/f2vK9Y/4Ik+P9HvrfSvgF8Rpdb0/VNSitrPSdRhlii/7ay/8AbX/97X3R8E/iR/wkmjSWNxYx3Ol3UMsmmzQzeZ/Zcv7r97F5X/LLyq9A+HvxO0rwfdfbtc0Ox8QWfneZDd2kP/LX/nrF/wBNa818R4vD1oxnD3D0sXkkMTHnpT/I/MP9oX/gnB4y+EV9Z6N4d8HeJLaPRtN+xf2jqOj+V/b0vmyyy6hLF/qvK/1UUX72XyvK/wC/vzfqXwxghsNY8OX3g6+sfEF1eRR/a5tNlklii8r/AJZfvfK/1vm/8spZf+/tfvH8XvjTYfHu1sLOeC6srfR9Olsv7Qi/ey/vf+ev/XKqmj/s2+FfEkt5far44trb7fNayQyxWcX7r/yL+9r1nxjgJe642+Z85HhnMYrmnP8AD/I+A/8Agm//AME9/CvhvS/+F4fGLzftkX7yGL7HLLLF/wBdYv8AP+qr6Q/Zk+CXxN8efHiOfw58NPLj8m6tv7c1Cb/VSy/uvtUX/LX/AFX/AKNr7H+GHwQs4k/4RjQ47W8ils/KvC2j2sXm+X/y1/1X7qvaPDemeAPgdoMf9i2MUUcv+uu/J8uvmM64loOHLTM6GVvCVeaUryPH9J/4JlaTq/l3/wAQ/irq0k//ADy0nTorb/0b5tYGr/8ABJPTdOkuL3wX8atSS4l/1UV/p37ofWSKpfjj/wAFcv2fPg94iPhGDXbjxJqkR8u7i0Pyrn7L/wB+qpeD/wDgqVoevapp9tc6Fq+m/b4fMs/7R0391/1y83/nrXgYfG4nl9p7KXKaVKsoztKcTxv4q/s9/tGfAfzJ/EelS31vF/zEdO/exS/9tf8AW/8Af2us+BX7UVx4Ft7O71O5+02l1/FLN5f+qr6m+Fv7Q/g74tWj+HtUNtIkkPmTfvf9aP8AnrXjH7Vn7CM0drqnxG+Ek/lSyw+ZeWcS/vZf+uX/AE1rWVTAZvHlj7lU6MNm9TA1fZ1/epne2viHwN8e/DV5ohvraS4i/wBTNF/z1r5H+Mf7Ed+PGdx438Aa3HFqh/4/LOKaWSxv4v8Anl/21rP+E3x4t/Afja30HXfEf2KS1hlih0+7h/dRf89ZZZfK/wCmUVe/eJtb8YWmlf8ACefCE28t/wCf5eo6TeH91J/zyl/66/6qvPwmNxmW15U659VhsBluaQ5o/a2/4c+Lbz9mifSPFsl9YXNzptx/y2tJf9VLLXYal+z38RfBGjR+I76+8zS/O/czQ/vf+/tfTmgfDHw7+0h4D+3QaXLpOsf6uaGaH/Wy1x8/g74m/Ae1vNC8+W+0O/8A9daTeV/5Cr6HD5xLFytSieBnPDmV0otVJfCeD+MYZ9S0uSxNjF9oihi/ezQ/62vnezs4LP406XfarfRW2n6NeS6jNNN/zytYvN83/wAhV9EfGbXtKhljvtK0m5lj/wBXNafbPMita8T1P4b+FfHl3eWOqz/2bZ69Z3WnTah+9/0WK6tZYvN/8i+bXt18Q6dPlfY/L8NhcHLGJU/5v1PUfjb/AMFlv2f/ANoi58IeAfhb+0foIuLXw5F59p9il+0y3UfP/Hz5Xlf9sq9b/Z1m/bD+Lfwhsdb/AGZrrQNN1C6l+0zahrdl5ttFL+H7vyv+WtfzNePvCfiP4Z+NNR8GeIbeS21LS9Rms7uIt9yWKQqf1Br6h/ZP/wCC63/BSb9jbwRp/wALPgv8crKHw3pnNppOreFbC6C/9tZIvN/8iVhLhujPERxNKR+sYfPMNg8C8P7JKXf/AIB+wFn+xb/wVy1L48aX4/8AiN4q1K5t7Ca1jm8nxVFFa+VFL5sX7r/pl5vlf9/f+utfov4f8b+DP2TfgNJ40/aT+LGkaILWCW51K9lP2a2tf+2ktfzeeMP+DoT/AIK1eKNAvdDs/i7oWjS300cn2/SfClt9piI/55mbzMV8d/tB/tiftM/tWeJp/GH7RHx18S+Lr26mMmNc1SSWOH/rlF/q4Y/+mcYAr2/qSnT5LW+dzxsfj4Yvl0irdlY/VD/go1/wdF+Mp/iVd+Fv2CktLjRoJjFN4q8WaKshuf8Ar2iz/qv+uv8A36r5M/aT/wCDgH/goJ+1r8KdO+DvjnVvBulabYuJLy60DwrGLrUJR9yWSW6km8mT3tvKr4Mw0jFlr9Tf+DaD/gnL4S/ai/aWX41fGDwQ2r6B4U/0jQrC/gJs7m+j4+1S4OJY7eQxbIv+WsknXETVUsLg8Ph37l2cuDnJ19XofpD/AME1/wBqX48/Fb4IeHvFHx20Py9Ua8sLOxvtRbZdamDaZlvjbxAfZTJLxGcYMQ/eeUK+0NA0rW9bcawLf92f9bSal8G/BPwJvhq13o8d7cTv+7uBYiOKOX+/XS6Z8SFtEjs7LwpLFHL/AKmJIfKr8ixtVSx7UoWgfodHF06NL9wrqXcv2Gjww23nKnl1cs9Xmg6fvI6hg1Ww1a2kjgl8t0/d+V5tUr2We1X9x+9+lJVIw9+mNJ1tKh1Fn4jmjPP3K2NP8YQf8sJ68/tLz7YOJqns7ya3uMeR+8PpXdSxOvOjmr5bRqI9UGprrenvYXsEQ8wYmr5o/aR8EzzfaIfJ/wBI/wCXOKWH/WxV7Zpd5PeSxzT/AOrFZ3xZ8PTalpYvLGz+SP8A4+4a+tyzHani4GP9n44+DLyEQS+ffQSRfvv33/LTyqkms9J1KKO3nuJbbyv3fnQ/+Qv+2VemfFr4e31nqnn/AGDzY5Yf3M0M372KvK73OmiSCc/u4v3cP/XL/prF/wC1a+6pVaOKon1WIjRxtHlUinrGg6VqX+g6rcfu/wDpl5X+q/561x/jb4VwXlh+/gtpf3P7mXyf/atdJD58sskE08kUcX+u/fS/uqsDR7HWJY/t2uRxXn/Ln5sMvlSy1rSpHxmbcPpx5kfnP8cv2V9T+GOqR6rZW9z/AKLNFJNd2nlRS/6r/VeV/qpa6j4MzDwfL4fgn17yriXR/Ms9Olmuv9Ai/wCeXm+V5UUX/TLza/STx7Z/Bb9rrQbjxXoelWWiax/y207/AFltdf8Afr/Wy/8ATWvkfxv+zdb+A/iNql99p823uv8ARpv7Pm8qWXyv/aVebDibEv8Ac4j4zg4Yx1fK8XCdOoffv/BOfxn4F1f4YN4XmngaSGx+1pDD+8lX/nrLHH/21/1v/TWvNf2xPgp8M/C0sfiM3sP9rzOhiGlTfutShlx5ksn/AC08771eU/sz/G7Qvh3A2n3Op3MGn3VtdWOn2mmv5ctxN5v/AC0l/wCeXlRfuov+WtTfEf47XGl26+FdR0aPU7e7i8tQD/rIpZfK/dfvf9b5Uf8A7SrtyvN62FrSqc9v1P2bhzEYiWZzzCNfkWnNHuY3w71Kbwr4st/FZt45LiSfN5i8+xebFJL+8i/55fvf+mv7qWvVvE/7NfhHS9XuPG/gXTooFlJu9S8P6pD9muLAg+YbqL/pnn975sX+q/1vm1434P8AiF52oW/263+zf8eskMOow+V/rfK/5axeb/01ilr3C6+K8vgfR9P0e78UZnsZvsMMk3iT+zfKuov3X7qXzfN83/plLSzXNfrdeNSO5XFPEWFr1efD1Pe2PLv2qdZ1XVfBcPh/xx4RgvtUgnil0fxjp+nRebLa/wDPKWW1litbr/trFLXwB8f9fvrOwuG+3SSx3U3l2fnTRfvf+msUUUUX/wAar7k/aK+LNxeeI7y51XQ9NjksIbWPUofsel2Mtr5v/LXzbSLzYvN/1v73zbWvzs/al+I1h4s8XXC6DY6lF9qn/fSzQxSS/wDbKWKX97/36irvy/EXpcvKfybx/iKdTFRaqcz9di/+yj4k8K698RdL0u40KW5ksJrrVrya7/1X7q1/1UUUX/LL/lrL+682Xza/Sz9ifU/GOveKNc8Y/wCky28vlSed/wA9Zf8All5X/LLyoopYv3UX/kXyq/OL9mt9O8OD7b4eDG+lh+zMllb+VcN+9/56RX8vmy/6r/rl/wBsq/Tn9nXU/wDhTXw5knvvKluIrP7bqXmw/vfNl/6a/wDPKvnOIqdJYf8Axf5ndwTmGZ5hjFQ/5dw/4BX+P/7UNv8AB/4y+E7fQ544rO1vPMvIv+2v/wAar7s+Mnwb8LfHH4f2+sCGL+0dPg8yzvIV/exf9tK/Cv8AbZ+LWueJPGVx4j8OQXt9eWuvRfurSHzPNupf/jXlf6r/ANpV+if/AATo/wCCgmqeLPAtjpXj03NtHaQxWzy6jH5ktrdf88pZIpf+eXmV83XyivRwUK1I/fMwy55hgoRo/HH8TjP2qPB/xN/4VzceALiG51KSKaWSH7X+7lli/wCeUv8Ayyr8y/jd8VPiJ8GtXnW9gjuYYof9ItNVh/1X/fqv6BvHN38GPjhpXn315awXnkeXBqMsf7vyv+un/PKvln9pL9kX4H+NtBuNK+IGlabc+bZyx6bLNZ+XFL/0yilirvyLiSeGf1epM/EuKeCZ4mp7WVO7Pw/vvid8APGsn9o+K/hEtrNcH5f7L/dx12dn8Iv2H/HHhMaZo/xO1nQ/Eix/vpb1baWxll/54x/9M/8Apr5v/bKvcvjh/wAEyPhJ9lvH+El9e6bqkX+u0/UZormxl/e/8spf3UsX/XL7L/21ir4z8d/ss/H7wJ4nk0O+8D3v/PT91D5nm/8AXLyv9b/2yr9Gw2c4St9lH5zUyHE021CcoOPnf8GQfEb9nb4jfD+KSbw9qFprVn5fmR3OjT+fGB/01/8AtteXS6t4p066Nvq+jSQydv3H+qr6w/ZB+H3heTxlZ2Xx78c3Nlp8X7uGb97LFa/vf+eVfed5+wX+wV8QtBuNc1XxHfalJFDF513F5VlL+6li/wBVF5Xlf89anG5rhqSjGSa/FHtZfUzTDU7yjz/3lp+B+Y/wi/aO+Mfgy3s4/CnjaWKO/h/0OG7vPLtfK/6a/wDkWvoT4ef8FOPiroUNvofj/wAOXMdvYQ+XD/Z95/rf3UsUUX+t/wCmsv73zZf+etdR43/4JYfDLSIo4ND+I0kkkv7z9z9lki/5axf89f3X/LL/AL+1J4b/AOCct9ptpJoVj44iudPl82OH+0ZrWK283yv3UsUvm+VFXlVpZDjFefL+R9fl+d5zGHuKS9dT1T4Mf8FaPCup39vpWueDrmO4l/1MsVlL/rfN83yvKi/56y16xB+3t8I/CvjK40rxx4Uuf7Ql037F/ZMU0UdrayxS/wDLz5V1+6/1X/7qvA/DX7Aeh+AtduLCfxHYy3kU0vnQ3d59pltfK82X/llWX8SPDfgfwR5cGuC5tvt8MVzN52myxy3/APqvN/66/va+brZDw9iq/u3X95apH0FPP8+jD95H5bH2LpX/AAXAsdH8L6foXwo8B2qYIN5KZvN6Hyx/y1/deaa+Mv20v+CzPxh+Mksmk6V4hkis9Tmikh/s7/ll/qpZYv8AprXl+m/AHxl431aO+1W4uba387zNNitLP97axf5/9G16x4P/AGA9KvL/AP4SOx8J3upRxTS3P/IB/wBVLFF5ssv73/VRRRS/vf8A2r5VcsMjyTD4v90ufzY6+NxFSjzz91mH8E5vEfiTRtH1zxHpUttby+VJ9kh83yrqL/VSy+b/AMta+hPBOqX2m/EKzgvrGLTdUlvIraHTrSzli/1sv/PL/v1/2yrt7X4v/Df4E3Gr+EPh/wCCbHVvHNrBHbaTrd34ftfsURiiGJsy/vZZZZfLl82WKKvkzwV4b/4Koa9+03b/ABG1zStXubjzvM+1zaxFHYyxf9spfKr0MZDDxpezWjPj8LXxuOzGUHSlyR+139D748QfFu/+A91ofiqwglsbf7ZL/aUUXm/ZbX/nrL/n/nlX3x+zT8cdM+LXhXzPNjlZrQXETZ/1sUlfB/wB0H+3vEdn4H/aT8Y6Rq95qln/AKZpOh6baxRWEX/PWWX/AL9fuq7z4S+L/Dn7NPx41D4fweI7aTT7WaWOz8r97/ovleb/AK2vzfMMuhg60sVQl70T7PEUJVMLyuBw3/BR79iP4p6L4+bx58ALGW5imu/NhtIpfK8qX/nlHJWz+yj+0frn9lyeHPiroVz5ml6PLJ/pfleb5tr/AKqLzYq+4NH+IPhzx5a/8IrmP7PND+58mb/W1y2o/sj6Fp2m3C6T9mts+bJNx+9lrpWKo5thE5L94ceAzXE5W7fYR5x8GPin4bsvir5Flq9j9jupvMvIbSH/AJ6xebFLL/5F/wC/VewfHXwxH4r0K4ePSftMkP8Arov+ev8A1yr4b1LxJ/wzr8fZNE8R67fXvh+/hittB/tH/VWHleb5vmy/uv8Anr5UUVfdHw98baH4s8FR2OkzxS+bZxfvof3tcGXLEZZiG6kDTGZ1hM6ivZ1Nz84/j/pv/Ct/iNcaHe/6T5s3mWen/wBpWv26Lzf+esXm14XZ6xY6l4jvJ9Km/dyzf67z/wD7VX2h+2Z4U8Oax4X1TQ7AX1lHazeZ9klhi/e/9Nf3VfH+g6b4O0GK41afxH9mk/dR/wCu/wBVX3UpU8xwllE/NKmYPK845TxL/gpx/wAEqdU/aF0OH9pn4Mw2dt4wk06P+3PD8AzHq0SYiScSf8/eB+9z/reoweZfyi8UfCT4geDtTk0jxJ4Qv7KeM/NBcWjr/Ov3+8NfH7XLz/i0fh3VdNlkurzzIYtQ83/pl5UX7r/nr5v/ADyr0Dwf4q+GXiv/AIo74qeDbHwv4gi8q5/s7XNN8uWWKWX/AFsX/fquLC5hjcq/c1vej9n07H7zkOAyriXCqfPy1Op/OLpHwh+JPiSwv9X8M/D/AFm+stKg8/Urqz0uSWK2i/56SEZEY+taPgH9m34+fFq+GnfDP4M+KvEE8knl+Vonh25uT+UUZr+lLwhN8CPDXgHxN8OvG+i2smh+I7a2tr2zih5lj8qWKTzfK/7Z1zXxE/atspPhRp3wG+CWlWHhe0ewjtJksGisooIvK8qWQRRf9Mv3v/bKvX/tymqejVzu/wBTKEMXyzqafp5H46fsy/8ABIb4t+MfHdpofxptF8PBwJG0h7iIXrc9JOf9G7cn/wCvX75/sjeBL39jX4SRfC/4ceBo9FsP7PiSzm0mz83zf+2tfJ/wB8K+OPhLBJPqvhWW5j/tKK21KaKb7T9lll/1Xm/8tfKl/wCev+qr0j4kfG74wD4c6hoHhvXLGx8MRDy9S+H1ppssV1L/AM9fs0v/ACy83/plXkZtUnjMNyqryyl2PRxWAwmE5MPh4R5X9p7s9U8a/treL7zxJcT6ffXNzpdrNLHqOoQzS3tt5sX+titvK/5a/wDLLypf+WtZf7PX/BV3wN49+Ktx8JPGPg6+8JahL5X2OHW7Py7m6/6a12fhj9lm4Gn2eofAXxHcxWYh/wBD0S7g+0xRf9Mv9VXL+Cf+Cav7SfiP4o3vi3xT4a0SyjurzzbO61vypItLi/6doov3v/oqvnsBl0qPutOZ87mdKi6kbzUeTzPoDUvEl9rHl32lwRW0d0fLEXk/63yq6Dw5NeX+ny2VxPHJJ/yy8o18n/tIfHj/AIJ/eEJ9S+A+t/8ABTDTfDmuX1v/AGf4r+IB8WWoOg52xSWum20R4uZMkeaRL9liMkssol8rP40av/wVq/bR/YD/AGgfEXwo+DP7cemfF/wt4c16W1sfEl/p0ep2urxRnAmjuLoecB2/dSmLj91LLkSnoXCOOnKVXnWv2RQ4lw8XyJaH9JV7ous6eTdiGQ4i/wC/lGkeI5y4t7uCvzw/Yk/4Olf2NP2g/CmneAP2rfDd18LPFuY4Tqn/AB+6HdNx+883/W2vX/lrH5X/AE1r9Ajr/hTxfo9n4t8HeJ9OvbLU7WK5s7y0uIpYrqL/AJZyxSRf62vKx2WYzLF+8R7eX5rSzBcridfZ695Pl5/e1s6r4rhm0x/JePzP3uD5P+qrzmLUf9H/ANb/APbKoa9r0Fno0mZ5fM/5Yyxf62KtcpxXtJGuIyujze0OL+MHxBgm+0WN/wCV+6/eTWk03+q/6a/8sq+e/FXjax+1yWMF7FFeRf8ALLyYpJYv+uv+f3tdB8cvicIfMg+3S+ZFN5kM0UMscsX/AE1/dV8h/GDx5rn9sxwWWlSfuv8AUwxTf+QopfN/e/uv9VFX6dlf8M4MbjaOAo89M9cvfjbpWjwyQT31t9oih/1Pnf5/dVn3nxTsZY5L+x8Y2OmyeT5kOoSzS+VF+6/dfabb/tl/yy82vjfxt8SfFUOq+f8AaJJI/wDWQzRf8sv/AI1+9rn/APhoTVvCt1cQHypLO68qSGG7h/dS/wDTL/yL5VfQ+wqnylbis9U/ZR/bNuPCuvW+lT38XmSw+Z+5h/5a/wDbKvqT/hO/Cvxm0G4vRfxxSXVn5kP77zYpYv8ArrF5tfnHr3gnVfgn49jg8VaTJcyRXnlzeT/5F/1UsX/o2vpz4Y/EKfyrf+w7G+ubf/WQy2kMv/bKWL7XdXX/ACy/dfupa5c7ybCYip7el8UT8+ynPlh8TCnXiY/7Qnhv4m/D03E/h2e+ij+2RXN5p935vmxfvf8AWxf8sv8ArlLFL+9/1X+t/dS3PCvx4sfGH9h2P2n/AImH72OH+0ZvMi8391L5X/TWKWX/AK6y+b/2yrrPFXirSdSsPsU99ZRSRfvPOmh8ryv+3nypZYov+evm/uvK/wBb5X+ti8/1PwRBpsNx4j1yD/j6/wCWOo3kXm38X/TK58qWw1D/AMiy/wDXL/W1yYLCxqr2c4n6fPMasMJfD1Pi63Ok+KnjbVbO1k1ux125trywm+zXl3d/u5bC6/deV9p/55f6r/W//va9Y8LftOf8J58OdP12CGXw34ktbP7F4k0+KH7N5v7r91L5X+qlil/7axf88v3VfN/w38bX32XVLHXNc+0x/wBm/ZtN1ab/AJdbXzf+PWX97dfa7X91/wAessX7qWL91L5VdR4P8B+HNHi8jSr6Oxt5Zpf7NtLvUvK/5a/8spYopYruL/tlFXr1MvwtKnyPc/OcXnOPw16vx+8d3r/7Qnwks9I1jwd8TvhnNe/b4fM03WrTzf8AQP8AnrFFbebFa+VLXxRr93L8QvGMejeH0juP9K3Q3ciSj/0b/qpf/atfblnoPhz/AIRy4nn0P7Tql1Zyxw3dp5UsUv8Aqqj+AP7HPhy9luPHHinQ/sOlxTeZeS2kPlf9sq5KGJw+XxlKqfmmeVq+c42MqcbSOQ/Y7/Z8udQ1uD4keMbe5Gj6FaRRwyyj95fy/wDPL/0bXq/x4+MFj4P8L3EH2/zI/wDV+TF/rfN/55RS11nxO8VaF4J8Ox6V4VnisrjyfL0fTrSHzfKi/wCesv8A2yr8/wD9pD4232pazJBrt/5UlrD9ms7TTofN83zZf3t1/wBMq+fmq+f5nTjFfuj9c4RoUshyv2tT4jj/AI8fEiDxVFI2uX+mx3l1efaZv7Rm8qKWX/prFL+6il/6ZReV/wAtf+2vafsl+MNc8Ny3E+h2FlHp8X2WOaa0s7XyrWWWKWWLzZYovN/e+VL+9il/dSxRV8969421X7f/AMU5qtzpv77y/NtNS8qX/v7X2x/wTA+Dvhrx54xsNAuYJLC8mPlw6hdXfmXN15ssX+qk/wCWsv7qv0TPoYTAZbClCn7sY/8ADn6PwVj8TmNSpiKk7Nfke8fDH9orxHo9rb2M88scd/5UkPm/8tfN/wCWv/TWL/prXunw3+PGh/EiTUND+KsF7Lp9/ZxeTFF/x8xSxeV+9l8r/Vf8sv8AyLXbWn/BLTRdSuLzWbLxHZB5p/tE0M80vyS/9NPKl/dS/wDf2se7/ZV8P/DvW7g3XxQjMcc3l/Y7SaW5ll/e/uv3ssVfz/neLy6l++pe6z7T67hcfV9lPl/H/IxdY/Yh+DvxUtbiGfxVcyx3X+pi86XzZf8Arl/01/dV5l8Vf+CHN14jtrfxr4e+LvjG2s4of3I0nUpfNi/e/wDLWL/lr5VfYvwa8KX0N19h8O+GtRt5YvLzJqEMsf8Az1/+vXrWr2finwfpxuzEjwz/APH3AZpKjJOIpx1qqSPns0ynK5YiEKcYy+SPy58bf8Ex/GM/g3UPC2u+KtX1uS/hi/0u70e1kurDyv8AllFLDFF5X/LLzfK/1ssVeLzfsW+I/AeveRoZubn/AEzy4bT+zYpfK8qv1fEHiO2vZNR0a6kTd+8jBrRe20XVLp7vxh4L0ppPN8s3E3/XX/7V/wCRa9mPGk1iPZzjzQfcnEcM5VRo+7G3o/0Z+XfjH4P+Mfhjo32HVbHUtXkih8zWLuzh/dfavK/e+V/21r5r8VfFr4ja9431TwRofh3UvsdrNFc3l39jl/0X/llFF/11lllr9v8AxJoPhjWRHbS/CeQ2HlReTNF/rf8ArrXh37Q//BMXwF8aPAep33wpuf8AiYT/ALyaKH91L5VetgeKso9u41aPLf8ArqeTW4fo06UalGX3/wDA2PzN02H4jeJJbjQ9D8R3NtHL5sd5NFN/2yr0j4cfso2PiwW9lY6HqXiTUIvNkhhlmlubqwtf9bL5v/PWLzfNl/1X/LWsvXv2Ofjh+z3dyeHJ/wDhKNXt/tkUcOo6dNFY3Nh/y1/e/wDLX/tr+9/7ZV9sfs4fBTxxqPg3T/Dvj+90TTdLih83+z9Jmlll+1f89bm583/W+V/rf3vlfva9ivicFTjelL3Gd+CxOXYhezcY+08zoP2a4fhJ8PdMt7Gf4Y6bexyw+XNLd/vPNi/5axReb/rZf+esUv7391/qq6T4kfCvxJ+0J4yk0r4O6RpsX2//AJCU3neVFdeb/rZYv+WsX/LXzf8AtrXrXwz+APw+8R3U0+iaREseoHzLrXLVI44o/KH+tEfl+V5X+r/1Un/bWrHxQ+MHwf8AgpbapY+Gdck1aWbzftnm6x9p/wBb/rYYpf8AWxebXhYTMqOAqTnCPMeDjcBRqYyMab978DnvAX/BNz9nrwHoFvq3xk8fSXerXn+kTDTpsRzGP6+b5v8Aq6+Pv+Ckf/BQz9kb9jnwldfDL4P6Ne3PiSWeXH2PV/Mll/6ay/8ATL/rrXr3grXf2jv24/Gn/CPaJY2Xhbw351rZmW1uf3thYeb5ssX7r/l68rzK+fP+CgP/AATN+F/7OvhDxV4r8ReGLOTWJ7K6PhvULXzZJftX/LKXzZa5sDLEZxjnUn7q/P5nqRwFLCNU3L94/uRyH7H/AMePGOseKPA/xG13VbaXUNZvJZPslpZxeVLFF+6l83/0V/11/wCuVfZHxy+D+ueJPFHiTxH4dv5baO602K5h+yQ/8tfKr8zP2GvE1te+Dfh78Q7W4jvXVrDTR5ZlzaxRRS2sv/LWWX97L+9/5Zf9cv3tfsv8PTfeMPgjcT/Z5Y5LWz/5ZTVz8RqGArQjy6TOKjRqx9o5y5jyv9mP4tX03hvS577VfNuNLvJbKaX/AK5V9ww69PrHg3+1vt0cflfvK/MbQdev/Df/AAlGh/6u4sNSi1Hyf9ZL5X/LX/lr/wBMq+9P2QPiPpXifwhZvBP/AKR9ii/5Y+ZXxmJlPJc2pVPsTPlqmEc3OnM+Y/8Agqt8Kte0f4V6p8cPBqxWzxWcsmvRCLzI5Yv+fqP/AKa1wf8AwSk/bp8OfEa7t/Cd1qvmW/2PypoZZvMlr9A/2ifhh4f+MXwi1/wXrksUlpqll9mvDdzfu/8AyFX4Cfs+WOofss/tr6v4NhVrS30/WPKmtbef/Roov+ev+t/e1+s1aGDznJrwXvx/pH49j8DmHD+YSrwf7uUr/wCZ+xn7UXwx/tKK4n0qxikt7qHzP3X+q/65V+VH7SXj26/Z88X3NtdXv2Z7Wb7TD/y0/wC2tfs34bvIPiz8G4z5H7z7H/qa/KL/AILi/s43tn8PLb4k6TaHz7WL7NqX7v8A1UX/ACyryOEJuFaVCp7x5HFEcRisZRxUJ8sZWPkn4aftr6RovigeL7uKVLi1u/N0jyh/qpf+ev8A11r7j/Zp/aM8OftsWH/CDfEzwP8Abrywh/0PVtOh/ey/9+v3v/XLyv8AnrLX4NeJ/HWv+HNQa207V5PLjm/d8VveE/22v2h/AtvBF4R+JGpab9nj/dfZJjFj8q+qzHLcPi/dmj9CyCjneUNVsLUvfu2f0cXv/BJbwxr/AIh0PTbn436h4atIoftGpQapqUkl1dWvm+b5UWf+2tdb+z18G/2TfEGq6z4J0q9stWsrrWrqy0nUJP3uyX7fFFFLFL/0yii/8i1/M/4z/bu/at8dagmp+Jvjp4kuJorX7PHMmqyRFY+ePk/3zXnWo/E7x9rpjGp+NNVufK/1XnXzt5f0rwI8P0o/aP0FZ9nNdc1ayfk3/wAA/qr8XftDf8Ej/gvPJp3xP/az8E6VexXkUc0EGpf6r97F/wA8a8g+Jn/BcX/ggh8G/EV3rek+O9U8c3tqJDFaaD4VupIpZT/01miii/5Z/wDkWv5k5bmaU5LP9M1Go77Sfqa6aeRYVfH7xm8xx8vjqM/b349f8Hhni2xs7jQv2Lv2UNH8NW0kmY9R8Wz/AGmYf9soSI6/Pv8AbF/4LUf8FHf24ddv5/i5+0rrthod6xUeEvDGoyadpkUX/PLyYSPNHvMZJPevkd84wY+aYjKRgjtXr0aFGjDlgjjlzTnzVHzepLcXt3eSGSeV5CD1JqEyE9R+tIVOcAU+tRWQ+NpE/extwpx+dfp1/wAEJ/8Agph8ZfhZ8Q7P9k3xT4wv9S8IapLLP4Z06aXfHpd//rJRF/zyjkj8391/qzLg461+Y8UMjExqOCMnFfWv/BJL4caz4s/a48M6/a2Urx6JcSXlxOvSGMRSDP8A38kjrxs+VCWXT9p2/Hp+J9fwfhcRis3pwp7N6+nX8D+l7wr8QrjxJocd/PD+8l/1M3+ro8VzT6xo0c8/+r/56+TXn/w813XINH0/Sp7GKKz8n/Xf9Mq9os9N8OaloUmk6tB9hk/6Zf8ALKWvxzLq9TD4v3j9Fz2lSozcKZ8F/tIza5Z3ck9j4c824tbzy/N8nzfN/wCmXlV896xr0/iTS7ixtvDkklv5Mv8Ax9+bFLF5X/LrF/rYvKll/wCmX/239MPiX8BvA/iSwkg+3W3l/wCsm/8AjteF/EL9jPwqNM8i38cRW0cX7yG7m/1X/f2v1jK88w3srH5zmWDdY/OPxtB/bNr9vng/efupP9T/AKr/AJ6/+iv/AGlXm/irR/JEn9rQxReV/wA9f9b5VfanxU/ZuOm6hnSp7a9uPJ/10V5F5UsX/bWvB/id8HtVs/Lvtdg+zR2v/HnF+9lill/55eb/AKqvpMNmdOsfE47LVSp8x9Gft4fAEzeLZJ7Dw5F5nneZeWn2OKWKvlvWfG2keA/GX9lT2Wm3MkVn9mmhi021k/dfuvK/5ZV+0n7Tnwl8HfFr4cSa5pWl/ZpLqHzLyK0/6a/9Nf8AlrX45/tmfAeDQfFt5PPpVtHJ53lwzQw+VFFFF/6NoyTH+2fsahzcS8Pur+8w0LGh4V+JEGuy+dY3EV99l/eQ2kM0ttLF5sv/ACyiil/1v73/AJZVHN8TvDmsWH7++ltpJZv+Pu0vPs373/pr+9ii/wC2tfOegeIx4a1DUPtGrfu/scUk0N3Z+V5v72L/AFsvmxf+Qv8AyF/rYuP174teJIb/AMj+3JPLlh8vzpvKkl/7+19bhsDTnU50fP4LNcxy7DSwvJzebPrzwf428OaPr0ljfX1lex3UPmTXc01rFLL+9/56y/8ALX/Vf8tYq9I8N+A5/GH2i+8HfEC2i8qGKT7JDNdW1zL+9/5ZeV/osv8A01/e/wDxqvgP4XePNUGtR2+nf8tZvLhl/dS/vf8Arl5v/wAdr9NP2A/Ct94VsLj4jfE3xH9mkivPM02W7/dRReV/rf8AVeVF5v8Ara8DPqdbD+9H4jrp0sXicNeUOWJ7h8Jf2UfGWpaZH44+OHiq+js7rypIbT7H5Ut1UfxU+JOleCYZND8OQf6qH9zF51eqf8Lm/wCFqWtvY+Fb6W5t/J/c3c00UUXlS/8APL/nrUfgn9jj+2L+See+iubi6m/c+dD/AMtf+nmvzqvjasq1sQbYPhqrze2ex+ffx08Ya5rMVx5EFzbfaof+Jldw/wDLKKL/AFsUX/bL/wBG18J/GC88SeK/HGoeI4NE/sTw/LeeZDp9p/qovK/1UX/TXyq/ej4wfsK+B/B/hy41XxxYalq9nFD+50mb/W6pLF+9/e/+iv8All/z1/6ZV+W/7dU/ir4h6jJBfeHNA023sJvLh07wx4bii+yxRf8ALL7TL+9r9Y4YxGXqlTjTgePjqWbUakpSl7v5I+F7yH/WTz/u6+z/APgll+0G3wT+LH9t6P4cuNQuv7N8qa00qCK3/e+bF5XmyfZZf+eUtfKGsaDBZ30k80A8uL93+58r/W1oeD/iHqmg38ljoV9/ZtvLD9m/4l8P72X97FL/AK3/AJa/vfKr6/M8tjXwkr/aPquE+JoZViYK3ND7R+8/h/8A4KCah9sttN13wQ0l7d2/2iGz06b7SYv3v721uZP+mv8A0y/df62vpDSV8HfEXwBbfFr4X+OItNkk6212sUez/v7X4Gfsr/tseMfB+syeDfEdjHqWhy+bH/Z0M373S7r/AFX2qKX97+98r/tl/wCQq+6/hz+0fY/sO/s+XH7TXxh01Lyz0Ca1n0e2ubSK1OsXUv8Ax6xRR6hFLdfvfKuZfNi/df6JL5Uv7qvwzMuGISzJRqQXIfsGfZpk1fh943B3hUX2e/kXvhr/AMFofEUv/BT1v2FtVihk0S91n/hHNN1u8vLXzP7Ul/1X7qK1i8r97+68qWWWX97/ANsq/UPwF4a8XeKPCH2/4g2ssc0XmR/6WnlyS+X/AM9I6/jx8eftTfFTxZ+0hqf7TUni+9i8Xan4w/4SKXVIZfL/ANP+1faopf8AtlLX9a3wr/ai+K3xW+BGj+LrvwfJcXHiLQbXUYZvsksUkUVzaxS/6ryv+mtedm+UYLC0vdXun5/lmaYqrUhFu0pHaeH/AA3oVvDJAP8Aj487/Xf8tYqr/EmX4efDDwtea74h8VReHo7WGW51LW7uWKKxtYoovNlllll/1UX/AC1rM+DGmeLJtYguvFtrcadHJNE9ob8/8fMsv/LKsL/gqJ+zVpP7Qn7HHij4f67YySRapDF/aUMM3/TWKvOyLIcPin7SZ3cRZnicDJOlPm7nzv8Aso/8FRf2WP2n/jb/AMKA+CX7WfhvxR4k13Urr+x7S702Wx82KL/nlL/y1ll/ey19paR8B9S8M37axFqRjEX7zEYr+ZjRtV8I/sK/8FMvhJv+FsWgXvgPxJYaj4g1CG+/4/7WX/VTRf8APL91L5v4/va/qb8P/EfwtrHhiDXbjWraOLyf9bL/AKqvezDIcGpQpyXmpHj4XPMQqcrPSR5j8Wfgx4N+KVneane+HLaLWxZ/udW8n97LF/01/wCmVfN3wVh+CfiX426h8Adf1bWrnVdLs5b2bT9P0C6l+yy/88pbnypYvK/e19rw6laajoN5qNnaf6n7VHZywQxfvYv+mVfzvf8ABdj9r34w/ss/8FBNL8R+DtMudEg1TwTYXo067m/1v+lXUXm/+Qv/ACFXs0MnpVsM3/KjxqmY1aeOj7L4pH9APgK/8I22l3GkeCNW00zRf8fjreRRfZT5X/PP97Xyp8f/AIM2t7dz+M7qAx6nfXflWWom0MflS/8ATWP/AFX/AH6/79V88f8ABMH/AIL6/Bb9pvRh8HdegudA1yLw39pu4tWP7qWW1i/e+V5P72X91+9/7ZVq/t6f8Frf2IP2f/DuoW134wi8U+MMeXDaafD5l15o/wCWX/TKLzf+etfPrL5VKs4Q90+kw2aVsNL2ko8zl+hyPxI/aEb4IftDeCtd0fxZb6rJBdSxG4tdBisorYf8tfLl82WX/v7/AN+qi/4L3/t/eHG/YZDW+lx2/jKGa1isroXvlyxfaf8Apl/1y/e18I/Df9py++IXxkuJ/ibB/wAJB4f0H7Vq2veLLTUorG6tdLlurWL7V+983zZYvN/1Xlf+ipa4j/g4l1bxLoP7V+mfDewsHPg9/Dmn6j4W1Yz+Z/asUtrF+88z/V/uv9Vx/wBdf+WtbZVg8XTxbX2EfV5lmmW4vLactY1Vf+rl7/gmml9f/BvRrCe1tZ4pb6W6llGmRSiEW0vEUmTH+89OTX7s/sl3gvPg3cTnSo4riwh8u8m/1fmxV+HH/BP6C/8ADWk+HfAtjGs8h8qQSLZxfaR5sX2r/llFLL/y1/df9df+WX+qr9x/2UbOD/hlCSe+uLn97DLJ5ss3/XL/AMhVx8ewhHEUYQ7XOXLqyrZZKcls7Hxn+0hr8/gj4yapPYwfvP7Nlj8ryYv9bL/qoq+uP2F9Xgtbmz0nS9L/ANbZf8tYa+F/2nNU/tf9pbT9Dnt5LnzdYtbm8i/1v7qKWLyv/aVfdH/BP+5mFn/ZU48r7BD5d551nLH+9/5axebLXxfG1p4PCxp/GclHDe3n7X+U+xkcXVu+nX0eY5YJf3VfhT/wU++GVh+z5+19qHj8aFcx6fFeRSed/wA8pf8A0bX6uftRftaaH8AdL0u+8+P7PdXnlzebN5VfOf8AwUU+DPhz9pf4N2/xw8OWH2mPVNNi87yvK/1ssX7qvvOEca8sjCnivhnE+M4qympiMDUqI9g/YX+KlhrHwq0+4vdV/dy2cX/TOsn/AIKL/s8xfHT9n3W/DNrYxRJqcf2eWb/nl5n/AC1/7ZV4L/wSd8beJNA+FV54H8R30n2ywm8ubzYf3vlf8sq/QttBsPip8MLzS7m3lk+32f77zq8yhVeV8Qyf/LuUrn57gsulmmV+zqfHH9GfxXfGzQr7Q/Fd1pl6f3sF1JBL/wBs64idiwHyj5a+5/8AgtN+yJqX7N/7TniO2t/DsllZ6nqf23TYSJf3UUv+s/8AItfDE9s8B2L3r9FdWjX/AHlOd4n3eWxlDCwhL4kQUZI6Giio0PS16hRkjoaKCCOoqDMCSepoqSG2mnbMakj/AHadc2Nxav5ciMHB5BFTzRvY6FQrcvNbQSIklgOp6/NUlvbNO4jiXcxPAFXtG8Paj4gvFtrC3ZpJGAXAr6F/Zx/Ys8X+O/F9noEWgXmoX904S10vTrX7RdXEn/POOMH5zXHjMwoYWnd79up9TkHCeZZ3VTUeWkvik9El6nmnwn+Auv8Ai+RL3ydkRfClk+9X7d/8E3P2Abr9kb4Wf8Jp470V7TxBryQ3BstQtf8Ajwtl83yvNi/56/vPN/6Zfuq9I/4Jnf8ABIDR/gDPpnxe+N/h+1uvGKw+ZoXhm6tfMttC/wCeV0f+e1z/AOiun+s/e19eXng+eWWTSvi3ocV7JF/x56hocMX/AG1/6618XmeJxGMhzS2/lPv62Iyfhyl9VwD5pr4pd+9vI8T034heJLMyX1jY/u4pv9Di/wBVL/2yo034zeTLJ/aoubG8/wCW32v/AFtegfEjw34O0HS/t3hS9+0/8tJrS7s/K/79S/8ALL/v1/21rxPWNY/tK/jsZ/Li/wCWf/ExvP3X/f391/6NrwqWD9suXkPicdnLqVOd1DU8V/tCQWX7+Ce5lji/5bWkPmxV87/E79rSe0i/tWee+ubf/VzSxWf7qL/tlVj4zePPAOjSyaVfarZWWof9NYYovN/6a+b/APvYv+mtfHfxy+MFje6pJPofiqXzP+e3k+X5v/bXza+tyTKE/sHyGb5/iKUOx6R8Qv2xyLWOCy8zy5f3nk6jDF/8dryPWP2ore8iuIJ4NNtpJf8AXQ+T+6rxfxJ48vpppPtGqyySS/6799XH6nqJP/Lv+VffYbLqVL7B+cYvO8Xia3vTP6GPhL+1R4Os/BH/AAjmu65ZfY5YZZPNlm/1UsX/ACy/df8APWvmP9v7w54c8bfD648R2MH2n/TPLmm/5a3UsXm/8sv+eUX+qr578E+Nr7wp4jt5/EerSy+V/pM3k/6qX91/qoov+mv+q/6ZebVPxV+1EPFV/H4cvv8ATrO1s4v303/LXzf3vm/+RfK/7df+uVeRlWXSp4qFaHwn9B0cXk88HP2kj571izn/ALQkstV12Wys7+8ittS1aHzZYopf+WXmxf5l/wBbXm958MfFUHjO8+H/ANhlkvLW8ljmh0+HzPN/6axV7prFnY69eahoa6JL+9s5f9d+9/df+0vKrY0H4M/8K3+HOofEbxTfSW0kt59n0fyf9b9q/wBb5sVfbSzKlhT4erleFxOL9pTf7sx/gP4P8J+G9Lt/Feq332m8/wCWP2v/AFUssXlf63/nlFF5sv8A01/df9Naj+PH7V3iTWLC4sdD1W5is5bOK203T5Zv+WXmxS+bL5X/ADyiili83/pr/wBMq8v+Ifxa1zxhNeX08H2a5lmlkvIYYfKtZf8Anldfuv8AyL/z182WuA8a+IddudVuLnW7a4tri6m+0zWhsvs8ssvm+b/nyvK/8i1tTpRxXv1vtHNm+Kw8KSo0fhj+LPv/APYJ/bk+LesfEbQ/Buq+Mft1xfw/ZvsmnwxebL5X+qiii8rzf9VF/wDHa/b39m200jQfhzb61eXVtc3F/wDvJntPN/e/88ovMr+UT4XeLtX0rxjZFDJFaWRxNaWEUsg8r/lr+7i82SX/AJ5V+5X/AATZ/aD1vQfg3/wjWrX1jHJYQ+Z++m/dRRS/6397/wAtfK8397/01l8r/llX5jxjk0Y1faUD2eGqlTMYLDM+yP2n/GHha78PSad4o1DTY0uTFFa2t3dxfvYv+mkv/PL/AKZeVL/z1/6a1+Zf7bH7Ov8AwsiKTVfAM+galJaw/afsl3/wkdzFFF/y18qLT4pZYoov3X72WLyv/IteufG/9oe78W6jqCaDajX5JPN8zUFm/wBF/wC/Xm/vf/3v/LX/AFvzf4l8FfFP9qa61Tw7qGralr8d1+8/sSw0e/1KxsP9bLF5tjpUX2X97+98ryv9V5Ussv7rzfK9jg3DVVJTqSPT4o4Zlh8Fy2PjT4xeGfBujQXOhaNBZXerWt5LGLvRrm6/sw/89fLi1Cwiupf+2v8A7SrxaGGeK7uJwJf3X7ua6lhr70/aJ/Yb8K/ALwfpc3j74y/8VpqnlSf8ITFo/l31hF/pX72+/eyxWn7qKL91/wBNYq+VPib8GfHGmRyX9l4cl8v915M32P8A9FV+8yqYbFYKCj6H4d/Z2ZZfiZe5p95xXg/xh/wini23nt9LsZY4Zv8Al7s4rn/0b5sX/fqvSP8AgpP+3xefGj9m74QfsieH/EiyaV4Bh1TUdYtLZv3X2+6uj5X/AH6i/wDRsleFeJtM1eztUnjt2jMQ482GvK7nw34l17V/Lt9Nubm4uZ+PKh8ySaSSvgM/wUqekIn0+W46eJo+zqP4TBmumE2c1+if/BF3/gsN8W/2Ofj7aaZ8RvjzNbeC9T8Nro13H4ns5dQsbM20RFhjyj5tusY/dZi6R8EdDH8MeKfgd8WvAbXC+NfhV4j0r7NL5V6dT0aa2MP/AF082P8AdfjXHgNE2AOa+GxWCWJo+zqHsRcIyTif01/F/wD4K0/FmHVbL4o/BL40eCPEHh+/0C1GpRafPFc20VyZZYoxbfvfNiuf+ute+eJP+Cm8GmfCi3uvHHjHSY/EkU3lTWmnxfYf3v8Az1liu/3sUX/LWv5OtI8c+MPD1teQ+H/E1/ZJqEHlahDbXckYuos/6qTBHmD2q98Q/jn8VfijfLdeP/Gmo6tKjfuftk2fK5/5Z/8APP8ACvnsDkWKy+vzKo3DsztxdZYqiqc4r5H1f/wU6/bXHxR/aE+JF/8ADHx1p2sWfizXTb674s0jSorGXWbW1HlRWsXlf6qw/wDSqWKOWXzfKi8r6L/4JS/8HEPhb9kfwXpnwz/aE+AMOtDTB5dv430qf/T2j80cXMcmfN8qLPMePux/usjzK/JUNKeW/lSEknNfT1oqtFc550cFTp0eVH9I3xq/4OfP2F4o7m+8KeN/EniC3iixDa6do8ttJL/qv+Wd35X/AE1r8ZP+Cjv7cPxC/b6+PV/+014z8M6dp+mSWv8AYnhTSpriKSW1sIvNlA5x5sn72XMvl+X5sp8sDFfKRe4P8X60+SSdv3BzVU5yo0uQwpYKlRqe06nR+CPF3jDwP4ls/EHgrWb3TNQtpAYbvT5ZI5VBHlvzVTUb3VNU1Avql3c3E5m/ey3U3myV1Wj/AA0Oh/DuX4qXXxR0HSboXIi0fQDdSNq98D/y2jjhikEUY/56SyRZ58vzK+s/+CMv/BIH4n/8FJv2hNP03XNKvNJ+HejTR3HjbxFt8sx2vX7LF/01lx5XrFnzal+xpw9ozplUfQ1NF+AvxHuP+CZ/jT9u340+KotOt9Q8OReDfg7oy2sKXGsQ21/aRXt9K+BLLHFFmOOWUmXmQcRwx18Xaz4/+InxY1PRdC8aeONZ1mPTVistItdW1OW4jsos/wCqi84/uo/YV+/X/BSP4tfswfsu/HzX/B37QXwC+3fB34S/B6LwX8LPBFnpnmRS39/LFLdXX72WL/VRRRReb/7Vr8Xfgf8ADf4PeL/CnxM/aE8V+KX8PHwvrGlw+BfDEFnJcS6pdXt/JL5Rk/1YjisLW6ye58qpwSjPnlE9LDpVq9OlU3/zPsf9kuaDTfGWj2M4i/tSKztbKH/nrFF/qv3X/LL/AL+/9cq/dDwoZfh5+zFHp+uaZH/ouj+X53k/62WX/llX4x/8Er/B9/8AFr426ZfSQSfZ9L8q91Hyv+WUX/LL/W/89a/V/wDbS+KNj8P/AIN22hz+JrKK4ktPtE2n/bIopY//ACLXwnESli8VE/W8/wALl+FyylDD+X4JHwZ4r8V6T4k/ag1Cfw3BJLHpcPl3kPneb/rf+eX/AE1i/df9+q/Rb9mbQ5fhx8GI76/+1/bI7PzpppdNik/1v/TP/j6r8/f2LvAWl/Enxl9u0Kxuf7Pl1L/Q/Ohi82WL/nrL/wAsv3vm/wDf2Wvsj9sb44WP7OHwIvPEuq63LbRxQ+Z++vP+/VfMVacswzmjho+90PlsRUw+W5Q61Trr9x8d/wDBT79sy+17xHH8I4INJvpLrUrW5s/Km/dfuv8AWy/9Mv3X/LKX/wAhV9af8EtfippX7TH7EdxpV9BLLp8v2q2s7vyf9b/rfKlr8K/jL8ZPFnx7+Ius/EPXVnnudduSs81tayxfav8Anr/2y/debLX7Yf8ABDO2n8OfBa38HPBFbW9hpsUcP+t/55f/AG3/AMi1+hcSZasLl8Jw3jZH5vgs/jmlZ0am251nwe/Zpg+D+vSahbeVH/an7uGX/llLL/zyr6s+AHjCD7L/AGXf3/l/vvL8mWvD/wBpb4n/ANg+KNLg1y+/0f8A5Yzed+682tj4R/E6C8+z65BPHLced/pkUM3/AC1ir85xNbHyqwqtc3KXhIYGOMnTpHkH/BaD/gmBY/tVeDLn4g+F/Co1eT7JKNX0+GL/AEmL/p6tvevwn+Mv/BHbxjpllJq/w58SeZ5XWz1X/W1/Vt4H+KVj4gHkOR+6/wCWWK85+Pv7DnwM+M2pnVb/AEr+ytRlm8yW704+V9q/+219Pl2bw9nzQn/26fV4CjgKdT2eKh/28j+QDXP2Iv2lNAlb7R8LtSmSM/NJaw+YK5j/AIUL8Wor77Cfh/rPn/8API6bJ/hX9R3jr/glp4mujcL4Vv4tY06VvlNyYo/M8r/nrXnGqf8ABPGLwmn9lX/w7+zX6TRfbJorPzPN/wBV/wAtYq+joZhWqR6H1mH4c4ZxWsa5/P18Nf8Agnx+0z8T9Pk1zTPh9fW1hD/rLu+i8uMV083/AATm8d2mrR6XPqySgeX9rkih/wBTmv6H/wDhi34n+KNCj8MeH/hfcWtuYfL/ANTFFFF+6rovhP8A8Ed9Hudag1b41x21tp9pJ+9sLNsy3X/bT/llFWWKxmKhDmQ6+D4Py2FnJ1Jn5P8A7D//AASA0PxL4dm8aeI/hvfanpuj2ZF5qVxbf6Mbr183/VS+V/zyr5X+NH7PniP4xftD+J/Dvwf+H+q65f67q0i+FvDui2El1cm2Ev8ArY4ou37uP95X9Jv7VPhLwZpnhrSfht4UnttE8NaZF9jn8MadZ+VFdWv/AC1h8v8A55SReZD/ANtaxPgt4z+BHwW1MaH8K/h5o1rZ3MPm+XpOm+V5UtfELiLF0sZJ/EhyzLAywWtJRS+GP+fc/IT9in/g3h/ak1zRItf+Pelaf8MdMT99cy67Is+pv/sR2sR/9GSx9elfrz+yL+wh+zZ+yH4Rht/g54Jcaw9sDL4o1dYrnUtSjkiz5fmf8so8gfuo/Ki4r3nRfE3gz4v2kaizsvtlt+8s9Q8qKUVN4r8c6doNo2ieKdFileP92eMRnt+7P/LOu+hi5YnmqyktTz6nEmPx2HWEpS5YL7MbJfPv8zi/HesX+g2v9q2MX2KTyfL86ab/AEW/l/66/wDLKWvnv4wfGbxVZ3+oQa5cSxXEUPmTQ6hpv+lRRf8APWWLzf8AVf8ATWLzf+2VeufFr4zeHNH0aT+yvFcUvm/u/sl3eRRS/wDbKX/47FLXwX+1R8bJ7OWOxggli0/zvMs4Yrzy4vN/5+raW0i8qKX/AKZV34KlUxT96B4OLxX1enapoyx8Qv2qNV0ewuL7Q7jTdSt5f9TNDN+6l/7a/wDPWvD9e/aum8VX9xY33hz7Dcf89opv/aVeZ+PPidY2d1ca59u8uS6/eTTQw2tz9q/6a/8ALKKWL/PlV5Pe/GCCaWM2N95f/PH/AFskUX/f397FX1uFymnCn/DPyLOs0xEMXzQ970Z7p43/ALD+JHhjyJ7Hzf8Anjd6dqUVzLLL5X/Pt/rf+2v/AKNr5T+IXwf8VaDqlx5F9Fcxxf66WGaX91/11/55V7R8JfiR4V03xH9u1a+lsY4ofN+1/Y/M+y/uv3Xm/wDbXyovN/6a11F5+0hff8JbZ6qZ4v8AQNS8yz/c+V9gl83/AFsUsXlS/wDbLzf+WVdmGWJw1blp0/dMVmFPG0b1Lx9df1PhPxVZ32my+ROP3lZlvrcTxGeZi/lda+y/2hIfgr8f4tL0q+0y28L6pFD5cPiyKH/j/ll/e/6d/wA9Zf8AnrL+9/55V8p/GX4B/ED4L61JY+KdKjk0+X/U6jp03mW11/21/wCWX/XKWvoKeJU48lT3ZGVKngqlTlhNSP0E/b2+Hv8AwrbWv7cgvo9Nktbz7TZy2nlSxRS/uv8AW/8A2qviOT4savcareXlqI44/tksmmwyw/6qL/lrF5v/ADyr60/4LDftaH4h/FC88DQeI/7Sj0vyraa7+2y3P7391/y182X/AJ5V8Fi88mXrXTgnTjho8kD389rfU6nsKD2Pqz4M6voniS/t7/7dZSyWsP8AyCfO8rzf+msv/PKL/v1/y1r68+OXwZPjD9jezgnX7THa/wCum/1UssUv73/tl/qov+2ssv8Az1r80fhf8VbPwTHFq1lealJqFrN5kMP/AC6xf9Nf+Wvmy/8AbKKv0+/Yt/au8OfELwHH4Ov5o47PVIf30X/LKKX/AJa/6qvls/pYilyV4fZdzqynMuXBxpVZ9T8h/ipFNoOsyaHbz2195X+plms/M/8ARv8Ayyqv4blg83z/AOyrby4v9TaQw/upf+uv/PWv08/bM/4I/T/Ej+1Pib8D4PMuLqz+2/ZIv3ksv/TKvi/Xv2Lfib8KrC3/ALc0PyvK1L/j7u5vs0UXm/8APWX/AJ5V7mXZzg8dRVpammNnQpy99+6U/g/NrmvapZ32t6rbabp8UPlwzXcMUVra/wDXK2i/+NV9QfDHQPiZo+qaX4Og83SfC9rrEVt9ku7O/wDN1S6l/e/Zf3UXlfapfNll+y3UsXlebL5v+tr5j03xJpPw91mT/hFdc/0y1vPLh1bT9NlsZZf+2vm/avK/79eb/wCQq9s/Zv8AGC6/8RdLsNLlj028lmik03W4ppY7mKX/AKdoopf8/wDPWvLzOlVxdb3T9a4CoZdXlFUp+/8A11PpOS41TwjPcaZFLbzaha3P2XUmu9Htb6W1v4oopbmLyrr91FLbfvbXzYv3XmxSy+bLF/qtnQde1XxtrNvq3jiexi0+6hi8n+1v9Jl1Tyv9VF/qorr/AFvmy/6397LLF/y1/dV+hP7JP7EXwI1f4Zwan4j8KTm8uP3ixXN3InlSkfvJYxiI/wDfyMS/u68J/b0/YUj8E2uo+LNO8RWfkrZyiFrS3kspMf8APL9yfLl/Lza+y4bwuClL2PwzPsMOsBmubSwWKlKU72XRf8E+VPiz4xxd6hqvgDwd5el2s1rZabpOk+bJ9qlii/0X7TFD5ssv7qLzfK/5axfvYvKirwv4teG/hlrHhKz8f/Ea++06pdQyyabDpOj2tla+V/rYpfN8r/VebLLF+6/ey+V5vmxebFW54w+GOuy6Nb6Tf+MbnVre6/11351/LLLF5v8Azyu7ryvK/e/8tYpfNl/5ZS+bXo/hfTZLfwRH4F/Zy13WdatbqTzG/wCFcazLbS38vlfvZb7/AIksssv/AE1llltYvN/1UUX/AC1+yxGV4vDRtT+IM24MwzrexlTsu58g6L8BPBPijx3aTXl9JY2ccsQi8M3cP+leb+6/1sflfufN83zYopfNl8qv08/4Jsf8EtPhJqHxouP28/2j9Csf7O8Jf8THwb4Mm/49dLupf9VdSxf6qW//ANZL5X/LKWWL/lr/AKrxb4J/CvQ9e1+3vvCvhX/iYWvlW39oxXktz/y18ryrbzZZZYv9VFF/yy/7Zf8ALX7l1GSx+DHwn8L/AAi1HUNL8MWep+VeeKr3ULyK2ubWPyvN/dyf6r915Unm+V/y1i8qL/pl5Oa4TFUqCp1Z+/L8up+b5hwhl+X4zkp/FI8x/bQ+NPxG/aV8U+KvhZB8M9KtvBdv+78q706KX7L5v+tupfK/5a/9da/HD4z/APBO3wHoXxG8PzeIfGN5b6fr3iSOLUru1gillisCPNlu/K9ouR/z1NftF8RPiB4O0XwpD4M8E+O9OeWTVYpDpmleFf3emaX5UsssVtFfxeZF/wAsvK/e+VL/AM8oq+Qf2qIfhlZ+Mo/H/hzw5c3PhuXWJfJ8PfY5ZJYopf3v+q/5ZS+V+68rza8LDUsHjFPCyhyP7Mv11Pl+KMsxeCq061CPLG332Pmf9vP/AINr/wBrb4CfGvSvDf7Ien6n8XfBmvaHDqGkeI7Oxit2h8wSgRXPPldIgRJkeaJR0r44+JX/AAT+/aq+DX7Sujfsl/Fr4Q6h4c8da9Na/wBk6ReeVIbqO5l8qKWOSImOWPgnIOP3cnSv3B/Yt/be1r/gmzdaf4C+OBufEH7P/jWWK98B+MYYvMk8Ly/8tbCX/plX0Z+3z4A+BX7Xnwh8Nft//s0eKvD2t+N/ghd/8JX4K1u1XzY9UitT5t1pVz6RSxRf9dYpfKlr5bHZTmeWYuMKyvTltL+upwYLHUcVS5Y/Gfz5/wDBQ3/glJ+03/wTT8caTbfHzwudU8J6tDa/YvGXh+3k+w3MskeZLTzZYv3N1iOX93IM/wDLTpX6cfsPf8ELv+COv/BRP9kmy8Y/s7fE7xl/bsln5eo6hNrEUl9pd/5X+qubbyvKrrv2o/8Agv8A/wDBL39uf9i3xp+z38adK8W+G5PFvhuWym0670H7d9gv/wDW2ssUsX+t8q68qX/ll/qq8f8A+DRjUP2ZPBXxN8dT/En4pXWkfEPUDDbeG/D15eS29jfWmeZY/wDntL5vHlSflXNi8HWcOakdUKjh7lQ+WPgn/wAEVNN+I/7e/wAXP+CbGtfHS3tviN4R8KzXngDVdojsdUv4oorr7Lcx/vZYv9Flx+7/ANVKP+WvlYk+WZ/2R/jp4V/aGuP2X/GHwW1uPx7a6l9im8JzW/lXXm//ABv/AKbf6ryv3tfvN+0N+wDJ8Ff+DlD4Jfta/C+eSLw/8T4NZ1HxHDaDzPsF/Y6LNFL5v/PKK6i8r/tr5tfV/wDwUS8af8E8PBfgS7+L37Vfw/8AAup6to+hXUmmahremxS6nFFFFLL5VrJ/rYv+2VaYSm6nLGXvFP2fLeZ8Vf8ABLT/AIIn/wDBPL9nbwRp1x+3B448E+IPjFr08dza6faeJYpI9B/552scfm+VNL/018r/AKZf9df0w+Gfgz4HfshfBiXwJ8A9C03wv4esZZXtNJ06z/dRXUv/AC1/6a/va/l0+MHxy1X4k/tlWd/+yvb3lzpdre2v2PSdJtJZYpfKl83/AMi19+fCv9qL4m6DYaPof7Sf7Qtt4N8F6NDayfZLvUpbnxDdS/ZbX7VFbeb5vleb5t9FF9q/dReVF/218rOuG80rz9pT0p/M7KUsvhO19fzPeP8AgtlqHif9uf4TeHv2ctJ0TSCkOpXNz4p+Jl5o0ko0a1tf3t1FY+VL/pcsUX+tii83yvN/eyxf62vwx8BeL9W1P4eaN+zp4TtZGUeORrcwW8Ai1GWUxWUUU3/LNPKj83ypT0+1XPaQCv3g/a6+DOs/8FHvhX4b+Dv/AATq8Ia9Y+AD4bl0WDxDq2hSyaZY2sstrLc2kXnReb5ssttFLLdSy+bL/wA9f3stYPwa/wCCWv7DH/BLCx/t3xV4/kvfHHk+XqXjHUbyKLyv+evlRf8ALKvRwuJw+XYSNO3NK1jmqYmFKo6nwnR/8Eav2aZfCnh7dpemy6jpejQ+ZqV59j+0y3V15X/TLzfN/wC/v/XKtn/govrU3xG8UfbLC2ll+1eVbaPd2nmx/uv+Wvmxf9Mq7j4M/tgfCvUrC3sfh+bGWOWH7T9r/wCfWL/llL5v/LKuT+LV5Y+NvHlx4q8iLzJYf313D/yy83/2rX5pn2MrU8X7ScOWJ72CzOrj4R9/nOs/YD+D+h6Ppn/Eqsf3cX/PH/llXzn/AMF6/wBrLwB4L+Fcn7ON9BLe6pql5Fc2c0MP72KKKWKWXzZfN/df8sv+WUtfdn7H3huf+y5Lc/vJJYf+/tfid/wXz8LeIv8AhsTW9Y1m6lEaH/Q3lm8wy/6La/8ALP8A7+UcA0KeKzOpiKnxR+E+c40xuLrKGFh8J8/fBTTrn4sfEHSPCemWiPBrGqxJd3GoGKSSWKL975X2nyvNir+gr/gmpoM/hv4Q6fqosZLKO/m8uHzZvKr8Yf8Agjr+z1rvxF8cTeLb638uK3/d2c0v/LL/AKa+XX77WWj6V4J+F1vonh+CT/RdOixNaad+9ll/8i16/GGdxWKhh3I8zhzJa2HoVK9aHlE+W/8Agr18SND8K/Bu8v7eeS28US3lrJoMXk/vf+msv/XKvI/2af2optd1n9/rlt9nlm8uaWL/AJa/uvK/9pS1x/8AwXZ14D4ceE5z4xtpNU0vxJLHo8Ms3+k/ZfK/e/6qLypYvNii/wBb5Xlf9NfNr4n/AGV/jx4k8K3VnPYQfaY7Xyo4YvOlkll/e+V+6/55eVFW88BReVRqf1qfO4SeYf2vL3PtH7ofCX4hwfYJNct4Io/sEMUk0sv/ACyir2Pxx8XtJ0H4T3HxBgmMltpbxXH2uXpFF6/9c6+GP2P/AInaT4x8GSeJINV+0+Vo8VzDaSzeVFa2ssUX/kX/AJZf9dZa93+HPxh8J6bH/wAK51a9iurC5077PNazf6qWL975v/bWL/lrX5ZUwdbCZjeX8OR+84TA0sdgacvtxLnwa/4Kc+CvFvibU5L/AFW1srAalFbQRXcvN1L/ANMq+lvDXx9+FXiXTP7QsPElhIw6wxXEcslfid8d/wBkXXNB8Y+LPAVvYyxW9rNLJpuraT5v7qXyvNi//df89Ypf+2XgfjD9oT9oz4G2mj2I1zW5be182Sa7hml/1vleV5Uv/bKLzf8Atr/0y8qv0nD4D2uEpywtTU8rN8J9Wr2hHTyP6Rv+FreC5L46ZYX6STiby8j/AJ6VwHxY/aa8OeH9L8jRdXtpbzzvLlhhm8zFfgpoH/BUPx/c+Ere38R+KtXvo7qG6l8mGaWP/lrdRRf6r/VSyy+VF/21/wCuVe0eA/8AgoHrniqG4uL/AEO2+z2t5LJ+5/debF5sv73/AK6y+b5sX/TKKsMVk2eVf4vweRhhqGW+0jz1Pf8A5T688YeMNc+J/i2TXL6+l+x+T9mvPJhl82KX/wCO/wCtryu88YQWfxLj8K+Fb7zZP7N+0wxQw+V9vi/6ZSy+V5V1/rf3Xm/9Mq1PDfxC1zxjFqBgnsrbUIrOKOaWbTZYvK8r97FL/wAfXm+V5sUUUv7r/l6ll/55eV876b/avw9128n1yxksY5dSljhh/eyxS/6XFdf+23lf8spfNlil/wCWVY4TD0Yy9j7PY+gpZPXzvmhQ+ye8ab+0r8VPhLr0l/4W1v7TJ5Msdn5032aWWWL/AFsXlSy+Vd/9spfNl/55V7/4a/bo8EftH/DZNL8SwXPhvxhbQ+Z5OoQeVHdf9NYvN/deV/21/wDjtfGmj+NtDh0aSfxHcWMun38MVlr0N3NF9ml/7a+V/wAtfKiltbryv+WvlS/uovKi3PBGs/D/AMVWseh+DfGNlLo8V5L9j0+7vPKl0uX/ALZRS2Ev7ryv9VdRRfvf3XlfvYq6Z5bGhLm5PwPmczyLGZXO9Kb5v63Kf7RPxU1yW/uNK/t25sbz/pj5sv8A39i//e18z+Pfi1rkWjXl9rljbatJFD/rvtksd1FL/wB+opf/AEb/ANtf+WX1542+G/8AxTkeh+I9V02Ozuv+PPT/ABPNFFY/vf8An2vpYpbCL/ll/wAtf+WX72vD/id+xDY6lYfbtC8f3scn/LnaS6bfyxeb+6/49rm0iurX/v1L/wBsoq+xyl4aFPY/PczoZvXl789fn+B8l6/eX3iu1uL2fVZLn/lrN5s3ly//AL2vO9Ys9Vs7vP8A5G8mvaPGHwk8ceCZbyDVftMUfnf627s5f/RvlV5XNNfHWfsP/CR+XH53l+b50v7qvpFUo2PgsTh5wrckW+Y6Twr8N/HEPwqvPjHBpUlt4fsNYi0ma786KKWWWWLzfKiil/4+/wDprFF/qvNirkxqV9Dc+fY30kX/AFym8r/2rXWaP4P8D2egyeMZvGPh/UryLWPs154Tu5r+2ubq18r/AI+opfK8ryv+WX+t83/plUmval8FrOL/AIlXgDxbbXHnS/vrTx5ayRf+kFaU6n90zxEcX7HkPNfEPinU45SHuvMTzuD/AO1a7HwP+0p43tvAFz8FPHMEev8AhW5ilSTRLuD/AFXmeVLL9ml/1sUv7qKszW9F0zX9Pk1KxsdSsbO1/wBdNNJLc/8AXLzZf9VF/wAtf+WUVYc2g+HIYvPgvormPzv+e3+trKrQVZ++cUXXwauluef+JNYvtT1CS+vp/wB55376s/yfN7VYms/Jl8iiaGDrXontV8TXqO7I9Nhxdx8f9cf+mtfXn7BGm6poPjezgvoLm2j+2eXeaf8AuovK/wCutfM/hDVNVtJZLDSr6WL7dNFFeQwzf62vsz9m/Qdc+Hug/wBq31jLY3kX/TnLFLLFLXi57UvhPZxO7AUZ12fenw9/aQ1z4S3UelQWUXl/8sIpZvNl8r/tl/1y/wDIVeT/ALe17pfxI+GmoeK5/Ckcf76KS88r91LdebF+6l/5a/6r97/39ryPxh8fjo93HfX0H2mP/nsP3Xm/9df3v+trkPib+0pceJfDkdtbiTyDD5n76L/VV8nkWWVqWJ9p0PmOIc2xVKuqX2Ynxt420fVdC16TSoLeWTzZpf3P+q83/rrXefs/3vjHR/FFmbHxVY6bJawyx3k3k/urW1i/56y+VL/5CrL1jXtKm8RyX1/ocv8A1xhm8rza1PDfiu/s/wDjxnto/tX7zzvJiiii/wDIv+qi/wCeX/o2vtqmlO5+ocCcUVME6c4/EfWn7PP/AAUn8f8A7P13bX+h+IYrrzfKjMhh8qU2sXmy+VbW3/PWX91F/wBcvNl8r97FXvWv/wDBVLxr43tLDTpfCeh3skLywz6hr0v2s3Ev7rzVi/55x/6qX93X522V5OLDULefQrLzNUh8yzm/dS3Vr/yy/wBb/wAspZYpfN/56/6r/llVPXrzxHpuoW+rWNzc/Z/7Yilhii/5Zeb5vmy/vf8Arl/21/1X737LXVkmL9ljk5Ruf01lnEuTywn1zEU4yq/16H2H47+Ofhf4gXtzrni9P7cuLkho1068isvsgH/Tz9ll+yy/vf8Al182WXzf+eVM+EPgbQH8WX+i6H4vlbRNX06K2127u7yWOUSy/wDLrcyxf8fUX7uOKLzYq+a4fGGuQ69b6HBqtzFby2csUP2SbzfKi/6Zeb5v7r/P/LKvrD9lDwDq9z4Wt9X8L6raXF5YILez+y75Y4pZf+Xn/RZfNi/7ZSy/8tYpa/XsDiViqi5z6jhvPqPENKrOorW27I+3f2fdP+CXwC0Qa3r+jT6rqdgv22Ke4uYrjy5ZY5f9VP5Vt5sn/TKKP91Wb+1X/Z3xY8RzS+B5bSLXLTSYrPw/N5n+rlluv/RUvmeVFF/01l/6a1863fh7x14YN54i1TT76K3DSyQ/a7m1vba6k8r/AFvmxReb5v8A11lil/6a1teEPjVbX3ju30XR7PUHj1mzl/tLxDp+sf8AbWSH/VRSxSxRR+b/AM8oov3Vcmc5BKC+t0qnPL1uePjeHsM8ROup88jp/CP7KJ+G13JrnxT8aPq+sX97FLrBaf7TJLdS+VL/AN/YvKji/wCeUX/TX/ll7Na/BH4Z/Gzw5/whegeFXNxbTw3F/dzH/VR+b/rbn/llF+6/+O1574S8ffCnwVYrfeE/COi+JJhB5kMsvmx/aIv9b5sVt5v+q/1X7r97L+9i/wBVXs/hr4g+Ktetf7D8VaBY6Lp11DL53hnzIo5JYpf+elta/vfN8r/npF/yyr8Kz3HZlgMf7Sa0Pj86w0sXho4Z0/h+0z5G+M8Gpfs//FS7+H/we0PQfH3gu9Mv9r+D9bb7TpmqRf8ALWWOWWKX91+9ii/0WKvMv2UtF/Ye0j4marrnw9+L/wARvgDf69NLbeKfBEq/234av4pf9bF5fleb5X7391L5v7qvt/x/8I7j4iazqt14ktLrSI/EUsVv9isPKiubuKL97+8uf9VaxebLJ5UX/LXyvNr5p/ai/wCCe2ua9axwfYZI9Ul1KLydRtNNl83S4v3Xmy+b5v73915v+t82vrYcacO47Cxo4pa8qXMnr62eh+RY/hPFYGv7ahK0peWh3nwg/wCDeb/gi94g1Kf4reG9f1LX7GIfaYrWPxv5lta+V/rJZP8Alr/ra4D9rz/ggH4T8V/HOfx98EPjpoPw68P6ZDFHNJq2pS3N/JLHF5ssv/7397Xm3iT4P/E34S67JoXhv44Syaf5Mv2PUdW0e6jlltYpf3XmyxRf9taxk+Afx6/am12e18X/AB91v+xopZf7R1uGG6j8r97LFLL+9l/e+b5v+t/6a1dLBZBy+2hi3yfy2d/8jxZYzHyqfV2o8/qv+HPTfip8ePhX/wAE6/hzcaT4A/a2vviR8VIvDd1Hpuo65qUtzF/16xReVL5UXm/9Na+ELf8AZ6/bX/4Kz/GVr3xfe6jNr11pvlaPoGnwyyReV/y1lk/5ZWlt/wBNZfL/AOWUVfol+xd/wQU/ZR0e5k+In7UPxn1zUpJdR83R/B83lW1z9l83/l583zZZfN/6ZeVX3d8Nf2gP2Nf2Z5Lj4W/CH4dW/hHR9GtZZZ/7P0ERxTRRRebLJ+6/eyyf9dKMRxDwtk9HlwVGU6kustF9yNY4bG1PdqVF8j46/YB/4Nv9M+Fei2PiP4r+JLnwvez6dImuWPh7Uo7i9vZSfuyXJiKQxj/p28qvtHwH/wAEy/2Bf2draLxHon7Mej63q8UMedX8Q2n9pX11/wBNZJLr/lrVnxF/wUz/AGeofElt4N0XW5JdTuP3gh+1WsccX73yv3v73/nrXzL+0h/wWw8D+CZZNK0KDSdSvJbOKSG0tNYiufKl/wCmvlf9Na+Ur5pmubVJRXux+5I0xNssoJv3pv8AE+kPib+0foXj3Qrz4afCvVf7EltP9GvLS0mijurX/ll/qv8AllX84H/BQW7+OL/FjWfBvij4qav4g07S9Zkjh33l15X+t/1vlSzS+V/38r9R/wBnX9nD9vv9qf4v3nxn+MR8SeAPCd/rHlw6dDNLFfX8V1+9+yxRf8sooov9bL/36qL/AIK2fsDfAD9n74S2GlfD/S5Y9Y1OKX7ZEby6uYvK/wCeskUsv7r97Xl4atGhjPY1NbnwkpcRY/F+15f3a6fM/O39hz4xeK/hzo1n4euL6ST99FLDDLDLJ/39r9U/gDDP/YP9q+Kp/wDiYS/vJv8AplX4x/BO81zw38abeeeCP/iTXkXkw+d+6luv+etfpB4Q/aW0rTfC8kEE8sUkUPlw/wDLXyv3X/PKKvG4yyuWJo2R9HkfEdLKMQ6db7R+in7HHxCsdS1m80qwvraX7LN5c3/TKvg//go1+yVpPxt/a91j9ozxuLa90fwvZy232TzvKl83zf3X/tX/AL+19Af8Exxrlpf3FxcHzI5YYpP9d/z1ir5D/wCCt37SE/wl+Jd5ocHiqW51CLWJbm80TyZf+eXmxf8ATL/yLL/1yr4Xh36/g69Sjh/jt/lsfpeVYTCZ1WhWqytA7z4QfFTwd4J0a80Pw5Y2WgWel+V9s8Qzf63zf9b5UX/fqWvZPB37aXjHWNZ0vVdD0q+j/tSHzJrS7/1sX/LX/ll/36/7ZS1+S+g/tRT3ktnof2GKXT7W8i+x6TafvfNl8397L/01/wBb+6i/5axSyxV758B/2qNV8VapcZ/s3+2LW8urazhtNS+0y2t19li8qL91+6+1eb9ul/6ZebV1eH8xr1JYjFfEfe5jTy72UMNhon1R/wAFDvgPY/tXftD+A/8AhB9ctorjxvoMtlr2nSzf8eEv+iyy3Xlf63/ll/0y/exVj+Fv+CJ+lfDzxHHcWN9e/bJYftPm6h/qrryv+Wte/wD7AHwxaWA/HHxBYXN9fS6N9mWab/j58r/pn5sv/PL91X1TpuowXnhK4n8RiK5ji837H53mx+VL5X/LKvSpZrXc4YX7MUfndbK4ZbTq4mXc/J+8u/H37Ovxat/hlNBZWWly6P5ln9k/55f9Nf8AprWp8Tviprnhvy/EcHmRWf2z7b5UUP8Ayy8rypYq6z9tjQbLTPjVb/Ebz7b7PfzSxTQ+d/x6y/uv/IVHiT4ET/EH4I3njHw5/pMmjeVHeWkU3m+bFL/rZf8A47XsTy/D1sPeqfkWW+K+KwnFn1Vr92/PsbH7Ov7UXhXxhr1vfa5BpupR3VnFousRfY/N+1fZf+Wvmy/6397LL+9/5a/9sq9a/bX/AGSfh98R/hJ/wsrw3oxs9Q+y+ZqUNjD5n2q6l/1X7r/lr/x8yxS/9Mpbqvy5s9N1X4I/E+30rxH4jl8v+2JY7PT4vKji8qXyv9b5v72WX/Vf6qv1n/Yp+ONl4p+E+n6LfQvLJYiXTpoP9ZLFa+V/zzll/wBb+9/1v/LX/tlXlqhWyzEQqU5/uz+mquJwmeZZDFYb4kfkZ+0J+yj4x+Esv2fStD1KST+zZY7PTtO/eyyy+bFLdRRS/wDPKKX/AJev+mUX+q/0ryvN/h98X4Phv4ouIJpo77+y7zy7PUf+Pm1+3/uv9Kiil/10UXleVF+6l/1UUv73/ll+/f7TPwN8E+JfghrGlR6Rpttb3+kfYtS+yeVH9qil/wCWX7r/AJZeb+9/8i/uq/FT4/fsu/8ACE+KJIPhz4qubG4upvLhh87/AKa/vYv+uX+tr9QyjOcDmWD9nzH5ystrYjMvayR9af8ABP74kaJrHiez1WweOKzihiubzzbOWPyv+evmebLL/rZfN/5a/wDkXza2f+Ciltp/hDxHpnxA+G3iF7rwzrcMiWCWV55Uf2qOXzfsf/XWKXy5Yv8Alr+5/wCmVfG3wZ1+++HvhKPVbe+vrmSWa/8A7Hhu5pf3VrLLLFL5sX/PKW6itv3X/XKrnxa/aE8R+NtL1DSp9Ukj0/VP9JvNP8mK583/AJa/avKl/dfaov3v+q/1trLL/wAsov3X0+ReGtXMa31yn8B+pRzDL+HsthU9py1JRfu/5/cZ/wDw0h8TfCusxweHNLtpLeWHy4bTUbOL7Nf2sv8Ay6yxRf8ALLzf+/Uv+q8qKrkN54c8H+LZPGPwyn1LRI7q8/4nHhia8lj+wS/6391LL/y6yxS/upf9bFLFL5v/ACyll8TvNSuIba40P7dLFJ50Uf7qbzIpZZZfK/5a/wCq82L/AK5f9ta2NH8ef2vL5F9rvmR2Hm/vtRh/1vlRf6r/AFsssvm+V5UUX/TWvSzzhPD0XGMviR+RZvxhVqxny/aPZNZ/aW+LXhvxHceG54JJf+WdndzebHLL/wBNf+etcn488VftUalp8muar4U8SW15FN/pnk+G5Y/N/wC/UVcvDro1LRryxsZ5f7Plm+zfZJpv3V1/11i/1X/PL/rl5tcn4lmsfNkt/sMf73/p8i/dRRf8sv8AprXytHLaeGlyRPzLMs6x1ZJQk+VGPqWpeMdYlkuNVnuf9d5n73zapzTarDLJfQTW0nlf66b/ANq1IZoLiWP9x/1xrsPhv4avryWPVTY+Z5U3l+b53+q/6Zf9Mv8ArrL/AM8qdSFamcuSYPEZnjTD0YX2seX9uH7v/p0/1sX+fKrH1izgs/s//E8voo5f9T5sP7qX/rl+9r228+HHiOz0Gz8SeHNK1LUv9M8ybUbTTbqW2ili8qX91F5X72WL/lr5sXlf8ta828SeHNc03VLjSr6xubaS6m/fWl3/AKNL5v8A218rzf8Arl/6KrqwTvK1Q/VJcK0KeGXtCv52labYR3194lvbaTzvMs9RtIf+Wvlf8tf9V5VZ48CT69pklx4V1bTdW/c/8g6GGW2uvN/55fvYoovN/wCmXmy0ax/bn2D7D/bv2m38799af9Nf+uX+q83/AK5Vyd5iGK40OcxS2d1+9vPsn/XL/wAhV6f+zHFicjwVLD8tRaGfpmj6VqWrSWOqat9m/cy/vpYfN/e/9Nay5oTBLyKk877HNjyJfMqOX/p3/CuCpVPyj2hoeE9Yg0G+jvhby/aIpopIf31fbHwZ+JHhz4h/CW40rStKtrLULX959ktPNlili/5a/wCtlll83/trXwxaQlTgGvXPgR47n8G6zBfrDIf9V/00/df8tf3X/LWvIxtP28T0MBmP1apyS+GR634w16++wSTzzyyx/wDPWGvJPFnjT7edovo5fSbZ+9/8hV7H48MHirS5NV0qDy/Nh/8ARv8Aqv8A7VXzX46iMuqyEExebN++ilhrTBVKVKnY8DNcC6uL55PQ2PDGteDrW+uLvxZoepXtuYf3MOm6lFbf9/ZZYpa6iz/4RzxZr9vpXg6xvo5JYf332vUopf8A2lFFFF/11rzPQbPzuo/5bf8ALau8s7LQjLHp8F9cxWfk+Z9ru4fM/wDIUX/x2WoxNQ93hurRo4vkZ6B8MPDcE0v/AB/RX0ks3l+b+9kiuv8AW/vf9V5v+qill83/AFsUXm+V/wA8q9M8eeHLGaW4gsb6STUL+8+zQ+dDF9piuv8Al182X/llLLF9p/deb5v2qKXzf9bFWP8ABIeCJoriDQtDubn+2dN/4mV3qE0Vzc3X/LX97L5VrFaWvlRf89f9VLLW58YNT1WGX+yrHVZbm41SG6ks9btJpfKuvN/1sttL/rYovKiiii8397+9uv3UUt1LXNl9dUcZ75+80KftsuvRkeR3msWMN3b3M9x/x6+Vc+dD/wAusX/bL/Vf89fKr9J/+Cesen2fwlv/AI4+OvEZNxpzLHo0T29oI4rk+b/qt8Usuf3kf/PX/trX5qa94DsYdej8VX1jFYx6pNFJN9kh8r7L+6/exf5/56/9cq94/Zf8e+Iz/wAUBceL9W03R4tNlt4dEi/1Ut1+9/8ARsXm/uv+eVfqmWTVZWlP3WfYcIZlSoJ4WenNbm9Ov3n6OXXxU+Cvjmd7XxhpNol19ik8yWOE21ysEXmyn99F5e8fuv8AnnHXAeOP2VtMuvGqfEDwn8TNVsv7M0yVvKOpymGX7MLXzIf9b5UXmySPF5X/AEyr52h+N3lX0nhyCe2uY7+GXydb+xxebdf6391+9li/9G//ABqk8YftW+IprSOxivbnV7O//eyzS2f2aWL97L/rfKll82KKX/2l/wAta+3wuXQqJQw9X5bn6ZiY5dhLSo1LL7z6g8KePPhP4d8VReGoUvLNrC/t7aHXoNn2mK6uZvsqReWIo/3W/wD5aSPL5UX/ADyo/Zu0zxhqXiadtB/ae8G6tHqmpb3ku4bqyvv+uvlXX726/wCWX/f3/W/uq+PPEvxc8ZHUdQ1+0u4JLi6Bj1KFTEftX2a1/wBJ/wCWsvlS/ZY7a682L97L/pP7rzYqTUPjv4p0P4ixx2usfadHvrzzLO7tLOKPyopfNllupZf9VFFF/pMX/PKL7LLF5X7r9787xX4eQzTCc6lyv9T4DiDibLsBWUFL4vR/mfrVp3w/stI+xPr/AI9gv5FbzDLbN5kksteganc6F4+8AHQtLt/LSP8A49PNFflV8K/2ufHOna9qlvqt9F9n0aG10n+0Iv3Xm38v737LFF5v/PKW5ll/5a/uq+sPhJ+3/octnZ6F4v02OSa78r/RZZvN/wDRX+t/5Zf9/a/lviTgzM8mrWp+95ng1Mbg8wpRlz3kumiPYPi18PfAFn8ArjVvHHhW21a8im/0OG7h/wCev/LKvzb+O/jDwp+zpJcf8It4HlubfWfN87SZtSupbbzf+uVfoxrfxq+Hfxk06e11jxb9i/feVDP/AKyK1/6ZV5X4w/Yz+H/xmv5LG+nito7qb/iW6jaeb5vm/wDLX91/yyoybiJYOcKOJWkT8y4l4W+t82Ii3CX93/M/OvTP+Ci/jjQdU/tzSfhZq2rx2sMUln/Z2g3VzYxXX2r915v/AJF/55V578U7P/goL8cIvDfhb4tXF34JsfE+vfYtR/4RvwrLH9gsLqK1/wBL+0+b5sv7r915X/TL/nrLX7W+Df8Agnd+zx4F8G2mj3U0kOmadL9o05Vuf3vmf8tY5JZc+b+9pvjb41fA7QvFMPgBfCksEdrbfZ4Lu0H+kt+9/e/+iq+lzPP4VYKpShFW8j4fDwWTw/fVJP8AxM/DPxp/wTK+O7+Ltc+FvwW8OeI5NP8A7Ntby81XVZZYrnWbr7V5svm/8tYv9VF/yy8r/rlX09+xd+wr/wAFB/g/ev8AE3V/hr8E/AGgaKP+JNJ4n+HNhc3UUMf7qKX7d9l+3+b5Xl/vfN/e/wDLWv1m8F/G74VeFrC5vPC3hkx3XlRfbLePiXr5X+rr59+Ofxo0T4tW93o91Y6vHo1xdSPM0XmxRx/8tZf8/wDXWvBy/NcZUqOdR38l/mcPFXFuDwWFp1KNT3/PU+MPjf8A8Flv2s/2X/Eclva/G7wb8TNclMVvZ3dpoEttY6XF/wA8orbyovN/7+/88q6f43f8FlPhFrP7PkMviTTNP1vx7cWdhH8R/DHivQzJDrMssMX/AB7XMP72w8r/AJZeX/21i83za8c/av8A2aYPGGv3EGk+HNb8SWcs32nTbvQ4bW5ltfN/1XmxRReb5tfJdn8K7G88e6pqvxA1WS2t5dSi/wCJtq0MsXmy/wDLX91/y1r6HD08PiKyrJWkXl/HNHFZZdrXy0HeAbXwzquu6p8WdO8N6vpumxMLiz0qaaK++y/88opLmXyv+mn/ACyl/wBVXZeD/iRBqWs6fb31/c/Z/O+0zQ/vZf8A2rX1F8LPhd8Nfij+y34s+DHw98LSadqGlaXFqNvDqXNzqd/F/rbqT/pr5vl2vlf8sopZf+estcz+x3+wX4s1b4h6Xqur2Pm6f9sikm/c/wCq/e//AB2unPnThg+aR8jkdTFZ1nf7yH2j7s/YKvL7wR8Kv+E48ReZ5kv7yb/2rX5b/wDBbDT4fHfjy4+ONj5fmXWpfvruH7L5Xlf8uv8A018391L/AM9f9V/yy/5a/fH7eH7RcHwM+C1x4V0oSW3mwxR+b53l+VFL5Xmy/wDkWvzL+Kn7RX/C1dG1jXPEk97HHL5X9pQw3nly2trL+98qXyv+PuKKXyvKuvK/df8ALWKX/lr8XwrgqqzH6zP4NT+kcvqYTD0Xh1PlmfHsXijWZp5NFtLX7TcXUUsX2f7HxL+983yvK83ypf3v+Za+vv2I/hX488ey2d/otnqereHofsvnWlpNdeXnzYoo7W5sZZZfK8rzJf8Apl+6/wBb/qoq+d9B8B+HNR+IGh+Fb6GXy9U1K1trObSZov8ASopZYv3v/PLzYv8AnlF5X/TX/lrX65f8ESfhpr2pTv8AGCeOax8NeHdL+3w/b/Nz/wAtYv3n/kX91/0y/wCmtfa53VwtLATrHtZTiKv1tSf2T7M+BnhPSPg94AX4Y2Gi2UWsXU2borYWsQill83zZY/+/X73/prXq3xI8YeFPhL+zx4g+JviqfytH0bTZbmb7J/y1li/55f89f8AnlXF/Cnw7NrvxHuPElx4dvZbmwhlkmtP7Yl+zf2pdSxSy+X/AM8oovKj/wC/tfIf/BwD+3RpXwO+COj/ALPPgC0ub3VP7SiuZpryb91FF+6l82X/AJ6/vZf/AEbX5VkVCpmWbe0+wefxnmVNYZ04dfzPHv8Agpv4u8f+HpvhV8XtD8XN4i+H3jjQDqujatB5kflNL/rIpYj5vlS+V/5F82vQf2FfjnPqNr50GuebHLDLbeT/AGl5X7r/ALa1+aGnf8FK/jNrXwOk/Zr8XRaTq3hzzv8AQ4tRs/MlsP3v/Lt/zyr7N/4Jb+NZtW0WzuNPkMVxFef6yGaWP/2rX6TjqMMJgveP5J4syp4fMqWJoLl1Q345fCWDWPjTqHhXwrBZXtxa2f23ypbyKWK6i/1str+68397Xun7AevX2m+LbfwrpVjJLZ6zpssdnF5PmfvYv3v73/rl5VdZ+1z4D+2X1x8VL77TF9v/AOQbqH9sS3MthdRf8tf3tekf8E9fAWhtDrHxbs7CO2vLGzli/c/6r7VLF/rYv+/stfH5jjaP9lzkf014d51iKGHWFlH4o3PcPhX4nuNV07WPBms/ZrT99LHNFd2f/kKWKvgf4g/so+HNN+I3iDXPFXxM03Vv7G8qKzltNNltvN83/llFL/qopYv/AN1X0Z42+IOreFdBv/GJtpP9P02K3srS0h/ey+V/rf8A2lXwv+0t4V+OXxC+HfiD4i+N7e98P6P/AGxFbaDFqNndRf2pLL5vm+VFF/rrryov9V/qv+essX7rzfa8Jsj/ALUxft8XU5KUevd9l3PqOI80ll9P/ZYXnLp+p5J+0rJ4S1vRfGHxN8J32k2Vloeo6ZZQ6J50UcVza3P+qv7GWKX91fxS23721iil/wBbL/01ir5+0z4teI4bD+yibH7PFN9ohmu9BtbmW1li/wCuv+q/6a+V+6l/e/upf3vm63xp8Lav4c8SSx6dres6ppUUFhbQ6hqWlWtlcy+V/qvtNtaSyxReV/11ll/6a1yvw9+H3iTx5Lnw5B5UdrDFczXf+t8r97FF+6/7ayxfuv8AprX9+8J4bLaOVctCXND/AIY/J8VjczzCtarK8/62O98JfD7wrqXhC88T+KfGVvZXmn+F4tah09Jv3tzay6pa6XFFH/38luv+evlWv/TX91FN4V8U+G9Ks11Pw5cxR6xZy3Og3cPmxxXUXmyxebF/4DS/9tf3UtfQn7Gv7AGleO7zR/iV4vs7nSfD3n/8jHd6RdfZpfN83ypfN8qWL/j68qL97/rf9VX2P8TPiT8DdF8QzW/hL4HeFrfRbPVL+e0Pjd/MisNUl8qW58qSWKXyYvNtopfK/wBV+9l/561+WcSVKDzZ0aa53r290+hyvg7E4ymnN/Eflhp3hvxj9gkstV0q5037BqUtt/pcMsXm/wDPXyvN/wCeXlfvf+usVbE3wB8R6xa/bvIljt7Xyv3ssPl+V/rf/wB7/wBspa7DxXDrfg/4vXGrePoNNufKvJY4rP8AtLzJYv3sUssXleV+6lil8r/W/wDPWKti4+Oel6D4nvL60sv+Ek0f/Sraa7vIYtNl8r/lrLbeb5v2WX91/wB+v+WVc+B4ZwuJd5n1X+oeSUvdr1PuOL8H/AG41iKzn1DVYtNjuof3N3N5vm3X+f8A2lXaeFf2ddc0jXo76Cax1LT7qHyvOhhilil/1Uv/AC18r/v7F+9i/wCetcfoPjbydLk8KweV9nl83ybu0milltf/AI75X/TL97+6/wCWVegfAL4v6r4V8b2+q+HLH7NqkvlSf2haQyxyy/vYvN/66/8ALL91/wCRa+jxPh9g6uG9pTPTy3K+EsrlzqfvROX+N3w98Y/D2G8sNc8NyyXkX/H5aat+9uopYv8AW/8APLzf3v8A0y/+2+V2fjDSp4pJ57f7NHFD++hms/s372X/ALa+V/39/wBb/wBMq/Qm9sdB/at8BaD4W1uC2tr2ztIrfQddt7uTypbfyoooopPK82XT/Kijl/dRRS2v+t83/lrXxt+0L+y94o+FnjLVNLnm/s3VLD93eQxWfmRf9df3X7r/APe/9/fzPMOGZ4SpySPXr4bDZnR9ph6il+h5v8VPEmq3EVn58/lSfY4vJiu/NtvKtf8All5vm+VF9ll/6dZfKrDm1ey17S5IIPB0dlqFr+8m1H/T5JfK/wCessX+q/79RV1Gi2ngyzjkhgtrHyrWfzfsdrNFLpkUv7rzZY4rqKX/AJZf9hOKWL/ll/qq4ubQfCvhyWPz4JJLiw8qSHzoYo4vK/8AIvm/8svKl83yv+mVfL1sMqXQ+QxuW9Kkzi5v+Wn4VH5HvRtP+o28VJ5HvXlVNj+dCWxtyTtrp/Dt59hu45/J/wCmdYOnEeVk/wDPWuy0PwvBJFZ6gZ7b/ShFF5U03+t82WueoKjhquJrpI9o+D+vWOm+PLfwPrmueXp/2z7NeXcv+qii83/j6l8r975X/tLza8p+N3hTXtF1y9XXNLubaSO8ltiLuH95FLF/rYpf+mv/AD1rrtB0C/1jxlo8EEEkn9qaba23/PLzZfssUX73/tr5X/f2uw/aWmvtY0/S/Ec9zLfWd/8A8TqztJvNliutUuorW11PUP8ArrLf2NzF/wBsov8AWxfuouWnywrn3OIyDEVMslX/AJbHzvpum3HlSEeX/wA9JvKrQhs/30c4g/6aVYGmTza9eWWY/wB7NF+98mtz+x4Ly2+w2PlR3Es0X77zq66k6TPz+nUxNDF3gR2fjCDTIvsVvP8AaY7W8l8n/nlL5v8Azyi/66xV7B8N/iFofiTS44NcvvNjuoZZNSil/eS/9NYv+msvlfuv+2sv+trwPUtHvrMeR9n/AOeUcP7nzPK/6ZVc0fWb/wAK6FZeI57+W2/1t7Zw2n+t8r97F/2y/wCWv/fqilgYVmfqOR8UYjA07TPcPGGv380selarDbX15dQxRwzXc0v2a1l83/WxReb/AMspftP73/ll5sv/AC1lqTVINV8SS6P4j0Ke51LUPOijm/0OL/T7WK1lli8qL/VSyxRRXP2r915Vr5UUXmy15H/wmM8vhKOwnsfNjimlj8n975X2X91+6/56/wD72Wu80H4tarZWv9h38H+mX9n9m1ib7H5ct15Uv7qL/pla/urH91/1183/AKZe3gqlbCUvZ8x70uI6EqntqUz0CfxjpN55ngfSbiKXUJbyWys7ub/VeVLF+9l/e/62KWWWL91/rf8Apr5tZejw+I9H8v8A4Srw5Y3slhNF5PnWdhJLFLLL/wAu0ssUv73/AK5f62uT8bQ+dLZ31jPL9ov5vLm8rypZYv3XleV/zyillili/wC2vm165pnxU0P4wReKPB3ji9lkkuryLydcmm8yWWKKLyrX/ll5sssv+qlli8rzfKi/66xfYZRxDLCSjoetT4uq4mjKkqnvaWOH1/4+z3t9ceI9Dgl/0Cz+06b++llliiil/dReb5UUv7qXyv8Apl5VWNY+JOgaP4gjvtO1P7TcS3ktsuof2dFH/rZfKll+0+bLLd+bF5csXmxRf62X91FUfgn4A+KtTluLjSraxkj/AHsn2v8A5ZXXlRfapf8AW+b5UvlW3/kXyq831LwvpOm/aP8AhI55fLlh8v8A56yxS/63/W/89f8Atl5X72vvZcRxxuG9nA+NxVCti8Q51Kl5X27H1B8Jby+1LzNDvrG5uY/tkUd5p13+9lurqX97axf89fK/df6V5X73/WxS/wDLKuovvBfjfQ9Xkk1K41LTp9CmljGky/8AHzLLF+9liluZf9VLF5sst1/z6/6r91/qq8r/AGe/ip4j+HuvaX4/sbCxtrjS/Kjh+yQ+V9q8ryv9b5X72WX/AFvmy/62WKWvYLP9rTw54r+x6VfT/ZtU87/XQwxf89f3UsUX7qKWXzZZfK/1VrF/zy83za/IOKK05ztUhoZQx2MyzFOMtdrHWeA/jJ4j0fVJNKg/eSaXDF9shtPNiisIpYov+ev+ql/df8tf9K/exeb/AK2vbPh5+1rq2m38ek/YPMuIoYpPsmk/6TLL+98ryov+2svlf9dZa+N/HnhWD7VHrmleXY6fL5tzZ6d9slvfKl/7ZRRRS3Xm/vZZf+WVdR8E7y++FelWfirVdc+w3nneV4bilm/eyy/6qK/l/wCeUVrFLLLF/wBcvNr8azTIKWLnzUj77K84jj4clQ/STXvjB4q1i6k0s65pFlJLNFp15FaXnmxWt1/y1i/6a+VLXmfiTTbG88UXmhwX2m6lqH/LGK0822l/55ebFL/7Sr5T+Ev7RWhzXVnfzzW0ccWpWttDDN/0182WWXyv+ev+jf8AbKKWL/lrXrmpePL74b+PNYnvvK+0X8MUmmzQ2fm+V5X/AC6+V/y1/wCeUv8A01rgp4Wrhocko6nzPHHBVbMKE/q0ulzh/wBrnUvFWmyx+Fdcvrm21SLyvsc37qxvoov+2v7qX/v7FXh958YNVs5bex0r4m3MskVnL52oXesfZpZfKll/1X73ypf3Xlf8tf8AllX2B8QviR4A+PH/ABTmuaVJLpd1ZxSabqMsP2aLzZYov3sUvm18x/DzwfP8I/iNJPrkGrS6f50sc39nXkttLf8A/PKL/W/6qWurBWhPlP5XxuRY2hj/AKvi+bk/mPL/AIp/EnVdXu/t82qf6ZLDFJ9rtLz975UsX/PT/wAi1wd58LPEfxI1T/hI5/8ASZLDyo7z/lpLFa//ABqvTP2or2xs/G1nq3hvSY7m3v8ATYrj/S/t8d1F/wA9f3v2r97/AKr/AMhfuq6T9mOHxifE9n4jv4NN03+y7OXyZv7NtbGL7LFF5svm+VF/pf8A2182WX91X1aozjhfaU/iPp8lyjBUsWoOr7nc+pP2OfgnrepHR9U8Rz/6ZYeVJ/wkP2Pzbr7L5XlfvZZYvNl8391F+9/dSy19AfGDWfhX8E/AdxfW9/babcSw+ZZ/2fZxebLLXh9l+054c+G/hGP+yvL037L/AKN5PkxSS+Vdf63yv+mUXm/av/3tfEn7dX/BRLTPifqV74JthHbCHyraExTfuov9VFLXy9WnmOZV+SWx+y4d5VkmD9pS96XTzPnv9vz9rjV/jr4zuIpvt1tHFec2n2z91L/qv+WX/PX/AO21866X4z8S+G9et9esNX33FqP3P2uHzfNi/wCeX/TWLyqXx1qmqalCYtZ/fyWZijE8v/HzFFF+68qSuUtLoi6jghgk/e1+h5Rg8PSoqi4aHDh8diK1f2zlqfef7E/wl+HOv+Mre+8HaH9pk/dXMNpFN5n2CXzbWWK6tvN/exf6qKL/AKZf6r/prX7NfB34C6R8APg3Z/B/w09voGqapP8AbNStNvmxS/uvN/1v/PKL91/6Kr8xf+CGPwB/4TDxTZ+OPEQlubPRvNudNtIrPzZbW6/dfvf3ssvlfupZf+eVfpf4/wBG1SygttIi8bXetaTaD7FK16PMubn97debL/11li+zReb/ANNZf+etfnHHmOhRrfVaXwr8z9iyOnWhh/aVZfFrbysdjH4k8FfBL9n6/wDi34wubnTI5T5kOoxXcsflReb5vm+V/wB/a/mq/wCChH7ZXiT9s74/ax8SdXEb2HneXo+YYvN+yxfuovMkr9Iv+C6v7aviqx+DFn8DtE1yO2t7+z+xQ20P/LWKLyvM/wDIVfi9N9o/ef0r6DhbLaGGy2nU6yPz7OsS8ZmE+0SWwuGS5Dhuhr9MP+CQXi7RbnRpbGTRLPzoukzzXX/H1F+9il/55f8APKvzMtIjwPyr7H/4Jw/EaHwLfyQXMHlyNqP+u/55V6mdYZ1cLKET4vN8NRxCp+0/mX5n7f8Awx07wP8AHf4S6x8MvEc1tokd1NL52of88q9Q+CPwY8FfBnw9Z+FdA+IEdlZ20f2a4tYVEn22L/pr/wBNf9Z+9r5X+Ffiy303w5JewaTFLJLZ/Zv9d/x61JrHjy4htZPP8zy4ofLhhhm/5ZV+IZrhsZLEew5vcP2bI44HA5Wq/X8T7o0z4I/APX7X+wtJ1iIyRS+aInvPM8qovGf7IXhTX9HNnf6dp+rWcc8bxafqumxXsX/PLyvLu/Nj/e+ZL5pr86IfjZ8Tfhh4juNcsfEdjbWf2zzIZruHzPNi8qvqL9mv/gpNeeJ44NN1u+sr2NZfvW83mf8AbKvscnnmuX4WEF/DXb/In+08FjK3LTqrn/ldrnO/tK/BPwn8SnvNK+If7OXg+8uLbTvs+gz2GkxWV9oMUcX7qK2uoovN/dS+b/y1/wBb/wA8q+J9I/ZL+GXw9+0ar4x/ta2+y3n7q08PabLHFYS/uv3sv7r97F/qv+/UVfr7rGtfBT9oHQf7VstYE09rD+8utPuxHc2n/XT97Xw9+278W9d+AniDTvD3hbxN4ii8QfvY9JsoPD9hLLL5vlebayS/aopf3vm/6rzZf+WX/PWv1rhnxFxmVL6rTn8QTyKlj3zP3HH5P7z5fvNevvB2q6p8OPDljH4X8QX8MUcP9k6b5ljf+b5UssstzL/qvNi/5ZeV+9/dVwOu/tvWXwj1XUfDEet6tbaxdGK31W7ihlttTsP9VLLFcxRXUVrLLa+bHFLFLFL5UtrLF/yy82Xy3xJ+11oekeHNQ8D+G9JjtvtV5LHNaatZ2Ef2qLzf3un30v73/RfNlilii/e+VLF/y18qKWL5z8aLpmq+O9ZuNF1XUtS0+S883TbvVoYra+li/wCWUskUXm/vfKjl/wCWvlebL/ra/Scthic0xH1mv9ryOfHZzPKaCoU5p8v9IufGD4qT+MfG/iCeCx+zXF1NL/z1/wBK8r91/wB/fK8r/v7LUep/bZ9B/wCEjsNW82O6h8v99+6ubX/VRf62qf2OeGaTz4LK5t7qbzPOh02KKL/pr/1yro9N8MT3ngr+1bGWP/QJvL+ySzeVJ/qvNll/1X+qi/6ay/vZZYvK83ypfK/TsFTo0aaufn1fPsyr1/dqfjcZDqU9npfkTXHmSXXSGb97/nyv+/tdRaXljo8VvfCxi+0ed+5i+x+V5Usv+q/e+bL/AK2ubmh+x3Wn+ffeXHLDdSHyrPzZYov3trFF/wBdf3Uv/f2tTw3D9jsP7Vt4Ps0d1Zyx/wBozQ/uopYv9b5sv/PX/wBpS+VX22GxVFYf2Z51PGYuVSUnUPpT4NfHLXfAviDw5f3X2K2SHVov7SSKzluZYov3X+s8391/z1l8ryv+Wt1/zyi8rtvjN4n0L42eHoh4v1rT9NvIraWTTWnktbaKK1l/5ZS/6qKb97/ov2WL/VeVLL+6/dRS/NOm3mh2ei2/2ie2uZP7S+zf2Td2f/LhFF/rZZf+ev73yv8AtlLXT6d8Z7yw1PRNR0wJY28d1a3OsTrNLH9ouv3UX2uXypYpf3svlRRRRSxSxRf6ryq+UzDKKOL56vU+5yTPpZVVhTv8dnL0/wAzgPFXw38R+D/tGlX0NzbXks0XnaTq00sUvmy/6qKLzf8Anr/yyl/deb/21i83h7zTbDGofbtKjsfsv7yaW7h+zS2v/tX/AFX/AEyr6U8SXk/xg0q48R/aIYtQis/M1LUZfKiitfN/exfafK/4+/Ni82Xzbr97L+9/1sXmy15f4w+Hn9j3cl9rtlc6R/YM0vkxRWf2b7L/AMtfK/1v7qKL/W+V5UUX/TKLzfNr8S4ly36nieVn3eMpU8eo4ijL3D5oaRribk13fgv4Zaf4z8O6prek+LbK21TSvKl/sO7hl82+tf3v2qWKX/VfuvK82WKX/llL+683ypa4ixeFZfJnlEfP72u3+HBttC8XW99qnmyRxTeZeQ6f/rbq1/5a+V/2y/e/va+DVLU/nXL6dOWItOPumX4P0eefVJNBng/eXVnLHD/11/1sVekfB/wpY+JLC88Kz6VLc6hLD9p02byfL8ryovNl/wC2X2XzZf8Atl/11800fw3/AGDrNvoc8Eet6fLNFc6b/wA/UtrL/qpbGX/WxSxf88v9V5sX+q/e16h8K/CtjZxW9jb3FzL9qvIvserad/rYrr/l1uoov+ev73/VS/upfN/1v/PIxFM/Tcg4XwbqKtKXulPwpo99qWoeH57G+li1y1h+0w+T+682WKXyvNi/55S+b5X+f9bsfHjUrHR/h9b6Vqtj5VxYfZbbR/Oh/dWth5uoX91a/vf+Wv2q5i/8ixf8spYpekm+G48SaXefYZ5LbULrR9Zuf7O+xyxRS+Vay/bpbaX/AKZS21j9qtZf3sUv/PX91XB/tOw654ql1C/12x83zbyXVpoYf3v726/0q68r/trLcy/9/a87DL22L0PtM3oYPCZTOjT97mPJ/h94wvtA8ZR+OLGxtvtFheeZZxTTS/8AH1L+6i/7axf62L/rlVfR9Snm1TyLCfyo4pvL/e/vPKrU8H+G/Jikn/ey/ZfKuf8Apr+6uov/AI7Vjwf4a0PQfEn27VZ5bKOK8upJporOK5l+y/62L91L+68ryv3v73/llFLL/wAspa+kw2T1sQz8bw+TU6leXOrHvfwQ+BHgjx/rseo/FPxpN4e0eLT5L3WNVEP+lWFh5X2+21CL/rrdWP2X/t6i/wCesVfKnxft508VXmnWOhw21v53mf2TafvIrDzf3sUUUv8Ay1rrPGXxCH9qf2FpOlfYbeK88zzfOlk8rzf/AGl5sVYlhovmabealrXmyXHneVNFN/y1/wCeXl/9Nf8AP/LWvoamW4bD4ay+I2z/ABuWYXARw9GHvx+0YXnXP2W3/ey/vev76tCHxJPZxf8AHlH/AK71lo1onUDHf583zP8Alt5Pl+bUfh7T7/VZ5bKyb/Vfu5/+mVfMYmp7GofnlLFY2c7RO58L2Oq6n4EuPG+ua3bW2h+EprWy/s77Z/pV/fy/apYvKi/7ZS+bL/yy/wC/Vcr4f+MOreGdc1jVy3lyND5cP/PKKWX91/6K83/v7XrHxE+E/wALNH+F3habwF4uuL3xBL4dutR8cafqEXl21jcxXUsUUVt/z1/dRRy/8ta8I8c+DbzTNZkgihj2Sn/RDEf8/wDPSnhcdSjDmPThiq+DxEefex9FfAP9pvwrf65p9t4gWOGOXWIpLyWK8+zfuv8Alr5Uv/LKWX/nr/yy/wBbXp3xZ+AMGpeCJPjh4c8r+z7+8ltpovJ/deb5sX7qL/plF5ttF/11li8rzf3tfBGh319oVzZzw/u5LXUopPOh/wBbX0d8CP2q9J8LWln4G8Z3O7R/7RurdpZh5f2XzbWKKKWWX/lr+9ll/wCuXleb+9llr1qOY2hz0/iPtMozujGElUXvPqWdH8YWMMl5pV/PcxaXdeV9smmm82W1/wCeV1+68r/llLLF/wBta5+b+3JvGUehz/uvNvPLvP8AnlFL/wDuvK/eyxV0HirwHPqcn9q+FoJfsf2z7NN5UMUvlSy/62L/ALa+V5sX/PWqdpDY+G7+3n123ljuIv8ARry0mh8qX/rlLXFj8b9bp8lQ78U8NJwq1Zan6CfsYfsh+Ovj3cf2J4u1+2iki0eK9mu7v/n1i/1UsX/TL/Vf9sq+e/2uvAeq/B/xn/ZWuT/6ZdebbeJIZv8AVWEXm/6r/trF/wCQq2Pgn+2ZrnwHht/FPg6++zXnnfYv30P/ACyl/eyxf9+vK/7+y+V5VHxm+IV7+0VFqnxbvrG2uZL/AFK/k1i0i/8AAryvK/6a+VL5X/XLyq+fwWF9niub7Iq/FGBwsFHDRtL5fmfK/iX4neKvCt1/oM0kmqWtnf3N5503/HrdS2sVrF/21iiliupf+2sv/LLypfuD4Y/GCD47+HLOcX0dtqEWm38fm2n+q0uKxiiutTuv+mvm/wCjRf8ATWXVYv8AnlXw/wCJfD9/b+NtU0uGaW51i6s/tGsTTf8APX/j6ll/8hRS/wDPL/Ra2PhL8VP+EWupNK8KweZp+l+Vc6baXf8ArdZltbr7Va2lzL/zy83yvNi/5a/2VLLL/qq9TG5ThMXT/dn0+R8bYPFz9nU+18R9oeCf2tP+Ek8bR+I/FX7rS9U02w07TdPlm/dWGlxReVa2sUv/AC1li8rzf9V/y1/e/wCtr6M1v9nu5/aG+DmpeMfC+tQat/Z1zF9l1u1n8y6tv3sXmxf9sq/OvwTrGlazdXmraHfyalcfY/7ahu5pv+PqWKKKW6iii/69fKl/eyxfvZZf+mUUX3J/wT+8XXVpcaxot9rdzLpd1qUX2yKKaX7LLFFay3Xmyy/9cpfNir8xzjAVsJW93oc/EfCOBzpe3w+39bmHP8B77WNB/srVrD7bceT5f2uaHyq8z/aI8Q+Fv2a/hrZ2uj63bS6prN5LFNFrdn+6itYv+Wv/AH9r748YfFTwBqWjSeHPB19FZW/nfvru0m8r/rl5UVfn9/wU5+G91rnhq4tIobny4tMiuLOXzvN/e+bXZk2by9p7CtE/nHN+Gcyy7M1yy9y+p8RfGX9qTX/HetXlv4dl+y6fFDFHZxR/8tfK/wCWv/oz/tl+6rwnXftGpXUlzfTySSS10g067tnngnt4/wBzF5jcy/8APWKP/wBqR1QubzS2KTxWcfl+d+9/c/8A22vt8PQpOH7s+loVa7lGD2Nf9ob4MeLPBfhfwX8TvEXiPTtb0z4ieGv7Z03VtJu5bj975vl3Nrc+bF+7uopY/wB7H/01il82XzK8q+Hvg/XfiB4907wP4csTc3l1dxRxQxf8tK9K8TWGq+L7Tw5rOl+DYrbT/wDRdF/0TzfKlv8A/prLL/y9S/63/trXv/8AwTy/ZqOj/Eyz8a39xHBrF/N5fha0mh8uWXzZZbD91FL/AM9bqWKL/rlFL/210xHtMDgvan6ZwzktTH4yGnuH6if8E9/g/P8AAz9m+4u4NRhNpqs8um6VDLD+9vpfNl83/tl5sflf9ustdh4c16fxjYXnirXDqUkcv+m3l3pP7rzfK/56xf8AkXyv+mtWPjlH4d0b9n+38I6J4ynvtK8OQaXZTWWt/wCnfaYv3Xleb5v/AFyiil/e/vfNlrwf9or4wa5+z5+yNHqovtNudQ1nUvts39ralFZebLL5Ustr+9li/e+V+6/+21+AYzEVs84hjDrzH7BmUsNl2TTb+zp/kfmN/wAFf/iwvxK/aEWKyuY7nT9Ng8uwmEPlSyD/AKa/9Nf3dfHH/LX/AJZ12Pxi8czeOPGN5qckckfmz8xyTRSyR/8APT95F/ra5PTLOa8m8iEfvPOr95jSjSpxjCHupI/E4c/NzS6l7R45J5Q4WMxxdOK+uv2C/A97qPizRnWOQRrcveXkwh/1UUVcf4E/Yt1dPhP4f+K+q67pryeIzd/2fo0nm+anlS+V5ssn/XWT/wAhV9gfsjfD6y8LTx+HfC9/5p/e/bLy0hlj/wC/VeHnOOdLDTPMxGHxFTH0oSpvk5j63+D8NjeeEv7V8/zftU3meVL/AMsov+etYfj3xtpOhWv27z5fL879zDWp4qm/4RXwj5899FLHFD5cP2vyov8AyLXwn+2T8c9V8bXlx4O+0XNtb2s3lzafEP3Uv/bWvgcqy+pmGP8Aa1PgPY4lztZbg/YUi58cv2utV8a69cWGlX8senxTfufK/wCWv/TWvDfEf7QHjrwd41/t/wAKeJL22uLWHy4ZYpqxLFjeTG3gPmZH/PH/AKZS1x+vu73kjzXPznvX6rRpYWlQ9lFH5Pg8Xi3j/rLl7x+jv7J3/BUHVW0K3u7/AMV/2brlpeeZNNDD5f2X/VeV+7/5e/N82XzYv+mX/LKvpD9or4s/DD9qD4eaha+LoNEk1jT4fK1j7XefZopYpZZfsEv2n/lj5v8Ayylll/5epf8AW+VX4p6RqJ0bS7jyZ7n7R537nyT5dfVn7NP7Vw0fwHb6Vqt9Fc6ho15dSWfnebFFFF5X+tli83yrv97cyy+VL/z6y+b5sUvlV4zyehQxkK9L4uY/asi4udWh7DE7fzHz3428K6r4V1n/AI+LmSz1T/ltd2cX+t/55ebFLLFL/rYv3v8A6KrpPDfgPW9B8Gx65e6V5cevTWv9m3d3Z+ZY3UXlfvf3v73/AFX2m2/1X72LzYvN8r/lrofGzxJY3vjOz0PyP7S0v7H5Vn+5sLLU4v3v721+02kXlXcX+ql/exS+V5v7qKL/AJa+h6Zq/h3TfBun6HrniOWK81nR/tOpf2T9q+3RfapYpfNuba78qLUPNtYoovKtfKil8q1lllililr9wyPNH7KnHlO6OX4TH1J1Of3Tyzwt42spvGVmvirw5ZatHazeXNa6tD5cUv8Ayy/0nyvKl8qWWX/rrF+6q14+03wlpmlWWq+CPtvmy2MsfimLWvK8qK+82WWKWPyov+Pa6sIraX/nr5sV1TdS0cWfjfS4PAEH27VPJ8yzitNNitrq1l82WK1i8r/lrFL5VtL/ANMvtXlf9Na6D4Y/CTxHr3je48N/8IrFZWevaP8AZ5tOu9YtZJYoopf+Wv7391F5vlfvf9b/AMsv+uv3VfEUpU41E/hPLjw1Jy5af5Gt47/Zr+LfhT4RyfG34k+HPs/76LTobSWzl+0i6lutZtZfN/55eVdaJcxS/wDXWKuJh8VT6lo2qTz6VFff2XZxW+jxS/vf3t1/pV1L/wCQpYv+3qvrv4h/Cz9pbx7oUl78WPiloGrWX9pS6jqWnaf4itb21sJf3Ut99pitPN/dSy+bdS/88pfNl/debXzh42/Z7+I3w3tdUvtDgtr3R7W8i87UdJ1iK+i83ypfK/exf+Qq87KOIMRKs4V3qcOZcKYzBLnhqjg9e8QarFZ3DXBMkl1D5fm3fm/63/Rf3sv/ADy/df8AtL/nrUnh7xJdTT6XFBbWsK35mjhu9Rgll8rzbqX975csvlS+X+6l/wBV+6ltYvK/e+bXpDaT8OPEHwP8T2lxpj6l4l0bVtOg0mLzpfs+l29z5kupapJF/qvtP/Et0+w/55eVdD/Wy/6rhBoU89jcarf30dzqnk+beQyw+b5X73975svm/vZZZfK/7+19LgM7niqtWHJsfG4h47DyuviN/wCH/wAWrjwpDHNrk/8Ax4Xktz9k/wCWVra3X73/AK6zS/vfKl/5a/8AHr/0y8rsPGOmz6z4Xk1yx+zW0lrNFZTTXf7uWWK68r/W/wDLWWLypYv3v/LL/nlXieqX82n+IrOYWkUlxdQxR+TLD5v/AG1l/wCev7r/AEr/ALZReVXUaD43ngsNUt559S8uKaXybTTpvLll/e/89Yv/AGr/ANMv+2XwfF69tVP2TgHNpTwro4qPuy/M8H0fTf7Suo8XH7vzv3003+qirvPA/g+fzrf7fYeX5XlSeTN/yy/1UXm/9cpZf/Rv7r97FUfwr8Hwana+fpVjcy3EX+kw6jDN5XleV+9l/df8tf3UUv8A5Cr6c8N/Bn+wfDln4/g1y2jt5fNlhu/sf7qLzYpf3UsXlfuvN/48JYpf3Uv2qL/WxS1+S/WaVL4z5vJcmoVnKpI4f4e+D7C88OXkE58q3im/cw6tN+6tZf8AVfvZf3X7r/l1l/1X/LKX/prWgbzxiPFNvcT+bF5U32LXodWhl8r97L/qr6L/AFX73zZf3vlRS+b/AN/a9w8N+Cfh1eaN/wAI5DoepaT4g8mWTXrTyfNiitYv3UX2aX/W+bFLF+6l/wCeV1FF/wA9fN5/X/Cuh6be6fe+HIPtNnFZ+XNL9j8uKW1l/deV/wBcv+WsX/LWLzfK8391FXnwxPtans+U9vEU6z5FSn7kTsPgzDqvhuW41W3gjubyW8+06l/a3+qurq1tdQi8q5ll/wCnWW5ill82KXypYpYpYq7DxN+zXN4o8OWb2Xgf7TcXU0sem2n+qlv/APnrpXlf62LU4v3v/LWW1uopf3svleVXP/Afxh4Og+LVvP4hsvMsLWG1uf7Pi8r7TqkUUX7ryrmWL91dRf8ALL/Vf6qX/nr+9++Pivf/ALM/xW+EWh3fh3x6vh3/AIWKj2ukeJNOhNlptwkdrJL9lvbeaKWK3eSH939luo/Llx+6ya9vA06OFq05OG59Rh4U62DUJy+I/I/4kaPY2fiOT4c/DLQ76+1C/hitoYrTyvt11YebFLa/YfK/exXUUUXlSy/8tYvKli/dVw/iqDwP4V+Htxqs/iq2vtQ87zLP+yZvKiuv3ssst1c3N3FL5ssUvm2v2Dyoov8Aj6lil/e/vfoDxJZ/CvWNek0PwrPe6vcRaPf+T/aGg/brGWLzYpZfNtruK6itIv8AW/urDzfNlii/1XlReb5va/D3xToOtahB478Ra3ZSSjyryHMtzLYeV5sXlS+b5X9oXX/PKX7VFFFF+98r/l1r9Er140qcPZUz43NnSwdOoub3v60PJE8K28VvfarfafJbS2t5FbQxTQ+V+9l/55RSxS/uv3Uvm/vf9bLF/wAsvNqprVpdeJL+40vwrYfZo/J8vzPJiilli/6a+VFF/rf/AI1XpWj+D9D8SeI5LE/aYo4tBurmG0tLOKP/AJZSyxeV/wAsvN+1eVLL/wA8opZfK82rl548g8YePNQ1XQ/CttptxdQyxwy2mmxRRWEUsX7qXyv3X72K1/df9svNr5HMsZW9qflVTC4rMcX7pwfwz+Fc+u+HNQ0LVD9nktbyKT/S/N821i82KL7VL5X/ACy/+OxV0GveCYNBMk66Vc/6fDFbQwzQ/wDL1ay+V/6K/wBbF/z18qvXP2e/2e/ib4k8SXH2fw5q1tHLr0Wgw/6HLL5WqXX7r97/AM9YvKl/ey/8svNi/wCev73h/GHiSxm1TztD0qWOTQbOWSGHzv3sXm/8ev8A118qKLzfN/56+bXy2NxP/Ls+8wfD+GwOAdar8Zx/irUvO8y4E8ktxLqXmQzQ/wDPKL/Wy/8AtWs/VfDkHiDwbHFqFzc/2hYfZbaztPJ/eyxeVL/6Ki8qL/v1VfUtYnn8JaffX0EsUl/qXlzRf6ryrWXzYpf+/sssX/gLVOy1i+8N6Vb6tcQSyebDL50vnS/6V+6/e/8AbLyq8mXvvkgfIY3DUpVvaVDze90aeGW8sYD+8l/eTVj6xZTwyRwwW/meb+8/7ZV1njC8+26z9v0qD/W2cUk3k/8AXL/47XL6xNfCWT/W/wDTaavbpVPY0Tyv+Xv7s9g+A37RX/CES3Gh+MdKi1fR7+zurKaH/lra/uv3UsUv/LKXzfK/e/8ATKsuz8Sa5Nf3F99vluZPO8z/AK6/5/1teb4n0yaPMH7yX95WhDeX8F/+4Eskf/Patbe1XtDsxWNqVsJ7Lqeka94qvrzS/I8/zP33meTNVjwR8X/Eeg/Z/sXlxXEV55kOoxTSxXMUXmxf6r97/wBda5O88ZQa9pkljPbSfbIvNkhm/wCWsv8Aqv3X/XL/AFtV9Nhvp/3/AO88uuWmqsKp8t/tFFe8egax48vvEk2satYWNtpses3nlw2mnfu4rC1/59Yv+mX+qi8r97/qqwxZ6te+MpIDpUkVxLNFH/Z0Q8v91L/rYv8AnrF+6/8Aav8Az1qvDqUFnoNx/oMvmfbIv+usUVdx4b8ST+JPFtxPrtjFHJfzfaP+JfZxW0Usv+t8ryovKiiirp9pW+wdOHxrw8XVp/ESfBPxJ4q8K3/h/wAR6VYxSf8ACOax+5u9W/dWMsUsvmy+VF/y1iil/wC2sv7qKvrf4l+Km+FnwPs9d8Oa5NbfbfEN1eSRSgxebFYy+VHFK/8Az1829vZZf+evmxy/vfK/dfLnw48IeJNZ1q3v7i4/0i7hisoYpv8Al1i/ey+b5X/TKKL/AFX/AFyr0z9oTxtY6l+z5cHQ7G5i82b+wJvtcP8Ax6y2Hlf9Mv3Xm+bbf9NfNtb/AP5ZS/vfGxeC+tYmEah+6cNcUU4ZFKU/i5fXUp+Ff20/Eem+N5ILi+ufsf2OL7HFNN5ksUX2WKX/AJZf62WWX/0V/wB/fujQb3Sv2qP2eNY0PyIr3ULrQZZIfJ82T/ll5svlRRf626/df9cv9V/qq/HfXvEn9g+I7yfVf+Pj/WXksP8Ay1l8qvuD/gm/8coIIdD0LxFpcsun6pD9ivPtd55UX+t8qKL91+98r97F5svm+b+9/wCWVcGcZPRw3JXp/ZPj54ulmONj7WG54L+1T8PpfDcfijStMlMkuvWcWfsh/wBVa2ssXlWvm+VF5sX7uOWX91/rYrX/AJ5V8+6D8PtV8SfD6TxkIJY/ss3+t8n91LFF/rfK/wCmsX7qWX/pl/21r9GP+CinwHvv+Ejt/Ec+q/8ACLW8sP2fTf8AiW+bF5t1LL5UX7r/AK5Syy+V+6ii/wCev/LXi/gP+yjqug+CLjxx4/0r/hH7fw5NFqM3iH97bWt/Fa+bL+9/deV5v/LKKX/nrL/qvKr2MrzKjDCxkfa4Xgmji6ntqfwHi/7Jfwr8K6z4c1zw54x0KLVrP7Ha3uvaT/aUsX9l6pFLLFa61L+6lil8rzbm18r/AKevN/5ZV7p8K/B+u+Ffi1/wlVhqut6Tpeg2eqW0Np53mxfapYovKitraX/rlL/yy/5617B+zr+xPpfw+8J6X8aJ/HEstvr3jC60rw3d/wBg/vItGuopfN+0xf8APr9li/8AIv8A398/0f4teANYl8QfYZ7mP/hX3hW/uYdPl/4+pdU82Xyov+uUUVzcxRf+Rf8AlrXzucZzWzFzw9PTlP0HLIYLh/D8m7f5HuHxC+IWlCwj0PVYJbG8sLzzNSl0mb91ay3UsX/Ev/e/63/Wyy/9MvKir4i/4Km/tv3njHS5Ph14ZSWSzv4fLP2qz8v915X/AC1i/exeb/q/+uX73/pr5tTxh+1pb/Fr4R+MJ4L77F4gl/4m0MP/ACyuorqWKK+i/wC2Xlf63/p6lr5T8WeLde+L2oeJPENxBbfY5ZvtM3m2drHLF/yy/dS+V+6/5Zf6r91LXJwzwpSp4367U8z5bibOaWKh7Gn5Hj9lpF/qMkkEHX/lrX0v+yJ+zd4P1lLzx58VtUudN0uwguvJENn5kt1f+V/otr/398v/ALZebWB4J+D99o+l/wDCWX2h3MVnFD9ph86H/W/6397/AOQpf+/VesDxL4ci/Z+vNC0rxXcxapdeKovtmnXem+X5vlRS+VLL/rf3v72X/Vfupf8AlrX3mKxVGkvZ0zy8lyyhT/fYp/4Y9zY174wWN5rNxodh4V/d+dL/AMS+0h8yKX/VRf8AtKL/AJa19IfsQeD76a6+3X1hcyXkVnF9slm/ef8Ao3/lrXyP4D+Huua9rOjz2N95X2+b+0bz99L+6ii/56xf9sv/ACFF/wA9a/QT9nXw3/wr34X6h8RdW8NXN9b2s3lw6TF+8luvN83ypZf3v/LL91XwedzrV4ezhA1znNsJKopctrHN/tyfED/hD/BH2fSr+K2vP+eXkyyS+V/2yr4E8V+IbnxJdXGoapDbSSf89YdNii/9pV9F/td/FPUfif41s9Km1SOxuJf3ln5M3+ti/wCWUUX7rza8r174O6vo2k6hL4ofypLA+XN/11/debFWuUYf6tS5ftH4DxLmrxePPM7T7fd2slvZ/wCrim8y8m8791/zyrn/ABJZWEF15FlqttfR/wDP3aeb5X/kWKKvULbxBqNt4XvPh14ZSRI9bvIvt1vE/wDrfK/1UXmf9tf8+VFXJ67o9ho+p3GhWOhxXMlrN5c13+9/8hV9FB0/aHFhcQnDSJ5/HYz3cuP+m1dR4Ps9c0cR6rpf/HxFeRf6mb97F/01q7oXhJr7UpFNvLxD5kte/wDwN+A8+papp9jBPbW1xqnlR2dpafvJZfNl/debLL+68r/trFW7xNGijvw+Jqupyo8n8N+G7GGW4sdVt4r2SKzlkhllvJf3Uvlf9MpYv8xRVc/sfXPFfiS4n1W4+xW8v7yaX/7V/wB/f3X/AF1r7A+M3wT+BHwl0uTwBffEDTf+Eol1L7Nead5Pl/ZYrWX/AFXm+VLLLdS/upfNi8qL/WxfvYvKrxfUvAc+vWGofEfwrYyX2n/8e3+iQ/8ALX/nrLF/6K/65RebXp5JnNq0T77LeIPqklRUebudZ+yjD8HfN0vwdquuX195WvS3MN3qM32b7LL+6/exWP73zbryoov+WsX/AKNr9JPhr/wTx+DXw2+EsXxY8BeGbC21K9vZL3Q7eG//ALTsIo7ryZSby4ijMd0JJY4pYvKi7xDPlAyxfjf4J8Y3Hw3u5LfQtcvorz7ZF5Gkw3kv73/tlL/n/plLX6H/ALHn/BSTW/DOp+F/hT4t1XUr3Q7rWLq21j+0IfMiuov9V9l/1X72L97/AKqX/nrL+6/1VevnmZ46FD2lCofp2X5zRzXC+zoe7OJZ+KngPxxpvjePxHfQatJeRTfaYYbSb/Vf8tfKl/1X+ti/1X+t/wCuteB+NvC2uQ38euHypdQtfK/4qyKHy4r+1/1trFqcX/LX/VSxeb/rYpYv3v8Ayyr9FPEvjf4O/tJeGLPxL4U8HXMt5f6X/at5pNpf+VLJ/rf9AikiHmxeVLY20UUtqf8Al/8AN/1R/e+B/E34KW/jKy1zwfbi9tpLWb/iceIdR8N/Zpbr91ay2v2b/RYvK/1v/H1L5UvlRebL5v7qKvDyviPGyrar3jariqlKipVPs/1Y+GdJ8Q6BpFv4v0nT9D8vVPFUVhpVtd3c0XmxWtrLFfy2sv8A01lurHTf+2VrL/z1p3jb9nuDwf4D8P8Axi0qxludD1SaWO8u5f8Anr+6/df9Mv8Ajxuf+ev/AB9Vyfx48Uw6D8RvsOmT3t9p9/8A67yYfLuYv/jsv/tXza+k/wBm/wAAX3xj0lvhdq2kX+pxw2/23Uk0fzYxc3/73yjH+68q083yvK8397F5vlfuv9VX6fhs2lhqSxEP+3x5FlWXZtXm69O3NsfKHir4YwaPpXkeJoPL+y+bZfa7v91/pUUsv+ql/wBV5sXm/wDPX/nlXm/jbUr7Tb/UIIYPsMl1eRSXl353l+VdS/8ALLypf9V/rZfN/wCmUVfVn7XXws0r4PzXGlf2VqX2iW8/sXzbvTZba1l/5a+V/qovKi82WX91/wA8ov8All9qlii+P/jB+/v9Q1XSr6XUrf8Atj7TN9rs/KupYvNi/wBbF/z183/tl5tLNs0o5hRhUpnt5pkmBymlegf/2Q=='}}]}], 'model': 'qwen3-vl:8b'}}
2026-06-26 15:28:15,768 [DEBUG] ThreadPoolExecutor-0_1: Sending HTTP Request: POST http://localhost:1234/v1/chat/completions
2026-06-26 15:28:15,798 [DEBUG] ThreadPoolExecutor-0_1: send_request_headers.started request=<Request [b'POST']>
2026-06-26 15:28:15,829 [DEBUG] ThreadPoolExecutor-0_1: send_request_headers.complete
2026-06-26 15:28:15,845 [DEBUG] ThreadPoolExecutor-0_1: send_request_body.started request=<Request [b'POST']>
2026-06-26 15:28:15,907 [DEBUG] ThreadPoolExecutor-0_1: send_request_body.complete
2026-06-26 15:28:15,923 [DEBUG] ThreadPoolExecutor-0_1: receive_response_headers.started request=<Request [b'POST']>
2026-06-26 15:28:22,985 [DEBUG] ThreadPoolExecutor-0_2: receive_response_headers.complete return_value=(b'HTTP/1.1', 200, b'OK', [(b'X-Powered-By', b'Express'), (b'Content-Type', b'application/json; charset=utf-8'), (b'Content-Length', b'1701'), (b'ETag', b'W/"6a5-80Tx0rZV1mPZ/pTrg39+mNYpRB0"'), (b'Date', b'Fri, 26 Jun 2026 12:28:22 GMT'), (b'Connection', b'keep-alive'), (b'Keep-Alive', b'timeout=5')])
2026-06-26 15:28:23,000 [INFO] ThreadPoolExecutor-0_2: HTTP Request: POST http://localhost:1234/v1/chat/completions "HTTP/1.1 200 OK"
2026-06-26 15:28:23,016 [DEBUG] ThreadPoolExecutor-0_2: receive_response_body.started request=<Request [b'POST']>
2026-06-26 15:28:23,032 [DEBUG] ThreadPoolExecutor-0_2: receive_response_body.complete
2026-06-26 15:28:23,047 [DEBUG] ThreadPoolExecutor-0_2: response_closed.started
2026-06-26 15:28:23,063 [DEBUG] ThreadPoolExecutor-0_2: response_closed.complete
2026-06-26 15:28:23,094 [DEBUG] ThreadPoolExecutor-0_2: HTTP Response: POST http://localhost:1234/v1/chat/completions "200 OK" Headers({'x-powered-by': 'Express', 'content-type': 'application/json; charset=utf-8', 'content-length': '1701', 'etag': 'W/"6a5-80Tx0rZV1mPZ/pTrg39+mNYpRB0"', 'date': 'Fri, 26 Jun 2026 12:28:22 GMT', 'connection': 'keep-alive', 'keep-alive': 'timeout=5'})
2026-06-26 15:28:23,110 [DEBUG] ThreadPoolExecutor-0_2: request_id: None
2026-06-26 15:28:23,126 [DEBUG] ThreadPoolExecutor-0_2: Raw LM Studio response received for F:\kuvat\test\758266ddc3674a84ac3f89a39641681c.jpg
2026-06-26 15:28:23,450 [INFO] ThreadPoolExecutor-0_2: Successfully tagged 758266ddc3674a84ac3f89a39641681c.jpg with ['Artwork', 'Jesus Christ', 'Vaping', 'E-liquid bottle', 'Smoke', 'Digital illustration', 'Religious parody', 'Long hair', 'Beard', 'Blue smoke']
2026-06-26 15:28:23,465 [INFO] ThreadPoolExecutor-0_2: Processing 89a2b4b4055943e8a232001d82ccd83d.jpg
2026-06-26 15:28:23,559 [DEBUG] ThreadPoolExecutor-0_2: tag: Software (305) - type: string (2) - value: b'\x00'
2026-06-26 15:28:23,559 [DEBUG] ThreadPoolExecutor-0_2: tag: unknown (40094) - type: byte (1)
2026-06-26 15:28:23,574 [DEBUG] ThreadPoolExecutor-0_2: tag: ExifIFD (34665) - type: long (4) - value: b'\x00\x00\x002'
2026-06-26 15:28:23,745 [DEBUG] ThreadPoolExecutor-0_2: Requesting tags from LM Studio (qwen3-vl:8b) for F:\kuvat\test\89a2b4b4055943e8a232001d82ccd83d.jpg
2026-06-26 15:28:23,855 [DEBUG] ThreadPoolExecutor-0_2: Request options: {'method': 'post', 'url': '/chat/completions', 'files': None, 'idempotency_key': 'stainless-python-retry-04daea47-83b8-4155-8bc3-b62af23d093e', 'security': {'bearer_auth': True}, 'content': None, 'json_data': {'messages': [{'role': 'user', 'content': [{'type': 'text', 'text': "Analyze this image, which could be an internet meme, screenshot, artwork, or photograph. Extract 6 to 12 highly relevant keywords. 1. Always include the image type as the first tag (e.g., 'Meme', 'Screenshot', 'Artwork', 'Photo'). 2. If it is a meme, identify the meme template/format, the main subjects, the core vibe/emotion, and 1-3 key words from the text. 3. If it is a screenshot, summarize the main topic or software shown. 4. All tags must be strictly in English. Do not use any other languages or alphabets. Return ONLY the comma-separated list of tags. No introductory text, bullet points, or quotes."}, {'type': 'image_url', 'image_url': {'url': 'data:image/jpeg;base64,/9j/4AAQSkZJRgABAQAAAQABAAD/4QBIRXhpZgAATU0AKgAAAAgAAwExAAIAAAABAAAAAJyeAAEAAAAAAAAAAIdpAAQAAAABAAAAMgAAAAAAAZKGAAcAAAAAAAAAAP/bAEMAAgEBAQEBAgEBAQICAgICBAMCAgICBQQEAwQGBQYGBgUGBgYHCQgGBwkHBgYICwgJCgoKCgoGCAsMCwoMCQoKCv/bAEMBAgICAgICBQMDBQoHBgcKCgoKCgoKCgoKCgoKCgoKCgoKCgoKCgoKCgoKCgoKCgoKCgoKCgoKCgoKCgoKCgoKCv/AABEIAaABoAMBIgACEQEDEQH/xAAfAAABBQEBAQEBAQAAAAAAAAAAAQIDBAUGBwgJCgv/xAC1EAACAQMDAgQDBQUEBAAAAX0BAgMABBEFEiExQQYTUWEHInEUMoGRoQgjQrHBFVLR8CQzYnKCCQoWFxgZGiUmJygpKjQ1Njc4OTpDREVGR0hJSlNUVVZXWFlaY2RlZmdoaWpzdHV2d3h5eoOEhYaHiImKkpOUlZaXmJmaoqOkpaanqKmqsrO0tba3uLm6wsPExcbHyMnK0tPU1dbX2Nna4eLj5OXm5+jp6vHy8/T19vf4+fr/xAAfAQADAQEBAQEBAQEBAAAAAAAAAQIDBAUGBwgJCgv/xAC1EQACAQIEBAMEBwUEBAABAncAAQIDEQQFITEGEkFRB2FxEyIygQgUQpGhscEJIzNS8BVictEKFiQ04SXxFxgZGiYnKCkqNTY3ODk6Q0RFRkdISUpTVFVWV1hZWmNkZWZnaGlqc3R1dnd4eXqCg4SFhoeIiYqSk5SVlpeYmZqio6Slpqeoqaqys7S1tre4ubrCw8TFxsfIycrS09TV1tfY2dri4+Tl5ufo6ery8/T19vf4+fr/2gAMAwEAAhEDEQA/AP1u+JmizWVtjT1fEX/PL/lnXni61dxySWWpQyTwJ/qvsU372KvXPiLHprW3nTXXlXGP+Wb+X/6NrwDxpq9udbkhkh/eRTcSw/u5a+J+s1vaezP2vIF9ew3JM0Ne8STwxR/8TyX/AKY6h/yyl/661y/iPXrbU7XyL6CW2uLX/Uywzf582KoZ9ayskn9oxxyS/wDL2Yf3Uv8A11j/APjVcbr2sWVnL5E8P7uL/U/vv9V/1yl/55Vr7Kr/ABDpzLDfVKJX1Ka4839+v/LH/ll/y1/6axVlw6xPZiQXwkubP/ltD/y1tZasXmsWM1r5B8ryv+e0P/LKWuf13UsQyT/8tIv9dWlOlI+LljY83vkmsalPDdW/2e+/ef6yzl/5+v8AplVObxtPexeR/wAs/J/czVy954lggik0q+n/ANHl/ewy+d/qv+msVY974knmmkNx/rPO/fQxf89f8/vaz+rfzmkMVyHcaZ42vrKKS/Fx+88ny5v+msVdJoPjC+mv42gnkjj/APIteL/8JhPFNIYP3scv7zyf+WVdR4b8VQfYMmf/AFsPlzTf9Mv8+VXbSPWweJPXNB8bT6P5ljoX7uSX93Z/89fKl/5a/wDbKpNNgmOoXGq6Zqclzb6neRW65mltrryov+Wv/XLzf+WX/PWuD/4SQQ6hbmf935v+k3k0X+t+1eb5sUX/AFy/6Zf/AB2u48N6xPo8P+nz21tZ+T/pkUvlfZYov3vmy+b/AOjf+nqKL/llX1GX4atPY+gVShGnzHoy65pwhuNLh1+4i0vzvsUv2Xyvt1/df8+sUn/LKLyqxPHXxEm8O6hb6HpHl2VxbzReT9kP7q1tZZf+/UsvmxRfvZf+mv8A0yqC812+EfkaHBfXOqf2bL9jhi8qO5li/deb/qv3UV1/x7XXm/8ALX7V5X/XLh9Sg1Txh4oksdKt5bnT7rzY7O707/l//e/uvK/e/upYvs3/AC18rzZZf+WX72KvpMFltb2ntD57G4mjRV4Fz4J+Cb69+z65fWNzHeX/AJVz/pf+tluv+Wtr+9/65fuov+mvlf6qKvpDwH4cj1S+j1spcyxwQy/8ekvlXNrFL5UssUsX/LX97LHLF/1y/df9NeL8B6FPplkgvpbW2iuv9G1e7+xxfZopYv3sUv7397+6/wCeXm/88pYpf+eXqGiTmx1WPwriWKSKSW32Qzeb5V1LLL/qpZf+eUUvm/ZZf+mXleb5Vc+NpHy1bFVapp6lYX17r1mkJubmMS/6uH91JF+6l/8AIUv7zyv+msVdNpU2m3cMehuRcyeV+5l8n/v3df8Ax2sZNQ0+606OOPTjPMLCSUyQwYJjklEtzFH5v+qlilxLF5v/AEzH/TWtnw1bXE1lHq2o3JSW2u5bkC1P7q6iki/1uP8AprF+98r/AJ6+ZXzlWnVueY60nozU0+2kOli819ALiS0Am8n/AKZxeZ+6/wDIlPn025Nx9hkvn+zxXkX77/lpL/0yq154srmT7R5Yjlh8yaL/AJZRf89aGu/NijhiUefLa+Z5v/PKX/nrXMafvuU0beS0ttLNnbL+8ii/0SGH/nlLXmfizQU8NeIReIsrW9y3+qc/6qSu+03UJG1KzubiPy2lh8uYeX/rJf8APmVF4r0K31G1uP30cf2WbzK4cbUOjLqzwWJ977R59o0o0R4768H+kXP+kSS/8+sVUPEEE+uXn9lxH/VD7Rcy5/5af/G61dYtBJE2u2yebPHB5cdrn/W+XUehaZBptn5E848z/j41D/prXkYiTPp6c1f2q+Iq2lrHo1vb2Omackt5Kv7z7X2/6ayf9/Kg1k2EmlyWerzXFz9u83+0ZfO8s3Xlf6ry4/8Anl/rf3Vct4+8Y+KNY1i4svD1r/odtD/pMsQ8zzZfSsjw34q1yzikvtVgkjki8r/ppLF/n97WuGx/2ULEZdia69oWPiFZw2ckkF9P5lxL+78qH/llL/zy/wCmsteF+MZreH9xezy/6n9zFDN/yylr1jxVe6VNpUh0u+8zyof3N3LN5X7r/ll5v/TL/rlXi/irQdcstZkgnsfLk87/AJY/+iq7PaYg+erYGt/y8OfvIZ8eQZ/+20Vc/rOmzw/8t/NrpPsd9Da/89R/zxrL1Lz/APlh+9rP6zWPDxOWnNzzTg5gqv51xD5nHmx1c1Kb1H0rLvLyeGtFjjyMTltYkOpeTNH59WP7Zh/57fpWPNN5tV/P9q6aeKPNqZTWNi81PEPkD/lrXN3lnfT3X/TSug02zuPsuZ54v3tH9meTLXFicyPTy3JKxT8B+G/9K8+fzP3UPmTV654Cs7iGXyID5n7n/v7XL+FbP/Rf3H+sl/101emeD9HsYbCOCD95JL/rvKr4/F1PbYyJ+kZRgvY0ixo8N9Z3/n2Pmfuv3vmzV2HgnTbfQb77dcTyS+bN5nmy/wCf9bWfpum+TdeQLGX/AJ6Tfuf/ACFWxDqV9B5f+qljl/eedL/6N83/AJZRRV9ZluF/c+0Paq7HYTaxYwy/Yft179ol/wCWX/PKqd5o4hikgggvY7f/AFkM0P73/v7/AM9a5eHz7O68ixgkit5Yf3M3/PWuk028gmlt/Onjk8r95/rpf3Uv/f2vSw37o8bE0/Zfwzn/ALFfTSyT3xk8z/V+bDD/AO0qp+TfTXX2EQRalbxf88bzyrmL/P8A21rvL2zgmi/f/u4/+nuziki/8hfvYqw5JoTeeQk8Ukf/ACx/0z/0VL+98r/trFXcclOdOe5yd7rEH7uCC+ufLl/5YxTReb5tZ+vTQf6gwf8ALHy/NtPNil8r/llXYTQwTSyTzzRxySw+X9rhmlj/AO/v/wC6liri/GGmzzH7Df28kUfnf6HaReVL5v8A1yli/deb/wBMv3UVXS2NaXsTl4devrPVft/n3MsksMUcPnTeX9qi/df6r/ll5teieD/jBf8AhW6j8jVZLm3ih/fRSwy/aov+uvlf62uDms55orjSfI823uoZftkPk+bFL5v/ADy83/VSxfuv3X/TX/v1c03Tb6G//tX+1rn/AF3+hyw/8spf+eUvm/8AtX/plWsfe2OmfsT6Es/GGleNpbPQtcsZPtEU0vnS+d5f73/47/5CrL1jRr7EfiSDVb6++yzeXpt3aTfvfN/55Sxeb5Uv+f3VfOf/AAtS+8LeI7zSrHVZLnzf+WMUMsUUtrL/AM8vN/dRf6r/AD/qq9o+Hvxy0TxJpdnb+fFJHLZ/uZooZfNuv+2sUX7qWtvYVqP7w0pUP+fZ1mm/EHxHBaRw6r4j/wBHim8uHVofKkiil/55XMX/ADy/79f+1amvfiN4O0+EapFcNYanctmXZdZ8w+b+9Pm/8tY/+mVVfO/4TDy7cT/8fUPl/uZv+PqL/rrF/qpf8/8APKKvC/2kPhBrmj6XqF9Y65qVtpfkxW/9rfbIpP7Ll82LyvNillil/wBb5X/LL/trXu5b7OtU/eA6VGa5HLlkfWfxMvNKv7KTzr/y/J/7aRmvmjxTqWiX3iKSCOaXzIv+Wtr5tepftA/E5tM0h9MtJPs0fqK+cdNm+xzSX19fSxSSzeZ/qf8AW1+RYan7WsfoXDuAnhcBKrUOo1LWJ9OtZJ4L7y/N/wCWv+silrzfxV4kghH7iDyrj/nrD/qqr+PPiFPpsUkFj5Xly/8ATb/7bXlevePL7zd0EH7vyf8AU4r38NSqnynEGN/vnUTePNWs7rz4L795/wA8quT+PNK1618+D/RriL/tl5VeV3nio3n+jz1XGsTwy8Ty/wDbavRnhj83xOKVzsNevPtnGfKuIv3kNYc2vf8ALb/lpVOXXhPFHiqc16V6f6uuerSOf69H+c2LK8zdfuJ/3n+srsPBN5OJY4Ps/wDqofL/AHv/AD1lrh/B1nPeah+4g/ef8sa9s8B+FV0jS/tB8rzPJ/ff/baMtwvtcSfRZdjXOBueFdBsfN8/VYPtPlQyyXn77y/3X/LWKX/yFXQanNPD4j8+Dyr7WIoZf7NtP9Va2EssUX7qX/nr5ssX/f2q/huL+zbq30Sx/wCPiX93+6h8y5/1tr5v/pTF/wB/au6b4d1K6+zo0smm28k0QvP+WkkX2aKK+ll/7ZR30V1/1yil8qv2DK8sweHoqdZ8p1POuaPIviL0Wo6TLDHpct/LrOoT3kUsNhHN5UUssUsUsXlf9Mopb791F/z1/wCmVdJ4c8GW95rtzPq9jpupapLpv2bUppbOKP8A8Cf+nWWWKWWKX/ll5UtZ+gfCrxVYSw6BomltZCwh8y8+ywfvLX7NLF+6+0y/uvNl/wCPqL/nlFFF/wA9fNr0Hwto0sGn2+m+HZo4NP8AOurn+39QhluYvKlv5bqKWL975v7ryv8Arl+9i/5ZV6GLqYWjS/cnlOvVxD9/Q6bStG1vT9SW6u4vteoarBcxxwXf+rv5baLzfsEskX7r/Vfaov3sXm8ebXX+HbRfIkg0KU32oS2drFDdTW/72W28rzbX7TH/AMtf3Xmxeb/0yl/7ZUvCHhJ9U1FrqS0EclzZxS/6DZ/6NcSRS+bazRxSy/ubmLzP3sX/AC182us0mytxLFaWWkCHz/3ln9mHmhsS48qOSXiKW2k8yX7L7fuuktfB42pzSOSb9mVtP0XUdMvYzZefFNa+X/Zvz/uvKlP7qL/rl+6ji/6Zeb/366HQJru3ukWCxk+0S/vLTzYf9VF5v72L/tlLVGLT9b1CR0voLaPT7uaKSGG7P7r97F+9ii/5axS/6yWt+20iFNQnuZdXSyv7u28u7tftnmf9tY68bERcnoT7ph6x4hfS9PkIPm30UMs9naf8tZYv3Xm/+Ram0e806eeS2sJ5JEtpvL83zf8AyFXBfEXwZrcEd4+n6hbatYfZJbfYLjZc/vD/AKTFH/2yrV8HXbXCfbvtdvux5kX/AEyi/df6yOvFcpwn7Nnv08LR+rc8ZHbwxFJRNNLh5ZvmA/5ay/uv/jflf9tau38st3abG34uIfL8r/0VVPTYpvLjtYm8tPJ8uW7/AOmv+f3tWEm+0QmeBPs9vdL++uv+Wvm1y1aZ5EuX2xx+r31vHpt5pk1pJE/nRf8AbLzaxvFOpXBt/sOjmSO4uf8AlnN/yyirr9b0GWa8jvY7GRUvvK+1D/nnXE69pixeJbi+nMckks3lw15uJPpMslCcyloHhqGzj+z2mI44povt/mj/AFoqn8QPhdN4uW5v45ZbeSQfuY4pf+mVdVZwR2cscPm+bHb/ALzzppv+WtdJo9oJmjgEP7j/AK414U6s6NbmiehVxlWjLnPlPUrPVdBu7fSr6eWOT/lz8qH/AFVU5tHsZl8j7PHLHF/36i/7ZS/vYq+k/if8GrXX7Ce/it+J/wB5N/11rxTX/h7faCJLfz/Lki/5617lHGe1PMxOZUK25wd5pkGpXdxbz2P+q/5Yy/vJYv8Arr/y1qPUvh7Y6lpf+gX0f/f7zf8AtrWpNpvk3X2G+gliji/1P/LSL/47FWhpupQWcv7+eSOSKb/XfbP9VL/21rbnOWmsLW+GR434q+GF9DD+4/5ZVwep6PfQTfv4P+/1fWn/ABI9TtPImgi+zxf8tf8AW+V/5Crl/FXwl8OalFJPBBHF5v8AqZof9VLXLVqf8+zdYKi/jPl/+zZ/N6S1Yh8N+cPPg/e/89q9U1j4M6rZyyeRBFJ5X/TGseDwffWf7+eCSOuKpimdlPIKFbWBz+nWX+iyG4g83/ntDUh0z/7TW4dHnF1HBb/uriL/AMi1Yh0eHsP3f/oquGpVrHqUskoxpEng/TYJjb/8svNhr0zw3af6ueCf/Vf66X/0V5VcPo8J+1R+R/y1r0zwfBPb/Z/In+zf+ja58LT9pXOlYZYZHSaDo+lTRRwTwfu7X/ll/q4vN/55f9NZfNrUvNBN5F9hnvpftH/LGGbzfN/79f6qo9Hs7jGdK/dRxQ+X5v8Azyi/55RUf8I5+98i+v8A7TcSzeXNFaTf62X/AKa1+gYCceSx5NUz9Ss7bUvtEBt/NvP+mN5L/wCRf+etZdnrA026knvrGWOPzv8AW+d5v/bXypa6jUtBvrPzIJ9K/dy/67yv9V5tcn4qgsrPUPIgaWL995n76H91F/1y8r/VV2VKapnLT/enYaPrGlQxef8AbpJP+nu0/wBbF/11irUvLyx1jy/sOqx/vf3UM3nfuvN/7axeVXj/AJ04v/I1W/lj82HzIZf9ZFLFWxo/iqxspc/8JHH5n/X5/rYv/atc38I4qmBq83MdZq+jwTTSQfbvs1xF/qZv3svlf/aq831jQTNfyefYW3mRTfubuH97F/1ylroP+FkQWdr5FjrkUdv/AKv/AI/PK/8AIv8Ayylrl9e+IVjCI7Hz5JLf979stLuH91/2yli/1X+til/65S+b/wA9a6aVSm/dNKdKpSM/WIb+G6jP+st5bz/Uxf8AXL/j1/6ZS/8APKWrGsa9Br4kg0qf7TcfY/L/AH03lXUUXlebFLLL/wAtYvKilrm5tevvGGvW/wC4uZY7qGX/AFOseZFfxf8ALWLzf9bFLF/rYv8AlrFWf9sn02//AOWccf2OW5/s7T4fK83/AJayxSy/6qKWKWLzf+mv/bWvSwmHHMw/iFZ+S39lQz3sWsWsP+h+T5Xmxeb+6iii82XypbWWX/llXJ6PrHirwHf6x/wlWqeVb2s0Uc13NeS22jxXUv8Ay6yxf63zZf8AVRf88vKuv+etd5r+sz+bHY2N9ZRRy3kVz5Mum+bpl1L5X7rypfN/deV+683/AK5Vy+saDPqUWn31jfW32e1mljhml037day38svm/uvNl/0SKKX/AJ6/uv8Alr5tfVYWFGpH2czL6y6T9w9g+Cv7QVvqmvR6fq03l3n2z7PeTS2f726lliil8qK2/ey/Zf3sv+lS/wCq82KX97+98r2PUv8AhHfE2lrqvjy9git0t/JvLbUbP7TJLF/yzlii/e+VFFL5f+q8r/VS/wCq/wCWvxJoOg/2P4o8jQ9VvZLO/wDNjvNO0mb/AFUUX726il1eX/j7/eyyy+VF5XmyyyxRfuv3tfQ3wF+LZ86eaCyh1O80++lNxaaJY3X2F/3sUssX/LX/AKZy/wDLLzbr/v1U4rLp0vfpms5Ua+pl/Fn4p2ur662n6RLFGmPL867j/wBV/wBcoq4XxLqX9gxST3E8Vz5v+ull82SKX/tl5tc/pt7Po/7++nkiuJesv+sllrh/iF4qvrzUJPIgtrmOX/oIfvZa/IcFS5D9XzXMcPg8P7CmR+NvG39pyyGGxjtvK/59PN/+O1w95qV9N+//ANZ++o1i8mm/cQW/lR/88fJqn53kxf6ivfw37o/Fs3xPt6wTXmYsH/ntUc15Ud7P/wAsKjmMMMvnmu4+PrQZcs5p+lXIf30vk+RF/qay4ZsRef8A8tK6Dwrpv2yWODyP9b/zyrxMdiXSWh585+zdjuPh7ZweFNBuPHF/B5tvYWf7n/prL/yyir6H/Zr8Ja58YtE0s/Ybn7PazeZNd/8AbWLzf/Rvlf8ATKLzZf8AplWBN+zT4x8bReD/AILeHLf7NJdWf9o6lN5P+q83yv3v/bKLyq+8Pgd8AfB/wa+HNj4N8KWklhFFbm3Kzf6TKT+98z/trL/ra9jIMZhqFH2ktZn1U4PD4SC5rSkr+Z4/pP7NugeFYIrfxSy3Lx2USajbiP8Adx2gsLqK6OP+W0VzFbXMUX/LWLPm/wDLWWurPhK0OpN9t8NrqE1uPNvLSCMZ/wBXc+bHIP8AlsPKsvsMcee0ksoOa9c1nw+up3hsraRnxcfvg4/dJ+8jlwY/+Wo79v3VzJTYfC8Fjp4sLm9micRSRi5c+V5YkIMt1/11/deZ5v8Az1lr6B5lWxHvc5hRqcsbRPJbz4f3t5qMdr4mv5ru7hu44W3IRHNLIdMk/wCWeD/q4vKz0I+0yydfKo0jwW1vrcF8k8F9rFr5YsLRV8uKwjliilltY7n/AJ5f6vyv9V/21rr9Yu3fUr0RwRRTvaiaaC2HlfZ7aXzPM8yX/nrF9muf+/tfPf7VH7ZK/s12ut+MNDUf2hJeWtvLFj91fS+V/ra9fL6WLxy9nT3NquMoYSlz1ZWPp/R9AvXguNE+1S273QlklvIfN/0W6/1sXlx/88v9Z/mWr89hpkl5JdTWcEV1KsV7FDKf3lrf/wDxuX/47/z1riP2ev2pPhB8b/DmhT+GPE2LjUbPzf7Inl/063m8qWW5il/7+R12HiXxNplhp58/UIrb7VZ3VvNqNrN/x63McXm/uv8Anr/y1lrwcVSxdHFOnVg4s4qOKp42XNSdxuqa7bW7STXY/wBbDLci0k/56/8APKX/AKa//Gq+cP2lfjl4psIo9HXU5Fkl+y+TdD/W/wDLLzf8/wDTWu4n8aQ+NW1XT73TY9NvNUtrX+0bWCbzVtLr/Sv3Pmxf62WK/jlil8r/AJ6xf89a+d/2rNQnvX1DWknj333lXsPlTRfurryv3vlfvf8ArlL5X72vr+FMvw9fGcteB24nDYiGHvT3Mrwf+1l498Ia9/Yba1J5cM1r5MR/49pf9b/8ar3Tw7+1HoOsm3nvJY7a4i/1Pl/vPN83/WxV8UeNjNeX8n+neV5WpSx/6n/lr5vmxf8AXL/lrF/21qPR/iRPZ6pHBPPLH9q8ryf+mUtfT8VcIZd9V9vThyy8jly/NcThp+zqe96n6ceEvjD4Y8X6FHCs8UbyzeXD/wBdf+WddRaXQnuZ4r4xyeauYbg/6uKX/pnX5x+CPjbqtkY/In/5bf6qKvpf4T/tKafrNt/Zmq/ukiHmTTRf89a/CcyyurQl7p9FTWHxsvd90+mrOaz1SOGGSRYklvPMh8r/AJa1znjPwuttrMdxCeolk8oQ1zfgjx1BqifZJ76K582bzIZopf3cUtehXt5FqECahEI/3v7uavBxNK1Ev2VbL8Rfocdp1ixsozNH5jyV0Xh+BIpY4pP3khl482obwQQyxwQwf9cq0NNAeNFiMkf/AE1r5arrW5DrxOI9rROvsrK3urb7JcW/7sw/6qvPfid8JoLyKQwW37v/AJY16BoPkebxBWpe2dveRSQTf6uvfw2Dqzo+4fGYjmVQ+Q/GHwr87zIPsMkf/PHya4e88Ezwy/6iSvsTxh4Dt5v9IgFeb698PbH95508VZ+0qwfJUPLqYnG4R+0ifOf9g30PmfuPMjosxq1nN+/gk/e/679z+6r1zUvBMFZc3g+CDtXNUqnuYLP3Upe8cH50/wC7t/I/1VbkPg/w54wtfsM+leVJLD++m8mtiDwrYwy8n/trXQaDDpdnLHDPBJLXN7n2j26XEVSjH92eT+JP2e7i9ikvreCXzP8AljNF/wAtf+mtcPefDfxVpt/JBcaHLLH5P7mb/lrX2Jpt5YzReR+6ij/64/vauf8ACIeFdS/fz28f+prir+ziviPbwnE3MveifF9n4O1yKX7QbG5/df8ATGu0+GXgTx/rkn2GHw9exeb/AMtv/wB7X05/wh/hzR4sWNjF+9rn9esoD5kH2eKKvN+vSoz9w2rZ97Ze7EoeHPgzrdrZR21zB5Z/5bSyPHW3rHgSezi+0WOh2MvlQ/vpvJirk7SbXPDWqRz6HfXMf/THzv3X/fqvXtH11/EeiLaXzpbXH/LZ4q+tyzN/aw9+PvHi1sXXk9DxnXpdVhikuL6D7Nby/wCpih/dfuq4/wAVWcF5LGLGxtopP+WMJh/e/wDkWvZPHfhZvtP26O4Gf+Wv2T93J/2yl/56/wDx2vK/EmkXtnpVw8ulx2UX+rm0m0/d/vf+mv8Az1r6j2t6J6mXuE9jzfXoYLyWSxnuJYpP+WP/AF1l/wBVXm/iqzvdHlzY/wCs/wCWM3/LKX/plXSa9NfRapcWJg/d3X+p/wCWn7r/AJ5Vy/iWYG16eZ5s0sn/AMa/65VxVMR/Ie1Uo+zRyf8Ab2uWfmT2N9LH9q/5Y/62KX/tlVf/AISqfzY/I837ZLD5cM3k+VL/ANtak1+GCaX7P9h8r/lp+6/1Uv8An/nrWHefudQ8/wAn93L+8mhtP+Wv/PWKu3Da2PFxOJRuf8JVfXstxYz2UtzH+686GL/VfvfN/wBV+9/e1uTa94j1KL9/fS/6L+8m86b/AEaWWKL91LL/AKqWLypf+Wv/AH9ri9N1L+zf9H8//VfvPJih/deb/wAspYpf+mValn4w86XT7H+1f9HtZv3MssMvleb/AK3/AEaKL97F5X+Zf3VfQYamedUxJqaxr19DdW8GreI9bijv5vLhi87yrq6/5a/ZYraL/llL/qopZf8AprVzX4YNYuv9GsLmXUPsf2az0/7Z5V19l8rzf9JuZZfNltYv+mUv+qlirDs4f7f1TyPCsFzFcfvftk2nTfvfK/1sv2m+/wCev/LXyov+WtU/NtpopLjSP3cd1N5l5aaJ5tzLdX8X73/j+/5ZeV/ra+owNM5CnqU2k6lHJ4c8R30cscVnayTRTQy21ra2v/LLzbaL/StQi/5ZRf8APKLzZf8AnlXUQ32rXfiOOx8f30tvJL/o2m2l3NLFdS/uv3X9mfZPN8qLzf3Xmyxeb+9/1sX+trD17Urizv7OxstWsbGO1vPM/snT9N8uxil83zZZZb7/AFsvlf6qWKKX97/5CiseFdS87WpIINDtrm3urP8Acww6Df2XmxRRfavKlvoov3trFLF5sX/PWXzYv3te9y+4bUzg/EnirQv+XHSrb/XfvpfOrj9e8VQXn7iCxso/+mP2Oq+sajpUx8iDzJP/ACF/6KrHmvL+Y/6Fb+XH/wBMfNjr8Cw37o9vNcXWrfaLn2wf88IqjmvJ5j5HkR1Xhs77FXPJ8nmAy/vf+mNevSqnx1WlWrFeb9/+4zVO8/c9asXhnml/6Z1HND/y3/5aY/5bVp9ZOGphiTTf337jyK+m/wDgn9+z9P8AG/4yWdjcfu9H0b/iY6xL/wAsooov/ttfPHhvTYJpen7yv1S/Yg+Bw+EX7KFpfZFtq/jrFxLLL1Ft/wAu0X5f+ja+cxtT21XkOF4enz+8ereCdM0ODzNdsdKitrP/AFVnL5P72WKuw003H2+SCeD95L/z2/eVn2V5od5F9osYJf8Ann51dBpEMEHlwQH/AL9f8taynVeGqU4QLp+2qz5qhYhtYLKKRZ5kMkX/ACy/56y/89axfEWn6jJNLeTabFJby20UcEWP9Z/rf+Pn/pl/q62IVkur/Nww+Q/vYc/8sv8AnrV7U4bGzi+3Tz+XH/yxr67C15OibU37GoeUeL9NkS8uoZ3uZIpbOVbyEJ5dxfkR/veP+uccflf9dZa8P8T/AAQ8B/Er4eTeAPFOmQ3wk026ttHk/wBb9q/exeV5X/Xr/qpZf+WvlV7n8Tfj78FfDt/9g1z4uaBH5v7v7Jd3kX7r/tr/AMsv+2tea+Ltb0aOeTxTpOpW11pcpi+2ahp0vmfav3UUUUsX/TWKX975v/TLyv8AllFXt4PHZngI+1ScS5PAZnH2M37x+YPx18M/GH9hj4v3GueF9bubG3+2f8SfW7WWX97F+6/8i+VX1h+y5/wUF0j9oP4dyeA/FN7Fpus2Wj+Vpvmzf8tYv9V5X/TX/j2ll/65V3H7Yvhv4Z/tIfBC48Dz3Nt/alh/pOj3c03leVdRf8tf/Rv7qvyX1LxJ4j+A/wAQo/7Kn8q8sJ/3Pmzf9/fN/wDRVfrWWY7L+LMttUp/vY/aPz2usfwjncUvepzP1o03xrLNYajrmLiyN1Z6pezTQw/vYv8AiVWEv7r/ALay23/gLFWX8cYftmg6oJ4Ln97NdW3led5n/PKX/tr/AMtfK/65V5v+zd8d/Dnxa8JWfirwrPc/bJfNtv8AiYTRfapb+X7L5X7r/VRRf6DF/wB/fN/1VdB428VWF54c+w6TB5UcsP7n7JN/qov3XlfvZf8Alr/o1edgof2fmNj9oynHYTHYL2h4P431KaeW4M4/0iXzZPK/1v72L/ll/wB/Ypf/ALVFXD+JL2ezu5J4P+e0UkM373/pl+9/9Ff582uo8bQwT6z+4t7a2juof+PTTv8AVRfvfN/7a+V/yy/1X73za5Pxh++i5/1kv/bXypfNlli/9q195meNo18AonztejRdSZ2ngPXvOlkggg/1V5/36r1jwdqU9nF59vP+8lrxv4Pzf29ayfYbD7N++/1MUP8Aqq900mzg0ew/f/6z/lt++r8Czt2xnIjClV9lU9yZ6h8MfidPpt/HBqvlfY5f3f8Aqa+mfhf48tfElrcabbmQM6RS28sv/TWvhabxhpWmy/8ALTzK9Y+CP7Tmh6PeJbXcPmRxTfvo5ZvL83/trXzGKwsqh9LHMKVfC8tTc+s5obu7s5J2gdJI5f8Av1LT7K7sLS4+xTz+X+94irQ8BePPBfxP0D7R4d1SOSSWHzJQJa8p+IFr4i8I69caUt1JHHcxeZZ3f/TWvjcThvY4iRGCqRrc1Nntmj3cEMv/ALVrp7a/guR5bD5+9fMnwx+P1jqf2f8Atz91J53lzQy/8spfKil/+O16/a+K1jjt7uK9/ef6ub/pr5VdFDEV8P7xwY7La8J3Z3OpQwTwvDXlfj3TZ7O6k8iH/wAg16BpviSx1Kb9x/rKz/FVnBdxSTwwf62tMbUnVhzwPHrUp+y5DxOaaf8Aef8APOqc1n51dh4k0cwjGKpw6dDDN+4grxfayvyuB85OhWVXQw4fDc80WPI/eUf2NPDdfuIP+mddhNDBDFj7PXQeEPC0F2Pt+qjNaQ5/5T1sNhq81dnL+FfAmuanceeYPKjrs7HwLcWvQ11A1LRNNHk26xx1LDrOn3Yx51cX1OliKnvzPboyrUaekTk7zR4IYf8ASLeKuX1LTYJpfIr0/WNDt9RjeQiuQ17w3NZ/8e9tWVTL509Ea08SmcPeaD5NWIdSnhijgMH7yL/0VWpqU3/kKqf2MzWn+FdeGh7JEU8Z7Mk/4SSxmtf7Kn8rzP8AntXB/Emynmlk1W3n/wCJhFZ/uf8A2rLXWXmm/vY554Ky9S03975/kSy/9Nv+eVe8sb7p2YHMPY1j53vPCs+sXV5YXGlfvIvsssPk/wDPXzf3stcv4q8E655vnwQS/uv+W3k/89YvN/8AIvlS19MWfhDSp/Ln/wBVJXSaP8MfB3jbRZbC3n+zXkv/AD1h/wA/88qy9tWR9JPPMK1Y/P8A1jR5/Oj/ANBkl8rzf3MP+qiil/5ZVjzefND/AMeP/tXzf+eUX/XL/llX1B8ff2eNT8GPIVsf3cv+pmh/1Uv+qr57m8E+TL/r/Kjih8uHyf8A47Xv4DE+0R5uMqUp0bwOL1Lz5vLuMSy/8s4f+Wcv/XKLyv8AllLL+6qvN9n1jzJ/t3myRfu/Kim8r91/qvsvm/62X97+68r/AJZRV0mpeD7GG6+wwWMpkl/13lTeX+6/55f5/wDastYd5pHk6pJ9iWX7RLD/AKnT/wDnl/qv9b/0y/6Zf8tfNr6nDa2PA+ssz9S1i3lmjsZ/NufsH2XybTzvs1rF/wA8vKii/wBb/wA8v+Wsv/TWKtDztV16L/Tr77THF+7gu5tS+zReV/2y/wBVYf8AXX97L/qqyzpv2OWSxnnjj/ff8g60s/N/8i/89f8AnrL/ANsv3VSab4q8m/t4IB9puPO/1VpD/qv+eUUtz/y18ryv+PWKKvpMLT7Gn1k2PEg0+8Edjrmq+XZ3UMUcMt3DLH5Xm/6V5VtYxfvZYv8Anl5vlRfuvN/1tdBNDfajNqE99fXNjqml2fmTaTp159hurDzYv+WssUsUXmxRf62X97LLF+6/5ZVw8Piqy1K6t/7Kvrn7ZL9q8nUNJ82KK1/5+pfN/e3V3L/z1li8qLzZfK/1VFn8Qr6y0W4nsbK2luNBmv5NNhtLP/iWaN/ossssXleb5WoSxRebLLdebL/y18r97X0mGw1aqdtKqeFzTWMP+ogjk8qtSz1KG8i8hYIv+mP77yv/ACFViHR9Ks/+en/XGo5pv+mHmx/9Npq/m/2h9JVpEhvPJm8j7DHF/wBcv3VSTTfu/wBx5f8A1xi8397UcMPnfuP+Pb/tjViHR/O5Hm1008SZfVUZ8InvOkEsUf8Ay2/6ZVYms4IP9fB/ra3IdHgMUfkQf9dqsf2NBD5dwYP3nnVo6h4uJpanQfA34ez/ABB+I2h+BrGDypNZ1i1svO8n/nrL5Xm1+wPxE03T9IvPCHw20OUReXDLHZ20X/PKKKKvgH/glr8OrfxP+1lpGo3EUjx+HNNutR3H/nr5Xlf+3Nfav7ZmqeIvA194V+Lfha1+0yeHdYjkvLVf+WtrL+6lp4fD/WHL5Hj1oRnW5D0ybwr/AGPo0cEE/meV/wCRarzal5PT/Wf9ca2dL8R6J468KWniHQ7zzbO/h82CauS8ValB/qJ4JP8AU/ufKmrzpTccw9lUgFCNoWNuz8RQ3N1ZnTGilk/5bf5/66x1seKoYdY0qSx+0eZ5sPmQ+VXgnirx3No+qGCe9i+zywy/vvJ/dWsvmyy2sv8Azy/+2+V/z1rtdN+IlrrOgR6vYzxRi7XyisUPNtdf8tYv+uvP/TXzfKr6ylTqYegq1MeJw3K4yPzS/wCCmfw38Y/DH4qSa5qtjJ/Zes/vLPVrSHy/Nl/5a+bF/wA9a+S/DX7Tnxb+AOvf8JT8OfEcn9l+d/pmk+d5ljdf9sv+etftJ+0J8PPB/wC0r8KbjwBrtjFcyWv+pl/55Sxf8tYv+eVfjP8AtOfAHXP2b/HlxofiPSpLnw/qk3lwy+T/AKr/AFX72Kv1Ph7N8DmeC9jiYq/bufB5vk2OhWlicNK3p0Z6xeftdaV8SPDkd9oc8tjeRfvLy087/VV89/tUaPceJLq88Y6H5cn77zJpv+mtc3ptnfeA/FEfn30dzpd1+80fUPO/7axf+0v3v/TWvRLO80rxJF9hv7f/AFv7rzvJr2MFhaeT4z2tH+GeE80x+YR9hioe+vtHF/sfftCX/wAJfGUkGq6t9m0/WYfs2pQ+d/x6+bLFL+9/6ay+VFFL/wBMv+/Uv2p/wsKx8SeDY/sMEssfk/uf+uX/ACy/9Ff+Ra/P/wCIfwT1zwrdXFxYQebbyzeZNFXtn7K/xm13WfDknhvxHqsn/Erh8uaH/nr5XlRRS/uv+WtdueVsLVpxxFE+k4ezKthansJntHjaae8sPPng/wCmn/XWXyv/AEV/rf8Av1XL+KoZz9oB/wBZ53l11E1nNeaN+4g/eeTL/pf/AGy/z/39rP1jTvJu/wBxB/y2/c/9/f8A0VXzlfP/ANxySPtXDnnzxJP2ebzyfE9xBPfSxebD5k376vYPGHirSoYv3H7qSL/ltDXzn4P1K+8N/EG4/wCnqGu01jxJ9si/f3/m18DjcT7bG+0PPq0rFfxV8Tp4brMFcXrHxn13TR/oF9JFR4qvLGa6/cT/ALyuL16CCatPrFGxzU6eLufRn7Ov/BSHxx8Gdf8AtsGq/abf/ltaXf7yKWvvv9nX9u/4B/th2b+C5dTttK8QXEPOj3c37x5cf622/wCetfipeWdjDL+5/d1HpvjbXPB+q299pWq3NtcRTeZDLaTV5GMweFxR2UcTWo1T9hP2kPgZ4q+H8MnjDw5PLcW/mxSTSRf8tZYv3X/oqtj4HfHmDx5o8kE9x/pkX7z97/z1i/1v/o2X/v1XzX+xH/wVyh1qwtvg/wDtNN/aVndQ/ZrPW5f+WX/XX/47XonxO8E2/wAK/FEfxG+HOrRyaHfzeZ5sP+f+utfH4qhXw9Xke3Q+zwGMWOp8lU+tPCvir7Hd/wCv/d/6z/tlXon2yCa1kr5j+G/xasfGMdvrljP+7lml/df88v8AplXuHgnWLe8sPInuP3kU3/LauRVKynqePmmC5I8yI/EkP+leRWf9j/1ddB4ksvO8uaCCsvWJ4LOw8+qn+8PklSvXKcN7BNqkdhAP3ldh+407S/8ASP8Anj5leZ/BvUx4r8Y6hrDH9353lw10/wARdUnsk8qE/wDTObzZqnE1nSo3PrcDg3UqQpl2DU7e8H2icx/vaz7yWa0uZJoZ5PM/5Yy1i6b4tW78u03f9NIpYqdquvv56qbjaf8Aj4z/AM9Iv+eVfPUqvv8AvH0P9n1KVWzR2fhD4mg3/wDY+ot+8rsLmxtNTtRNnrXguoXQnlWS2mj8z/j4h/dV6b8LvGf9p2X2S+/1kfWvdpYlOnyyPLzTKXRh7amN1jQfNlz/AKqT/ntWf5P7qSCeCuw12Gym/fnzfwrl9YvIIG/6Z/6yuilTPA6e8YepfuYpKx9YmghixO3/AEzrQ17WP+2Un/Pb/prXH6xrXaCuqjSOCrJxgR3mseTLhqy5vGF9oN1HcWM8n+u/c1T1fWfX/nj5lY+s6lnv+8/8hV72GpUZe4zxK+Ir0nznX+JPi5d+NfDx8JeI54opSP3U3k/8ta+SPHniXXNH8b3HhXXNKksdQi/1Pk/8tYv+esVeyaleW/8Ar/8AMVcP8WtBg8baNb+Ipx5WqaDN+586H/W2sv8Ayyr26WRwjT9tR+478i4op1XPC4mP+FnATab/AGnFHNPP/qof3NpD+88qL/prT73wrb6lYRweRJ9nl/1P77/P/XLyv3X/AKNrQ02C41OH9/BF5f8A0yh/1tbENnB3n/dyw/63/nrXfRpVqRricTroef694b/tL9xfQfvPJ8uGKL93/wBsov8Arr/8dlrz/wAV+DxeS/2VP5skn/LG0i/0aKK1/wCWv/XX/nl/z1/1vleVX0JPoMF5Lmxg/wBb/rvK/d+V/wBda5vxL8N4NYi1CCewij+1TRRzQ/6rzf8AplL/APav+uVe/l2J9lV94zp1WfN+val/Zun3E99PbSyWsNrJDaWnleV+6/1Xmy/uovKi/wCWUXmy/wDLWWXzf3VWPFfiWxsr+PVdcvvs15awy/2b5v7qW18qL/llL/11/ey+VF/rfK/e+b+9r0j4hfCTVdNurjVbH/j4+2fvvK0397FL/wBMov8Anr/01/65Rf8ALKvG/wBo/TdD8H/DnXNc1Wx82zis5ZJrS0m+zeVFaxf8sv8Anr/11/5ayy+VL5v+qr9PyD2OKqxO32tb2X7sjm0eCb/lhL5kX/TGrllo3fyP+20UNdhF4Dn8r/QbCtiz8Bz+VHAZ/wDppX8b+1P02piKUDh4NAnmO7yP3f8Aq61IfCuYY8QReZ/yxmrvLPwH5MUkEEEf72tiz8Bzibz/APWSV24aoeZUxRw9n4Unm/cTweVXQWfw9/ex+fB+8/5Y13Gm+A/3sfH7yug0fwSJvM8+CT97+7/dTVr7Wx41apeR73/wSi+G8Gm694n8ffZNvlWcVlDL6+bL5sv/AKKir3X9sS48n4X3hP8ArPJpn7Ffw+tfh18F0jtjmTU7yW8n+vEX/tOua/bd8R3sPge4s4RJsr1MLiKdKpT+88+jHnxR5l+wl+0GNI8bXHwW8Sah/oeskS6D/wBMpRFnyv8Av1/6Kr6I+IHhue4WRrJcf88ZfOr88PgFrN9Z/G7wvqulQf6rXrWT/U/8sv8AVf8AoqWv021yzmuNGMm7PljMtLiGnGGPp1qfVG2Nw0sO4f3j5N/aEh1afRvtsEEl9eWs3mQ2nnf63/nrF/yy/wC2X/TWKKrHwf8AHl/qWjahoeqzy/Z7+zivdN+1+bbeb5X7qWLyvN/5ZeVF5sUUUXlS/wCt8qKWu4+L/g/S9StbiD+1vKkuof8Ant/y1/5614/4Ds7HwT4ovPDk9jbWX2+GW5s4dO/dxS/8spf+Wv72X/lr+9/79V6Lxvs8Erm1WpRxGD5W/fidpDrt9eX8djPcXP8Ayy+x/vpfN/z5tY/xI+APhv8AaRsLjwd8TbCxttPurPzIbvUP+WUv+f8AVVIIf7MusXE/7uWH9z5MP+trP8Sa95Jt4PPkl83/ANFV05djqqfunwFXP8PhKzhOZ8F/Gb/gnj4j+A9r/wATW+/tLwXf3kvkzQzf6dpcUsv/AC1/6ZebF/rf+mv/ACy/5a+HzeFJ/hj4o/sLVb+2uY/+WM1pNL/qv+2sVfox4v1I69/xKr6fzY5f+e1fJ/7VHwB1X7BJPoWq3NtHF5smm+TN+6il/wCeXlf88pa+tp53XVHlqSPBw2dZVjcdKnCRwd5qNjqVr5F9B5scv/PKsfwr4VsfB/jy31zw5YyRfapov+W37qo/B8Oq+JLWPz4IrmSL93NNF/y18qvTPCuhTzReR5H7uWvEzHiR4aifW5Vl31nE3O48N/8AIBkE88Usf72qd5Z+bFJ58/7zyfM/7a0Qw32m6N9hnH/H1+88qpNYEGm6X9h8/wD0iX/ltXiRzv63R/dn2VTB/VOTnODm00z6/wD2r/y0tf8AnrUjWc+pXWYLj/W1c1jUoIZPm/1kv/LKs/TdesYb+OGCeOTzf9TDF/qqzp4m37xhUwyqmfr3w91XzZLiDzfMrk9Y8N6rD/r4Jf8ArtX0B4P03Q9Ytf8ATtcki/57Qww/6r/yLW5q/wAH/C14P+Q5+8/6babL5Uv/AH6rP+0zKGGmfI+saDPNWHeaDOP9fB+7r6c1/wCA8EM0n2C9spP+uU3l+bXnfir4Y31nL5H9lfvP+mUNFLE/bCpgv5zxPyb7R7qOeDzI/wDrjX1Z+yv+1pqum6XJ8JPiNqst9od/D5cN3d/8sq8H1jw3PD1g/wBVUnhuz/s2/j/cRfupvMhoq1FX900w37iR+gHwH8eQ6PrX2CfVY/s91N5f/bX975VfXHwl8bwfarPyDHL9qm+zTf8ATX/PlS1+W/w9+I8+myxwT+Z5f7qvsj9nX45/2l/oF7ff9NP3P/LX/Vf/AB2vExOFqno4r/aYH2xeeReRR/6uvM/2hPFcHhXwbeT+fF5kUNaHgn4hWOpReR5/7yKHy5vN/wCmVeT/ALZmved4DvD/ANOfl/uaxwqqut7M+fWCccWdH+yFrMd94Xs9T8vLXUsUk03/AKK/9GS113x31o2NhdzR/JIY/Mr5u/YV+M0E2g/8I5fT/wDHheWtt/7V/wDjtem/tfeKYbHwTLetH8ssEttJN/208quXM6Vpcsz7LJKCePhKZn6b4z/tDT/9HuPLkmtPMtPL/wCesdbL+PrbWbWO5094jcYzFmb/AFUskX7r/tlJXzB8I/i9d63ptnaxS+Xd2M0VtFKw/wBVL+9/9G16Fp+rMmoxzabFIxTzZLNCP+Pqy8397a/9dYpf9V/2yrxMPhv32p+iYnLqU1zxPYtN8SW0s8bifCfupMf88IpP/ademeDxPp8Xnw/9sf8AprXhHhu7lF35FufMt/8AWQ/8tIpYpf8All/0yr0/w/4plsf3KTSeXGefN/5Zf9Mv+mVerDDch8rndK1G0D03UfFQl02Tzh5sfk+bXL6xqUHlY8//AK4+dWXq/ir97+//ANX/AMsZov8All/11irDvPEkHlSQQf8AbH995ldFLc/N6uGfMHiTWCf9fPHFJXD694q87/X/AOs86rHirXvOl+3Z/wCWP+q8mvM/EniryZvJP72OvVpnBUw1WqdBrHiOf/XwT/8Akasu88SH/nv+8/641yc3iSeaX9xP5f8Ay0/7a1HDeY/1H/Pb9z/1yr06VTlOSrlvu6mxqWsTzDyJ/wDWf9Nqz/tn2y1k0qf91+5/79VJNNPN5f7j/wAg/wDLWiCz8m6jn8j/AK419ZlWY8isfEZpg5YSv7SmU/7HsbOKT9x5sn/xqjTbOfWL+MGeTzP+mMPly/8AkL/VRf5/5a10E2mwXnl/9cf+e1SQ6F50sdvY2P2mOX/ljaQ/uv8AtrXfVrczPZy2cq0NZFfR9F/1cG7/AFX/ADxm/dRf9/f9bL/6KrYn8Nz/AGWOCCC5jt/J8uaX97/4CxeVL/2yrc0HTZ/+PEwRSRxfvPJhs5ZYvN/66/8ATL/PlVuWWjzQ+XpZt/Kjih/5bf5/dRf9df8AW1zc37259BSpHifjzwdP59xpM9j5dx+6j+yRfu/K/wCmXm+b/wAsv3v7rzf+usUVfOf7Tnw30n/hX3iSDXrGWKOXR7r91NZxRRSxeV5X7r91/wBcv8y19seKvB/2yKOeESyxxfu4Yoof3X/bXzf9b/z18qL91+9/e15X8bPh6df8L+IBquhyXP2qzljmh/1Xm/uvK8qKX/41/wBNa+2yHMvY1IHT7P8AdHQeMPhL4cvIri4/4QeXTZP9Z/xL/wB5FFXF3fwxn02X/l5/df8APWzr6c1+HQ4R/pulfZpP+ms1Y/8Ax+S/8fUkkf8A39r+ZcRifYfYPqYZRjasvdlI+e9O8N2P7yCCf95/rP8AS4fKrU07w3rl5+4g0rzPK/5aw/8ALKvfLPw7pOsf8f1jJFcf8/cVbGn+EPDtpFt+1G5uP9Z5csMsfm15/wBbxdV/u4Hq08mSf7254Xo/gPxHeSx+fYyRx16Z4J+EEEOoWd7NPHc3H/LGLyf9VLXUQ6PYwSf6D5cf/PGu7+EHgyG51+O5kj5iHmSxn/llXbg8NjqtX95sdWKy/A4HCzqdT13w3pdr4a8Ow6fGP3dva8V8j/t+fEe3g0WS2H2aSTyftFfV/i/Uv7L0W7kA/wCWNfnB+3V8SINemuDOf3fkxf6r/nlXtYevHE4r2MPsnyWWYb2tZ1ZF39guxsdf/ahms7eHb5Xm3oi/6Zf5lr9Avi343sPh/wCB7vXb4/u4Yd9fAf8AwRwjg8V/HLxf4guLLFzpmgWsRl/66yy//Gq94/4Ke+PJ9H+HqeHoL2SLzovNli9q9DE06tXFKm/IvO5+0rRgvsxPDPi1+1dffb5PIn/5Y+ZWf8N/jl/wnl1/YfiO4tpY7r/U3cP+til/5618h/EL4hX8MskEFxLVzwj8Wp9NurfVoP8AWWt5FJD/ANspa9bG4OEsHyn5/OtWpYn3Xqz9DP7Nni8Ofbp54pZJZv3Ncn4k+3fZfPngi8yL/U+bD/yy/wCutd5qWo2Op2FvfWJ82z1SH7TZzQ/88pax/GGgwfYI54IP3ctn++8qvBy/FV6FeMJI/L+KcLVni5te6fOfiTxJfQ61m3gl/df8sf8AplWH8Qh/aWg3kE582Ouo8Y+G57HVLi4ngk/e/wCprD1KH/iV3EHkS19RVqac9Q+AyqOIw2a89zxf4b+CfJS8gng/d/bPMr0z4Y+A/PuvPngk8uL/AJ4w/wCf8+VVjwT4bg+yyQeR+8/ex/8AxqvRJtGt/BPgiTjy5Jf9d/11lr8y4pzZ+09hA/sfgqh7XAKvU62PJ/iFNBo91HBiTzLX95+6ry/xJ42Nxc7vI82Tzv8Av1Wh8W/GH27X7ic+XH++8ub/AKZVn/B/4b6r8Qr+3g8iT7P53meV/wA9a9TJZOlguZndmtVVMUY8Phvxj42v/I0qCWWOK88q8li/5a/9Na9A8B/CWDTYvI/4Ry51K487/v1X0h8Jf2ZLKGwjn8R6VLFHFN5f2SWH/VV65pnw30OGLyND0T/yD5UVdNbH0UvePK9tWn8B81+GdC1zS5fs8Hg62i/6a+TWxeeFPEf7vHhzyvN/55V9Kab8DfO8v7fffvP+W3k1uaP8H/CtnFyf3n/LGb/lrXLHMfZ/DE1j7U+L9Y8B+K5ov3FjcxVw/iXQfHFnF5F9pUlzb/8ATWv0cm8B6FDF+/sYpI/+m1cf42+Hvgea1/f6V/22hralmXtTrWIq2/eH5l+NtHsZv3/2f7Ncf+ja4PUrOeGXz4P9ZF/rq+5Pjz8EvCupWsn2Gx8v/rjXyP8AELwFfeFdW8j/ALZ/9da9alVua06XtKftIHN6b4qnsoY7jz/L8qavZPg/8Zv7Nurfz/Likim8uH/rrXh8+mzwxeR5H/fmpLPWZrO6jvrefypIpvMhl/55f62uzcy/fH6IfCv47iaWPz76LzIrOWOb/nr/AM9f/jtdB+0J4qg8Y+A5Mzx+ZdWfl+b5P/LXyq+J/hh8SJrPVI5xB/qppY/K/wBb5UX7qvdNG8ef2x4S8ieeWXyof9d/z1/dRReb/wC0q5lhlSxUKhrS9l7b2lQ8b+Bnxyn8E/Eu4sZ76WL7fNFbf9cpYv8A97LX0v8AHL496R41/Zbs/EM99L9ojWX/AFP/ACyl+yxf/ba+HPi3oN94V+J8k9jB+7/tiK5h/wC/vm1qTfGC+m+DeueDp55fL/4SSX7H/wBcvKil/wDjX/f2tc5y6lieScO6PVoYtUa1zQ+GPxVnOoXGkzz/APH/ADfufO/5ZS/8sv8AyLFX054V+KcGsaN/wkkHlRXEt5Fcwy+d/wAet1L/AK2KX/plLXwX4P1KeDVLfz4fNj87/UzV7R4J+IV9o+nxzw3Enlyw/Zpopv8Anl/01rinltH2x9TS4gXsbH2ZoPjaxgv5J4DH+6vP3NpN5v7qKX/ll5v/ADyl/wCWUv8Az1i8qvSLL4j2Gr2H9uWE8UkcX+jQy3cP721/6dbmKvivwT8VPJ8yxng8yOKHy7OaX955X/PW1/6axV1ln8ZvsfmQfbvK/c+VDD50v72L/nl+9p/UTzsZjsNWjzH1RN8SLHWJpIBe+VcWv/f2L/7VXJ6l8R/30lvfT+X/AORfK/8AtVeDzfFqf/X2N7H5fk+X5U37z/tlWXrHxfnMUcH7ry/+WPnTf+ipf/jtZfUnA+fq/VJHuGs/EOCaKTz76KKOX/lt53/LWuP8Sa9+9k/fxeZ/rP3NePy/E6eW5/18nl/8sf33/kKWiHx553l/v/8AVVp9WrUjzvZ0T0SHXvtn/PWtiz1Kaf8A49/+e3/Pb91LXldl4qHlf6//AJbeZXSab4qx5dv58X+p/wBTNTOHG0z0iHUufIEEf/bWrlnOD/zyjk/641x+m6x9r8u3z5UldJoJ/e48j95/0yhr1sDOofB5nhnVqHUaOZ7zy4III5PKrqNB024vPLF9pUUkf+r/AOWsn/tX/VVH4V0H97/qPKjl7Rf5/dV3Gj2fkXUdiJ7by4v3nnfvfK/7+161TEs7stwNSlEpw6bP+7g1W+uY4/8AV+TDN5csv/TL/plF/wA8q3JtNg+yeR5H7yKGXybSGGL/AMi+b/zy/wCmv/PWrFnpkE11H/YX/PHzPtcU3/2qq81l9sk/cC28uWbzIbS0/wBV/wBtZf8Apl/y1rWk/anuU6Rj6l5EP+g3Alkklhiim/1v72L/AFvlf63zZf3sv/XL/W/62uH+Imj2E+oSf2qbbzJYZfOml/eyyy+V5UsUX/PL/WxRf88q9EvLKH7UIPPtvLlm/wBMhhh/df8AbWX/AL++bXL6xDYzXUdje2H2mO//AHc3nTeV5ssUXm/9+vN8r91/z1l8qvbwVXlqnTSpHoHiqzsJovPuL7ypP+vyuHBh02+knN75kcv/AC1/1fm1talqV1aW8bNeJpssq/uFv44vN/79/wD22ub1G5jjvZJrq9nuZ5IfMlkzLH5kf/TOKvybEYGlI/aMqpW0N7wfd6lY6o+oBd0Z/wBZFJXW6NpVpq+po0cAKMP30SGKSX/v3FXN/Drwqmo2qi9mWODzfMlm/wBZ/wCjfNr2vSNAsrLTPsdrZT77qT/nt/ra1pUqFCmeDn+YU8LV9z4jlb7wvo9lHmbVYopP9X5F0+yO5/7+103w00/X7XUri6muopNPtofLh8mTzJZZaxvEvw48U20c/wDZdwbjzfT93JHXaeDtNn0fSbeDVNTBm/5a4i8vdLXRyy9n+7Pk8dinWw/uz5uYxPjZqV7Z/D68uceX+5/fV+Sf7TnxUg+36pPP5sscU0v/ADy/e1+xHxQ0i08U+D9Q0kn93ND5c1fjP+1F8JZ9N1TxJ4cvv9Gkl83yZa4cjpqnj5qfxE5ZeVKx9Of8EHNY0zX9N8f+KICTJFNpltNMv+rk/wCPqX/2rU3/AAVr+JI1TX18PaQIsWyeXNKf+etcD/wQa8SHwT+yP8RPGGqW8luD428uKH/rlaWv/wAdryP9tj42a58QvFFxB5/7u61LzJv33/kKvYhzVs2l/d/yRjmtNRoyqz9Dxu8vINTl48v/ALZQ1JpkPk3UlhPB/rf9dUmjQQCWPEHmSf8AXbza7TQfhvPr2oR+RB5sn+r87yf9bXv1mnA+IwdD2uNR+mPhDSbvW/2JPg54zW0Edz/whOmfa1/66afDL/7TpLOGx1Lw5J5Bi/dfu4a9y8JeBtCv/wBnbSPBmiLm0ttDtotOPtHEvlfyFeS6N4Jm8M2GoWPn/wCtm8yvkqseWrdHz3FWSTxdeUqZ4P8AHLwf/oEmrQQfvIpv+eNeZzab50P+o/1sNfSHxI0H+0tGkgg/7+15HeeGjZRSZgx/12rsq46M6Nz81yrIMRRxkvanP/CPw3/aWoW/nwfu/wDWTfuf+eX/AO6qx+0JrH9g+F7fH+suvNj/AHv/AJF/z/11rrPhXpqwxXkH/PL/AO1V5P8AtaXk+pS2elQwSS+Vpsv7mH/nr5tfkuOrrE55ys/rPheh7LI4W/lPmvTdH1Xx5rMcEFv/AMtvtM001fZH7NPwf0nw3o0era5pX7z/AI+fKm/dxeV/rYpa8v8Ag/8ACWDTdLt55/N/e+VJeTeTX1p8JfBM5tdP0Oxsbm2jimi8maaH/j1i/wCmUv8Aqq+0+t0YYb2cDjq4d0n7SsdJoGg6rr11GYNKkit/+W3lV3GmaNYWf7iDSpf3X/LWarmm6bY6Rp/2HyIpJPJ/10v73yv+2X/LKub8bfEjSvDdh59vfx/9ca8SopVDDDUnVrctM2NShsNN8zz7793/AM8a5/V/iFoejr++1WKOP/nl51eD/E745eKvEms/2V4cguf3sMsfmxf89aPCvwx8caxa/bfEd99hjl/d/vv3vm10UPYr+JI+shk8adH2kz0zWPjBoc3MN9FHJ/q/9dXJ6x8SLGaWT/iax+Z/yxrj/Hnw+0OztZIIfGMvmf6zyYvN/wDjVeL6x4V8Yw+ZcaVqt7/1186Wvo8NDCTp+4efUwuE+3M9g8S6v/b37iBovM/57V4/48+GP/CVS+R9h/ef8sf+mVcvNqXxb02XNxPHe/8AXKvTPhL8QvDkPmf8JVodz5n7rzpvOr2cJhjlhHBpcsKh5X4q+AN9NpePIl/ew+b53/XL/wDdeV/11lirzfxt8Jtb0iKSY2Mv2iL/AF0VfpZo1t4Z1ZY7mGOK2aKbzIR/y1ll/wBb/wBtZfNli/6Zf6L/AKqWuP8Aih8AfCniTS5IILHy4/sf+meTN5vlWv8ArZf+2sssX/kKKKL/AFtfS0sNh5UdDll7vxH5t2esX+m3Xnz+b+6m/fV6x8N/GE80UkH2jzfN83yf337r/llW58Yf2Y9c8NX+oCfSpI/K/wCW0P7zzf8Anr/36ry+az1XwfJ9ng/1cs3m/uYf9bXnYil9givS0udB8SPI1If8JHfT/wCkRf8APb/v7Xi95DPd+Z5H+r87zPJrsNd8Sf2lF9nMH/TOsOHmX/R/9XL/AM8q5f31MwDTbPyYv9R/y2/5411Gmzfuozny/wB9WfDDmKP7PBWpCbiaWOD/AFX/ADx/6a1HtAjVrGxDrFxZy/8AHx+8qO88VarD5kE8FV5ZriHnyJaw9Y1I2cIOPNj/AOeX/LWKuimZ1KtY0Lz4hX1n5k8E/wDyx/57VnzfFqe9EgPl20n/AC28nza5PWNS86X/AKaf8sZq5+8vLjzf+Wdd1OjFnDUqnon/AAsieYf9M60LP4hTznz4J/M/5aeVXkdnrE1nLJBn93L+8roNHvZ5vLgP/LWb/XVpVpUeU5qWJrHrmg+NxeRYgn/ef9Nq6jQfG04l/cf6yKvM/DfhvVbyWPyYP9bXqngn4bz3ksc88EnmfuvOrxKiowPbpfvoanaeFNe/tLy8T/8AbX/nlFXuHw30eecfbvP/AHcvleTN/wA9a838K/D2HTTH59j5sf8AyxrvPDepfY7v7D9g/d+T/rvOii82tcMeJicNhfbnsGm3ljD5ZgEv+p+0/a5pv3vlf9tf9VF/01roIdSsdSljnt7iPzP+WMv725/e/wDTLzfN82X/AKa153o/iT7Z9n/06SXyv3vmxTf+RfK8r/yLVzTdYnF19hg+03MksPmfufN8ryv+uv8Ay1/9FSy11HrUcNRt+7O8m1gTSRwT6rL9si/1Npd+bL/6KovLK+1K/wDIuIP3kXleT9rvP3X/AFy8r/nl/nza4+HUv9P+w2P2aXzfKk/s6KHzYv8Apr/zy83yv+mX+qrY0HWIPNjsYLG2uftU3mfuf3n2qX/2l5X+Za6KVU7VhEaniSGfyY7Ke9/dyzRR/wCp/wCWv/TtF/01ll8qKX/plWPrPkXltJfa5ffZv9D8vyf9ZLF5sX+qi/6ZfvfK/wCWvm/9sqjvdfsdRuYIFt5J0ls7qOa6KeVbRRf8vX/TX/rr/rfN/dRVnaX4yhun+2aPoMmoagD/AK0/u/tUUvmxSxRf8+kX+t/dRfvf+/tethvbdB/VvZHZa7Zz3NnI/ly6aYvKj8q2vPM/9G1y9joZi1f+zY7yS4uN3mRSNL5m+u8Oi6Rb30EAsJY55P3kMssscn/bKL/nl/5CpkMEccI0RbcyIR+7uf8AVySRf89a+HxGH9mz77A5kqVP2cDa+H85huLe1hlaIyzf62Cz8v8A9G17T4cttK02zS1g1Lzri5/eea8sfmy14P4MnntdQt5kjhdJbvy7Zj5v7z/41LXsVvpMsd1FrFo3z2sPljzaxp0L1LzPiOJk51eZM6qTSredRnzBIekma+Xv22PirrPwZnt9SnQ2Vvc/8euqRTf8tf8AnlWzqf8AwUC8GfDf4kz/AA0+NWlT6bi4+zwa3aReZa/9tf8AnlXYfG/4c/Db9qT4TXPhDVryG90/U4SLa9tJvMAY/wCrljkr6fCYVYeUJ1YfuzxeH8ww2GzOEa/vQ+0UP2Z/jt4e/aC+Faa1YX1sb6P9xqltE3+qua+Cf+CnOj23hv4gfbv9V9vs/Lm/661X/Z38ZfEv9gz9suy+D3xSuM6V4jvItLjvd37q882X/RbmP/tr/wCjZa1f+C413d+HLfRNTtZIxHf28twX/wCeX/LKvHzTLIYbNoVKEvdmfX4/B4fA4pzpS/dT96P+XyPn74D/AB4/4U/+zdJ4U0Ofy/7e16/1a8/66+b5X/oqKKvF/FXjyfxh4pknngik82bzP9TXl/ir4rXum2Eeh+f5f/THzv8Apl/+9qTwHr8+sX8djYn/AFs1fRUMBSw9KU/tn5rnmY1cXWVOnP3In0Z8MbODWLrz5/Llk87zJpYv3lfUn7NPwrn8YePNP0OCw82P/WTSww/6qKvG/wBlH4S6rr11Z29hY+beXU3lzeV/zyr9PP2Y/gbpXwr8L+fPB5l5L/x+Xcv/AC1rxcfjKdOj/eHktKo6vtJ9D1P4ZTpp9snh3H7uOH9zXOePNB866vK19Nu/sXiDbJ/z14q74q8iYSZr5bGVZQpe0O3NMMpT50eJ69oJmtZGng/8g153rHhW382SDyI/3v8A0xr3jX9HgmtetcPrGgwfav8AUV85Ux8rngUcrUq1zyvwboP9my6hB/y0+x/+iq8/8SfDG48Vap/wkd9+9t7D915U0P8Az1/5a/8AkL/yLX0BpvhXF/5/kf62Go9S8CWNnYSaVOIvs91Z/Zq+IxteUcw9oj9l4bp0aeC9izyO88HwQ3X2eCD93FeSxzeVD5vlf9sv+Wv/AD1r3j4T6bYwaNH5FlpsdxFD/wAfdpZxf+0q4a78PNbaxuvZvJuJTF5OoRTeX5V15UX+tr0nw5pvkWH/ABPIJfMi/wCXSWbzfK/z/ra+twVW+FvUMc8w1GXLyljxV4ksYdLk1WfzI44v+W0U0tfPfj3xLP4k1m4/ffvP+e3k/urr/wCNS16p8VNev7y1j8if7T5vmxwzV5XqV7/wjejSQQD7N5v7yab/AKa1pSqe1XIc+BhRwP7yoZ/hvTdK8KXP9q65/rP+eXnf6r/v7XQXvjCe88yCee2srfyf3Pkw/wCq/wC2teJ+PPipBZ6p5FvP/qv9dLNXknxl/wCClfwz+F2hSeB/Dllca/4wl/49LTT4fM/e/wDXWvUwOS4nET+G67nhcQcaYLAU9ah9R+JLzwdptr9u13xHbW1v53l/vv8AWy14p8Wv2ov2dPCBwPG8cskX+t/feXFLXwR8Z/H37X/xwvZNf8Ralc6fF/zwtIZf3UVeTaj8BfEWo3Elz4i8QXMkgm/5bDFfe5Xk2S4F+0xNbm/ur/M/I8dxnnGZy/2SHLH+bV/8A+3PEv7a/wAJdQl+z6LrduD6RCsqH4taH4ql8/8AtWLy/wDnrNNLFXxmdOh8BnMOoR+X7mtD/hpCDTJf7Knvpf8AnnX2tHNMljS9nTpx5fXU8ONTiCnX9vKpLm/lS0P1I+Cnir+wbWOD/hP7a+s4of30VpqUVz/n/wC219IeFfG0/m/8I5BY+ZqFr+8vP+eX2r/ll/5F83/v7X4X/wDC+J/NjvoL/wAv/njND/yyr1T9lz/goF8QPg/r8cFx4qvb3S5Zopfsl3efvYv8+bLXn4mhQqLnoSPv8o4lxVan7PFQ5fn+h+wHjDQbHxVa+RPB/o/k/wDLH/lr+9ll8r/v75VfM/x4+CMENr59jB/qv9T5X/f2X/tl/wAfP/bKKL/nrXqnwB/aW8N/FTwlp88Bi+2Sw+Z9rhvP9b5X/bL91/8AbaseNryDWLD9xBH9n+x+XDFDD5Vr/rZZfK8r/lr+9i83/tlXh1KtWm9T6x4tVaPunwv4w8Ez2fmT+RL+6rl5oZ7PzJ57f/VTV9KfE/wR511JPBYxReb/AK7/AD/2yrx/xX4bAP8AqP3dZVdjOliTn9NvPO8utzybcRfuJ4v+u1c39juLO68jHlV0Gmw+Ta15ux6K1jcJryfyv3//AH5rL1iDzov/AETN51al7N53lwf+Rqj/ALHaaX9x/rK9KlU0OerSOD17TZ5pf3B/eRf89a5eb7RNdf6iWKT/AK4/uq9k/wCFZareWvnixk/1NSeFf2b9c8SXX+g2Mscks1d1LEnmVIHkej+FdV1i/jsYLCXzP9ZXvnwZ/Zp1XxVLHPfWUsVv/wAtv+ute2fAf9jnStH/ANO1yD/VTfufJr3CHw3pWg2uILGKKT/nrD/y1ryMxzFUv3YYXDVa1Y8Ps/hZoegxxwTwfvP9ZXaeFfBPnGPVZ4PL8r/U1uQ+D59e17+1Z4P3cX+phrtP7A8q1jgE/lx/89q4sN+9/eHu17YWjyHF/Y/3XkQQ+VVPU7iCzMYngi8yL/UwzV1Gsf2VpsXkW/7r/nj5Nef+KdS87VI/Ig8z/rtX0dOyoHw2Jn/tnxnUabr0F5ax33n/AGn7LN+583/Vf9+v+Wtbn9vz3n+gzwRSSRTeZ+9h/df9+ov9b/21rzuy1+DTbD9x+6k8n/Xf9Mqx/EvxO+x/6j/lrD++8muGlrI+uwtdRontE3jCx1KL+ytc1WWTyv8Al0mm+wxf+iv9VRrHjax1KKOxvvEccn7n99D53lRX8X/LKLza+U9e+J19NdSc+V5v7zzYaks/idP5vkarB9p+1TRf66b/AFVexSwx3YbMaMD3jxN8VNL+yx3326KOT91HZwzfu/sH/PKKX/nrF/7VirzfUvj9fTXceq3s8um+V+8s/O/5ZS/uovK/65eV5sX73/pr/wAsq5Pxt8SIJopJ4J/9bDL9slih/wCev/PWvG/FXiOw/tSS4vv9ZLN5f7nyv3VfW5ZhqPstTys2ztRny0j9v/EejwarbSZSKK89bU/9Mq4/U9Nk1BbiDUYXieW8+z2V3F/yy/zLXW2FzZ6lpcdrDNPbzRPwlwfLli/7ZxVBqjW815JaXEheS5h8v/P/ACy82vzKtDkrcqPoMNWq0fcPPrYahpmsXM13JDBJp+m/aNZmmile3tpP+WUvleb+9j/dy/vf+mVeteAvEkWppcF/kEZMc0WIvM/6ZS/9c/KrxjxtrVrDYa0YNQuYo9Ms/Lu9Zs7L7Tfeb5v72KKP97LFH/2yk/1v7qui+GnjjSrqe40mH+zbLUrVIor3TNEm8z7LFLLL9m/eeVF5v7r/AL9fva9CphqkML7XlJzGlPE0/fPjr/gsYYPDviuPxZb/ALrzYfLmm/65eV/39ryv/gmz/wAFAtV+H3jz/hTfjHW5P7Hupv8AiWy+d+6tbr/41LXtH/BX/QZ/FPwgkvbGwl+0WE32397N+9i/e1+P+neNtV8N+LvI8/7NcRXnmQzReb+6/wCmtfbZHKjmOWeyqH4/mmIeX5z7h+4H7b/hTwd+1b8KpNKvhFHqEUMsmjahF/rbWX/llL/398qvh7/grB+07qHxL+B/g+91y1+zawPDcX9rRf8APrf/AOquYv8Av7FJXrPwZ/aK/wCFkfDXT76a/i+2S2cX2yHzv9VLXw//AMFXNevptT1z7PP/AKHL9lkhi87/AFXm2tr5v/kX/wBG18njcFU/tGEP5bn67LNMJieF4Xl+8W3z3PkvxJ8Tp9S16PH/AC1r64/4J+/BnxV8Z9e0ux8OWMlzcXX7v/tlX53y6lcTeI7f9/J/rvLmmlr+lH/gir+zN4e+Bf7JOjfETXtM/wCJ94ph+25li/49bD/l1i/79fvarN8d9Twzkz4bBZbLGV7/AGT3v9kj9lLQ/gZ4St59Vt47rVJB++llhr2qW6aLiFMc/wDPKsePxVaMkkEdv9asG/gkjjJm/eetfndfNKM/3h9lRwP1dcnKWZJotvyf8tZqWa8W88wT1HF/07/hUlnB5MUgr5vMs29qZ4ml7RGXqMPnRYNc/eaP50uWrrLyEeVWfNZ+TXifXDnw2GObh03yf389R6no9jeReR5FdJNZ1TvIe1eJiKntax9HhavsTh9X8N2P2vz7ixjkk/6aw1Yt49T1djpc1r5cccP/ABLZof3Xlf8ATL/rlWxrFn+6/wC2NR6P5+ZFg82T/plXtUKtWVH2ZpVxKrbnF/EKzns9L+wzwf6R/wBMa8H+PGsz6bo3/PKSWavqDxho8F5a/bp4JfMm8qL/AJ5eV/z1r5D/AGxryfQdLuL7/V3H+rr6zh/CyxMj8e4/40/sSlyo+F/2u/jL4rvPFun/AAP+Fdx9p8QeI7z7N+5/5Zf89a9M+AP7Mnwx+APhL+1fFRivfFF1+8vNQu//AEVF/wA8q85/Z18O2+pfGHxh8dPFUH7ywm/snQZf+eUUX+t8qvC/+Ci3/BSzX/htfyeAfhVqkUusSn99LLF5kVrFX1eYyxmJlDBYb3Ix+J92fA5MqnE1eFetse3ftLftgfA/4b+ZpV94qsftEX/LpaV8d+PP2xdK8YX/AJGhzxWMf/Pa7mr4j8T+MPEnjHWJtb8Sa1c3l5M2+aaWbqaz7T7T537iu3B5DTo+9VfMfpGHyyjRj7OnsfXGpa9Pr37+fxVbXP8Azx8qs+Hwd/aV158GqxS181w6h4i00+fA8sUcVbGg/GXxjoNzHPDfy/uq9b6rRj/DOv6kqZ9MWfgLVbP9xBWPr2jeJNHl+3WM8sUlZHwW/bI8P6RdnTfiVoMl7ZyGMHn955Yr6n0fwf8ACv4/eGLjxH8K/EdlJJ53mzad53lyxf8ATLyq541sThZe98ByVcDTnr9o5P8AZX/bA1z4b6zZwa5qskdv9s/49Jf9VFX6ofCv4zWPxO8G2+uWP724lh/13nf5/wCeVfjn8WvgPrnhWWTyLCWOS1/9G17R/wAE/f2r9V8Haz/wh3iO+8qP/Vw+dXTXqRxlDmp/ZDBuvhanIvtH6UeMPI1Kxk8+wj/dQ+X53/kWvL/FWj+d+4n/ANZ/y2r0TQdesfFWgx33+tjl/wCeP7391L/yyrH8SaDmX9xbx+ZL/wAtYf8AP/bX/trXkU6mv7w9Cpde8eL69oP73/2rWPNeT6bF+/ni/ezf6mvUNf0acnz7iD/W/wDTH/VV5P8AHOzn0ews9Vsf9XFQ5p1rH1GVP21HlD+3YNS/cf8AomvfP2S/gDffGbxdb+RB+7/5fJv+eVfLfw38/wAVeI44PJ82SWaL/ljX7Kf8E9/gzY/DD4YR6rfw+beXU0vnVw5liquGhyUzpq04U6fMZ9n+xn4H0HRo59csLnzIof3Pmw/upa83vPBPg7w3r0kHhzQo4pJbz/Uw19eeMLyCaKSCavE9H+Ek2seIri+8jzP33mTTQ15uGzbEwj758vUwzlX+Mw9B0GeWw+w+R+8qSH4e32sS/br6D/Vf67/rlXsmm/Dex0fT/Pv/AC/9T5k0MNef/GD4keHPDdhJY+fbRSSw1hTlXzDEcx7VKdHAUbyOT1L+ytH/AOW8dcf4w8eWMMMhtv8AWf6yvD/2kP24/hx8LIpDq/iq2kvP+fSGb97LXxf8Qv2/PFXxC1D/AIkc/wBhs5Zv9T/z1r7nLsmxclzOPunzmNzSlUlpM+/NS+IVjL/qJ/MuP/RstZc15PDFJP8A9Ma8H/Zu8eX3iqwjgn8uWTyfM86vVPFWvT/ZMwT/AOtmrTG0qtH92fMVsTR+uQKeseKp7yKSCf8A8g/u5a5PUtY+2Tf6+XzP+u3+tqPUtY87/QYLf/P/ADyrPFnPeSyWMEEsskv+ul8muZfudz6uliXOn+7Kd5qWYo/InqneTX3/ADw/5bfvq2LzRxZ/v7me2ikl/efvZqp3kFjNLHPfX3/LHzP9dXdSzKnSRn7HGVfgMfWZ77yvP/ef9Ma4fWcXl1JY3/lf89Jv+eteoTeD9KvL+PyNcjik86KOH99/ray/Ffwy4jgvp7aKTzvLhm87/W/9ta9nBZ5Qc+U4auAxkWfsDP4gaFftg1S5is/KijVx+82f8s/3n7rzYv8Aln/39qxqU95d2clvZ2skd/F/x5xTTf62X/W/6z/nl+7rmxq0GrQ2ckdyYbkW++z1TTTHbwSyyfuvKjjl/wCWv/TKX91V9SItGRV0/wAuOUyiC0sI/LluZf8AWxeV5sv7qSL95+6/79V4tPBJ1rn6Q/3ep5N8c9dvPD2l3F5e6RffbNB0eK5g0TTntfK1C7ll8q2tba5uov8AW/uvK/65XVcJ4G8eeIvh94yh0LSZ7KO6tkxqljFNLLHpOmRRWv26W+vpbvyvt9rLJbGW/l839z5sVrFLLLLXuvi/StZ1m8isNGux5MXmyRH7H5ljLc+b5v2r/W+aPs2P9V5sX72SvPj8J9M09fsGiXCroVy8V/fadNB5sep3UsourrUL6WXzf3nEUdt/zylH/fr6anCnWoezZ2VJU8TSjBkf7TnhvSvi18Gv7Vsp/wC0rO6s/wDQ9WtP9VLF/wA9a/Cf45eG5/BHxQk0meCP91N5f+p82v6B/D91ca5a6f4b129lntriCKym+3T+Xu82L/RpZfOl82WXyoov3ssssv72X91/y1i/HT/gq58E77wH8X9QnA/1s3+uh/56xf8AtWjJJRwtadM/FeMaEMHmUKjNT9gnxXfeKrmTwdbiSTytNlk/79SxRf8AtWsv/god4In1jwlrGreRJLJFD/rv+etdx/wRU8EweJJvFniu4h82SKG106H/ALa/vZf/AEVFXvH7XXwS/tjwlqEFhpf/ACxl/wCWNfF4viSFPixYep8KPq8FldaeQfWY9T8H9SP2O6uF/wCmNf1Lfs0ePVvvg14UtdDmlltIvDdhFZy+d/yy+yxV/Mt+0L8Nr74b/E/UNE+wy/Y4pvMiH/TKv2P/AOCPv7dmh+O/gD4e/tC4trnVNBml0bXbCX/WyxRfvbWX/v1L/wCQq97jvh3F4nJ/a4bda/J9Tbg/OsPSxLo1I6S69n2+Z+oGgQ+daR11mm2f7r9/XJ+AvEfh/wAVaXBrXh+7jlil/eAiuws5u9fzZVeMoS5Zn3mNbk9NDQhhqx5HvVeGbza0IO9cdXEnz9XcpzQ1TmhrY8j3o+x+361xfWGKnVOfmhqnNB/yw8iukvdM7QQVn3umzw/8sK6Y67HTTrROX1KGDyqjs4YPO/f/APkXza3P7Bmx5/kfvKx9YgMM0c/kf9M69bCT9npMJy9pANYhgvLWT/pl/qa+D/22JvtdhJmDy/31fZdzrSyaHK8/bUZbf/0VXyZ+1dptjeRXH/PP/ljX6hk8Vhcv9tTifyD4lYp43PJYWUtT4bm8VaVoPhPULIzxW32X7VJef+jfN/79S1+Nvxd8eXnxK8fax4xvnJkv9SklX5f+Wef3Y/Kv1C+LNnqgtfHmhweZFHf/AGryf33/ACyli8qvyhvdPlOtSWA6+dX0WFXtV7X+Y/VuCMNTw2V04LokJpFtaTXSLO37s/66Xyv9XX0V4j+Gfw9svg7ceKbLxdpvhE6YoWDRdVuIr3xBrEvlSyRTRxRRRfYIvNiji/e/vf3vm/va5n9kz4KWnxf+Knhnw/4m8Y6d4X8MpqttHr/iXUb22to9Nh8397L5kv8Ay1/efuq6X/gpPF8Gk/a98Xv+zz8RtS8WeFrq9ikh8Q6hqcV7Lf3PlRedL5sMUUUv72vQtb3j9GoLlpNnnvhb4c6L8TviLpnw/wDAut3VzLqenjE15Hz9q8ky+V/KKuN13wbrdnrdz4fms5Dd283leVj7/lny+K9W/Y7+GejfETXfFuoeJfi7beCIvDHgu61qz1WeUxeddRY+zQR/9dZTFXP+Do/D3jjWbyf4geM54r++s5bi31GaaWSQ3f8AzzlxFLJL5lJUsQ3z/ZPSpUqGJoRj9o8lfdDJgHiu3+Dn7QHxE+CHii38T+Cdakjki4lgkP7uWP8A55kelP1r4eXdjpN1dNC3n28wkMJ6yxSD93KI64WSJkcjFFTlZ4+Iw1TDytI/Vb4HfH34S/tlfDuTTnvbKw8S/wDL7p00372L/VfvYv8A47Xhfxs+HuufB/xb/bljBLF9lm/fV8b+APH/AIp+GHiyz8ZeD9Uktb+wm8yGaM9DX3p4W/aa8EftY/CyS2162srHXLWHy9StP/asf/TKuXD4b2VW8PtHE1Z859gf8E8Pj9B8TvCVvpU99L/qfL8n7Z/y1r6o1jw3PeWEn+j/APXaaGvyD/Yh+J0/we/aIj8HX0/lW9/eeX5P/PKWv2s+G/keMPBtvqnn+Z5v/PKavLzWlVw9W8Tpo2rM8v17wr/ywvrH/wDe14/8cvCsH/CNyeeJP+/NfYmsfD2C88vMH+qhrx/4wfDyCbS5BPZSSSS3n/f3/VV5dHFWqXZ9Hgf3WkDy/wD4J4/A2fx58X9P/wBB/wBH0ubzJv3P/LWv2I0fTbHwf4Xs9K8jy47WHyq+c/8Agnj+zTb/AAq8EDxXqtj5V5L+8rqP2qP2itB+HmjSefrscUn+r8mvIxNari8X7h21I8/ussfGD48eHPCsv2G3m/eS/wDTb/VRVT+A/wC054c17XpPDkGq2MskUPl/uq/LP9qL9tifxJ4ivLDw5f8A7uL93DL53+tr4/8A2g/+ClnxO/ZzhuND+FnimW28VapaYN3D/wAwuP8A56/9da+mpcPfWsPeT5T5zF4ugq3JTP2k/wCCj3/BXL9mT9j/AE+88N+L/ippMeseT+78PRTfab6X/tlF/wC1a/IP9pD/AILXeP8A9oOW4sfhzY3OiafL/wAtZv3lz/8Aaq/NLxN4w8S+MNfu/E/irXL3UL++l826vru6Mss0h7vIeTT9E8d+JdDcnStd1C2/643sg/lX0WT4XCZXL4L+p5OP9tjKPJzH09qXxJvtfuf7VvdWubmSX/XTSzeZLW54b1Ke88vyK+ZLT4ta7eXUbX0/m/vv33nf8ta97+Fepf29YWYsf9ZdTf62vro46M48yPla2GnhIan6EfsK319/wi0l9cW//PXya9k8Va8JvLg/56/88q8//Z78K/8ACN/D7T9Kggl8zyf31eqeD/BM+v3/ANtnh/0eL/XV8dm2Kh7bmOXJcBicxxxX8E+DrjWP9efKj/1n/XWtDXrifRvLgsbHy5Iv+e37v91XeedY6Pa+RBBbeX/yxmhrj/GF6JpY7f7RJ5kX+p/feX5X/wAd/wDIVeVgaVbG1veP1eODwuAo++eJ+JP+EqN1cfYZvMt/O/5YzVn6bBfaZL5+rebc2/8ArIZv9ZLFXomsaDZXksk5sYvM/wCW3+f+WsVY95o/ky+f/rY4v+e1fR1MtVtIGdLH4ZHNzalfaAbe+8+OKP8Adfvpof8ARpf9b/rf+eVdRD42xL9hvoPsPlQ/voruGsef9zf7h5X+uikmmi/5ayxf8tf+mUv/AKNqM/YbOL7BOJfs8s0X+p/5Zf8ATKlSy2C+MyxOKw/2D9dYbuHWNV+2XFxb2s4higm8uH96w/55f8tYpf3v7r91V37NqWq3UkN1a7Odl5BtFxIv/TtJ/wBMpf8All+7pmnSQ2CW+nwTXEkkQ/fRCLyP+WX/AD7Rf63/ALZVq2kqWTf2fFeQr5X7yKCKGW2+yxf89fM/z5tZU5an0dVSpr3TM8QabDJqTWHiBWjuP3Vs15JLFFLL5svmxQ+bEYpfKkl/dRRx/wDPKTzauT6Dd3wWV7YW93by5EoMfmGSWLEUUf8Azy4PleZ/rfKi/wCmua0obO/juPMs0EYlhl8u9gXy7eLzP+mfm/63/pr5lSS2st48llb2Y8uXzf3nk+XbRf8ATLyv+Wv/AD1rf6z5nBKdU8/8S6RLo+v6hB5HlXF/o91/Y8WfM+weV/rbr/rr5ssUvm/6391/2yr4c/aR/wCCYH7bP7VFhqHjC/n8N3N5dfvPsl3efZvN/wC2UUXlRV+mFnD54kvvsEUdv/5Flrc0fTJ57+Ofz/L8r/XfZK55ZlLCJzp25j47iLJqGbyi6l/d8z+ff9hX4zeIv+CeX7X15+yv+1D4WufC9x4yvItOm/tEfuorr/l1l83/AJaxS/8AtWv0A+Mujwa9pck/kRyebD+5/c169/wWF/4JQ/DP/gof8FJFj0+Kx8YaVD5ugeIIov3ttL/8ar87P2L/ANpj41/DTVLj9gf9uHTbnSvH3hODy9B1PUHzFrth/wAspfN/5ay/9Nf+WtfO57kSzmUMwwX8WPxL9UfVcK42hRwH9mYnbpI+QP8AgpX8Kp49Vk8R29l/pEU0vPk14D+xh+03L+zn4wvNF1aUjw9r08UeqMYfNktx/wA9a/Tb9rP4G2PjzQtQsYIPN83/AJbQ1+QXxt8D6p8MfGt3oOqQeUXzn86/WeGs3lmGWwpVl70I8svNbH5tjMPPKs7qUYv3ebmj+Z+5v7MH7b3jD9nbxFb6B4yvvtuhyzfvv+mX/TWKv0u+Fnxb8E/FTwxb+KfB2uW17BKP9dFLX4K/8E7vijq/7S/7JEkPiG+lvtd+G91FpMs3k/vf7Mki/wBB/wDRVzF/2yr6I/Zp/ac8cfAHxb5FjfS/Y5Zv31p/rYpa/PONOD8HiE6+G0n/AC9/Q+4yfiiWLq/Vq0Nvtf5n7OWtwJYsAVsWc3nV4d+zx+0BoHxd8G2+vaTfRiX/AJbW0s3+qr2nSLyCaLiv58zLA1sPW9nUVpH0GKoWXMjUhhqwRng1BD/qfwqeDvXn0MP++5JniVHYk8qH0om0yCaLiism4utX8PXSTRwS3thL/rSf9ba19fhctw9VGV6g690KdvMEH7ysq50Ox1ZPsVzDH5//ADy/5aVuWesaVeW8epwXsckdY9p4M1Wx0e4WDWvOv5by+ksr+UeZ5Ucs3mxxc9hFiOuurk8Zcs4HRTxVan8R5p8VPDf9gxR2MMEckkupebNL/wBNfKr5P/aRh+2WF4B5X/fmvtj4h+G7rWrOe1umEc7QxSgj/nrH/ny6+X/2kPhvcabYXl9bDy45YfN8mvpsrxrjhvq5/PfinwvilmNLMMNDm5viPyz+IX9h2fxak0rXIYpLO6vIo7zzof8AllX5YftFeAYfhj+0H4h8GX2QlrqcvkeVF/37r9T/ANrTQYD43k+wXHlXEsPmQzeTXwT/AMFEvB8vibxXpXx7s7OQHXrf7PqojH+ru7aMRfyi/SvtMB/uiPteFq3s8JTT6xPCIfG2qaZ4Yfw9piRRRpfTSyExeZIPM8rjzf8Atl+slerfsO/tP6J+zF8a7H4jePfhXpvjLQEsNQg1vw9qcUT/AGuG5tZYj+8l/wBXxLnj/WjMfSQ15fa+HPDujto/iXxJFe3Gm315JFqFnYGOKSMR/wDLMSkS4k6dYq+jf2dtZ/4JnWv7HvxG0j45/Bn4ka/8WbjS7qTwV4g0e7jt9I0eUeVHbGX975n+tl/e+ZFL5vmRRReV1Powg+fmPv8AD4hKNmee/Av9lT4x/tPeIYNZ+GngNpdAvPEQ0271GOTzYtJ82QeWbnnzYo/3h/en/WeVKR5hilx+h/8AwcDf8E9v2Tv2I/hd4IuvBUuh6Z4wi0exsovD2lOIrm4x9q826liP7w/8sv3v/TKvhj/gnd8Ydb/Z/wDjjYeLdZ1nW4/B0U/m6/o9hqRto9VBzFFF5mMDEo/1vlnyvLk96P8AgpT+1R8Rf22Pj7N8X/Gvi19Uit9NtbLTPLvLm4trGKOM5jEk3PUGTP7vv+6rnqVqt/Z8x6lOFT2PtYr3Tyn4U+N9TvfiDp+n6tZtepqxttPkhiMgkI/1Ufl+V34FUfjD8M7HwV4l1OLRor4WVtrt3ZRNf2Zt5VEcn+rljk5ikA7V6r+3p8a/2U/G7/D3wN+yJ4B/szS/BPg+207VfE15p0Vtfa/fj/W3UvlVjaimv6z8E9H8d3NlpltDPeyxaxaQwyQDUD5sssd16Rj915X7rywfsv8Az1okqexyVJzqu0vePns53HJrovhl8QtW+HPiq38SaVclDH+7m46xmsvXNIv9HvXtrxfLOem+s8j95giny8kzzD6in8VnUtU0f4p+FvLiki8q5/df9Mv8/wDkKv3E/wCCfvxZsfGvw0t4IP3sctnFJDN/y1/e1+BX7OHiGxv9JvPB2q25kEf72GXzSMeo/A/vPwr9ff8Agkj4qnmtbPw5P5kv2Xyq8/Nearhr/wApzYar7PF+zP000Hwr/bFr5H2eKSSWpPBP7K8/jvxlHfatbxx6XF+8/wBT/rZa9M+Bvg+bWIvPn/1cVeuXiWHhXSJJ4ovLjir4K1b3pfZPqI1vY+79o8v+OXi/w58Gvh9JPFNFbeVD5cNfi/8At1ftaar8SPF95Y6VrnlWcU3+tir6c/4K2/tpDTJbjwNBrnlf8s5vKm/1UVfiv+0V+2BpNnLeaX4cnkluJa+kyLAe0/ezga43Exo4bk5veZ1Hxr/aD8LfCPw9Pqc199q1maH/AIlunQ/+jZa+GPEviTVfF+uXXiHXLw3F3dS+ZNNJ1Jqz458Yar428RXGu63cSySyt/y1lziscFnbANfW1Jq3IfMwpxT5xtFFFZFFmwnYXOfWvqz9jG0l8R+PtDtruHI86KKGKKGvlrw5ZG91CMTj93X6Qf8ABGH9nv8A4Wd8ULjxj4jg/wCJP4ch8z/U/wCtl/55f5/561v9Z+qYaVSZwYvBPMK8KMD9GPhj8MBDoNncX08dtby2fmTSzf8APKtzWNSsfDdr+/NtbeV/5Fri/j9+0fpXgm6j8OwQS/6mLydOtP8AP+trwfxh+0hfalL5H/LT/Vw/62WvNy3KMZnWJ9q/4Z9PDDYHh/Acv/Lz8z3TXvjBod5YSfYdV/eed/rZYfLi/wDIVY8PjaDUpfI0q+jk/wCm0U3+tr5X1jX9c1i6k1W+n/eS1HoPirxjZzSGCeTzP+mP7uvvqXD1DDUvckfIVs5xGIn70WfWB14zSx248397N+5qnqX+mRfuPK8yvH/B/wASL+8tPI1WeT91N/y1rvLPxVBeeX+//wBb/wA9q4atOrQ9w1pSjP3yS88+eL/ln5f/AE2/1Uv/AMaqveQm8/cTz+VJFD++87/WxVqTXn2yWPMH/fqb/W0WcEBl/f8Am+Z537masuc6f75+tlnE09kkMEdvA0U3FtYXctlHLWgIb7fHBjyreL/U/wCmeZ5tYdp4ks9Tgj+xwlUih8xfNuv8y1di1MRJ5AjKSf8APQSf/aq+BlmTX7s/WKmFrdjolvIJrTN9B5n77zP3s3l1bubKxmeMXFtbRyGHrLZ/vZf/ACL5tY9vqluYvK/jim8yTyf3flVas7u4x5HkSRyf9Mv3f/kWs6eK9qeViMLVNzTZoBL+/gtvMl/56w10mm6lB9qj/wBI8yuX0eHIjsf3UXlf8soYfMirpNM0eaG/knnnl/11SfOY6kdB/wBMf/Ha+bf27v8AgnL8G/2yPCaJ4l0sW2u6XN9p0HxBaHy7qwl/6Zy19HWklkTJAlwJf+uU1WPtkEwxXrYbEVcM4yp6NfieNVXuWR+K/iL4afG/4LeJpPgx+0HpUV1eeTLHoPiGH/j216KL/lr5X/LK6i/5axf9ta+K/wDgoz+xe3iHwvceMvDcOLm1HmcReZX9CH7U3w48J/EjwJP4d8S6Xb31pO2Qs0BkCH/lnKP/AI5X57ftK/Aq98O6fcGay/tLSpv3f2zyf3sX/TKX/wCO19Hl+bOnO7hyy8j8txud4fCZ19XxNT3vs36+Vz8c/wDgkb+1/pH7Iv7UjeFPihHay+BPiJHF4c8Z+dNIIrWKS6i8q/j/AOmttJ/5Cllr9WfEn7EPj/RdVuL6fw3L5cU3/LaGvx+/4KEfs0t8IP2lrZPDI+06P4n2XWlmFP8Alp5vlSxf9dPNr+lCfxvfXltb2+qT+bJFZxRzf9+q4s+zKvUSlS+Ini/jbCcI0qGJf/Lz9D5w+DPiTxH8B7q3vt0ltZ+d5c3/ADyr77+DvxG0jxfoVvf2E3medDzXwJ+2Z4r0Lwr4M1S4m8u2kl/dw/8ATWWtj/gmn+1FNrFrceDdV1XzZLX95D++/wBbFX5Xn+Br4yh7WcOWZ+v8H8R0uI8khiYfDI/SyzvfOixirkHeuP8ADfiS3vtPjmgnrpLO986LGK/M+WtSrant1cOi/NLFDGPSk0nXbW6spLgtzHWfrTzS6TJHCfn8mvO/CHjC51K21Lw5LdFbiPzQktfY5S+Re0YYfArFRcuzR6bpl/4S1Z5JtNki80nEvNQr4e1DSIduiXn7gf8ALvMPMr8uPGf7c3xk/ZD+NOoaNr1uLqyjvP30U3/LWvtv9mj9vr4YftC+HLfUNAvY4riUfvrOab97FXv1oVoUVWp/Czsx+SVcM/3UuZHtep3q6nosdxcWflTeV+8hl/5Z14H+054D1XXvCVxPY+Z5csP/AJFr2681+zvI/Ogf/W96q6lLBeaLJbiH/W187SzPkxB4+My9VsF7Oqj8Q/2tPg/4q0vxRHq2q6HcxR+T/rfJ/dV8x/EL4A33jzwRqHgfyJIvtV55kMP/AC1i/wCmtfsZ+2z4VsfDfhe81XSrGOS48n/Q/wBz/ra/OPUtH1DR9Z/f/wDHxL+8mm/6a1+65JLCY3B03H+U/AeIMyxnD1Vvl05j8gviv8N/Enwd8VXnhDxHYyb4LvE8U8Ukfm+XXU6P8f7dvh5P8Lovh94XsrG58SnVr2WKzlN1cxCKGKKw+1SyyS/ZY/LEvlGQc/vPNyK+uf8AgpL4Qn8ZxSa75EcVvfwxW15NDD/y1i/1Utfnp4g8NX/hu+FpqEJXJ/dyAfu5BW9aMsN8J+jZBmdPN8uhUf2j7N+HXx1/Y/l/Zf8AGngHx1+z7q9v4zv4ZZPDfifQJori2sPKii8qKOKWWL91LdRyebL+9l8qX/prXzv468L/ABqbwSdW1ew1yTwvYXkWZZrG6jsYrqXzfKi/exeV5v8ArfylriPCnjzVfCSxwwEiPzvMAPrX0p8H/wBtzwl4f0ePwn8SfA1tq2ly3drLeRK3ly+VFL+98r/prL/z1rajhsFjFecuWZ6irY7AxlCmuaD6XPlyGKw/12qeb/qv+WQroPE3xN8Ya/YW+iQMbbSrCDy7TT7XPlW0fnSy4/7+Sy19yfFL4v8A/BILxL4Mvbnwd8C7221gxZs4Ui8v/V+VF/yy/df89P8Av7/y1lr4n+L/AMQfC3iW6ksfA3hq30nT/O8zyYZa58Tg6OG+3zHRh8ZXl9nl+45jxPrdnrP7yGwto5MR/wCq8z09652pJ+1RgkciuCpuaHd/AXU9Ss/iDY2Vlj99MAa/dH/gjb8ONV1LVLcWMHlebeeZNN5P/PKKvxt/YO+FusfEr446ba6dbB1t8yzSy/6uMZ8rn/v4K/qB/wCCTX7Nll4D+H6XstlLkiLZLLFXjZxiY0sN7KPxSFhKHPj/AGsvhij7O+Gvhi38M+HEgjh8tv8Alqa80/bc+L+k/CT4O6lrN9fxxSeT+586vbVT7LbbF7Cvyz/4OFPjXP4S+CuoaTY65cxf6H5flWlfPyw7/d0P5j1aU3VqyqH4i/8ABST9vPXvix8TdYsPCfiLzbf+0ZY/N8n/AKa18W3l7d30rSzzySSSdTmtXxr582qSTzwSfvf3lYfMfVq+2w9P2FGFKO0TzqrdWpz1Bl7BPZzYm/1lRVJN+9qOqqbkBUkHeiKIk10nhbwhf3t5HDDZebI0PMVOnTISb2LvgHQr6+1uC00mDzby7/0ezhii/wBbLX7d/sieDvDX7EP7FMmq6qPK1TWYfMm/c/vf+2X/AF1r4H/4Jv8A7K8F548/4Xh8VP3eh+F4fM/1P+tuvK/1UVfTHxy+Nmq/Fq/s9KsfMi0/S/3cNp537rzf+ev/AKNqsLga2d4+FKH8OHxHrUI08BR9vV3+yc3r3jzxH48164vtVMf2iWb7TND/AM8quQ+FYf8AXzmKT/njL5NHg/QbHTf+ecn77/ltDXYWegT6l/x/CX/nn/11r9Mh7DL6PsaMND43MszpV8RzVp6s5P8AseA8QW//AH+q5Do/nf6iCuwPg+xhtfPguI/9T/qfOqvDptvjP72L99+5i8mvLxmP5NOU86hi6cub2cjLs7OeH/SBB5vmzVqfv4fL8g/u/wDrtWpDZ2/+o/5aVJ9jg8zyMy14jzFdT0cLTrVgs/Es8MvH/kWGuk07WLHUv9f5Uf8A22rm5tB488QeVJ/1xo0HRp4b7yJ4LnzPOij/AHVCxNGqe1HCV7H6P6Z8Z/FHh+wjg8XaP9o8r/X3cM32nyv+2ldboHxq8JeISkNjrtukkX7tvPFZevab4OvIo54J7GxuP+W3lebbRf8AfqWKuX1PwT4c1iXzz5X7395/ok3mebF/2y/5a18Zjcvo+1/dn77hsThMQv3kHE9lg8ZmSz87SUSVo/3kP7793WlpnjFLm4mgljubNLf78sZ82L/rlXzvF4f1PQopDomqebbg+X5PnVb0r4tWvh2T+zL3WZdKuL7UP3o1mT9xLH/zy/6ZebXlywWIoa8p1Vckw+Io89GXMfVel+JGtoCIjcyCSH91LafvJJP8/wDLKu10jxHYSWv21riP90PLmlu5fL8qWvlvS/EF/wCILm/e004TGzhS4a31CHzBdXUkoltpYpYv3v2aL97/AMsv+Wtdl4X8XeK7a2h00uLmS3hEaRx3e6WNP+Wv7z/lr/11iiip0v3ruz8/zPJnGrY7H9oj9oBvAukIPD+tWkeoeT5k9r5GZZYv+mccteZfCH/gor4O1/Uo/BHj7zNA1yX97ZwzfvIrqL/nrFXJ/tOeMPFNr8O9Q1if7THZ/wCsvLSaztZfK8qX/WxS/ZfN83yvN8qvhvxV8VJ9Sls9c8OQXupW91NdRw6TpNnFcy6pdfuv3ttFFLL/AGf5X+qll/dReb/qq/QsJh8qr5bGnNe//Nfb5H5JmOX47FY6pTpSlHl8tPvP1l8Q/EKHxLozz2lxHJE54mil8yvLddj0iQS2eq2Uc8EvWKWPg18qfsr/ALRfjLwH4R0vSvjFBqUcksMVteXc0P8Ax63Xlf6qWL/lr/11i/dV9HnxRoXiWwjvrLVbaWOWL9zNFN/ra8ZYLE5fX5n79PufzN4nZPneFq/WH8UD4d/ai/4J7+APHP7U/hb4jvbXK+G9OmS5/sqOb91FdRS+b/7Tr6sTV1uCb0g5m61e8bafbajH5a8S4/1uK4jTdS+x3XkVjipyqvmhH3T+YeKuK8+zP2eHxdTmUNI+R89/8FRLy/8A+EIs9cgH/HrqXmf+Qq8T/YJ+IXiPTfi/bzwf8e/k/vvOh/8Attfc3x4/Z60748fB7VdDuZPLXU7OWOCX/n2uv+WRr5p/Yn+Cf/CvfDkl/wCKoPK1yW8ltry0/wCfXyvNi8qvArS+tV/Zs/u7wY4nwmF8O4RqP34X/wCAfpB8Dfidcalo0djcf6yKvdPB2um8izXx38PdYn0e/t4PP/dy/wCur6c+D3iSC9hjg/561+YcQ4D2OM9w/ZuHc9hm+H5j09bcywgEV5d4u8B6p4R8ew+NtJV/sFzL5erxRr/5Fr1qDiHaPSrNldWF5H9mSLn3r2cnw/1nDckj16OMq4OpLl2kflx/wWN+A8c3haP4w6fY/wCom8rUvK/55Sf6qWvzp+A/7UXir4BfEe3+z6tJFHa3n+q/5ZSxV++X7XHwE034nfDfWfCV3bGS01Wz8uWL/nnX87v7Y3wY8R/CXx5qHhzVYJba8sLz9z+5r0cur2lPBVOh6GNx1WNCFem/U/cT9lD9qjw58WfBtnfaXqscskv+uhr3iHXYL2x8/Ffz3/sN/t4a38H9ds7HXNW8q387y7zzZvKr9vP2b/jNpXxU8B2+q2OqxSySw/8ALKvl84ymvhK3tVsRhsxpYylZmp8X/h7B8Q7D+yri3i/ew/ua+I/2rv2P4fAfl64L6P8A0r93DaRf62Wv0ImvIIIvPgg82T/lj537yvj/APbem8ceK/iFHY30/lWcWmxfY/Kh/deVX3HBeY1ateFOJ+FeMtKlhsplWR8T/Gb9mnw2fhLqH/CVX1tJcX8Msl55M0X+ixf8sq/KX4w/ALxNZ/EK78HWMlvdPDN+5Ky8yRV+lX7bP7K/jjx3pcmq+HPEmpfaIv3l5pM15L5Uv/XKvzD+KcXjD4S/ET7dBql9bSRTcedX7G6tKHu143ifLeGmcYDF4CNPD1b1OXbszmfEf7N3xa8KWEer6x8P9Xgtpv8AUXX9mS+VL/1zk6GuCvLOfT5jBNbyx+0or9h/+CYn/BSD4SWnhG++CX7anw98O/ED4YeIYojJa6hpNtJc2F1gj7VGJf3p6/8ALP8AexeUDF0qh+2T/wAEPPhr8WrW8+M//BOP9pHwN438KyzRedoGq61FZavpf/TKT915UsUX/TXypf8ArrXn18I6lTmoLmj+J+sYTMMQvdxUeV/gfkF5p9/9d61Bt+v5V9E/FH/gmX+1x8NZZJ9R+FFzeQIef7Jf7Q//AH6H7z9K8/tf2Uf2hL9sWHwd8Sv9NFm/wrx6tOtGrySPTWNwr+0vvPNNrYxuqews7i9uUgtovMkkPEeK63xN8G/Gfg25+weJtLayvM/JaTL+9k/7Z1+gH/BFz/gjb4j/AGtPiGnxQ+MXhm4h8H6N+8EEkP7q+l/6aS/+0qmrH6vR9pV2Oqi1iJWp6nq3/BDr9hG/tIIPit4yt4oo5j/x9XX+q/8Attf0W/A/wFpngjwjbWlhyFgjDy4/1nvX48/H/wAba54J8Z6f4A8HQSaJpdhqXlw2lp+6/wCuVfsN+z42pQ/B7QLXXb6S5uV0yLzZ5esnFfPVcurVK8cXVekvhie7iqFHDYNQp/H9o7K6KxwSNX5V/wDBbz4P+I/HnhbUB5P+j/Y/Mhr9M9e8XaZH4gj8LwXkX24w+ZLCP+WcVfLn7VumQfEjwvqmlarB5vlV4WbYuWFx0Kn8py4WE6VK38x/Kv8AH/4Ea74V1m4tzY/u/wDpjXkd5oN9Zxfv7GX/AF1fsJ+2X+zT4Umkkggsoo7iKaWOvifxv+ytPeXVxBpUEssn/TKvpsHm9GtD3jiq0qx8fzWc/wDzw/5bVJZ6bPey/Z/Ir6Ml/ZQv4Yf38FaHhX9lfVprqOxsdKl/6bSw121MdhyKWHr1jxv4efCXVfFWqR2VjYyyyV+hH7Cn/BP3wdZxR+OPibqtt5f/AC2+1/uq5f4b/DDwd8H7CPVdcEcUkX/PX/nrXWePP2ooPHnhbS/CvgCCS2j/ALN8vUrvyf3ssssv/LL/AKa//Ha6sDlea53V9nh1ZdzvhUwmXU+etudZ8ePiF4As4v8AhAPgtY/ZtDtdY8yaKX/VSy+b5v8A36ri/BHhu/vZfPn/AHf7n/Mvm1zcOsaH4bij/tae28z/AJY/8tKx/GH7SHhzR7G4EE/7vyf3MNfqGFy2GTYH2MIe99qR8VnWdzxVT3d/spHvmmz+HNH/AHE99FF/1yqnrHxs8AaPN/ZR8RW0l5L/AKmL/WSy/wDfqvlOHxh8cPjlqvkeBrG5js5f3f2v/llFX1Z+xz+yvofw9H/CY+I/N1LWPJ/fahd/vP8Av1XkY3H0sDS5/iPmJ5XjMZH2tXT8zuPB+m65rEX9qa5BexRy/wCptJoa3DZwGX/R7CugvZ/+WFvRpuj315+4sYPMuPJr4HG51VxVbmR7/D/DeJxNW62Mv+x/9XP5/wC8/wCuNXLPQTNfW/8Ap3lSS/8ATH91LXeeG/g/qupfv7638yOX/wAhV6Z4V+BsFnax+fY/88vOh8n91L/01rJe2qn7DluRYHCUv30jxuz8Ez+V+/gk/wBT/qq6zw38H4NS8vz5447j915Pnfu/+WsX/wAdr2zTPhvYwS28EEH/AG2/5a12Hg/4Y6VeapH59j/rZoo5vJ/7ZeV/7Sr28FBUj0MTi8qwlL3YHZ+Jb6VFj1DR/EIv4o4Yt2oWmr38Yl/df9MvNi/8i1yg164vbuT+ytVjvf30v720m+0/+kkvm/8AkKtCDxr4VvLCSex1zW7a487/AJ4xRebF/wBNfK/dVyfiOax1IyQT+I47n995f/E202KT91/2y8qvmouLqnvYLHYCPuuZoaxr0+j+Z/asEscf/Pa7h+zRf9/buXzf+/VeT/GDWP3Mc+lz232f/Wf8fnmyxf8AkWWtSzs4NH5F9beX5MsfnQ6PdRy/6r/nrLdSxVl+L7zVtStZP+Pm583/ALa/+0q+kwMqT92t8J2Vc5w+Ejz0alpI8t8L/taSeBPEsV14m0L+3Le1l32EjzSpcx3H7r97Hcn95FFF/wA8v/RVfZnwr/aE+FnxJ8MQve+Jhd+bGjwnVILe3vhMQf8Ann5X73n/AFkckcn/AE1r4J+J3wx/tKWO+gt/L/65f62vP4PiprvwY8Z2eq3GqyW1vFN5X/TKurF8NYTMI8+EnyyPnJ8S4PMcTyYqOj+0uh+v0mhfCD4reHLjwd408fxalo9/D9mvNE1C7tZ4pYpfK82LzJYvN/56xf62tn4j/sc/Bn44eXq0F5BbXEVt9nsrrTni/dRf88f3X/LKvgj4f/tZeEru+0nRNZ8IXRg1M+W+raXrpfyv3X/PtLbyebXo+sfHv9r79nTQF+KupfAX4t6N4StV+2m3vb/wvLcyxf63ypLaL97F5v8Ay1/+O14lLIMbGr7JS5Z+pxZ7hMvy/D/WKVX3fO2v4/oc/wDt0/sCfEzwV4Oub3SNSuPs4m8yK7tO3+f3lfGH7OH7fnxG+D3xMj+C/wC0ZcSy291N5em635P/AC1/df63/prX0l8Iv+Dqj9m34sazJ8H/ANrb9nzX/AtndTfZpdchvItStYv+vnyovNi/7ZRS1037V37Df7PXxU0+3+MXwk8ceG9b8P6zD9ps/wCzpvtPm+b/AMtYpYv+2Ve/hlj8vj9VxcPdf2j8P4whgM0wLcveO4+D/wAYfDnjuKPz9Viube6/1N3D/qqseMdBn03VP9H/AOulfG9n4b8SfAe//wCEj8HfaZf30X9pWnnfurqL/nr/ANda+oPhj8YNJ+IXhyOw+3eZHL+8s5q86rls6kJypS90/iHxG4XhgqiqU6Wkj0fwZ4jf+xv7NmP7qRcTRZ6j/npXnnxa0K+PiiPxJYTyR3EXlfvv+esX/PKWuz8L2RAkFtDJ+9qDXtKknspbWWB+OmK8/CYShKk5z+NH5nhOMc/4crfVqVSUaci54J1I6kfPmgj8z/nr5NfQHwT1jybq3g/56zV8r+G9Ym0G6FvN/q/Or6U/Z71jzr+O48//AKZ18LxDgPazuf2V4IcW1sevZ1WfUFnN/ov+orj/ABH4yTQNd82aeKMed++lrsLT/jwj/wCuNef/ABg0b+37CTyJ5I/+eMvk/wCqqMjp0l+7kf1H7WMXc9BtbzTPF2iGZDHJHLmOvzV/4LHf8E45/jJ4MvPiP8P7DHiSwh8zEX/L1F/9qr64+HPxG1vwLqn9k+JoI4pJP9d+5/4+v+mscnmy16xrMGh+O/DsdxAY5Y5R5kMtLOsFicDP61ThrH8V2FSrRm3R+zI/kA+JF54i+Hnii4g1exltrjzpY7yGWH/lrX3B/wAEo/8AgqUfhL4os/hz8R9cki0u/m+zWd3NN+6/7a19ef8ABYD/AIIx6R8aNO1D4rfBXQ47HxBL+8mtIv8AVXUv/wAdr8G/GugeMPg94tvPB/iPSrnTdQsJvLmhu/8AWxS124TE4LiPLuWHxfaXVHn+zqYCvrsf1seG/G2leNvC9v4i0O+juY7qHzIZfOry/wDaF8N/8J5pf7iDytYsP3mm+dX5h/8ABEL/AIK0XH2q3/Zl+OHiOT7RL/yLeo6jN/x9f9Ovm/8APWv1I8Va9Y6la/2rBcebJ/rK+SowxnDuZX6HPnuUYTiPLKmGqq/MfGnxG+Kuk+GfEZ8IeP7GKy1CMRD7Jq37qX/tl/z1i/6a14b+0T+xx8Bv2pNFuL/TdFitdZkXH2u2brX3V8avFvwR+OHw7k+Fnx9+HX9o28Xm/Y7ub/Wxf9NYpf8AllLXxfrP7K3jj4Z+JP7R+APxuuL3TPO/0TRtcm3XEQ/66j91L/5Cr9vy3NqmY5deMYyP4xzrgzF8D51Ovga06ct9U7fetD8//iv/AME0P2pfgRNca14D8OT63p0T/LJp6+b/AOQq8w039pH41fCm/Fv9l1DTdUtf9d80scsVfud+zL8ZfDduf+EN/ae+GklvJF+7/tbTofMi/wC2sX/xrza+hNe/Z1/4JWfH3Sv7J8Y6P4avLiWH9zqssLxXUX/XKWWKsqGZ5zl9f3afueTP2ThHjanmeDhTzGtBz9bP7mfzwwf8FUPi9NI73+r3csh/57RiSsLWP2t/2p/juLjS/AVvrd9H/wAtf7D0iWSWKLyvK/5ZV+t/xN/4I2/s9Wfi28uPhv8AHDTba3+2f6HNL5Un7r/v1VjwR/wTI+APgMW994r+Llz4pki/eQ2n7qKKvbxueVXRjOdOP6/kfoFDN+GqbvKrH8z4d/4Jd/sJR/Ej4o6X4o+IPha51+4udTiN3e6hDL/osX+t82Lzf+Wv/XX/APe/tN42+IXhX4D/AAfj8HeB9LstNs/J8uGLTofK82vN/BOvfDn4J6LJY/DnSraK8lh8uGWH/P8Anyq4v4zeA/ib4rsJPEeq28ssf+s/ff8ALKvj6tatm2NtVjyQj+J9tlOZ5e4/7O78x8v+KvjNP8Tv2w/A/wAObc/aby/1iX/pp5Vr/wA9f+uvmxRf9svNr99vgc0tx8JdFinH7wadEjH8K/FH/gmb+yvP4r/aw1j4xa5BLc3H9sS2WjzTf6r7BLFFL/8AHa/crwbpFvovhq00+D92kcVexmPsHTpwp/ZPQxVW9J8/xXPDvh14V1bVP2nviv8AFrUZ5BZ2sdpoumxf9crWKWWX/v7XHeKtN+2fbJ/+ev8A5Cr6U13TLLTdEv8A7FaxxyXSSyTf9NJa+c/jBeQeGvBN5cf6r9z++r8m4vxCWKhS/mOrAxdamz8q/wDgoT4q0qy+I0mkwV4f8MvAfiP4na1b+HPCuk+ZeX837mKGGtT9qjxJ/wAJ5+0PqHnzy+XF/rq/Uz/gkJ+xVoXw3+Fq/GDxd4fjbxBrkXmxRSw/8ekH/LKKOtqlKeHwtKnS+ORphcPrKrV+GJ8fad/wSs8TQaRHqniqzktjJDyJW8qvmT9qLxV8Hf2cJbjwr4VvrLV9Yi/d+VaTeZFFX6Pf8FC9M/bG/bJ+Kw/Zp/Ym002mnyaQz+I/E88v2eO0Hm+V/rf+WX/o3/W+V/qqm/Zo/wCDYv8AZf8Ah4sev/tIeOdX8fautnHH9ktT9msopf8Alpx/y1z/ANNa+0yHJ8Nh7V8fO/8AdPUzDHZdQwcY4eP7x7+R+HemWXxb+OWvR3tjYXOpSXX+phhh/wBFtf8Arl/21ruPiH8H/iN+z34Nt9V8f+B9W0S3v4f9Du9cs5bL7V/1y83/AFv/AGyr+jnx38Of2O/+Cc/wT1b4peFfhf4I8HaZoWm/NrV/b+XFH5X+q+0XPlSy9a/nq/aU+NXxZ/4KGfHuT4z/ABf+Jn9vW11D5mg6dD5sdrYWHm/uovKlii/1v+t/79V+uZJmrk7UKfJTj/Vj8uztL2XtJSvI+f8AUJvGvjXUPsPhDSbmWS6m/fTQ+bJXrPwr/Y98PQzR+IviIl9qV5+6k8i7/d+VXq/gnwf4c8E6XHBY/wCsrYh1GfUrryK5c7z+tUq+zgvdPm8uwVbHzb+E1PDfhuCGWPSdDsYo4/8ApjD5VeyeG9NuNN0v+yfP8vyv+eVc/wDB/wABX2sf6fcQ/wCt/d+d/wA8q908B/BPVfFUscF9B+7i/dzTf89a/Nc2xNat7h+mZTlMPYctc5P4b/CXVfidqn+gCS20/wD5bTV9AfD34DaVo8XkQQRy/wDXKH/W16B8PfhLBoNhHZDSvKji/wCmNegWej2OmxeRB/22rzsDh/Z/xD6GnXwuDh7OjscHo/w9g8qP/Qf3nnRf+Rf9VWx/wh8HlW8MEHleV/qf/tVdZNz+4gg/56/66b/P/wBto8nzj5EEEn+pr1+c5KuO9qc+dC+yTRiCDypK6Dwro8EN/bzzzyxSRTf6r/prLUkNnBFLJPP/AKz/AJbeVUkJM2qRwT+b+6m/8i0U6r9seRm2J9nhdD4r0Hx5fabdfYPHMH2b/lnNd6f/AKqugvJoby0jmsb6W5j/AOe0U1Yc3nw+MrzS9UsYorjzpfO0+X/ll+9/5Zf89ajOmz6P5k/hv/VxfvJrT/llWnFmC/sXGueH1h+RzYLCYlUowdT3zY/fw2En2e+uf+mPnfvap6lefbP+P4RS/wDbGKjQdSsdYtf3F9FF/wBsZasTywT3X2efVYo5P+es0NeHHNalWhodNOhjHX5ZmPqWg2OpSxwTwf6393/qYoq8r+Pvwy8N2ejXk+q2Pmx+T/qpoa98tLOx+1R+f+9rS8bfs6Xfxx8OWnhPww0dtPqckVvNdiH/AFUX/PWurLs8xdCurH0dHhLGYrDurJ8sVuZf/BBP9lLwT8SWvP2o/FcEt4nhm/lsvCUV3/qopf8Alrdf9s/9VF/21r9Ofi78NPDvxS+HWpfD/wAQWkclvqdpLER6VxX7HX7MvhT9lP4J6T8J/CcSxWOnW4jVsc13XxF8eaT4U8Oajqsl5Hixs5ZJQZemK9meYYjF45VFufH59y0cNUi580YJn8if/BSD4Gz/AAT/AGoPEnhzyPLji1KXya+7v+Df745zeOP2ePGHwC1q+lubjwbr0V7pvnTeZ/oF9F/qov8ArlLbS/8AgVXC/wDBa74b2HinxDqnxNgg/wBI+2eZNLDDXz1/wRT/AGjL74GftsaZ4Kn0+2k0/wAbzW2laxNLF+9i8uXzYvK/7ayRf9+q+izbMJVMA2/jPgOHnTz6i6MfQ/WXxh4DuPt8nn2P/TT97DXj/irz/gP4k/4SSx8qLQ9Um/fQ+d/x6y/89a/QD4wfDfQ5tF+3WFjF+9h6V8f/ABm8K/29peoaVfQebby/67zoa+TyPP4804S3PJ498PZVcCuaPNE9k+AnjGx8Xwpi48zzYK7vVtIWJc459a+PP2G/Hl34W8b3fwp8S3snmaNNFHDN/wA9bXyv3X/o3yq+2fKGoW6bjzXZKKhVnUXwyP4V4tyCphsxnh5Q1jseY+J9Pg0pn1Gf91GR++r039mnxVY3l159jPFJ5s37799XP/G3QPI8BXE1vb/vPJ/7+1+SH7Bv/BX7xv8AB79q6/8ABHx31WKXwrqGsS2UN3/y1sP3v7qX/rlXmZpgZYzC81OOn4s/oHwW4bx91Wpy+G3N8z+mfQ/3uhxy5/5Y1x/jzxJ/wjcvkT+bHHLD5f2v91+6/wC/taHwY8XWPjf4eabrtjfRXMU1nFJFLFL1qT4j6FFe2H2iE+VJF0lr4qnBYSpFrc/snCx9pH2czxf4kQ659lk/sqx/6aQwzTRSRf8ATLyv3v8A6Kri/hL+1/Y+CfH3/Cr/ABx5VteS/vLzT/tkXm2v/T1/rf8AVV3er6jYaNc/YfEdvFuupv3OZoo4rqX/AKZReV5Usv8A0y8qWWvmz9t74V/29Fpd9BfSx29refuYruH91YXX/LL/AEmL97af9cpYvKr7mli8HicD7Ov9o4cRgK1Kvz0Zbbn2RqepaVr2lx30E8Vzp91/qZq+A/8Agqh/wRc+Fv7d/hy48c+ALa28P/EC1h/0PVoof3V1/wBMrn/47XYfsc/tW+I/BPiOP4D/ALQt9pv9oX/m/Y7vT7zzYrr/AONS19Yabeed/wAe8/mR/wDPavyXMsvxXDWb/WsLL93M+kwSo4/C8lSPvn8hfx2+DXxp/Y6+M178M/ir4V1Lw34g0a88yHzf/IUsUv8Ay1i/6a1+vH/BIX/gpZY/tX/D3/hTvxU1yK28caDZ/wDLb/mKWv8AqvN/66/89a+9/wDgod/wTR+AP/BRD4ayeFfib4dii1S1/wCQPrdp/wAfVhL/ANMpf/aVfgd+03/wT4/bM/4JFfHSz+I0Gl6hfaHo2o/bNH8ZaTD5ltJF/wA8pP8AnlX0jzDLuIMH7OXu1ehjSy+thMRdfCftd4w+G/8AaUUk89vL5f8Az1hrxvxt8BofNkvtDvpba8lm/wBb/wAspa90/Yl/aQ+HP7UXwa0fxVpWufaY7+zikh82z8qWKX/lrFLXpGsfAuy1LzDYtH5deNleYYnK8T7OVTlfYeecLYDPMPy16MZI+C9f0344eFbqT9xbalb/APLH/llLVS6+JPxZ022/4nHwc8Sn2020+0Rf+Qpa+x/EvwZvtH/cTaTLLby/6mLyf8+VXPwaNNosvkQaHFJHF/zy/dV99Rz+pKPxn4Pn3gdldSp7WhGUH/dZ8J+O/wBofxzp4khg+HXjJJD/ABf8I5LXG6X8Q/20fiFr39kfDD4C+NdUO/y/s82mSwxRf9/a/TKz8YaHo8UlvPof/TP/AFNY/iT4waV/x42Ilikl/wCWMU1a1M7pyV5yR8vhfDrMcsqfuqM6n+I8r/ZL8E/Frw3dW/iT9q/VvCXg7yv3kOk6d9q1LU5f/aUX/kWvbPid8fvhlNpf2Hw5b+Vp8X+uu7vyvNl/7ZRVw8Pw98f+PJc6H4clijl/5azTVv8Aw6/4J/8Ajfxn420/xJ4rvpf7PsJvtP2Pyf3csv8A00rynj418RzKZ+wcKZTnlOrTeJpKEF8mfRv7Bfwm0fwboelnRbPyre182SGYw/62KX/7VX2BFgw49q85+CfgOw8FaHb+H7W38sWsPENehed/rK9mhUqVVzs+3zWdOWI9wx9e/f8A2iD/AKY18n/t1eKbHwH8G9Q1yeeOLyofMr6s1kwCG4uB/wAta/Nv/gsj8QJrD4N6hoOnrJc3GqXkWnQ2kP8Ay1/5ay1+WZzL69xHCB6mUwfsZNH5/wD7Lvw9n+PH7TejwT2/mW91qX23Uv8ArlF/9tr9/wD4H+Grbwv4Atra3sf3dtFiGKvzA/4I8/syarZ/Z/HGuQf6Zqk3mTTSw/8ALL/nlX622GhRW+irYKJFjMXIil8uvucJhlWrqX8uhvm8lhcFGkn70tWeFfHj9tL9l79irQtT8UfFNotEjWGKUWelWfm3N/8A63yoooov+uZr8v8A9tz/AIO0/iV4G0qKD9lX9hTXNKivz/ofir4xWn2a3l/65WVrL+9/8Cq/UT4/fsx6V4wsJDqv265jlh/c3cM3+lRS1+In/BQb/gll+1D45svEEM/iq98Sf2NDLJpviH+wZZJbqKKX97ay+V+9/wCmvm+VX2mFwtCtVgtzwqWGhLD87nqfn3+2P/wUt/bV/b88TR6x+0x8cNS1u2inEtp4YtYhb6Rann/VWMX7rzP+msv73pXp/wCz54wns/DlvYjzJbzyYvtl3NVDwF/wSY/aY1TVIp0+Hut3PmjzIotP8O3X76L/AK6y19R/Ab/gl1+0neWGL/4c3OiW/wDz11H/AONRV9coPBUrRnofMY2l7f3eU4/R9SvtYlj+z/8ALWvfPgn+zrq2vXUfnwSyyf8ALGKGH975tfQn7NP/AATIt/Cs1vrnjifzJIv+WPk/6qvsD4b/AAB8D/D2w8ix0qOL/prLD5stfFZjjv3x6uXYalg6Op4P8H/2Y/sdpb3Gq2PlxxQ/8ele6aD4J0rw3a+Rbwf8sf8AnjXWT/2HphkIgi8zyaw7zWIDL5EH/PH/AL+18/VxJ1TxNWptMkhmgh/1EEfl1J/y1j8if/VVXh1K3maOCpDeQQ/6i3rOniTWl7YsZHk+R+9qTP8Aq4BP/wBcap/v5oo/+en/AC2o87/v5/y2rpp4k09kWDiaTyB+7/8AaVRm9gN3GuYv3UNWIZhZxfv/AN7JL/rq5/xJ4k8n/QfI/wBIlmrpw1T98eJmXNUR8lfHqXU/CPxnnivkjhuDqN/+987yorqLyv3vm/8AkKWrugwz+JLS3voIPMkl/wBTFaWflRS+V/mKr/7ZXhpIPjDqGvaZo9zayan+81K+1q88zzf3sX/Lt/y1i/65fvaqfCzxL9juri3ngl+2Szf8TKW7m8y6l/55f62WXyv9b/y1l83/AJ5RRfvYq/Xs1yilmWT+25L8x9BUoVKNe5w+vfbvDfiiTQ/I+zXEsP2mGH/prF/n/wBG1oeFbyfXr+P9xLFJF/rvJmr1TxV4UsfiRr2jwWOlebeRTfuZooYv3X/XXyq57QtAOhPqMxsoxJa3f2aE4r8LzClSwlX2MD7zg7DYXOMx9lUXvRt/w5JFcJBO8tw0myP/AFv7rzPKr7R/Zh8DW3hjwxZavqFnGLqW3/0geX5e3/prHXzT8IvhyvxH8daXYSTSyJbS/aLz/VV9CftW/GC1/ZA/Z21L4x3Wg32oJpdtFJ/ZNq8cR/ey/wDXKurKcD9YZ9Xx3jcFgKVPBU5ct/i/JH0dpfirw7ciCziv4wJF/dgS9/8AnnXyX/wUMvr/AMMGd9Jnkjiv7OWQf+1Yq4T9kH/gov8AAj9uxbjQ/hh4jksvE+nw+ZeeHNRm8u+iH/PWL/nrF/01iq/+0h4g8R6nD/wjnjmeW5j/AHv2OX/nlXs4VvAY72VRan84eIeA+q8O1q9CqfmP+25eWPir4aahY65B+8/6Zf8Ao2Kvzr+AN5Y/Dz9sPwH4qvr6K2s9L8YaXc6ld/8APKL7VF5sv/fqv0w/ao8EX0/hfUNKsfM8yKb9zFFX5R/HKzvvCvxBuD5EsXm16WNftqLZ+O+D2YRq1p81T3uY/qw17WIPEngiMwT+bHLD5leD+NvB+lzapcfbreLy5ZvL/c/8sq8j/wCCLf7b1j+1d+y/p/g3xVrsUvijwvD9i1iGab97LF/yylr6I+JGgTw3/n2/7yvyylTxGCx03M/rPFYTC5ll3JLY+Z/FXw3/AOEJ+I1n4xsYP+PWH7NN5UP+tillr6i8A+Ijrek28s1x5knk1xOsaPY6xF9o8j/7bVPR9Yn8HXUlj/q7eL/ltL/qq+yo5l7XD8p/H3il4Wzr1vrOF3X5Hr/xGlstY8LR7jH+68rrX83H/BRr4Ba5+z3+1V4s0OeCSLS9Z1iXUdHu/J/dSxSy1+/k3xO861xPP5scv/Pavhf/AIKWfsx6T+0t4IuLmxg8rVLCaW502b/lrFL/APGq9TLK03alL1R73h5hnkWGtU+0lf5aH0//AMGxn/BRG8/aD+AU/wCzr8QdaEvinwFDFGDN/rbrS/8AVxS/9svMEX4V+ruszQXthIa/kP8A+Ccn7V3j/wD4JvftuaH4/vp5Y7OLUv7O8YWn/P1YS/63/wBpS1/WF8NPij4c+I3gez8V6Frtte29/ZxXMN3aTeZHLFLF+6lr5TiDLalPFe1p/C/zP3LCVKdWnCrE5XxJpGk+K7C88OeI7eO50+6h8uaGvnf4pfBH4wfB3Xvt3w81eTWNDl/5CXh7ULOKW2urX/2lX0p4q0fZqUl/os48yUf6qWq722s6lpv2LWNOzHGP3Uv/AC0SvGweYVcNGVOrHTz1R9VHCYeShUXU+L/jZ8GPCvjDwRHqvg6D+zbeX/jzi8n/AI8Lr/nlXoH7EPxy13xJYXHwy+I08X9saN/rv+msX/PWu3+LPwtmubK81Gxg8r7V/wAfnlQfurr/AKay+V/y1/6a14Bps8/gPx5H4igg+zaha/8AbLzYv+eXmxf+QqMX/tWG5Piic7y2phJ+0pz93+tD7Yms5/8AXwVxXxn+HWjfEPwpeadq+lxXMbQ/vYZYfMrofhj43sfGHheOcf8APH/lrD5Vak4E3+hTz/vK/O8bQxeX4nnpHp4DERqfEfCfwl+A3gf9m/Xr3SvA/hz+ybO6m8yG0i/1UX/bKvqDwTqU3kx+ff8A/bGj4g/CuDUpZLj7B/rf+W0VY+geFJ9Hi8ieeTy/+eNR/aSxUuefxn0MqdGVH92esWV34V1iHN9BFL/z2rD174V/DHUv3880UX/bauTlh8n/AJb3NSaPrH73z/8AnlN+5r6PB1atWlueNVp0k92WIv2dfB08X/IVlljrU8NfsxeDtN1SSfQ9Kto45f8Anr+9lrY0HUrGGL9/B/5GrpNO8bQgboIP+3qWWLyoq6KdSn7S1Q8+pKcfdpljwr8GPDug+XffYYv+m000NeheH9Jt7RBDb2cfl/8ALauc0bxRDqMXkCD/AFs3+tlm/e12Om3Fv9m2Y8v/ALbV9Dl2GX8SB4eNni72mXIbOD7V59SQw/6Vcf8ATWo7OaDzfIqxB3r6jDaniVdzD8WI0UEkUaZ/dV8BftJfArxF8cPjHo+ia9pXmaHpfm3t5Nd/6qWX/nl5VfohqECuDxn91zXCeNvBOhtbSXK2cfTbIPKr5DMMk9nmP1lH02QY+nQlyVI7nAfs4eFvBXw8tbfS7GG2WSP/AJazQ/8AouvfY54JYNyS5P1r5Igl8S/Db4hvYyvLcaNqLfuZZT5nlS17/wCDdauNQh8hJXjnihz+9/1csdfV0VTjhL0jp4hwEZS9upaM7m8htr2LyZhmuauvBumxJusYYv3XHleT/rf+WtZusfFrQ/Dd19h1y++zSf8ATWtCz8eaVqdh59jP9pt5YZfJmhq8O8bSftD5VJ8ujOb1jQTNz9hi/dfvPOmh8v8Az/qqw73wVoR/f309tHH/ANda7HUdMh1hpDeLJbvHN5cVyg/6a15t8TtG1vS5ZPOsJLnzf3kHkzf62u6licVi6lkznxtWhlmBnXn70jl/iR488K+CPMt7G+jl8ryv+W1eT6l+0Z/bMskGhweZH/z28791FWH8fvBM82l3E2lT3P2eWGX9z5372KX/AJ5V5P4J0GfR9Gt4Bf8A7yKGvGzOpUwOItM/LqfF2KzXFezo7HvF548MMUnnzyyXEv8Ayxl/5Zf5/dVXs/G3nS/uIK8/028gmupIb7ypI/8Anr51an2y49B+dfO4jHSc9In6NkirVf4x6Bo/irzovIn/ANXXQWd550sfkV5fo800Ikgx5tvL/wCQq7Tw3eX0P+v/ANZ/y2rClja1z9IwmVUa1I6wT/uY4BRef6HL5EBj8yX/AJbVlzXn72OCH/Wf+RaJtSsbOLz/ALd5kkv/ACxh/ey162HqTmdtLIKrnymheTeVa/v5/K/6ZV5n488YQab9snvb6KP7LDLJNN/y1i8391Xca9eNFpX/AC1k/wCuU3/x2vn/AOLOpeTotx5999pkimlufK/1Xmyxf6rza9/LKVapW5T5ziLKaWX4bnqHo/7T/hrT/EGuXFrBYxyT/vfOlGnWtzLF5vm/89YpYv8AW14VBoGt+G5bjS38r/Rf3l5p8Xmy+bFFF5v/ACyltYpf9bJF/qpfKir7C8efD2DWL+4vp7L7NZ/bJZPJ/wBZ/wBcv+Wv7qvN/Enw7sbPWbfXZ4I/+faz8qaLyov/AEVX7DlGfUIYL6vU2PJoVo1KcouXwnT/ALEfhey8X6nJqotv9Hl02K482X/Wy/6r/W/9Na8g+KuvaVafFDxhATbRRxeKrq2hilhi/wCWUtfWf7Fvg3TNGbVbi1WIzfZIo5RF/wAsq+GP2gbn7J+0b470Ke6mj/4raX93a/8APKWXzf8A2rX4rn9JVM2qVaex974eVIUc6lL+ZI+p/wBhXw9F4h8R3XiONs/Zj5f0lr3/APaa+Cui/G74Vax8MdeX/QNZ02W2ml/55fuq8j/4J03Finh28gtY5A8N0f8AW+V/7Sr6W8VWX9o2MluJ5Iv+WnnQ1tl2K9lTpyPJ49rVK+fT5/sn8g/7UXhv4/fsTftS6hY/2rq+geKPCWvf8S3XNJvJbaWKWL/VSxS1+vn7BP8AwVt8D/8ABRP4GW/w/wDjxodjpPxM0GHy9S1C0hiji1mL/n6ii/5ZS/8APWL/AL9f9Mtz/g4c/wCCftj8SPh/Z/tUeGtCiudUi8qy16aKH97LF/yyll/65V+Fnw48b+LfgT8S7PxF4Zv5bK80zURJkV+r0suoZ1lca6Wsftdj8c4vpYrE5RVoR+1Fn7D/AB48K+Tql5BB5dz/AM8ZvO/1tfm/+2/+zrPqUdx4j8OaVJ5lrN5nk190fBr9o/S/jh4Ds9UnnilPk+X++h/7+1oax8MfDvjC18kQfvP+etfKV6FbLq3vLmhI/lLg3H47IuIqkb8rj9l9T8t/+Cf37ZXiz9iX48af4/gMsulyzfZvEmn/APPW1/8Ajtf0KeCvjl4O+OXwu0/xj4V1W2vrPVLOK5s7uH/lrFX4f/8ABQ//AIJ8eK/hBaSfHDwR4Xuf7Dlm/wCJxFFD+6tf+mv/AFyroP8Aglr+3trvwH1H/hTvjHVZP+EfupvMs5pf+XWX/wCNV4ucZXSzHD+1ofFH8T+2+GOKVWwcOdaS79D9fP7eghuv9R/9tqvrxt545Af+Ws37n/P/AGyrl9B8YaT42to9csL6OTzf+WNdJDefbLX/AEj97+58uab/AMi18hh/bYeXLI9jM6GGzCjzI4fU9SnspZLC48v/AL8+X5ted+K9SghluIJ/9XL/AK6XyfKr1zxjps95LHP5HlSf89v+estef+KtB/0qOcwfvP8AljX1WW4nlrJn5zjsojCn7p+d/wDwUC/ZXn1i6uPH/hXSv+JhF/x+Q+T/AMfUVfdH/BvJ/wAFIL7xh8L9U/ZP8f67H/bngjTftOg/a5v3t/pfm+VLF/11i82L/tlLF/zylrH+JHgOx17QZLeex/eeT/rov3lfn/8AFbwl47/Y4/aF0X9pb4aWtytvY6nFc3n2T915X/PWKX/plLFX0+Ow1PFYOVuv59C8izGWGqeyrfCf0UQ/tOQQSyWGq2Xm+V/y2hqzof8AwUD/AGevDmpW/hL4lfEjSPD8d1N5drN4hvPsUUn/AEy82WvmL4M/ELQ/jB4E0vxvoc/mWeqabFc2cv8A0ylirj/2wP2ZNK+P3wh1TwrqsEnmSw/6HLF/yyl/5ZV8ZheHpVV++PzDNfH95Zxf/ZdSn+6jLl5uvqfpR488NwaloEmueHL6OWOX955X/PWvjv426ZD/AGp+4H2a8/5Y+bD/AOQq/PL/AIIq/wDBWf4ofsy/HdP+Cen7XHjG5v8AwdqF5/ZvhPU9Vn8yXQdU83yoofM/59Zf/IUvlV+jP7SA+x38n+j20tnL+88rzvLl/wC2VYUMq+qYr2fxQkf0tgM6o4/Kfawlo9UaH7Ovxa/sG5jg/wCPbzZvLmhm/wCWUv8A9tr6Qh1eDUtPj1WCf/tr/wBNa/Puy8SNo995E88ktvL/AM9v9bF/n/nrX0h8DfiPPrFhJY308Usn/L5/8drwOK8i9nS9pTDKc1pVMT7OZ7vp2pWWpDyJqnuPAunakuUQVxs2sHR/388Evl1YtPjBpUX7iG+/ef6yvyWeBrOt7h9m3NxvTNTVfhuqfdu/Lx/0xrl9Y+w6D/x/ebJ5X/PKGn6l8e9NZvKhm+T/AKa1558Sf2ifAGmWMl/feK7avpctwWYtckYnJUr4aNP99I6DUvid4cs4v3E8n/PPzpqw734zeG4Zf9O8R+bJF+88mvmf4tftseB9Hikn0P7NJ5X/AD2vK+N/jZ/wUyn06/kNjfxW0f8A0xr77LeEsdjKfNUgfDZnxZlWBrezpT55n6wTftdeFPCktvPfTSSW/wDrP3Vdb8Mv20/Cvj6+gl0fxLFBcS/u5rSf/rlF/wDbP+/tfzkfFT/goSuqQ3Fvc/EbxtcmaaX9zaXn2aLyv+2UteLXH7cXivTL77f4U8XfESxljP7iWL4hcR/9s/stfQS4alhaPIpoywXEksWv3lN/M/sl+H3iuy1y0TVLe5j3tJ5M3/bM13UE+Yf+WdfyLfs+f8HH3/BTb9nrST4dsvihpniTTwf3UPiHR4pZP+/sPlSV9nfDH/g878c+HLOC2+In7HEeqmPyvOmtPGvlGT/np/y6VjhsHiKMjbF1MPWfPA/oXvP30Wa5LxV4e13UtSjt7KcC3aGWTJr8GfiD/wAHrXxRvZZF+Gf7D2k2Mcvmf8hfxtLc/wDoq1ir1X/gjJ/wcZ/tCftx/twaX+zx8f8AQ/Ctha+K5rhdFstH066+05jtLq64lEvlCKL7Pj/VZ/fGQyDyiJeuvlv1qFuc5sPiKlJ+6fsNb/DWKWxW0v4BL5Z+TzRWho/hCDR5PP8A3v7quosyLywjlI8vzetH/LKvNWHeEh7M6amY4mtD2czzP41/D7/hJdBuD5HmfufMr4n0f9orVfgP8VpNC8R6re/2fdTeXNaXfm+VX6N3kdteW/2Wc8iviz/goD+zTB4qtLzVdLhkjuYv3tnND/yyr67IsywcqMsLVXxfa7HyeZYTGKXtqdTl5deXue6fD3xtDr2l2+uaVqsd9b3UPmedWh4qM955kE8H/XGH/nlXyX+wj8WfEfhy5uPht46sra2uNLm8z/RIrq5ltYpf+f66l82182X/AJZWsUsXlRf8sq+sLyaCaP8A5ZeX/wAsZv8AnlXh42jPA460Xoe7+7zLKkqh4/480eDUpbyxng/dy/8ALGvl/wAb/wDEg1m4sT/yymr641iz87WZP3FfPf7S3gP/AIRXxHb65fQS/Z7qby/OhhrizqosVhfOJ+O5Vw/XwvE3NR+CRweg+fqUUnkfupK2NO1KeHy4L+Cuk+G/g/StYsI9V0q48yOWby5q7i8+Epmi4t/9bD/rq/OqmcU8LV9nWP6Hy/Jb0+c4/wAN6nY2d3HPfTxeX/01r0zRprH7BJ5E/wDqofMhl/55V5X4w8H6r4bi/fiTy4pv+/tZ/wAH/idB4k1688K3E8nl2s0scP8A0yruVWjXpe0pn1eTxlGt7KZ6pDrEGsX8k97Y/vLWH9zND/qvNrFt7i7eS58SXnmy+V+7iljh/wCef/TKKtrTNIvZ7WSyt4P9dN++8r/llV++8MqsENsY5U+zJ5mAf3f/AH7l/wCef/o2vscow3tacJs+8hPD4aagchrOsX1voE0+p6f5qSfwxQx+XJ/01j/df+1a+c/2ivFROi6hcT6rJYxywyx/8fnmy/8ALL/Vfuq+mfHXhS6vNMS00uz/ANHsf9Im8uPy4/8Arr+6/wBVXxl8f7yG816Sx1X/AJZf8sfsfleb/n/0bX2WU4bmxh+beIVel9UufpxLrGhfYP8AR4ZfM86WTzpv/wB1XJ+MLODXrW4g86OK4lh8z97N5fm/9dZYv3stWLyzmgm8ie4/ef8AXH/0VFLLWf8A2bPqV15EEElzb+d/qv8All5v/PXyq83F46jhpS9mfmvsq8qsVH7R6t+yM9wvhe8W+llMsbfvPO8rzIq/Pj/gpx4Wv/hN+3lZ399AbbQ/iDZxXNnd/YvtP+lWsUUUsUX/AJC/7+1+kPwH0z+wYriCcyeZL+8rx/8A4Ks/sqt+0b+z+uueE9KFx4o8I6j/AG14eQL+8l8r/j5tf+2sXmf9tfKry8G/rXPzfaPseGsZDLM3p8x5n/wTg+KdufFl54bnvY/M/wCPjif/ANp193Xlxmz86A8bcivx4/Yd+JN94a+Negaus8n2PUryXT7uZv8Apr/qv3f/AD182KKv1h0S+tD4Pjnv5RcSES4+1VlXwM8NKCPqPEHAKWPp4in9tI534k+DNJ+LXw91v4W+I9Na5t9Ys5fO80/6r/41X8xv7dX7Lt/8GfjxrGlarYy20cWpSyQ3cMP/ACyr+m+88U28JuLe3MfmS/vP337v91/zy/z/AM9a+EP+CqH7A1j+0jp9x4x8HaF5eoXVn9os7v8A5ZSyxf8ALKX/AJ5Sy19vw7n6y+tKjP4JKz/zPzjNsorV8BKC+Ldf15n4/wD7PvjzV/hZdW9kzSxafdfu7yK7m/1Usv8Ay1r7c+DPxCg1j7PP5/8ArZv+e1fL/jz9lj40/DeKP/hJPhzqUVvLeRedd+T5kUste2fA34J/FvQbq3vr7wpL9jl/5axQ1rm2Kwco8sZ3ifz9mPAOIq5msXCn73U/Qj4P6D8Ofi18ObzwB4/0q2vrO/h8ub7XD+6r8h/+Clv/AASR8Y/sZ/FCT4jfCTQ7m98D3955lnFD/rbD/pl/1yr9NPgbqeueEL+P7fBJ9nuv+W0sMsXlf+Qq9s8YT6H8TvBtx4V8YWMVzZyw/wDLavlMFingMbdO8Jbr/I/YcvymrHKoU0vfPyD/AGOf2tNc8K2FnpPiPzPs/k+X/pdfdHgn4kaV4q0+O+8+LzJf+WteR/tFf8EzbH+0LjVfhlD9huP9ZDHF/qpa4f4feFfjh8Kr+4sb7SpZbeKby5vJ/wC2UtdOcUcDWj7SgaYSeNoT9lM+yLP7DrFr5A/dVz/iTwTP5Xnny5f+2NZ/wT1i+8YWscJt5ftEX/Pb/W16RNoN9pvmQX1v/wBdq+eo4pUa3IepVyjE4uj7SB5n/wAITBNL+/sf+W3779z/AK2vD/j9+zfpPiW21DQ9QsfNt7qHy/Kr681LQbCzikaD955U0tc/r3huC8/fz2EUvmw/66vrcDmS2Z8Tm2S4yjTm6ZwH7Bvga6+FPwt0v4eyXEssGjt5dn53/PKvouEwTQyQZi8uX/pjXm+g2f8AYM0YsfLjj8n/AJ7V0mm+JPJ/1Fez7am/4Z/EviHw9mNHPpYur1Pyj/4L0fsg3PhH4hQ/tL+DbHy7e+kii1r7JF/qpf4X/wDaX/Aa+rf+Cdn/AAUH139sb9jv/hHviB4pNz4v8Em1stXmu5vM+1fuvKtrqXzf+evlyRSy17z+1R8JvDXx8+D2t+DvEFtHPbXunS28iK3Ir8Tfgb8RPiL/AME6f2ypfCviS9Memy3v9leIzLF+6utPll5l/wDatcs8Mq8rw/r/AIc/qzwb4jjmHD31DE1P3kI6fp92x+oGpfEKCz1CS3H7qP8A5417p+zf8ZrHyrexvr628yL935000X+lWsv+q/7a18l/FPUbEyx+MdK12K5t5f8AXSxTS/8AkX/47/y1q58JvjMNM1SOCe+/dy/u/KlvP3Uv/PX/AFtVjsshisF7OcD7vA4xRx/LGprE/Vyys/8AhMPBMk/2f95Xyf8AHjxJ4j8E2FxPY31zFbxTeX5Pk19OfsTeNrH4qfDXyft3myWsP2abzZv3v7qL91/y1/55Vwf7YHwS87S7yC3sfK+1Wcv/AH9r8Olg4ZdnMqdQ/V8LmMsTgpQgfA+vfGecGSe31W5k/wCu1cXr3xs1X95mCKo/jN4P8R6DqsnkWMv7qvJ/GGsX9na+eJ/L/wC21fquX/UlQT5T8kzuGY/XOWNRh8QvG39sSYvr6KP/AK418/8AxO8BaTr/AO4guP8AW/8ATGu8ms7/AF6//cTxyyfuvO86tjQfgB4x1m1+3WE0Unmzf89v3v8A11r3aGeUqH7uS90+UqcO4z23t4T98+NfGf7NfjNYJtR0yD7TJ5v+qirzPV/BfibQLj7Pq+jXFvIB/wAtYSK/Ubwt+yN4yvbryDf2Vl/yz82ab/W10i/s9/EbwrdfYdc0qy1aOX/pj9pilrOtiMmxc9KnKejhuIM0y1+zxdL5n5AiCRcoY2PqAKFjuJvkhhkOPQV+uereCf2U9JupNV+L/wCyX4YvLj/VzQw+HPs3lf8AfmvUvhH+2h/wTo/Zg1SHUvh5/wAErvh1e3N5Dze6rpP22b91/wA8jL9q/wDIVcMsNSWsKh9hl+a4TH8qg9ZH5Wfsj/8ABOf9tj9unXRoH7Ln7OfiPxRHHKYrzVoLH7Pp1kRz/pF7N5dtEeOjyA1/QP8A8ERv+Dbi1/4J3/FCx/a1/aX+I1r4o+J+n2E1toGj+HRINI0P7TFLFLL5sgEl3KYZfK5jiji82X91L+6lHYfs9f8ABaXxF8U9KtvDXwW/Y+MdvbD91pOm2d1bRR/9cv8ARfKr33Rf27P2zp/LNx+wNq5SUcEeITHJ+UtsK8idWNKpyM+ojldedPnhKL+aPrwM8ce2OMf99VRuboxpsJAP1rz7wj4/+IPxd8DSao/gi48M3l1F5flXWoYli/8AIVfI/wC2N+0B/wAFEv2KfD9x8UND/ZwvPir4ctj5l/F4T17zL+1i/wCvbyv/AEVXHiaVat8EfxRjh6NKcpe0kouPqfeUN4Psz+cOa5T4heFbDxf4cvLHyP3nk/uZq+Cf2HP+Djn9h39ri8tvA/i3xXL8O/E8o8sWHjWeK3ill9I7kfuvwNfoPoktvf2kd9DL5kcsPmQyx18/N5rl+J9o4e4zoqYOlUjeWqPh742fCW4+G/meP/B+leVJLN5l5+583yrqKL/2r/qv8y19IfCXxVpXxC+HNn4ksZ4/Lls/Mh82rnxU8Cf2jpd5CYPMjuof9Uf+etcd+zFoi+F/CVx4O0+G4MdrLdYilP8AqvNl83yq7aue0saoU5/Eb08otgpzp/DE2f7NmvNez+8/e15d/wAFOLGw8O/suajrU/lxXEMMUUMv/PKX7VFX0T4W8N/6VJfzwf6r93X5rf8ABwb+1jP4d8G+HPgD4c1aOP8AtrU/N1j/AJ6+VbeVL/6Nkip0oVsdjI0o7Hz1GODy+nKtU3IP2If2hPtni2TwrPPF5d1Z/vovO/5a1+h/g7wfZ67osc6KkqeVxX4QfsK/E7W4f2jPB5gg83zdS+xTf9NYpYpa/f74Ao03gC3lx8+yvkOL8haxvLTPpcpz1YrA89P7J5x8U/hBY6npVxZXEEvmeT+5mr4Q02G++G/7Utvbweb/AKf5ttNaf8spa/UL4kwQ2tgZpYcHtXwP4v8Ah0vjb9qpk01zHuEtz50H/LOuDhilVeJlhpn3mQVI4xRqT6Pc988DQ2d7JEEs/lby40/cx/uv+mv72Oux8ReFrO10b7SRIbiWOXc0cXlv5v8A1zi/5af9cv3tcn8GLKa68TXaXEePsyRKfN/5dpfKr1Dxd9lh0BtJ1GXzxcjy/s90fN/9pf8Ao2v0v97hOSFMvOcTKljoqmeOXvhOLXdIvru9tLf7Pa+bu32EUvlS/wDXT/WxSf6v/pr/AOQq+G/jxo9j/wALuuNDngikktZv300tnFFL5v8Azyr9GfiDqknhnwPA2mybrqKHm7gmj/df9tIo4v8A2lXwtqXgO31nxbH4jg0OTy5bzy9Nu/3vlX/m/vf9b/zy/dS/9+pa+2yCo6jufJ8RUq2YYW9j9CLPw3Y4k8/SovLrQ03RoPtX2iCDyo/+mVdJjP8Ax7wfvP8AW/8AXKiGzn8r/UfvK/PcTKnVrc58tTpVr8hY0e8/s26jt4IIvL/5bV1UEyalZG2aDGa5mHTr0RRwQQyeX/0yhrUs/O027txNYyf9MfOmrrwtXkNXTdF83U+Av2n/ANmHRvgZ8ff7e0LSZI9D8W6n9tEQ/wCXW/8A9bL5X/PL/nr/AN/a+ndL8eajffDHT70yDzIoPL1CGuz+NngvQPidoo0/X9OPlw3cckEssX/HrLGf3cteI+Vf+HdX1HwrOfKRYvLMR/v/APLKWvpK8VjsJFr4on6Rl2KjnWDpU6r9+H5bFvR/iHBqV1m+uLmSSX93N5X/ACyrq9D8W6LqujFLxFNu80siebD5vmxeb/ra8E1jxJPod1JD5/8Ay28v/Vf6qmr8bntbryZdSkEkX7ubE0sUUVfIVYY32t4Hs5nlOCp0uXnOq+PH7Pfhzx5oNxPof2aP7V+8+ySw/wCtlrxs+G9X8IRf2Vqtxc20lr+7hmr0Sz+Nljdyx+fBFJ/018797/39rU1j/hDfiFpfkT3Hlf8AkTyq58RXxK/iHxtTLcFCXxe6eN3msf2bF/pE8cX/AG2oh+Kn2T7OPPj8yrnjzwHqvhUyQ+f9pj/5Yzf5/wDaVeP+MNY/0WSD7d5sf/LaLzv/AEb5v/22uuj++pXH/ZlHk5qUj0TU/jlb+T/p19/qv9TNNNXD6l8bPDllqfnjxHY20n/Lb99XlfiXTL7UovPgg+03Hk/8tv8AWyxV85/G6z12zv8A7dYzyf679zXuZZhHjU6c9DwMbGOEq3cD9FPhj8QrCbVI9Vt57aS4tZvM82Kb/W/9Mv8A0bXqHiTxVY6lFJBB/wAe/wDyx83/AJZV+U/7HP7S/iPw18RpND8VavLJpdreWtlNN/0y8r/47/6Nr9FItYvodLt/I/1d1D5lnNXi51ltTAV4s+v4eWDzCjyly88VLDdSQTwebb/88f8AWS/8sqj1LUoITnyIpP8AnjN5Nc/eTfbL+SH/AFd5+9kh/wC/vm1Xm1OCExwTwf8APWPyf+eVclLE1jlzrhtWNSfxJ/yw/dVHpuvfvpIJ7iOuT8Saj/q9Qb/ttVOz8VQebJP59fW4HGVvZn8ueJfBFHFUr9TuLzXr7ypIP/R0Nfnl/wAFW/2aNO8a+D7j4j6dbfZta0f96Jv+fm2/5aRSf+ja+7bPXoJovIP/AJGryf4z/DeD4qap/wAI5PBLLZ3UPl3kX/PWKvpMHjKeGhz14+6fkfBeEzPKc1UaG6l+B8v/AAI8VeI/FXwk0+38VQeXeRWcUc3/AE1//e1X1HUtc8K3/nWIli8qbzPJ8nzfNr6Am+GPhzwH9o+z2PlR+T9m/dQ/6r/nl/qq+f8AxhrEE1/JY+fJ/wCRf3VVh88w2YSn7PofolbDZtleavEyfuSdz78/4I2/taQf8LQk8AX19HH/AGzD5flTf89Yv9V/7Vr9JPjn4Dg8beHJJ/I839zX88f7Ovxa1b4P/Gnw/wCP9L83zNL1iK4mi/56xf8ALWKv6NPh74psfHnwms9csf3kd1ZxSw1+YcaZdyYiOJXU/auFc3WIjZnwX8bP2VrHxJpdxff2V5vlf679zX5Mf8FR/ENp8ANcGn6NMTcnpDLX9A+sfEHQ9B0vxBPfeXLJYQyyf8sv9b/zyr8F/wDgsl+zhqvj3w1P8YNLsb691uw1jzJYobSWT7TbS/6w/n5VGQ5tTVH2VQ+jzbJ5V6qr00fnbd/tMfFqaXdD4k8qPzvMxFBHU+j/ALWnx60a48+w8f3sP/XM19R+Lv8Ag3A/4LD+FtE0zXbf9ke81lNT0+O58rRNcsLiS1z/AMspYxNkSe3NfIPxf+BPxl+AvieTwZ8aPhV4j8J6rF/rdO8RaPLZTD/tnKAa+k9tSnHlueL9VjB6w1PY/C3/AAU6/ai8K6hZ3EPju6litbOaMRzwwyAySxyjP+q/6a13+g/8Ft/2nfDOlfYdF0jRI7jyfK/tCa38yXy/Sviw56baAXAK/nXM8HQk+blMa2FoYj+Ij7r1n/gt78c/EHwn1D4fa78N/D+parqo/wCJj4q1AyyXeTnzPK/55f8ALL/v1V/9lj/gsD4Z+EWsC5+Lv7PsOr2lrPYz6auh6j9nlimililkl8yX/lqfKjr4KljlXGYtv0NNSC4DZ8tvqRXQorl5LGWHwGFw8r0oWkfu58KP+Dm39jv4RXFpeW/wA8R6jJJZRXU/2eSEeVdf67yuf+eUsn+t/wCmVfRHjH/g7q/Ya0HWZLHw34L8U63ZxXfl+dDZ+VL/AORa/mbjimmk8lF+avYv2w/2KP2gP2E/iRYfCb9ovwzY6Zrl9oNrrNtbWOs2t9EbW5MnlHzYJJI/+WcnftWdTCwrRStax10pSpM/d5/+Dvb9k+O+s5E+HHiOa3mhluNYEVn5clrL5vlRRR/vf3v/AD1r1XwL/wAHYn/BLDxddW9h4k8V+J/D/m/6671DwrLLFF/3582X/wAhV/LVD59SeVN6VeHpQou5VRKoj7u/4LO6l8Df2lP2+dT+OH7DXxS0j4haf8TLuKS28PeFtHv49Tiv/KiilEltLaxebLLLz+683zavf8E9f+C1X7dH/BN7Wl+D2q6tqOveEdKv/Lu/AXi1pYn0xwcSRWxk/eWh/wCmeMdzHmuB/wCCIn7W3wn/AGGP+ClXw3/aT+NVvL/wjej3V9Z6jqETfvLFL6wmtftRjwfM8v7Rz7H6V+vv/Bxlp/8AwSc/aq/Yu1T9pD4ZfGX4Yav8XdIisLzwxqvhLxFYy6nrFvLdRCS1uIoZfNliEUssn7wZi8vtznLF1HWfs5fDI9HKpVI4iMX7x9kfsP8A/BTX4P8A7e3wtbxH8PNYjN3bRRf2lpE8372wk/6a17x8KvDCW7X+qG3fF1L+8Ffih/wa2fs2/EIX/i/9orVra7ttD1Czi0jR/Nh/d38vneZLLH/1y8ryv+2slfvZomnL4e0HLr5hUDINfIZhlFHBYyE4SufYZnWoYfD8tFW594lPyVHh24P+r/1tfzs/8FlNeuvF/wC2Zq+lC+k8rSLaN4PJ/wCmmP8A43X9E1nN9t8G3lvB/wA8ZcV/Or/wV20SfQv22tb1C+83/SY7ZIfxx/hX2HC041qtRW6I/BuN8RVwtanFd2d9/wAEl/hLb+PfjJ4bvoNJik/svUpbmb9z/wA8rWXzZf8Av7X71fB3Sv7O8FR2zL0Nfkr/AMEDfDcENr4g1XyI/M/dRw/9tf8A91X7E+HbL7DokcOK+azv2lfNpv8AlVj6zhmEqWRpS+07nGfGXU7TTdEnnkH/ACzkr50+Bfg+81HXtS+IviNpHmlHlwSy/wDLOKvof4yaUdfhj0yH939pl/e1y8/hSDQdPg0XT0eLjyzLD/yyi/z5deZw7gJUsznWl8J+q5NjYYbL+RfFI860iAeHPGs3iG/vYbZmWeNXziOS1jltpZPN/wCeskcb3Mg/6ZSH/prXZavrFrql+bO8SS3i0+by2ikMU0fm/wCsji/79fvf+uUtZMdhBa6jJPYXltZRLptuftsgH2NLj+DzIv8All+6/d/9cpf+mVc1408bPpnm6I1jLavDPG97FJfxouLmXzz5kh/1MttKPNjk/wBVJHJ+6z/q4v0GphvbRFVqSq4pXOB/aB8Wanq2tWPhqaMzXFx+6ie2m/4+v+Wv+jSD955vlRf6qSX97F5v+t8qud8N/D2CG1j1yCCxijsJvs32vyYvNil82KL/AFUsXm/9cqNGN/8A8Jv/AMgqOy82aW2mi8mX7D/rfKiiltvN820l/wBVL+6/df8Af2Kuk1KaHUtZt9DuIba5uLWb9zp93eRebLL/AMtf3XmxSxS/8tfK/wBV/wAtYq93LYVcLR5T1MRSozpwjTPtz+x4PN/1P7z6Uf2b+9/fwfu63P3EMX+orm/EmvQQw/62OKT/AKa18B7OlE/M8Kq1etoW9R1W2shyM/8AXOasTWPG+ki5jg+3f63/AJY/89a4nxd8WdL0jT3M3iOK3Y/6uVm/d15F418XPqOsSXVp4gj/AHsHlyxwzfvIpf8AnrHX0OTcPYjM6t0fY5bw3VxL/eHsus/E7w7ZPcaZe6kLryoYo+f9V5UsvlV4h8UfFi6tdQazMkVvLYyy202f/IVYc3jKeytrg308Ukf2TyppT/q/9VF5X/kXyq8++IfxPtba2tdQS4kdpXtvtYFvL5svl/upf3X+t/5Z+bX6plfCbor2fLzH2vD3D6wuKtb5jP2grO4h0r/hKbBcCT/W/wDTOWvHLPxsNeGZ55fMi/5aw/upYq7ibxX/AGxa3nhTVb7/AEf/AFkP/XL/AJZS15PqVn/Y2vSef5UXlebHN51c0OEasqlSMY/CeXxvhsThJRqx+B/oSeJPEmq+G5fPgvrnzP8AWf66uo8H/HjVbO6jg8+WX9z/AK6GuL8YXljN4c8j95JJF+7h/wCmsVY/hvWPOi8j/VSRf8sf+mVfnmf5NVwnPz0z8x+v1e59KaD8bLbxVY/2Vqpilj8n9z5tcv49+Etj4kij8VeDp/3kv/LL/wBpV5nD4kgh8v8Af/8ATSu08B/FqDw3deRqv72zlm/fV8RSqSoux2Zbm1SjWtIPB/wlsry6/twQeVeWs0sf/XKXzYv/ACFVf4g/sT+FfiRYXB8j+zdQ8mWXyZv9VdRRS+V5sX/TWvrr4X+D/Bvj/wAN/wDCS+Dxbfbpf3lpqMX/AC1/+203SfAdrpkvkNH5UcU3mf2d5P8Aqv8AWy/+ipf/ACFX1eUZlTpP4fePtpUsvzKifk38SP8Agl3+0L8N7/UNW8K+HJNSs5bz/lt/rYv3VfYH7N2g/FvU/g5pdj8VNEubLULCz8vypof+WsX/AC1r6vuxqljYf8I5eQxy2/2OLzv33+ti/wCWUtM/smCKSQ2EPlSf6ua0mH+q/wDaXlf9ta93HYinj8Ooy5ZW/A48swWHynGOpDm/RnznD4Pnm1WP7d5vl+R5fnQ/9cqPGHgOe7h6y+Z/q/8Anr/01r6I1LwFYw6X/oNj5X/TWWH/AFX/ALS/56/vf+mtZ954Ut7yGPVfI/0eLzfsfk/6qX975sUssv8An/lrXyP1SPtOU+rxOaYTFULyPlfXvCuq/YJIDBc/6nzPO8n/AL9V5X4kvNV8K3X78XP/ADz/ANTX3xeeCbG8ijgn0qLy/wDnt/z1/wCeX+f+mteR/H79lH+3vDkk/hyD95F/yym/5ZV1UJrCv3j8o4ryvC5jQcafxHj/AMH7ObxVN5EE8sskvlf66vSNZ+G//CN6NIPsMvmS/wCummhrn/gDo0/wkurix1aD95F5Uf72vXNS8V6fr1hJbz/vY6489zHE+x5YfAfl3DnDuGw+PnKfxHyP8eJp9N8JahOD/wAsfMr4C1nx5Y6l8RtYt/Jjij/1kMP/AEyr9Sf2hfg//wAJV4S1D+y4P9bZyxzV+MfxUvNV8B/F+T7eJI/30tt/1yl82u/hOVOph5yR6XEOUSq05RZ7BDqX2O7jvoJ/9VNX7qf8EkfjxB8SP2af+EV1WfzbjQZorb99N/rbX/ll/wDGv+2VfgPo/iSC8l8iD91HL/qa/Sj/AII//H6DwTrMmiTz+Vb6po/77/rrFL/901txHSli8vkonjcNRrZfi1CZ9KfEj4hX3/Cxtc8OX0/lW91D9m8mGb/tr/7Slq14t/Z1tPDHgSHxPqUdtcx3ln89pN/qvK/55f8APKnfHL4bjxTrWqat4VMcUl1pv2mzmh/56xfuq921nSLb4l/BNHuE8yaVvkhaH/lr/wA8q/IsRiXhZRpn9EZXXo1qNJ1O5+bF7/wW3+NP/BOb4gPpGqeDpfG3wv1HWP8AQtOu7/8A0mwi/wCna5/55f8ATKXza+sbD9v/AP4It/8ABbD4Pf8ACk/iv4k0UTXnlyf8In49hj03U7GXvLay/wDPTn/WRS18z/tTfsPeG/ibqkeh+Krf/QJdYjvbMTwy+V5v7rzbWX/tl5svlf8ALXyv+eXm18n+PP8Agm1B4q8V2ei33w6stN1iKGw+2wWk3lf8fUsvleVL/qpYvssUX/x2vuMux+Aq0FCctf5v+AbZpw1QxmIlUpS5f63H/wDBUb/g2X8Ufs/QXHxa/Yo8YzeLPCbHzItF1GTzr+KL/rrFEIpq/KeXSo/B3jI6R4/0K/T7Jd+Xqmm4+zXIH/LSL97GfKk7cxnFfu7+yX4q+LX7KGn2+h2HivW/FvhvXppYv+Ee8Wa9L9msIopfK82KXyvNi/exSxeV/wBMq4X9vT/glj8H/wBrXw9e/Fn4R+DtZ8OaxHdyyPf2mj/abGa5/wCeX7r/AFvSvcwFfC80qft4vsno/wDgn59meT5nl9e0oc8P5lt810Pnb9oL9tP/AIId/tL/ALYfwd0rQv2HZfht8GtGkFv4/wBYtNOisr6eKa6tZv3tvp/my3UUUUUsXm+b53lXUoiH7mLzfqb/AIKr/t//APBt14j/AGJ/FXw3/ZJ+BXw98TePNespbbwtL4M+EsujS6Nc/vJYruS9mhtDFHF5p/dRGX/nl5XlHj8r4f8AgmR+0hrPiiHwJ4NTw/q2r3U32ZdIu/ElrpNyt1/zxEeoy23myf8AXLza9O+FH/BAn/gpd8UPjsf2fV+C2naTrlrp9rqOrzah4qsLi3sLS5EnkyzG1llkAk8qTGPTtxW0qtONT3pHJGhUprmsfE97NBPcyeTFHHH/ANM69K/Zp/ZC/ac/bF8cf8K5/Zs+CHiLxnqxRZZ49E0uSRLWMnAluJf9XDFz/rJSK/f/APYL/wCDSL9jv4LSaf4w/bX+IU/xR12GXzD4Zsn/ALO0SP2k/wCXq6/7+xRHJ/dSV+tXw5+Gnws+DvhCy8A/CvwFonhrQ7GHy7LRPD2mxWVrEP8ApnFFiOrlXop2Oapzy6H83P7J3/BoV/wUD+KfimxuP2otf8MfDLw8jbdS8vV4tX1KXJP+qitSYc+8koxnOJP9XX6v/Df/AINe/wDgjj8PfBy+HNc/Zu1PxTdmz8qXW/EPi/UPtUp6+bi0liiEn/XOOvq742/8FAP2Nv2a5pYPjh+0t4S8NXEQ/fWeoaxFHKP+2X+sr50/aV/4OKf+CXH7PnwfT4n2f7RWn+Mru+tpZNG8L+Dx9q1O58smPEsf/Lp+8Bx9q8rpUqopVbIunCfLsfz+f8F+P+CevwO/4J3/ALdZ+Cn7NWoXsnh/V/C1rr8ekX94LmbS5Lm5u4/sokHPlARRmMyfvf3vNfZX/BFP/g3A8E/tAfAnR/2zv23tX1qLS9YlkvPDXw9t/wDRYr6wj/1d1fS/63ypefKii8r915Uvm/vfKrxH9jL9lv48f8HDP/BUnxB+1L8UPDt9p3gGbxPFqPjLUv8AWRWOlxAfZdKikP8ArZZIokiz1iGZa/op1/xHpup67F8F/COli00vR4Yv7Q+yQ+XF/wBMraOlmOMw+W0VKb946csVarieanoo7kf7Pnwl8F+AtFg8LeAfCFjo3h/QYfsWkadp9p5UUQi/55x11v7QPxJ0H4S/C7VPHPiK+itrOws/tE0stdF4T0eLRdOjgkPXpX5/f8Fzf2mp9E0Hwv8Asx+E/wB5qHjLUovO8n/llFFLFXyuCVbNsXz1O/4f8MLPMwrU1KcPecdj6/8Agd8QP+E4+C2leKzmT7dp3m8RV+GP/BcKwMP7SUuswWXlSKZbaaGH/pn5X/xyv2X/AGY5r7Qf2eNHsb7zfMis6/Iv/gsB4VvvEnxB1zxVY+ZJHYalded/1yr3eCqsa+Y4qFL4Yf5o/DOOc1nVxGF9r8UpO59Of8EDdN/4tzJff8tL/Uov3v8A2ylr9Z4f+PX8K/Lf/gg9Zf2d8P8AS9Anh/eGD7bN/wCiov8A0VLX6hzXcMNnuuDxXFjqfLj6j8z9kyTXJ6C8jkfFMwm1iO2/59f3lZ2taUL6z81l8ueMf6JLt/1VWJmm1HVLiWeGL7P2lrmfjL8T/CHw68LyX/iLXI7KKLyv30v/AH6pYChXrVvZUftH2OGhPmhGJzuoRyXsV5q0UH9nXnk/2fZXc1p5kY83/npH/wA8vNjrzXxF4U17xFd3aaxo9xbSWE8txpEU4ivrH7V5X/LtJ5sUsUUsUkkX2WX91L5ssVdz8M/it4U+KmlrJo+pxS258ryRdf6z95F5v7ytfX/D1jaeHpPDlvPFbW/k/wDLK3ikii/56y+V/n/lrX1VFYnAz9niEevPnjI8G09FvPFcmoskljNFN9nmGow+ZLpcsv8AqrC5/exfa/N/5df+eXlRVtX3mQWMtlqF3cWVnFFFD/Z8rRS/upf9V/rf3sv+s/6Zf9+vKlrr7zwe0D27aJZfYUtYJbaG6im/daXFL/rYrbzf+Wv/AF1/df6ryv8AlrWQ3hP+09auGttLj+0RfvYTF+7ji/56xeb/AK397+983/rrLXf9Z9odmHrs+tta1i3s4ZDMPKrwH4s/EmCyu5HgvfK8sfvpf+WctekfF3U2tdIuMRbv3UtfGvxU+JOh6FLcWM0N7LPFN++ir4zCpV8Yoi4TymjKm8RU6HZ3kGleMp49Q1F5Yz/q4YvOrK1LQvD2nf6Ppdn5mIf9ddfvJYv+2v8A36r551n9sCfwr43/AOEc1UW0Vv8AY4vJ/feXXp3hD4t6H4o0L7aJ4/3v/T5/1yi/9qxV/Q2QZVHD4OnUgY4/iZSzBUKUuWxe1fUJLq482WaTzpP3gEv+t/561xvjTwFPcefDZwSSWcv+pEUP+ql/5axf9ta0Ne1qGe6SaOxlX/ntCf3nm/upZfK8v/W/uvM/8hfuq6XTJ7e8MelX2NjT/aP+enm/6VFL+7/6ZfvI/N/65f8AbWvr6eIqYSEZwR9Tl+fewm1znzPrOseJPCGl2+uX/lR3GjXktvqU03mxxeV/qvN/7a+VF/z1/wBbTPHn2HUtG/4SPTL77TH5P+mTf8sv8xV7T8QfhRY+NbE3kxi/4mdnLbXflW//AC182X97J/zy/wBV/wC1a+dvBU17o0t54N8VeXF9l83zov8All/mX97XsZZVw2NxN4/9vHVnGLw+c5XOn3/BlObWDrGmR/2h/wAfFr/zx/1v7r/lr/6N/wC/VR3l5BDL+4g8v99/zx/5a1ENOn8LyyRSwf8ALHy5ppj/AKr/AJa/+Rf3X+ZazNe1LybWPyIP+W3mV8V4hZDGhhqlaHwn4vWw9GjFxn8SI9Y16f7V+4/deV+8/wDItEPjae3lkgn8yvO/+Ek8/wAW6hY/62Tyf3Pnf8tYq6T/AJZefB+9kl/101fyLmFSpSxdzzj6E/Zd/bM1X4G+KPsOt30tzpd1NFHeQ/8AtWvvzUdX0Hx34Xj+IvhTVIpY7qz8yzu4v+/vm1+PcwxLuEEtfXn/AATZ/aEvvCHiOT4R+JNVll0fVP3mm+d/qopf+WsX/bWvWpYqjUw/989DJ83qYfFcsvgPqjwrr39vXX2HXNKiiktZpZP+ekX/AGyrpP8AhHPOkj8if93azf8AXT/yF/018r/91XH69DB4P8byC3vr62s7qb/njXpHhrUvtdhbwWEFz/qfL86X/W+V/wBMvKr18DU/cn2maV26UKlLYw9S8PzzJ5Zsf9V/rv3Pmf8AbLzf9b/36/8AaVUry3mu9RuNVktxPJa/u5buXypZf/IsXmxf9Mv3UtdrPD548gT/ALuL/Uw+T+6/e/vf3X/TWq0qwTX8cHk+b++8zzjN5nlS/wDPLzfKl/8ARtZYiTp1Dgp1PaUTlLrT57iWOxmgijuIofLvPtcP73zf+eX73/rrF+9/8hVqTaZZXul3EFxbeX9qh/1M0P726/8Aav8An/prXQWcMBlksbef7N/zx8maKX97/n/pl/y1rm/GFncabdSX32793dQ/vvJ/d/vf/atef9ep3/eHPTw0sVLlPmP9qL4b6rZy3GueFYP3kUPmfuv+eVeB+D/jnfaPqlvoeufuv33lw+dX3Br0EOpaXeefPFLHdeb/AMtvN8397/8Auq+b/iF+zTY3mqSX/wBhj8yX/U/ua9mOOy/H4X2c4/CfK18trYHMfcPSPhXBofjywvLEX0X72zr8o/8Ags9+xdqvwq8ex/E7Q9Dl/svWZv337n/j1uov/wB1X6IfDDR/FXwZ1XH2i5kt4pvL82b/AFUsX/TKvWPjb8H/AAP+2x8AtU+HN9BFLeSw+ZZyy/8ALKWKvLwkqmTYz2lP3qUt/wCvI+u/shZll95f8Mz+dfwT4w8m1t/t3/LKaKObza+3P2J/Hk9nqFvPbz+X5U0sf/PP/llXy/8AtafsreMf2aPiXqHhzXNDuYreWb9z+5/5axV1H7K/xIGm69HYzz3P+nwxeTD/ANNf8+bX2NSdHF0b0/hkfnVfK54HF8s94n7qfsQ/Gbwr4q1mPSvGPlfvfNtoZrv/AJZeb/mWvpC/03Q9G1640zZHHo+sw+X5uP3VrLFF5Uvm1+Ofwf8A2lv+ED1a3vb6fzbfyf8AlrN+682Kv0w+AH7Tnhz4weA9P1Wxn8z/AFUn+u/e/vbWKXza/Oc0yDmxE5OB9PSxMqVCEoTOt+LXwfh1ZptdslSTUovKluv+msUUv/LP/tl5v/f2vM4/2afB3ivQD4T8QabcRaXpVnFbeHLjT5JftOl2sVraxeVFL/rf+XGX/rr9q/5a17voPxU0rUtZt/DmrCK2vPOiih/6a+b5vlf+ipf+/Va18LLQLm3161th9guh5lfLVcjxFJ81OZ9Rg89daj7Kp8f2T44+J37IOq/Y5ItKsf7Sk/0/ybu0/d+V/wAf8v72L/nr/qov+utYHwx1LxV8PdZkvrEy6Rb3V5LH5Orf6qWL91+6toov9b/qvN83/prX3yll4d1yz+xrbxRxzW3liU/9Nf3X/tSuB8c/s96dfSzJaWdsY7nukP8Ax5WvlfurWOL/AL+1y4jKsU5Qq+09+J6mDznDxUsPiY/EfmT+3P8AsqfBD4x/DzV3+Jmh6jpNnq+h2tz4b1C1sfN1e1v4pfK83zIv+ussvlf88pf+/Xm3wN/Yx/4Kcf8ABLn4f638Tf2OfipqHirw742i0y48VaVoHhu1l1e38qKXyv3UsV1/z1/5ZV+lfiD9lTVbbXf7Mtx/o3nS3M377/nrLL+6rqfAfhrxx8GRJfaGJZI/J/4mVpLN+9l/65S+VX6rwjmWFo4GVPHRU53uub8j4zjHKPbwjUy6r/iij8pPjJ/wU8/4KlRWmgeC7f8AYu+L+r69dfb5be38Y+Do5IrryvK83y7a10qK5/df8tfKli8rzf3tfKvxI/4KMf8ABbT9onwDefEL4S+CvFngnwPbD7Nq+v8Awb+H11ZW3+iy/vZf7Yh826/66/6V5X7qv6RPid498G+L/Bd1pnir4b2WrM0KW89lqFla3EUcZ/1h8uXzf+Wsacf9M4j2r4R/as/4KffB/wCF8uqfCXwZ+yRr2qafoDS6Nos2n+CftN9df8spZbb/AJZWv73zf9V/5Cr34zwmKr+5GMf67s+UwWHxmGocrTl6tn80HijxJ4l8Va7NrHibxDeanfXMvmTX95dySSTSf89C8nP419/f8Eaf+CJWtf8ABSrxMvibx/46uvDngvTL6P7cmm2IkvNRg+cyC2MnEXK+X5sgk5l/1Z8s17f8CP8Ag37/AGlf2zPjFafEjwx8DLH9nX4c2TQkXPiKc32u33/TX7D/AM9f+mX7qL/rrX7ifsh/se/CX9iL4IW/w3+HEF7Fag+brmuatd/adT1eX/nrcy/Q/uoov3UVVi6+W5XhJVZPmn9lL82aOGIry5Ivl7/5F34V/Cj4Qfsi/BjR/wBnj9l3wDp3hfRLaH92ulxZii/56y+Z/rJZZf8AnrLXf/CL4eRaBafbZzHI8kvmTTVmeHNNm8ba9H/oPlWdr/yy/wCeVenPLDpOneRCwyO9fmONrYjH4j2+I+A+ji4YPDeypbvcoeMvEVh4c0KfVriaOOOGHjzTX4yQ3l9+3h/wUi1T4qKZbnS/CUP2LTZv+WUv/PWWv0H/AG9fjH9j8L/8Kz0rVPKudQs5bm8l/wCeVrF/rZf/ACLXyZ/wTf8AB+h+Cfg3qHjnyIraTWdSl+x/9coq3w+avC4WcKEPen7q8l1Z8NmeZ06eJ9nU2X59D7A8YeNoPh78Pv8AQZvK+ywxR18V/tLfCo+PPCWoeP76x83zfN+2Rf6zzYpa9Q/aW+JFwfCMmlef/wAf8MXk/vv+mtZ/g/8A4nHwk1jwPfzxfaLrTf8Aj0lml/e/9cvNr9N4B4eeUZS8dV3qP8Ln5RxVlGLzKvHFP4I/D6md/wAEOIf7M+JHiPwNnzP7C8N2En/f26u//jVfpJ4j1f7FpdyZzH5Zir88v+CMGlXOn/F34x+I9Qg8sSjR7aHzv+eUX2//AOO19q/EHW/tbWdiZpHjl8qTzYq+Vz+XssdNr7TZ/ROQYCcstw0H/LH8rmnBqFvbaUt3MPkbrzX5f/8ABUn9pG9+JXi7T/hp4an8vSNI16KS+Pnf62WKX/nr/wA8ov8AW/8Af2vur43fFmfwt8PdQvNHns7aSOA29lLdj91FJ/8AGv3dfmn4h8B3vi7U9c1z/hHb7Nrr0v8Aof2yWT7Ldf62WL91L+9iuov9V/7Sr9a8IeHsM6/13FK6W3qfZRy2pKk4rST/ACNf4C/FPxD4QupLiw1COKPS5ovtn7n/AFUvleb5Uv8A01/exf8Af2vtnwh8cLe90rS9J+3x/bI4f300v+qi/wBV+9l/8i//ALqvhaHRv7LktxBBNex+dFJNL53l+b5Xlfvf+WX/AD7f9df3td1oPjebxDYR6Mx82O//AHbxQw+V5sv72WWKX/nlLFF5v+t/6a/8tf3UX61xZwvl+ZQ9pSp2Ztl9K1b2U+h9v+G/G3hzxJpUcEGqW0scX+pml/1X7397/wBtf+uVbE3/ABOJY4L7VZLGS1/8hf8AtKvk74RfEK9vrpJ7e/j+zxQ+X+6hl8qK1/5ZSy/8+n/XKX/Sv3sX+qiir6F8K6jB9ikgvoLnMs0X2yLyf9bL+6/5a+V/qq/n3Osor5TiOVHr43LIQj7SmfR3xB0ux1bTZLWS38z6/u6+Kv2ufhXq+g+IbPxJYwSC3mi+zzY/5a/88q+3tWngihBnt/M/661wHjSz8OeNoZPC2rWH+jyw+Vj/AJ5V+W0ce8Di/aHzfD2Pq4N8klzQ6n4l/tU/2r4U8R3F9cf6v/ltLNXoH7E/xm/4SXwlZ2NwIvMl02WOHzppY/3Xm/8A7qvXv+CqP7It5o/hS48S6XY/aUih5fyf9bFXyT+xr4nn8Oa9qHhyy82KS10eWOzm8mWXypZZf3sv7qX97+6r+k/DvPqeaUuRnxmd4SthsxnWh70Xqj7G1TxpLNp9xcTtHJb+d5c3nH/pr/5C/wBb/wCRYv8AnlW5YeMBbRmFl8qOIy+dLF/y1/debLL/AN/Y/wDyL5v/AC1rlfDPh17zw/ZtdW0gt/sfl+VEP+essXmRf+Q/K/6a/wDLKtC18KSwadeaUMPJLay/Y/Nhl8r97+9/e/8AbWOSX/W1+pVaeGlCx7mUfWK1LnqfEelR+K7WZZIJ7iTyzLdRzBv9X/rZf/tn/bLza84/aA+Cax+INP8AHvhXT/3ks0ttqX/PKX91/rZf+/vlS11UHh7U/wDhIbrTtNh8u3uvNkh82z/1sUssUsv/ADy/5ayf+Rf+mVel6FpgtbPzxYyXskUMvkxS/wCqi/1v/bKvm54h4CsqlLc9/CVa1FWXvbnyx4q+FV7JpnkahFJJdXUMX+ieT/pPm/63zfL/AO2VeLePNHvtBtfsE8/myf8AH7/n/wAhV9j+N7u4nl2af+7i82LyRFZy+VF+6/dxf63/AJ6/63zf9V/39iryf4o/DPSPEGiPff2VJFJ5Pl+dLD5fm+V/yyrsznHzzfI6lOpHpf8AA+NzOhyzlzy94+LIZp9S8Zfbvs8f/PP/AFP+t/z+9r1iz0f/AIlf+o/8g1qaP+zr/YMsf26D9353mebL/wAta6jWPDcEMX2Ef6z/AFk01fxVn9CvTxzpniynGnA4Oz0397HBPB/5BrqPAesT+D/Fun65B/x8WF5FLD/01qx/Y9jZ/wDLCPzP+/lV5ofJ8yf975kXleTDWGAUjyqOJ/f2R+lmvXljN4S0PxHBceX+5i+xy/8APL/lrXQaDrNjN/oME/2nypv+Pu7m83yv+mVeZ+PP+Ka+COh6HfT20Vxa6Pax/wCl/wDPXyoq2Pg/qV9/wi9nP9nitv3MX73yf9VLX2GCn7M/XaWGqzyaE6p6ReXn+s0qeeTzP9ZDaWk3lSy/88pax/G3iTyJft19PJ+6s5f30UPlxRf9/ay9ehNnY/v7GS2tv+eX2Pyoov8AtrL/APGpf+utZ+v+KwNLzpWlRW37mX97FZ/aYpf+2v8A7Srqr0PbvnieXVp+wwTqI8D1L9tKfQfj7H8OZ76P7PLD/rZv3Xlf9da+nP7Zt/EnheOe+sI5P3P76vyH/aX1jXNG/aC1CeA3Md5/aXmTedD/AMta+/P2ZPjlY+NvhpZ2N9PHFeWsP+pr5TivB18HRhWp/CYcJ55h8fiZYefxROgm8XweG/FselX0Enly6lF/8ar0Q+FrDUtB+3eRF+6/1Mvk14f8SBY6lr9nPBP/AMxKL/tr+9ir2bQrk+G9Bs7Oa6llk8jzPtEv+tl/df6quLKIV6+Xe1j3PvcflGHxGLpyXY5XXfAek6zYXlv9hi/65Sw/6qKX/VVzfwz/ALc+GXiiPN9cy2//ADy/1nmxf9Mv+mvmy1317eWlvqEc0byIsv7yKb/nn/0yqvd2WlXn+u8yK4lm8zzYvK/dS/8APX/yLJXr06+JnRdKcfdPYw+WRw9Hl+yeU/8ABQ/9hDwr+2l8G5PFPhaxi/tiKHzPOi/1tfhP4r+Hvjj4A+Pbzw5rmk3NleWF55c3/TL/AKa/+Ra/pX+G3jCz0bUY9LumjltLr93D+58vyq+O/wDgsN/wTl0r4leHJ/jz8OdH8vVLX/kI2kP/AC9RVWT5zLBYj2Ff4Psnxuc5FHEV3p732fPyPyw174tf2l4Sk1Wxn/1sPmf9cpf9b/8AHa9Q/wCCb/8AwUU1b4V/GrS/BHjHXP8AiR6zN9immlm/1X+qiir5f17Qb/wfdXHhye3k+zy/u/J8mX915X+Za8rm1efQfEf+v8uTzv8AljX6BRhRxNLml1PzrHYHE04zpS91o/ps+Kvjae88B6X8RtDvvLvNL+1aTeXf/PK6i/0+wupf/IsX/b1XrHwm/aW0Px78Priaex8zyvtUn2S7/wCWUsUsvmxf9sq/Mv8A4JeftsaV+0t8B9Q+D3xFvvLuL/TYtO1Lzf8AW+b5Xlfav+/Xlf8AfqvfPg/42vvDeqSatrl9+817UvM1KGH/AJZXXleVLL/39i8r/tlFXyiwdCjjJQrfI81SxnsYTpfFC1ztP2TP+Coek+LPjdrHwO8V2NtFcf2lLHoM03/LWL/nlX21oni6W7uSH0wEf8tZZZen/wBtr+e39vXQfEfwf+Pl54/8HT3Ntby3n2mGaH/llX3b/wAE0/8AgpTe/HTQ7PwD8TdS0u11aw02L7LomirdfaYv+mtzcy/uvNl/55RebL/1yr1+I+GaE8HDF4P4eVfJrc+1yeazSk41P4n9bH6c2d/p16MfYovM87zZYf8AWfvf8xVrf8I5oesWn2G+sY/s8v8AyyrxTwn44Fy62wuHkZj+5itYv3flZ/z5kleqeG/G2mxxSQxv9puMdPO/ef8A2qviMPGVOV5mmPy6vhfh3OjvPh74dvP388EVc+Pgp4Kil+2z6dF9o/1n7mL/AKa1eu/HFjDJnMfl+V5nmm8/dRVXsvFC6zBGUurSNJD5kX/Ez8ySX/v1XqLEulT+E8h0sXGN2TTQ6VoNrJ5HleXF/wA8a5PWLPxH4q1TyB+7j87/AL9V3lnpH2z9/Pff9sYf3cUVRzabBZ/6FpUFcdbG1t6kVymFJL23vD/DujWGh6Umn2fSKuY+NHxO0bwD4Yu9X1a8jj8oDy48/wCtq1438f6T4D8PTatf6nFbxp+7Ms1fBvxg/aEn/aW/aC1D4c6Hfeb4f8G+bJrHk/8ALW6i8ryv/ItfO4qOLxsJ1L8tOKu30t29RY+rHCw5pdfh9TL/AGrfHl9rHgPUPGGqT+VeeI7OKSaX/nla/uv3VHgP/iifAej+FbAfvLWzi86L/Wfvf+WtcH+0t4q/tjxH9hn8r97efuf+uUX+qi/8hVueG9evrvwl+/g/d+d++hu/3Utr5v8A7Sr9E4M4WlisseZV4/FpFdktE/nufmtbBV8dmMeyevm3/kc38YPEkHjC/wD7Kvh5X2XypJvKh/1sXm/63/yF/wCiq6DS/G01nFHbQatHbSRfvPKm/ef6qL/nr/yy/wC2teZ6lqU8MuqCeC5/ew+Z5UX/AC1/exS/uv8AprVOHx5NmSxn/wCWUP7n/v1/yy/79f6qv6UyDh6NTIVFw92Ox+kY7hvC4jCU6a0jF/foj6v/AOCbeo2PhHSPEfiWxgjH9u3kUn+p/wCmVe6+PfFbXfl39t/rD5tvD5Z8v/nr/wDG6+S/hj4vvfB3w08P3x1SSyt7rTfLm82b/lr/AMsq9x1vx3pHir4WWPizwtqsf2HV7GKWDUYpf3ZjuR+68v8A7a/+ja/AeJctU84cYfzP8z9F4epZfOnTVF81ko/cjlfjv4j1q/8AC5sbe+8yQnNnaZ8v7V/0y82vl27Sx1bxFJfz21tc3Vt5UVpqF3p/l3PlRS/6rzP9b5X+q/5ay17x8SNSvtY0XV7LRrGSxuLqz/0O0mP7qKXyvNil/wBb+68qW28qXyv+evm18+31r9j8QyNpKCKG6kiubDb5X+ixeb5tzFJ/z18r915sUXlf62v6G4Bw9HC5eoOJvnNS2ItS0KPiHXLy6urvTbkS3v8Aof8Ax6ebL5sv72X/AJaRf9cpIopf+ev/AF1irTj0Sy+xSlxbXEhvPL877L5vm/uv3v8Ax9eb/wAsovK8r/Vfuopf+uWRBpsmpajbQGYvY/6D5kyzSS/8v/m+V/z0/wCWf/LL/tl/qqu6Xq6Wd7BpUfmzXjtF5MVsP9RF5vm+bL/rYv3XlyXX/bWX91+6lir77FtOHIjz6GI9liOafkeifDya5tfFcc0t/wCbd+f9ps/NhlufKilii/56yy+bF/06xRRf89Yv9VX1F4KfTtQ0xLm9VrezXyvskkVz+8tpfN/1Ucv/AEyl/wCWVfF3w+1l5NejgvZo7m3LfZprQw+ZF9qjtbXzfK/e+b+6i82WWL/nl5ssX+qr6V8H+KrfWIv7KgsZb2zimijmi87/AFssssUv72L/AJ6/vYv+/vm/8ta/G+NsoniKilA+jlisPXUabkfel75H+ongirzH4gPb6fqaTrBHGg/5a16dNDp5tP38EsdeffEPwjd6rDIbO48weT/qpoa/k7E0L1j4LJJ06de1Q5Lxjpfg34w+Ep/AfiyON0uYerjmvyc+In7J/j79jX9p6SLWbGSXQ7+WX+x9Wi/1V1F/8dr9ONXTxB4ROLyGQp53+t/55VzHjqXQPid4fuNB8XaVZ6rZH955M3+sr63g/iGtw3jk94S3PspcPUswjeDvFnlei6B5Hw50+4sTF5kVnFHD/wBMv3Vbg+HFn/Ykg0lZLmQH7Pp/7mLn/VS/+1ZIq0/C2i6LaaRqHhiOO4gtrryvJwfLl/dS+bXY6b4ans7W30uxntpJPJlkmhm/debLF5X/AO9r99w/FlLMaXPSmcVXKKmUrlcDlYNHnsJvJka2i8q8tfOmz5n7qWWWKWL/AMheVF/9qre1GzsZdPkzY+Z5sP7nzf8AW/vf/tssv/kKrX9m3F55d+Z7aP8A1skN353l/av9K/1v/LX/AFX/AG1/1v8AyyrVs9Nt4dIt1sYZJfN82O0kih8uLzfN/wDaXlVn9d9rPmkRh40oy5zxfxtoii5u1mtY5LuKGWQ/av3nleb/ANdf/RX/AE1/e1yl94Xe3lkN9ZvczeTF/wAS+5h8vzf3v/LT/lrLL/rK9U1/w/JdanJZwx20kImik+yRQfuov3sv/kX/AJZeb/5CqCx8Ij7TJKLGT97+782aX91L5v72XzPNi/8AIX/oqvo6GYwpYX3z5HibB1KkXUpnFDwTqviqK4Gq6TFHH+68mKGH/Vf9cq4vxt8Ab7/lx+0/+AdfWXgzwtp1tLi2+zf6n7PDLNDF/wBMv/jUtb00MBPkQCWTzf8All5MVfjfGUcqxWKvCnr5aH5BHC5jHE8vPJnwfZ/s0+P9e/48YP8Av9XqH7Ov7Cuq2fi23+I3xoH/ABJ9G/0mz0n/AJ/7r/ll5v8A0yr6r0jw7pNvJ9oMEUX/AC0mq1rU11ql35UMWLbyvLAh/wCWX/XOvgnSoX5KUD9E4X4Zq1K/t8R8P5nhPjK+8R+L/iRJreqQR/2Xbf62Lyf9b/0y8uvQYftNpf6f9vn8248nzPNi/d/Zf3VejTfDK41Hw9b29kr+ah2XEuP+WX/PWvPPiLp954dkka7/ANf/AKqaKab91LFL/wCipadNKnV5ZfEfq1fE4fM6KwdD3eXQ4z4neKoNB8vVYINNto5f3fm/urb97/11/wCWv/bWuD1jXp9N0a41z7DHHHdebJ9r/s2L97/21il/e1H4/wDHCXUy3CSSW++KKOW8imurLzIv+eUvm/uv+/v7quD+OHijQV8CXMFvBbX0htP30MV7YR3Mv/TWKW1ii/e/9dfNr2qHPSkkzjz/AC+OX5HyTPjf4tXlj4w+N+oa7BBH9ntf9dN5NeqfBL4kar4V1m3nsZ5PLlh8uaGvL/7N0r/X2X2mW387zP3vleb/AOQqsWfjD+zb/wA/93/rv3Pm1zcVUXWy/wBmj8IybEfUM69pTPsiz8Sf8Jt4o0/w4J/3l1eRR/8AtWvcLPxGdT16TwNcn95j7RDXxf8AsUfE2fxV8fbO+nt/tNnYabdXP/bX/nr/ANcv3sv/AH9r64+J2m3Hhzxv4X8VaIPMklvLq3mi/wCuX/PX/wAi/wDfqvIyXLq2DyXlf2n+CP33JMzWLzHmq7cunruO1q/mF7/Y84k2SzSxTeV/1yqB7w3ZnMssqyRTS/6r/lr+9qbxfaadquq6fq+kCOW3v4eLtZf3X/TX/wBqVSl0yG8to0aT5NZtYrmb995flRfuvN8v/v7/AORaqFOdKrqfqFKrRqUYyZbGo3lvbvfzR3sf2aXZL+5/dS/62vW/h34v0H4r+Frj4c6/LFJfW1p+/T/plXi1nbTz+TYIA9ncN/aFt/08Sy3Usv8A2yi/eR11fhPRNT8Ia3aax4bija0ZPMtY/wDnl/0yroxeRU8ZhfaL4+h4eb0KFSleUuWa1iflV/wVy/YguvhJ8TbzxD4e0zy7bVJpbn7JD/z1r82Pido89ndef5Ev/Tbzoa/pg/b5+B9n+0P8BbyTTrXzNTsB9ps5tv8Ay1i/5ZV+Cf7SHwf8m/1CD7D+8im/54/6qva4fxMq2E9hU+OGh8Jn+TSxeX/XKXT4vX/gnm/7H/7Qmu/AD4oaf4xgvpP7P87ytSim/wCWsX/2qv2Q8E+PbfxhoNx4jsJ/9HutN8z/AET/AKa+V+9/9q1+Ff2OfR7/AMieCXzIv3dfpZ/wSj/aQ0rxL4bj+EviqexjuLD/AEaGa7vJYpZYv+WX/LWKKlmmBq4mhdfHE+RyCjTePjTqbSPeP2lvAZ+Kngi41AQR/aLWH/Xf6z/P+qlr4j0Hxh45/Y/+NVvDocMnmS3n+hxTf8tZf+mtfqpqfgmeG1jvp4PtMcXlXP8ArvMil8r/AFXlf9/Ypf8Av7Xz/wDtXfs6aH8QtB40mKWTRrPy4buKH97LL5ssv/tWnkOcVqMJYPFfDI/R8fwtGivreE+yfc3wP+PvgO++GuhW7a9FqN5f6bayXnlDy/tUsv8A7S/1lT/Fb9vLwn4LJ8H+HLu21PWJmij/ALP0/wD1UX/TWWX/AD/qq/Kaz8VfFvwf9j8DnxLfW0cUMX+qm/exRebX1B+xn8BvEfiq6t9c8Rz+XHF+8mtIq5MRk+Gy2rPFynzR/lPlqmOqZni1hIU3zfak/wBD6Q8K674p8eX6eKvH99/aUkc3mWkUv/Hray/9M4q9X8C/EO3ttd8/U7ZbmOLoPJ8yTzf/AI7XIeTpXhrSo4NK/e/8s/tfk/8AtKua8YePtW8K2cms2I814v3emxZ/1v8A20r4DE5rjsfjuWEOSB95geGIfVOSV36s+xNB+IqXRE02oR20Z6Q+d/qq1PEfxG0PRtFlu5ro+Wf+Wv8Ay1r8uIv2tfGPhv4q6V4V1bxX5tv50Un2SX/nl5sUvmy/9Mv3ssX/AH6/6619heM/ilDafBNvHUzGLydN+0kS/wDLP/nlX1edZFisFlFKq/elU2/D/M/PcbgMDTx06cJfBufLP/BR/wDbL8U+L/Hn/ClvBsH+rmil1K7/AOeUUUsX7r/rrL/6K82sv9lfR7DwH8INQ8VXs/lah4o1KW582X/nlF5vlS/+1a8b1jR7/wAYeLZL7VZ5Y7jWbzzLyX/pl/y1r3CbxVY2Xhf/AEERfY4ofLhtIof9VFF5vlRV62Z5C6WS4bAU9Z1mub7z8z+t/wBrZvUX/LunZfgcH481iDUvHkl/fQf8eH7yb99/5F/z/wA8q6z7bPDo0fkfuv8Aln53+rryfU9Sng8Rx6VfWNzH5s3/ACxml83/AKa+VL+983915v8ArYq6D/hKp7zS7eDyI4/tUMsk3/PKWL915v8Ayy/6ZSy1/Q2D4WnleUYfCJe7yxX+ZvgYUZSuv5mY/jjXvJaSC4t/Lk86LzoZZv8AlrLLFL+6/wC/Uv8A36/7ZVynhIXlz4q0y00kf6RKfMh/c/6qLyopZZfK82L/AJZeVF/2183yv3tXiTqWo3E0CxSyedLL+6/e/ZfNilll/wDav/XXzaoa9aTWWt29vDN5dxc6lYW+TN+6837V5vlf9Nf9V/5F/df9Mv2TAYSnhcsVBfyn2mEq06mDqe91/Q+nLzwtpWp/sva5pWkmO5vLDR5f7Nhi/wCWUsUUvlf+iq5f/gmD+1n4V+MOg3n7PXiu+l/tDQYftMPnf8tbWKWL91FXoH7GHjHQ/EGk658Mdcn/ANIi8qSG0lmi82Lzf+WUsf8Ayyl/5a+V/wBNa/N39rvTvHf/AATe/bvs/iT4Rt7mPTJrz7bpnlH91LF/y1ta/lzMaFDCcTYihi9JTleH9eZ8thMxxuUYn21GX7vqfo98SpvtiaxpV95P2O/82yvPJtPtMUVr/wBcv+uXm/8AkWvM/Gbzya7G5GLyL/XS+VFJciWXzf3UUv8Azy83yov+/VegeD/iH4G+Pvwl8L+I/hzBcySappsVz/qfNl/0qLzZfN/6a+b/AM8q5X4m+FvLurNobaT/AE6H/S4rQf6qLzfNl/65fuov+uvmxeV/yyr9W4WxtClShTe591TzGGMoOv8AzWOT1TVbqxe1toLr7NJFJFGksX/Lv9pl/df8tf8AVebH/wA9azZ4rjVvE39i6PYR/Y7C0+0zWpmlk+1XUv8AqvK/7a+bFLF/01/6a+VLbl0bXP8AhInFgkf7k2tzeTWlrL5Uvmyy/bov+2Xm+b/11/55V3fw0+EV9FcyaU9jc+ZfzS3s00Vn5nm/vfNi/e+V9l83/ll/mWvs8Zj8LhqPO5WPMouticQ0R+CPCl9YxR6reWnmT3UcV7DNDNL5trdReVLbReb/AMtbXypbn91L5X+t8ryv3telfB/Qdb/4Tz+yr77NY6haw/ZvKhh/1X7qKXyopZf9bF5X73/tl/0yrtPB/wAN9K020tzbwRyf2ppsv76L935sUv8A9q8r91/0yrvNO8HpqV9HfHw5Hc3Es32n97D5cX/TXypf+ev72X/v75Vfkma8R0atacD07eyn8Z9VmGynQLKev/Tas6bR9PuJvItriTzP+u1QWV5Cq7Z7OKKrA1UbY7c3EcXmf6qKMeZX8tT/AIvwnj+yqUX7hzXizwlFeWzw6klsJJf3cNeOeL/gpcW97nSxGJP9ZXu17d3su+CMXMWP3nm+XF/mKuZ1020nyzz+ZZ/6zzf/AI5JXZSw1Gr8Z9NkucYzCOyZ4Ba6VrHmzQzzxRvFN5cUvlb98la9hcX0VyLfXZY3tJR5cz/6vzZa9FHhSHVPMgGnW0ckXlfabeKXp/0y/wCmX7qo38GWttN9mjSOSNhFJ9mhh8zyq9zLpVsF/DmfUVc7oYyHJViZbeGZL6wjuLOKxluLC18qy8793Enmy/8ALT/nl/yzqvdaLrmo2t5erYSSSRTReTd+T5kv+t/e/wDtKt8aZeeH7hbyC+ltpJJv9Uf9VL/0yrSsotG8QWaaaGksfKm/eS2s3mebX0eE4hr06nJM+VxcZqfPS+E8zu9BuIdOku2HmxxTRXEPmzeX/qvN/wCWf/LL915VRTaDBD5k/wBh/wCeX737HXrEPwu0/WWk1axbTb2SW48z7VN/zy/1X/orzYv+2stRad8JoLO6i/tuXTba4j/d/vf3kt1/21/z/qq9qpn8ZUfiPBx1V1l7M4zTrK+vLqOAeZ5kv/XX/wCO1uabpF9DFcfbp/s0drN/pl3Xpnhb4c+YI2gl8qOL/U1l+LfBGqT6zLNfMF022HmfZYh/x8y1+f5nmFbEVv3Z5OCwGF+t+8c9p9qphSYxxLby/u4Yv+etT6bosN4klzeQedHFL+583+Osq714S+e8ziOGKXnyv+Wf+Yq6XQLu2vJF0naP9T/pPlfwf9Mo60wFL2dP2lQ+1lCWEoaFvSLtrXUo2tfLEiRfMM+X9pi/+O1zfx18HWHxC8H3d1pN2kd9bvKLXZ/0y/5ZV3OneHXm1GbVbaP55Iv3I/5ZV5H8ctb1XwD4jg1exP8Arpv9Mii/5axVxVITq4h1ae8Tiyz97mUPZS97+tD5B8VQT6bqlws88ltef8tpfJi83/tr+6rwv9qK8vhpdnY3H+rlmi/fTXnm2vlf9df9VX2P+0LoNrrNrH4u8MvETdQ7/NJ/dy18YftCeJINS0uS31WC2uf337mWbzZfKl/6ZV7WFrTrVoOcD6bi+cq2We8eRzTWMNr5EBil/c/62uL17WPsfmc+XH5P/Pb/AJZVsalqXk3dxb/6yT/ltLN+9rg/GF5bmwkM/m+ZL+8m8qurOZe0ikj+cKKUczPoj9hvUoJtZ8QT2M/mXH/CN+ZN5P8Arf3svlRRf9Mq+8PFfjCbxVYXGhWNpFc3H9sS2VnDFD5cUssuoS+VFF/0y/dX3my/62XypZf9VX53/wDBN/xtY6Z8RrjSRP8A6Rf2cUk135373yopfN/dV9sanqMGnfC+31bVWNrH/Y8WreJItOh8zyvNltZbq1/df8tZYovsEUUX73yvtX73/lrXbk9OlWpQpVPP8T9XwVSVGlCtDyO1h12a98J+ZHNFONH1f7Xpvkw+VHNa+b5X/frzZP8Av15X/PWtiHWIfFnh24FjFD9tsbzyrV5v+eXmxRf5/wC2VYP7POrXHi20vPB3iOCW1vJdTzZ6TDeRSXUv26KK6upZf+mUUt9c/wCq/df6Ba+V5tYhl1P4W+PrKy1e3lk0e6murbUruL/VWsX72WL/AL++VF/36rnx+Ao08XaJ+lZJm9LGUuX7UTY8bXup6bbfboLaX7Ra+bL/AKn/AJZfuvtUX/kTzf8AtlXZ+CPEFprVhHDdTeVHF+8/tH/n1/55SxeV/wAspf8Alr5X7r97Xn2k6y1xa6fBdagptzeRRXs3/Pr/AKVFFF5f/TXzfs3/AH6rrPh1Mvhu/t7d2i+2Wv7y88n/AI9rCXyvNll/8ixf+BXlVv8AUsXQo3Z6GZzpYmjyvc9gilku1n0DUtOiguruTy5LGIdP8/8APWvyJ/4Kp/sxT/DP4o3ur6bpX+j3snmHea/VnRPF1lp+k2+iadJGiSQ/aLy0lX/WxRfuo5Zf+Wvm/vLb91/0y8qvDv2+Phz4f+Nnwt1GO2uY7jVtLAktgY/3txH/AMtK+Zw/tcLmHNH7R52RKo41cLV+Cenz6H8//wAT/hjPNfyX1jBJ/rq1P2b9d1z4e+N7efyJf+efkzf8vVe0fFTwTB4b1640q+sY4v8Arl/qq5s+FdDP+nfYfM83/U/uf9VX3FHDVK0bo+Fq4VZTnPv/AGWfsF+wh8V9U+K3wnj0fxtpd19tsP8Ajz1C7s5Yv+2Xmy/63/2rXq2rfA7wt4nmt59LjtwkUX7+S1P7vzf/AI7/AKuvyH+D/wASL3w3rOn6rNqskV5pc0UkPnV+iP7JP7d3gPxTcR+EvE9vqNtcSy7zqkyxfZov+WVfM51k9d1PaUj9box+s4H22Hqc3Wy/4c6nxH/wT8+G+ta1P4ivp5Yvs13EYBFbxfvZa7mHw3Y/D7Q7fQvCsBto4v8AnkP3sv8A11r2my17wpd2MJtr7TTH5P7mWW58ysvXbDwXqaTaDPqOk+fLF+5tIh/rf+ulfG4upmEY8koSkeFhMRTw+L9pOlr6f8A+er7VvKEhiB3vD+55j8yX/wCNf+1apeM9ReD4aXmuJp32lIh/pUloJf8Av7JHFL+6rvvG3wVS8uPtVjOxt5JP3Sf89/8AprJ/5Diirg9Q8DalZ+JhpWuh7i3ktD/a+nzS/wCjXX7v93+6/wCWvl+XW2UUqcswpyqf+An3EsVhsZg26MrTPzX+J3jbx/qfxz1Se+sbnzJZv30N3D5n7r/prF+682L/AO2/89fKr9DPhX428Y/GD9kXQ9L8+SOS102Ky1j+0f8Ap1/5a+bL/rZZfK83/nrLXz38YfgaNH8ZfYbHSv8AR4rzy9Nhlh/dRRf+0q9A8N3kGg+HLfSvI+0x2EMsv77/AD/0yir9oxmE/tnAU6VOFuR3P5+z/wBpl+IqVJfE7/8ADmP4qs7HTdat4LH/AFks3l/9Nf8AtrUkPiSx161vLGCeKL/lp/zy82L/AJ61zfxI8VzzazJBBceXJF+7ml87zfK83/nlXL+G7y4m+KtnfWM/mRxab5epWn/LKL/lrF+9/wC/v+Za+k/1fqxxmDrVfsf8Ofn/AAtTjOGJdT4pNv8AyKXiOG+m8SR3HkR+XLD5n+p/5ZeV/wAtf3X/AGyrRn1+f+y5BBceVJLD5fnf63/Wyy/63/tr5X/f3/prXpniL4eaTq+gDxFaDzbj7Z5WpS3fm+b5vm/vf/RVeT6xoN9p2qR6VbzxyXEs0X/LHyov3UsUv/tz5vm/9dfKr90p4zBZoqdOG8NPwO/JsP7GdRz66mxfXwj0i8nOoyXPm+bJNN5P7391a+b+6l/65S/9+v8AtrTtUhWXV45dNsPsckXmx3d3F+8/df8ALX/W/wDLL/ll/wA8v3stcz4TNxrMen6fAY5PNmupI4YbP/llFay2ssX+t/56xxeVF/z1lr6E+AHwuhvLCOGfT7W5vJYZY7yaWz/56y/apYv+uX/o3/W/8tavNM0oZRhuaqezl2Hq4ytOnD3blL9k7QvF+k/tISaVe2N7FHdfurOab7VL9qtfssUvm+bLL/z1/wCWv/bL/lr5tdd/wVf/AGNm/ax/Ziu4/CVlHJ4t0A/bvDU3/PWX/lrF/wBta97+BvwZHha6uPHGrWMUcn2Py4f3P72KKX97/wB+q3IdesdH1m4sdc/eW8X7ub9z/wAtYv8AP/kWv5M47zmGa8QwxWH+yj6rCZBhVg54Z+85Xv8AM/Nj/ggd8U/FWv8Aww8UfCTxIbmP/hHZpbb/AJ5y+VL+68r/ALZfvf3X/TWvsf4kfDj+3rD+yfsNtJcfY/M8791+6/55f6397+6/ey/9taP2df2TPh18E/jJ44+LfgfSvs0fjLUvts1pDN/qvN/e/uv+2v72vTPFdnBqIt2+0W0tna/vPOih+zRSy/upfNluf3vleV5Xm19Bw/m1ZTVRHJh8l+oUPYuWp4t4J8GXOs65d6xbyHy7qGwuPM87/SfN/eyy+VF/zyl8r7L+9/55V7Do/gnS9Nv5LGCxj/tCKHy/JtLP/Sf3v72LzZZf+WsUvm/88v8AW1c8C6FHOha0u3kt/Jljf7H+7toovN/56ebLLLFF5X/LL915sstdXpGj6ZpWkQabBiSMwy28NnaRfYrGX975sv8ArfNlll/5a+bXXm+fYmtud1DD06BU0fSJxd+fe+VH9l/ealLNN+6iupf+eXm/vYv+2X7qukm8ia/8nXJ7m2k8n99D+6/df88v9b/rf+usVWLLTbmzuLe2+1eXceTLcfZPJl+zRf8ATLzf+WX/AH9rpPDVnY6FdeRBY+ZcRQxfbIfJi/e+b/01/wCWtfn+JxdT2tzjxH85u2V5qsskUlpo0nl/8/EreX5X/bOtW3v4y0dm2ogSSdYoovMklp8nh2eG4M8jfaBny4opf3ccX/x2rSactyI7OIR/9ch+7jr88/fVjnr4ilUKke24XZfCSQxTfuTd/wDPX/rlFVTVdOublNzW/lSW/wDqp5R5n/fuOtlTJp8Xk29vHJeeT/zx8uKKsPWW1nxFdfZreSW2jtW/fTPH/rf+uda0qfsmY4Zv2hjwxQXjeRZQyStar5f7795FF/2z/wCWstWrz99a+QLeSXyv3k00s1J5GwR6VpUEcfm/9+ooqZcT+TdR6TBB5slr/qZpv9VFXtUj0Xzc/ulLUri3EAnXyo/+WcV3LD/5CirmLu7kVZLmI3Fo/wDq5RceZJ5X/XSL/ppXVppE8l/JYRTf8TCKH99qkw/9Fx1i61poj1e308aZJqFxdQmTzpYfLsYv+evmV1Uqicjsw+JpwVpGl4c12KWULMxjkH7qGfzv9X/39/8Atld34Vs9PluwNNFvH/z28uGL97/36rjPCuh61pk0kWq6lFIesJihl8vyv+/tek6FptnpsXE0kv8Ay083/nrWWJqq37s8bNKtLm/dmxbzW8MPkQVwfxUvb+G08mxuJI/+e37mukvNfmuL/wCwz/u4/J/11cd43tLzXJZL2CZPLtv9TF/q64adQ4spouOLTqHkeq3lvYeW0Ufl94ov+Wn/AGz/AOmkldl4FnuI5I4UtprWSSLfuH7zykrzrVb+20GCa51MzyXl3eeXNLax/JFLLL5X7uvWPhB4ZutNa41q9MYEs37m2tq74VND73NJRoZfzSPUNNs/Jh8nz/8AVf8ALWvFv21/DjTeBZNUsoZPMtYfMH/TL/trXutnxa/6/wD6aV5/8dvC6eKPDdxplxPF5d0JY/33/LWooVZ0tYHw+R4r2GdU59mfFvw98Xad4y8Gf2PcRweW03l+V5/ly/aov+mcXm18k/tmeD9V8N38mq6VY/62by/Jlm/5a/8AXLzYq9T8AeNYNC+MGp/D4TXMsl1efaIswy+VFLFL5Xlf9+q6D9sn4ReIPFPgm51zQdMkmSGHzPJg/wBbXsZbJVveP2PjPJpVMqc4/aXN+B8ETTQXkUhg8v8A1P8Ayy82vN/GH+mXf2f/AJZ/9Mq7Rbz7H4jvNKgvfNjlh8yGaH/llXN+I4f9Lk8+CWtcbTP5Mry+r5ldkfwf8VX3w98b2+q6VP5Unky+TLD/AMsq+/P2ZPidffFT4D6PpWlD7FqEVnF/Y9pFD5ktrfxRfuvK82WWW7uovsN9L+9l/wBbdebLX53w6ZfQjzzbyy/8tIfJr6c/4Jv/ABO0Twr8W7PQ/EfiuKL7fDdSabaf8tbW6i8qWX/pr/qopf8Av1/01rTLMNiJVVyan0C4hpUHTU/dgfWH7OvjaCHxdZ6V4NguYrO6s/3NppP73/VRfuv+uvlfZtTsIov+eVrYV7/+0jpnhBvhTeSX1v5l7JLdSWdhp83+tuo/3UUX/bLzPKr50/Ze134ZfBSXxZ+0b4q8QabFqmn6xLoPhXwx53m/YLWWXzfN8r/llLLF/wB+opfK/wCWtdJ4p+LU/wAVdUk8RT+bLZ3UPmWenSzfZooov3XlS/8APXzf/jVe7RwX1zOqcOX4Pi/Ox9HiuIcJluC+tYeej+H1/wAjD8N+K9W1+6/4RVR5cf8ArNSu4f8AllL+6/1X/o2pta+JfiRdeuIbeWW2s4ryKPyoYf8AWy+b5sUX/TL97L/5C83/AJ5V6Zqnw80TwNokeuwQWVrH9jl/5BNn9m/1v/LWT/pr+9/56/8ALL/lr+9rF0H4bW+saXHPpS20f7mX7Hd+T+9i83/yF/y1/e/9ta/SXjcrirTpe7sfO4binNKtLmlUcpXuU/BPxa1w6dHpR0qOKOwmi+x+T/y1l/5ZRf8AbKKKL/rr5v72n+LvE+pSWNnbrbi2tBD5d1Klv+8ltv3Xmxf9Mv8AlpL/ANtf+mUtaOmfCbXNNtY59Kgjto4v9T+5l/0XzfNl/df9NauXngKfw3pceuDy7n7BpvmeTdzSxfvZf9bLL/5C/wDttfC53lWAxM5VMNDlPr8m49qYOvB14n57/t6fs6a/Z3L+MdE8HyadBL+8itJZvMl8r/pr/wCjf3tfH5/tWztf9Osf3fneX5s3/PWv3Um+Cfhv4g+Eo/h/f2P2nT/3snnf8tZZZf8AWyy/vf8AW+bFXw3+11/wSX+Jng6w1DxV8OoI9St/9ZNp3nfvYv8Arl/z1rwMpzmngq/1av8AefR5ni8PxD+/o/F2Ph/R/Enkxfv/AN3/AO0v+uVdJoXiq/hv/IuL6WL7L/pP/wBtl/6a1ydxoOqeG9ek0rXNKubaTzoo5v3P+qrU0H/iW+Z59v5v77/ll+982v0rDxwOJo6wPnqGbY/Kalo1JR/A/Q39mn/gotrNlpcWha14StLqOXTvMhmeb/lrXN/Gj/gqT4h+F9xqOqJ4Dgu7j+0MfbHk8uOWLzfN8qP/AKZV8leG/Fdx50dvBPLF5v8A02/1VV/id4V1XUvA9xqv9qxy28v+pmim82sqXDmVupKrOHN5Hq1+PZfUuRQ/efzflofqV/wTw/4KH+A/2xPDMei2q/YdYSHzb3Q9Qm/ex/8AXL/nrFX1DrfwxfxJaJMosfMX/j0llbzJD/2zir+aT4e/FvxX8K9Zt/Efhy+vtN1Cwm8yGWH93X7Y/wDBNX/gqn4c/ay8Faf4K+I+myWXii2s5YtSJ/dxX/leV+9i/wCusUv72vhOJeDnhqn1vBf8MGV8W1sa1S+Gf5nrfxF+A+lXl1/xMbGKSWWH91Ldfu/+2v7rza+W/ipoI0HzLexvvKjl82T/AK5Rf9Nf+WX+t/6a192+LryDXrD+yL7SUkk1CLzPOaz821j/AHv7qLyv9V/rfKl/e1498YP2e9cml1C+lmjikuvKk82W8luYvK/1UXmy/uv3v/kKL/llXr8IZxUjP2VeJz8Qc1an+9ifDesabOJZP+Pny7WHzJpZpvK/e/8APX/v7/11/wBb/wAtar3kEH9oW+uk+bHYTReTaQ/6qL/nl/11l/66/wDPKL/Vf8te817QbGG6ksLeC5jksP3n7qby5ZZZf9b+9/56xRRfuvK/5a+VXN/2b/Z2lx32baKTyfMh+yf6q1/65eb/AO1f+etfts8TRnQpzcLn5dTdTBwmqf8AMdJ8Jfid/YPiO88LX0EXl3U3lw+d/rZZf+mUX+f3Uv8Az1rQ8VeA/Pls763sf9H/ALSilm86H/WxebF5v/pNXl+m/uPFF5bm3/0e6htZP3v/ALV/56y//Gq9o8B69Y+NtMt9Knn/AHcsP2mH/prLF/rYpa+BzTOMRkmYRxNHRP4vM+p4ZqLE1HRnH4jz74Q+DQ+oXfk2/wBm8meW3s5Zf9bL5v2WWX/ll/z1jlr7V/Z7+DcGmnS9UsdVj+zxQ/vopf8AlrF/+9/9q14X8AdCg8VfGS40mx/1fnRXGpS+TL/yy8rzf+2tfdHg+0sdGEek2/lx3Ev7yHyZv3UX/LWvl+LOPqub0Y0YfCz7+WXUsok/5pf5G3jSo9IjtYreOG3ihltoZj/yy83/AJZRf+iq8g8Y6e03jG4n0NIoLzMXneZD5ssXm/vfNl/9pV6Bd+INMkFna6ZLJ9ouoZf3s832byov+Wvm/wDxqvG/HnjzQzYaxY/2HJq15a3kUkOkw2cttbfvZfK/7a/vf3v/AF1r4jL6VKvO04jy2vySnUiaGm+JfCujxfZDBJeyX/8Ax52kXlS3N/8A9cvN/wCeX/PKo9Y1ptY8XR6QdW8zWIoZf+JJFr3+kxRf8/Uv7397F/zyi8r/AJZS/var+FfhL4qmNxffEbxHFLJ/pVzqX/CPWf8Ax9Rf8sov+/X7r/0V5VdT8PfhX488WfZ7/TbU+E9L0vUpFs4pryX7ddRRebFLF5X+q8r93+6l/ey+VX0tP6rly5uYzWY4fEOdSXcp6RdWr2M0up6lHq9vdSxW1q8UMv8AZh83/VeVF5sv72LyvK/1v/LWu+8H+EPH2s2Ufii9gsbHULqaL+0pbTzfN8r/AJaxebL/ANs66v4c/A3w34UfUJ7Gxj8zWdS+03n/AF18r/0VXoR0fP7i4gtpY/8Apr/y1r57H5z7Z/u4nn4vH0ue1M4Pw38N4IYo4IL7yvKm8z91/wA9a6zTfCulaZdfuLD/AEiL9351bkLTvF5MGIzjy6j/ALN8kx/Z5/8AtjXz1Sq6p5FXE1j/2Q=='}}]}], 'model': 'qwen3-vl:8b'}}
2026-06-26 15:28:23,871 [DEBUG] ThreadPoolExecutor-0_2: Sending HTTP Request: POST http://localhost:1234/v1/chat/completions
2026-06-26 15:28:23,901 [DEBUG] ThreadPoolExecutor-0_2: send_request_headers.started request=<Request [b'POST']>
2026-06-26 15:28:23,964 [DEBUG] ThreadPoolExecutor-0_2: send_request_headers.complete
2026-06-26 15:28:23,980 [DEBUG] ThreadPoolExecutor-0_2: send_request_body.started request=<Request [b'POST']>
2026-06-26 15:28:24,041 [DEBUG] ThreadPoolExecutor-0_2: send_request_body.complete
2026-06-26 15:28:24,056 [DEBUG] ThreadPoolExecutor-0_2: receive_response_headers.started request=<Request [b'POST']>
2026-06-26 15:28:32,572 [DEBUG] ThreadPoolExecutor-0_0: receive_response_headers.complete return_value=(b'HTTP/1.1', 200, b'OK', [(b'X-Powered-By', b'Express'), (b'Content-Type', b'application/json; charset=utf-8'), (b'Content-Length', b'2831'), (b'ETag', b'W/"b0f-oB3btFO6NO53c0dJfGb2oQvMTas"'), (b'Date', b'Fri, 26 Jun 2026 12:28:32 GMT'), (b'Connection', b'keep-alive'), (b'Keep-Alive', b'timeout=5')])
2026-06-26 15:28:32,588 [INFO] ThreadPoolExecutor-0_0: HTTP Request: POST http://localhost:1234/v1/chat/completions "HTTP/1.1 200 OK"
2026-06-26 15:28:32,588 [DEBUG] ThreadPoolExecutor-0_0: receive_response_body.started request=<Request [b'POST']>
2026-06-26 15:28:32,603 [DEBUG] ThreadPoolExecutor-0_0: receive_response_body.complete
2026-06-26 15:28:32,619 [DEBUG] ThreadPoolExecutor-0_0: response_closed.started
2026-06-26 15:28:32,634 [DEBUG] ThreadPoolExecutor-0_0: response_closed.complete
2026-06-26 15:28:32,665 [DEBUG] ThreadPoolExecutor-0_0: HTTP Response: POST http://localhost:1234/v1/chat/completions "200 OK" Headers({'x-powered-by': 'Express', 'content-type': 'application/json; charset=utf-8', 'content-length': '2831', 'etag': 'W/"b0f-oB3btFO6NO53c0dJfGb2oQvMTas"', 'date': 'Fri, 26 Jun 2026 12:28:32 GMT', 'connection': 'keep-alive', 'keep-alive': 'timeout=5'})
2026-06-26 15:28:32,680 [DEBUG] ThreadPoolExecutor-0_0: request_id: None
2026-06-26 15:28:32,696 [DEBUG] ThreadPoolExecutor-0_0: Raw LM Studio response received for F:\kuvat\test\5841ad63f46044018aee5f25dc50a228.jpg
2026-06-26 15:28:32,975 [INFO] ThreadPoolExecutor-0_0: Successfully tagged 5841ad63f46044018aee5f25dc50a228.jpg with ['Artwork', 'man', 'long hair', 'beard', 'beer mug', 'snow', 'winter', 'cold', 'drinking', 'serious expression', 'digital painting']
2026-06-26 15:28:32,991 [INFO] ThreadPoolExecutor-0_0: Processing 9a29bfc1b42240a9ad94105932142cb9.jpg
2026-06-26 15:28:33,069 [DEBUG] ThreadPoolExecutor-0_0: tag: Software (305) - type: string (2) - value: b'\x00'
2026-06-26 15:28:33,084 [DEBUG] ThreadPoolExecutor-0_0: tag: unknown (40094) - type: byte (1)
2026-06-26 15:28:33,099 [DEBUG] ThreadPoolExecutor-0_0: tag: ExifIFD (34665) - type: long (4) - value: b'\x00\x00\x002'
2026-06-26 15:28:33,254 [DEBUG] ThreadPoolExecutor-0_0: Requesting tags from LM Studio (qwen3-vl:8b) for F:\kuvat\test\9a29bfc1b42240a9ad94105932142cb9.jpg
2026-06-26 15:28:33,348 [DEBUG] ThreadPoolExecutor-0_0: Request options: {'method': 'post', 'url': '/chat/completions', 'files': None, 'idempotency_key': 'stainless-python-retry-b988b096-3f39-45aa-b98c-583f1c767309', 'security': {'bearer_auth': True}, 'content': None, 'json_data': {'messages': [{'role': 'user', 'content': [{'type': 'text', 'text': "Analyze this image, which could be an internet meme, screenshot, artwork, or photograph. Extract 6 to 12 highly relevant keywords. 1. Always include the image type as the first tag (e.g., 'Meme', 'Screenshot', 'Artwork', 'Photo'). 2. If it is a meme, identify the meme template/format, the main subjects, the core vibe/emotion, and 1-3 key words from the text. 3. If it is a screenshot, summarize the main topic or software shown. 4. All tags must be strictly in English. Do not use any other languages or alphabets. Return ONLY the comma-separated list of tags. No introductory text, bullet points, or quotes."}, {'type': 'image_url', 'image_url': {'url': 'data:image/jpeg;base64,/9j/4AAQSkZJRgABAQAAAQABAAD/4QBIRXhpZgAATU0AKgAAAAgAAwExAAIAAAABAAAAAJyeAAEAAAAAAAAAAIdpAAQAAAABAAAAMgAAAAAAAZKGAAcAAAAAAAAAAP/bAEMAAgEBAQEBAgEBAQICAgICBAMCAgICBQQEAwQGBQYGBgUGBgYHCQgGBwkHBgYICwgJCgoKCgoGCAsMCwoMCQoKCv/bAEMBAgICAgICBQMDBQoHBgcKCgoKCgoKCgoKCgoKCgoKCgoKCgoKCgoKCgoKCgoKCgoKCgoKCgoKCgoKCgoKCgoKCv/AABEIAaABoAMBIgACEQEDEQH/xAAfAAABBQEBAQEBAQAAAAAAAAAAAQIDBAUGBwgJCgv/xAC1EAACAQMDAgQDBQUEBAAAAX0BAgMABBEFEiExQQYTUWEHInEUMoGRoQgjQrHBFVLR8CQzYnKCCQoWFxgZGiUmJygpKjQ1Njc4OTpDREVGR0hJSlNUVVZXWFlaY2RlZmdoaWpzdHV2d3h5eoOEhYaHiImKkpOUlZaXmJmaoqOkpaanqKmqsrO0tba3uLm6wsPExcbHyMnK0tPU1dbX2Nna4eLj5OXm5+jp6vHy8/T19vf4+fr/xAAfAQADAQEBAQEBAQEBAAAAAAAAAQIDBAUGBwgJCgv/xAC1EQACAQIEBAMEBwUEBAABAncAAQIDEQQFITEGEkFRB2FxEyIygQgUQpGhscEJIzNS8BVictEKFiQ04SXxFxgZGiYnKCkqNTY3ODk6Q0RFRkdISUpTVFVWV1hZWmNkZWZnaGlqc3R1dnd4eXqCg4SFhoeIiYqSk5SVlpeYmZqio6Slpqeoqaqys7S1tre4ubrCw8TFxsfIycrS09TV1tfY2dri4+Tl5ufo6ery8/T19vf4+fr/2gAMAwEAAhEDEQA/APzX/tiDQf8Alv5kn/PWsPxVrE+p/v8AyIoqj1L7ReXUn/Xb/XS1n+TceVJif/ltxX6Jgqftf3h9VnWeYbC4H2dL7RlmafzfI/1nlf8ALaiGaeGX7Rn/AJbVoTabBDFVO8/c/uK0r1Op+Wyzb7Bc/tiH0qxe+JIGijt/IrHhs55pf3Famm6D51ebUqmVXN6WGpFf7ZfXksmKuQ2V9N0Fbmm6PYwxfvzWhDBYw/6/97XFUxJ85i88gYcOjz+bVj+zPJlrYvJ7GHy/I8v/ALZVjzTf88J6XtGed9eqYj4IGxo/kQyx/v67zTbP7Za5guIv9FhryezvZ4Zs16Z4J1j/AEW4v5/9XFZyyV52MqFKhVqe9yGhNZz6baxz+f8AvJf3lRm8nl/5byVl6l4k86wj8+f/AJ6+dVOHXjNN+4rzantjza+GxNOv7x0k8M8P7/8A56/vK5fUtfnszJ588fmS1oaxr08OlRwf8s5fevM/FesE38k8/mR/88fKopVKv8M+tyfhnEYpe3Rsal4wgh/66Vy+seMfJ+UeVWPe3l/NzB/39rLvc+bz/rK+jwuG0PVq5XSwhYvNeuJjJjy6y5tY/hzUc00/Y+bVObz/APrlXd/CPLhS9rIsT3k8PUVHDeT+Vic/u6saPo8GpS+RqGrR237n9zNL/qqrz2U2cQVnUxLf7s6J0qVIk/tP/ZqX+2oYYv8AUmsryfO/5b1Ym0e4hMc/nx/vf9TSXtjP2FJr3yzNq05kyTRBeTTSCDNWNI0K+1OX7Pbw+Y4rt9B8E2Gm+XPPb+Zcf89qtOtTIp06UpFPwfo880X7/wAqKOtybTYIf+WH7yKtDTtH/fZ8itibwfPNF/r68+pTr39oehUq4ClQ/dz985PyPeo5+1bk3hu4/wBRiq3/AAjVx/zxH51nzngfWazMT/r4/Go5+1dZZ+Cb67i/1H7ypIfBM/m/uLGuX6zRpF0atbm+A4eH7d5v+orQ02zvv+eFekab8N/I8vz4K0P+EVsbL9x5Hm1n9dv/AAz6DBt0v3lSJ5n52q+du/eVYGpX0NdRqWjwf88P3dZc+m9oIK6aVKtVOqpneFpGP/wkl9DFJBPBFVP+3r6aX9xWheaP5MtEOjmbpBXTHDHkYnP/AGpT/tK+/wCutWIft03+vqxBo85l/wCeVaH2ODTYo/8AVSV6MPhPnamcOrIz4bOrHnQWZx+7lqO8mnmqn5M80tP2hyVV7X95ORJNqQml6VJNeT1X+xQ+Tt75qT/VUe1rHGR+dOZZPtFH7+apP+WVWIbMZ8iCD95XNUqmnPckhhuP+PfFdB4b8N315deR5HmSVc8EfD2+166jPkV9GfBP4e+D/B3/ABUfiP8A0m4ih/cw15OKzf2DtE9bBZBicylzOOhl/Df9m/8AsHQf+Ex8cfu7fyf9T5P+t/6ZVy/jDUvOv/8AQYIo4/8AnjDXqnxU+J194ktbfSp/LljtYfLhi/55V5Hr3+t8+euanicRW1mXm2X4bKo/uveZz+sQTn/SJzWXealP0rU169nmijhg/wCWX+urHhhrs9rWPncFSq1n7SoebzTQC6+wzwRyx1hTf678a2TDBDd/9NKx9Sm8nzPIr6WljP3J+gZlja2lPnJJrzyapwwz3kv+oqTTbOe8l8i3EVbFnqdh4bl/5Zyyf+Qq83E42nTjzHm0sLjK1W0PeNDwr4JvtTOD5VtH/wA9ruarnjHTdJ8N2sZsfEdteyf8toYv+WVcvqXjafUv+W8nl1nzXhml/wC21fNyzCdSsezieHqlDC+1q6lybxJP5v8A9up//CSf9dfyqheab5vP/LSqdn5+P+eUn/PatVjaR81SwFKtWOo+2wTf6RBPL/02qv508Mv7jzZKp2cs+jxR3pgj/wBKhl/13/fqqd5r3/LHNa06tWqfSUstwWFj78jYh17yf9fXSab8SNDh8L3Gh+TF9slvPNhu5pv+WX/PKvK7zWO1Z95eed5f/TWvRjhqVX4ztwlTLlO1j0jUvHkE0XkQXHmUaP4wtzF/pw/eV5XZ699j8ypIfGE8MckGf3daTwJ2Usqy2vW9pUkesf8ACbfbIpLGeeLy/wDWebXF6xr3p/z2rj/7en/5YTVX/tj970pUMstqfT1cfgMHhPY4Y6ibXvO/65+dVO8vIOsBrH/tL/V1Yhm87/UQfvK7/wCCfD4yo65HNNRHN/z8VY/sz/aqxDo8/wD20rL26PO9vCiV4O9WMw/8+9bmj+CbyaLz8xxR+stXP+EbsbOTM8Hm1ze0OKWMhKRyE+ntM+IIK2/DfgnVdZu/IsYP+u03/LKKtzQfCt9rGqSWGlQeXH/y2m/5ZRV6h4V8EwabYeRB/q/+ev8Az1lqvrsYjq1XSo3Zz+g+FdK8N6VJb2R/eS/66b/nrVyz0aAy8fvK6yHwTPNLHz+7rU/4RuC0PkWEH/f6Gsfrdz5fEY6VSt+7mc3psP2OXz4If+21dYNSvrzy4IILn91+7s/33+qqxZeFf3v/AKOmmqTUrz/lhY/6uKs/7QOzLMLWxeJ5ZSOXm02CG6/cDzP+mNH9jwf8t62IbPyfMqnqU3kyyfZxXm1cTVqn6dhcpy+lFRqEkM1jZeX5HmVseG9NsdSv/wBxPF5f/oquH1Kb97HWf/wmH9jzeRYz/vP/AEVWVPAVcTsbYiWT4Bcx7JqR0Ozi8ieePzK5vUZrE3UkMH/f6vN4fEl/qcv/AB/Sf9Nq6TTP3PH/AC0/6bV7OGy+jhj8+znPo1Xyw90uanZwf88PpWHqUPnS/wDTSu4/4RvzrGOe3/1kv/kKsu88N+T5eP8AWV1+1UT5KWJxL95HHnSPOk6fu4v9dRNZwebHbwfu/wDrlXSaxZQaba/YR/rJa5vWL2CzMkEH/LX/AF1HtaJhDEYvEysZ+pal5MvkQf8Afqqc2pQZ/wCmlU9SvPJl/wCmlY95efvfIg/eyf8ALas/as+mwGR1qx0h1ex8r7OIfNk/57VXmm/e1l2f7n9yP9ZXSWWjz/6iCD95/wAtpqy9qd2LyStRo++Zf+kTS/SrH2Pz5f8AU+bJXaeHPh750X7/AP7/AFdRo/w3sYfLnng8qOuKpm9KkYYXIsZin+7gef6b4PvryXPkV3Hhz4bmz8ufXJvK83/llXYaPptjptr5/kReZF/qay9Ymaa6knM/7yvJxOa1avwn6Lk3Afue0rmppupWNn+40q38q3rUh16eb/UT/u65Pyf9XBBWpBMYbXyM/wDTSuWnCVbVnv4qhSyvC+ypI0P7S861knmrD1Obzpcz1JeTiaXyLcVTmm/e/uP+/wBXpUqnun5NmWFrV8RYz9Rz/wBtKp6NZf2lLvrU+x/bIpJ/+m1Zfiq9g0fwveX1j+9vPJl8mu2l7at7lM+kyLhLEY2nzRh8J5f/AK66kgngrD+x+df+Riugs4YIZf8AUVJpum+TLJfeR5td1TEqkXhslliqylMx/JgNrJY2Nx+8rl9Y+3ebJ+/lroLyGazv5Ps//LWqepQW/wBq/wBIt/3d1N/rv+eUteJjnWqr3D6T2mXZXONOnrcy4bO48qOeeD/rjWpZw+TL9ot/N8v/AJ7UfY7f/Xz/APLKGq95qU/WAeX5v+pr5+eGrVZe4ef9eeMqVKdRe5Er6nqU8Mv/ADzkomm+2Wsl9b3HlXEX/LKqd5eQTcf6ypLPyIbWS+/7816GGwU2eUpYaguaMLoj+2TzWsnn1n3d3ceZ1qxqU0EMfkwebWfPNCTX0NOnKjA8Sbq4isNmujs27e1VdVm+xxef/wAtJa0JpvJtfPn/ANXFWHeTT6leefOK7sFTqr94duHw9KnqyvDDPnz6KseX/wAu+PwqOeH/AKYV3fWTT2pX/wBV5maKk/1VR0e1Oj2qJIZq2NBmg+1f6d5vl/8ALbyaw4Ya6zwT4P1XXrqPyIJZY/8AltWVeroYzp1auiNzTYdL1K1z9g+zf88ZauWdnBD+4h83/tlXUeG/hXfalLHBP+7/AOmMNewfDH9nXSdS1T/TofK/67V83VxM4M78DwlmGZT5YQPJ/Cvw48VeJJcaVpVzLH/z28mvXPh7+wr8QPEkv9q+Ix9hs/8AltLd/wDLKvrz9mn4M/CrwbdR6r458R/u4ofMs7SLypPNlrH+J3jyfUtQkgsYIo7fzv8AUw15/wBaxVX+6fpeVeFmDwOG+sZlPlR4fL+z14V8HxfYdK/eRxf+RasaP8K7eC6/06x8uP8A9FVsaxr0EV1+/wD3lY954qnhl/0f91V8lb2Vz4vinCcPOfscNL3STWNB0nQYvIg/1n/PWufms4Jpfs8EP/barA8SWM2qeffT+VH/AM9of3ssVZepa9Y/apIINWtpY/8Ant/q/NrOlVrQkfmSyGg8V7pY1LUp/J/0eD/Vf8tf+etY83kTGS48jyv+uU1STQT3lr5Fj+9/65VsaP4Dv5ov+ef/AE1r0Pfkj6/C4bCYGjrucvef8evkVl6xD+9/1H7yuw1LQ54U/cW/leV/rq5PWJoLP/lhVKnWZyxzKi5azOP8SaxBZRSTzfvZJa5OGae+u5J5/wDttWx4kEF5dSXv/kKs/Tof3v8AqP3dethr0qR4eZ42nXq+4bnhuHyYvPrcs9S/e1hzak32WOxg/wCWVWIbyCGH/ppWh8r7F18R+8O403xhBDF5E9fVPiP9h7UdC/Y/0T9q1fiN4clh1OX7Pe6J9v8AKvrX975X+rr4ih1JYZo/Pn/ef8sYa6zTfFeqw2sfn31z5f8Azy86uPEObfLA+uoUcupYdwnG5J49s/sd/JBb+XJJF/y2hrzfWLz99/qK7zXta/df6PBHXJ3mg+efPggk/wC2VaHnUsPgqda5x95/y0nn/wBZVOzs55hJPBB+8irrIfCtuZZD5FWP7G877PBYwfu66D73KK2ApR5zD8N6PPeSx/uP3f8Ay2r0TQdN866jgEH+q/ef9cqk0HwrBDa/6j93/wCja6zQNH+xxdP3kv8Arq5sSRj8ywlefLEk03UvJtY7HyP9VN+5rYhM80sc8Fv5vpVez0fzrqOfyP8AW/6muw03TbEReR/yz/5bf/Gq8OOA5pHu5bneWYNK8Tl4YZZrCSc/89v3NU5tH/exwT/6yvSJvB9jN9nsdKsfMuJf9TD/AM8v+mVU5vB/+lSWMH724i/4/JamdGjf2R+o4HOcuxdGHJHc5OHQf+X6f91/zxrPvZf9ZP8Au62PEnjGDzf7Kg/1cX7uuD8YalbwyxwQHyvN/wCWNdFPC1ov2Zz5llNGth51JdDUvNSgs5fIg82T/lnWfDeW81/5F9PXJ3niTyf9RP5f/Pasez1m+mupJxPJ/wBsa9ajlvN7iPzvC8PqpifaVtj2TU7yxsvBsl9pV9bSSed5f9n/APLX/rrXj/jDxJfTWtxBBP8A63/nlUd5qU0Nr/r5fM87/v1XN3usQQ3Pkfvf+m1fb5Nw/wAkLz909jM+IcBk9H2OC/7e8zYM0H2/9/8A9tq1D5FnoPnwT/u7qb99F/0yrD00CeXyK0LyaD+y+f8AllN+5r4CrD2tUxpU6WAyepVn8X2TD168sZvtEAh8qSL95+6rHvIJ4YpP+WsdR69ewfb6jh1KARfYrhv+2tZVPafyH5nUqyr1udP4SSHU7H+y5IJ7H95/z187/VVj/bIJv+mf/TGWtCaKeH/X/wDLWs+KyIlwRUU6NqfumMMWlUkoy+Ijms55v9RD/wBM6Jryyh0+WEXsvmRTeXDD/wA9f+etdB4w8VWP/CL6focFj/plr5vnXf8A11rg/O86WvRwWEcvfN0pQh8Zcmm/e1GbO4vpY4LL/WfSrmm6Pfa9fx6VpUHmyS1tNY2mh6ZJYWXCSf66773P/wBqrtqU/ZTOP6xSpf4jnZ7K3mi+wwT/ALuKq/2OCH/UVoywgTeRDBXb/Cz4Jz+Lb/8AtDXIJPscUPmeTD/rZa4sdmVHLsNKpUNKUq2InyI8vnsp5h5+ar+R717Z8YPhJ4c8N/Y/7KHlyXVn5s0MP+qiryufSPIlzBBXFg80o42gqlP7R01MNWoT5ahj/Y/O4xipLPQZ7yXyIIPNkrsPB/g63vJZJ5rHzfK/5Y16p8K/gzBqV/b2MFj/AMfU377/AKaxV0VMT7Klzn0GQZFi82r8kDgPhL+z3rnjHUIzcwyxR/8AXH/llXtdn8PdE8E2seh6VB5v7n99XtGneG7Dwrpcnhzw5YxyyS2flzTf9Nf+WtGg/CvyZZL6eDzZK5qWJ+sPnmfqryDJ+HMNzYj36n8px/grwTBZRfbp4f8ASP8AnjXaTXmJYzB+7/c+X+5rY/sexsxHmCWsu88jzZJ4P+WtafuXV5z5+vxVOh7uG9wrw+K7/Tf3H73y/O/57VHqWvX95FJPBP8Au5f+eNZesTeTWHrHiSeLkXH7v/0VWv1GlW/eHzWb8X5hi6PsqlTmNDUte8m28+ceZH51c/ea953+orP17xIJouKw/wC3oIq5/ZeyPzfGYh1ZGx4kvJ4YpP3/AJVcuPEn9mzeRfTx+VL/AOQqkvfEkEx/fz/6r/U1h6lrEHm+RPB5n/TGWsZU/wB8engJVnS5YHQaP8Qp9Nuo5/Pj/wDjtfUXwd/b5s/h18Gtb+FifCbwfeya/afY7vVtV0SO9ufKwR+783/V9e9fEM32f95/zz7RVoaPe6r/AKiC+/1X/LKWb/W11KhGfxGWNeJoK7l72x7Z4w8baVr3mX8EHl15vr3+t/19Z8M175Xnjzaj1iacWvkCf/rtXTGdKkfKYmnjqj9wr3n2GbgwVlzeRZTf8S/95Vj/AJa0f2bPDLJXQsTRFQw9ZP8AeEemw+d+/qx9tgvLqPyP9Z/z2rL1LUvOl+wwD93Umm3mbr/Uf/aq5qtWsj0qWHp0Z805HSQ6b9jl/wCeX/XatSyn7mDzf+usMVV9A/sqa0k+3WMn/TGaGrGpaxb+V9hsIIo44v3f7395Xn/Xa1R25TKrSrP3ivqU19N+4x5f/kOq/wC4s4vP3ebWhDza+f8AaIopP+eUP+tqSz0G41JY7+efy7f/AJ4/8tZa6KXtmctOnHqZ+m2d94kljggg/wDtX/2quk0jwrAfLI/exxfvPO/561qaDo8FlF+4g8qP/ljDWwLT7F5Y/wBXJ/6Krt5Kx1fXYYX4JlPTYfOH7/8A1cVbFnD+9j8//ll+8qvDZ/8AEv8A8/6qpLyb7HayQf8AbSaucwpYyrXlpIsWc3779/8A8sv9dUn/AAmAhuuB+8rP877RF5Hn/wCkVy+s+JbDTLrHn+ZJ/wA8oqx9odkKeJdb3j2DQfFV9D5lxZX8VlHLD5U13/zyirn/ABv8VYPFcX9laVB/Ztnaw+XDdw/62X/7bXm48VX2pDyLgfu/O/cQ1uaPps95L588H+j0YbDUvbe1qH6Rk2fUMpw/J8VTp5ehn3usTz/aJ4Lf93FD+58n/ll/01llrLNmfFdnrHjK+urm2jtYYo9Nhhh/dXV1/wA8v+mUUUX/ALS/7ZegXmgwaxaW+h6H5n7395eed/y1rP8AEsME0dvoelfu9PsP+QbF/wCjZf8AtrXdCrTnzcv/AAWfouU8U4Os/wDanzSl9nojwufw3caprP8Ar5K3IfDd/oNjbm3g/dxf89ofNrY1LTf7Iv5IIP8Ant/ra2J/GFxB4W/4Q6/P2mzi/eww/wDPKWvfy6ny8lRHxvFnElGVb2eHlyf1oeV6xeX0PP8Ayz/541nzfvh/qIoq6jXjBNL/AKiubvJvJl8jyK+to4mrM/Ia2OqV6+5qQwwDUPPgni/65Ual9uvLWSCo9NH2O6jzBWwfsM0UkF9P+7/5Yy/88q/IaVU/YcwrLH4Lkpz/AO3TzvXoZ+lYc95PD1Fegaxo/nf6/wD7+w1z+saPBNF5FdNPEnwKoywlT3jLstet4bWSC+g8z9z5cP8A0yqmdYhh5gvutU9S02eGsuaGfrXq0alGpT5RQpUHV5y5d6xf6mZLeY/u/Olk8qrOnWxI84/l/wA9an8IeGBqcix2MHzjpXe/DLwpbapq/wDbN1a/6Lpv7z/rpL/yyirppVY0qPPLocOLx9KjzL+Us+F/CraHpo8PiDyry9PmajL/AM8ov+eVcz8QtZsr3WZLLSj/AKPbfu4ps13Ovm9022uL6afE8vm/vq8m8kXkv/bavn1mH1rETnA48rpvG4j2kjpPhZ4Jn8X+I47C3g/dxfvJv+uVfRGj6bBoOgY0q4/0iWuL/Zd0f7Ho15q1vB/pEv7v/tlXca/ps803MEcfm18BxDjqmPxiwikfqOCwGX0aMKvN73U4f4nanPr3l3x/5Zfu/wDU153NoP2u/wD9Hg/eV6prHhXzrqSDyP8AW0Wfw3+x+X+48uSX95DX0uAw9HAYenTiKrTw2PxOuhz/AMPvDfk3ePP8qSL97N+5r6Y+APwlvtev5NV0PSvs3lQ/vof/ACF/2yrzPwf8NxDfx2Nj+8klm/fQ/wDTWvrj4Jw2PgnS/sMH+s/1kw/6a1tjsTCGH9w/QcBXwHD2Xe0X8SXw/wCZTHwfvtB0uPXJ4P3cv/Pb/W1j6lN/ZtpJBBB/5Br0Dxv48mNrJY+fL5f/ADyryPxh4j86XyK8jD4mrUPhs4zeeJre1nU5mY+sax50nFYesax5MUmZ6j1jWP8Al3t/9ZXJ6lrHavbw2x8nicRzBr3iTEUnPWuL17xH/dnqTxVrH/LDFcPr2veTXv4bY+cqOpVkXNS8V/YxJ59c/qXiOeb/AFFxXP6xrHnS/aDPWPNr3ky/uKKm5lDDXrHaf2xY+XJBPPL5lZ+seJPNijgn/d+V/wA8a5/+3/J5sf3Un/PXzv3tZ81550v/AE0rzpWq1j7nLaNChhvaG5P4rn82PyK2NH8YT4jsbieX7P53mf8AXKuLzN/z71saDD6wV6UKVM+cx0oPEe0qH1/oX7GvxR8Yfsrz/tWeFoYr7w5pmuxaVq8sU3721uvK/debF/zy/e/62vJLzR59N8yC+gj8yKrnwr+PHjj4b6VcWPhzXJbaO6s5Y5of+WUsVZ/iv4nWOsRRz/uopKyr5ZXfv02ezg6OVZnSt8HL+Jz+sQiG6jzXSWdnocPwg1zxjq0H+kWt5a2Wm/8AXWX97/6Kilri/wC3oJpfJn/1f/XarmsXh/4RK30rz5PL/tKW5riq4avBxucNXC4XDQnLQ5eaYSyyT/Z/3lbnh/R/JPnz1n6bpvnXccFv/q66yGf91HYQf6v/AD+9rt6HyGJrQdX4ixpusT2cskBMfly/8sZoasX0EH7uCCx/eS1Ho+mGaWQWw83yv+W1dZZaZ/Y1rHcX0H+mSw/uYZv+WX/TWuN0ry9wpYqn7LlMvTdGg0fy76f95cS/6mKuo8K+G77Urr+1b7zPM8n99Vfw34bF5fyX08H7uL93DXomm6PBptrbwQf8sv3k3/XX/ll/n/prXq4bDezp/vDwsbmtJT9nTM/w34b82WTVZ/8AVxfu4arzWdxNf+QP+WX/AC1rtJoTpugRwQf88ZfJ/wCusv7qsv8AsHyYvIH/AG2oqnjLE+2kc3qUPk/uP+etZ+sQzfYft0/+ri/eTV1Gpab/AKV5858vyofMm/65V534214XnmQQf6v/ANG151Sp7T4D7DKaeHoU/aTMPxV48/0qT7DPJF/zxrk7PUZ9SupJ4J/NuP8AW/vaPEn76WSA/wCs/wCe1XPB9n9jtI76efy44v8A0bXL7Q+gjNYhc9P3TpPCujwWcXnXw/1VdBZ69b2d1HB/y0/5YxQw1X0GH+3pv9AntopIofNmmu5vLiqmbzSvtfkaV5kskv7vzpv9bLWccd9nlPIqYLEyxHtPaHeaFeT2f+m288XmXX7v/rl/z1q54202CEf6DB9muIof9M/661X8K2VhoFjHrl/qv7z/AJc4Ypv3tYfjD4hT/wCosfK/9pRV0UqlSrLQ7vrrwFWEefmkef8AxC16Czl/sqCCLzPO/fTf8ta5ubxJP/qJ6PEl4vmyefB/pFcvNNX12BqeyonBi8TVxs+VnQalrGbWufu7uCaWi8vP3Ufnz1nzXkEP+or26WJsclDBSpq50k02JvP/AOWdE2pf8sIKk1izn039x5H7uq9n+5i86vyucnSkfouEp80ueMyn/bHkxSVnz6lYzS/v7jy6sazZ/wDLc1nww+dN5E0H/XGWu2FOFSie1PB/X17PkND/AIRuDUvMJ/ef9Noax9f8CQ6ZDHN/attL5v8Ay6Q/62Kug0HTZ/Kkng/1f/LGsPxh58P+oX95XoYTA1J/CFLJcJgsPN4j4/sxLnhqWPQfD89rA37++/1ssx/eeVX0x+z5+zfrl78Krf4nz6JL9jv5pfsf7n/nlXxmupan/a0dk335f3dfth+yhqVjefsv6H4Ang8yO1s4o4Yv+eX7qvK4zzDEZVlns8NDmnI/NMyw9OnmtOnL7cj8+/2hPh7N4b0H7f5H7uXzY6+ZLaBRcHHH7n/ntX7L/GD9j+x+OXgPVPB2h6VF/aF1pt1/ZvlQ/wDL1/yy/wDItfkhp3wm+J15fagIPh/rcklr5sc0UOmyyeVLXyHBWaPGUZ08UuWaf57H01bK1l9ZVKPws9P+Bs3/ABTlv5H+sir2TTbPzrDyJzHJ/wA9v3NeX/sxfCv4qal4XuIJ/hn4kiksNSi/4+9Hli8391X1B8MfhXPqX2OC/wBDl8zzvL/fQ1zZrhqdDHyqnm8SZtiKVGMMMvePL4fh79rupL6eD/nrJ+5rUvPCsH2/7R9g+0yRXnmQw+T/AK3/AO1V9Ia98DdJ034c3GuTmOOS183/AF3/AC1l82KvL/EnhuCGK4gg/wCeMvnf+Rf/ALVTo5jUq6I8XIs0zSGL/eo4Pwfp39ma9Hrh/wBZF/qf3P8Ay1/5616ho+p/Y7CS+x5Uled6bCNHhkuMeVJWhL4q8m1+wwf6uumo63sj9EzPNK2MUPe+GJseJPGE955kFcH4k8Sf9/Ksaxr3/LGBfzrg/FWsQeb+4/1laYaoeNh6dbE6kl5qU95L+4nrD17Uv3Pk29E032Ow+z/8tJf9dXL+I9eghi/0evToVKlQ4cW6dKqZfinXvIHkV534k8SfvZPPq54r14+b+4/1lcPrF750uf8AlpLNX1GG/gnnU6Eqk7libWPOGc1nzal320ceV/11qn5372s6lQ9DDYa9YuedOIv9f5sf/XarlnD+6/1EUn/TGqenWf8Aq8wVqfubOX/URS/9tq5qUOesfRTxNLC0PZlfzp8fv4I63NBvPJ/18EVY800Bl4g8r/ttVyzm8mvRXtj5zEexrR947iz1L/iV/Yb63/dyzfubuuf1Lz4fMg/561HDrHk+XVkCGeL/AEeavUpYj3DxHOWFqWjL3SlZalPDL/r/APv7XSalrF9qVrZ2EEP7uLzZP+2sv/7qKsOGEzS+ROtbEM0H2qSf/nlXLif3jN5Yz9z7pueFdN8i1knnHmVoGHzrqOCCD95/0xqPR7yD+y/It4Iv3X/LWtTwtZwTXfnz/wCr/wCW3/TWsbHydeVWVbnR7B8PPhjYaP8ACy8+NE19psn2DxJYaTpvh67Hmy391LFLL/qv+WsUXlfvf+usUX/LWqc9mde16S+nH2m4tYZZJrv/AJa3V1/rZZZf+2sv/kKKsfTdYnml88fuvKm/cww13nhrSLGG1jnsZov9Ks4pJv8AwK8r/wBpVGGw1qnPMzx2M5KPIvd7ho/hu307QbeC4g8rzZpZJv8AP/f2uks9Nmm1S48+DypIppfO8n/rrWhDZ+ddafi3/dxeV/8Aba0PDdn9i0vz8fvJf9d/6NrtqHy9PEKrU1DUtH/0ryLn/VxWcXky/wDbKpIfCv2y1t/P/wBXL+8ml/6ZRVoXll5F1JY/8tPO8uarHjC8Gg+G/wCyoD/pl1D/AN+q5f8Al8VUr+ylywPI/G97/bH2y3gP7uWbzJq831LQftl1/qK9gvfDdjZ6V/r/ADJP9ZNXJ6xBBD1grzqlVJnsZfjq9ap7NHm954J/0rzz+8rLvPDc9n9nsj5sccs3meT/ANMq9M0fR59S1mSH/VfufMrk/G3kXmtSTwW//wBqryMTiOetyRP2TJ8FSp5XKrW36fmzl/7ens7r/Qf3UkX/AJCq54bs74S/bp4Jfs//AC2/6a1X0fQfOuo4IK2LzXrHQIfIg8uT/ntLL/y1/wDtVa0k38J83jsRTX2i5ealqupeZx/0zmrm/EniSx0+L7OLj7TJ/wCiqx/Enjy+1OLyLfyoo4v+2dcnealBNN588/m17eCw9vjPnq8HiHfmLl5qJvJZJp7eP2/6ZVlzATHLQVY/tKEReR/3+qMXveCH6V631lUdCKf1i+hn6pBPDFmf/lrWWDPN/r4K6C8vLGGX/TjJLJWPqWpWOf8AQYPKrWjjfazPZoyrKmeyXlnb3l19nngi8v8A1dY+veCfsf8Ax4/9+a6iz8iG6jqvqcwmOP8AyFXkVMLGr75rl2c1cFUcGeT6xNPZy+RPBUeg6NPqV/iCf935PmTf9cq7TxJ4bsdYikNv/wB+ar6b4V/4RrQft19+6klm/c1rQwXtKvKfq/D3EuXqj7Wt9kuWUNjZ2H2Ce38qOtTUvh7pRtY9VvrHzY5fKl/13l/62ubh1GCaXH/o6vSIdNn8S+HI9C0mH/SJYYo4fKr1cVS9hRj7M+czziHDVqzxXP7qPBvhb4Fv/iR8f7DSfD+jyT20WoxhY4ofM582v3v/AOCdX/BOb42+JNOTVPifo954Z0QNviTUFH2q490i7f8AbWtH/giZ/wAEnPh1+zj4Ls/jp8R/DUN14subiRtPmvYR/oi/89I/Qn95z/zzr9FvEPxH8P8AhQfYYUHmA8BeOK/NeIs9wlOfsZe/M+eyzKMXxRmUMd8NOHwrv5lL4e/su/A/4XJHc6H4MtZLiL/l/vh5sv5musbWvB+kJ9mhMMX/AEzhjrxvxV8ZdV1GSQJff6r95DWNp/iW/wBX1OO4m8zy/wDrtXwjzHExxH7qFon7Xg+FKlWhepsfQEPi3Qp28uL5vrUGt+DPB3jSy+w+JNBsr+CT/llfW8Ugrg/Ctn/y3H4V2lnNfQmu2pi8YvfkuaJ5ePybA0pciPKfix/wTo/Z8+KGly2VroMmjtInH9ky+VH/AN+6+H/2i/8Agk58Q/A8F5c+CtWi1e3ih/drN+7lkr9VdPuvtEOOnPWmaxoFlrcLxXMQYY+9ivRdJYvC+0oPlkfG5pkkXC9B8sz+df4qfCDxX4Dkksdc8N3NtcRf8spoa8n1jUp4YpPOg/eV+437ZP7NHhjxDp9xZaroMVxb3EEvlzf8tYpP+mdfkz+05+zfqvw3164g8jzbf/ljL5Nc+ExlVP2WIjaR8fgs5pUcVLC4t8s4/j6Hz/NqU/8AqK5/WJv9KrpNY02ezikE8NcnejyRJPXrql/y8PpIY2n7LkpnP+Ktens4vJ/5af8ALGauD8SeJIJh/wBNK3PG02brz64PUv8Aj6x/z1r2sL8J4Eoe1rfvDPvIZ7zzJ/8AlpVO78LXC6PPrvnxbIp4rebM373zZa9FuvDdnYR/25Bb+Vb38H2nTYfO/wCWXmyxf+QpYpf+/Vc14m077Ja2+k/8tJR9pvP+mX+Yq6p421SNOJeDxHNX9ly+6ed3k08/mQf62pLOznm/OtCHQf8ASvtH/LP/AJbVoTQQQ/ua6JVL/Ce66tHDx0KdmfJ6weZHUk0/77hZKkvIvOl/c1oeGvB99r19HYWMEktxL+7hiih/e10U5KKueTVdat+8kZ8NnOP39V5ru3iHk/Z4694+JX7LFj8H/gtZ/E3xX8YvDcuqap/x5+E9Pm+03UUX/TX/AJ5V896lN5Msn2cVcMdCVP3Tio06lR6mpDefuquWepReagrm4tS/5dwK0ILjtb0vrRNXA6HeaQ2h308g1WeSIeT+5lih/wBbLVeab+zZc/8Af6sfR5vOljrU1KH/AFk8H/LWuhVPtEUqSguRmhB4q8m1+w/8s8+bXSaP4lsVlt7eCf8A67V5veefD/r6P+Ek/s3/AJb11e0ueZWy/mf7s9ss/Ek80MZ8/wDdxf6mvYPDfiSx1LRrf7DZ+VqEX2r7Z5P/ADy/dSxf+1a+W/BXj3Sp4vs97/rPO/57V654b+JGlQ2tv9igito4v3f/AD1llil/561J83mGXYpyXOe6eG/EnnfZ76ef/ltL/wCRa7TRptOvLqQzwfu4rO6/1P8Az18qXyv/ACL5VeB+CPFUE3/Eq+0f9ca9M0bxJzHP5/8ArYf31TUPmKmCrUZanYabr3k6p/as8Ecsn72T99/z1rm9e16e816Tz4JP3UNWP7UJlknP/LWrHhXQP7Y1TyLj/lr/AK6auHEVDD6xRo1f3hX1jQZ4vC9vqonik82HzP8AXV5nqV5ALr/0dX6VfAv9i74H/F/4MT3R8bRaT4hKf6PFNL+6SL/prXwz+0V8AdV+GPjK8sYRHLHF5v8AqZvNirzqlOR9PgMfgKVeEk90eT2esX0xuPsPmxyS/u/3Nc348g/4n39laT+9H+rm8mb/AFsv/LWtSzvPsUUeZ/3kX7zza5fxLr1xZxfZ7H/j4l/8hVyTpVPbH6jRzJVcqtHcp6lr0GgxSaVpU/mXH+rml/8AaVcX428bCab7QD/pH+rml/5ZVT8SeJPscX2GCf8Aef8ALaWuTvJvtt3083/ntXpUv3R81Tw1XET9pUiSXmvTzS9aks4b67k/6af+jaks9N86L/Ufu61LOaf95j91HFD+58n/AJZU6mYKnsdtDC+2l7OECOz02D7VH5//AB8VJeeRD5hn8zzKj/tI2kvnwfvfN/8ARVY+qavZTSyfYYI44/O/1MteVLE4zE1j3fquCwdP3/jKesXl95Uhg/1kVc3/AG9OP3M5rorxjqMf9nzxeU8UWPNi/wCWtcjeWfk3UkE5r6vA1P3JhCVGrKR9UQ3nnGSCeCqc15+9qOCaCGX7PUgszNdYgH+tpHytXDKfvc5qeDvB194qv47GxPl+b+8mlm/5ZRf89a5v4reJbHXdTFjozY0+2/dwj/nrXY634hbwZ4Jk0mwHl3mqxYm/6ZWteR3C3Cy4Nevhqi9meZGrV9ppU0LdniDyxPBX1F/wTe8O6N8XP2i/C3gXWoiIb3VY7eZB3i8396P+/UUtfL12C1qjQQ9B5fNe1/8ABPb41eFfgd+0Rofj7xFP5dppesWsk0v/ADyi82Lzf/IXm1yZvVaw37snG1KtXL3CO5/TN4i8QWvgPwAn9nxqjSKI4YlHtXiv/CVarrEtxquq3Hmf8tP33+trf8f+M7fxNouliwnikj8n/W1Z8H+CbHUrD9//AKuKv5xxWIqVc7m5H9J8BVcuocN06vkeZ69Lf/YPP/6bf/Gq6T4U3k+o38f2+D/yDXQeMPBNjptrcCD/AJ4/6muf8B2k8FzmCuvEY32Mj9NwGZ4fHYF+zPfPBMMHlR10k3kVwfg+88m1610n9sQed0onmknhj4PNKX+0HSabN6D61qQzelc/p13kcfjWxbzEw16PD2Yc1b2bPmat/amB8TPBNv418PT6XcW/+sh5Ur92vh39pD9lpfEthf6PrGl5ZhwRX6D2zLMm4Hoa5zxv8PdD8SQ/aJLSOT0avfx+X+1l7Wn8R+ecYcJ/2m44rDPlqRP58P2kP2bvEfw91S4gnsv3f/LGWvmvxVpv2O2kgEH7z/rjX7xftWfsseHvH3hy/sLLTY1vIx/okv8Az0r8ef2rvg/P8PPEeoWHkeX5U1Z4apWh+7qHxmQZrWhiJ4av8cT5X8SZmikrh9S8jzf9R/qq9A8SQweVJBXD6jD/AKX5+f3le/hT66lFzrXLlnr0H/CI3FjP+9uLW882GHyf9bFL/rf/AEVF/wB/ar3nn6xF9unn8ySX95eTf9Nap6b59nqkdxBb/wCqmr2j9mP9kX4t/tFeLY/AHwy0OK5vL+G6ubP7XeRW0Uv2WLzZYvNl/deb5X/LKu6dKj/Ekd1GjD6z7qPE5tHP/fr95WfqNmbO1j8/zftEv/LKv0E+PH/BIL4gfBH9lj4fftU6X42sfEeh+L9Oh/te3sIRHc6JdSj91ayRyn97/wA8f+mU0P0r4n+IXhuDTb+40r915lrN5fmxf8ta6cPGPs+YMRS5KpwcOpfvfProLPxhPeeZPBB9mk8n/ljXL/2b/pUkFv8A89q6jwroIvJY7HyP3ks1FR0rFzxtGlRsV9SvL68/15kkrj9YhuIZfPr60+Ff7Iuu/ELy4LGwk8z/AKYw153+0J+y54k+G5/f6VLH5X/TGvOpYn997M85ZhR9sfP/AJ3m960NNn/e/v6P7NEMvkeRWhpum+TF5+f9VWtSpyM9J1qNSBoaR9o+1R5rrLP7DeaXcfaLf/SP+WNcfDN5Nr5H/LSWtQ6x9jtfs4rspRqnkYydp+4F5eHyvIngrk9e1LyZfIrQvNS/dST/APLSuT1i8gmupP8Anp616VOLOrLqDluSf29NDc8z13Hw+8d3H2nybeX95L/qa8v84+b/ANNOlei/BHQINR1SIA/6R537mtKvxWOrH4Wj7D3j3fw5q99pvl+f+7uIv3nlV6B4V+JH7ryL6f8A5bfuf+mVeZ+N9Y0P7Bo8+h2/l3FrZ+XrF353/H/deb5vm/5/55Vj/wDCVQTf8TWxn/ef8toaj2Vb2R81jcijKKt9o+lLPxt/q/tFxXpnw98SaV9qjuIJ4vM/5bV8h6D8SILz9yJ/Kkr0T4YfFSx0y/j+0X0X/XGvM5ax8dm3Ck61PlR9mQfFufTNL8ixnlij/wCu1eP/ABm8ef2x/wAt5P8AttUdn42sdY0uOeCf93LXm/xI1jEUn7+vRw0lVh7OofltLBYzAZt7OTPM/FXjCxs7q8gHleXLN5dcn4w8VWN5dXF9YiKKSWH/AFX/ADyrL+JGpeRqnn+R/ra4vWNen8rz4P8AVy/66nUwXtP4Z/UnCVLC4jLVTe8iwYb+8lj8j95JLWpo/hX7HF9u1WCsfwrqdhFqkf2ivTLPw1YzWnkTT/vP+WMsX/LWvBxka1E93HZP9Wpe6cnMIP8AUfZ4vLqPUvIhik+z/wDLX/llXQXmg6VDFJPPP+7rm9YmgmuswQf9tq5MPTlVrHz1OtLDc3uHP+Ks2flzwQXNt9q/5YzQ/uv+2VZfnziP9/5X/bWtTxPodxoUNsL6CLy7qD7RD/1y/wBV/wC06yz5Hm5sZ5PL/wCm0NfRQoxgjFyVdXYeVPtjlgPWqepabBNJ5xatSa6ZdJ+xOfNk879z/wBMv+ev/f2l0XSoF02e7m/1n/LGqp6AqSw9P2jPX5pv3tdBo8MHlefP/q4v3k1Y8MMH2r/ppVzxJd/2b4c+wwT/ALy//ef9sq0/5fHyuNqKnR5P5jB8Wa/P4j1F7uabn/lnWVApnl3VJdAZ8mI8VPZQnHn13Kp0PEh7seSBBeFoLUqIY6t/Czw/e6v4juLnyP3cX+urQ0HwfqvirxHb6HpVjLc3F1N5cMUUNeleHfD1l4UvX02Bv9WYvOl/56y1rpVfITmeK+oYK32pH6lf8Ex/jl4x8bfDTS/A/iO+lvZNLs4raGWX/nlF+6i/8hV99+EPDt4sPkscAV8G/wDBE6DwX410gaTYadD/AGppcEsmoytF+8l/e/8A7quE/wCDgL/gtH8XP+CdvjvSP2Yf2Yl06x8a6tpkWrax4h1PT4rz+yrGWWWKMRRS5ikll8qT/Wf6qL18391+J5tgY4rOJwow5ZKX9M+24ExOc4jL407/ALvU/UbxV8N4NUtY559V8qTyf+eP+trzPXvsPg+/+w/6TJJ/01s5Yq/ED/gll+19/wAFZf8Agsn+1zF+zP4k/by8UeHNOtvDd3r3ijxFpOoy6bJHYRSxRfurbT5bWOWXzbqKL6EH/llXkn/BZ79nr9pv/glz+0tafCi7/b18QeNotd07+1bSEa5fw31hDJLMI/tMU0ssX/PTmKX3/d10Q4bqV/4lj9cwGJxGAVoTP6TvCuvW/wBg8+D93/0xqT/hKvJu/mFfzg/8Ey/+C/X7Uv7OHjPT/h/+0X8VdR8ZfD66nitrz/hIZpbm60uL/ntbXP8Arf3X/PKv3W0H4qf8JVYW+uWX/HvdQ/8APaviOIsrxeUvnfweR7mDxqx8pU6kfePo/QfEnn+Xiux0i+EvVq8D8H+NvOijxXq/hHXYZ4sK1ceUZmoVkeDmVJ4SsdzDN6VJVO3vGlhwDVgjIwa/XMBifa0NTOE41o2PGP2h9JbSgmqwsuyWTZMB/wA9K/Kb/grP8OLC0uo/iBYQ+XHfw/vv+usVfst8VPDB8Q+ELqxKbZGgwpP96vzL/wCCm3gSXxH+zrrj21v5txos0VzFF/218qT/ANGV6Lw9GvS0+I/mLjp4nhvjGniIfw6mnz2/4J+LvjbPnSeTXL/2bBqUX2j91F5X7z/rrXWeMLOD7VJ9onrD1KaC0to4III/M/5bTedWeGXLKx+s4BzqYZTM+zsz5sc4/wCWVegeA/Hmq+FfLnsdUkit/tnmeT53/LWuLmmg8qPyLfy6r/2lPD/qPKjj/wBX/n/yFXq06f8Az8MXDEwrc56h4k+P/ivWLD+yr2+l8v8A54zTfuq8j8bal/aUsnkQReZRqWozyzcCsO8vR5UlbHTQp1q0uWRn2cPnXX+o/wCu1eufBPR9K1LWbeC+8v8AezRf9sq8nh/cy+RBXefDHxV/Y+qWc/n1jUpnNmmEdL4D93f+CQ/7PHw88Uagde17S4rme1s/kimFc/8A8Fw/2KfBHhz4cSfEDwvpUVtHe8GL/nlLXgX/AAT0/b+tfhJc27y6l5Y/67V2n/BTv/go3Z/Hr4cR+GrOWFIooe03/LWuWlS5axwzxOEWCceX3z8PPH1wdN8QXFvBBXongD4Mn4hfCHWPiP4c8baXJJ4cs/tOvaTd+bHc2sXmxRRS/wCq8qXzfN/5615l8VJmm8WXl9/z1mlqh4bv2hWSQNJ/qa68TgqlZrllY9fD04fU4TL95N5N1JUEuqERUl67zARWw6n99Xr/AOzf+xp46+P1/GLOP7Dp2f31/PD8q/8AXOtquIo4Gl+9MMTXw1CHPVdjxLU72NrblT+dc9cKknAUj61+xn7P/wDwQi+Bet2kV38TdS1zVZJD++ht5vs0VfQml/8ABvV/wT91Gy8qb4W615vaaLxFc/8Ax2vm63GWBw1bl1YsNneGpL3Yy+4/nncEvhTiuv8AAfj1vDVreCA/6RdQ+XDL/wBMq/X39pT/AINf/Az6LNrP7NfxK1q1vR+8h0vxL5Vxby+3mxeVJD/5Fr8u/wBqX9hz9oX9jvxg3hT4wfDq70ze8sdhqCL5lnd/9cpe/wDuf62vbyziXLca9Je9+J69DM8ux8fZp+/5mFP8YZ7i18gj/W/66sv/AITyDzelcey3CptxR/qq+up42HIdipKaPQNG+I8MV3x+9rYn8d3K20c2lar0/ec15RauUORV83kEXU1n+6q0zmeFhOpc+tP2e/jVP4ksJLG+n/eRf66u08Vax/aUVfI3wS8e3HhPxgjrP+7n/cTV9E/8JVBeWuPP/eS1xVKX70/LOJ8ihh8f7XlOP+J9l58UnkQ15fNDP5Un7jzY69o1e8sb39x/y0rzfXtHn0fVLgeRL9nrpjKrSpn0XCuPlhvcMPTYhD+/8j/VV3HhXx59ttZLCe/jj/c/ufO/5ZVlzQ+HIdBs/I1Xzbjyf9Mh/wCeVc3NDb+b0j8z/rtXNiaKxUD9Jp53Rq03TrHuln+z38fvG3g2Txx4H+EniTW9DtYZZLzVtJ0eW5tYoov9b5ssVeR6lqU+myyfuP3laHg/x54k8K3Xn6Fqnl1oa98QvB2veDbfw5P8K7K21C1mlk/4SG0mljupf+mUtc9DLpRn7o8TPJcRhbQnafmv1OH1HUl1JvOkuPMki/eeVNUc00E1r+4/d0XmjHyvPg/ex1lmaeDn/WV0VaVviPmHg4/8u5nSz+EJrfwhb+Kn1K2kjlu5bMWnm/vYvKi83/2rWtL8Ptd0r4cad8T76a2i0vVNTutO02LP72SW2iill/d/88v3sVchpl5BN5mZ6sajr0M9jb2I/eeV/wBNq0pYarURjKnV9k4SPdLOz866qn42l+2ap5H/ACzi8qOus0Gzgspftwg/dxQ1y+pWfnSyV5NLE+0qnHneTxwuHhz/ABmHDDW5Z6D50UfkH95/y2/c1JZ6P2ggr0DwH4P86L7dPB+8rteJVI+Jq1KWDpSnUPXP2S/h9B4Q+Gnij4/X1jF9o87+wdH86H/nrF5t1LXmN7bGPUrvWJ5QMTDjFfTXxD0e+8H/ALNPw/8AB1iZYo4tNutRvP8ArrdXUvlf+Qv/AEbXyn8cvFs3gK3j8OG2IupLOK4m83/p5i82L/yFJXflU6lSE5/zHzGY4v8AtjGQjRXS3+Z9Of8ABKD9vnwl+y3+2LomheNdetrTQvFr/wBjahd3U3lxWssv+ql/7+xf+Ra2/wDg7z/Yk1rWtX8Cf8FCvA2gST6ZNpx8MeNLu3OY7WQMZLCaTp+7l825iMnrFEP+Wlfl5qM+uaxqn2qG3mby5vMy0Vf0L/8ABGD9sD4f/tffsdJ+yZ+08un6/q+j6adKvdH8SWXmxazo/wDyyMnm/upf3X7r/tlXx+eZPWw+N+u0v+3o/qftHB+Ko5XhqeFqy3P5kPgF8fvir+zH8XdF+OnwV8WT6D4o8M6gL3SL+0X/AFcnIKkY5jI+Qxn/AJ6Gp/2g/wBoP41ftS/FbVfjb8ePH+p+KPFOvSh9Q1bUJPMlfC+XGoGB5Uax8Rxjpj3r99v21P8Ag0G/Zx+Jd/e+OP2NfinqXgW4uJJZB4Y1pftmnRH/AJ5xy5EsUf182vm3wr/waB/twReIoxb/AB5+H+j2qS5OszXt3LLF/wBc4orX/wBqxV59LG06n2XE/VqWGoVIe0548v4/cfj9aeA/FWoeI7PwPo+i3t3q99cQxWem2lkZbmWWbAiijiGcySeYn7sc/wAq/qX8G/CDxL+zP+zN8H/ht47hkj8T6X8ONGtvFUU03meVfxWEUUsXm/8AXWub/Yd/4InfsZ/8EddOuP2n/H3im7+IvxNtoJBF4z8QWcVvFpcsvmjOm2xMvkyyj92ZJJZZfTyhLLVL46/txaN4+8TSRpfRf6VN+4/fV+U+JWfYqVKGAwsOeU5K77JH1nCWTzr4ieL5f3cbnsnw38becP389fQ3w81CS4hjLnEdfHP7OvjCx8V6zHpNjPFJWv8A8Fkv2tPGn/BPL/gntrPxt+HWpxW3iS6vbbSfD0s8PmRx3VzIf3g/65xCWQe8cdfJ8N5bmGIzT2NT7KufF8cYqdTMo06END379o3/AIKZ/sQ/sdR3Fv8AtJftMeF/Dd3AvyaTcXvm30o9Y7aHzZZf+/dcT8IP+C9//BJz4y65F4e8JftreHIryX93Fb63Y32mg/8AbW7iiir+SPxb4/8AG3xs+Jd14x+KfxKub/Vtc1JptV8R+JdRubtyZJP3kssn72aUc5Pl+ZIQDjPSu4/bO8N/sVfDv4nWXg79iH4reMfHXh+x0mJdZ8ZeK9Hi04anfknzWsrIxiW0tsdBKZJM9Txz+84XLKlGgryPOw9GUIH9q1lq2i+MPDkOr+HdUtr60vLfzLW7tZvNilj/AOmcgr4+/aV+Fcvi248QeDdQTMGqQyxNj/nnLX5W/wDBpn/wUR+M9n+0hJ+wt418U3mqeD9e0K+vdAsLuXzf7L1CHE37r/nlHJFHc+b7+VX7x/E/wHYaij6qIP3wTNd+Cm1iFCZ+W+KnDU84y+FWn8dN8x/Kl8YNSEHi280o/u5LW8ltpovJ/wCmstcPqWpZ/f8A7qWu5/bqth4A/bO+JvgTd5Udp4x1SOH/AL/F/wCleVXl5Y+VxfV6Cws5VuVHtZHCSyanzfyo3Jr2CaKOcQf6r/ptVe8vP+WEFY82vWP2Dz4J4vM/67VnzeNbHzf3EHlV3UMDWCFOVSZ1kOj6rNdSfuP9bDWX4q0G90H/AEHVbeWOSX955U0NZdn8VNVs5PPsZ/8Apn++rtP2iv2zPib+1FYeF/8AhY4tpbzwlo/9nabdww+XL9l/5ZRf9sq7ll1WnTPqMBhsHPCSnOXvx/E87vLz975FWNH17yZfP8//AFVc/e3n73z/APnrUf2z/V/Zz+FcNSn7I8bE0/bM9k8H/Fq/0fy54L7yv31bniT4wX3iSwkgnvpP9TXhcWsTeT0rY0zUp1i5pnztfLrTMDxrcebfycfvKyrS5aKWPya2PFUU/wBvuJ6xtPtZbpo7JD87S+W9dFX3aVz2cPCmsPrsj2H9lj4Kz/GHxvE9xan+z7eb/TG9q/Wj9l34YaH4VsLeCw0qK2t4v9T+5r5M/YV+EsPhbQ7S1toMP5XmXf8A11r7j+G8Pk+XBB/q6/LOJczxNWr7OB87SwVTOcwd/gWx9QfCu8sYPs4t6+gPAfkTWsfn18v/AA31PyZY4YK+gPBOvT+VHXxcMNWqn3f+rcaOEO61jR15dlG31IryT9oX9mj4WftG/DTVPhZ8WfCNprGk6jH+9trmLlW5/exn/llL/wBNRXsum3cN5F++gxUl1ocMqMAOMV7eV0PY1OZSPzXN8rxGGrc9JWZ/KD/wUx/YT8V/sNftI6j8NL65a80eeMXegapJDtF1bHof+ukfMVfNcyF5cMvFf0Hf8HJv7OOneMf2RbL4y22neZf+CvEMYkuv+eVpdfuJP/Iv2av5/bqIgFh1r9cynE1KuHi59D6Th/NK+MwqVT4oe6yjB3om8+GX/UVYgs8HOKuxeRCf301ep9aSPcjW5KpSs/Psj9u/1f76vWPC3xTgm0G3sZ/9ZFD1rzPWNS+2WlvAP3cdrD+5hqnZ6l9klwB+7zWtPG0ZmOa5fRzClc9c1HxqblpJ7ees+88XT3bYIrmNJcXOzyJs1fvYYIZsQfvP+mteh9YpOkfM08DSw9TlLE8s80v7gVH/AKRNL9KsaDZ/6yu0vNN0r/hHbeCDQ/8ASPJ/fXfnV5VTGpMqVRRqWOH/AOWv7ielu55gMfqKt3ln38io/J/deRPBn/njWtLFDtzVSp/bF5FHhJuKgnv7K7/4+LH/ALaCrV5Z2/lVnzfuq19pzG8Yypkd5o88Nr9osZ/M/wCmP/LWsdJ7pG2SnzK3PtkEFryP3n+rqvqMul6yfOt4IraT/lt5X/LWuij7XnPYjP8A2X3z7Ms9NsYdAkvvPi/55+VXLzab+6jn/wCetdBZ6lY3l3HY/wDLP/njWppvhv8AtK/s4Ps//LavhcN7aj/EPR4zwNWpCNSl2Kej+CYDFH+4/dxV3nwx0wTa/HbiD93a/vK1NT0Cw021t7GD/Wf8tpq6z4D+D7e9v5PtH/LXzZK0xON5KXMfiuY5ZmFSPPP4D0T9q68stH+Gnhuf915kumxf8sf9VFFFFFX5tftI/F251b4gaprDw+ZJNefuXMv+q/55xf8AfqvvH/gop4qnhutP0OCDyre10eK2h8n/AFXmyxV+Z/xR8L3ltrFwIJ/tMYm/10H/AD1/55V9lkmIhRy6M3uVwtlWFhj5VKpjT/FHxBJ5lvLrFwbeX/XRR/u/Nr2f9lT9vX4q/sz+LF+IHhGeO4jQ+VqWl3f/AB7XMX/tKX/prXzTPBPt8kf6yr+n6FqE0UYTJH8MVenVpUasX7Rc1z9Oq4TBRipH9D37E3/ByF+zb47t7Tw98R/FOo+Hbt/3ZsvEUPmw/wDbO5i/rX3ba/8ABR79mjWvD8msaF8QorhhB5gitLO6kk/9FV/I9qXgHVtI0iz1aK1lYyRfvtsX+qrufAv7Zv7Tfw+toNE8NfGDxBZW9vH5cNs+oyvFFF5VfM1MgowneD/U462MzP2VsHVT8n/mtT9vv26fi/8AEb9rK6jsPA+leJItPsJpfO/tHR7+2ii/7+xV8p6b8K77wfdSXF9fXNzced++mlhrwr9nH/gpj+2hrGtQaB4i8dSeI7K6Plf2bd2UX/kLyq73xt+3hrevRSWNv4Ojtrj/AJbSyzeZ5VeDW4PpLF/WJU+a56tHxXzPJst+ot2t211+Z9Kfsu/tFf8ACB/HPQ/DmqmOKO6mi/7ZV90/8FiP2L5v+Cgf/BOvxX8DvDUkX/CSCOLVfCsrmMRtfW0vmxRfvOnm8xf9ta/HL9m/XvEfjb48aHfX195kn2yv37+GXxB0rWvA2nym7jkklh9a+Kz7KK+T5vDFYWn8StI5sn4vpZxGcqs/fP4rfit8IviF8FfHWo/Db4keFtQ0TX9GujbaxpGoW5iuLKb/AJ5Se9c1FbXLSbRGfpX9eX7cv/BJP9k3/goFBp8nxu+HtsNQ0weXZ+IdPb7NfWsWMeX9pi/1sfPEUv7oV4B8Iv8Ag1b/AOCZHwq8bwePfHL+LfFlnZgSQ+Gdc1v/AEWeXj/WeTFFLJHx/q692jnEfY2lCXP8rfmfVUc1wro+0qy5T5d/4NDv+Cf3ie48f+Jv+CiHj7RLu20bTdMl8M+AGurc+XfXMsuL+6iOR5kcUcYts8xeZdS94uP3s1+4gnt2gUggg8V4Fr/xr+H/AMINCsPhx4E0vTdB0vS4I7LS7DToYra1tYov9XFHFF/qoq6v4b/EmbxMyQTXBc9zWGFxOInjPazhyo/Ps64/yTGYj+z6VTmk9D+ar/gvz4Duvhp/wVG+ImmW6eXbalcWOow+/m2sR/8ARpkr4xutRnhjwG/d5r9ff+Dt34B23hv46fDP9ofSLd8+KfDtzpWoFO8tjLFLGf8Av3df+Qq/Irwx4P1XxhrNv4c0ny/tF1N5Vn537uLza+9yrGUKU3UqHvZZC+DjDtoULjUDL1aQfjSQ3k00X7/95UuseF9e0DUJNF1rS5ba4im/1UtJZ6PcTRf8s69iWY4WsuemdTjCG5JAs83StCz/AOWcFENmbW1y1HneR/qK5amOMaNR89ivqQ/5YE/WqcM1XPL/AOXjH41Xm/dV5tWp7U9D2fsixDNXQaDNBNLHA0/7uWuTgl/5YYq5Z3n2Os6RzTw0KrNzx5DpdnqkljY332mOKby/tfk/62k+Cmmya38UtJ06ZvM8y87VzmpXk4l8/H+trV+Fevv4T8c2GtKvNrdxS13zpqdDkIxFKnTw01A/Vf4A6bBpujR/89Ja+jPh7eQQ8H97Xyn8EvHlhr2jW99Yz/8ALHzK988H+NoYbWM1+bZplFV17m/DKwtF6n054C1iC0ljn8+vYPCnjH9zH/pv618l+FfHk/lfuJ69A8N/EKeHy/8ASK8z6i6NI/QatWjWpn1x4b+IVj+7/wBOrtNN8VWOpReQJ/zr5T0HxhP+7/f13nhvx5PZ/wConrhWDxUX+7Ph+IqOBpUb8x57/wAFx/DFvrP/AATO+KsbRb/suk21yP8Atndw1/L5cW3lyugPev6Lf+C9f7TOk+Cf+CcXiDwLeXP/ABNfGl/a6TZRj+ERSw3Uv/kKIf8Af2v5+fC3xJ8PaDZ6hZa34Jsb+5uovLs7u7P/AB6/9sq/SsspYmjlXNGPNL/hj4vh2MKlWbh8HMc7/Y5MUk/2esuaGus1K80nUoo59IEXl/8ALaLyfKrH1Kzgh/1BrhWJxcX+8ifcVMNRhD3ZGXN59SabZ/6V+/gqxDZBuv8ArK6zwH4P/tK/t/Psf+W376uiliLHFVq0aNL94O0bwD4htvD6eIE0i5+xGbyorvyf3Xm/88vMpsP2jzf9I/1ntX0p/wAL++Ldn+zx/wAMr6r4q8zwXFrH9o2ekzWcUv2WX/plLLF5sX/bKsPQP2J/ip8VPBNx8Rvh/pUet2dh5X2yK0mi+02sUsvlRSyxf63yv+mtenhMU1CTnofPVa1Dn1l8R534D0j7ZFH5EHmSS1+iHwr/AOCePhT48/D3/hI/hzYyfZ7qHzIYvJ/e2sv/ADy/7ZV8X/Dz4b+KvBPxLj+HPjjwdc6JeWt5/wATK01GzliurX/tlLX7/wD/AASC+Gfwk0XTb3xN4U1v7TeXNlFHNaSw/wDkWuXEzpVFeMjbAZPXrVZOa90/Dj4/fsHfFT4WX9wb7wrfReVN/rvJrwTWPDmraZL5F7Yyfuv+W1f18/Gn9m/4Y/G/wpP4a8W+GrSSOVP3cnkDfHX4a/8ABSz9hvwr8GfiXqnhyD7NF++8yGaowVSpz+8ebm2X4rLZc8feifl3Po8E4/fwVh6xoPk/6ivbfEnwiv4bqSbSrixuY/SKby64q88OX+nX8lv5HlzxV7VPGU4s87DYqvzHkepQz9az4b0j/j5gr0jxh4PvjN/as9lFF5v7z91D+6lirh9T0f7HLxB5dehTxXtv4Z9XhsVRqUrM+qPCupT6lr8eLePzJZq9s8E6b++j1Uf8uteX/B/wfmb+1Z4P+uNe2WcH9m6X/wBNPOrxsTSPs8Di8JjsF7Gr8RThvPOuo555/wB5XrHwIhNn5eq33+rim8y7/wCuUUUteT2ej/bdQt/I/wCe3mV2nxI8YT/Df4X2/wBhn+zXGqebcwzS/wDkX/yFXzcqE8XX9jA7+IMhynDZFz9UeJ/tf/E2+8ba1JfXF9JHb/bP3Np/yy/661znw9+Kvws8O/s1fEy38ZeK9Si+IA06wsvhvnTPtMX2X7V5t1FFL5v+if8APXzYv+mtcF8TvGEGsy/88/Km/wBbWFrI0y10+weC7jkkurPzGhil8zyv3sv/ALSjj/7+19/hMvTwkactj8Ko04YbEcyheJ5JDoM95qkn2iD/AMg13/w98Im8v0l8jqaqTCCa68mwH7uvRfh7p8Nn5YI8uvUxNL2GHSRlnub1IYb3T6U8F/sg6Hrf7HOufGrxVfR20lrqP2bTbSb/AJa/582vk2f4TwjW3trnTCJBN92vp3XviDc3nhzS/AEF5/odh+8+yed+683/AJ61h6bo8E0sk/kfvK4MHTq0uZ1Hufn0OJMThEzlPh54dv8AwfYONEP2aeSHy/Nih/eU+y8Kz3l3nyK9BXwhNBax3DDy/NHSp7Pw35UXkRQVrPE82h85Xz2pWqycmew/sJ+BPhtFrWqfEDx54+stMttBh+0zwzT+XLLWtpH/AAW61LwP8W9T0HTNHm/4RAzS/wBmvHPiVf8AprHGf+etfOHxJ8B6rBpn9qz3H+j3UXl18x+NrS+03XZLGc/u65K2V0cUuar7yPqeFcLCrKc4VJe8j9nfh1/wXP8AhZrKx2eqfEK9sJP+n62kX/0Gu88S/wDBUDwB4utLePQ/jHpskcvWUahLF/y1r8Gt5t4o2FxW3b+JrzT4wPtUvB/efva86hkOBpV+ZwPXzXIMyrUfZ08RJKXmfpH8cf2xdV8caht8P67L9n+2f62G5/deb/0zr7i/4J5fHefx/aWlvrB/0mGH96wPUV+EXwy+IN/d+II7Yak0bS+UgEv/AC1/e1+wv/BNmG/0650+9eCSJZbKPrTzihhYYT91A/JM3y2pwtnmFnKfM3Lc1v8Ag6O+FVj48/4J7+HvidGgM/g3xzbSNKP4YbqKW2k/8i+TX89sM39jyxzf8tIv9TX9Lf8AwcC3Ns//AASG8eT3CK7DUNA8sP8A9hqwr+aTWLP915/kV4UEvZxjM/sTh6jPG4NVIbSt+R1MnxS1/wAW6fJpXi6yt9Wt5Yf3P2uH95ay/wDPWKT/AJZVy2pWkFmP3BrP02aeG6/cf6v/AK7VoXk3nWtddGkoK0PhLrU4UK0qaMv/AK+PxqvJB/z7mrE/aj/r3/Cr9oY0YFf99/x7/pVeaH97WxDZ/usf8tK1NH8NwXkv/tb/AJ5VnUqndS/fHLzaTfHy8wVqWfg/VfK8/wCwy16Z4U8N6FeS5+z/AOq/1Nfor/wT3uf+CaL+B9b8A/tf+FNNNh4i0MW9xrd3BKbmxuYvN/e20kUX7qX/AD7VCqVkb01h5+45KJ+S0+hTzRZpmn6dBb3INfQ/7V3wx+DvhX4oaxpXwP8AH/8Awknh+K8/4k+rTQ/ZpbqL/prF/wA9a8P1LTf9K5t/LrspYp0jx60HecEz3j9mP9okeC7mPw/rOpSQ23/LrLJ2r7E8B+PINSijnsL6OXzf+eVfmGCbM7lr0P4Z/tO+N/hdL5Fvdm7tO9pdciliFRxdH+8eFGWIwdbnpan6m+D/ABXP5X76vRPDXiqcda+Cfhh/wUP+E13BHZ+KJr3Srj/lt5kXmxV6zov7fH7Pmm2+xfiPaeX/ALkteJPLp+0Np8RZjT0cPzPtnQfG3k+X+/NanjD9pXwB8IfCl343+IviODTdLtIvMubi4l5Y/wDtavzl+J//AAVy+HPhrTJLT4c2N7rV/wD8sppP9Gir4g/aB/a0+Lv7Rmp/aviH4olmhh/487GJvLtrb6R16WFyakv3kjyZrNs6r/vfdh/XQ9R/4KX/APBQfxB+2v8AFIa2pnsfDGirLbeG9JkuP9TF/wAtJJP+msuK+S7yY+bVy9luGl/fisucES8+tfT4aEKVPlR9dl2Dw+DoKECS01Ka0m4FdRpn/E58vyK5i3tBNNuJr2/9i/4Kv8e/2gvDfwrjnubGzv7yL+2NQtLOW5ltbX/lrL5UX/TKvFzalBw5ux2r36vJEx9B8B31nFHPeweX/wA9q7zwHqQ0e6kghgi/e/67zv8AlrX1x/wVB/4J+6Z+w34z06Dwz4nk8ReBPEcH2nwtqspi8z/rlJ/01r4rm8izupIIZ6+bw9CU3znLm2V1KcbuRseKtSuJjnHl1X8H+MPEem3XkWOqyRR/9Mpqzxr1vDa+RqtlLJH53/LGbypf+/v/ANqos723mupJ4LiLy5f+evmy/wDbKvWhTqRVmfMRpTS96PMeia98bfiB4xu9Dg8R+I5L3+wbP7No93N/rYrXzfN8rzf+eVfZn/BOv/goF4j+BvxB0e+g1X7Tb+dF9stPO/1sVfnXqesQQ39x5E8cv/XH/lrXQfCXxhfaF4k2+fL5f/LauuGFpTpcsIn0uXTx3s3KWx/VNpf/AAUF+AN/4MPiUeIN37jeIlH+s+lfib/wVt/bEm+LPxG1DxHpEHlxyzf9+q1P2Y/iF4q+Ifg3+w7CeSW4i/5ZRebL5tfKf7bH26y8W3kGrebbXHnf6mWtMuwNSnKaZvnVGpVw0ZdDwfXviFq00sk88/8A35rLh8eH7X5/n1l3n+mSnn95WPeQzw3P7+CssRQjzHl5VlSl79Q9E0v4h2GoTRw6pB9pjEPl/wDXKL/plVXxn4JtNWH9q+H7kGP1/wCeVec2d5/pX/bau08N6xiwz5/7yL/ljWdLC4qlPmgdOYZQqMfa03qfbHgnQbDTf9BgsYvLihrYvJgNQ8jyP3dFneWWjWsmP9ZXL6x4q+xyyXEDVniKh8/lmMr4Crq+Y6iz16w0fP7+PzK8z/aW+Nh8SWtv4c0qfzbeL935P/PL/nr/AOiqw/Ffiq+vIpMz+XHXn95N51/JPPBLJ5UNa5bh6VKt7Q9jNs/xOMwfs3M4fxVdtBcyQ5H7qs+XUTc+XALeOP8A5Z/9da0Ne0G/vJfPg/eebUnh/wAG6nNbeekX7zzq+5w1SjY+T9tClRvORoeFdHEkvn4rtdIvodIKT3H7vyqueB/h9rWpRRwWVgZfTENZfxW8P6p4W03zrj91/wAs/wB7WdWrCcbHylWp9dxfs5dTt/h3qU/iS8+3GfzJJZq9Q03R/wCzbSPzrf8AeV5l+zvZahpraZquu6Zc2WnSxeZDNd20scUv/TWKvUfFXiWxWX7PBNXiVMTVufE8R4OtRxXs6ZJNqWZY/wDplUd7rwhlrDh1Lzpar+TfalqnkQQUPRe0Z5WBy32tb3zU8Ya9q3ivT7fSp/L8u1h8uHyf+WVfOnxZs7qPWo/ttt5Z/wCWMuK/TP8AZc/4Jw/Gj43+CJPEsXgK5sbOSHzLO81CHyorr/rl5v8Ara+Nf25PhPdfC/VLnw5rNiba9sbj99E5/wBV/wAs5Yq4aOeU/a+we59tleFx+U42CqQ/dy+GR84wiATeeP8AVxVlzax5MtVLrXDGv2NjHVKGYzS+eK9hVeY/SsPB1Feodz8O7m+n8V2EES/624i8mIRV+5/7DmhXGg+F9Gnnt5I/+JdFmb/nrX48fsJ/CuT4j/Fuxmv7f/RrObzJeOi1+43wC0iDTtJsNKEHl4rwMwxHtMTGnE/nTxYzLC1M+w2FpfHHU8x/4OQfifbaF/wTEi8Ki4/0jxF440e1gg/56+VN9qP/AKJr8Dte02CGw8+v2B/4OhtfnsvhB8F/A5fKX/jC6uDF/wBcrX/7ZX43eKvEljpth+//AOWUP+qrPE4W9aCif2B4aV3Hg1TrfHLb7rGHeXkGm/v6js9esdS/cAR1xHiTxXfardbpm+TvWPBrF7BLiO4+tbzp00rQO6WCqVl7SR6vN5HlVH53nS1j+Gtd+2WFanndPIriqnmfVqtOsbFn9nhFan2y3Hl28H7v/ntXNwzeTDgf6yrmmzev+srOnSb987atWnhsNyHYaZrE9nF+4/dVoTfEK/P3Z/Kj/wCeNcneamTD5GP+u3/TWqc15PXZ7RHzP711LnSXniq4vP3FU7zRzeWv26CseGatiz1KcWn2Cef93LNXPXgd9OGmpzd59ohNU5poOldBqVnBMenlSf8Ao2ufvIfIEn2j/WVz0vbXIp+xuUJhNDwZj9ajFy8nRzVbUrwmXAohh82vVp1Ulqb+wRJ5s3rRVe787yv+WVFnNb+bgVrTrcy0N1TUUXBDBNHxBVSaOHzcU+e8xxBVeGaun6yKlTlMuWfkQ/6mvQPht4q/4Ru/j1XS7mS2vLX/AFM0VcPp2m+n51sWYgs5PP8AIElKC9t7zM/a+xxCkeieMPi1448bWsc/iPxHc30kX+p+1zeb5Vcv/aU/2/8Afzyx/wDPasPUryeaKSfHl/8APajR9SBi8gwf9ta1WBhOme5XxEMfS5XL3jsBZX955YgEctSXhvobWP8A0f8AdxQ1oaDpsGpWsl9cXv2aOKH9zDXSeKtG1XTfh9of9rQeX9q1K6udN/0PypZbWWKKLzfN/wCWsXmxSxf9/f8AnrXHKGth4bJalelaMfhOL03/AEywrY8H6RPDqkc/2fyqj01fJupLGxEX/bWtiHUoNNir6HAYONOn78Dxs4zOOBp+wpH0B8K/2lvGPwZ+H154c8LarJbR3/8ArvJr5/8Ai18Tr7xtrMl9cX0sv/TXzq5vxL401CaKSGC8l8v/AJ5Vyd5rE/m1685YaFLlhA+ew1fFV9Kk7o6TTYbHUrr/AKaVJ8SPBM/hv7H/AM9LqHzJov8AnlVPwHr0EN/H55/d+dVj4qePP+Ek1X7aIfKj/wBXDDF/yyi/55V4/wBRoVsTE++yrE4LC4GTqx97oefzTeTdR/uP3fnV1EGjz/2N/bkE/wC7/wCmv/LX/pl/5Frl55T5m6Crk3iSeG0t9Kmnk+zxfvIfKr2JZPRPIx2OeIp+4fcl5rE95LJ/0yrHm/0yWStDyIPK+wwf8ta0IdHns7WS+g/4+Iv3nnf88q/IqmJ/fHyFKnat755n4qm/feR5Fc2JoIpcwV1njaz8n/rpLXLw6a15dSfv/wB3X0uW0/a0zmzH2Kp/uy5ptnpWpahHObGKKOL/AJ5V6h4J+DP/AAmOsx2OlWP/ACx8ybyq830280rQpftGq38UUdfYn7B2j33jCw8eeKrGx+02+g/DfWbm8i/65Rfupf8Av75VdGMqYjDL3DznlzrYf20jtPCvxC/Zz/Zp8A29/wCD/DdtfeJIrP7NrH9rTRS/9+q+FP2x/HGma6LzxsNKiitpdS8z7JD/AKrzf+eX/XKsL42/HiHzrgarfSxXHnS/6mvAPiF8Z9R1XSdQt7LxP59tKPL/ALOvP9Z/5C/55VzYec6MZVJfaPWy/IqmYYmnWhBRjH8S9aftP/EZfHsvjLxd4kvNRvJZP9IS6m/5Zf8APL/plFX0d4F+KHh/4lWsd54Zvo7nzYeYf+WsVfBEF5M0j3sCyN5X7zNT6L401TRzJLbztkxeXG3pS+tW3Ppc64LwWb0bw92Z+imgeK9BhnMx1u2yf9afOr6+vP2Lbz9kX9lPxN+3h+1hq2ieGf7Is5ZPh74F8V+bjXtU8r/QRcx/63yvN/e/Zf8Alr/y18qL/W/hbF488RWq/bLPV7mJ/MyNstWfH/xe+KHxT1oa58S/iLrXiC973Wt6lJdSfnKTWNTHKrDlR5WT+G+Dy+u6lSXOfT/7MH/BX39tb9ln48P8c/BPxjvtRlu7j/ic6Nrsnm2OpRf88pIv+WXH/PL/AFVfan/BTz4yfDP9tX4RXn7cXwHniGl3llo0niTSVbMml391+6likx1kjlir8d9RudON7MNKS4Nsf9UbogyfpX6a/stfAtfBv/BuT+0H+0nqtrcpceKfiloOnaMLr/VS2tjd2Hmyxf8AbW6li83/AKda8bE0FXrU5U/jUlr5dUz7LH5NhcXQhB0/g+E+L9Q1B57stHBGcc8V2Pwx8B+IfiFq0Hhfw3YNc311L80a1w3gzT9b8da3p+geFNLuL3UL+WK2tLW1i8yWaWX93FFHHX7s/wDBMz/gifq/7PPw4tPij8cyP+Eq1O1jkfTvI8yK0i/55V6uMzWGBg/e1PzrimeKyvK6k6FPmmtl/n5Hkn7HH7KWnfCXw5pzG3uZLy4HmXYks6+9/gqi2mtaXZE8SyxxRCsbVfhpoGlaofIuSscJwMnrXS/s16F/wnPxq0+HTpI5NM0zMkpTtKnmivI+u81SFeR/FeV5fnvFPHcJVlzNz+7U+JP+Dq6wt9P034I2pObkXWqSGL1i8qKvww8d61Pq959itx+7r9a/+Dob462vxE/be0/4T6NfeZa/D3wrFbTDzv8Al6vvKll/8heVX5N/2DPeX/keR+8lr1aOIqVI8x/ojhaEMmwVLDL4YxX3mBaeHY7pJBcD8qs2Hww1W+jk1IxSR28X8Upr0vwH8OYb26jFxb+XbxfvJj/z1rX+Kk095a2+h2MHlRxQ+XDDDXNWxkY1o04nPDM6tSt7OB5B4dtTGZIYT+7ro4bP91589aGj+Gzo8WZv+21Gr+fPdZg/651pU9pNnTUxtFy5VuU4ZfPuua1IIZ4YvtFU7Oz8mrk8pH7iH/V/WuilseJjK3tanxBNNcTdTUc/aib/AFP4VGf+Wf8Az1qTGnuWIZv3v7+rnmw+tZ8P7/8AcZqSaeCyi8/+tX7IiU6k52RqTeR/qLi4k8z/AJY1zevfvvM/f+ZJF/zxqnqXjHz7nyPPrU0HXv7Ns4/EbWMdzJpd5FJ9km/1UsX/ADylrKphq32D28twUHL997pyd5D58sdfcn/BCL4MfC345fttaX4B+Mvw003xZpN/o11GdP1GGXyopf8Anr/11/1lfEevTaV/bMk+h+bFZyzeZDFL/wAsv+mVfrl/waifA4+Nf2mvGnxnvrHzLLwd4Yjis5vS6upDFF/5C+1VyZnSrQwEuXsVjo8q5Ynyl/wXf/ZS+DH7GH7d198K/gSYrfSr3w3a6rd6JEZZY9GurmWX/RYvN/6ZeVL/ANta+Jprv/l3xX2v/wAHCXjb/hKv+Cq3xXuP+fDUbDTv+/Wn2sX/ALSr4Umm879xV5VCrDBRk+yOjC0uejGUjUhm82tTTYDs8jyMfvqz9Hs/Om5H7yupsoRaJ++/eRxV3+3RyYzEqk+WBWmvPJ8vyIKZNfTynJqveXbCXnFVprzya3pYn2RzU6TrbmnqGvCfTLexFv8A6qWSTzf+elM0fWLia6x/rKx/tmYvPnno0zUjZ38ddNPGzOylQ9m7HoFneT/b4/7KvvLk/wCm1dx4q+Kk+seAtP8AB39k2McdheS3MMsMP73975X+tl/7ZV5fo95BZ/aJ7iH/AJY/ua2fHGgapo99H4cm1myvZIoYrn/iX3vmxfvYYpfK/wCusX+ql/6a10YWj7bE3PewuZ1MLh58sie38bareXUf264+0/ufL/e1pfbJZrLz47w4/wCmtcrp2jz+b/pBk/df8sq0fN+yeXDP5le5VxLgvcPgM1ksVXui7dLJMnzR/P71kzQ1cm1j+HNU5tYhJ2g/9ta5vrRxYenUpsrwgQxfbTP+7qhJqoneQb+P+eVT6zDcG288T/u65uaaeEeQTWdLEn0dKn7Wn8Rcm1LvtqP+0h5uf3VU5ryo4f3MuK9Kljax0LDaH6KWfkTazHBn/Vf66vVPBPhXQ9SsNQm1XzIreKHzPOi/5Zfuv3X/AJFliryfwfNBNfxzwN+7r0zUryfQfh9Hpc/mRXGqalLc3n/XL/llX5VHD+2xcPZnFRyqSoyqyPG/ifNBeap5HkR+ZFN++l/561jw6D9jijn/AOetbniSH7Zdef5H/Lb99VfUpv8ARY4Ps/8Ayxr9MynAexpc7PlM3q4enLkieC/tn6vfeArDwzrvhrW5LW5uJ7riGb95F5UsUsX/AKN/8hV9af8ABt5+3n4K0H9tq8+BX7R19AdE+LPhaTwrbTSriP8AtCWSLyvN9PO8ow/9dJo6+Ov+CgnknRvCU1tF5bebfRyj/wABq+Z9O1a+0e9jv9PuHinil3xSxnkGvAzau44idJ/CfdZPgsPi8np+Z9Af8FI/D2qfCj9rr4h/Bu8kPmeHPGF/pzD/AKZRTfu68OXxAZIJUvrQXDtHshkmkkJh5/5Z/vOa1fjJ8X/iD8d/iNqvxe+KniS41fxBrU0cmrateHMt1KIxH5jn1/d1ganqUN6II4NOigWCHy8xDmTnq/vXhe15YcvMe/hcJTwtGNOC2NWXxpqyeDh4Lgl2abJd/bbiBEwtzMkXlRySYx5hiDyiLP8Aq/Nl/wCesmeVLEng0jdT9aXax5/rXPUqVKh2CZOMZqSjBxnFEK9yKyA0dF0ufV9at9NsofNlnmjjih/56E1+63/BejxX8Mf2E/8Agkn8Dv8Agkf4IjEfiR7XT9V8RWBH72OKLzZbq6l/55SXN/LLL/2ylr4T/wCCNv7Mvg3SvF+pf8FKP2p9Dktvgv8AAyaLUSt1AQPE3iP/AJcdFtf+e0nm+XNLgSCKOOPzQBKK8o/aW+Pfxz/4Kbfti658bfGwe88ReLdR/c2VspMVhbRgxwwxf9M44q2hGVN+07HrZbgKmLqqEI3ctF6n2t/wbVfs4WvxH/al074w+MNFhk0nwdmS3Bi638n7qP8A9q1/Qj8aviD4f8IeEZpQokZYtsMXm1+en/BLn4B+GP2KP2atF8NSWxl1W4gN5qFzn95cXUv1rY/ac+Nuq69a3EE8EUt5LN5UP76XzYov+mUVc2YYZYqUau3c+V8UcTk2XUoZbh0vazjaXrbV/eYfxU+PGueJNZk0qCeL97N++hhr6A/Y08aeE/hF4E8SfEXxnfRW2n6No8uo6ldzf8sooovNl/8AIVfJfw38H+dLHfX0H7z/AFleb/8ABSD9qiy8N/s+3H7PWh6r/oevQ+Zr3lf62WLzf3UX/bWk8JUx8Yql7sI6s/M8j4b4c4Twn1mXvV525f1PzL/a6+Nnir9p39oLxZ8d/EcEsV54o16XUfJ/55eb/qov+2UXlRf9sq4vw34D/feQf3kkv+umr0Cz8K/29f8A26xsZf8ArtNXoGm/DeDQNA+3T2PlyRf+Ra6pYqNKjyRPZq5lUzCocPoPg/8AdR6HY/vbiWo/FXgLSrOaO+g1W21K4upvLh8n/wBG/wDXKsv4k+PbjRrqTQrGf95LD++8muf+HvxaPgr4jaX44vNJj1KPS7yK4/s+X/VSxRf8sv8ArlWeGwF37Sfxf11PZwlKg1H3uUp+PNBn8N6pHpXkeVJ5PmeTLXO2dosjSB0D+V3Ne1ft1ftH+Ff2rv2kfEHxi8D+AP8AhFtP1n7L5Ok+d5nleVaxRf8AtKvG5oDDHtE9eg/j9483F01SqWpyv5kfke9F5+4/1FSTQEeX5E/7z/WVTvJvJ/1H/wC9rY58NqRzXn72qc15R/07/pVzTdHnvJc/6v8A57S0HTUhSpe/Il0uzmvJhBDF5lej/D79i79o/wDaA8JeJ/Hvwg+F+ra7o/gzTorzxbd2EX7uxjxn/ttwP9V7Vx667YeHrb7Lpbf60/8Af2v3M/4N1Pi/8KrH9l/xB+zL4s0G1j/4SmW6vdQuZ1/4/wASxeVLFJ/2y/8AatZ1Jzp/CcazTB4Gpz1/d5tI+p/P/rHw9vdGm/fwS1Yhng02GS3n/wBXL+7mr6w/be+EnhXwpr3jjSrDXLaS48JePLrRbzyf+WssUssXm/8AbXyvNr438ValmWSD/wAi12U1WdPmZ9HTjKvGE7mfj/iaeQP3tf0uf8GsX7Llz8GP+CeV98ctctZINQ+KHiGS+hY/9Au1Mtrbf+RftUv/AG1r+cv4GfCXxV8ePjT4T+Engey8zWPFuvWunWcMMP8Ay1ll8qv7Qfg38JvDPwC+A3hT4F+EIvL0vwn4dtdKsl/6ZQxCL+lfP8Q150sG4ndL2P3H8kX/AAWx8Sf29/wVF+PFzn/VfEi6jh/7Zfuv/aVfKkVzlQAK+qf+C4Hg3VPBn/BUn436XqUBjNz48utRh/65XUUV1F/5Clr5NroyqrKpl8H5L8jtw9OnOlGx95/8EC/2Gvhh/wAFDv26bf4O/Ge8uR4f0vwnd69qFraylJL8xSxRCLzBzF/x89v+eVfV/wDwcJf8EgPhN+w5pHhn9oz9nSK9sPCuvamNG1Tw9dTG5+wXRhlljljllzIEkjimBEhb96Ac84rwb/g1m8Xy+F/+CtnguySX93rfhzWbGb/wEluv/bav3L/4OD/gvD8cf+CVfxItbDTRdal4Zs7bxHp2P+WX2SYSTS/+Av2muCuqtLFc/MeLjcPTlKVT7UT+T/WJvJlxCKj0+yvtRuY7ewt5JbiWby4YYYf3stU9TuwJ5c191/8ABu18AvDfx+/4KjeAIfE1nFc6b4PF14qu4pv+WktjF/op/wDAqS2l/wC2VejXreywrmEF7GiplH/goT/wRq+L3/BOb9kv4YftF/HLxpa/8JR481B7bV/BsOnD/iQn7L9pjikufN/ey9YpfTHHm18PWc3+lR1/QF/weO62sv7MnwfsFH/M838mfpYD/wCOV+AOj/vruM0sqnOvDmOuhL29Fndad4n8HWHwx1Twzd+EBca/caxa3NlrctzL/oFrFFdebF5f+q/eyyxf9+qo6PrFxBNmC9kijl/13lTf9/a5vyZ4f9fUkPnwy+RX0mGrey96Bx4ilePKz3q18XfCbUvh3J4YPhG5i8UPqUUtn4ghvP3X2Xyv3trLF/5F82uB1gG4xOP+WVc/oN5P5sfn12sFoupWUkNoMzxda9JyqVaNz5+tCnh9jlprwn/X/lVOa8rQ1jTZ4v8AlhWZN/qa8r2jNKHJMi/tI58njy6p6lET/wAe4on7VJBP5sXk1dOqenGl7P3oGX52O1EP76XNWLyz+x81Xg716VLY6Vqfop4Ps/scsdxPfRRyf8sYpq0PEnjbVteijE995skUP2azm/55RVw8GparrOqR3HkeVH/zxhroIYfscXnz15OSZb9V/eVDws+z2lGjGjh56fa8/IsalpsFnpcc88Ef73/U1z+pjzpa6jxNe/2xFbwY/wCPWHy6z7PTf/119bTxKVM/Pa9am+Z/EfOv7eGnFPhpoEEenofs+s3bfax/01ii/df+Qq+RiSMfzr9Dv2vvhbdeKf2WNd8RWlr5j+GL621G9/6ZQyy/Zf8A0bcxV+fEkWERh3HNfF52/a4nmR+t8HYmOIyhW+zoV6ZuOc1cngeGCNyvXvUHlP6V4UqUon1UWpbDaKk/5ZVf0Kxt726T7ZNsgU5nPmc+XRSpurW5Cjr9W+B/j3w58K9G+M3iXTrSy0DxJPNBorTajbC5vTCx8ySO283zvKEn7vzfL8vtnPFevf8ABNr/AIJ9eM/+CiX7VvhT9m7wPfNaW19KbnxRr3kiRNL0uIeZcXJj/KKIf8tZZYxxmvJPinrHgDxh8VNW1n4ZeAf+EV8P3uqSy6L4a/teW+/sy2z+7i+0kZm/66V+3P8Awb7/ALJ3xE+DX7HHj342/DvwwZPiB4/EOi+G5PLMf2eP975f7z/llF5v+kyy/wDPKL/plXVOlToU5M9XLcsnj4OpJ8lOPxSeyvojwj/gu74v+HWm698Ov+CRH7EHhe+j8HfCWKKKaxtJfN+36rdf89fK/ey3P73zZf8Aprcn91X0n+wn/wAEXtL/AGIv2fdG+Of7ROmSal4+1y4iEXhxIc/YZpP3ltFL7xRjzTF9f+eVfbf7K3/BLj9n79haxf4y+L5IPEHxAvbvzbzxlqFn5l1Jey/637N5p/df8tf+mtdJ+0D+1dZeDPAOq+H9OtZV8+Ly4bq7vP8ASZ5f+etcNHEOrUjTPmuOuOsq4Lwk6eDrfveW0ZW/JdPU+cte8bar4ViuL6fzZbjyf313D/qvNryu8vJ7y/8A7V1WfzJPO/101ef/ABV/aK0Hw3aya5Pqvm+bN/zx8qWWWvn/AOLX7YHiPWNL/sTw5P8AZtQuppY5rvzv+PWKvWlgqtZ+98B/JFPH57nea/WqtSUnP7UmfRHir9pbSobqTQ7G/wD3drN5d5LD/n/W18r/ALV32H4tfEG48Y6VfS/66K2+yedWPoOp3H2WPSrfzZbeL/nr/wAtZa9A8EfCXXPGGqR/aIJY7eX95/018qrr4qjhaPsoRsj6LF5nKlVpyqVeaUNP6Rn/AAB+Cf8AbH2e+ng8q3i/5ZV6p+0P4b+FnwT+A2sfGL4kaJFJcRWf2LwfpMv7v7ffy/6r/tl/y1l/65V9Ifs3fs9+FtI/s+x8R28Vj5s0X7n/AJZRRf8APWWvnf8A4LyeDbrxr8dtP8DfCOaTUfCOh+GrWOylsk/0WK//AOWo/wCuvleV/wB/a+WwrnPMYznH3Nfv6H1fD08fjKft6fwX1Py31i8m16/uL6+n82SWbzJhRpvhWeb9/XUWngNZ7/8AsmwvopHim/0y7hh/dRV0GsXtj4V0aTSvD2hxeZL+7m1C7/eSy19DXxtGC5KfxH1lbE1oR0Rw5s/sVr+4grHvJp5pf34q5eapfXnmN/yzrHvLwed+4g/Ouf2tx0o1p7lma++yD9yZPMl/11Vv+PyX/ppLRZ2c95+4/wCWnnV6J4V8Ff8ACK6X/at9b/6ZL/z1h/1UX/x2tZYi8T0qeG9lH2hx9n4b8mLz77zf+m1Qatr/ANij+xQCtfxhNBDL5EEFcn/ZtzezebNXZRp6HDKLnLnqfCWPCthd+KfElpYRDIlnijAr9s/+CUH7MuqGK3vpLeWGwi0iQfuj/rZc4r8tf2M/g7aePPjZo+jT2/8Ao1vP9ou/+uVf0RfsBaVoWlRw6NY2CRhrAdPavHzbFSwVSm39o/OeLZRzfMqGCpystz+cT9tv4iX+m/Hf4s+E7u3kSW78ez3X73/ll5Ul1Ef1ljr5zvNR+2y8t5klfod/wcg/sWav+zb+3LqnxM0/w+LXwx8STLq2jyRL+6+0x+Sb6L/v7L5v/bUV+d1jETfnJ/1bCvUp4/2uGc49T9kyhOllkIfyxt92h+s//BrF+xtb/EH9pzVf2qvGGniTT/AFmLfw/wCbF/zFLmPHmf8AbOLzf+/or+ji8s0uNK2D+Jc1+Wn/AAQv1L4YfCX9l7wt4V0G43T6tYW2o6m/m/fupYoq/UXw/qsGr6dGbebgj5a/OcVmFfFYupTxHw7RMcqxaxk5p9dPuP5q/wDg7I/Zhufhj+2zoH7QOnaX5el/EbwtF591/wBP9j/o0v8A5Ckta/JpTiYjb2r+s/8A4OCf2Drv9tL/AIJ+eJLHwZoP23xf4Hm/4SPwrFCP3kskX/H1a/8AbW183/tqIq/k/wBS0W4s7r7ODX2HDdSnVoex/lPdwr9jHkmff/8AwbK2gm/4K8fDCT/nnb6zL/5Sruv6ivjz8MrL4yfBPxb8J9TYC28UeHL7Spyf7tzFLEf0kr+bX/g1F8DTeIv+Cnq+IvIJt/Dnw51S+mk/55SyS2tr/wC1a/p3tZRLZlhXn4/FJZj7E5HTVSc49z+Gfx/4V1TwX461TwlrtuYr/S9Sls7uL/nlLFL5UtfqB/waeeFbu6/bp8ZeNfs4+z6T8Lrq3mn/AOmtzqFh5Y/8hS14l/wXy/Yo8R/sxf8ABSf4gPaeG7iDw34y1uXxF4cvhB+6uRdfvbmKL/rldSyxfhHX6E/8GsX7O2t/D74G+N/2iPEWnSWqeNtVtdO0PzocebbWPm+bLF/0z82WSL/tjWmY1f8AYEeVnGOp4fAcqeuxP/wd66bdaj+zX8I/EB/1Fr4xv7eT6y2gP/tOvyt/4I8/sE6t/wAFFv20PD/wQvfOg8L2Hmaz8QNQhBP2XRrY/wCk9M4klJitY/T7Vmv3F/4OcvgbL8Tf+CT+s+NoImkuPAPi7StdBj/55SSmwkH/AJPZ/wC2dcj/AMG5n7JXh39gT/gmV4o/bN+PVomk6n8RdKPiK4lu8RyW3hy2ik+wR9M5k8yW66/8trb2xthMQsNglbqdfD9SccF7+5+Pv/BXT4g6H8Tf2/8A4gXvhLwjpugeH9BvItA8K6Bp9nFFFYWFjFFFFF/5C/8AItfNlppxmGB/yz6/uq9L/aJ8cf8AC5fjx4s+KgsY7b+3teutR+yRf8svNl83yq5uz0jDeR5H7v8A5bV9Tgaco0I8xx43HXd2R+HNGaaaOfyP3cVdhZwwWd1H5EFZ8MMFnF+4P7z/AJbVYh/5Z/jXp0j5bFVatY2BoNjrscljPP8AvP8AWQ1wfiTwpPpvmc16Jo+IfL8+Co/G3kalFHfeR+88ny6wq0qn2DnwWP8AZ1uQ8TvIe1V/+WtdJr+j/Y5ZPJrDmhrz9j7PDVfaouWccGox/Ybi98r/AJ41l3emG3u5La4g/wBVUkP7mXFTzajPefuJ/wDllXTSq1jZwdP4D710HTYIbqSfyY/L/wCuNWLz991grU8mCGLyP+etZ93/ANO1elTqH4zOlWnMLOHz5f8AUVoeTi6jgo0aGGGL7T/y0rQs4YDdR/8APSs/ayiehXwXJQge8fsx/st6Z+1T4d8Z/s86jLHbnxt4SvrKzm8n/VXUUXm2v/k1FFX4aalpl9pev3GiX0JjuLaaSOSOTtIMjFf0X/8ABNTV7Hw38bfD96f+uVfkF/wWp/ZbT9lP/gpH8Q/BdpZmPR9U1w69pRccfZb799/5Cllli/7ZV8usTUq4yUH6n6DwZVp4aLo/zHS/8FRfhr8E/BPwG/Zy03wB8Pb/AEDVNR+GVrfa5qs0MX2XVI5bW1k82KWL/W/vfN/7+18Wax4eaCETWF6l5BGf9bHx/wCQ+1fsF+3b8Tv2cf20v+CEXwJ1T4eaotx4y+GE2leHdXsJT/pVjLFpX2W6/wC2UvlW0v8A36r86fC37NuseINGlmhsgu5cG6uLr7PEPpn/AFv/ACz/AHXlf8sq+ljgVjaN+X3z7bHVaGWS97SO/wB54JaaXfXqSMIf9UN54pbaJgn3MfUV7Tffs+6r4W8UDwrDqf22c+V50UUP/LX/AJ5f9Na+s/2kv+CZHwX/AGK/gf4b0/4+a9qmr/Gjx5p8d/B4N0+cW9l4XsJf+Wt0f9bLc9sf6oYl/wBb5VZ4jLf7PUfafaPKhn+FqV404Pm5tj5g/YT/AGYfEv7Snxv8OfDzQLM3NzqmoRwRRlv45M4P5Zl/7ZV/X3+zf8F/B37NXwa0D4e+FbOKO30nTjBbjb95v+Wj1+QH/BsX+xBY6X8Q/E/7TniOxEkWg2n9k6F5/wDz8y/vbmX/AL9eV/39r9SP27vjz8Mv2bP2fta+IXxY8Vy2VvcCKyhsrSX/AEm583/l1tv+mktfL4nmxWM9jSPo8/zeplHDD5L33a7vojzH9qz9qzTdUup/A3gm6S4e0uN+o6jKflil/wCeXmV+d/8AwUH/AGt9D/Zz8BWmuaxdLrGv+I4vO0PTPP5MX/Pzc/8AtKKvY/2ctZ/4as+Idip+HhsPCkl2ZPsFrF5Vtb2v/PIeV/7Tr8f/APgox+0TqH7Sv7ZHi7xxDtj006wLPSra3P7pLa2AtYvL/wC2UVetSwVClB+z96cfzP434by7N+POKauLzN/uYvSPktkc5rnxd+KHxr8af2/4t1u5nc3P2kxPN5f/AJCr1/4S+CdW8Qi41WWylubgYeGIj/Wyyy+VF/5Flri/2bvhHc+Ptdt7GeeSLT5Jovtl3EfM8qKv3g/ZE/Yg8L/Cn4L6FaeI7LQ9P06O+/tm/wBVs/3l9cQRjMUMsv8AzykBzxTxePp4DDW3nL8D9Kx88A6ssFh+WHJF/Lsj4W/Zd/ZA1zxJ4ot4L3Q7m9ni/wBJvPKs/N/8hV9WXnwr+HPwjuo5/Emhyf2h/rLO087yvN/6a16z4n/ab+CfwEtZtC+EXhaBdSmi/wBLv7r97JF+8/5a45/WvjL4/ftB33xU8WXmq/bovMlm/ffZP3UX/XKvk51MTianPPQ+Tyng55nmUHz8383Y6Dxt8eLHR7/UPsGq+bcS/u4Yv+WUVfOfx4h+IHxN8L/8I34V8calFHqk0ttef6Z/qopf9b/1yq5eRX00sk88/wC7+tXPCt5Bo8sn7ivWor2WGstmf1bw5h+F+GcoeElDnqS1JPh7+wf8Ovh54JkvtV0qOT/Q/Ls4v+mteR/Gz9mnS9O8Ox/YNDj+0RQ/62GH/W19SWevX17a25v77/Vf6n99/qqx/GF5pWpReRXzkcPiJ151OY8PirH5PTw8Ywhb/gn5p+Mfgz4ps/Mn/sqX/XVycHwr8VTn9/ocsUdfpBrHg/Q54pP3EX/fmvL/ABt4b0PzpIILGPzK6oVMRE+FwmIw85e7M+U/Cvw9/s3/AImuqwebJ/yxh/55V0HiTWPI0aT7bBHJ5X7qzrqPG32Kzl+wWMH7yuXh03ztQj1TVYIpY4v9TDN/qv8A91XuYPDTre/I9WeJo06N+f3Ti/8AhFfOi+0aoPMkl/eeVUdn4UuJrqOyA/eS16JNZ2803nw/vLiX/nr/AO1ap6pDBoNp55/1ktexTifIYjH1q2I9nTO0/Zj8QaP4F+J0w0G3824lSKOE+d+6ii82Lza/aP8AYZ+K1vF4k0y5aePyWHlcV+AvhvxlD4V+I1nqkE/7u1/dzfvq/XP9g/xtoepeA9P1Wx1y2l8r/XWlp5UX2WX/AKa14uf4P63hvc+yfMZvga2Bzajipn2B/wAFuP2D7n/goP8AsD6x4W8D6EL7x34RnOv+CNi4kkuov9ba/wDbW282L/rr5VfylapYz6RqctncQyxSRN5flS1/aB+zv8S7fxNoFvDMP3o/dy5lr8S/+DjD/gizq3wp+KU/7c37OXh6WXwl4t1j/ivNItIedFv5Zf8Aj6j/AOnaX/yFL/11rwMnzWjhb0cT8j9qymrTxmAUqZ4r+xV+1T4++FnhnwhNb+b+6tIv3P8Aq/Ni/wCWVfuX+xn+1/pPxP8AC9nfRar5nmw/6qWvgvwf/wAEo7H4hfCDwvrnhXzba40vR7WP9zDX1B+yj+yXrnwlureee+vY5Iv+WP8AyylrzM4xWX47+F7skfN08FmuDze9OHuH37bXFlr+n+bGwxKOtfid/wAFgv8Ag3M03xb4w1T9pz9kHTYrK4v7yS917wdFB5cUvm/6yW1/55Sf9Mq/Yv4f6rLa2kdjcjOOlanjrULaTQpCpEnsK8bLs0xWXVeZb/n6n3c4Orh+bZn4k/8ABAP9mHxd+yl4+8YeLr+yurb+3rO1spheQ+XL+6ll/dV+4PgnVU1TS0nLctXzDN4PsbTxbJfWMMcXmzV7v4C1T7Pp0dvnFaYrMamJxv1hxPNpVYU6x5N/wUD/AGKfg1+2B4Q0zTfiv4Jg1ZdHv/tdkz8SRH/VyASe4/kKzvhD4O0H4XaBZeBvCOg22m6XpcMVvZ2drD5ccUQr6bW2h1S1IvACccgiuM1T4XW5vZL+BvLjx/qq9mtVq4qjCH2dz4PibhzHYrHLFYeTs/s/qZWu+D/h78ZPhpqnwv8Aij4Tsdc0LWLT7Nqmk6hF5kV1F/zykr8u/wDg6H/bD1PwN8MfB/7GHw41QW0/iuL+2fFkVqfL8rS7aWKK1i/65Sy+b/4CV+oeqXraDcSWKLjy+K/Cn/g4ButD1r9td764glkni8OWMd1PP9JP3Uf/AEy/+Oy17mUYR4qcVL4YanJh+JauX1YYSfx7M/ObTfCnk2H26eCSpYols/8ASJ4I/LzxH5P7ute8vIPKkg+w23mS/wDTGsvWLyDyvIgg8r/pl51fdU/M7alWWKqaGfNeCeWtTTYbf93jyqx/OzLiCug8KxfvPP8A+m1aq1QrHQ9lhToNNs/Oi6Vn6zZzwmSDya7CysxMkZK5k/561HrGg/8ALfyK7T4iljfZYs8b16z86KTMFcveWdemeJNCEPmfuK4/UtN8mX/UV4lWl++P0DLMdRqROTmhqSGz86tT+y+//PWrkOjwxHyYoKKdI9apjon35eQ/vZM/8soaw/O866rrNehgs7D9x/rJa5eGH97x/rKftT4+OW2ehoWf7n9x/ra1LOGCG6jrP0yy9/rXQabpvkyxz0o1/a1DvxeHjRwnvn05+xnqcFnqcc4P+kWvlXMMtcD/AMHL37L7fGb4FeDv28/CWmmX7LCLDXjF/wAsrWWX91n/AK5XX7r/ALa1tfs969Bo+qRzz/8APGu1+Nfxb0z4i/sw+KP2bvGEP22w1mKWOGKWb/Veb+983/v7+9rxoYSrDMfa/YOPB5vQwtak/tI+NP8Ag2C+J3g+T9s64/Zd+JNgL6w8baXdSaPFN/yyv7WLzf8A0VFL/wB+oq+rf+Doz4f+C/2d4/hJ4w+EHhLTNFn1j+2bfVJbK08uW/ki/s/yvN8r/W+V/wC1a/LX/gk7441b4M/8FQ/grr9tP9nktfinpenXhb/njdXX2W5/8hSyV+7n/Bzt+y1qfxw/ZN8IeOtAtvMuPCfjCX7Z/wA8orW6i/eyy/8AfqKvcxWLlgsXTqQen9I/XMXhv7WwFOKXM2fkZ/wR98AeFPi9+2dpHjX4vvJP4a8JQXXiLVyy5kvZbUebFa/8tf8AWy+V/wBsvNriP2vvjt4u+N37U/jf4v8Ai68kk1fXfEd04HneZ9ltPN/dWkXm/wDLKKLyoq+ufg/8Vfgf+xn+yrqHgD4Zebq/jTVNHuv7Y8Q6fZ+XF9qli8qKLzZfKl8qKvK/+CWv7AXir9ur9sfR77VfDlzL4L0bUv7W8VajND+6li/1sVr/ANdZZf8AyF5tfKY3PcdmOMm5q0IaLz8z2cn4XwOWOFatD3nv5Lsfsr/wRC+B+ufAv9hTwvYeKdNNtf65NLrV6Jf9YZbqXzYv/IXlV+ff/BcL9qXwJ+03+3VD8GJPifFb+F/hfF9mkjgSW4iuNZl/4+v9V/zy/dxf9/a/Wb9s74pJ+xv+xh45+NemWETSeDvB91c6RZmH/l5ii/0X/wAi+XX82v8AwT1+Db/tXftI+FtM8f8AiW+mu/GXilRcW1pbeffXXmy+bczfvf3ccf8ArZfNr6XhbLZYqhVxdT7B8V4m4mWMws6dF8sfL8j9bPgBeeHP2Wv2JvFXxc0fVbs2tv4Pu9SMq2P2fzZPJIix5sXmdcV+AGmQPqHiWS4c+a5vPMmNfvt/wXG8TaR+zn/wTZ8QeDfCtrBp0ev3mmeG9LgsYsRrH5vmyRCP/rlbSCvwT8B6O2qeI7exhPEtb5ZiKFT2lRd3+R+S+HeVYnLcBXqTl9r+vzPtT9iHwTPjR77yJZZPtkUk1ffnjz9oTxHpvhKPwr4ct4tNs4ofL/c/va8H/Y58E+FfBPgO88c+KoI/sdhpv2aztJf+fqWL91XUeJPt2seF7fXP9ZJLZxfvv+mtfLYtwxGI9oz4bG5fiZ8RylKfxSaPO/HnxI1zXtUvJ576WT/llWX4b06eaLz556savoP9mxR5/wCWtY+va9Pptr9ggP8Arainh51GfsmWYnCZVg+WG5JrGsQQ/uIKpzeJIPNjg/5af8sa5PWPGH+leQa5vUfF/wC+8/7RXoQpVJxscU8yxLre0hM9wh+JFj9ljg8//wC21TvPHmlebj7d5v8A02r571L4nXw/1BkrqPhj4b8f+KZfPuNKuZZJZv8AVVVShh6cLs8jNs2xsqPNUPVNS8VWM1r+4/1f/PavP9f1KHU/tFvpX+k3H/TH/VRV9EeCf2A/HE1hHrfxUv5bK3/5Y6f/AKv/AL+y13Fn8Gfg74Dij+36VbXPlf6mLyf3VFJYaWx+by4wqUMT7OnqfC9n8Gdc8SXUl9Y6HJJ5v+ullhqxD+yX4q1iaS+nn+zRxf8ALKWH/W19qeJPHngfS/8Ajxsba2/65Q1534q+JFlrA8iAV7NOpRpUOdrlNqXEmZ4+p7OB83w/AGDw3FJ9n82S4/56zVw/xC+G89n5c/8ArP8ApjX1B/wjfiTxXd/8SrQ7mWP/AJ6+TXL+Nvgz4q1iXEGhy/uv+mNcMMywPtNZnvYbNcfhq1Oc4nwX4qhn03XZIP8AptX2J/wTr/aW1zwVfyeDb+eWS3tf9J/48/M/6ZS/vf8AllXB/E79l3xHe6rJff8ACOXNteRf89v+Wtcp4F8I+Pvh78QLe+MJ02Wwh/deV/qpfN/1v/f2lUqU8VT/AHZ9jjMyy7NMHy1H7x+7f7KP7RWh+VbzwarF5ctfZ+keLvA/xU8JSaH4jsLa9s7qHy7y0u4fMilir8OP2b/jZquj3VmYBL9nl/11fdnwG/aW+x39vYT337uWvzvOcrrSqXPV4Qzuhg5ewnM+7PBPw98K+D9L/srw5pUUVn/yxhihqPxJ4bgg/f2MHl1T+EvxCt9e0aPdXWal5F5FXzU4uhI/YKU8PXp+0OD/ALd/s2X9/WX4w8ema1+w2/8AKtzxJoIMUk/kV5/eab5N1589ZVv3szhxPwBptn5115/kV3Hhu88kR8Vy9n+5izWxpt4PKxWuvsT5r2f749I0HWP4ia6SEwTRZ3V53oN5/q813GmXfnRfdr18qxfLPkqHs4blcbM5H4q+EXvNOkvLX/Wx9SK/IP8A4LIfsX3/AMZ/EVx8TtBu2g8Q6foqSQaZLZyH+1I90oMUcn/LKWLA4/5a+bX7X6hDFPassy5U8EV8O/8ABXnwZq/hr9m3UviT4SOybR5Yzebf+faRvKb+dfXYOpXpS/dfaPx3xI4fxeCqwzTBbxs2u62f4M/m28Q6fqmk3skOo28kdxHN5bpJB+9rNm+z3kX+vr6r+M2o+BfjhGLfx/pkWn69ET5HiWxi/ey/9M7mP/lr/wCja+ePHvwf8X/DyTdrFqXs5Di0vrSbzLaX/tpX1OBxM6tO1TSRjkmdUcbhoKp7s+3+Xc5eLR7f/X5rc8Kw/wClc/6uqdnZwTRcT/8AbGtjQZoYelekehjp1KlHlO80HHlRwZrpLPw3BeS/Z/I/eSw1h+FfIvBHkS17h8JfAela9f28HkVXtbH5xiqvsqx4R47+Ft/B5n7j/ljXl914J1GSWSWW2PmV+w3xB/4JN+Kbr4Aw/FfT/EenSqln9pbT5m8qTyq+Qr39mm0tJ3huDFG4m4rFVYVXodss7q5TRjzL4j4yHwvvZH8ySCrkPw1umI3W+a+s7z4V6VpsXkeRHWHqPgrSoZfIt4P+2tVS/jHN/rlWqHSa/qMH2XyPI/eedWXZ2f73z6POgmuo/PNaEPkQxfuK4T9aq1Vh4+6amm+0FaEM1v8A8e/kVnw6lmLyDB/12qT+0oIaKe5w1nLF7nceCfEf9jyx5NV/EnxCsZrqTz//AEdXL2V5f3kvk2MHmSeT/qaw/FXhXxXqV39hsIJfLlm/fTVvCvhUrSZ83j8JTo4iM6jsfNvwD8IaKP8AgrZ8M/DHga/+02958Y/Dn2O4P/PWS/tfN/8AIslf1iftC+GfhN4m+EGsaN8d9P0258KiyMmsLq83l20cUfPmSV/JT4FvPEX7K/7efgf4xeKtDvfs/g74haXr3mxQ/wCttbW7iuv3X/bKvvn/AILl/wDBdPRf2uvh7ovwF/ZgvtY0zwzeE3niu41C1MNzeSRS/urXqf3X/LX3rnx1D6/KEIfCrn9B8H0pY7DUrT92Ntep+kPw9/4Jjf8ABNj4v+EU1fwx4SeTRr2TNsdP1iUebF/11/1n61794Y/4ZB/Ym8B2/hHwrN4S8B+H7f8A1MCXMVnEv18ziWv5GD+0B8cdOby9O+KfiVI44vJiKa1c4jj/AIIh+84FSQ/EH43/ABNuzDPq/iDWriX/AJ5GW5lrxqWRxpTk5SufpFfA4WUm6s5cva36n7Tf8F3f+C4f7NXxF+EV5+yZ8BdQj8avqt3ay+IdVs5v9BjhililjtfN/wCWvm4Nc9/wbI/sr6h8bfi94g/bs8e6LbQxeG4ZdK8OQ2ln5drHdXUX73yv+uUX/pVXxD/wT2/4IWftv/t4+MtLu9Y8A3/gXwBNP5up+MfEulyxRi1P/PtFL/x9Scf8sv8AtrLFX7n/ABo+KH7L/wDwQ1/YMtPB3w00v7Np+hQfZtD06abzbnVb+X/WSy/89ZZeZfz/ANVF0+lo4yeGy2WAw28/13PhcbgsLmeK9koe7Hb9W2fnn/wdT/tC6Lf/ABL8C/sk+D9Z8x9Dik8ReJvJ/wBVFcS4jsYv+uvlfaZP+2sVfn5+yJ8Jr/4hfEHS7CFvM86b99L5P+qi/wCWtcv+0J8cvin+118fdY+OHxL1P7T4g8W6x9o1Lyf+WX/PKKL/AK5RRRRV9qfsXfCTQ/hJ8Jrzxfq19/xNNY/dabD/AMtYov8AnrWNPBUsmwXK5c1/zZ+c51HL8qUsPCW939x6p4k1i4m8ESeF9K8uKzutY8yGKL/plF5X/wAdr0D4Y6ZY6/4MvPDl9BF5ksP7mavN9Bs77xJdR2FjB+7/ANV+6/1VfQHwq8HweG4o577/AMjV8/VdOUOSET8Rr3eNjVctbnn/AMSfgmdN8L/br6xkik+xy3MP/XKL/MtfJ/jzWP8AT7if/nr/AKmvvz9pHxhP4k+H+saHYweVcfY4tOs4of8Allayy+bL/wCiov8Av7XxXrHwf1XWNa8ix80W/wDz2qaNSGDhz1j76VSn9SU1A8fmhnvPMgt/M8yrGm/DDXNYj8/yJI46+kPB/wAAPDmj2H27xJPHF5Vc/wDELxV4V8K/uND8r/ttXl4niCPP7OkcmX0cRjK1qcDyvTvh7ofhuX7dPB5klfdH/BN/4hfs4/DHwlP498caNbXHie0m/wBAlvR+6tv+uUX/AD1/6a18H6x4q/tK/wDtC+ZFb/8Ao2tzw34q+xyx319N5dv/AMsYoq3pQr4qPPU+EWf0Z0OSlTfvfadr/I+1Pj/+1fB4x1m4nsNV8z99+5l/5ZV83/Ef44nSY5L281WOL/rrNXk/xO/aDg060kgsJ4/M/wCesteVfD++1H4+fFTTvCsF5JcSXt4Inlx9xM172Dw8cPR9pU+E/P6vDtOLlXS06/mfSvwW8G/En9qDxV9n8O3EttpfneXNqEsP/oqvtT4V/sW+APh7pkfn6X9pvJf9dd3f72Wug/Ze+GXh34WeCrex0PS47byofLr1izs77WJcQQfu6+F4g4njKr7Gn8MT3OGuH62MftaSt/XU4fTfhjoUP7mwsY44/wDrjWhP8DdK1ibyPsMX/fmvZPDfwqnvIo/O/dV6B4W+EulQy/v6+K/tmtzXgfYz4WxWK/dzgfIfiT9kWDUtLkgGh+ZH5P8Azxr5f+MH7H+lWesyQX2h/vIv9T5sNfsxF4I0iCx8lYYzHjpivF/jl8EvCviqa4NxYxyyS17uWcVV4T9nM8DN+AsbhKXtaDtI/Kfw58ILHQbn7Rb2MkflV7J8PdNvob+z/cebJ51eweMP2Y54b/8A4lVdB8MfgnPpsv26+/1nnV62LzunU948PIcnzv8AtBRme4fsu6/fQ2vkTivozTZvtn+vrwv4S6PBpHl+R+69K9c/4Sqx02w8+ef93Xy+KxPtsRof09leHlh8vhCRc8VTW9na4nryfUryC8upJ6p/FX42WM1//ZUFxXN2fjCCbrPQcuMOshvK0LO8rk4dY/dVqaZe+31rQ8mnSZ3Gg3n72u40K73Q4ryvTdXgg/19dJpvjaCGL/XVmvb7npYalqel2825c5+teV/thfC1fi/+z34p+HD2/mHUtFuYoeP+Wv8Ayy/XFdToXi+xvP8Al4roL8Q6jprrtzlSMV9dkOawnWhB/Ejkz/CxxuWVKUusWj+TT4jHU9N1CdLmGRHjlPmj0rD0jxtqFxYyaJc3HmwS/wDLKb/VV9D/APBUL4bWPwk/bN+Inw5t9N+xxW+uyXNlDHF+7EVziaL9JRXzBpVoiapl/uZr7z2b9rzQPwHDUoYeLTWsf0L/APwreG8m+0WPm23m/wDPKo7z4b+MtN/fQWMVzH/0xr0Dw3rEFnF/yy/641oTaxB/mGs/rGKps2p5tXehw/gP+1tNuvIuNJkjj/6419IfCu8v/Dcseq58vivH/tkEMvnwT1uab42ns4vIFbKvWqI83HU/rXvqB9Gax+0X4qvNLj0r+27mS3i/d+T537quD17x5fXksledw+MPO/5b1JNr37rietF7p83icHia3xm5eeJJ6y5tSE0vSsu+1jrbkVXm1Tya0MsNgTQs9S/0qQf+0at/2jceorAs5oIf3FakHeg/aaj9rVNyzmmmlrUstMnmMfnwS+ZLNUngnQYJrX7ROfK/c+ZWp4k1LQ7zRpND+3eVcRTeZDd/88pa8XMMbKlD90facN5NSx1S1V8pT/4Sqw8K3Xn+R/22mr6I/Zg/bK+GXhiSOw8X/DrQNat8fvmu7OKWWX/trXxP4l8YX2bjSvEcHl3EX+pu/wDllWH8N/iHoem+I7f+3NVj023/AOW0stfNYjCY3FL2lOfvHmcW5NQqV+TCR5+T03P1c+II/wCCVPxO+Eeq6X8QvCCiZ7m5k02MCWOW383975Uco/5ZebLL+6l82Kvzv8HeDf8Agnf8MPjbcWv7YHwUvfEPgq+m8vStf0TULqO60mL/AKaxWn/H3/21jrgPiZ+2doluDp/gbSpJYo+t3divnvxr8Q/EXjXULjVtW1WSXzf+WJ/5ZV7uWUcQqXLW5o/PUw4RxfFmCzH2lSKhStbl72/Jn7p/s9f8Eqf+Dd39oHS4PEnwn8baLr0U/wBzTpfHjxyx/wDbKVo5a+u/hZ8BP+CTP/BPWL+2PAmgfCnwDdW8PzarqN/ai9Mf/XWaTzf1r+VCCyn+1+fbmTzJa3P7TvtS8ux8+WTyv+WXnV7VPCqb5faPlP12OeVcX/Hk7ep/Qx+2F/wcb/sgfCfTNR8M/s8atL438SR20v2aSztvL06Gb/ppJMY5Jf8AtlmvxN/a+/aa+MP7dHjiT4n/ABx+JN7qN5bGX+zbT/l2sYv+eUcf+qiryGGG+muvsP8Ayz/64/62vqj9lf8AYh8V+Krq31z4j6Tc21nF+8h06aH97L/zy82vRpyweXRvHVnhcRcb5VkeXzhBcrfzb8r9Eed/si/su6r4k1238b+KvNjs4v3kP/PWWvtzwf8ACXxV4kljuJ7CW2s4ofLhh8mvYPhL+zHY6DYR6rrljFHHF/qbSu8/0Gz/AHEEH+q/1P8A0yrxcbmX1ypf+U/nHM+JJY+U6n2pfguxzfwx+Elj4bijnnsv3ldZqX+h/uIIP3lSWesedFHBBBWpDo895/10/wCW01eJUr+xftJnRw7lFbOMXTR534k0f7ZpckDQeZcS14X8TviR4O+D/mT65rltFJ/zxh/eS10H7an7Ttj8H9Gk8OeFZ4/7Yuof+/UVfm/428beI/GHiO81XXNVkuZJZvM82aauCWHr4+fPU+A/aMdl2XZVg4UZx5prp/me8fEP9sfXPEt1JY+HLGK2t/8AljLL+9lrh73xVNeRf2rP5sskv/P3/wDGq8v037R5v76rl5r3kxeQDXVSy7DU37sDwcLi6GGU3FWOovPFU/m1T1f4kf2bayTzz1x954k8mLEMH7yvN/iF43nvZfsMM/7v/lt5NfSYWlTlCzPCjSrY7FWLXxH+KuoeLryX9+fJ7fSvqT/gkv4OdfEuo/EfVoDI9m3k2nvNXxVpNnNqGoRWkUfmNK2I46/TX9j3wDc/DvwNo/h6K38qSWHzJh/z1llrHOas6WBlFDzinQw9CGEjvN/kfe3wm1691gR6TAfNr3jQbK40G1j8+D95Xif7N8NvDqkdxX0ZqV5Y3mg/9cq/EcbG9ezifq/AGRYd4S1inZ/Ei/s/3/n/ALuuo0H45aViSC+1yPzP+mNfK/7SHjyfwH4M1S+N99mkis5fJlrwP4A/tE3GsWvkT6r5kkX7uabzv/Ite3huGauIw/t4fCfW5g8nyrE+wqfGz9MJ/jbYzN5EF/5v/basPUvidPeS/uJ6+W/Dfxan/wCW89dppvxOgmP+vrhr5RVoO542Jq5ViFaJ65Nr0EvIohm86XNed2fjeCbi3qxN488n9xBPRSwWJqHgWyrCVPaHsGm+JINHi8jz687+PH7S0OgaX9msZ/8ASPJ/cxVwfir4nXENhJBBfeXJXh+s+JJ/GHiGS+n/AHtvFXrUst9n79QwxHEFGUvZ0juNH+JGq3l1/at9P/ra7zw38SPOljg8+vE/7S+xn9xRZ+MJ9NrmxNI9LLcNLMD6gs/HkE3/AC3rY/4WRpVn+/nvo6+P9S+PE+m/uIJ68/8AHn7UWuebJ9hvv3dPC4GtVZ6/9h1j7Y8bftLeG/CtrJcT6tH+6h8yuf8AAX7VFj4qm/0HVY5PNr81/jB8ZvEesS3H/E1l8uWGu0/Y5+Kk95fx6VfT/vK9rE5RVw+D5z2sFlELH6sfD34tTzSxieevobwLry6vpfmk5NfCvwx8STzRW9fWfwW1zdZpbDvXxGHxFbA5lzng5tgJU6lz8kv+Dln4GXfgX9oXwx8dtIsDFa+MdCks7+Ve91a9f/IUsX/fqvzJtC8kzzxCPkV/Rt/wWl/ZSuv2qf2Jte0nw5pQuPEXhmeLXNBjVOZZIj+9i+skXm/j5dfz9eD/AIYan4w8UWPhq11KKF9SvIrITXTeXFHLLL/y0r9qy7MFVwqmj8D4hwtLLM0nGW0tfvMaGaf7L59SQ69BFya7jx58H9c8B38mlatPbSSRTSx+TaTeZXn+saEYR59evhpUq9M+dpTwlSsWLzxJBZ9J/MjqnN4rg/5YTyxVj3MP/PeeqYvPJl616tKEJUbHr06VFHcaP4knhHnz3Hm/9dq3LPxJbyy/6ivP7PUv9F8itjSNY/e8fuqyqUjzMZSjUnaB6J9inmtY58/u/wDntWfeTeT/AK/y65fV/G/Mf7/yo65PXvG1xN/qJ6zpYarc6aWS0/Y856pDeL9q8jyK7jwro/8AbF1HBBBXJ+G9H866j8iD95XtHwx8NwWksYH/AG2rLE7GebZzTwC909E8EfD3w5eeEv8ASL6L7R/zxrm9S+DM2s6p/qP+20Ndh9j/ANXPDb+VXUeDr0/ao7eevjK16XPc8D/X7MqD/dsP2df+CePgf4seIo7HXdUjj83/AFP2v/VVa/bK/wCDcfx9J4Xl8cfsz+I4NSuIYvMm8PM5i/79f/Gq9++FVnBDFb32lT/vK+pvhb8bte0/Thp+rS/aU/vS18z9cxdLEe0hL/t0/ROEeKIVYe0xPxyP5cfjB8APib8GfHlx4A+JvhzUtI1S1/dzadqNn5UsX/bKsvQfB/nXfkT+bX9RH7Qfwe+Fn7Svh/8AsL4q/DXRPEFvL/0EdNiufK/65ebXyv4k/wCCNv7GmpX/AJ9j8MrnTf8AsHalLHXtT4up0qPJWj73kfoWFzKg5c9afLA/Duz8Ef2ldRwQWP8A0zmlr0D4b/AfVvFV1/wjnhXwrc6leed/qYYf9VX62aZ/wR4/Zz8N6xJf2Olalex+d+5hu9S8uKL/AL9eVXunwf8A2P8Awb4JtY7DQ/DllZWcX/LG0h8uuehxROtpSj97PI4i4twOFwbp4WXNP0sj4D/Yz/4Jyz+DrqPxx4q8ORXuuS/6ma7h8yKw/wCuX/TX/prX2Z4P+Euh/D618+e3jkuP+e01e4a7oeh+FtK8iC3j8z/plXkfjzWPtkte1hq9arL2lY/mzNMbm2bY/mqT5v0Ob8VeJDMP3FcfeTedLg1qaleQQnz55468j+OX7SvgD4S2H2i+1yP7R/yxh/5ay1U/3lX92fSZHkksRVSqHrGm6xY6OftE99FHXP8Axy/ao0P4VeCJL/StVi8z/wAi18P+JP23vEfjC/uP7Knlit4v+WVeV/EL4teI/GMXkX19J5cU3/fqspZfOtUuf0jk2Fy3hrLYVJRi6n2V/mU/jl8TtV+J3ie41zVT/rZvMrzfzvOmkH2etDUv30skEM9U4rJfKj5rslH2dPlPkc0x9XF4h1ZO5J53k2tZd5eVua9mHS44PI/ef8tpa5+8s/J/5YfvKmjueH7XmM/WZoIbCTz/APlrXl95NBNdSZ/7/V2HjbWPItfI/wCeX+p/6a1m/CD4U+Ifil4lh0TQbLPHmXVwIsRxRf8ATWvVpV6NOnqe7gFDCYadepoer/sU/AtviF4+XxXr0B/sjTpTIw2/6x/+eVfo38K/Dlx9vjzB+8rzT9lb4GWvg/wlAlppflafa/vPNlh/e3Ute/8Ag+zFndef5H7yvlc5zX28uT7MT5/KqeJ4gzpvl2+H0PcPhXrFjow5/wCWVeqaP42E9r+/8vy4v+W1eD6bqUH2D7DB/rK0Pid8VNL+Ffwl1DxHrl95UcUP+Yq+CalmGNUYRP6u4fy2hw/kv1jE+6l/Vz5v/wCCsP7UWhwxf8Ky8OHzbjzvMvP33+q/55RV8R/DD9pbVfhv4jj1W+n823/5fIYoa5v4/fFXVfiT8RtU1y+nj/0q8839zXB6lDBpv7++8zzJf9TFX6zhoU8LgKdBa/5n4Zn+MeaZtUxidv5fT/gn6QfCX9rrwd43tMaH4jjlk/55Tfupa9k0H4tGa18/7R5lfjJb6/e6Xd/2hpN7Jbyf89Yq9M8Fftm/GzwVFHBD4jj1GOL/AKCEPm1lXwOFrbnyNXE5nTd6e34n676Z8Tp5pY7f7RWhe/E7SrOLz556/NPwl/wUj8STZg17wx5cf/Laawuf/jtekeCf2xvDnjC6jsZ9JvbaSX/lrd3lZ08lofGjwcXmWbVJcjR9WeJPipP4kv8A+ydKP+t/13k1Y02b+zYs/Z683+G+sQQ2H26CD/ttN/y1roLzxLcXkuYK8nF071fZmuWVakamsjpJte/e1TvJvtlrJPB/rKp6PD/aX+orqP7B/wCJX/qf3deZVpJH73wzjKNHD88zxfxV5/kyT15P4q1Kf7V5Fe8fE7R4LOKSCD/njXzn48/0OWSD/lpLXp4FI+3eNw8qHtDn9evJtS1SOD/yNXWfs96x/wAIT43s577/AJ/K4/R4YJtUknn/ANZLNXeaPoPk39vP5H+qr6CrNVsH7OR8lguJaM86+rn6Yfs92cGsfZxbmvqz4b2c+j+X59fC/wCyj8TtK8H2un/b9cik82GL/Uzeb5VfcHgPx5ofiS1juLGevyPOcC44o+uzLLlXp86+E9bureDVNF8pxlWi2Nmv57f+C0X7LV7+yP8AtVyeJ/CWmyWvhHxgJdR0E2n+qiuRJ/pNr/39/e/9ta/oT8K/6ZpXkV82/wDBSP8AZC8JftmfAbU/hL4gEdtfrN9s8P6qB/x4X0f+rl/nGfY19jkGKdCnBVPhPwfj3KaCSrveJ/OrZ/EK51j9xfT/ALz/AJ6zVoaloPiO80/7f/YVz9j/AOfuKHzYqh+Pf7OnxK/Zt+I2ofDP4paPJZapYzf9s7mL/llLHL/y1ilrF0HxXPo0XkQarfReb+7/AHM1fpGHq05Ub0z8veDw1eMZ09ynqWmwTQyfZ4K4/WLOez/5YV6ZFZwan+/sb2PzP+eP+rlqn480GHX9LjvrCxi8y1h+zTeT/wBMv+WtddLY6cDSdGUvaHmdnrHati01j/nhPLXL6lZ/2bLJb1Jo95BXSetUwVGolUpnQaxqU3/bT/ntXPzal3217J8Mf2Xfib8Zvh9rHjnwR4ckudL0GGKTUpa8t8QeGZtJ1KTTr+3kiuIv9dXRh6t/3Z0upSpQ9+B9ZeA9Og/tDz57GLy/+uNeqaF/yzgt4K4vwrZweb5FdZ/bFjo2nyTi5rxMafg0JY3OsRTpI9A03xJ/acMelH/llD5cNaFnZz2ctcX8H/GEHiXVf3M8f7qb99XrHiSbSdNtZPPuP9VXxWJx1CFb2czsz/JMfgYKnCn7xqeDfiRrmgyx/v694+Fn7UWk/u9P1Xy6+K9e+MHhzR7+S3nv60PCvxy8HXl1HbjVa4cXSwkqXtGjHKss4nc6fLTkfqH4E+Mvh68MfkXX7uX2r1DSofCPilN77JPo1fnR8K/jB4Vs4o/P+Jtlbf8ATGaGtj4k/t++APhhYf8AFOeOP7SvIv8AljaQ/uq+OnTjXxNoQP3vhThriPE071o3X97/AIJ+iVv8KfDFwA4lwvu9V/EXhPw94Y093jZY0A5bfivx117/AILGfH77fJDpOq21tb+d+5/c+bWf/wAPYvHGpf8AI1f6T/z28m8lr6nK8kqxftOQ7uI8vwmAw/sXTXtJdtT9CPjD4w0P7VJBDfRyf9tq+e/iT8WvDmgfaDfapF+66/vq+T/iR/wUmvtStv8AiVQR23m18t/Gb9qLxj42iuIJ9clijlm/1VfR08LWq+6j8+y7hz2FT2lY+iP2rv8AgoRpXhWO40nwPffabzP/AGyir4L+Ifx58R/ELXpL7XNckl83/ltNNXN+PNen1K6kPnySeb/rq4+Hz5r/AM+vdp4WNCjyrc+9yjL8NTn7RQPcPBOvfbNL8j/VSf6yatiKa48ryK5P4V6bPNpf/TP/AJ7V6hpugmby4LD95JL/AM8awq1FSo2MM3xmJWLULmXpmjj95PPb+bVj/hG/Oijngn/eRf8AkWvpD9nb9i3xH8UNZ0vQ7eD7bqGszRRw2n/XWvTP2ov2VvhJ8JbW38HeAIJb7ULCz8vWNR8791Ldf8ta+Tnn2GjiVS+I7MLlOYYig6jgfBevQwfa47CjTfAfirx5rNv4V8D+HL3UtQuv3cNpp8Pmyy19GfAf9hX4i/GbxlIYNDl03R4v+PzVruH/AFVfpr+xn+yR8I/2d9BuNV8O6FHbXMsP77W7uHzLryv/AGlVYnF1VS56Otz7jhzw1zDM/wB9V92P5+h8Efsof8EUE1W+tPEX7SHhqbXNcuFiP/CJwXnl6bpdr/z1vrmL/wBFRV9Q6Z+yB+zZ8LNP1zXf7JspNQ87y9H0nSbOK2sbWKL/AKZV7z8Yvjjpmj6TeaHo+sx6bb9Lm7jlj/dH/nr/ANNZf+mVfI/iv4w/2xqtx9on+zW8X7uz/wCuX/PWohl+YVMN7Wtv5X0P1zMPDjKsHw1OnXj78vh7mxrF5BqXlwQQfZo4v9TFUmgTf6f5Fv8A8sq4f/hMP7dv47HSp/8AttXonhvTdL8N2H27xZrkdjH5PmTTSzeX5UVeBi6VaX7qlqz5/g/gLBZT/tNXRI6Sz0eCz0uTxHPfeVHa/wCum/561+ff7fH7a5+MupyfDP4c3sn9lWs0vnXfnf62X/lrWj+3p/wUh0LxTbXnwl+COuSHQv8AV3mqwn/j6/65V8Pal4rmMMkEX7vza9bJcl+pr29b4vyPP494rjj/APYML/DjvLv5I2NS8S2Oj/uLH95cf89qx59YuLz9/PP5lYcE080vFXLOHtX0FTE8h+SeytRsi5BNOTmepP3Pm1H537vycVc02Hz5fIgg8ySsqdaoc0qfLrM2NNhn8mM/+Qa9g/Zj8KT+MPGUY8j/AEfS/wB5NLXkmlR3Ooalb+HNHP2m8uZvL/dV9qfs/fCYfDvwdb6NDB/pF/8AvLyX/lpXY69ShRufJ5/j6WEhyQ3ket+FbzOlx2Nlb+Vbxf8AkWus8OaPPrF15FvWH4Q8N3+pXUelaVYyf67/AJY19GfCr4Jz2drbn7DL5kteBicUv4hwcPynia9jn/BPgNfKjzB+7irtJvB881r5Hkfu69s8E/AKeGwj8+xk/wC/NHjHwTY6DYf6jy68Gpifa1j9fy/EulD2Z8f/ABa8KH/SP3H7yvjP4zXkH/CUXFj/AM8v9dX6GfE7TYbyW4n8j/VQyyV+b/jyGfUvFuqT4/1t5Xt5c+59RUzF0ctkZ/g+8/tLWY/Ig/d+dX0p4V8N/wBseF7e+gsYpJPJ/fV87+GtH/se6r3T4b69PDax+RPXpVKj/wCXZ+SwzRUc6UzvPhXDrtpr39hweb5f+shr9AP2Y9N1yaO3n/efvYa+H/h7eQf2pHfT/wDbavtz9m/4waVZRR2PnxV8XnXtPaH9AZXxJKvgvZqJ9ieD7OezsI/PrC+I+kvIrago+Ty8vS+CvibpWsQxwefXSatDDqNjtPJkBwK68vrQnRUD47iXBPMcLUjI+GP21/2LPhR+134DGg/EfRjHqNlL5mi67ZYjvLHP+s8uT/lpHIP+WcnHNfkT+0p/wS+/aN+BupTTeH9L/wCEm0vzf3N/o0XmSeV/01t/9bF/5Er98fiF4dvtIlffE5Q+nSvGfiD4LsNehkjuoxtfgkivtMDjbUvd6H8e8U53m/CmPfs4cyXRn4Cn4efErR5RDfeD7+2ki/5YvbPHViw8J/Ey+MbQ+FLy4k/56rG8lfrn45+C/inT7qW90K/kkx/qQRyK4S8fx54dvdt/qFzIe3mtJXdHOZU9Jo+Hq+NGIi7Oir+p+UnxB+DXjKyP9qal4Mv7YlvM3TWckcdec3uj6lp0+17eVP8AeWv3c8E/E7R79f7B8V6ZC0Eo8uXzbXIl/DpVD4v/APBMv9mH9pDSZdZ0/wAEwaNqUifJeeHhFCS//TSP/Vv+lV/bkYz9/Y+n4Y8XYZjU9lXpNejv+Gh+Vv7G37beu/s22uueHhpUV9p2s2flzWksv+ql/wCWUteTeP8AxYfEOoSzC3/eTS+YZYq91/bP/wCCa/xP/ZT1aXXnk/tLRLi422msWkfB/wCmc0f/ACykr5X1KeW3lkMp/eZ6V9XldfC117SJ+z5fmWDzalz0J8y/J+Z9xDxVY6b1nrl/i18VINB0D+1sfvP9XD/11rl5vEk82qeRB/5Grz/9oTxVBqQs4IJ/9VN5leNifbfwzs8OeEKFbMINnonwr+OUHhvVPI8/95/rJq9M8VftU6VeaX9ng1WTzPJr4j03xJ/xOJIPtEv7395XaeG5riaKMm483/njXy+IyunUxWp+mcTcJYOeLvI9A8bfFXXNY1Tz7Kf/AMg1H4b8Ya5pz/2rPqsv/THzaw4dBnhtft089U9S1jFp5Hkf/aq7Z4GhWp+zPf4a4cwqpc9vhPWIfjxfQxVz/jD42X14Obj/AK7V4/qWvX0J+v8A5FrHvPEk8H/LeTy69jA8L4elS9rY3zbP4YOlOhhz0DUvidfebWfefEK+m/5b1wd5rvnHyM9qpy6xcf6jFdk6ChpA/KsVVrYmrzVDuLzxffTeZ/p37uub1jXri8/c+fWXNrHkxeR59Zd5rMEPmCeuZU1SIpYSpiHcmuZzJdGcMBgc16/+yF+x/wCKf2qfF1xBYXA0nwvoMH23xh4slg8yLS7X/wBqyy/6qKL/AJay/wDf2j9iL9h74rftn+J7i40PS7my8JaD+88SeJpYf3VrF/zyi/56yy/8soq/Q+bwf4c+DPw5t/gf8HdK+w+G7X95eRed+9upf+etzL/y1pU6dbEKSj95+p8McE4ivQlicQ+WnE+S/Emj/wDCK/bPB3wrsb3SfD915X/Eu87zJbqKKX91Lcy/8tZa6T9m/wCBHiPxXqkd9qtvJF5U3/tWvZNB+FkGr6z59xB5Ufk+X5VfRnwB+GOlWfl28Fj5X/bH/VV4ufXw2F90+A4sr4B5vovgVlbyPYP2P/gBe/Dj4X6x8RrFZPtl1Zy6dpv/AD1l82L97LXF6D8K9Lu/FFxqvjH/AE6OW88yG0i/1stfYfwd8Cz+L/BieEra4EVpDYy20MMX7v8A1v8Arf8A0bXknjDwRo37O9tquj6/dQTapdg/2ZcxP+8ij/8AaVfMZHlOGxVSVSpv+Z+4eHlHKsdg/aYnXay/UqeHPDUWmWywQ6bZaRG4/c2kX+qjirM+Lvx2+H3w38L3Ct4zsrOSK28ua/mm/d28v/PKKL/lr/1yr5Y/aM/4KLRaBcaho/wu8u+n87/TPEOo/wCql/6ZRRf88q+RPFXxy8Y/FTWZNV8R+I725uPJ8v8A11fplDIKNHDxxFRJRW0T7bNuNchymvDC0fen2jay9T3j4qftEad4p164Ohz3P2PzpfJu5Zv3sv8Az1l/6ZebXJ6b/aviq/8AsMHmV43rvxU8HeA4pJ/EeuRW3lf8sZv9b/36rx/x5/wUC8SCaSw+FcEljb/6v+0Jv9bXFinLGy5Z+5A+CznjSrj8ReU+bl+z/Wh94eKte8Afs3+HJPGXjjxVbRSeT5lnD5372WX/AK5V8D/tIftm/FT48S3GhnVb6y0fzv8AkHwzf63/AK614/qfxO8VeKtZk13XNVub68l/113dzeZLUFzqMs77XbaO5xmvmsR9UwdT2dFX/vdT4vM+I8fi4ckaklH+Xb8tyKefyYszzy1T87zpar3k895NzBVzTdMnhix/y0rhqY5s+Wp06tYuabD2uBVz91Vf/UWvkH/WVoabZ+dL/wBNK5vaVqpnVVmWNN02e8ljg+z/ALytS712x0K2+z6ekf2z/nt/zy/6ZVX1PxJBo+l/2HZeX9o/5bXf/LWKuh/Zw+C+qfGbx7Z6LbW80lv58X2z2r2MNh/ZUfa1Dx8diYYehOpPY+h/2Av2cINVu7j4w+PtL82zg5srWX/lu3/PKvsDw34bn8S619hsrH95L/zxho+Hnw9sdH0HS/Bvhyx/0e1h8uGKH/lrL/z1r6g+CvwN/s2KOCGx/wBMl/4/JoYf+PWvGzPM4J8qPy7DYDMuIs1u1o9vQj/Z7+A4s5I557GPzIq+vPhL8E9Kh8u+v4f+2tU/hX8MbHQbWP8AcV6RN4k/s20+wweV5leHT9tiPjP2bJsiwOSUP3nxkfir7DoNt5Bgi/1NfM/7Qnjaxhk8iAfvK9E+NnxUh0Gw/cXH7z/ptXwX+05+0V5N/caVYzeZcS/+Qq9HCYH2rN5YunOv7ofGD4wQaPp9zodhfR/aLr/XS/8APKvjPxVZ2MP/ABNrCD/WzS1Y+JvxVvp7u4/fySyS1w83jDzovI/6Y/ua7KmXVoS/dn3GKxGW08j5Fyue4XniqCG688iu4+HvxasIfLgnrwfxt4wg83ifypKw9C+JF9Z3/wDz1/7bV6VOn7GjqfjOJymvi8T7SmfoZ8PfG2lalaxwWMH7z/rtXsnwx+IV9o9/HNX5z/Df9pCDQZf9O1zyq9Q039vDwro/l+frnmf9sa8THUoSPVwMOJcM+SkpSP1k+G/7QnhzTRGL6f8Aef8AXavp74X/ABj8K+NdLji0fVI5fK64lr8Gf+HgUE1j5+k+b5f/AD1mhr1T9i3/AIKNeK9H+Jcel+I7+L7PLN+5r56pVq4N89OB+hYHKc+rYb2tey+Z+1HjDQovENnJEh57N614x47+Ht1p837q0/79iuq+D3x+8PfEDTY/J1GNpTFzEK6/Vrex1+E/oRXt5VmtLE+p+UcccJ4TOqT59Kh8uaxocfQAda57WvCNtqERt7mzEqGvefF/w9td8m2HnNcHq/hU2cvIr2anPT/en8i8QcCTwmIcXA+Vfin8LdLsbq5vbAy2wjm558yrX7NPxv1Xw74lbwP4q1jKS/6iSavaPiN8ORqdhJcQLiTyv3teAeJfhtqum3/9q2M/lyRTf88a+jpxyvO8u5X7kj5nD5ZPJ6ntU7NH0J8S/h34N+LHhG90HxLosN7bX0Pl3tvJH/ro6/Cz/goV+yTqv7MPxkvvC0Qml0y5bz9IvXH+ste3/bSOv3A+HnjVxpkNvqZkLL1zXln/AAUG/ZO8N/tTfBK60+10+NdY04yXmiXAX94ZuMxD/rp/SufIK1bAYtUZy5lsffcHcZ0csx6qSdoS+Jdn3Pxp0fxVBeXUk88/lyS/vK8j+J3jD7Z4ouIPPjkji/5bVJN4kuIbCS4PMcUP+qrzfxX585+2+f8AvK+y+r3xPIf6AcB5XSy/ASxT+PQ6TTbzSpr6Of7d5de0fDeysb3SuLj/ALa18x6Pez/vPPNdJ4V+IXjHQYvI0rVZPLrDGZJP41I9vE16GMxadU+rJtNE1pHAJ64/xhpsGj/8t/3leLw/H7xXDL+/v/NqQ/Ga51jie3/eS/8APWuTKskqvE3mdma5hhMFl/JhpHWaxrEEwk+0eXXL3k3739x5lSHXIbyw5gj8vvLFWZeajCBiCHp/0yr6qrH2EfZn4zjMTWr17kV5eXHm1H/bH+cVX/cTVYh03tmvEnGbVzSFPmdpEsNx5w8+avrz/gmN/wAEqfE37b3iib4q/GCTU/DPwp0GbzNZ17yPLl1SX/nwsfN/1ssv/PX/AJZV1/8AwSn/AOCSd5+1ckX7SP7TD33hf4M6RcD/AE+6/wBGl8RSxS/8e1l/z1HmjypZf/av+q/RP44/HnQzoNv8LvhP4at9I+H+kWf2fQ9H0+Hyoooov/atePOrOtUVOC06yP1fgXgmeZV/b1dKf4f8Ocp4g8YeGvBPha1+GHwM8I2nhPwLoyeXpGi6OP8AyLLJ/wAtZf8AprLXm95qUGv6rb6VYwR+ZLN++ih8qsvxh4k/tK/8gT/8tv30P/PL/trWx4D8K6refZ/P+0/8fnmTTQ/+Qq6cRjaWDo+zgfb8a42GEy/6nhI8sYnSfD3Qftl19hsYY4re1mi86byZf3sX/LKWvoj4YaPPpt/HYz2MsUlr/rof3v7r/P8Ara4f4b+Gv7HiszAP9Il82TyZYf3X73915X+trvNH1kCKMwQW32e1/wCWt3Z+baxf9df+mv8Ayyr83zvHVsVU5D+b6OT4nMcy99Hvmg+NpvB91n/j2kih/wBV/wAtYq+YP+Cn3xu8M6P8JH123vfK1y7tJRNdSy/62Lyv9b/5Frr/AIheN77QfDn9leRLbSSw/aZrTzv9Fii/6ZS1+X3/AAVJ/a21Txx4E1nw3ZTDc8X2a2MP/LK182voOEcDWlCWJn8EfxfRH0/EeMqZBgaWBws+WpN29F1Z8z/EH9pzwjZzXBt7y+vrjzv3LPLHXjms/tReP7u8kn0q4isY5f8Anj/ra87vb0seTVS3hups7BXuYvPcQ1Zo8nB5bGgva1Jc8u7Okvda1TWpft+q3klzJ/01mqt50/m1TAnhHkZrUs9Nnhix9n/eV42Ix1atG8zu9k18BY03dD5nnQVY8/2qSHRp/slWLyaxhi+z2P73/ln5v/PWvIc5Tq/Cc88PZ3kSaP8AZ4IvIgH7z/ltNXaaboMGmeErjXP3cvmw/ufNrz/RtZns7r/llL/12q5qXiSebRY7Hz5f3U3+p86to5b7XVH02W1svwlGbrw5uaPu+pJealb+b5H/ADy/540T+JDDa+RB/wAsq5/yZ5v3EFdZ4P8Ah7caz5c9/wDu7eL/AJa16tLDUqJ8vmVTCUV7Rlj4ZeA/EfxL16PStJ/dW/8ArJ7ub/llF/z1lr9GP2KfgfofhLw7bvomlSfvf9TLL/rZf+mstfO/7OvgODxJrNn4c0qx/wBDimikvIoof9b5Vfox+z34Dn1mW3sdK/7bXf8Azy/65V4Ge5jOhS9mjkyjIanE1blj/DPWPgb8Kp9Sv454B/qv3U13/wA8v+uVfYnwq+HuleD9G8/Vf9X/AM8f+WsteX/Dez0rR9Ht7HQ4Irazi/5bTV6BD4q0PTYvIvtdj/65RTV8lShVxMvaM+sq8PZZw7TtT+M7TUvGJm/cWEEcdvF/y2/5ZVy/jb4kWHhvT5BPcf6R/wA8f+eVed/FT9orw54UsPI0O+toriL/AFMMU3mSxV8t/FT42eI/GEskEE8kUcv+u/5619RgMFKt/EPzPiDiOlQXIvekbH7S37S/9sX1xpXhufzJP+W13F/qoq+N/idrFx5Vxqt9PJJJL+8m/wCmteuazo80MWP9b/y0m82vA/jZNPeCSxsD+7i/101fT4aNHDL3D5XLMdjcZi1J/B1PI9fvp9Sv5LjH/LasfzprzVK0LyHyYpPIqnpt5baZL5/kfvK5a9dzn7p+h0nPGSsvhic/8SPBX+ifbvtH7v8A1leV6npmq2drJfQT/wCjyzV6Z8TviRY69f3GlQf8e9r+7m/6ay15Pr2veddeRPXVTy6rKPPUPo3i8uy3C8q96bX3f8Eks/P82P7PXSabZzzS/v64/TdS/wBXPBBXUabqX7qOCuOpgaJ5MeKq1CHKj0jwfZedF/r5K6jR9en8E6zb6rBP/wAtvMrm/Af+meXBB/rK7jx54VGjxR2+uQS2Plf89q562X4WpR9n9s9bhzivHYvH+zxH8P8AI+7P2b/2otVs9Gs7+x1X95FX238Dv2ybTxBax2WvXY8yvw4+D/7Qk/gK7/sq+n/0fzvLr6w+DH7QmlalFHPBrkf/AExmr8+xmU4/LcT7SnA9bO8mweZ3qYeR+wlh4l0zxDp63UVxHLGf46y/EGjxXQIEY59RXxn8K/2qL7QfLgn1XzY/+mM1fRnw/wD2gdB8XW8ayX0ZkNe7luZ15R9nVR+B8WZA6TcaiL+reF541kOPMz2Ncb4k+HVvqVx9oudMO8d469Wg1TT9QXMTAimvZ2cozhyfrXv4aEJe9T90/Esz4bo4l/EeCP4LvNMmdYIZNh6A1af7VBbpBMPkYb+a9b1XQ7N2LEL9MVharo9ou2P7OCuea9HC4eosTGUj81x/CrwblKEz+WKOWG60fVNS1AR/Y7SL5of+essv+q/+O/8AbKuPijs9TWe2uIiZBDxLUlzfGSM2twvU5NVoc/av+mdfrdLLJ1a0qnMf6cZXnlDC4SFHl/xFy98K2GmaNBNOf3915tbPh/4V3ms6FearaXx/0WHzJsVS1Kb+0orMQf8ALKH99LWzofiLUNL0eTQ4r3EEv+uh/wCetZLKcVXdoyPdpZ5k2FxM3VjzLl0R51qWjzw3Xkf8tP8AV/6mtjRvB2rQTecYK6CbTftmqRzmush+w6DoP2Hz45JL/wD13/TKs5TrZbU9nyGmX5Vl+fRqVpz5II5i10m4Wwyf9XLWffKUlwIK29Su54YvPgrKurc3coLfu8davF89Wj7Rn5RnWFpYDMHTpv3C5oOn2t3IfOi+WLmv1M/4ICf8Ev8A4U/th65qn7TP7Rfw+fUvAfg28/s7QdJu/Nji8R6z/rZZZf8Anra2sXlfuv8AlrLL+9/1XlV8N/sNfseeLf24P2mvC/7OHgPUzpqa1JLJrutiHzP7K0uIebc3Xl/8tpBH/qov+essVfvb+0brXgL9gT9krwz+yp+zp4ah0C0ttN+xW1oL2L7VY2H/AC1nll/5a3Mssv7yX/nrLKc8/vPg82x1V1YYHDrmlP8ABeZ9DwdkE89zCEE99PRdWziv+Ci37UPhbxFYWXwU+CGh2k2h6CPs081hZxfZv3XlRfZbaL/nl5UtfAmsfEjxHea9/ZV95Vt5s37mKb/VXX72X/lrXoGpeK/3UcHkS21v53mf67yvNrz/AFi8g1OX7Dcf6Tby+VJNaS+VHLL/AKr/AFX/AE1/65f9tYv+WtfTYLLYYfLuV7r8Wf1vlHCf9lYeFGlU93z/AD9Wdx8MdBvtSlt577zYpJf+2te2eCNHsR/pz2NtJ5v/AC28nypa8f8AhXez/apIbGCO+j8n/VQzRf8Ao3/VRS/+jf8Anr/yyr2jTdeg0yKzgsJ/+WP7mb/n6/7++V5UsUsX/kL/AJZV+eZv7d1j5fijhN4l/u2dQdenhis/P/1kUP76b/lr5X/TX/v1XQaR9unuo4PI/wBV+8ml8nzPKi/7a15fDr9zNdR2Nj+6kih8uH9z/qpf9b/mL/pr/wAta6iDxJY6D4bvNVvrGWT9z5dnaf8APr/11/7a1846DxFZUkfE1eGqGR4b61UMv9qP4kWPhXwHeWN9DHFJL+7s4rSb/Vf9Mv8Arl/y1r8fPjDfah4t8baxZX0/mi5EkVfbP7Tnxk/4THxJPdG2iMgm/fS+d/qv3X+q/wCuVfA/xg1uLRNc1JbG3EdwxEkVfuOFyb6hw1ywX/D2P5gxOdviDjaTkvdhZR+/U8B16yNnqlxY/wCs8ubyxS6Dfw6XNJPNF/qof3MWauX6QtJceSf3cg8yqWsabpUX2OfSr/zZJYfMmi/55S1+X1IzlW9nM/XMZlkfZqpD4WR+dP5tbGj67PDf28E0/wC78799/wBcqq6f/Yknha6M8WNQF3FHDn/nl5Uvm/8AtKqNn++l/f8A+rrqWDvCxwUOSzpv7J9q/E7wf+zJ4J/4J/2/j/wp49ttW8YeLPEdrHFaTReXLYWsUUvm2vlf+1a+QtS1if8A1FR3l4ZtLt/Pnl/dTfuar6bZz6nf+RBB5klcmAySeBjJublzSb1+WnyDEvC0o3Wxc0aGbzft3kf6r95WhZ2U+pXUcEEHm/8APGKrkMEU4t9D0v8AeRg/8sv+Wtd34W8ORNF/ZlnF+8l/10v/AD0/6Zf9c695U7UtD4/Mc29iZng7wRDemOe/t/8AR4v/ACLXcTzW9nNHB9n/AHn/ACxhhqpe65pfh9fsel+XJJH/AK27rY+E2hf8JL4jjuLgeZ5X7yYVw4moqP8AEPm6P1zNMXafwHv/AOyXoE+j3UYn/eyX/wDrq/SD4P6x4V+G+mW8HnxR3ksP767/AOeVfG/wH8B/2PF/bk/7qSKH9z/0yrsPif8AFSfwf4Ik/wBO+zXH/TWvmXgZZ1jvZ0z+juEcqo5VkksR8J9WeJP20tK066/smx1WL/U/6qvO/iF+1dfa9pcn9leIpPM/1fnQ1+b/AIk/ac1aHxbqE373zPtn+tlrsPCv7Qn2ywk/f/u4q+wpcMfUKajUgfmvGOY0sX72Gqa/aR9eQ+Np/svnz30vmS1oabeW+ozc1836D8Zv7Ylj4r2j4S69b3f+nX19FFXLXo+znofhMsLXxmP5WeqeO/h7caP8ObfXP9ZJqn+pr5f+MGgnTf8AiVGD95/rJpq+lLz4hedYST319J9nih/c2n/tWvB/i1DBr8Umq+f+8i/5a/8APWvFnialJn7/AMJ8F0Z5bKdVcq0Pm/xJZ/Yv9f8A6z/ltXm/xU8bweH7WPSrKeL7Zdf6nyf+WVegfGXWLHw3a3mq6rP5Vva/66vlefxDqPjDxRJql9J+8m+/D/zy/wCmVe7lOG9p/tFT4Uefm9GjlcHTpfEbN5eQWVjJeXHH7n9zmuOOpz3l5+/P+tq7441qBtR/suwvfMji/wBdKP8AlrLWVpuZv3Fd+MxkZ6xPn8Pg6zpOtV+0dJoU/qK6DTfO83vWX4V02DzfPn8zy66D7Z++zYw+VXk+19qeZUp03V9md5oV5faBDHfm+ii8395DNNNVfx58ZtV1/wAuxuNVkkt7X/U+bXB69r//AC3M8skkv+urnzrHnS9a+kyjJ6VZxrTKp0quG1pyOwm16eWXz/P/AHdbHhX9orXPh5qn2GeeOWOKuf8ADsljeWv+k2/+q/eS/wDXWuD8YXn/ABNJOP8AW19FiciwOKo/vD08pz/F0a/s0fenwM/be0PXoo7efXfLk/54yzV9OfDH9pzyZY54NV/8jV+Jem6zfabdf6DfSRyf9Ma9w+DH7V2ueFfL0rW55ZI4vK8mvi8dwVSv7ShI+lxVTBZlG2Iifup8Mv20LciOwv8AVIvM9POr2bw9+0xoGoRoZZYuetfiT4P/AGoodYij+w69F5leseCf2uvEeg+XBfTeZb14ay3E4WtySifmHEfAKqR9thGfrkfit4fvk843Y/7+0258eaGyxgz9a/Ovwf8AtmaVeRf8hXyv+21dJN+1rpUwjg/4SP8Aef8APGvTo0q/Pyn4Dm3DWbRr1F7M/CuHz/NqSbEMXkeRUn/LWiez9BX7Hhqnsj+sPatVixovnxeYfIrQ0+xnmvo28nn0o0ez8n/R5/8AlrXaeCfCh1LU7ew8n95LN5dVPHewjzQgebjsfOMrlPR9G22El/PB/wAsf3Nc3rGoz+b5Gf3le2fEjxV4W/sGP4deDdK8u3tbzzLy78n97dSxfuv/AI7/AN/a8zvtEjdXS8gyT+886vn6WNlir1KsftfgerhOI8RhcD7NHP2dnPe/uMSS1Yi064mhk8yE/wDTGum02xgtI/MWxzXT/DP4Y3/jzxPb+F7C3/eXX+fNp4pt070zwJ5v9cxKdQ+6/wDghBd+AP2X/hd8TP23vjHrkuifaTF4U8HywxeZc3X/AC9X8VtF/wA9f+PWLzf+WX72q/7SH7eHjf8AaE8eSeKvGP7qSL93o9pDN/x6xf8Ao2vN/iR4r/t7RvDfwk8O+G/7J8P+ErP7Fo+nyzRRSyyyy+bLdS/vf9bLXJ2dn4Hh17UPB3iPxx/YmuWv/Lprk0X73/plLXkcPZbgKGOnjMTL33+C00R/RHDWJy7KcoSy/wB+tLeS2XkmdZqXxm/dSeRff9dofJo8N+Np7y6jnnvv+PX/AF3/AEy/e/8ALKsPWPgzrn9gf24L6KWOX/U3cM37qWvRPgn+y58RvFUPkWOhXMv2r/U/6HLX6BjMTkdPBe1iwwnH2ae0qUsTU5eT8zqPAfiS+1iL+yp4IvLim/c+bDFL+9/7axfuv3vm/wCq/wCetekab4q1XUrCOx8iWK4lm/fRS/vIpf8Apr/9tr1/9m//AIJqfEy3gjvNc8OyREw/vbq7s/KrM/aF8S/B34Yy3Hw5g8yTxBo03/H35P8ArZf+mv8A0yr8QzTEUc5zCVHBxPVyjxGoRThXnzcut/zMfw3psHlfbp/MkuPO8v7J5373/v7/ANMqz/jN8VIdB8Jah9h/0mS6/wBGm8n/AFX/AG1/z/yyr5Y+J37aN94b8Q3DaVfyfZ4j5mIYf9bXFQ/t1aHqNh/ZWq3FzFb3X+uimh/dV7HD/DNLB4xV8ZNf4T8i8TPEzFcQ4V4TK4Sf2ebZfI3PFItpvMnuLjzJK+Q/j9D5OsyX1v8A9sa908afG3wuYsWOt2Mscv8AzyvK8j8cyeHPF8U7Nex894pq/VMznhsRlns8Oz8G4UwuYZTmv1jFpnz3rEM8Mu3FZj3YJ+ZpIZK9N1T4R3Go2NxqkWtRx3EX+qhlEX72qFl+zd8TNU0D/hJdL8M3E9pFN5fnRQ+ZX5FUw8qOItUgfvC4jweIocvPynns90IJM/aKfaXk/lSYFbur/CPx7YzSC+8I6hH5X+u82zlq74I+CvxE8YXcmleHPDV7c3EX7yaGKH/VVc+ef8OBH1nDwp+0civ4a0G41q0nv1X9xZw+ZdLWlo9iXP2bTF/1v+uuq6PR/C2l+FdDkt9UYzX1z/y6+d5cUX/TWT/nr/1yqhZeJRoMf+hQR+Z/6KpSp2pfvDxq2KqYhS9lqdVoGh6T4WtTPMQZ5P8Anr/yzqfUvG/9m2MljpfmR3Ev+ul87/VRVyUN7PeeZqurTSyR/wDo2Wse81ie8uv38/7yWn7SjCj7h5VPK1Op7StK51mmzTXp5r6s/Yt+GM+s/Z76+g/1s3mV8sfDLQrvxFrWn6BYn95dTf5l/wC/Vfon8AfDdx4P8JRzwQf62Hyv+utfJZvVqS909/IMvVXMkoR0O4vNYg0bS/Ig/wBXF/y2/wCeteF/td/EL+zfCVvkxeZ53+pr1j4hf8Sy2t7DH+t/eTf9da+c/wBpLU9Dm1TUPDd9B/x62cUf76GvT4QpcuNufuPEKp5bwpKEPtHz34u1ie+vpNTh8wZ/6bVH4b8eX2mS/Z/+WctYc0372SCeseab97X6bjq6q0z+Y+T2tb3z6g+GPjeCa68ief8A1VfTnwk14Xuiya5ff8e//o3/AKZV8J/AHTdV8YeO7PQ7Gf8A4+v9d/1yii83/wBpV92Wfg7xV4c8G2cF9pVtFH5PlzWkOpRSy/8AXXyov3tfnWdVZ0v4Z7vDHDdKvjPrFSS5Iy6mxqXjye8ikng82P8A57Vx/iTxJ+6kgn/66eTDVjUobGz0/wAix/eXH/PaWvnj9rb49Q/C/QpNI0e9EeuX8P7nP+sii/5615uXYCeO96Z+tZtm+DwmEjSw17Hk37YHxmg8VeI/+EH0Kf8A0Owm/wBM/wCmsteMWHiOXTZ/tAHmeV2qlNqM14kmpXFzJLJ/01rMeWeR9g/5a19FUlSo4b2EPhPzWo/reJ9pUNvU9f8A7Yv/AD4LGO282b/Uw1ueFoB+78+DzP31cnpllAZYzPXYWd5Pptr/AGf/AKyP/nrXl+yXsQx2Ioxp+zR1H9p5i/cVcnvIP7G8/wA+KOTzvL/1372KubM08xt7GA/vJZqJrz7H+4z/ANtq6cLhtT5ynZVedwJNU1+fU5M3x82SKHy4Zqz4dSnmlqOb9z5lFn7f8tZq+5wdSlRgays6X7s6bTdVna1+wWcH7z/nrFXK+K/3M0kE/lyyRf8APKtS0vZ4ZY7ex/dSS/8ALaWuf1ibzpfPrqq4n9yc+X4bkq+0MeCaeaXitiyHkmOes/yfK7USXs3l+Q1cX1mx6VRuobln4w1XTbqOexvvLkir1Dwr+1RPo8v2HXdKiubf/ntD+6lrw8z/ALrjr51VLm+lHBFTNUK2tQ9HC4qtRXKfTN/+2h4c0+y83SdLuZJP+eU1eZ/Fb9rv4ieMLQ6dY339mR/6ua2tJq8eubmVZyq9qimHmjNcNepR+ClAmGVYZ1vbTj8R/9k='}}]}], 'model': 'qwen3-vl:8b'}}
2026-06-26 15:28:33,363 [DEBUG] ThreadPoolExecutor-0_0: Sending HTTP Request: POST http://localhost:1234/v1/chat/completions
2026-06-26 15:28:33,394 [DEBUG] ThreadPoolExecutor-0_0: send_request_headers.started request=<Request [b'POST']>
2026-06-26 15:28:33,425 [DEBUG] ThreadPoolExecutor-0_0: send_request_headers.complete
2026-06-26 15:28:33,441 [DEBUG] ThreadPoolExecutor-0_0: send_request_body.started request=<Request [b'POST']>
2026-06-26 15:28:33,471 [DEBUG] ThreadPoolExecutor-0_0: send_request_body.complete
2026-06-26 15:28:33,487 [DEBUG] ThreadPoolExecutor-0_0: receive_response_headers.started request=<Request [b'POST']>
2026-06-26 15:28:40,522 [DEBUG] ThreadPoolExecutor-0_3: receive_response_headers.complete return_value=(b'HTTP/1.1', 200, b'OK', [(b'X-Powered-By', b'Express'), (b'Content-Type', b'application/json; charset=utf-8'), (b'Content-Length', b'1366'), (b'ETag', b'W/"556-6MQk/vNOXM92WMKQ7CaS/E6qKTw"'), (b'Date', b'Fri, 26 Jun 2026 12:28:40 GMT'), (b'Connection', b'keep-alive'), (b'Keep-Alive', b'timeout=5')])
2026-06-26 15:28:40,538 [INFO] ThreadPoolExecutor-0_3: HTTP Request: POST http://localhost:1234/v1/chat/completions "HTTP/1.1 200 OK"
2026-06-26 15:28:40,553 [DEBUG] ThreadPoolExecutor-0_3: receive_response_body.started request=<Request [b'POST']>
2026-06-26 15:28:40,569 [DEBUG] ThreadPoolExecutor-0_3: receive_response_body.complete
2026-06-26 15:28:40,584 [DEBUG] ThreadPoolExecutor-0_3: response_closed.started
2026-06-26 15:28:40,600 [DEBUG] ThreadPoolExecutor-0_3: response_closed.complete
2026-06-26 15:28:40,615 [DEBUG] ThreadPoolExecutor-0_3: HTTP Response: POST http://localhost:1234/v1/chat/completions "200 OK" Headers({'x-powered-by': 'Express', 'content-type': 'application/json; charset=utf-8', 'content-length': '1366', 'etag': 'W/"556-6MQk/vNOXM92WMKQ7CaS/E6qKTw"', 'date': 'Fri, 26 Jun 2026 12:28:40 GMT', 'connection': 'keep-alive', 'keep-alive': 'timeout=5'})
2026-06-26 15:28:40,631 [DEBUG] ThreadPoolExecutor-0_3: request_id: None
2026-06-26 15:28:40,631 [DEBUG] ThreadPoolExecutor-0_3: Raw LM Studio response received for F:\kuvat\test\75c273c4353847cf89e3f63e635c32ad.jpg
2026-06-26 15:28:40,940 [INFO] ThreadPoolExecutor-0_3: Successfully tagged 75c273c4353847cf89e3f63e635c32ad.jpg with ['Artwork', 'Skeleton', 'Halo', 'Cosmic', 'Nebula', 'Space', 'Surreal', 'Psychedelic', 'Spirituality', 'Galaxy']
2026-06-26 15:28:40,955 [INFO] ThreadPoolExecutor-0_3: Processing 9a99276885004df09c96e55bc7f1faa9.jpg
2026-06-26 15:28:41,112 [DEBUG] ThreadPoolExecutor-0_3: tag: Software (305) - type: string (2) - value: b'\x00'
2026-06-26 15:28:41,127 [DEBUG] ThreadPoolExecutor-0_3: tag: unknown (40094) - type: byte (1)
2026-06-26 15:28:41,143 [DEBUG] ThreadPoolExecutor-0_3: tag: ExifIFD (34665) - type: long (4) - value: b'\x00\x00\x002'
2026-06-26 15:28:41,284 [DEBUG] ThreadPoolExecutor-0_3: Requesting tags from LM Studio (qwen3-vl:8b) for F:\kuvat\test\9a99276885004df09c96e55bc7f1faa9.jpg
2026-06-26 15:28:41,376 [DEBUG] ThreadPoolExecutor-0_3: Request options: {'method': 'post', 'url': '/chat/completions', 'files': None, 'idempotency_key': 'stainless-python-retry-1c87f069-f376-4cc3-ba6e-e9b3a871d8da', 'security': {'bearer_auth': True}, 'content': None, 'json_data': {'messages': [{'role': 'user', 'content': [{'type': 'text', 'text': "Analyze this image, which could be an internet meme, screenshot, artwork, or photograph. Extract 6 to 12 highly relevant keywords. 1. Always include the image type as the first tag (e.g., 'Meme', 'Screenshot', 'Artwork', 'Photo'). 2. If it is a meme, identify the meme template/format, the main subjects, the core vibe/emotion, and 1-3 key words from the text. 3. If it is a screenshot, summarize the main topic or software shown. 4. All tags must be strictly in English. Do not use any other languages or alphabets. Return ONLY the comma-separated list of tags. No introductory text, bullet points, or quotes."}, {'type': 'image_url', 'image_url': {'url': 'data:image/jpeg;base64,/9j/4AAQSkZJRgABAQAAAQABAAD/4QBIRXhpZgAATU0AKgAAAAgAAwExAAIAAAABAAAAAJyeAAEAAAAAAAAAAIdpAAQAAAABAAAAMgAAAAAAAZKGAAcAAAAAAAAAAP/bAEMAAgEBAQEBAgEBAQICAgICBAMCAgICBQQEAwQGBQYGBgUGBgYHCQgGBwkHBgYICwgJCgoKCgoGCAsMCwoMCQoKCv/bAEMBAgICAgICBQMDBQoHBgcKCgoKCgoKCgoKCgoKCgoKCgoKCgoKCgoKCgoKCgoKCgoKCgoKCgoKCgoKCgoKCgoKCv/AABEIAaABoAMBIgACEQEDEQH/xAAfAAABBQEBAQEBAQAAAAAAAAAAAQIDBAUGBwgJCgv/xAC1EAACAQMDAgQDBQUEBAAAAX0BAgMABBEFEiExQQYTUWEHInEUMoGRoQgjQrHBFVLR8CQzYnKCCQoWFxgZGiUmJygpKjQ1Njc4OTpDREVGR0hJSlNUVVZXWFlaY2RlZmdoaWpzdHV2d3h5eoOEhYaHiImKkpOUlZaXmJmaoqOkpaanqKmqsrO0tba3uLm6wsPExcbHyMnK0tPU1dbX2Nna4eLj5OXm5+jp6vHy8/T19vf4+fr/xAAfAQADAQEBAQEBAQEBAAAAAAAAAQIDBAUGBwgJCgv/xAC1EQACAQIEBAMEBwUEBAABAncAAQIDEQQFITEGEkFRB2FxEyIygQgUQpGhscEJIzNS8BVictEKFiQ04SXxFxgZGiYnKCkqNTY3ODk6Q0RFRkdISUpTVFVWV1hZWmNkZWZnaGlqc3R1dnd4eXqCg4SFhoeIiYqSk5SVlpeYmZqio6Slpqeoqaqys7S1tre4ubrCw8TFxsfIycrS09TV1tfY2dri4+Tl5ufo6ery8/T19vf4+fr/2gAMAwEAAhEDEQA/AP28s/FXhwS+Qb6LzKPEupTQ6NIfI/6414v8WvGNx4Dikv7GDzfKh8zNZ/wZ/bM0Px55ehX1j+8i/d/va5/3xxfWVSkfM/7RXwl+LevfEb7d4O0rzJIpq+hP2dJvGOj+CPsPj/Q/Kk8n/U+TXvGm2fhTWP8AianSoo5Ja5/xhps8NhJ+/wD3dctT96dF9PaGPpvxC0nQZcfu65P4kftX2PhuWT/V1zfjDR77TYpJ68T8eWcGsX8ljcT/ALytKWWnNVxx6Ro/7dUF5f8AkfaI67TQf2qNDmmjnuL2OvlOH4Y/Y5fPgrcs/Dc9nFXT/ZDOKnmDPqi8/ao8OXkX2f7dHXB+Kvi1ZazNJPY30dfP+pQatDL/AK+suHxh/Y/mCees6mUeyCpmR7pD428j9/PPUZ+IX2yXyLcxV4XefGCx8ryPPo8KfFSx+3x/v68SphnSrGX14+gNFhnvP31F7o9811HPWX8N/iFpV55cHn16RNNYzRRzwVhP+MelhqvtT1z4D2fk+HI69I87yu9ef/Bi8gmsPIgrvJpv3tfV4H95ROfE7/uySGarn/LH/X1T86x8rHn1jzXk95f+RYz13ezOX2jOghm8qpIO9U9H/cw/vxVybUoIe9Z+zNfahRP2qP7bBecUfuqPZllfzv3tV5pv3taE00HSs+ftWNTc66RH9rh/5+K5fxhrP2M1c1LUvsV1nNcf491j91JPXzmNqHrYamcn4k8beTdY8+s//hPIJv8AlvXP+JLyC8ikrm9M1KD7VXDSTOs9A0fUp7yWvQPB/wC5tf34rg/B/kQy16Ro80HlR1nVOg3LOrE01Rwnzof3FRzfuq6MNuctQIZqsQzfvarwzfuqPO83vX0GGPIq7Gp5/tR9s9/0rP8AO8rvVea8/e169OmeTUqmpDNViG8rHhmE8XBq5DNXb7I4ucsef7VH/wAtaPP9qPO83vXNVOj2jLFS2v8Arj9aihmghl6Vh/Ej4hWHgPS5NV/5ZxfvK82qdVM7Tyfsf7+rH2zzouIa8f8AAf7Tnhz4jxeRZT/9Mq9M0K80qziz9uo9kJYiqcH421K+l1640nyP3csNeJ/8M933irx5Jq19Yy+XFX1JqUOkiK4v5hHLJXL6D43sby6ksYLGP/rtRTrVqXwGdaCqHF6l8MdK0fwjJYjyv3UNfLegXl9Z/Eu8gsIP9VN+5r60+Nl5fXkscGh/8+ctfL/gn4e+KvC3ijUPFWuQSSRy/wCpr0sFV9n+8ZwYqlW+ybHjz+3NX0v/AJBX7yvG/Hv/AAkdnoFxPfWP+qr3jTfGP9papHYz2Mn/AH6rk/i1eaVNc/2VPB/rf+mNe3TxtH2J89PDYr23vnpH/BKPwrP/AMIvearqFj5cn/22vsyGH/V15X+yX4V0rQfhzbnSYPK82vUPP9q+WxP76sfaZavZYU8P8SaDB42tbiCeDza+J/2otYn/AGY/iDp99pVj5VvdXkX+qr7002awstL8+AfvK8D/AGxvg/Y/E7RpNcuIPNktYf8AyLWdKomZ42n7OoeufAH4zaV498J6eYfK8zyf31dh4317w5Do32g30XlxV+Yf7Jf7RXir4WfF/wD4QbxVP5dnF5tfQnxg+NkGpaBJPY6p5XFafUv+Xhl9a/c+zO8+IXxa8OXkUljYz14fr97Y/wBqSX1eR6P8SNdg16Tz77zI61PGHjC+vNGk8j/WV10NzP2q9kegWfi/QprrM99FW5eeKvDn2D/R72OWvju8+J19puqf6ffeXHUk37SEGmxfuJ/N/wC21egqlA4vaH0RrHjbQ/3g8+vH/iR42sf3hgnry+9+PE+s3XkWP7usvWPGGral5gxRicTR9kQaH/CbTzah/r5akm+JH9j/AL/z65ez/fRSVj69ZX37zzx+7r5ep++rGXIz0Tw3+2Bb+FdU/wBI1WWvrj9nD9oSx+J9hH5Gq+ZJX5J/E77dDdyTwT19Uf8ABPf4kf8ACN/Y76+nk/1376sqmBPRw1b2J+xHwH8SfY7XyJ4P3lesabeT69FzB5dfG+m/tUeHNO0CP7DcRxSeTXJ3n/BVDxV8PdZ/sr+yb25t/wDplXp4bDeyNKmNVz78h0G+8r9xP5n/AF1rQs9H/s2Xz54P3lcP+zT8coPjN8Po/FU9l9m83/ntXoE3iPQ8fv76r/fGtOnTdL2hXn7UT2llkfvqkubzSrw/uJ6j+2aVD/y3rqpi5DPh88yyeRPUfk33m1qedBD/AKio/tnnc1Rn7Up/6dFFWfeaxfQ+ZWxNNUd5NokNr/pBrgxOGO3DYk4PWNYnml8+eD93XL+KtU0q8ikg/wCWlbnjDxVofnSQW1eN+KtSn/tSTyJ6zw2S+3O2pmXsqJcvNBsZv+W9Z8Pg/wDe+fBBViz1j/V11nhvUrGvVq8PqlSPKpZ3++MPTdN1WzlrtPBN7cn/AF4rUs7OxvIv3EFXLPw35P5V8vict1PfpY65uabqVv5VSTSwTCs+zs/JqSa88mtcNloVccWIZqkh/dVn/bPJ5pn9o2/qa9+lgjxKmONPzYfWo5vIrLm1j+HNU59e7V6VLDHDUxJsfbIIZelWIby3z0rj59e7Uf27XpfVv3JxVMTE7j+0oJoqLObvXL6PrHnRefW5Z3kE0WYJ6+XzKp7I9LDw9sbEP+mTfuDUfjH4Sz+NtGk0q+/eRy1Y8H2c803nmCus02a+h/18Hl15H12ie1SwR5H8P/2RfDfgg+fpfmxSedXUf8Kl8Rw6p5/9q/u69Am/1X7+eq/nT3n+onq4Yz2vwC+p0jDm+H19PaSWP2+sfRvg1/YUsjT30cnm12kMOqCXyTReafNDHJeH97JT9rVJqYamc9Z/CeC3vPt1xfeYP+efk0zUvgz4O1KKSCevk7V/+Cyfw90D9tCP9i+98N/8TzyYpf8AtlX2Tf8AiTw7pqx394ZP3taxq1hU/YnJ2f7Pfgezm8/yIqz9f/ZL+GWvXXn30Edd4PFWh3n+orh9Z/aW8G6DfyaHPYySSRf88ay9rWM/Z4M7Twf4b0rwfpkelaF/q4quXEM8UvnV5P4k+LWqzWH27wrpVzHHLW54cvNc17QbfVb6fypJa6aVP2xnUxFH+GcveWf9mxeR59Y+pWf/AAmFhJofkR+XL/y2zXB/Ej4zjTdVjgg/exyzV1Gj+KrGz0G31zzv9b+8r51Yj6titT1qmCp1T4f/AG9vhX/wp/xbH4xgg8qOL/njXzn49+P3iPTdFjv5jL9jlmijr70/bqm0r4qeF47GxMctxF+886viP4neG/CnxV0b/hHNK8uO8sP+WX/XKvo4Y2lOl7h4tXLqVzl7P40f2PF/atxPXtHwH+MPhz4nD+yf3X2ivkvxho8/huKSDXPM8uKqfwr+PGh/CvxbHqs995X/AG2ropS0PN+rOlV5D6g/ao+A8+g6DJrkH/XSvkfwfea5eeKJLG+8zy6+mPiR+294V+KngiPw5BfRySeT/wA9q8j8K6PpV5f+f59c2JxfsjQ0PDfhW4837cYK7DQdBg8r9/BWho97odlYR/Z6JrzEUnkV4NTMqtWXswp4Y4/xVeWOj3/2fz6w9e8e+HPsHkQXEfmVn/E77cZrievmvxV4w1yz8XR25uP3cs1ejhjo9kekeNrODUr/AM+CD93XWfDHx4PBM9vYWNaHwx8K2PjDS/Igg82StTUvgzBpt3589v5UddP745qtKkeueCfjxPeeXBP/AKuvfPgzD4O8V+I7O+1SCP8A13/LavjvQfI0aWOCCevePgzqX9pfZ4INWijk86unDVKv/Lw85U/eP2Y+EHhbwfp3gSzGhW0UdvLD/wAsq3JvC2hzfv8A/lnXD/sr3qz/AAq0+A332mOKGvQG1/S7vUv7FhEnmRf9May/5fH0lKlTeDK40HSv+WFZepaDY2cvn+fXQfY7j1H5Vh+KrTyYq1p1DKnSI7L/AFR+lEPkebVey/fWnkGpIYa6zmqUi5+6rz/42eKv+EasJJ4a7yGavP8A42aB/bGl3E9ck/4p0qnTVE8Ps/iF/aUsk/8Ay0qTUpoJovPnrn/BPhu+s9ZuPt3/AD2rc1KH975FfSZTTR5ON/gmfDN+9rYs9S8nms/yfK7VJ/y1r62pSo1KJ8+v3TPQPB/iryZa7zTdYgni3V43oN75MtdhZeJPJir4XMsDaqfUYLE/uTtJtS77arzXlvnpXNweKoJugom1jzhnNc2GpGtSqak2pd9tU5tS77az5ryqfnT+bXrUqdE82oak2pd9tU5rzzqrwd6k/wCWVdtM5SP7Z7/pTPtlt/dP51FNNVeH99LmvSpU06Jx1Kcrm5Z6l5Nr0rLvPiRPpt3R50EUcnFYesf2VN5lfL53h6KPbw1StSonm83/AAU40Pwf+0t4f+BHn/6ZrM3lwxV9+Q3h+yx3E9v+8r8N/EnwZ8Ra9/wWG+H/AIpgsbmXT7XzfOm8n/rlX7qNDA0MYIr43E4aKPpMrxEqn8QrwzfbP3FV7zUrHR7qO3gn/eS1PrE0+nWcl7Zweb5XavzE/wCCjX/BTjx/+zf8Vbf+yoLn7PF/rvJmrnwWFrfxDTG41UT9RPOm/wCeH6VJFP50vkGCvyX+CX/Bxnb/ABI8caf8O4NCkkvLr/rlX6CeEP2xfh/e+EU8ReJdV+zXBh8zyfJr0FhqyftCaWOo1kfN+p/8EtbHxT/wVLk/bEvhF5cWjxRw/wDXWKvuy90zSp4oxewfu4hXmf7N/wActK+Nl1qmuaHfeZbxTeXXqE3keV/pFbKZUKdF/AU/7N0qb/UQVwc3wN8OTeKJNc1X/lrXcTalBD/qKrz/AOt8/FL2dVTOapTo3JBo+iWdhHYmw8yPt+5rP86xh8uCwt6uXmpQC1zXNw6l+9k/67V1YamcOJPmfxl8E/EmpizvoLGS5j/1n7muT+IWveI/DlrHpQsZP+uVfmb4l/4ORvGvhO7+ym0umj9FrFuP+C63i34sGTxE1vLIkXY15tTJaU5fGelTxtQ/TTxJ4HuPEvgi4vmgl8zya+D9H8B+ONN/abt76C48rT5ZvLmhrn9B/wCCw3xG8SaNJBodxcxx+TXzn8SP20vjTeeLLjXNCnufM87/AJYw11Usvw2H+2OpiT9WPjB/wT30L45eCPt3hWexjuPJ/wBT51fl/wDtXfsB/Eb4Y6zcWM89z/rq9U/ZW/4KT/tKaPF9uv8AxHff9ca6z4zftd6r8Z/+RqPmXH/PaassbVpRo/uzhqYiifJ/w3+HuueG7q3g1WeWvWLPxJ/YMv7ieq+vaxocMXnwf6yuL17xJ9sixAK+SqVa1ascx6BD8YfJu/InnrrNH+MGleV/r4q+Z9S1K+/19V4devhFiefy69LDYY0PePHnjzStSMnkV4f4k02w1LXvPnt/+W1Z+m+MJ/N/fz1T8SeKh9lkuYf9ZXrYakzX2p75+z342/4RvVP9f+7r1j4hePLHUtBkng/1lfK/7Ost9rGsxzD/AFfneXX058SPhjquj+Fvt0EEkv7mvWp0qtjKpa585+KvjlfaFrEmfM/11bHw8/aK8f3niOzsfB3myyed++hhqnZ/B/XPHmqSeRodz+6/6c6+jP8AgnL+x/B/wvj7d4jsZfLlmi/10Na/Vqxx/uT9s/8AgnMmqXP7N2jz64ZftEkP77za9x+xWMMv26C3/ef89a5n4Yf8I5oPhSw8PaH+7iis+K2pte0qz7+ZXFUUrntYarRpUrFiaafpXP8AjfXrCztvtE9R6x8YND0w+ROP/I1eP/Fr4zaVqX7jT565v3xpUxNF7HcWfjCCaX9zUl54wgh6T15X4b177ZYfaIP1q5PrE9elQpuqcVSod5/wnlt/z8Vj6x4qsdY/cT+bXL/bPf8ASqd5qX/6q6fqNaqc3tSvrEOlWd1J9hrHvIfO/f1JN/x9fv6Jpq9/LcO6J5OJqe1MuftRViaHzaj8j3r6T2mh5vs0WNNm9B9a2LP990qnptmPKzW5p0NvCK+bzGqelhqZXs7OerkPnwxVqQ3ljDzVe91Kxzk1837Q9qnTM+a88mmfbLb+6fzrO1nUoBLWf/af+zXTSq1jOpSR0EOpd8UTXlvnpWP/AGj+760Wd59sl/f13U8ScNSmaEV550uaks5vOl8jyK8v+MH7Tnw5+Ccv/FR6rFF5v/PWu4/Zj+PHw5+M2l/2roc8dzH/AM9oq7aeJkc7pXmdh/wjc95+4g/1ktY83wZ8Vfb/ALRBXcTalBD4tt/sMH7uvRJpoJoo/wDnpX57neY4z60fW5bgaLonkfhX9m7w5D4os/GN9b20eoWv/LUQ16R4v8Sa5pttbwW975n/AFxqPWLzStNi+3a5/q4q8z0f48eFfEvxpk8D6HfR3P8A7Sry6NTFVpfvDvqYejSWh6JqXxCg0fw7cDVbiXzK/Ev/AIKra9B8YPjnZ+DdPsb6WO6m8vzorOWv2w8bfD3+2LXyPtHlfua+f4f2G/B9548/4SvxGLGX99/y1hr63A1KNJHyua0MXiPcR+Zf7Cv/AASrsvC3xy074i/Z9Wlx/wA9bOXyq/YSH9jjwre+F44JriT/AFNdR4P8N+HPBNh5Gh21t/35q5rHxCvprTyPI8qta81W9ykcuXYethf4pj/sy/Bjw5+z5pV5pOlzx/6VNLLXpF54kxN/o8FeN3nxOsdHl+0XxqP/AIaQ8OQxf/bq5nga1Q9L69Gkz1z+2IfSo5vEkE0PkQPXi9n+0Vod5L+48qo7z9oWxs5f3EEVdKwVYz+t0T3Czm884ngry/4wfFqy8B/v/I/5bVh/8NHz9IIa8n+JHiS+8eaz5E/+rr0sty2q6hw47G03T/dnjXjT/g3B/Z9v9BuNd1S4+0yRWfmeT9ji/wCeVfMn7EP7Jf7K/wAK/jnrHgf40wWNtp/neXDaXf8A11r9Tvjz/wAFH/hF4D8KXcdlex3N4IvL8qv51f8AgoT+0t4j8bftLax4q+HN9c23m/67yf8AllXzdTF/vvfPW+rSVX3D9yPG/wCyj/wTL1j4e3n/AAiviPQLGTyf9d/mKvyX/au+Evw58B/Eu40P4V6rbXNv/wA9oa+O9B+P37TXiSL/AEH4i3stn/zymmlr1zQfEmqWdhHe65qslzJL/rvOrX9zWJxDxM/sHSaZqX9j/uIP3VU9e8VeTLXN6/4w/e+fYz/vK0PDfhXxJ42/0eysPN82vMqYaqzlp0a09w1LxVPNa+fBWfZ6953+vr0C8/Zo+Ktno0l9/Yf7uKvJ/EmneI/DcUn27SZYvKrP6jSos09kXNS16D7V1qPxJPY/2N/o6/vK8nvPG08Oqyef5lbGg6b8RvFU0f8AYcHm29dtP2J1UsNWqkepeJJ9HtdtV7PxgLy0+0V2E3wG8Y6l5cE+lS+XXpngn9hS+8SaN5FjpUvmf9caJ4mETt+pGx/wTx0eD4h/EvT9Dgg/1s3+qr9lNS/YPgm8G2/+q/ewxf66GvzX/Yt+AN9+zf8AEG38Rz2MsUkVfohN/wAFGL6z0u38O67BH5cv+jVrRzOFMyqYKPsTQ8H/ALMfwW8BxeRfWMfmf8tqj1iH4ZfCvXf7V8OQW0cma8/8YfFS+1iWS+sdV/1tfP8A8ePFXxGGlST2M8v7r/ltXtYXN8HW0Pm6uHqo/QDw3+1f/wAIrYR3099+7/1ddho/7UWh6xa/aPt3myS18j/CXRv+E8+F9n58/wC8/wCW3m16Z4V8K6Ho9rHbz+Z5le1HDYOtTPO9rX9oaHxO+JPjHXvEcg0q+k8uuL1LXvFU2qW5nnl8v/ltXrGjaPoemWvn4il/661yfxC1LQYbCSext/3lceJwKpHRhsS6lU9I+G+sQTaDH/z0roLy98mLGK8f+A/jWC8i8ievSLzWYJouJ646X7qR7Zof2x/nFV7zUoOlZf2zzof3FRwd69rD+xPNqGhDeUT9qIYfKqSu32qOb2RXqv8A8tasVH5/tR9aCnhjQ02aDpVy81OCGLis+zrP8TakYI5IK8DE1bnpU6djP1j4hfY5f9fWfD8SPP8A+W9cP4r1IebIM1z9lrGZeteea+0PYLPxJ9ti3UfbLj0H51yfhrUfU10n2z910rsp7CqPQ1IdSgrY0GaC8/cf8tK8/vNY8mXz7itj4e+MNKh1n7dfT/6PF/rq0M6fsT4//wCCqH7H3xN+LUUf/CKz3MX76vSP+CS/wf8AGPwN+H39h+KoLnzP+m1fbmpfFT9nrxtpf2G+ntpJPJ/5bVH4a03w3qVr5HhyCPy/+mNa4bEK/wC8CrRVuemZ+sXl9NqlnY6TPFHcS1qeMPhj8d5pY5/Dmq+ZXlfx+8ef8KZ+I3h+eaDzftV5FHX2Vo2qrqfh+z1ER83EEUlfP5tSout7Q9PK8TWqQ9mfLuvfB/8AaE1jQbixvp/9bD/yymrxf9iH9g/4/fCX9qrVPi3441a9vtPuofKhhlm/1X+tr9DP7Svof9ctY+seKp4ZvJ8/yo682lSO6qmZ+vQzwy/6/wDd1x+vTed+/wAV0msalBeVh6j/AGfNFytd2GwxyVKpy95rt9DF+4/d1zepeJNVml8ieeWu8/sexmi+lZd5o9jDLXpYZKMjzakqx4v8Qpr68MnkTy1ydno883E/m17xr2g6HN/ywrDm0bSunkV9HSqUfZHi4mm6h5voOgwQy/8ALWtz/hG/O/f+RXSQ6PYwy/uIKsTQzwxU/bUSaVGr7E5eHTYIv+WFS/Y7H3rTm02eaOq8Om9s10UqqM/q1Y/OP/gnv8H/AI0/tF+Mv7c+Kk9zc6fdV9mab/wRy/Ze1KK8uL7w5bfbL/8A10vk/vax/wBg/wCIWk+CdLj8N6VYxeXX2J4V0/VLtJNagn/dnpX8243iHE08TyH7rSyjCeyPzL/aX/4I2/Cvwr4yjt/Cpsbazl/54/u68z8ef8El4IbD7DoeuW3l/wDX5X3R+2NqWuaPf/bp5/8AVV4fo/xn0qaX/ieQS16lHOMW6d4noUskwbpHxf4w/wCCS+uabF9usb7zZP8Anj9sq58Gfgn4/wDhLr0cHiPQ/Kt4v+mNfbGsfFTwqLX7dY/uvKrz/wAVfGzwPrH7i9n/AO/01H9v4ymJcN4KaNjw348+B39l/wBleKporHzf+e0Ncf8AE79nX9nLxtoNxfeFdctr2SX/AJZRVjzeBPA/xN/5fYvLrpPAf7Otj4Uv4/7K12Ly5apZ7WqP3zmrcL4Xofmf+0h+y7rmkeN5IPDmkyfZ/O/54165+zr4VsfBPhKP+1dCufM/ex+bNDX6iaD+yX8JLyWO91y+sb7zYf8AU+TWf8VP2M/hxN4ckg0Oxiit4v3nk12QzqNrHlyySdKofB//AAlX/CHxf2rPY20kf/XGuo0H9ruDTbCS+/sqK2jih/6BtbHxC+Ffhyz1mPQ5rGX7PFNWXr3w2+EmpaDJofkf+RqzqVq1b94jnxGC9lM6Dw3+0JB8SfLn0uD95/1510niTwH448Vahpeqn7F9ji/eTeVN+9rx/wCHn2f4ba9Jodj+6j/5Y+bXoF9+0UPgNYXGuX1j9tklh8uuLmrnm421OjyG54q+JGqzXX9h6HY3MUlr/wAtZofLqn4P/bG0o39x8OfiNodt+6/5beT/AO1a4/8A4Xv4x8eaXceJPH8EWkaHf/vIf9D8qWvK/iR4D0rXvFEeleFfEcX72HzIZv8AWfuq58NUxeGxHOfL1KR6x8Tv2nPHFnYf2F8HfN/13mfuof8AllX1Z8AfjBqvjH4QaX9u/e6p5P76vivwf4wsfBXxQt/DmhwRxSf2bFHeTeT/AK3zYq+uPhX8WvgR8ErD/iqvDmrXP/TWH91FX3GA4i9j/EMvq1Gme0abNrmp6XH9v/dVw/jDUp/tP9lQV5n48/4KNfB3UtfuLHwP9pEcU3l+V/rfKrqPgz4w8O/GbVI4IL7/AEiX955X/LWvq6efUcfA4qeCoqsdx8K4Z9B/f16Jpuvm8m+zziiz+G8Gg6XHBPB/yxrL0eITap1/d1yVK1L2x6dLDfuj0DTbODyf3ArQh0yCGLmrHhuz8mwjWrGpfuetdNLEiq4cy5+1Hmw+tF5NB5VV/Nh9a1+tHN9WJJpoPOqnN/rvxqP7Z+96VJNqUHlUfWpGqppFyG8ghi/19c/4qvIJopPInqvq+r+TL8xrm9Y8SUvZ1qopVKJzevQjzZK5/wDcQS/hW5r2sQTRVy95eedWfsiDrNB1LzpcV1mmzXE0XNcP4Jm9a7SGXEX7iqW4fuTP8YTfY7CQV5Hr3ju+n/tTStDuJftEWmyyf+Qq9Q8VTTzRSQT18z3niT/hG/HmsX80/wC7l0e6j/8AIVda2OX92fA/xI/bq+P3gn4jXGlWXiq5+zxal/7Vr9qP+CV3xy1X4g/BDT9V1yfzLjyYpJpq/Bv42eD9Vm8ZSa5BY+ZJLqUv/o2v1Y/4I/8Axtg8K+F9P8K6r/x7xQxRzUVKX7k1pSPfP+CtGpeI9B8B6f4+8OQebeWt5FJDDDD/ANNa+vP2OPipqvxa+Bmh6rqv/HxFZxef/wB+q5Px54V+Dnxy0WOy1zVbaKOKH/UzV1Hwrm8AfCvw3H4c8K6rbRW8VeLiaLqno4arRozPXJv9MH7+eOOvP/iF+5v4/InqneaxBqd158Hj+xjj/wC2tZ+veKvA/wBr/wBO8cWUsn/TGlhsNVIxuZe1pfuyxNqU/lfuKy5ryf8A5b0TfELwBZ/8zHHWHrHxU+HP/QxxV6dKh7M4VVvSNibVPJqveXkE0Vc3N8T/AIdTnjxVbf8Af6q83xO8AY/5DkddCpqLHe5JqWo/6zBrl/7YuPteKj8R/E7wcP8AUarHXD6l8WvCvm4gvo67qdeikY1DuJvEghIqxD4kgm6V5vF8SNCm48+Kif4qaFF/y3rLE1aLClTPUP8AhJbHH2erlnD9sryPSfiRY3l/GbevVPBPirSp7WPz/wDWVxe1Or9yfm3/AMEu/i1qusapp/8Awkd9+8lr9e/Auv21h4TsnI8yOSGvzE/Z7/4JL/Hf4J+N9P8AEU+q3Nz++/1UUP7qv0c0f4e+MvCvgOzsfIllkih/5bV+M5nkPtKvtD9QweZUfY+zZ4P+2Z4q8OXl15E/lf8Abavlfxh9hN159jYxXP8A1yrU/b9+INjpniPyJ7+WKTzv31eP/wDCbaHeRR3EA82SX/ntN5Vd+W5Q5IyxOb1aUf3Z3GsQaVqWnyQz/uq8/m8H6VeXWJzWfr1n4q8qSexEUX/b5XlfjGb4jQSyXFh5X/gZXp/2RR/5eHjf6y4w9oNnqvhWX/iRzy1Tm+Kf7Qum38cGleHLm9t/+evnV8/z2fxi1jxT4b+3X0ltZ395++/0yWv0Q/ZR/wCCcHxg8aeFrPxlos9jc28v7z/S9Yr0IZBgaiOR8ZYxVfZ8p534b+M3j+GKP/hJLG5tvNr1zw3rHiO8v4/I8fyXtvLD++hmrD+NnhXxx8EtWj0Pxj8I7HUtQlm8uzh0+b/W/wDkKuX/AOGov2dPhX4cj1X4xWOpeF9U+2SxzWkP7zyq63wphnS50RT42re15JwPoDw3+xzofxO0u41Sxt/9Il/5bV4H+0L/AME2fFXwrtZPFWlar5sfnfvq9Q+AP7ePwI+IWs2fwz+BHxbvrnVNUm+zQ2k0P/22j9sb9rux8BxW/wAJPFV9LJeX8PmTS/8APKvOqZFVwxr/AG88XV1ifHfirR/CujRR/wBuTyfbIv8AlrDXn+paPofxO16PQ/EdxqUflTfuf3P7qWu417wrPrHiOPXLjVIrnT/O8yq/jzxt4PstU/cWPmyRTfufJrlqZazfE1aU6R5/qXwx8caxa3HhS+1XTf7LtZvLhhl1KKuP8B2fxG02x+3aVYx6vcf2ldWX+iTeZLFF5vlV0mg/8IP48+Oel+HPEeufvL+GXzoYbzyq6Cazn/ZLij8ceANctvtn9pfYv+2V1L5UtcOJw1WlRPJq09LlOH4S+I/BGgf8TaeWXxJfzS/vpZv3UUX/ACy/e1l6lr/xW+G8X2HVfEdjfXEv7uaL7Z9p8qug+PP7RX/CvdH8jXNKlluL+b/XV4f8PdN8VePPFA8f32q20VndTfaYYq+NxMMZKqeR/EZ9KfA3UvgtN4S1jxH9h/4qCL/XQzf8tZa8r8e+Nv2jP2Y/iXZ/E6x8VWUuj380Xkw2n/LLza878beJL7w38VNPg8K/6z97HqUv/TWtT9orxt4j0f4fSWPneb5vlXPnS/8ALKvpckrYqHuEJfvj9gP2Y/jBqvxm+Del65PP5l55P+mV6Z4b8K8/bvI8uvmf/g31u/EfxC/ZV1TXPFX724ivJf8A2rX2RrE0FnpXkX3+sr6n2sup71KlT9iWNHm+xxeRPUevXkHlbreuTh8YWP8AankCf93VzUtesfsv7ieu3DYk5qmGM+91jEvWq8Opf9N6x9SvPJ8ysf8At7zov3DV3RxPOcx2H9pQ/wDPeq95qX7quTstYzL1qxNrEHlV6+EpcxzYmqSalqXr+Vcnr1571oalqVv5VcvqWo/6zBr3vZL2J5F/3xh6xrvkiT9/WPpuvQTS/wCvqv4kguDNJk1z+j3n2O6xOa+cxNS0zvpU/ansHg+8/wBXXcWesQeVXlfhvWIIYv8AX1qf8JJBD/qK0pVQqYaxsePNYgh8yvlP9oSz1W8sLibw5/rK908Va9PMPIrh7OFpbuS3voPNjrqo/vmZezPl/wAEfD2xvPC8Z8cWH+kedL++8muw+Eniv/hXuvSWPhWeX91N/ra7z4keFYLy6kuIIPLjryOaaDw34jkgg/5azV9FSwSqUTzatWrSn+7PpDR/2i/ipeXccFh4juY4/wDnlXSXn7SHxG0fRpP+Kjkikrh/hL4Vnm0H+1fIlrz/AONV5PDLJBBPJUU8FROL6zXOP+Kn7bHx+s9ZuLfSviLe+XXz/Z/t4ftJ698Vf+Ec/wCFjX3l1j+MP7VvPG9xBPPL5dcXo+mnTPi/bz5/eS1zVMLR9qaYfFN/u6h9KeKv2hfj99lj/wCLjX3mf9dq5v8A4X98f5v9f4/vv+/1XPipD5PhyOeGuH8NyzzWEk9aezoIz9tW5jQh/bA+NOm69HpU/ji9/wC/1fTnwl+J3xH8VaDHcXHiO58z/rtXw3rGjzzeLft3/Tavqj9m/wCIVjptrHpU8/7yvNxNM78NVkz3iLxJ4xFp5F9qskkn/Xaiz1LxHNdf8hWSia8sbyLz4KNNvP8ASq8D2tb23IerP+EdpoOpX32X/j9qxN9u83Hny1l6P+/l/f8A+rrsNNh0q8i8jz60xNXQMMvamx4Ds5xdR3wNWPi1+0hYfBPQbjVdVnjto4oak8K61Y2dzHbmvlv/AIK26lOfglql9pRl8ytcF++ObHfuT97DrEFn/r4P+/NE2r2F5ayHyPNj/wCuNc/Z6lB9q8i4qQalPZ38fkf6uvm/3NU+1qfuTyv4nf8ABP34H/Gy/k1zxVB/rf8All/qq+K/2wf+CNviLUtZ/tz4ZarJbafa/vPKimr9QPsdlqX78GpJryaaKSxIj/1Na0FGMvdM6v72ifz5/tFeDvjT8Ntf/wCEc+GXhW+vo4oYvO+16bLJXSfs6/CvxH48sPt3xi8K3MUnkxeT5Wm/Zq/Xzx58PdD8N+I7jxHfGx8uWHy/9TFXmc1lpX2qQ/Z9Nlj/AOeP2OKurF4eVWj+7PIws4LE8kj82/jz8DfHGmy2eq+B9KvvselzeZ5UOjyyV7H+zx/wV5+Ivwt8N6X8J7n4A+LbH7LD5c2uXfhWWK2/8ixV946D8Zvhzp2g/wDCN33gC2+0eT5fm/Y4q8n+JWsaT+0TLefBbxjPH4f0e6hlkm1C7h8qLyoq3wOGxCo/vDir/V3jJezkbP7Y/wAY/h98Nv2GPEH7XWt6ZbalqVrpXmwy2ixyeUZYv+efT8K/mU1f40fE/wDbR+Kr+BNW8aw2lvqmpXMsDzSeWvMmY/6V+h//AAV9/wCCg3w++Fnwx1P9g/8AY58dXHizR45opdYu9MmlliEv/LXp/wBtK/JbTZ7nwH4l0j4leCtQT7XY6jFJi4PmeVL7+tethr0pfvPgOyhhqM9T6Ob4C+OP2Rrk/GbwV+0bo9t4s8KX32mHRJdai82WWL/pn5v72v2K/Zk+IH7P37XX/BKCb9qn4xXVj/wkmhPHZ6nqf2SKIwzcf89Zf6/8sa/nj+PPiXVviR4+uPiVf+JYdS1jxFdm5vIrGAx+VKa/Vz/gnF+x7+2D8Q/+CKPxR+E1r4TudNs/GOsWuq2E2o2cscssMUUv+qrHHVcNWqclM74YZU48zPI5f2hdV8N2mqQWM/8AaUn2y/8AJ+yfvYvK82X/AJ5Vwdn+0hof/COW/iuC+l+2Sw+ZNDLV79lTwD8Y/wBn7wN4n8HfGj4K+IGEq31tZ3R0iX90cS5Pm+5rC+B/7GHgi20qL4i/HKa8sfC8kuP9Lu/KrihTpc3IcuJdb2kYH3j/AMENv2F/gb+3vqfij4seLL65jvNL82O0i87/AJay/wD7qvDf2sPAf/Cpfjxrn7NnjjxH5v8AY0N/q0Ms03+tli/exRf+Qq8w8G/t0/HX/gnJ8crDQ/8Agn74y02LS9ZH7z+1rP7d/n/W1p/t3+JPiF4x+PGn634fH9peNL+ztda16Gyh/wCXX91Lc/uv+eX+trysbgrnrVIezoHF3njbVfi1D/xPYJfLsIfM8qaq+g/Ei40258jQ7f8A0O1m8uGGuk8V+KvDvxIP9uaGP7N8r95NN5Pl+bXjfjzXp9S8ZaXpXgCCPzIpv9Mr5yrlJ4FOn7WqeiabqR17VLjXIJ/LuIpv9TWf8TvG19BoH9h+OIP3cv8AqfJrn4fGGh6ZF/z0vIv9dD/01r1T4A/AfxH+0jYXFx4wsftOn/8ALHyf9bXTgct+r1DanQqXP3g/4JAfBX4VeBv2O9Ps/hpq0VzcapD9ovIv+eX7qtj9q680rwHYeR9o8uSL/XV+bf8AwTl/ac+Jv7Fnxk0/wRfXF9Lo/wC9todOl82WKvrT9vb45T/b9L1y+P7u/h83ya7cbT/cnpKpSpUdTj/+Ew1WHVLfVYJ/9Hlmrc1j4zfY4v389eZn4v8Aga88OR+RPHF5Vef/ABI+J+lalp8kGkzV8t9erUqx0UvY1j6Ah+PGh6nL9g+3RVqabrEE1r59j+8r8+9N+JHiSD4jx2ME8vl190fBPz9S8JRzz/8APGvpstxPtpHNVpe6dBNeeTF59Z83irsak8YfurWQwVw/9pT+dX6HgLcp8pidzqJ9e7VjzalBNLVP7Z+66Vl3mpfva9XE/wAI4FD98XLyaC8lrDvNNghl8+o4dY/e0alqXnRda+Jxv8c+owPsVS1JLPUvJ5rYs9S87muThmrc02YeVzUUfams/Y1CxeCeb/SKp+d5XetyYeda5rPi06eaXyPIr2sDB+2PNxPsrHB+JNSgvLqSCvK/+EIn174oWdjBBL5cs1e6TfD2+mv5J/Irc+D/AMK4LTxn/aurW/8Aqv3lfUxqNUTxKdO7PbPBPwGg0f4cx/6D/wAsa+K/2kNOns/G8lhDB+7r9JIfHmh6j4cj0M/88a+d/iR+yXP8QtZuNVsf/RNeZTq1vbahiMMfmf8AELwpBo9/JfeRXk/g/wCw6x8ebO3nP7vzq/RTxt/wTZ8f6xf+f5/7v/rjXP6b/wAEhdV8NXX/AAn5hl8yL95Xp+1o+xOLD4b98fP/AMVNNg1Kw+w2P7qOvMxZ/wDCN2v2cQS/va9Y0H4MeP8Axh8aY/A99Bc/Z4rz/XeTX2po/wDwTZ8Aazpcc+uX9t5n/XauWpiaJ20sF++PzLs7KxvfMnggl8yug/Z7mnm8Zfv/ADIq/Ryb/gmZ8MtNiknsZ7aWSvK9Y/Y58K+A7qS+sYI4pIq4qmJo+zOpYZxrHP6beCxta1PB+pfbL+Pz6p3mjwQxf6//AFVU/DesWMOqR/v6+axOJo0qx0VP3h7Je6aLTRpL6Af8sa+e5v2i9V0j4tR+FZ5/3dfQEPjbQ7zw5JYmePzPJr5j8bfCX+3vHn/CSWM/leVXnYzE81I7cNUpUj3j/hbRs4vPt56r/FT4bH45/CWS91X95Zxf6TN/2y/e15v4D8K65eapJYzz+ZHX054P02Cz/Z91jQ77/Wf2bL/6Kr0uHqntKvszlzOKlS5z9QNN8iaXz54K1IYfO/1EFZ8+fK/0etCzm8m1r5+nTPrqtIp3mvT6ZL5Fa0OsaZd6ZJAJhFP5PzVk/YvP1TE5/dy1Jqfw/nuZY7+zuJBJXVSM6sPdPK/G0Gq69LJY6rYyy2//AE2ri5tB0OzMf2HQ7aSTFe+eMIfslpIdVg/dxQ15PD4k+DuseZB5GpRyRf8APpDLX0GGxVGNH3z5rG4Cqq0alMw9R8N2M2qaP9h0qKSSWb/VS1+bX/B0t+08fgv8NvA/wx8Bahc6Jrms6bLN51h+682LzfKlr790DxV4V1j4/af4Osb/AFvy/O/cyy2csflV8h/8HJ3/AAS1+J/7S/wU8MfGT4NaTLreqeDdMlivIvO/e+V5vm1j9eVUMFgf9q55HiP/AAbs2n7A3hb9jfXvEX7Q/iHwUvjXxbfX8VzdeJpv3sUPlfuhzX45ftdaFoPhH9ovxhpHgG+tpdE/ti6+x/ZJv3flebXHa5f+KIPPW5mk02TTZhby2I/dkSd+K+9/+CY//BvF+0Z/wU4+Da/HvT/iJYeHdHlvZYoW1AZlmx/y1+lTVrwqRPpIUeR3Nn/g3T/4I9S/t/fG6P45+PtRsv8AhBvBF6JNR06XmW+m/wCWcVf1LeF/CXhnwh4ft/B3hzSYrbS7GHyrO0ih/dRRV+Lf/BLH9in9t7/gh1+0zqngb4galH4k+Fvi3yo4ZtJi8yXzf+ev/TKv0i+IX7Tf7TOvNZ2PwP8AAFlLLdTf63VrOX91XHUp9YDq1Y0/iPZ/HfwK+GHxC0C80LXPB1l5d1DJHNL9mj71+Xf7an/BsnoPx71vStJ+HPx21Pw/oEuo+bqdpNqsso8r/pnHLLivunwpD+3d4phz451XQNNj/wCofZ+XL/6Nrx+Dw3+3f4V/aH1DVfEnxNivfB/7r7HafvajD4avXq+6c1bGUaMPaVD+Z79ur4C/EL/gnr+1HrnwH8P+M7nUv7Hn8uy1sxB5P+2Z7V+3X/BOSDwX8UP+CYvgf4zfAj4dabq/xWutWk0nxVqXifRvtNzLpks3lX8X72L/AFXlf6qvp/4of8Ex/wBlj9pX4laZ4s+N/wAObaWS6/eXl3DNFF5sv/fqu48X/Czwx+xz4Q0Pw5+yn4HfRNLtdetZLz7HN5kUsUssXm121KUqfxGMsfDEqyPhv9q7/gnX+xpqXwM1yfwf8JPHem6hYab5vnQ2csX/AH6i8qvif9lL9mj9if486Db+FfhzfeKLbxxaw+XqX9rQ+XFFL/11lr+ljUdB8PePvDEi3EP7vU7Py5AsnaSvn/4b/wDBPb9jD9mPTLy/X4dxeZLN5mpatNXF+7fuzIpYepB3gfhn8Gf+CGPxq8bfHOSAT3Nzo8sN1J9rhmr9APhX+wJffsTfAu31SC9tpbj7ZLHNDN+8r60+GP7a/wCx38OPFUfwX+HPiWOSTVLyXyfJvP8AVfvf/ttbH7U/hXQ7zwbefbvFdlLb+T5nkwzf62vEzGvVpQ/dntZbS9pPlqH5l/HO88SXmvW/iO3sdNljtf3n+iWfly1h/t4/tOWOs/CDR/Igl+2WtnFF/qa6zXvFXhXUte/snQ7GWKOKb99XzP8AtRXljr1jcQXE3lRxTVjRhXrYbnqHNmVGNKtynB6F8ZtXvJY7czyxR13kPiS+mij8ievD9N1L+zbqSCf/AFcX+prrNH+JEFn+4M9cf1C7POpYj2VU9U+HumwTeKI9V1Wf/VTV9gfDf4zeFdB0aPSv7V82vg/R/ipBDn9xVjWPjNfQw+fY+ZFXfg6XsZHqVcZR9ifoReePPDniS18jSp/N82sfyJ8/aPI/d14H+x/8Qr7xV5cF95lfUk1n/wASvz/Ir7DL67R8ziadGqcPeal5PNY95qUHStTXofIikya5v/W171SqpxPO9mEN5+9omvKIYaJv3VeTVpUbnoUtESQd60LPUvJbyKx/tnv+lR2eLy7/AHBrnXsbmx6h4D02DWJY4K9k8K/BPSry18+vG/hXDfWd1Htr6M8H+JP9Fjt569bDbHLUMv8A4VLoem8ERVz/AIk8EwWcsk9jBXqF5dwTRZgrDmh/e17f/Lk4Tg/BOm6rBf8A+kGvUPDmvz6DF5HkR1jw6bBB+/MFWJpq5vqxnz1jUvPGHnVHd+PP+JNJpU/72OWufvIZ5qrz2/e4r0qeDo+xOaNSr7Y5O8+Evg77fJrmh6VH9s/57eTVc+FddMvnzz+VHXeWdnBD/qK5v4neNrDQNGknnNfL5liaOGfKevhqdar8BXg1jQ9Bi/07Va8X/aL+J3hz7LJBpVxHLXz/APtFftXXsOs3EFjP5f8A22ryPw38SNV8bXX7/VpJK+WqZlTOmpTxfY9I1jxt50Unn153rHxOg0e6rQ8YXv2PS/P8+vD/ABjrpu7qSe3nrxMTia1b+GcfLWPXIP2hZ4f+Xis/R/2hL7UtZ/sn7DXz34k8efY7XdDPXsn7DejwfE7xbH58Hm/vq7adOr7L3hUo1KlU+0P2Y7ODWIvt19BXtHjyzsbP4aawbH93/wAS2X/0VWh4D+A//CK6NH9ht/8AljWf8ctBvvDfwg1y+nP+q02WT/yFX0fD8ILFHTmNN06B+lkE0AGZ60IfImrl5rycS/uDWh9sg02L9/PXgUz7E1Jrzya0NH16C8i8iD/llWWLywmtf3E/mVT8N3kEOqSefTpwMOWJ0l9pNj4jtX+3L1hrm/DXwr8LaDdSX/2GL97XYAwQnz8UeTBeRVpUqE1KZkyeCPBEVxFqz6FaiWL/AFUvk1YhsLXVEk0a6t4pLCT93NFNF/ramvIYIYvIo02b/nv/AKyKtadOqL9zSP5Pf+Dh79kzSv2Xf+CilzrOk+DRY+FNehiuYLS1h8r/AK6iv3z/AOCCfxS8LfET/gmp4L1LwrpkdlHaf6N5MUP/AFyryf8A4L8fsB6d+2d+z5P4og0X7NrOlXkX/Exih/e+VFXX/wDBA/wJqvwj/Y30/wCD5gljjsJrr99LDXoqmp0dTn+tx9pyH3ncx6JrEcA1S1t5JP8AnlL+9qPUra30+eCXTrKOP/rlDXCaudbtNYt4R/yymr0S1LPo6GcfOF5rGpS9iro86nmCxNScP5Qs9Snm/wCWFeb/AB4nn021+0bq9EgJMX3a8T+NnxU0MapJ4c8RQSyfuf8AllXblMZfWfdOHNX7XA6njfxm+MurHRrfw34cg+23EU3777J/yyr1fTtVkvf2b9beeGO5litzJDBLN/0yr5w/Zd+MPwO1L9p/xp4N8D28kcmlw2smpQ3c3/PWvcPB/jDwr4wl8Yf2HqEdzb6XqX2byopv+etrXfmNSManszjyrDyio1JH5nfDT/g4k+L+n/GWL9m26+H0VleL4k/s4fvZf3kX2ryq/Sn9pb4teKrH9l/xJYz2Nzc3l1Z/67ya/F/9gT9hX4o/Hr/gsVr3i/xh4Quf7N0rUJrmKfyf3Z/eyf4frX9EHxC8B6R4p8JXHhy++zeXLD5c37mvAxFQ+poXufy3/sD6x8af+G8LjVb6w1L7HFrF/HNNL5v7rzZa/ZjxJpuq+JPtHn65J9j8n/VTTVqab+wR4G+DPjy8+JsEFl5cs0v+iQw+XXnf7UXxIvvDeg40P93JXiYioqqK+s1KL9pA8j8YeFdD02+kn8jypPO/5ZV8j/tUaZBpsvkef/ra9I+JPx413TZfI1S+8ySvnv4zfE7/AISr/X1x0qv/AC7MqmKeK/iHn+sTZtf9fWHD4knhmz59HiSbEX7ieubnvZusFetSpnLp7E9As/GPk+Wa6Cz8YWM00dgZ/wDW15nps3+gRzz/AOsrqPB/hvVda1jT54IJf9dXTSpI5/4p9ufsZaPPZmOcQV9iQz2M1hHB9orwf9mPQYLPwbb+fB+8r3zwpoMF5a/aFavSX7kdKkcX4w02CHzPIWvN5pv9Kkr2jxhoP+sryPV9NuLO6kzBWdTHHR9RI7ObvUk372o9N02e8lrQl02fyeYK5p425rHBWOX/ANIml+ldx8N/Cv2yXz54Kr+D/B/9pXX7+CvbPh74Jgs7WP8AcUU3c19kSeCfDlvD5ebeu0s4YLOWo4dH+x/8sKsV7+BPIxNM1LPUoOlWP9bXNwzTwy1qQ6p5Nel9ZMDQmmo82H1qv9t+2f8A66LOHzpciu2niialP2pJ/rap3mmzzS/8e9dBpugzzf8ALCtDWLOCz0/z9tFTMuhnSw1mYdnoM89rXkfx4+GOq6zpdxDB5tesaF8SNJs9U8i+EddhNr/w51K1/f8AleZL/wBMa+AzvEVmfUZbToo/I/x5+yL4417xJcXBgl8uuo+GP7HNjo+l+Rq37u4r9FPFXhXwde2sk9j5fmV8v/H7R9csrW4/4RyD95F/zyr8/rzxjrH3WDweXVaN6h4/42/ZdsYdGuP+Jrbf6n/ntXxX8cvh5P4JuriCCeOvXPiF8YPiNDrMmla5qsscea8j+JHiqx1qWT7cfM/7bV9DluGxb/iHhZlhsDH+GfM82sareazJY/Z/Nj86v0g/4JU/CWx0EWfiq+Plx18b/DHwJY6x4tknngi+z19UaB+0JB8JPCUehaHP+8/6Y162Nw1alRPKwNPB+2P1MPxs+GWj28cE+qx+ZFXm/wC2b8ZvAGvfAfxBY+HNVtvMutHl/wDRVfl38Q/2r/iNeeZcQatLFXJ6b+0L8RvG3ha80rVdck8v/V0sk9t7Yec/U/Y/vD+ojR9HgvKz/iFo88OjXF9B/wAsoa3LPTfJ/wBR/q6p+MNSNn5cA/1ctYmns0cf8JtSvr2KSC+t5K6T+zL+a/8AOgt/3dSeG7O/hl8+G3/d10GpalBZ2vn/APLSlTq0h8lEks9Yn2eTOP3dW/7Xsj/qCZPpXCaD48t9eluLG+/d/vvLrYs/DX2O6+3QTyVl7QFQ9odRHNZXf76X93XB/EK88Veb5Hhz/WV0k3jD+zZY7GeCvO/FXx4sfDfxGs/Dmf3l1WlLE1vamWIhSlDlNfWLt9R8Nf8ACPeOLKO5SVN8w8qsT4Va9oXhy6kt9D0GKyt/3v8Ayx8qvSJtM0PWLWOe+sfN82sPxh4DsYdGk8j91+5r6TCYnDVKXs5nz9eliIvmpkd3rmmxu97dTj94eRu8yrXhX4peFtev5PDtlf8AmXEX/LIRVi/DLw3/AG74WzPBL5n/AE1rG8C/DdfBvxOvNbuZ5JXmm/1preUMNUpSV9UeZhsNi6WJ5rfEeu6dJFF5hkYV+ef7Y3x4sdH/AGtNL+HEH/L1Z3VfoJeX04sHvGg/dxQ1+U/7XXgnXPFX7ZGh+P7H/lwm/ff9cqxyqao1z0M1jGOGUCP9nv4M6r8Pfj78XPH/AJEssmvaPayQy/8AXKWvaP8AglGZ9Ym+JkGqweZH/wAJVF/rf+vWKub8eftFaH8E/DmqX1/Y+bHdQ+X+5ry/4S/tyeAPhj4S1jW/A99LY3GszfabyHzv+WtaV6dWtVlM5KGMpUqMEfqJ8IPhh8OfAn2jVPCvh2ytri6ml86aGL97Wp8VJv7N8LyX/n/vK/Av45f8Fwv2mvhv4o+w+DviNqUtv53+p86vvT/gnX/wUC8c/tafD+z0rx/qv2m88mWSaaavKxOGrcp9Bhsywr/dxPRPjD4x1WbzP38vlxV8x/tIal/b3hy4/wCJV/qv+W1fSn7Rc9jo9h51jXzH8VPEc+peEriCDy/9T6V8rH2lKtqZ42rD7J+dfxt8SX03iiSD/lnXjevalqv2r9//AKuvqTxL4Pg1L7R/blj/AKZLNL5MXk14X8TvhL4q+wXEGlaVJLXTSqYWnVObD061Q831jUvOi5rH03M13+/rQm0f7HF9hvvNjkirPi1L/nhYyy/9sa9KlVom/wBWrfynUeFdBg1LXo4K/Sj9lf8A4Jv/APCbeHLPXJ9diij8nzP3Nfnn8AfhX4/+J3jKzn8K6Vc+ZFN++/cy1+5H/BP34b674I8G2/8AwnE8n+p/1NdKN/qxydl+z3pXwr0zyLG++0+V/wBMa3PB/wBohtZIJ4PKr6A8YaP4O1K1kgsbGXzK8n8eeCZ7OwknsfNoq1K1U0pU6NI5vXrOGa2rg9S8B/bPMn8ius8EaPrl5qnkaqa9Ih8BwfZf9RWVPDVqp2TxNGx4Po/gPyZf9RWx/wAK38//AJYV7RZ/D2D/AJ4Vqf8ACK2/l/6iu6llxx/WfM8n8B/D2CGX/UV6JpugwWcX+orc0Hw3BZS/6irl5pvkxV3UsMc1TFHL3n7mXNV/Nh9aualA03mZrn7y8hhl8iuj+EcPs/bFib97Vf8Ae1qaPDAYulaH/CK/bDiCxrT6yqQ/qpzdnrHk3Xkfyr0TwH4b/tKLz65eH4V301/5+6SvVPBOgX2j2HkV5+IzI6cNhivNDBpsVcH8SPGEENhcQQV6hrHhS+1KLMFcfZ/AjXNSv/Pn/wBXXLSxvPV1OiphT5/8N6DreveKJL7975degaPoHiPzY4fIl8uvdNA+AP8AY8X+oi8yrn/CE31n/wAu8VdtSeFrbnnU6eMpVtDwvWBBo8UkGq3EUcf/AE2mrzfx7428ATaXcWUE9tJceT/z2r2z9or9l3xj8TtBksNDuJIpJYf+WNfBd5/wRP8A2m9S+IMmuX/xO1b+z5ZvM8mK8lrzquX4Oep6cMVjKSPm/wDbA8N2M11carYweX5U3/LKvjPxJ8SIIfFselTiv6DPCv8AwRh+C3irwbZ6V448VXv2jyf33nTVlt/wbr/sWnVP7V1XVrmWuuFejROWf1uvSPx3+Es2h2Wlx3xt/MkqP4nQwTxf2rBP+8i/5ZV+3mg/8EVf2LfDf/Hj9p8z/lj++lr4b/4K9f8ABOXwB+z34Sk8RfCueTzJf+m1dlWrRxVE82mq+Bldn5xw6x/aVpJcTCqf/CeeHPDdhcQTjypPJqnoNnPNpcljfT+XcV5/8ZrP+x5bexgn83zf9dXLhMNOk/cOmpUeP+M/sc0fxVY3kXkWP72sP4n6udN8Of2rPB+8ry/9l3Tfj/aa7p8/xN0ny7fyf33lQ16B+11q/wDZvwmvJzpUkkkX+p8qGvA+rVD6CnUpIp+A/jxocOl+Rql9HFJ/02rpP+Ek8K6xF9uGuRSfvv8AntX55/Dfx5P48juINV0PxJH5U0v/AC5yxV0Hhz9oDQ/DXimTw5PDrcUcU3/LazlrSnl4vrdI7D4//tvaV8K/ihZ+HLGD93LeRV9GQ/tQ6HeeEbfVYZ4v3sNfP+p/CX9l7xhNH4x8b+HNSubz/Wed5NYc37VH7E3hu6k8HX39tyXEX/LpDZy1r9TmZ/XaKPqzwH8SNK8eXXn/AG6vG/j9pt9N8fdD1bSoJZY4q4f4e/t+fs53l/8A8I74A0rUo5Iv+fuGX/41R8Wv234PDc0c8HwkudSk/wCWM0UNdNPBUjzp4x8x9weFZp9S0G3W4/dfuasalo/9pRSQTz+bb+T++r87/Df/AAVQ+JuveJI/CulfB3xTbSf89fsf7quw8V/8FBf2g/BekTXLfDfVpTJD8sX2PpWUsP7JnWsTCx9kaFeaHoPmWMHiK2jj/wCeVT6vqfh3TtMOqm8juJB/zyr8IPiF+1d/wVQ+JHxQ1TXPhl8HPEn9j+d+5/c16h8Pf2wP2p/gD8Obf4nfte+D9b0TT4pv30t3XTSwzf2zi+ty9py2PvT45f8ABROPwfoeoabb+GpMxTeVnzq+X9e+Ntj420uPxVY2/lahdf8ALH/lrFXzvD/wUf8AgR8fvFt5ofhy+8yS6hl8n9z/AMta6Tw3DY+FRbjXNcjikl/1MVdNGKonnYqNbEmX+05r3jHUvCUkGq/vY6+L/BHjbVf7U1zQ5/MijtZq/Rz4qfDf/hKvh95/7qSPya+L/GHwl0rTb+88iDy7iWuipmVFfAed9SqRhyHld5Z+HPEl/JfXv2aWSKH/AJbV7B/wTB/bAsfB/wAabf4cwebFJ/pXnV87+NvBPiPQNUknsZ5PLr6E/wCCaf7B/jjxV8fNP+J9jpUssktnLF/qa4cTjfao9bLsmrfxJSP0A+J3xUvtStPPmuJZfN/1Nc/oM1jqUX2CfyvMr0jxt+yX8U/DdrJ5Gh3Mtv8AY/8AnjXjfg/4b+KrPWZLLVrj95FN/wAtYa+TxsvZHoxwFaWKsdp8Mf2RfAHiT4hR+MfFMH2n/pjDX0BrH7Fv7Oev+HJNKg8HRfaJYf8AW1c/Zi8N6HDpf/E88v7R/wAsa9r0nwvpVuN84r5yrjvZH2OCylONz8lPjB/wRng8YeMryaxt5YreWb9z5MNaHwa/4IbweG/M/tzVYpI/+m1fq4bOfTR+/HmR1T1iGCaLbY/uqdHNkzoq5ZBUj5v/AGY/+Ce/wr/Z8k/tWCC2uZJf9d+5r3i80fSvsH/EqsfK/wC2NRwQ30N1+/8A9XVz+07fzPIx+7r7DA4mpVpHzuJpU6XwHN3lnPDF/qKz5oZ54pIJ7COu4vfImizWf9ih8nb3zXtUqh4Hsp+2OH0DwF5N1532Guwh0HybX9/BW5oNnBjk1oTQwda9KkZVf3RycOjwf88Ks/2PZeorTvIe1R+R716VKmcepz81n/pX+oqObTYJu1bE0MGPPrPn7VoNbnJ+JNB/1nkV4/4k+3Q6p5EFe8an/pkvkeRWfZ/CuDUrrz54K8HGM9fDbHJ/DfQb7U4v9Igr2jwd4VghizcQVY8H+A4NHi/1FdhZWcFn/wAsPzrzalU6vZmfBoNjF/y41J9jg83/AFFaE01Z801cVSobElneWNn3rQGvWMP+o/dVz/Es1WPI960pUyfaGhN4wg/5b1Xm8VaV18iSs+bTe26o/J8n/lhXTHDVjP2hsWfiu+/5YTy1JDrGq6n/AMt5apw+RDVj+2LGGipTmHtCSGGez/fz33+tqve3kHk+Qakhm/tL/UVoWejwdJxXNUpmtI5ubz5pf3E/leVXif7V37H9j+2Bo0ng7VdclspPJ/1tfSn9gQQfv4YPMqvrMOhwzfb/AO1ra2k/6bTeVWlLE+xObEYOdb4z+b//AIKf/wDBNPx/+w3fx33gD+0tbjurz995P7yvhPxLeeMPEc0cHiPwRq2mxxfu5pruzlr+yDxJ4E/Z6+IWlx/8LH0vSNX8r/n7/eV53r37If8AwT38b2kk998JPC18kU376H91XdSxzFTw3sj6cEEHmciq2pabpWsW32HVLGOSP/nlNVnz/aqesalBpv7+f/V1zHpzsUrTwH4Ks4PItvCdhGnp9kiqvN8LPhzNL58/gbTd/wD15xV0P/LKo+YoaPai9nRM2Lwh4Sij8hdCtvp9krDPwK+Ds2pyavP8P9JkuJesv2KKuug71Tl024k1j7c1z+78n/VUe08zOVKl/IZVn8Jfhppsnn2XgDSIj/2DYqt/8IH4Nm6+EtM/8F0VbXn+1Rwd6PalqlQMlfAXgqCU3Nt4P02OT/nrHZRCpZfDPh26H+kaFYyf9dbWI1o+b+9/1P7ujz/J/c/Z6zb6sPZQM228K6DYxZsdDsrb/rjaxCvz1/4OfLGGH/gln4o8QQQIklheReTX6Of8sq+Uf+Cyf7FHiX9vb9grxX8BPB+oLaapdzxXlvLL6xc1phqtwnRoLc/j48H/ABZ8V/D+ZNT8O6tJBcibzIpa/VX9hH4teK/i98BLT4ieONWkv7y0/wBdFLXwr8P/APglR+038SfibrHwz0Lw/J9p0aaWOeeaLy4z5dfS3wx+JGu/sK+A4/gh4jnsv7Q/1d4fJrtqU6nsTzsb7KnH92fcEP7S3neHP+Ecngii/c183+N/GF9N4juL6ef9351eZ6x+1FpV5/qL795LVe8+J39vQ/uJ6+UqU60KxxU6hseJPidYw3UkH9lebJX2x/wTN/4KNeDvgzr9vpWq2McXmwy/vZa/O+E30OsyT3/7yOqesePYNHv/AD9DnjiuK9mnTdWietgsZ7OXJOB/R5o//BQ74A+NtBkgg8Y2XmSw/wCplr5z+OX27xVrMmueAII/3v8Azxr8f/g/8Zvipo+s2994j1WWOz+2Rf8ALb/prX7gfsujwr4q+Gml30F9Fc3EtnF/6Kr4nPaWLVa1M+6ydYCp+8qHN/sx2XxU0eb7d4qMskf/ACxir2SH4heMbO/jN9B5dvF/z2r0Twf4JsdN0+P7DpXlVl/FrwHP4k8L3FjYjyrj/pjXzWGweLxU+SZ62JxeCpfwzYs9Y/4SOKO3sTFL+5qSbTZ7OH9/b1w/wB8E+MfCsnka5NLLJ/02r1g2d9qf7giOSvrsDkn/AE7PlMdmdFHF/wCt/wCWFZ95o80H7/yK7i88E31n+/GlfvP+mNVx4b1Wb9xPBJH/ANsa+pwuBrUj52riaD988/0zz5vM8+pIbz/S/IruJvAmh2cR/tXxHbW3/TGavMvEnxg/ZD+Ht9JB4q/aE0C2ki/1w86un6tWjV5zz1VUztdNPkxVJPe/88K8L17/AIKif8E9dBlk0mD9oXTdSuIv+XSGaL97XhfxC/4L2fAfwVr0mh6H+y98TNb8r/U3enaD5kX/AH9r16f8E5qv74+6JpoIYv39Zc00H7yvj/4S/wDBZm+/aE8Rx+B/AH7K/i3Tby6/1Murab5dfTnhXR/jTr0X9ueMdKi02P8A55V009jnNCa8nm8z9xVPzv3tal5D5NR2dn51dFWr7Kicsf3lYk0HR4LyXz813GjabBDF/qKz/Ddn5MX+orc87yu9fOYmqfRYanoSfuqJry3z0rPvLys/+0f3nWvM9ob+yNSab91WfNNVyDvVe8qi/Zlfzv3tWf7Rt/U1jXk3k1H/AMsq6KZnUpmpPrEFRzXlvnpWHNefvajhvPOr0aeJOf2Z0kN5Bcf8e89Rz2c83U1X03MP7+tT+0f3fWuariTppYYPB8M9ndfv567CX/p3/CvP21ieG6rrNN1+x+yfv2rzztpKjSNCGC+nikt/Prwv9oT9lHx/8YLryND+I0umx/8ATKavbLOaxm/5b1Y03yLOXz556x/5eAfPfw3/AOCfuq+FbCSDXPjFqV9JL/z2mrtPhL+w34V+HkOoQX3iq61ePVJvM8m7mr1ibUtDg6T1HDrFjZ/6ifzf31a0jnOJuv8AgoF+ylb3Xkj4oabJ+8/1sU1Zvxg/4KIfsy/DHwZH4x1XxpbXNmf+m1fzz6D+3V8HbO6+0QeG7aWT/nt+9qTxV+354c8YeZ4VvrGW50+X/l086vW+rHkf2jW/5eH9A/w8/wCCnH7L/wAR9J/tXSvFscdv7zVq3H/BRT9m2H9wviyKT/rlNX88+g/t+eFfBNh5Gh+B/Lj/AOu1Rz/8FLPN5HgeP/v9Wf1ZC/tWofvZrH/BWD9nPR7+Sx8+WTyv+m1c/rP/AAWp/Ze0iLc1jcy/9t4q/Cf/AIbvW8mkng8HRf8Af6qc/wC3Vqo/5pxYy/8AXaaj6sg/tGsft43/AAXT/Z5nikNjoVz/AN/q8z8Vf8F8PDem6h5GleHLmWP/AK7RV+P837aWuXn/ADIGmxVj6j+1Rqt5LmDwrbVl9VOapjq02frB4+/4OFPF+lS48P8Ag0H61xem/wDBxB8UtSuZBe+Fb6P/AJ4+VX5l/wDDRVwf38+h20tdZ4J/at/s39/B4G02T/rrDRUwxFTMa1KmfoBqf/BfH9qDU7mO38OeG5I/+u0Nc/8AtFf8Fxv2yvCvwquLKdfsVxfwy+RqMUHlV8N+MP8Ago3PpuvR6HB4O02KT/plZ10nwl1PxV+3J4ouPB0GlRSWdhD5nnf88q4+SOHkXhsRj8VI83+Ff7dX7Sem6XrGq+I/EdzbahfzS+d/0182vm/4/ePdW8SeJ/8AhI/EeqyXNxLNXsH7U+kX3w28eSeFJ4Iori1hr5X8Sa9Pr1/+/wD+e1eqqt6J1U6db237w6jQfGE8v7/7dLXpnw3+J8E2qRwX09eB+b5NxmCuo+Fcxm8UR/8AX5XDVpXNZ06Kdz7Q+yaX4ksLexsf9ZLXuH7N3/BK/XPidrMeq/2Vey/apv8AnjXhfwZ1LSdN8W6Pqtx/q7WaKSv3E/Yz/bS8D/8ACL2ek2Ol232iWz/5Y1z4apWpu0DrjUikfMfiT/gg/wCMfGHhKPSvsMtt5XlSV9UfsK/sf+P/AID2tvofiq9jkt7WH9z51e2Xnxm8VawPt1jrnlR/88qx5vFWuTXUk/2/93LXoTyGtjP3hg8/p4Rch7hpuo6HDF5E89tH/wBtqsTXnhyH9/BPbeZXgf2yfzf+QrWh/a8/leRb31deG4Ps/aHmPiiNRnqGveNrG0lx9htpP+uNeb/Fr45QeCPDkmqwaV+8iqvDeTw/6RPP5tcH+0LrFjefC/UJp4K+jw2S0sMebiczeJnoef8Awr/4KNar8YfGV54V8EWHm3EXmxzf62vTNB8N/tNeL9Ujhv8AxT9mt5P+eM372vjv/glFN4bm/bD1zSrGDy5IofM/9G1+rd5os9i0l7aTxRR4/wCeNYYyrRwz9mkLDU6+Jifjp/wcK+HP2l/gv8LbfXfhR8VPEHnyw/v4bOavwvjb9sP4gav9qu7zxrfvLN++ljllklr+zj4g+E/AHjn7Pb+PvB2k6tZ/88ruzilrFX4Mfsybf7K0b4QeHY/3XSHRYv8A41XlzlKe59HgnRpRsj+NbSPEnxe8D/EK1h/s/XpDYX0RkE1tLJLLiv6y/wDgnr8Zfg/8fvhp4f0jRfhnp0X2Xw3a+dLqHhmOKWWXyv3v/LKu0tv+Ca/7INtqlx4j1T4U6JcyS/vP+PKKug1LQfBHwfijsPhl4V/s3/rjWfP7T3CsTVhBcxF4ijsPClzeazpPgDTraO1/1P2TSIo/N/8AIVXf+E7n8VeF/wDTrH7NJR428XeIhY6fpk/lyebL++/c1JrFnpU1hHBBbV2wp8tE8KEr1rnJ/wDH5HVzR7P97UkMMEJ8jNXbX/XH61OJVqReG9j7c29Nhgii4NF5NBDWf9s9/wBKr3kw8qvlcTU/eH1FGmWJpoOlZd5N5MuQKjm1Tyax9T1/0rm9odPsjcg17tVgalBN/wAt65Oz1LzuasWepQQy1n7QPZGxrE3kn9xWfZ6x50VWJvs94akh0exhixXRT9sHsin53m96sQw2MNV7z7PCKIdSghirb98Z/uTQs7ypPNh9az4dTgmP+j1HFeedLmuWpUrAaE/2f/Xiqf8AwlUFndeRRNN+6rzfxtr09nfyfv60Ukw9mj0z/hYUFoP+Pio7z4qedFiCvC7PxtPqV15Hn1sQ69+6rtw1OlVMvanef8LQv/tP/HxXSaD4pN5+/nnrxubU5/8Aj4rtPBOsQfYI66fqqOH6zRP5f7P4P+I/tf8AoP7ytT/hCdc0GLz77Sq7zw38SNL02H7P5FWPEniux1618iCCtfrvszP6s/8Al4eZ+T54/fwVoWeg9/IrU/sH97WpZ6b/APrrmqY4KmComPZ6b38irH9nf9Mf0rc+x+361J9j9v1rm+vIzp4U5v7F5PHkVXms66j+zfO4o/sf/Oay/tMPqpxd5CfNqxZ6lDo9rJ9u/dSV0k3hXzpfPrzf9oq9/sawjsbEeVJLNFWuFxNWtWF9Vo/8vDL8VeGvOluPGP8Ay0/5Y1+lH/BB+ysfDfwG8WfH7xHpMUXlXn2abzf+2tfmnD4kOvy+H/B0H+supoopv+2tfsh4k+A8/wCx/wD8E9rODSoPLk17TYrm8hh/560ZlC1Q+iy+jh6dE/Mf/gpl4q0T4kftN65qvg6eL7PFZ/66vjPUtXaKTyJ/+Ws1d54q8eT3vjLVNLsRJc3l/qUvk1j+Mfgz8RvDej/8JH4o8K3NtHF/y18n91XRQ1oo8+X8f3zn45v+fiul+H2vWWha908yTzq46zvILwSXHkeXWx4E+xXniiPz6dX9yrk1MN7U+oPEnjAaN8Po9d0qfypK9J/4Jk/tr/Ee7+MlvoWr6pLJbxebXb+PP+Ce/iPxh8EdH1zwrY+Vb39nFJ+6qP8AZT/4JweP/g1rX/CYtYyeZ/02rycNjI+2sXVy2vSon6weA/2ir7UrWOwuD/ra7yH4nT2drya+P/hL4k1XR7/yNcH+qhr1C8+J0Etr5BuK+2y3G1j5rE4ak/jPZP8Ahc0/m/6+tCy+MFjMP399Xhem6l/aUPnisvX/ABJf6bdfuJ6+mWa0kjzqWU0qh9aaP8VNK1KLyPtFc/8AHi9gn+G15mf93XhfgP4kfvf38/7yuo+J3xI/tj4fXmlef/yxrjqY+NQ0hlqpTPnv/gmz48sdB/4KJ6xocA/d/wBm2sn/AJFlr9pNS1mxm0WSeCf/AJY1/P8A/sf+JIPBH/BRO4vp5v3l/ZxR/wDkWWv2cs/EnnaXHfT337uWvAx86NStznp4CNWjTnCBX1jWPFV54tjWxvv9H/55V0k0M/8Ayw/d1yf/AAkmlQ6h9ognrqLPxvoc0WJ7mlDFULCVGujc02ZfsvkTz0axpsF5ax/6R/qq5+bxhpX2r9x/q/Sq+pfGDw5o8vkTinUdG94GEader7kzY/sYXcX78/vIq5u81j/iayWJno1742eDrOLz/Plj82GuT0fWNK1i/k1XSp67aNL2xyVZOj7h0l5eeTLViz16DFc3rF56CpNBmM9dOOw3saIYZ+0rHQalqXnfv4Ky5tYnhi/f10Fno8Hk+fcVyfjeaCG0k8iWvzjHVP3x91gofuSnea9B/wA96w9S16CuP1jxJ/pXkefVP+3axOk7iz1jtVyHWIDL/r64f+2P3XSrFnr3k1XszOZ6ZpuvQf8APerk+sQeV/r68r/4TDyJf9fWpD42sfK/19ejhjmqVTqJtY/hzWPr3jax02L9/PWHqXjyxhik/f14H+0V8bbfR9LuPJvq9L2R5tTE+zPcIfjxpVndeR9uirrPCvxJsdS/fmevybn/AGtNVh+IMelefL+9mr6o8B/tCQQaNbzzz/8ALGvExJrhsTBn2RrHjawhi5nirx/4kePIJpf3FeJ6x+0uupap5Fjqlah1/wDt61jngn8yuKneTPR9qjsNH1jyZfPrc03xJ53/AC3rhxqXk2nkVoeG7ueYdK9/A4Y8nE4k9Eh16x8rHn1Jpvje302LE/7uuLvLyeH/AFFZfjDUp4dLkngr6ylgfaUTwHV9lWPwT8Kf6ZqnkH/V16Jpuj/uuori/BMP2O6/f16xoMPnWkYzX5xicSfdU6Rnw6b2zViHTe2a1Psft+tSfY/b9a4vrQfVTP8Asft+tSQ6bBWh5HvR5HvWXtQ9kU/sft+tSf2db+hq55HvUn+qopfvReziZd5DBZ2En/TKvmP4/eMINY1mSCCf/VV9GfE7WINB8L3k8/8Azxr4X8Ya9Pe6peT+tfU5dhvZUbnlT/fVrHsX7B+jW3xO/bc8F+HtQjMlnLqlrJLF/wBtYq/qO/bk/Zeg+OPwRj8D+HII4o7XTfLhh/7ZV/Nj/wAEQPAieLv21NF1K4PmDTMzL/2z/ef0r+m7xt8bLGzlt/7Dvv3ctnF51eJnOIrdD6PLlRStI/Hv4D/8EB/Evwy+MVv8VPFeoRXNnaal9o+yXdfcn7YH7K/wW/ai/Z4uPgt4V8AaTbap5MX2Oa0hii/e1658SPjNY6l4SvIJ5/3lfO/wH+Id9afFDz77Vf3cU1Tk+JxlV8rObNVhqcf3Z/PB+0N8GdW/Z8+KusfDrxHb/wCkWl3KIfKrkPA995PjOwlvYh5YuMTCvqT/AILL+HHtP2z9b1JP+Pe7m4NWvBP7AfiPxJ8G7fx/oYjuZJYfM8n/AJ5V9TiHejyTOXAypvWZ94fsZ/tseHPFfhfw/wDDnz45fKs4o6+rJvDeuXlh/qP3ctflX/wTT+AHjHQfjTb/ANuQSR/ZZq/Yiaa/h0u3sZ/9X5NePgMo/wBs9od2a5rShg7I8X1jR4NBHnzwfvK5ebx3pRuvInuP9VXoHxsxZaXJPXxn8SPGGq2es3E9jPX3DpU6FE+BhVVeXOfXngn4kaVef6DBPXYf8I3Br0Xn18d/s6+PNV+1f2rq0/7vzq+kNH+OdjZxeRtiryatU7cNiFTOk03R7jR7rz6sa8J7zS5IIJ/+WNcfqXxagvf+XijTPiEv7z9/+78muKnUrHrSp0ax4/4D8HwWf7WtnrcA/eRfu6/Tyz16+h8G2cHn1+a+j6xY6P8AGmPxH9oir680f9pbQ5rC30q+r5vNsyrUap9JlGUUZntEOsQeV/x/d6k0fxVBNf8AkCevM4fFVjqVr59jXJ698ZoPh75mq30/+qr5ylxBWcj25cN0ftH2Z4J0GDXovP8AO8qrHin4S+HPsslxPfRSSf8AXavgvwt/wVQsdOv5NKNx5Xlf9Nq3Ne/4KTwalYeRY65HJJL/ANNq65Z7jRUuHMG5HvniTwT4chlkgn1X/wAjVc8N6PY+DtL/ANAn8z/ttXwf4w/a6+IGpa959jfSeXXvHwx/aosbzS7eHxHff8sa+oyTO61SPvnzOd5DhKVXQ90/t6eaX/SP9XXSeFbvzpa8nm+LXg68tfPsb6Os+H9pbw5oPmQfbo/+/wBX2GLx3tsIfDYfDfVcZ759Eax4ksbLT5PPvo68j8V/ELzpZLeCvnv4wftjQQ6h+4n/AHf/AF2qP4e/GyDxhFnz/wDW18RicN7aqfX0q1Gx6Zean50vSo7zU/Ji6Vn6bNbzRefBP5tY/jDxVBZ2skFdtPBeyomdTFI7DTfEnnf8t61POE1r5+a8f8E+PINev/sOK9M02a3n0v8Afj95WfsjH26Of8YeMfscslcnD8VJ5rryPPqn8Tpp4bqSuL8HzfbNU8iu2l+5PPqP2tY9cvPGE95YSQQV8n/tUeMNVs5ZIMyV9seCfhX/AGlpdeX/ALSH7JU+p2txffYfN/c1t7cx+rVep+bfgmb+3vi/Z6VPB/y2r7U8VeA4PCnw0/tSxvvNk8mvlebwfY/Cv4v3Gq65P/qpq+jPB/xy+FfxO0yPwfY+I7aK4l/d+TNNXB/Z9bFVLndhsPSpHy/D8ePEdn8Rv7D+zyeX53l19wfB/WPtnhe3nnrj4f8Agmn4j1jVJPEdjpUsv77zIf3NeueD/AelfDC0j8OeI76KOSL/AJ6/8sqzp4SpRranTiJUfZmx4bs/7SP+ortNM8N+Ta/aKPCmg6Vewx/8I5qsdzJ/0xrvJvAeq/2Xn7DL5lfa5bhqUz5zE1Dze8+zwis/xJBb/wBjSXGP+WNdB4k03+zZfI/5aVz/AI28iHwReT/9OctfU0sN+5Pn/a/vv3h+O/8AwofVdNl8+eD93Wppumzw/uCa7Txh8bLGawkgEEVcX4V8Ywalf1+J1MCfsdOpRLkOjz/88Kk/s7/pj+ldBDrFj5VZ+palB/ywrhqYKsZe1omX5HvUdSfbP3vSpIZoOlZ/Vqxn7WiR0T9qsf8ALKq83/IPknH/ACyruwOB/fHm4mqeD/tjePINH0aPSoJ/3ktfIj6ivnSb8n616x+1z4wGu+OJbOGb/VS15XpelT6vq1vplmuZJZo4/wAa+j/hx9mRgqWnOfoL/wAEQ/BviTwp4+vPixFYyeQLeQQzeT/z0AH9K/Qbxj+0T4ys9Z86e4ufLroP+CRf7Geh6b+wfb6qdKkk1iWH/VeTXYfEL9jLxjrHhe40vVtLktpJf+eMNeTVrYSq/Z1DoqUcRD30cnoPx48Oalo3+na75nm1w/xC+M2h+A9GvPFWhz/vIv8AU1c0z9ifXPB+lSfYZ7m5/wCus1fNfx9+AP7Smva7caF4c0K5kt/+mMNehSqYOlT/AHZ4sqeLdf8AeHxN+158YR+0f8crfan+kRXm2b/v7X1T8Mdf+I3wq+EFvBB/x7/9ca4fw3/wSj/aC03xpb+Np/h3q97P53mfuYa+zP8Ahl34qXnwlj8Kf8Ky1KW4lh8vyvJr1MNLCYhfvDmxtfFUH+5PI/2Y/jNqt58Qf7c1Wxij/wCmsUPl19seD/jBY+KrqOwnuJa87sv+CePjjRfBtnPpXge+tpPJ/ffua6z4b/Af4m+GopJ77wrcx+V/z2r2cM8tobM8yp9exe5c+P01leeF5PsP+sr4f/s2+1j4l3Gh30H7uvuTxJ4D+I2sS/YYPDktzXL2f7E/jibXv7Vn8HXMckv/AExoq1cNW9znHSo16H2D5v0HSP8AhG/Mnng/0eKrF5421uyi+3QQf6PX2Br/AOxDfXnhKSxn8KyR/uf337mvm/4q/BPVfDel3mhaVB/qq4qtKhA6KXtnPWmeJ+JP2iv7N1nyBc16J4V+NkGpaDb/AGGfzLiWH/VV8j+PPDfxNvPGUliPDlz5fnf66GGveP8AgmP8BvFXjb48R2Otm58v7ZFH5U1eVXqdKZ6FDmVU9U0bwH4x8Sa7HrkEFz5f+srvNB8VT/avIvoPL+yw1+iF7+yv8Ofht4Sj+w2MUsn2P/nj/wBMq+D/ANqOHwr4V1S8/sr915UNfF47DVqsvfPu8tx31aiR6P8AtTz6CfsP7v8A7azVx/7RX7QtjrHgiT7DBHLcS/8ATaviP4wfEjXLzxJcQaV4jlij87/ljUfw3+IWq+bJ/bl9LLH/ANNpqxwWTXd+QnFcRSpfGZfjb4nfEb/hLcWMHlR+dX0B8H4fEd5o0euX0MskleT6x/Yep6pHfeR+8r1z4e/HKfwppcdjAY/L/wCuNer/AGV5HmU+KdT2zwHDPqVr5+qwfvK6i88N31lYfbf7V8vyv+eVeZ/D34wQeMJpBBB5Xlf88qk+JHx+/wCEb0uSxnn/AHlXhsv+qnDjc3+tzPSLP4qarZ2skH26uLm8Ya5eeI5IIL793/12r5j179pHxHDfyfYb793muk+Evxy/t6/+wTz+bJL/AK6uxVa2x5NT2bZ9MTQ6HrEWL+9k8yrGgeJIPCt/5EE/7utj4e/DGDWNBj1Xz/M/c14/8ftevvAV1JY2E/lSV6VL2PsjL99SqH0Zo/7Qljo9h5E89Yd58ctK8Saz5E8/lRy18X6D8ePEc1/5Gq337utDxh8SbiaKP+yb7ypJaVOr9g5q/trn0ZD+0jP4b+NOl/Djw5Y/aZL/APefuq+iPip8ctV8B2H+n+B722j+x+Z5stnLXwv+xz48n0z9s34fweIxFcyS3n+umhr+irxN8O/AHjXSvs2r+DbK+jkh8wf6JFWdXQ9HBU/a0j8JdY/bY0PWbWTVZ7G+8vzvL/485a0PAf7Wng6z1m38jQ72WSX/AKc5a/Y6D9nv9lCbTZJ2+FOjeTayy+b5umxZzTfBPwN/ZL8YSyX3g74caRL9l/5bQ2cVcU8RUudX1M/KP4hf8FXPAHwki+w6rf8A2GSKHzPKrwfxv/wXs8Ea95ml2Wqeb/yz/fV+y3xo/wCCTv7IH7QfiU674n8MpHN5PlywWscQrzzTP+Dfv/gm3o939u/4V9c7/wDptPXZSxaCeGqn4WeNv2hNJ+PIuNc0qb95L+8/55V5X+yL4k8Qw/HeQ+Pr6+treKaWSH7JNLLX9L1r/wAEaP8AgntZWn9lW/wji4/d/wCurK0b/giV/wAE4vC+q/arD4Uy293L+84vP/tVdVLMqNEKeGrW5T80rP8A4KWeHPhjaR/258VNbtv+Wflf2D5taHwN13w3/wAFA/F2uar4O+JupSx2E0Xneb/o1fqBqX/BHn9grX4fI1z4OxXPlf8APaatf4Nf8Er/ANiv9nzU7jXPhb8MvsNxdTeZMYrus6uNpVZEf2fM/nR/aZvf2/P2dfirqU/gzX7m40ewu5fs+LyWX91XqvwY/wCC9/xJ0HTdL0X4j+HdZkk86KO8l/smXy6/er4yfsq/sqeFvh/rHjDXPhJbXEcVnKZx5n72X/v7X58/EHxf/wAEorzwJeeHdT/Zb1DP7397aSReb5v/AH6r1MFjbbHLiMPCkv3h33wf+MHgf45eEtP8Y6HrltL9qh8zyppvKrk/29v7V+G/7L/iTxxomrW37rQbr/Uzf6qXyq+S9G+Kv7OngSaPwr8I/B3jbTftX7uH7XrHmRRf+Qq9E/an+A/jjxJ+wB44+Kdj8RrmWzsPDcsk1pNN5tfTYbHHy1XDUXWPzf8AFXiT7ZLJ5FHgnxJPZ/6+Cug1L4fT6Dr39lD95++r0jxV8K9K07wZb+TB+8lr8y+u0v4Z93UoYtfwzzub4heSP9Iq5D42sZuk9ed+KvBHjiG/k+w6Vcyx+d/zxrh9S+J+q6brP9h38EsckX/TGum1KqctSdakfQn/AAklh/z8x1cstYglrwPQfidBezSQfaK7Tw342gvJf3E9a/UTmWOfwzPYIbyDyuaw/iFr8HhvwlqF95/l/uapw6x5NrHPXnf7aHi7+w/AkdrbTeXJdV2YfA+xXtDjeJdbFezPkXxzrR8ReIrvULjvLXov7FXw8Hjb4x2V9fQGS0sJopZpcdK8fUtdXHkg/wCskr9Ff2Iv2ZT8Pv2d5Pidq3l/aNZh/c1x4ypalzn1eFgouFNH6KfAf9tKf4YeDbjwroeufZreKH9zFDDXonhv9urxxNFJ5/m3scsP/PGvgv8AZ102fxVr0ljfGXy4pq+sPCmgiz0/7DY2H7uvz3Ezc63tD7XC4C8P3h6BZfH7xHeXUk8H7vzaj1fxt8W9B/4qPS7793/rPJrm9H8EwWcv9q319VjxJ8WvB/hywksb6+jrgWPxVKqddTJMHVOX1L/go18Y9N8Uf2HPPHFJ5P8ArZYYqNN/4KE/FuW7/wBP1Wxqn/wgfgb4nWsmq6VY/vJfN/ezQ+VXj83/AASp+Knxb8USarYz30VnLN/y6alLXrQzPEKkcNTJMFSPpiH9rT44fEL/AIlWia5beZ/yx8qtjR7P9uDU7X/j+trm3l/6bf8A2qug/Yb/AOCZtx8HzHNqt9+8/wCnu882vtDT9IvvB9hHY4sfL/6YwxSV0QzKvbc86eEwVP4KZ8R+G/BP7Xs119ot54o5K6TXvCv7d0MPn6VPYy/9dq+0LzUtKvPDcn2Gwi8z/rjXB2WgeOPFUskFjPF5f/TahY2v7T3KhlGhh+sD5n8KXn7bN55mleI7HTfMqx4J/Zd+NM+syX/xU0rTbmzl/wCfSvfNY/Z18cTazHqs+uSW0f8A0xmr0zQf7d0G1t4NVnjks4v+mNd9PHY8wnSwR8r6l+zd8HdB1mT/AItzFcxy/wDTGus8E+Cfg78MdUj8R+B/gtLY3EX/AC28mvpC8m8D3lrcfZ/CsXmeT+586GsvTdZgm/0GfQ4/LrSGKxByTwWEOL8U/EK41/wlcWP9h/6RLZ8S1+Wf7YHwg+MWsaNrl/4c8O3Mv779z/01r9ZNGs9chupP7VsYv9d+5/65Vqa/L4cm0X7CNCspP+e3+hxVrSxN6v7wy9l/z7P5q7T9j/47wXcmq+I/AF95n/XGufPwH+OH/CwbPQ7fwde/Z5Zv337mWv6dLPQfgdqVr/xPPA9j5n/XnFXF+Jfh7+z1Z+IxqulfDiLzP9Z5v7r/AONV3f2rRpP2cDmqYKq/jPxL039jLXNM8Of2rquh6t5nk/8APnLXzH8QvF994P8AFsmhweZFJ53l/va/pU8SeA/AHjbw5caHY6VbW37mvzb/AGhP+CMNj8VPHtxrkH7r995ldEsyo+zPO/sn98fE/wAK/id/wiul29jff8fF1N/yy/e11njzR/EfiXw5Jqs+lXP+p/5417Ze/wDBJHxV4D+IWj301z/ocU1fYmj/ALK8Om/C+TSttjcyeT/z51ksdTqBTy10j8H9S8Sa5N4ovND+wyfuvNr0j9j+a+F1eX3iODy5PO/c19qfEj/gmnoVnf3niOfQ5Irj97Xmc3wZ8AeA/Dn7iw/0yL/ltXFi8dCiuc7aWB9qe4fAH4/aVoNr/Yc8/m/9dq8v/bY8SaVNFceI4J4vM8n/AFVeN2fjee81mSysZ/Ljirg/j98Qb68/cf2r5kf/AC2rTBYlYn3gxuBrUTi7P4hX2sap9o8+uoh8YT2fl+RP+8rx+71j7HLH/wAI5+8/57VYm8SX0M0fkT/vK6lTqnz+JVY94+Hvjb4jeEPi/wCG/ibc2X+j2E3+t8mv6jf2efHSeLfgB4b8WX8sm+50GKWbzYz/AM8q/les/j9ocOl6HpV9+8+y3kX/AKNr+nf9i7xh4d+Mv7K/hfxGqeb5WgxW/wD5CrpqU7UTqyyElIXwH4q0P4qaX4k8G2F9LLJF5sc3m2flf62rH7NPwTt/gno9x4c+3y3Mcv8Ay2rqPDfhvw54CiknsdKitpLr/XeTWxZ6l50n+v8AKrxKlT2R79P+QsWc2labcyGD91JLUk9nBef6+es+byIbrz56uWepWU/+o/e1eGq039s0/cmhZwQQ2vkZrlvHniT4W6DrFvfeMtbitriL/U+aa6WzvYZZPJH7uvlP/gob8FPEfxW1Sz0rwrq0ttcSw/8ALKauOs37bUD6M/4XX8JPK8//AIT+xxj/AJ7V0mmT6XrGn/btMnEkEo/dSivxT8efsN/tNeA/iNpeuHxj4gvbP7Z++tPtkstfsJ8ArKfTfg34fsL4yeZFpsXnebXbT9qRTqe0Ob/bShvf+GafEkVlLJ5ktlX4N+G9N8Y6ba6p/wAJxfeZ/wATK68n/pl+9r+gD9pD7PN8EdcM/wC8/wBDr+fP48fFTyNQ1j+yv+WWpS/uv+2telh8T7E8jMsN7U4fx5qV9pF/HfWP/LKauw+JH/BQnXNH/ZV8Qfs832lSy/8ACUabLbQ/9+q8Hm+IV94qljnxUmjwweKtet/7cg/d2s0VfQYPG89HnPH+pKJ9Uf8ADLsGsRfbjpXmSVsfDH9mnVfFXi2Ox1yD/iXxTV9Qal42+GUR+wf2TLH/ANcax4bzVYdUjv8Aw5YS/Z/Or8ZpZjivbH7VVy/DKkdZ4P8A2G/gfDoEcF9pVtLJLDXwv/wWM/4Ja+Ffgd8JZPjT4Ag/dyzfvvJ/5ZV+gngPXvFV5f2/9q+HJZY/+uNc3/wVK+D/AMVfjN+xvrngDQ7C5kvJZopLOLya+1yjF+30mfn+bYanTre4fzdWHjFdPR1gHmSJ/ra9R+FnjC3WO3u76fy/N/5Y13HhH/gj/wDtl3usx6VP8Ob2TzZv+WWmyy19wf8AEPH8Ofh98P7PxX8d/jTF4f1CWz+0/wBnXc0scv8A6Kr6uhyN+8fM41JI+U/h74q0PxJqdvpU8/lR18+/t3eKBceLYvDFjc+ZbwJX29oPwf8A2XvhjrN54c0PxjLq0ml/vfNhm8yvzh/af8Wad4v+Lur6hobeZbGfy4TXpYz2NPCnPlFCtPFe0mb37E37PF9+09+0LpHw50iMiJh9onx6R1+1Go/8E5NcsrrQ/Dtj45tovD8X/LL7ZXwr/wAEbvgfqXw5uZP2jJLOSb7dZy2MMX/PLzIv/tlfe2j+KvEc5kmvr6+lklh/cxedL+6r8+zfHezpckD9Ey7CKWIhU5j0TQf2Lfg58K/C9x4jsfEcX2iL/llFXifg/wDaQ0O8+Jlx4Asb62/dTeXD5s1an2P9oP42aXqng7SrC+tvK/d/8ecteH/s6/8ABHn9r2f9puTxxP8A2l9j87/ltDLXz1DBe2pe0PrcRmlHCn6AeA/g/B420uP7drljHJ/0yvIq7zQf+Ccuhax5eq64Irm3/wCu1Yfwr/4J1/Grw34ot/EWueI5Y7eL/lj9sr6s0HUbfwf9n8Oatfx+X5PlzVxVcvlTdzhnnXtTx/8A4Yb8D6Pa+R4csY4466jwr4V8R/DHSv7K0yD93/1xr2jTdN8GiXz4LjzZKk8STf2hD9nFtH5got7T92ZvGwq7nheval4q1KL/AEH/AI+P+uNYfirxV4q0fS/PsNW8r99FHNFLXukx0PTYvIuLDyrj/ntXzf8AtOWdxqVhef8ACK/vP+Wn7mhU5Uv3chfuWdxoPxg0qzsI4L6+j8yuw8H/ABC0rXpY4PDk8Xmf8tq+J/2b9H8f+MdZ1Cw8SQXv/fmWvsj4G/BODwHF/bk4k/e/89q6cNhmn7Q48SzvJrzVfssn9qz+bHXl9r8Z9VPjf/hFb7/j3/1ldp8WvHv9g+EZL7P7zzvLr5f8VfE6xh1T7cZ/9Ir0ViUjxfYfvj6UvPHmlWd1JPP/AKutTwf8cvBupX8elWPl+ZL/ANMa+a4vipBr3heSxn837RL/AKn9zW54J8N2MNrHffbv9M/67V1TlS9lzlzw1Zn0B43PhyfzJ59ci8zyf9TDNXlfgLxVPpv2z+3J/M/541zevf25P4jjvrDVa6CHQdKmtf8ATtViirL6zROmlhq1MuS/EjQ4bT/SIPMqufGHgzUoudJl/wC/1Zc3gnSfLkng1WKTyv8AptXD+JPiDpWg+ZAJ4vMirmnVoyZrTptP94dJ/wALOg0fVJIP9V/zxqn4w+Oc8Nr9ugvvKkirxvUvGw1LWvt0/wDq6y/GHxC0qHS5IIK87EVayOyl7CodJ4w+P3iPxJ/x/f8ALL/ltWf4P/aug8N+I7ey1XVYpY/+eMtePw/E6w/0iG+FeV+NrPVbvWZPEcE/lxxU8DLEVax4uY1PZH6gf8JL8DvjB4c8jVvEljbSSw18l/HL/gnj4V8Sw6hqvg7xHHL5v+p8mvkez/a68VeD/F0fhyCeX/U/89q9c8N/8FA/GOm2HkHSopPN/wCm1fYUsjeLongf219VqnD+D/2A9chluNDnsf3nnf8AH35P+tri/j9/wRz+Kc3hy416xvr6KP8A1n+pr68/Z1/an/4Ty/8A+Kq8OW2m3H/LHyq+oJ/jBY2egx2PiKxikt5f+mNa0slrUfgPQ/tuji/iP585v2Ifi38PZbjz9KubmOL/AKY15P8AE7w3448E3X/Iq3P73/ntDLX9Mktn8HNSsPt1j4V025jl/wBd51nFXhf7RX7NP7PXxI0uS4/4QC2tpIv+eVdMFWhuc9SpTqwP537zXtVOjST6rBJbXkX/AB5xV/Tp/wAG8fj3xj4x/Yht4NcsZfMtYYvJ86vxL/bS/Zd8K+G/Fv27wrBFbf6ZX78f8EaPFHwy0T9kXw14V0u9tv7Q/s2KObypv9bSqVV7IWGp/vfdPrCaH+0tL8+//dyd4a5+abyfM/f1v69NY+V/o88lYn9j2OoxefBXzFSvCrKUD16VP96V4PFV9NpclubD/Vf8tpa5PUv2uvgt8MdZ/sPxlrkVteV6JoM0H2XyJ4K/C/8A4OTPHeq/Bvxfb614H1a9tLi67xTf9cqMLCMKljixntaZ+4Hwr+Nvwy+MGmf2t4O1yO5/fS4l/wCeVeR6xN8TZv219Lgggubnw/FZy/vf+WXm18v/APBtHaeI/Ef7I1x4q8Z319LeXU3/AC9zf9da/RD/AIQn7Jqn9rDxHexSf88q9GeG9v75rhp+0pcxuSaZpWpSedfaVHL/ANsasc28XkWEMccdeR6n8TviNpvxat/B1hY/adPl/wBddzV65Dd4tY/P/wBZV8somkzm/jBZ2WsfDTWLK+H7v7HLX89/7QngLQ5vGXiD7CP+XyX/ANG1/Qx8SIYJvAmqW/8Az1s5f/RVfgv+0jp0Gg/EHXLGCDy/9Mlkrqw5xYmH7r3z5L03wr/YPmQTtXSeD9N0qbVI/IP/AC2qv42vDD/qDVf4b3n+nyCYf8tq9PBfwjxaigfpR+y78Jb/APaEtbO+E/7yL/XeTX3B8Pf2e/CvgPQY4NVso7mSvC/+CZvw98R+CdBt7Cf91/11hr6kvJtVhv8A/Tp/3fnV+ZYKn/z8P1DE1Q03TfC1n+4sfDlt/wB+a6T/AISSezi8iDQ7a5j/AOm0Pm1h3k1jDFJ5EFHhuYTS5r1sPTqUqnPCR4FSn7U7jw89hd6X/aFx4W06K4/6Y2kQr5q/bE/4J9TftmfGu317xn4iNt4Si0fypoYLvy5fN8qvpXR5rGG18g18z/8ABW7QfjT8SP2I/EHhz9mW+vrHxJdTReTNp37qWLyq+gwNWq6nNznmYrD0TyP4bf8ABub+yF8LYPFFz4b8X319eeI7P7P/AKXeeZ9l/wCuVeL6r/waD/sj30kms2PxV1SO7e68yTzjLLF9K+Bv+CFX7Y/7XUH/AAVC0L4NfGv4s+JNShtpbm21K01G9kkjzFJzx6Zr+m28h+2XeYP3Vv8A89a9DE4mrbUzo0aUD5j+Dv8AwS8/Zs/Zx+Ctn8M/Dmk/afsEP767i/5a1wfgj9gPwPN4yk8VwX3+jxf8uks1fZniSz8nRfI86KST/rtXD2fg/StN8y+nnj/e/wDLGvlMdi6N/fPcwb9jTMf4K+Gvhl4P1S8sYNM03zIv3f8Ayyr1eLVtPhjkbS7G3ix/y18mvBPDfwS1bWfjJJ4xguY47eWb99DXYeJPGGq6DrNv4H+3RxRy/wDPWumlUo/U+dGVf2tZnealqV9qVr9hvvLl83/njDXkfxU+AOq+JNUjuLGeWOP/AFn+urtNBm1XRrr/AImt/wDaY63NS8YWFpYSX0E/mSf88q832tStsaUl7M83s/B994bj88Ty+ZF/z1mq54b8bX39s28Gq2P+tm/5412FnNofjDT/ALdfWPlSf9Nqx/8AhGv7el8iCeKOOKvOrUKyrc50T941LzwHofiS0kv57j/Ww/8APavL/Af7OtxoPxLvL2eeOXT7qGX9zLXeaxrB8NXVnpOfN/57VqfbrHzfPg1WOL/pjVf7V7Q15ORHPw+A9D8Nyyf2HocUcn/Pbyak8VeMINN8LyGe28ySKH9z5NXPFXjzQ4IvsM+qxRSf89a4vXvFXgf7JIbjxjY/va2lUxFNGfszyfxt42n8YRXGlT2MkcdfP+u+A73UfFv2+Cf/AFVfRnjbxJ4AhtJIINVtvM/57V8/+NvjB4c8N3UnkTxZrycRia1+Q7cNhqJ2ng/wpYz3Uc99PH+6rc14QeFZZNWsb7zJJa8H039oSx1jVPI0qeug1PxhfTWv7++/ef8APKj2uM9ievSw9A7Cb4nTw3Xn+fVPXvi1qt5+4grzfWNenhtZOP3lYeg+MJ7yX9//AKusqdarVOmphqJ7Jo/xa8mwkgvp68z+Ic19rF/JfWE1c3ealqs2qefDBLJHLXUeArOx1j/j+1WLzP8An0mr1cJhq0zxMbVwdL+IeB/HL4zeKvh7YSeR+9jiqv8As9/tF2XxO8IyT+I/3Vd5+2v8MfB2m+DZPEela5bXP/LOaGGviOz8S6V4Pikt7G+8qP8A54xTV6ccC6rPlsTi6NL+GfVHiTxTYQ6pbwaV9m8utzxh4b0ub4Z3niqxvv8Aj1/5ZedXxfZ/tRaH/wAJHb6HfiXy/O8v/XV9eeDvHnwd+LPw+k8N2N/FbSfY/wDnt/rZfKr6DA5N7Be0PJq45Vj4r+IWva5428S/bvDh8rypvLm/c16x8MdN1XR7WO+vr2PzP+mtV9e+Fdl4C1S4n8j93L5skNc3oPiW+1iwknng+zeV/qYq+ow1b2XuHzmMp06zPVJvjzfeCfFGl2OIpfNm/fTRQ190fB/9pbwP42+H1vY65fW3mfY6/J/WNY1WbWbeCef/AK7V6J8JfFOuQ6z9hsL6WK3r3sIqMkYzp/VaR9aax+2BP4U+Ksfg6xn/ANDlmr3jUvFVjr3gP7dYz+bJLDX5l/HjWL7QdZj1yx82WSKvoj9iL9py38baLJ4V8R3/APqof9TLXk5lhtPdOrBY6kzyP9rr4M+I/G11cWPkSfZ5Zv8AW17h/wAEPdS8Y+Cf2kbP4cHxFc3Nnaw/6qabzK7T4wax4c1PQbiCCCPzP+WNY/8AwSX0GDQf2r7jxVPPF+98rzq/N8ZVrUq3Ie3huarUvA/aTyZ9Ym/55SVTtPE/g2PVJNGg1yyivP8AnjLeRVcs9e0rU9Kk/sSeL7RLZy1+Sfxs8efE34b/APBSe30MeMZfLv8Ayv8ARP3vlVEIfu/aRPXpKtGR+uk1nY/9tK+B/wDgpz/wSjg/bS8R6fPqt9HHbxTeZDX3R4EnbUvC9nfapex+Z5NN+IWq2fhvw1ea/Pq9t5lrB+5M1c1P2tOr7Q66mH5zhf2I/wBl2x/ZP+Edn8OdIEXlxQxfva9gmvP3Un7/APeV518D/iLqvxi8Byarrdv9mk8+WOGX/rlXQ3k0Gj/Z/P8A9Jk/6ZV2/WMTU1gRHDfYNiE+d+/NjH5lV7yHXJpY/wDnnVzTpYPJ+0ed5dR6xr0ENr5EE/7yuGdbEU63vlexYePJzD4L1Akf8uUv/oqvwX/bC17Sj8S9cngn8zyppa/dD4qahfS/CvVBbwf6R/ZsvH/bKv5u/j94rvrP4y+JLG9nkl828l/9G17mBqnBjaT9icvrGpWOsf8AHxmseHUrHTfMuIJ65fxh4knhHkaTcVz+g+KzeWt5POPM8qvqMN7H2J857OrA/qf8MfC6DwBplvPoOlfafMh8z91NFTNSg8R6xFH5/hyWKvyj8b/8HbOvfD/VZPDumfsP+I7mO1m/cyzabLH+6/7+1wmrf8HoV/BPJb2/7LEseDgRTeX+7/8AItfHxyaCZ9YsbWZ+z+mWdxB/x/WMtEMN/Zy/uNJkr8TL7/g8g17WonEH7PMdi8fQkRc/+Rax7v8A4PGviRAPIs/grHIPUwRf/Ha7Y5TBRMvrNY/dua8voYv+PGWtjR9SvptLk0PyJY5PJl/feTX4CTf8HiHxW1CHyLj4ORxD/plDFWMf+DuX9oie9kurHwUbaHOPMxFXThMvjTqe6Y1KlRn6OfBL/giH4H+DP7a+qftiQeOLKO8uvN/4l/2OX/lrX2B8Q9e8fw6DHY+FdQtrmSL/AKY1+Gepf8HQ3x38RwZvbbzJPK8zyYpv+WVec6p/wc2/tVatDcf2LpWpfY/+esV5/qv/ACLXbUwXtP4hhCp/IfvlpuseP7vw5JBq0HlXFZ+g2fxO+1fv57aSOv569T/4OP8A9q+6l58Val5f/TG8irl9e/4OA/2pNaPmr4w1eP8A7bRVw1MlwtapqW8Rij+ojQZtV8N/uJ57LzP+m01eb/Gvx54V8N+I49c8Y31t+6/eebDNX83Phf8A4Ks/t9/GK8+z+FLXxHqnm/8ALa0mlk/9FVV+LP7aP7c5h+wa54O8W/8AXaWzupP/AGlWssmw1OjbmNqeLrI/os1L9vz9lfR4v+Kj+I0fl1h6l/wUy/YQsvM/4riyl8r/AJ7Q1/NnpHxN/ax+IMdxNcaH4ojji/566RdR/wDtKsf7Z+17r0sljY/D/wAQSR/89f7Nuo//AGlRSyrC0oaFyxOIP3w+J3/Ba/4A6DqlxY+FdcsbmOL/AFPkzV5nqX/Bw54H8ORSQQeFbH/rtNN/9tr8U/DPw9/au1i/kuJ/g74glji/6c7r/wCNV0Gj/sl/tX/ELVY/sHwP1/8Ae/8ATndf/GqKmCwgfWK3OfqZ8Qv+C5A8a/6dpXl237n/AJZTV8//ABI/4LJ/FuHUJP7J8VXvl/8ATGvmeH/gm/8A8FA7y78ix+FepRW8X/TGX/41Xrg/4JR/tNeI9Lt59V8OatpMf7qP/jz8yl9Wy81hWxEzpNH/AOCpXxp8SQyX194quf8AttNWfqX7eHxp1i6/0fxjcxx/9dq1If8Aght+0Ze6D9ug1XW/s8UP76b7H5ddB+z3/wAET9c8VfaLHVvH99LJF+7m82auGv8A2dY0i8WZegftd+MfsH/E88VXMvm/8tvOq5N8eILyGS+/tyS5k/54+dX1x8E/+DePQ7yKSDXPFVzJHL/z2vK9k8Lf8G73wc0UZ/4SO58z/preV431bA1ah1fWayR+Revftv6r4P8AFv2E/uo/Or6w+DPxgn+JGjW/iOeeWvsib/g3R+B97L9uvvGMcv8A11hr0TwT/wAEZfhX4D0v+ytK8Yx+X/21rp+pYX2Q6WOrHyXo15Y6lFIdVn/1tR+JNNg0fS/PsT+7r7Mh/wCCRfg6G6+3f8J95f8A22lrqk/4Jr/Do6ZJZX3iyOT3/e15jyiPtr0zshnOnvHwL8PdY0PXpZPP8zy4v9dXwH+0X+0h4/8ABX7RmoaTpWuf8S+1m8uGLzq/fbwX/wAEuPgf4ZtbyeTUZrrzoZeRNLX82P7ddnP8Mf21vHngeeCWT7LNL9j/APItfW5ZgOTc+Sz3FVq1H92e0fEL4qeMfFXwlknGuS+Z5P8Az2r5nh1ix1iwt9P8R65JHeS/88pq95+AvwI1L4y/Bq1mtNc+zXcsX73zawvHn7BMHw3it76fxVbaveS/8soYa9nE5eqUfach8FhMRjas+SUjx+Hwr4c02/8At2hz3t9eRf8AH5FDD5tHww/aK1Twr8S9LuBPcxWcusRW00M3/XWv3E/4I6/8Eev2YPGvwB0f44fETwbe/wBuapZ+XqUPn1+QX/Ba/wDZx8O/so/8FC9R8PeBPDd3FocqxTWdqsfmfvfNrejiaPsrH0eBwNZr94foz42+Fnwj8V/C+PxlDqsXmfY4pPK87/plXxX8QvEmhw38kEHlW377y4a5PR/iR+2zr1hp+lQfBbxJ/ZcsMXk3f9my/wCqrh/jl4kvtB8R2eh+I7G9trzzovO/0OX91WiqUWGJwx1mpaxPpt/HPP8AvfNrc0D48aH4b8v/AEf95/z2ry/x742sYdF+3WP7y4i/6bVyfw3h1zx54os7ieCSK3lm/wBVXbhqqp1jycRhsXiaZ9oXkPhz4naN/bkE/wDy515P8MPiD/wqv4jyZvfLklvPLhirYh16DwRYf2VP+6/c15P48mgh1T/hMdKnjluIpv3MVd+NcZYXnOfBYOtTq8p+lGmw6VqXhe3vvEd9FH9qh/101Z/w3+P3gD9kXxlceMRBbalb/wDLa7mrL/4Jf6bofxs8JaxpX7Qt9LpscsMX9my+dXqH7VH/AAT9+FVn8MLy+8DfEb+0v+mXnRSy/wDo2vhMZhqLrH2mG56VEp69/wAHDnhvRr+PSvA1jbWVxLD5fm2k1fP+s/8ABRTwP8VP2h4/ip4q0u2udYtf9Td3f+tiryP4b/sH2PjyGOxt/wC0o9QuryWP/S9N8quL8U/8E0/i3o/i24n8OWOt3Plf88rOWXzaqdDCqjyEwxteJ+pHhT/guppWm6DHpM99YyyRf9Nqr+PP+Cw2hfE3QZNDgsbaWSX/AKbf/ba/KvUv2Efjf8NviRo/iQyXP2fyfMmtbubyq9k1nxJrngOw+3DwrpPmRQ/8tZq1wmT4avS1MqvEFTCS/eH1Zpv/AAWY+Knw98zwN4V8KyRRxTeZ/ok1d5o3/BZHxzNo0eua55v/AG2mr4P/AGV/2Y/i3+2l8Vbj4jGw+wx2vmx2dpp03+tr3j4nf8Ekf2k9S0GS9+w3tlHa/vP3NclTA0cIexhc1+trnifUH/D6q+h0aS++3eZH/wBMZqx7P/gtVBqV1599PFHH/wBNpv8A7bXy/wCG/gbffCTwlJofjCwubm4i/wBdLNZ14348m0nWJZNK0rSpPM/6415GI+qs7vb1T9KNS/4LP+G9S/4pWfxVbeXdWflfupq+c/jZ8K/g7410a88Y2Oq2NzeXXmyV8h/s3/D3xVpvjfUL7xjYyfZ/+WP77za9s8VQ+IxoNxpXhyC5lrL+F/DPZwWCp16XPUPA9S+Feh2eqSQQT/63/ljWX4x/Z7m0fwveeI7GDy4/J8yuks/hj8RrK/8A7V1Wxl8uL/ptXeG81XxV4X/4RT7D/o/k+XNNXp4HEuqedjcDh6R/RfrPwR/Z8n00NqnwY8LyeZF5f73R7WvjT/hhD/glT8W/FusT/wDCpLK51iKaX7ZaWmmxeVFX1R+2BZ32g/AfxJ4k0q+ktryKH/Q/Km/1VfAf/BK/WPjvrHgjxJ4/1zQ/tOqS+JL+2hu5f+WtrFdSxf8AoqjE1K1Ksefh6dE7Sb/gkX/wTu8SRSX3hz4ZR6TH/wBMdNirl/ir/wAEW/2JtH8O2/iP/hWX223/ANZN/wAS2vrD/hKrGe1jg1zQ9SsZP+W37n91Xlfxg/aK8m8/4QDwNq0V7J/q/J/1lcP17Ge05Dop4akfJfhv9jL/AIJl6PrP/COXH7OdzJeS/u/+POuL/wCCmf8AwTZ/Y0+GH7DOufGT4c+AbbTby1/5Y+TX3h4D/Zj0rUtLj8f32q239oXUPmeT/wA8q8z/AG9v2OfHHxy/ZL8SeAPCs8t9qEt5F+5s/wDtrXrZdiX/AMvDzqtD2Z+QX/Bu38Nfh58Yv2mNW8J+OvCtjq8uvW32KG01Cz82KKL/AJay1+1v7S3/AAQ3+BHjD4I6p4A+B/wx8N6RqF1/zEYofKr5T/4N9f8Agj18af2J/wBqrWPip8YtK/4l91o8sdn+5/1XmxS1+0A1K+hl8gW/+j/89q7qlWsZKnSufhJ8If8Ag0Uvz4luNT+J3jG2ltxNx5OpV7PqP/Bo9+znrlrHBP4yjsfK/wCeMNfrxeQzzWEk9jPWfoM2q6nL5F9+68qvNlia0a3KdXsKXc+Qv+Ccn/BFn9nz/gnpe3N3ZfZ9c+1Q/uv7Qgjlji/7+19YXv7PfwQ1j/j9+Dvhq5/67aNa/wDxqvGP+Ck2p/FvQfgZJffCTXPsWof2xYRwzf8AbWui+MXwd+Pvxd+EGh6T4A+MJ8P6wLS1kmu7Yf6391F5tdurRlTt8J6K37OvwOMP2dfg74biT/ploNr/APGqrR/s/fs+6HHhvhR4btf+u2mWwrxnwf8AsUftJ6daW8Hir9rbV76SL/XeVWH+1b/wTx+Mnxz0azsfC37TXiDSPsv+ultJvK82sva1g9r/AHT6Q034N/BWG126L8MvDfl/9MdHta19P8B+DtNH/Ev8Gabbf9ctNirlP2Y/hjqvwZ+EGl+B9c1y51K8tIfLmu7ubzJZa9Emh82qNDkPifaLpPgTVNf8PaVZfbLWzllh/wBDjk/e+VXxh/wTp/4KWeKfj1qeveBf2s/hKvg3UNNvLqOzu5tE+zW11FFLX3tZ+fNFJBfQVxXxu8F+Cdb+HOqHxHoUXlxWcsnneT+9i/6a0qlADVhm+FniS08kX2kSW8sP+p86Ko9N8BfDPSIfP8OeG9N8vvLaQxV+E+j/AAf/AGUv2ivi/rHwW+H/APwU78Y+G/EF/qUv2P7Xr11FFFL5v+q/1tfqL/wTvPgf9mp7/wDYSv8A46X/AI48ceD9Mtb3Uri9vJZDJFL5vlDzJf8ArlXLWwUVDncQpYln1PDo9j5WbAxRVn6zNqsN1bwaVB5scv8Arqk13U59E0W48Q39qY47WHzJooq+LfGn/Bdb9mvwNfah4b8U2TabeWE0sflXZ8v/AFVeJRXvaxND7OvTqtnNiCCT7PF/rpap3mp6Ve2H7i4kjk/6414t+wp/wUX+EX7dVtqE3w6uI5TYD995J/6619A+TY/ZPInt/wDW/wDPGuzknOPwj/iHPw3kHlfZ54JfMqvNp3nXfn/vYq6j+zbGGL9xPWX4k02+m0u4+w/6z/ljVxqzXumfsOeHvklnZwTWsljBffvJbOWv5/8A9uT/AIN+/wDgoH8cv2tPGHxp8AWFjc6fqk0sln503lebX9AGhzX2naVHPcL/AKRW3puo6hM2+5mi2f8APLHNdtLGul8Rj9V9qfzyfBP/AII2f8FO/Anw5vPCuueAI7aTyfLs5orz/wC1V5Xaf8EKf+C1mneOLfxbYWZ1KK1vPMCy6h/7Sr+my81i+h4qKPXpbpfKivv3n0rpqZvN0+SpMzpZRRpu8IHz/wD8Ewvhr8W/g3+zbZeDfjjpX2HVIvK/dSxV0nxo/wCCeP7Hv7R3j6z+Jvxf+F+m6vqth/qZpa9V1LTb7Uv+Pi//AHdZevaFPpthJfaVP+8irzXm1JL3DuWFJLP4D/B3TNFj0Sx8DWMVnFD5cMUUNfO37YX/AARx/ZB/ak8I3djceDbfRdUm/wCYjZyeXWJr3xm/ahvPHlxpXhzVIv7LtZv31aHjD4/fE2HwRqEI1SWO88n/AF3/AGyow2de30NMRlvJRvM/HvVP+DZz9ozXfi/rmh+BviNFc6Xa+bJZ+VN5lP8ACv8Awbwf8FB/hh4hGsxaNJq1pbf60ef1/wDIVe0+G/8AgrT8b/gz+1fpfwygvZZLO/1KL7ZNN/zy82v2w8H/ABD0rxhoNnfWOqxeZdQ+ZXp08czzKdKP8M/mz/aQ/wCCQv8AwUf1jVPI8K/DmXiH/njLXkfhf/gjb/wVH0G7kvvFPwiubm3iXzPJhm/+1V/Vh/wmH2OXyPIq5Z+KhdxfaP3vl12f2nOrGw1hadz+d/wH+yL+3PN8JJLex+FepaJqlrD+5h8mWvVP+Cb/AMK/2y9B+NNnB+0n4H1K50v/AFc3+hyyRf8AkWKv3Mm16Cby/IsYzT5pNK8v/kDp9PJFePjKrrM09kqaPyc/bq8efFP4e/tYeC7D4O/CSWTw3FN/pnk+Ff8AVf63/plX6P8Aw1tPAEngjSPETeDo7a7u9N8yWJdCiH/tKu1ksvCt/fR3uuaXbCTH7nza0JptK02SMG3/AHf/ACxrGFKql74qcYUz8t/+CpXjXwB4v+L+l2Hhyw02xj861srzzYYrb/W1+b/7bvw48R+O/jVqH7PfwrlitvK8r/T7v/Vf9/a/aD9q3/gj58OP2oPEX/CZjUYrLUP7SivYZpv3v/LXzax9F/4I0eDtCj1DVfFWq2Or6hdQ/wDH3NB+9r0VialKj7h52My2jivjPkP/AIIy3lx8JP2h/CP7OcHiPSNSk0a38zWJrQ+ZLLLLX7J+KbvSpdBvLe+0zzY/J/1Pk1+WH7IH/BKL4j/sc/8ABRy3+MfgnSfN0bWbz/TLsw/6qv1E1nXNUj0eRj5XH+urlxletOidWBw0MJA+R9Y/Zq8AfHK6vPt0EdrH50sf7793Xgc3/BJzwd/wsvVP+WWl/wDLH99+9r74vPgD4c1KL/hI7GeX7ZRD4Vn037PBfT+dH/y2/wCmtfK+3rRrWmfRRp06lL3JH51/tCf8E/dD+HvhL7d8HYNSudQ/55XcPmVJ+zT8E9U03wHcar8U/A/+kReb/wAudfph/Y/hXR/Lvv7Kqnrtn4O8VafJZf2JFF5v+ursqV4RpGuHq1aWh+N/xT+HtjN4ouP7K0qX7P53+p8mtDQYfhzo3w+1CDx/4H+xSSw/uZpYfLr9JJv2Svg7rGqXE32GKO4i/wCm1fMf/BTLwT8MvB/wH1iDSjHFrFhZyyQ/vq9HLadzzsdiG6Z+jHxg8N2PjDwbqGlarb/abfyf9TX5r/sx+PP2tvgD+0Z4w8Kz+DrmPwP9jlk0f7JZ/wDLWWWWv1Am1j7GPIn/ANXUVrD4YmWSZbKLy/8AnlXdVOY+SP8AhfPxb8YfD641XxXod95fk/6mazryv4A6l8OfidqmueMT8LNX03VNGvP+Pu702WLza/QDV9N8OalF9hvtKils/wDnjFDWHeaD8ObzS5NC0rw5FbRy/u/3NYmkalY+K/GH7Y/we+CcFxceK572L/ln+6hr6b/Yc+I/g/4hfDm71/w3cfaPt0/mxQy/601yniv/AIJpfA/4nap5/jGDzY/9Z5PnV1H7OvwN8Afs9/EaTw54Vg8qP7H+5hp0qf74D3CCH+2IpPPh8uP/AJ5Vj6j48sYNQg8OCCX97+7/ANTXQTfvpf38FZ+peFdDvP38H+srvuc5n6l428HeG5Y4NV1WO2qxD4q8K6xF/wASPVYpJP8AplXJ+K/gb4c8VarHq2rat/qv+m1Yd5qXwq+Ht/8A2VY6rLFcf9dqVOj7V+6ZVaqonnX/AAUL8fTX3w0t/Auj6Vc/bDr2ly/6n/WxebFX0x4DnabwdpU83/PnF/6Kryj4ta98OdZl0uDVoI7m486KSGavVLO8/wCJLZ/YYP3dd9Sny0rHNQxMFzyNSQkyZM37ug+dNFJbE/8AbWuV+IHi/SPhv4M1Dx5q0P7uwg82avyt+KP/AAdi/s/fDzWdT8OWPw3kvLnT7iW3G2b/AFpjqaWGq1Qp41s/SDUv2rvh1oHxa1T4PeI7/wCw6hYaP9thlu/3cUv/AFyr81/AX/BxD8RvFX7bF5+y9438DWPh/T7bWJbb+0Jf+eXm18h/GL/gqxqH/BQbW/FH7QOgafH4avfC+gyyWcMX/LXyoq/M27/aZ8Ya58Vrj44+LNQ87VJbzzJvKWvXw2Co0l+8OKeIxVWXun6X/t9/8HLv7ZXwT/ar8QeB/gfrttJo2jXvlZu4f9bX7R/slftOTftgf8EztP8Aj94jmjlvNZ8E3VzqX2T/AJ6+VLX8cvxa8bn4i+MZ/Fdyf3l3N+9r+o7/AINrfidP+0H/AMEsI/Dt/BbRfYPN0nyYf+uVcuL9iqtoHsYen+5PwE/YP+BVx+0f/wAFXNN8DWeqvZW83xHurqWbzvL4iuzJiv6s/hz+w78P/hD8Y/Ef7QHg68lk8SeI7OKyvLu8m8z91F5vlf8Ao2v51fgp8JtM/ZN/4OIY/hno05t7ew8YyySkzf63zLrzcV/UdqmsWNncxm8g8yOWHzK48TU9wuB5/wDEjwF8YPFnw/1TwzB4ltvMurPy4ZYofKr8i/iX/wAGsfxA+N/xP1fx54++OGoxSX80ssP2bUP9VX7UWfi/Spv3EE0v1qx/aU/mxzi+l8uvIpU6XtRU5Kqfn1/wSF/4JIfGr/gmXql5od74+g1rQ7qeWQ+dF5kvNfds3jHxF/bMekz+HP3f/PWuk/tW2uotxlkjNcN8fvjl4d+Bvwy1H4i6gsVyLAfvoq1qYeq9iPaeyOllvPJ1TyILHzY/+W1XLTV4LnzIbe16V+ef7PX/AAcCfA79o/X9U8EeG/DkdteWH2r/AMhV9j/Br9pj4XfEj4e6Zrlv4qtftF1ZxS3cUTf6quZZZWNFjqJ3t5Abz9wLH/trXLeKrTxUfFkZ0q4k+z/uvOrgP2s/+Cg/7Pv7HPgf/hJfHniOKK3lh8yHza8z/YL/AOCrXwr/AOCgSahb/B9Y7mS1+1fvT/0yrkxuClGNz0MPiKJ9bzRT6jbfuLvy/wAKz7Xwze6ddSao0/mZ6RVxc3iH4lw222fRBFbxf67mvjz46f8ABaTQvgT8bZPhj4kg+zRxf8ta+fw061aU4SOxQqpaH6FwLfSfdgNQeKrOeHRriCx/541+Z+vf8HBXhuG6jsfDh+3SS/u/3MMVfQnwr/bA+MXjC10/VdV0PytPv/3s3nQ/8sq9n6pSp4bY5KUa06pseG9N8VaD4y1DNj5lvdVJ8QtCsbywksYPK+0XUNSfE74wWNn4NvNV8Of8fHk18z+Ffjl441ibVL7XL6T91N5cNeTlVOH1s7sTUrVKXs5n55/8FGrPw38Pf2m7P/hHLGSW8tZopP3UNfcn7H/7VHjGzi8P6rrniry7Pzv33nV8P/tUWc+pftD/APCVat+88393Veb4zX3gnRo9KF95UcVfcfVlVo/uz5fEYiGHrH7ueG/2ivhH4qsPIsfEdt9olh/57VsaDruuTW3/ABKvLlt6/BvwT+2N4k8KXceuX3iO5+zxTf8ALGav1s/4J7/tjeB/jZ8OdL0Ox1WOW8l/13nV5fs50maUsamfQF5qWuabp/2+DzIpKsaP4q8RzS/6dP5UddJeHSobWSC+ntv3Vc3MPOl/+M1lCnaXvnTUpnB/tUeL57Pw5p9voeq3P9qed+5hi/5a16ppnn+I/CWlwT2Xm/6H++rzf4nfZ7zxRZ6rfQR/Y7X/AJ7V6xo+sZ0KP+yoI/3sP7mvUr/vaPKZmWfHfg28v/8AhHJ/EdtHcRf6mHzq2Jryxs4vPvp/Nklr8D/+Crn7dX7Q37Pf7aUY+HN9ffY/OtfOhih/6a1+mn7EP7cnhX4q/AfQ774m+I/K1SX/AF3nQ1wewqW5RfWaPtOQ9y1L4r/FiHxXJ4esfDA+wW0uPtlcz8ePjZ/whH7L/jT4jQTy/aNLh8yavRJvHng7/hHPP0PxHbXMksP/ACym/e15H8SPB+h+MP2ZPHFjqv8Ax73X+u/6a0U4S9ryTLxMaXxQPlT/AII8/wDBVDxb+2P4w8WaNrltc/Y9G+3R/wCp/wCeXm195+EPEnhy70aO+vtW/wBIl/5ZTTfva/Lv/g1k8GeErnUPjJE1l5slr4w1O184/wDPL7VKK/VTxV8B/hXeapZ6r/ZUdtcWv7zza4cbhlSre0N8uqL7ZyepfFqDTbXWL7VbGS5t7Cb/AFNpDXF6x+11oepaDcf8I58LNf8AM8n9zL/Zsv8A8ar0TTfDfhyzsNUPn+bbyzf66tjSPDdhpmgx65BPF/Z8vaWuGsp8nNynbUX7083+D+fEejf8JV4jsbm2uJf+WNfmX/wcdeI7/wCG/wAPv7c0nVZLbzfKj8r/AL9V+qF5428OaP4jjg0PVYrnzf8AllFX5P8A/BzVeaH42+EH27SreWS8ivIov/RVe3lMnUgeTmMD9nNY8YeT+4n/AHtH/CU2P2Dp5UlE1n4chi+0Tz+ZJWHo/wDZOvahJ/rK6zp9kzY0HWNW+yyTzwfu6r3nn6nL58EHl1chh+xWvkQf6uqd5r239xB/rK5PafvgqUyx/bF9Zxef5/7yKsfQdNvv+Flx+MZ/9X9j8uo703EN1H58/wDra6SH7dZ+Ebi+/wCWkVK4eyZuf8JJP9qjn8j93Saz46t9N0yS/FtH5cXvXzR8K/2p77xr4p1TwBrkElj5U11HDNNXYalD8QIdBkgt54r23ih/fSw1tSpuqZezscXr37cE83jK48Of2V5UcU1fL/7Znx/n03XrfXND1zy5Jf8AXfvqp/tgfGbwd4DiuJ7ES/2h/wAtq+D/ANpD4teI/Nj8R+I55f7Plr28tpXZ8vjfbVax9ofB/wDbTHjb4jaP4Gvtcjubzzov+W1frD4C1xL3wbYPqJ8t5of3g9K/mi/4J+6lP4q/bNj+I2lT/adLtYYo/N87/lrX9HnwO1KfxV8F9L1Wf/WX+mxSV72Y4WnChBnNgPbQramt490zSvFXwu1zRb+D7Tby2cvnf9Na/jt+OPgnw7rP7Y/xO0rVbcxQ6Y2q3MUKxdZIvMr+yfSNMsdN0YaJBB+7khr+XH/g4E/Zvsf2Rv8AgobeDwrPHbWfjKzllvJfO/56/wD72vNoVPZHu8h8Z/Bn4yaT4F8Aa5pFzqElvLqtnLbDbFmvHdSuDJdv5H3O+K6WLw5pEHxFHhQav9p0iO8/4+ov+WkXrWT4o0yHRNVktICfK/5ZGWvXq4inicPHm92xrQoQpVHOPUow2f2yHyIK/pA/4MxfiBc+IP2OfiZ4MuV/d6N43tfK/wC2trFX839ofIspL0zkSf8ALGv6Dv8AgyZ1HT2+C3xv0gy7bj/hKbC48r1i+zYr5yrud587f8FWtOsfgb/wci+HfGE9t/o+vanp9z5X/XWU1/RPeeJIJtMs9Lgg/wCPqzi/e/8AXWKvxC/4OdP2SvHfw9/bT+F37fukx/adBt9ZsLPU4oj+9iIlj/e1+zPwq8a6V4w8EeG9VsPLlt7rw3ay+d/26xVzV5c9My5Fb3yveQf8I3df6DcVqQePZ5rX7PmOuP8Aipearpus2/8AZU/m28s1dBoM2h/2NHcarB+88moUI+yuc2Hp/vTn9Z+LXiqz1P7DBD5sdeR/8FFfjBpXhX9lXXNV1Wx82T91XvlnoPgeGWTVYDLLJF/yx86vF/29/hNpXxm/Zp1y3sbGSPyv+WMtdFGpSW5nVjUgfmX/AMERtI8AftA+JfEktp4citry61e/t/O+x+X/AMtZa/Ujwl+wv4T8DQCK28R3Nt5f/LKK8r8d/wDghN8Ur74P/tN+IPDl/PFbW9rr11/6Nlr9lPiB8Xry+8V6feaDN9oilvP33k/88vKrbF1dP3Z49OpzYn2Z53+1f/wSjsf2y/AUfg/xJ4q+zWcUPlw/vqzf+CXH/BGzw1/wTjvdQ1Hw34xlvXupZf3Rl8yvrbwHq895o0dxBP8A62ugs/PhikvvPjkrxqtT2v7s+lVOFKBTmmt9VvpND1XVLbj/AJY/6uvi7/goP/wRo8LftjNI3hXxDbaPcS/667i/1tfn5/wVc/4K0ftC/s9/tGXGleHL6SWz/tKK28q0/df8ta/Uj/gmb+0tY/EL9lrw34q8R+I5LnULrzZLz7XN5stZUsq6nTh8xnTPy713/g1a+Jnw98Rx6r4S+MWpatcRTeZD5XlV92fDf4G/tGfAf4X2eh+MdC8y30uz8qabzq+6G+JFhef8eNWNQ8UaDd2v2fVII5P+e0M0Vc8qf/Ls6frrPzfh/bl+B97L/wAK/wBcvvKvP9XN+5rP8beJPg7/AMIvcar4b8VyeXF/rofJir7c8bfsT/s9fGC1uJ77w5HbXF1/rpbSGKOWvnP45f8ABDn4fa78P9U0H4WePtXtry6/5a3epS//AB2jC5fQoy9ohVMZUPzL+M/iTw5428YyT6GPNkirxv4nQzzRfv4K9A+JH7K3xG/Ys/aCk8Aar9u1v7VD/rv9bWhZfCXVvG3i230OfQ7mLzf9d+5r26VX2VE+emvrVf3zyf4e3ljeWlxbz2MsscX/AExr6w/4I6eMPFU3xuksfIuY7eKaWOGvbPgP/wAEzbHWNGjnv9K/0f8A5bfua+pPgD8Af2ZP2Y7W31XVvA0cWoRf67Uf+eteR9Z/ffvC1h/ZVT3g6DBrGlSarPfS+ZF/yxq54b8QTw2vkX1jLXyP8cv+C8H/AATn+Avi248F+MfEEouov3c0NvdRVh+H/wDg48/4Jf61b7H8a3Qj9Jpoq6oYX61sbfWz6E/a61L4g2PheOy8G2Esvmzf8sYa9I+GOsa3ZeA9P/0iSKT7H5k1eD+Ff+Cz3/BP3xXFHs+IHlW8v+pmxFXQfB/9vz9mX48eN7j4ZfDLx/Fc3F35v/Lau36rVpUvfJ+sc1U+X/jNo/7Gfxg/a0j8HeI7H7T4gurOWug8SfsofDn4J/D688cTwatFb2EPmQxRXkte9t/wSP8Ag3J8drP9oCxvvs2p2rB+If8AWnPmV7j42+AOlePPC9x4H1W+tpLe6h8ub9zWU7UzN4bqfnP+w38cvAHjz+2NVg1zW5Ljzv3MV35vlV9T32uatP8Asq+P44Lm2k8yAiEed/qovKlrp/hl/wAEv/gD8Nftn2LSWi+1f8+knl12tp+yN8MfDnw41j4W+E5TZWevf8fgmm8ymvYoMPSrfbP53P8Aglb/AMFdfCn/AATZ+LfxM8O+JbS5vrXWdfv7keV/z2kll/8ArV9qeG/+Dtz4A6lqH/CL654AvvMuv3fneTLJX2H8CP8AggD+wX8NtZ1Txj4p+H1tq+sX97LIZpq9N8E/8Ei/2A/Aesya5pXwW02S4l/57WcUn/tKueph6VWr7520va0j530H/gqL8K/i1+z7qnjj4ZQyeZaw+ZND5MtfLf7J3/BdDxz+0NrOn/s/+I/h/q2myHWJbfzv7Nuv9V5tfsNoX7KX7OWgabJpWh/DDSrWCX/XRQ2kaebVA/sx/smeCbqLVV+Enh7TZIv3kV3FZxR1FalQtYpOscBZ/si/2lLb+I9D8Y3NtJL+8rb+In7AHwH+NVpp9j8XNBt9Xt7CWOXyv+ekteu2eveFdYsI4PDp82P/AKY1Ys7P7HFHx5n76tcNT9j/AAxVNjxPw3rF9qWvSWMH+r87y67D+wTo9r5+a5v4SzQGw8i3g/eRf8ta2NY1i+8qSC+uP9VXle1ket7KiSf2xqs0vkef+771j6x4k/sfWY4P3XmVl6x42g02L9x+9kry/wAeeNtcvNUj/sOCSSSWb99WUKjD92eseMPHkEIt54IPNkrpPCvjY6xpcgng8qP/AJbVwejeFf7O0WPxVqvmf9tq6zWbOebwvHPoc/lXEtdOHw7uc1U+O/8AgopD8XIfEen2PwI0P7NcXV5a+dLDZ/8ALL915tR/EP4Y/tiTfCqM/DK+j+2RQ/vodQvPKr7Ah8SQeFpft3iPw5HqVx5P+t+x1l69r3ivxhF53hW3+zf9sa7zmPgf9mn4P+I/id43k8OftQ6Vpv2jzvL/AHU0XlVyf/BYb9iH4SeFfgNJqvhbxlpFteSzRRw2n9pRV92f8M02/jzxvZ+Ip77yriwm/ffvv9bXy/8A8FAv+CJ/iT9sbxTb3Gq/EaTTdPi/543ksdephavsjhqUrnxN/wAE2P2D/il8ObbT/FHguex1LS7rUpZLy7h1LzK/a39nvXfFNnaaPod9/o1na/u/Kryf9jn9gPSv2Lfg3Z/Dnwp44+0/ZfN/103mV1lnD8Rv7Zjn/tX/AEeKu7E5l7Wj7M4I4N063tD6gstY8OTSx+RcfvJa/IT/AILr/wDBDn9ob/gol+0PpfxA+FXiOxtrO1t44pvtc3rX6N2er65ZeXfQT/vK6TR/G3jC9T9/qvl/8tK82nV9meifjJ4f/wCDVfQPBPw8uG8bXMd/rMVjLJ50V5/y1r4n+Cf/AAbj/tufGP8AaNf4eeJfCNzpHhz7ZLv12Y5/dV/UnpvxAsBaSS3vmSXAH+trL07x5rl7dZggij/6a/8APWun63dWmFOnyv4z8BfiD/wZv/tKyX3/ABbP406R5H/PPVxn/wBFV9lf8G9X/BJv9uP/AIJbePPiPD8ZF0i48P8AiKGKOzi0+4837TLF/wAtfav1Mh8Va5DF58/Wuf8AHn7RXgfwH4R1DxV4x1WOxjsP9d++rn53Wf7s3cvZI8v/AOCgR+AF78Ff+Mw7G2i0P7ZF50X+s/5a10nwr8S/CvxJ8OdLvvhJcS3Ph+Kz/wBD8n/plFXjf7Zl58Fv2zP2MvFGq6tY317p/k+ZD5M3leb5VfNX/BCP9qmw1v8AZj1D4fadLIZNG1/WLP8A0yb/AJZCaWMVjVwVaxn7Skz75PjDSvEcskEFjJF5X+p86qc81/5p/wBHlqv4b8YeHJrCPE8UlxFW5efEnSzacweVXHh/bU37MXsyn/wlU+j/ALiCwqn8ZtY1XxJ8DPEGlQWPlSS2f7nyoa2LPTdE8Sxf2r+8/wCu1akOpWGj/wCg33+k28v/ADxrpH7I/CP/AIJ+/smfHfQf2w/EF94r0K++x3WpSyQzQ6bL/wA9Za/Yzw38Jdc0HS7fVfIlr1DTf+Ec8KmS+0Pw5bR+b/0xrQ0fxt/wkdhJb6VPH5cX/LKssRibHD9R/fe0OT8N69rln5djPP5Uf/XGug1n4kaF4P0GSC/+0+Zdf8toqsaP4V/ti68/XK3Nf8CaHeaBJfTweb9lh/c1yq9SpzHr/wDLk/Pf4if8EbvhH+1l8Wrj4jeMRLLbywyyeVLN5f72vdP2Y/8Agnv/AMM66f8AYND1z/iX2sP7mHzqju/2nNV8E/tBR+Bz5dtof9m3Us0v/TWKKtTxh/wUI/Zz8BxRz6544tov+us1elTrVI0/dPNjT5Kx7p4J0HStSH26+n8uSL/tnXN69eeT8UZLG+n/AND8muL8N/tIfDL4heErfx/4c1WL+z5f+WsNed6x+3J8JPiRr154G8D31te6xawy/wCif8ta8mpTqxqnr+zpexPqiz1jwro8sc8+uWPmS/6n/TK1D4qazik1UGSWzi/11fE/wT+BvxU+M/j648ZeI4L7SP7Lm8yG0+2S+VLX0hrOs+KvCvw0uPDk/wC8kih8utKcDKnTPnP9p3xx8I5virJrd/4Htr24ih/c/uYq8P8ABP7TnhzTfiNcar43+DttZaf/AMsZf7Hrx/xV8Pf2mvEn7Uv24i9k0f7ZLJ/qZa90+IXwxvtY0a4gn0O58yWH/llZ1NbFezpno4PDYSx7Jo//AAUU/ZXmtf7Jg8VW2myRf8sf3Vdgfip8Hfido3/FHa5ba35sNfkP48/4Jg/GLx543k1zSv8AhJLa3lm8z915sVfoJ/wTf/Z8ufhV4X/4RXxx9t8zyf8AXXdTSjGt+8OerTolf4nf8E8f2QvjBf3HiP4j+AIvtkv/ADxs6/Pv9uT/AII2/Bbwr9s1vwdfSWVvF+8hhh/dV+2mpeFfA9no1xOJ4pZPJl/11fmf+3h8R/tni248HQX0f2OWHy6+gyup/cPm8bH2bvTPyA0f4VWnjj4jf8KU8HeI/EkuoRf6n7J5stfqT/wbr/8ABPz4qfAv9pnUPFvxU0zWW0/yJBDJfQSxdq4X/gnj+zdY/B79qGP4t2Jtpbi6m8v/AEuHzK/az4veJ/iNY/Cq31X4bWFlFqHkxS+baad5ddeNqIjA1fas9wmvBHD58E/+j+T5dZ8P2f8A4+ftNeX/ALPfjbxxr3hWO48cQeXJ+986Kus1jWPJl3WNfO1Kp7x1H2yf7VGYv3sf/LavFv2q/wBp34P/AAC8d+H/APhYXiL7Kbom2hh/56ySmLFek+G9evppfInr43/4Kof8E0/H/wC2R4o8N+KvDniP7DJo2pRXsP77/nl5VFT94ZVKlU+6NAvdK1TRrPxHBP5lvdQxSQ0ax9u86M6VP/12rxPTfjN/wof4faP4b1yb7TcaXpsUc3/bKKsPwp/wUh+GXjzWZPCtjPHFeVn7Ssa0j6Ih14zfuL+4jjkrzf8AaK8KeI/G2g3GlaHfyyxyw1c0G8/4SSw/tXzqsDUtWhi+zw1jua/wjm/2dfDeufD3QbfStcvvM8qHy5vOr1iC9sLz/j3uK8/h03XLy788Dy66TTZp7K18jyP3neu6lTOYx/Cvg8aba+fY1yfxU0fVTL5FjXUTaxcXl1+5n/d/9Mqkm17Qmmjgng/eVxeyO72hx/g/4VT6lYefqg8qSX/nrXQaD8GfCugy/b4IIpLiugmlt9Y8v7DPVCbUvscv2eCtVhjKrVML4habfaloNxYTz20Xlf6mGpPAZ1WHw5HY+KriP90K1NY/sOaKP7dWPqXhaDUrXz7fXYo/+eNdRkWNS8S2OmxZFj9pqnoPxIgvJfs8HhW5so/+etWPB3g+D7LINVniqn4k03UJpZNJ0rVYoqulTpGdTYuedocN/wDbtJmi+2S/67yak1L+3dYsPIvp5fL/AOWNeZ/DHwTrnhvxlcX+u659pj86vTPEmveTa+RB/q6YqWxzcH7mXyL797HVO8s4PtX+g/6urk3kTRefWX9s8kyZpfxRmhD5/wDqPPqn8Qvio3w+tP37RVh/2lP9v/fz18x/8FMvHniPQfBtvfaHffvJZovJhirppHDUq/uj6w0H4m+dYfbv+Wctall42g8rz7evkf4M/FrVbz4c6XBfT/vK+hPAbQXlh+/n/wCWNdvsqJxU6lV1T1TR/iFfal/oBrwf9sD9nub422v/AAit9cS/Z7r/AF1dpeeI4NCl/cT+VJWf4k+J19Pa/v5/+2tZwthqvuHTUq+1pchqaP8AA3Q/B/7MmqfCvQ4PNt/7Bl/13/XKvyD/AOCZuvT/AAZ+LXxA+DulX3+kRaxdXv7n/prdS1+xngPxhPr3w+1Cw1W+i8yWzuo4f+/VfiX8CNBvvg/+3r8QPFXnyyRy3nlwzf8AbWX/AOO1p7T2xlyP2R+kHw9+Js2j6pbza7P5Un/Lbzpq940Hxt4c8VGOAzxV+cfxD+J2q+NvEdn9gvpIv+Wf7qvdPhJpviPw3Fb3w1vzKzqUgpYk/QTwT/Yf9l+ROf3dbEXhvw3eS/6DBHXjfwl8ST3mlxwTz/vK9Y8N/uZuJ68z2Z6VKp7U6Sz8B6V5Unnz/wDLGsPw34V8OaDqkkFjP/rf9dVibUpvtXkefWfeeG768lknsb3/AFtZ+zOnnOgvJtKhl/4/qkh1mxvLCSwsb7y/3Ned6D4b8SQ+I5Pt19/o9doNHsLP/Xz0/ZAfP/jb9jTVfidrOoT6rrlzJHLZ3Xk/9tYq+V7z/g370rx5f3Gq+OfGOtyeV+8hi/tiXyq/TSGHyf3+lX1V4Ly+nmkgnn/d0vaB7I+G/gD/AMEu/id8K9B1DwdP441K50v/AFVnD53+qrL+CX/BDa/+FfxyuPjvY+Mb6K4uv9dDLqVffH2OfTZfP+3VJe+JGmi/cX1Z+0uB5f8ACX4S+P8A4b+KLi+1zx/pv2eX/l0r1jUrPQ5tL/cS21zJLDXj/wATvhXrnxH12P7Drn2aP/ltXYaP4VsfB/hezsft3myRfu/O86j2YFzwT4J8OabHINc0q2luP3v73yaNZ8H+HDefaLGC2k8r/pjWhZzQXlr5AuP3lDaDBaS5xWXslWC/siPQvPvJf7CuNJto4/8AljL9jr5P/wCCinxsn/Zqm0ueC9tv9Km/feTX1x9sg+0+R59fln/wX+sp9X0vT7jStWkik87y4fJmruwtJUjixtX9yZfiz/gpB4Hs7CSC+8VfvJf+m1fI/wAePjZ4c+KnjP7RpV9FLHXynN4knvPFH/CKar9pk8r93XUeMNH/AOEH0yO+0qf7NJ/1xr26M6J4H79n0B4P+Ps/w3+I/hvSv7V/4+rzy6/ej4DeNp/Ev7Puj6tfXHmebZ1/N3+zr4Pn+MHjzQ9V1yeWW4sLzzLP9zX9Cn7Oumw6b8DPD9hPP/yx8uuXH/AejlNM6zTdY1y8upIP9XHViHU5obvmrE3kaP8A6iDzI6jhmsZov3EH7yvAp1D2zQh8baVD+4ng8upLzXp/Enl/Ydcli8quTm0GfUtU/fz1uWWg6Vps0f7/AMviuszI7z4b+FPHnmQamYopJYf+W1cHZfsi/DLwf4y/taxsYvM/57Qw165NpthDF9osbjzap6n5E0X7j/WVmaFjTYdK0Gw8jSp4v9T/AKqqdnqX2P8Afz1x815fWesyZn/d1c1jxJYzaN5H/LSp9mHtTpNS8dW9mP3FaGjeKv7Si88eVXl+m6xod5+/uJ//ACNWHefGDQ9N1mTQ7HVY45P+eMtdPsjnP//Z'}}]}], 'model': 'qwen3-vl:8b'}}
2026-06-26 15:28:41,392 [DEBUG] ThreadPoolExecutor-0_3: Sending HTTP Request: POST http://localhost:1234/v1/chat/completions
2026-06-26 15:28:41,423 [DEBUG] ThreadPoolExecutor-0_3: send_request_headers.started request=<Request [b'POST']>
2026-06-26 15:28:41,485 [DEBUG] ThreadPoolExecutor-0_3: send_request_headers.complete
2026-06-26 15:28:41,499 [DEBUG] ThreadPoolExecutor-0_3: send_request_body.started request=<Request [b'POST']>
2026-06-26 15:28:41,547 [DEBUG] ThreadPoolExecutor-0_3: send_request_body.complete
2026-06-26 15:28:41,562 [DEBUG] ThreadPoolExecutor-0_3: receive_response_headers.started request=<Request [b'POST']>
2026-06-26 15:28:43,855 [DEBUG] ThreadPoolExecutor-0_1: receive_response_headers.complete return_value=(b'HTTP/1.1', 200, b'OK', [(b'X-Powered-By', b'Express'), (b'Content-Type', b'application/json; charset=utf-8'), (b'Content-Length', b'1512'), (b'ETag', b'W/"5e8-yFROCwf2rOSJKjlhfjLjUIwIJQA"'), (b'Date', b'Fri, 26 Jun 2026 12:28:43 GMT'), (b'Connection', b'keep-alive'), (b'Keep-Alive', b'timeout=5')])
2026-06-26 15:28:43,855 [INFO] ThreadPoolExecutor-0_1: HTTP Request: POST http://localhost:1234/v1/chat/completions "HTTP/1.1 200 OK"
2026-06-26 15:28:43,870 [DEBUG] ThreadPoolExecutor-0_1: receive_response_body.started request=<Request [b'POST']>
2026-06-26 15:28:43,886 [DEBUG] ThreadPoolExecutor-0_1: receive_response_body.complete
2026-06-26 15:28:43,901 [DEBUG] ThreadPoolExecutor-0_1: response_closed.started
2026-06-26 15:28:43,916 [DEBUG] ThreadPoolExecutor-0_1: response_closed.complete
2026-06-26 15:28:43,947 [DEBUG] ThreadPoolExecutor-0_1: HTTP Response: POST http://localhost:1234/v1/chat/completions "200 OK" Headers({'x-powered-by': 'Express', 'content-type': 'application/json; charset=utf-8', 'content-length': '1512', 'etag': 'W/"5e8-yFROCwf2rOSJKjlhfjLjUIwIJQA"', 'date': 'Fri, 26 Jun 2026 12:28:43 GMT', 'connection': 'keep-alive', 'keep-alive': 'timeout=5'})
2026-06-26 15:28:43,962 [DEBUG] ThreadPoolExecutor-0_1: request_id: None
2026-06-26 15:28:43,978 [DEBUG] ThreadPoolExecutor-0_1: Raw LM Studio response received for F:\kuvat\test\86e5dca50bea4da1ab6e2a00027c2c37.jpg
2026-06-26 15:28:44,242 [INFO] ThreadPoolExecutor-0_1: Successfully tagged 86e5dca50bea4da1ab6e2a00027c2c37.jpg with ['Artwork', 'Psychedelic', 'Trippy', 'Neon', 'Multi-eyed', 'Abstract', 'Digital art', 'Surreal', 'Colorful', 'Fractal']
2026-06-26 15:28:44,257 [INFO] ThreadPoolExecutor-0_1: Processing a4b3b522992a4c3cbd983cbd2cfe1641.jpg
2026-06-26 15:28:44,350 [DEBUG] ThreadPoolExecutor-0_1: tag: Software (305) - type: string (2) - value: b'\x00'
2026-06-26 15:28:44,366 [DEBUG] ThreadPoolExecutor-0_1: tag: unknown (40094) - type: byte (1)
2026-06-26 15:28:44,381 [DEBUG] ThreadPoolExecutor-0_1: tag: ExifIFD (34665) - type: long (4) - value: b'\x00\x00\x002'
2026-06-26 15:28:44,535 [DEBUG] ThreadPoolExecutor-0_1: Requesting tags from LM Studio (qwen3-vl:8b) for F:\kuvat\test\a4b3b522992a4c3cbd983cbd2cfe1641.jpg
2026-06-26 15:28:44,630 [DEBUG] ThreadPoolExecutor-0_1: Request options: {'method': 'post', 'url': '/chat/completions', 'files': None, 'idempotency_key': 'stainless-python-retry-e6d0109f-4afe-4804-9814-30bc98635c41', 'security': {'bearer_auth': True}, 'content': None, 'json_data': {'messages': [{'role': 'user', 'content': [{'type': 'text', 'text': "Analyze this image, which could be an internet meme, screenshot, artwork, or photograph. Extract 6 to 12 highly relevant keywords. 1. Always include the image type as the first tag (e.g., 'Meme', 'Screenshot', 'Artwork', 'Photo'). 2. If it is a meme, identify the meme template/format, the main subjects, the core vibe/emotion, and 1-3 key words from the text. 3. If it is a screenshot, summarize the main topic or software shown. 4. All tags must be strictly in English. Do not use any other languages or alphabets. Return ONLY the comma-separated list of tags. No introductory text, bullet points, or quotes."}, {'type': 'image_url', 'image_url': {'url': 'data:image/jpeg;base64,/9j/4AAQSkZJRgABAQAAAQABAAD/4QBIRXhpZgAATU0AKgAAAAgAAwExAAIAAAABAAAAAJyeAAEAAAAAAAAAAIdpAAQAAAABAAAAMgAAAAAAAZKGAAcAAAAAAAAAAP/bAEMAAgEBAQEBAgEBAQICAgICBAMCAgICBQQEAwQGBQYGBgUGBgYHCQgGBwkHBgYICwgJCgoKCgoGCAsMCwoMCQoKCv/bAEMBAgICAgICBQMDBQoHBgcKCgoKCgoKCgoKCgoKCgoKCgoKCgoKCgoKCgoKCgoKCgoKCgoKCgoKCgoKCgoKCgoKCv/AABEIAaABoAMBIgACEQEDEQH/xAAfAAABBQEBAQEBAQAAAAAAAAAAAQIDBAUGBwgJCgv/xAC1EAACAQMDAgQDBQUEBAAAAX0BAgMABBEFEiExQQYTUWEHInEUMoGRoQgjQrHBFVLR8CQzYnKCCQoWFxgZGiUmJygpKjQ1Njc4OTpDREVGR0hJSlNUVVZXWFlaY2RlZmdoaWpzdHV2d3h5eoOEhYaHiImKkpOUlZaXmJmaoqOkpaanqKmqsrO0tba3uLm6wsPExcbHyMnK0tPU1dbX2Nna4eLj5OXm5+jp6vHy8/T19vf4+fr/xAAfAQADAQEBAQEBAQEBAAAAAAAAAQIDBAUGBwgJCgv/xAC1EQACAQIEBAMEBwUEBAABAncAAQIDEQQFITEGEkFRB2FxEyIygQgUQpGhscEJIzNS8BVictEKFiQ04SXxFxgZGiYnKCkqNTY3ODk6Q0RFRkdISUpTVFVWV1hZWmNkZWZnaGlqc3R1dnd4eXqCg4SFhoeIiYqSk5SVlpeYmZqio6Slpqeoqaqys7S1tre4ubrCw8TFxsfIycrS09TV1tfY2dri4+Tl5ufo6ery8/T19vf4+fr/2gAMAwEAAhEDEQA/APcPh74P+HMOlyaHpXiSWK8uv9dN51V/FX7Ivg7xJYRz6V4xlubiX/l0+2Rfva4/4M+MPAHlZvoJP7Qta0LzxVfeA9ek1axnlvtLlm8yGavhadStVZ/VGd4lZer05fEc/wDEL9m/9oXwf/o+ia5qXlxQ/wChxfvaz/hd8aP2g/hJfyXniGPUjHF+7vJZpq+hPhj+2xPe3FvodzcW0sf/ADxu4fMir3CXwr8HfjloH26x0uxtryWH/UxQ/upa9GjUp/aPlXxNKNH2U4nxt8Tf2z/jBbRbLvWbgW8v/PEV86ePP2kPGU9/eeRq32mOX/Xfvq+vP2kf2Xb7wfpdxDAPtOl+T+5l8n97FX5x/GDwrqug61cX3nyx3EU376ula7Hx2YZpUqw/dsk8YfHLVodUj1zMvlxTfvqw9S+PF9qUskE//bavN/GGsX1l/wAfH723/wBXXN3uvXn7z7P/AM8fLrQ+S+vVrntGj/GzVbO1uPDs8/meV+8mrsPhv8SNchl+0QXkVzZy/u5vOr5T/t6+huvt0E/+thrtPAfirVrOWOAT+bHdf88a29mdNLGM+yLP4k/bPLntzJbSWH7zyYf3nlf/AGqvVPB/7SOqw2H9hz30clv5P7n99+6uov8AplXy34D16fUrX/Trr7Ncf8sbvzv8+V/6Kr0jwdeH95b31lJbXHneZNp3/PKX/n6i/wDjVY/uTolVrX9ofQHgP4z6roOq/YPPiubO6/56/wDoqWtzxt8MfB3jywk1yeDy/wDnjN/y1ta+ZxrHiOz1r7dpV/8AZry1/wC/Uv8A2yr1Dw38ctVn06P9x5ckX+uh/wCeX/2qqqexPSweb1sJV54nF+Np9V+BmsyafP8A6To9/D5c3/TKKvn/APac+Hvk6XJrlhB/o9/+8hu4a+mPiF42sPiRLJpXk232fyf9M06b/wBGxV5H4l0iDWPBFx4VsfMkt4v9TFN/rYq8ytT9lW9pTP0fC55DOctnh5/GfCfiTWNVs7+SCYRVY0fUr7R4vtGIpLeX/njXQfE74ez6PdXEE8H/AFxrz+aa+s4vIg/5ZV6tKr7aJ+S5hl1bD4hxkdZ/wsKeGWPJ82us034p30MUfkQf9+q8jhnn1KXyPI/0iL/yLXWfD2zmvL+OD95HHdTeX53/AE1roueXGlWuekTDVPF5uP3H+kfupKx4fCuq6lqn2C/0qTzP+uNfUHwT/Zp/tPRrOC+sv9I8mL99X058Df2FfCupX8nivxVPHbRxQ/8ALWuSrjvYfvJHu5bklbH1vZo+c/2Y/wBkU+Mbqz1XxGfKs7WH9950Ne2eNvid8JPgDLHpPhX7N9ssJvMhmi/5ZS1uftZ/GDwD8DNBt/B3w5vraT7V5sc3k/8ALKWvhPxtr1h4w8TyX+qzySSS/wDLXzq+cxWLxGYSP2LJ8oy/hjC+0n8cj6U1n9rvVbPxbH5F95lvFN5n7n/lrXpFn8f/APhNrWMf8JHJ5cv+p/ff6qvh+HyIbqMi+8yz/wCWP/TKu48B2c81/JpP2793/wCivK/exV0UsM1E4anFNF4mx94Dxt4c8YfCqOC+njiuLD/ltF/y1r5v/aQ1jVbPTJLefy5ZP+WMtcH4P+MGq+GopLCe+/d3/wDroZq5/wCNvxa/tKwjgA82P/njLUYb23tiM4zajPB/uzw/4haxq3nSf6qSOX/ljXk+sa9/xNOf9XXUfEjxTPeX8n2H91XmepXk80skH/LSvpaHwn4rmVX2tY6yHxVBD/o8H+srD1iaf7VJ9h/1n/LaqemwzzSx+QK6iz8Kz3lrJPB/rKqpU9kZ4HDPFMw9Bs7+YSeefLr1DwH4avtOlj/0GK5t5YfM8qKs/TPBMAtY5/8Apj++hrsNB+3wy2/9lT+b5X/TauGpiT6jAZJW9sdx8Pf3Osx/8so4v3le0TfELStH0aP7Dofm28v/AC186vP/AIbzQaxLJpWuaVFbSeT5cOow12mpeCdVs9GknuIP9I879z5P+qlrzalQ++wGXVqKPN/Ffjz7HrNxBoZ823uof30PnV1HwZ8Nwa9r0k8E8ssksP7n/wCNV52fBOu6j4ykE8EsUf8ArJpoq+hPg/4PsfClhHPcCKWT/WTUUzlxz9lU985f4nTT3lhJY+R9mktf9dD51eP6lo/k6z9ugvv9bXoHx+8Y382vfbrHypf+Wc3lV5nN4kmmv/8AQYP9bXr0qn7k/Pc0mvb3PePgno+q6xf2+lwWMfmRf6mXzvKr3zR9BsfhxayaD4x0qTUtHuv3n+u/49Za+c/2eviF4j8E38d9PPH/AK7/AFP/AD1ir6Eh+P3hzxJYf2VD4ctpfN/5YzXnlV5WN2PuuD8+jgZWOH+M0OueCdUt/GWhiW90e6m8yHUP+eVeifBn9rSx+weRrcH7yKH/AI+5pq4uzOh+Gvtl9P8AEb+yLO/m8v8As67h+3Wstcv8QvCulaPa2+q+I76K2s7r95Z6h4Y/0m2uv+2X/LKvCq4j2Pvn7Zh8dRzD2bOv8dfHW81bULjTfh1rItre5m/0uvGNZ8Nz+JPiD/bnhy9l+0Ws0Ud5DXF+ING8VeJPiD/xQ4vrbT/+fv8A1VfUnwN+A+laP4St9cvraS5vJYf9bLD+6/6ay/8ATWuXDVJV3c+xhjcNhqGkztPg9o/gfwrrNvY+I9c+23H/AD6Rf8sq900z4AeDvGBkg0rw5L5kv+plirzf4S/BPw5rGsafq3hax/dy/wCu1C7m/e+bX3J8MdB0Pw34Y+xW89tbSf8ALaXzv3texhqaT9oflfF/EdFP9zL3j87/AItfsl+HPDV/ef25Y3MslrN/rYf+WtfO+pfsfwa9r39q38Fz9nlm/fTXdfqJ8f8AUvA2g+ZfWOuRfuv9dD+6r5f8Y/FPXPiFFJ4c0PStNk0//njN+6rvdbk98+Eo1amO1qHgfg/9m/8A4V7qkeu+Ftck/wCeflRQ/wDLKvWPBP7E+h+NrC41yCxl8yKHzJoZv+WtdZ8Gfhvfab4jt59V13TbaOKb/kH/ALqX/wBpV75/YPirR9Lkvvh/pX2m3l/10P2yrVWlW3PQ9vHB0v3dQ+A/jNDD4U8Uf254dgltpLX/AI/IaPDfxbg1jVP+Ec1XVZYrfVIfM027/wCfW6r7A1j9nv4c/tL/AA+jvvCoittYih8ubzq+L/jN+zp45+Ed/ceHNcsZI7i1m/0OaauGlSrUav7w685oUMxp3pz9/wDlNjxhN4j0GWPVYJ47G487y4bv/ll5v/PKWvUPgn+3Lf6BDbwapoVzY6pa/u9Sh/1UVr/01/7a14XqfxU1U+G7PXNW0qOO4l8q21j7XD5ttdf9sqp6bqUGvfuPDsEsd5Yf8wmabzJZbX/plL/y9/8Ao3/v1Xd+6qH51UwGKoVJKofph4O/au8D/GzwbJ4V137D5kv+u/8AjtfFf7bH7OtxZ61qF94On8y3ih8yGX/nrXlfg/4nT+DtZt76382K3l/5Zf8APKvpzwH8QdD+M/hKPQ76+j8yL93+9mrSnU9l/DPKrZdWiuaJ+d/xC8Bz/wBl+fPY/wDTOGKvK7zwrP8A8uMMv/bWv0o+LX7N+haxayW9l+7k87zP9TXz/r37NM8Usk8EH7z/AJbeVDWv1o836lE+Q4fBOufbv3MEskkX7yvUPAfgO9vLWOe+sf3kX7yGvdPBPwB/s27+0X0H+tm/79V3Gs/DHVdNsPPPhy2uY4v+W0UPlyy0VMSetl+V8x4/o3kaPaxzT/vLf/ltD5P+qrrLTWbiH7PPpM/m2/8Aq/Nh/wCWVcn4qm+xXVxbz6fJFJ/yxm/561h+FfEl/p11J9hn/wBbN5k1pL/y1iop+xOfG4b2Nax6R4q1K+hh8g3Hl3nk/wDEtl/56/8ATKsf/hbV9eQx/Z54rbUPJ/ff88rqL/nrFXP694kgh8yxvvNk0e6/eeT53721l/56xVw/ivXoJrqSwmn8qT/WebD/AMtZf+etdNI4amHPTJviP/pUfnz+XcWv+utP+WsVdh4J8SWN7qkeuQXFtJ5P+u/ff62L/nrXy3rGvarLdR31vP5kkX7uaGb/AJa16h+zfrEGseI9Pgn/AHfmzfZpov8AnlLWWJ/gnu5C5QxcDsPjx8EtK1+G8nsTH5ksPmWflV8v+JPg/qs8v7jSv9I/9G194eMPCsHgPxR/YfiqDy7O/h/cyy/8sq4fWPhVpc9/J9hvYopPO8yaGvOw1T2R9dmuUc79p/MfKfgP4J/2x+/vtKufMi/10NfSn7On7K/hzxhqlv5+hyXNvLNFHNN5P+qr2z4Y/D3wbr+l288+lR21xa/667tP9bL/ANNa+nP2UfhL4cs/G8d9bw/vJYfLmh8n/W1pUxLZ8jWy32B2nwC/Y/0PTPCFub+3ljt7WH/ltXzn+3f+0ZZfD2S48H/DrXPKji/dzS1+ql/4A+0/CJtNs7Ty5BZ8CKvyP/bq/Zjns7XVNc8iTzPO/fVz4mPt+SB9Pwzj8LhsNUqfbgfnP8ZvjZ4j1i/knF9LL5V5XBzfFTVZr+Of/Vx0fFrQdc0HWbi3ngl/11cH508J8+Af9M5q9bC4KlTpHzGd8RYrF1buep6pZ/EKeG6j/f16x8Hvi3PrH2ewEH/E00a8/wDAq1r5v0e8vtY8uw/5eIq94/ZX8Ba54l8b6G1jYyfaP9X/AKmtKlI8DD4mtVrHcfEiz1SHRrjVoIJfMtZpf+/VeL+MPG+qaxYf8ta/Uj4kfsK6tq/wM0/xxYaTL5l/o/8Apn7n/lr5Vfn/APGD9nu/8N61eWNjYSRfZa4cNJe2PpMS6lbCfuz5r1mG+nv5PJEknm/66pNN8KXF7/y4y17RoXwZvppZL6fSpPM/1dWNS8FQeG/+JVBBH5kX+u/6ZV3VMSfO08t+3UPC/wCzPseoRjyP3kVeofCvUtV0fWbeexsY5fN/5Zf89a5/WNI8nWZJ/I/1tbng+G+83yP9VH/7VrKr++PRwnscLWO88SaP4O1KKS+sb77DqEX+utJof3UtWPhX8K9V8Vap52hzR30f/Lbyv+WVHhvw3/wleqfYZ/8AWS+V5NfSnwH/AGab6HWbfxHofm21x+686GGvJq03Spn3uV5pg4/GdJ+y9+yLPrGqf2rq0H+q/wBdDLDXvHxg/ZF8HeFfC/8AwkcOuXP2OL/ljDN/qq9M0fxVpPw30aSx1WxsrK88nzPJm/d+bXzP+07+0trn2G8g8OX0Uml3U376H/llXPS9tf3z1IZlGVbnh8B4n4k1LQ9N1mS+8j93FN5fnVl/E7Xv+KX+3ef/AKr/AI87u0rz/wAYfEK+nvrgX1jHbRy/6maGuH17x5fXlhJ5E/7v/nlXZR9qeHxBjcPVpLkJNe16DxV5kF9PJ5n/AD2hrk4YYIb+TyP9ZF/y2q5N4jnvYY7HSfKi83/Xfua1PDfhWeHy4BB5vm169I/M6sXia/KbngObXJvLgvp7ny/+ePk16J4W+Ic+g+XY3F9HF5U376L/AFvlRVh+GvC19DpckGq6rbW0f/LaLyf3tcXr3irwpoOqfYT/AKT5U1c1U9HAUK2HrH0J4lmb4naNJpXhuxkuf+WkM0UPm143qXxO8ceCbW8+FnkSS/vv30P/ADyroPBPxx8Y6bHHB4c8Sf2bb/8ALHyYf3te8fD34G+FJtGk8c/YZdW8QX8P+mTSw/uopf8AnrLXy+NpJn71wd7acE6vwHnfwB8N3011p+q+KoPNvJZv+PSb/VV96QD/AITzw5Z6Jb+G/tOoWsP+h2lpD+6irxv4b/AG+Gsx30H+k3l1N+5m8n/VV9QzeKvDn7Lvw+jt4IPM1CWHzJpv+Wtb4bDShS5YG3FWf4Wh+7pGV4a/4syLPwpY2P8AxMJf3l5dyw/urWtD4zfFqwh8JSQarqlz5n/LGa0m8qvnPXv2tbCbxbcQatcfabyXzY5oYv8AllXlfjz9pfVby6uLGCD93F+7rr9m6Xwn5dXq/wBoYyJn/HjxtPr2qSHQ/FWtx+V/z1s5Zar/AAg02+0Exz63pWr3sd//AMtYbOX91/39/wBbWfef8LH8ea1HBoerS20d1+7hr6I+AP7K/iO8tY/+Erv7mWSL/Uy3fm+VFR7Q+kweBkoS5/hNz4TTz6Nq1v5E9jJ5sPmQ/a9Bl83/AL+19KeFfjLY+FdN+2z+DorGSL93N/yzilrN8BfsrvZWEcthei4uDD/x9zw+ZFU3iT4P+FfC1vJD448RyXtxLNFHD503+qqTj+r4OrLk5j43+G/7Wmq+A5be+h1XzZP+W3/PWvpDxj8RvhN+1p8PY7Txj9msdX+x+ZpurQ1+ZeseKoNHv/I1WCSXzf8AlrDXafDz9oqfQbr+w76f93/yxu69T2ftP3hxRzClHFc/2j0yX4V6V4V1680PxV/yD5ZvKmi/55f9Na0J/wBi2x83T9V8OarLLH/rNN1DT61PDfinSvifaxwagYopP9ZZ3cNeufADUbHw3qkngbxVBLbebN/ocX/LKWspTSqntV50cfR5qfxnmesfsE+KvHlhJfaGLaW4ih/ff9Na83h+Cfxw+APi3z59DubnQ7r/AJZf8tYpa+6PFUPiP4b/APE0sfNlt/8AntFXkfj39qjXLPWc3xjvreX/AF0V3D5tX/gPkcZ7TD1f3nwnl83xTnm0vz4IJJZP+W0P/LWpNBvND8VaN9u0qbypIv8AljLDXqmj+PP2bPihYfYPFWhRaTeS/wDL3DN5VXNS/Ytg+wSeI/hz4/tr6z8n/ljDXn1yMN9Rqnz34w14eG5f9Jg8z/ntaXf/AC1i/wCmVef+MPHmlaha/wCj+VFJ/wA+l3+782vWPid4IsfDmjSWPjG/uf3X+plih/1VfK/xs8izikn0PW47m3/685aKVO/8Q9WUVRo+6Yfjz4k2P2+4sb2D93F/qfO/1sVc3eeMINS8v7FNF5n/ACxu4v8Alr/0ylrzfxt4wvpruTz/AN5/zxlimrl9B8X/APE5z+9l82vWpfu6J8xiYVq1Y+gJoZ9esZNKng8q48nzK8v13UZ4ftGlTQSxyRfvIYf+eVeseA4f7d8L2+uaVcSSSRfu5vK/1sVc38VPB8F5/wATyxg8u8i/13/TWj60dVHJMRW2PI7zxJPBJ54/e/8APaKvZP2XvEmh3vi63t8f6q8ikvPN/wBbFFXj+s6DPNdf6ny5K1PhXqX9kaz9u8+SOSL93NF/z1rLEVU0erlmV1MPi/3h+lH/AAUJnsdN+FWh+I7H95/ocUkN3Xx3o/7SH9pX9n59x9muLX93XoGj/tIaV42+F8nwI+Jt9/of+s0fUf8AnlLXzH8SPh7f6PqEk+lT+bJFN/yyrzl7XksfpFaeA+rQpuZ9keEPjBpejy2+qwX3+j3X7zzf+eVfen7H/wAT/hzrGmWet2+q/vP9Z5v/ADylr8S/AXj3XPsH9k3E8v7qbzIfNr7A/Yh+LWqzSyeHIL6WK8/1kNpLXPUqSTPOr5FRx1P92funpHxv8OR6Bbh7zzPNh4rxT9tj9ny38beCLjVdLg8yT/pjXh37J2t+LfEvjC3fxHDcyPF/qYv+mVffEDeGz4Wjg1WeLzP+ecv/ACyrqpQqfGfmmf5ZLJKyjTfxn8/n7b37HOq6PoNx4kn0Pyrj/nj/ANMq+C/FXhv/AIRu/k/0H9351f0If8FDtH8Af8IvcQWM8csl1DLFN/0ylr8V/wBoTQbCHVLyxggil8qavocNiE6R8xVwVarT5zx/wfZwXmqRjP8Ay28yv0o/4Jg+A/Ct548s9cnni/0C8tb2GvzHi1j/AIRvX/8AnlJFDXunwH/bGvvgzdf2ppWq/u/9X/39oxGxngY+zrctQ/pfs9Z+EfibwEujT3NkIvIjtrqLd/qpYovKr4w/aE/Yn8K+JNZuNV0qxtpZL/8A485Yq/PeH/gpB8RtS1STyNck+x6pZ/ubvzv9V5sVfXn7B37Y3ir4kWFn4G8VCOW8tfNk83/nrXztXStc+9w/DdVYP29KZz/xU/Y/sfDfheSDSrCK282HzJpvJ/5a18X/ABy+G8/hS187+ypPMlmlr98dL+A/gb43fDqOwurf7NJLD/5Fr5C/bL/4J2x6TpcljbNEfKh/0OXyf+WVXQ9seP7WhKP1efxxPxnvNAnmsP7Vmsf3nnf6qpPCumz2fij9/Y+bHFD5c0Pk19afEj9lG+021/0Dyv3X/kWvP9N+HtiNZk1VYIopIryL/v15Vel7U8iWGnz/ABHP+G9Nn0y6t/3H7vzv9dFD/qq/Qz9hXXtK17wv/Ymu2Mf9uaX/AKmbyf8Aj/tf/jtfI/wx8B2N5d+RfX8cUkX7vzq+tP2aNI8OeArW3g129i8zyfMhm/55VzYn+EdOGo1jY/bq1/SbP4c+fY+XL5v/ACDZv+WsUv8Azyr82/id8SZ5vM0nz/Kt7/8A1PnTf8ta+mP22PidY2fiO4OhzyxW8v8Ayyim/debXwv8VPFcGvX959osfs0ks3+uh/1Xm/8APWsqZ7yk6VHl5ynN4wF7LJpM8/7z/nlXH6942+x38cHkfvP9XNWfealfQ6pb33/LxF/rq5+G8n1LxHIJ/wDWSzV6VKnofO43EyrS9mj0DwVNfahr/n/8s4v9dX0Z8PdBghtY9Vgsf9Di/wBT9r/5a15v8E/AYmsP7Wng8qO1/wBdXUePPGAh0GOxgnljjl/5ZQ1nMvC4L2T55mH8VPiFpU2s3EH2GPzP+W376vI9SmnvL/z7C3/eSzf9tak1i81W8164EEH7uWarFnZ3Gmyx3v8Ay8S/+QqVSp7Kmevg6Kq1joPB+pa5puqaf58/m3kU37m0i/5ZV+jH7H+pX3jbS4/A9vYyxW/+tmr4L+DPhu4vPFsdj5Hm3H/LaWv1Q/Y/8BweA/C8k8EH+kS/vPNrwatP2tY/U8NjqWX5RJHrlkfCvwf8Lxz6rYxfaP8Alj50372vzv8A29v2xfEeveM7jQ/Ct9LFH53l/uZq+qP2qPiTf6lpVx5HmeZa/u4fKr85/id4Vmn8R/brif8A4+rz/XV6OGh7OoflOb4qtW/eSNj4Y6nfeVHquuX0dtJdTeZNNN/yyr1Twh4P0nWL+TV4NKl1L7V/z9/6qvA4PEkE2s29hOP9HsJv30P/AE1rtNR+M99PpcehfbvK83/XRWn+t/65VriE7meSY2NKfNUPaPBPxI8VaP44/srSvFX+j/6ub+z4f3UVfSHwf/4Q7Xrq3nsdc1vW7zzv339o3n7qKvjf4S6lodnf/YJ7GSLzf+/stfSHgjxtrvg/S5LGD7NptvL/AMtYf9bXm1MMfpOGzXBxofvD7Lh+Lc2j+Hv7Ot57ax8of6mGuM8efHLwb/wi8l/fQabc3EUP+mReT+9r5X8Y/FrxHrF1Hoc8/l+V/wAfkUU3leV/11rn9B+M32LxRceHLLSornyofLoVKtUPNnicui7wPn/XrPSvElhcXFxD+8i/1Pmw15/d6kLPUPI/5aWv/LKavVPHn/CK2fmWMFxJbSRf89oa8n8V3k8115FjcW0vlf8AP3D/AK2vT9o6R8rVwFb23PA9g+APxi0Ozv7eC9vvK/feXX2x4D17wP8AFrwbHBY31tbappf/AB5/vq/KeGbybqOaCDyrj/Wfuv8AVV7Z8H/jN4q0e7s57eeXy/8AVzVy1ah7OUqtB2Z+lGm/FSfxv4ck8D+MZ/KuP+XO7/8AjtfO/wAZvDcHmyWU9v8AvP8AntFWx8JPiRB4qjj0rXb6KLzf+POarHxas9Vs7qOfyPN8r/lt/wA9aypVTTN8nnKF19o+f9Tg8SeFYpD9vluf+WlnXonwO/av1zw3L/ZU99fRebD/AKmX/llVjXvsN7pcl9pVv5f/AEErSX/llXmeseFbE38f9l30cv8Ay08mtZunUPg54HE4SvY+rNH8VfDn42WEljrlj9muJYf3M1fOfx+/ZXvtBurzVdK0qSSzl/55f6qvYP2UdNsby+juNV/deV/rq9Q/aWm8K6P4WkmvvFUsX7n/AI9Iv+WtZVKnKj77hrDVMZP2dT3j8e/i18H7Gzv5IIL79551eR6x4P8A7B17yJ/3ckU3/LGvpT45alpUPim8sYLCWKPzv3NeH+JM6lL5F9B5X/PGas8NjajPqcyyDL8LH2lz1j4FzX3hWK38Rwa7bXNnL+7vIfJ/5Zf9cq9s8Sfs632p6XH4q8Dzxavpd1D/AMsf+WVfJ/wl1K+8Ka9bif8A1fnfvv8AprFX35+zH48n8H/6DPYxy291D5f/AGyp1ZEYHEYKjT90+d7z9lz+0tLk8iCX7RF/yxlh/exV5X8T/hLqvw3ljv8AyJYvN/5a/wDPWv048Y+FLHWIo9V0qxijvP8An7h/5a18l/tUaNfXlrJpM9hF5kX+p/c10UfZSMsdjsFUo2p/GfG954wng/cT1Xh+M+qzSx2Oq2P7yL/UzVY8d+G7iCWSfPlyf88a4O8hn86P7RXrUqSZ+VZlmmIp4o9Y8Iaz4c167juJzHHJLX15+zT8PT4VutP8cTwS31vFN5kMUM3l+bXwP4Jm+x3/AJHkeXJ51faHwN+J19pvg2OCC+/dxV52Mwep9jwzxV7P3ap99+Ff28/B3gHWY4NL0yOykls/+e3/AB9f/ba4z48f8FT9V1jS7yw0PVZbaSWH9zNNXxP4w17/AISS7uPsN9L/AK79zNF/yylryvxT4l8R2cv2HXLH7T++8vzq6KVOHsSM4xGFx+M50e+eKv2uvGPxP0GP+1L+5+0RTS+d/wBNf3teF+JfDc/jbVLyexgl8yX95VP4P6ne3mvyaHPB5scv7uHzv+etfYHwB/ZvsNY8Gya5PB5txL/rpv8AnlFXhYvMqmErckD7PIuGcvzDB80z8z/jN4UvtNl8+D/WRfu68/0fUtVhuo/3/mebN++hr60/ao+Ffk6pJ9hsfLs/tkvk/wDTWvD7P4b/AOnSfYf9XXqYbNI1qR87m3AdSjjL0jqPgP4wghuv+EO8R/u7eX/Uzf8APKv0D/4Jw+IfCHhjx3b2XinVPsd5/q7O4l/1X/bWviT4GfD0zeO7OfVbGWO3+2eX53k19ca9+z344+HusR31jBJLHYfvPNi/5axf89a8/EN+25z7HJ6VHBZZKlX1+yfqrp37RVh8EriPWr+5/wCJZ/q9SMI/1Uv/ACylriv2m/8Agol8N9c0qPSrbXLaSPyfM87zv9bX516v+0x4q8Kyxm+W51LzbP7NeafLN+6urD/lrF/11i/5ZV85/tLeMNW0aw/4RuC+ub7R7/8A03wrrkP+qltf+WsX/XWKtKVSR81juFaM8SqsF8z60+J37Y3g7xVf6hY+HL62kuLX/U2n/PWvnPxt+054cmuvt1ifs0ktfIeseJPEem6z/asOq3P/AF286sObWNVvbr/Xy16OGpe098+PzLLfY4nkPrC7/ac1X/hKI77StV/0f7HFHNXtGg/tma5r/gOOeC+lj1Cwh8qb/prFXwP8N4b6HxR5H72WOWvuT4G/s6f8Jh4N/tX91FZ3X7vzof8AW1licX7P92e9lfDUq+H9qcH8VPjNqvjbQbieeD/SIv8AUzf89a8L1LV4LyWT7dBX0J8WvgD4j8BxXEFj+9j/AOW1eF3nhW+8qSCexl8ynSq0jkzLh/E05e4cfqXkTSyXFtPXUfA34V33irxT/p8H7v8A1nm1ofBn4S33jDWZPtFh+7im/fV9Yf8ACvvCvgnwHJB4cg8rzYf313WksSeDDJ3Ql7aocPrH9h6P4ck0PQ/Mjt5f9dN/z1ryfxVd/bNfuLCx8yPyq7jxXrF99vjg8jyo4v8AnlRpvgP7HFHfeR+8l/eTSy/8ta1OSpTft7o4vwT8PrjUp47eeCSWS6mrrJvhvpVnayWNjY/abiKvdPh78MfDkMUcH/MQuv8AXTRf63/tlXcf8Kl0qzu5LHSdKjikuoayq1D0sFU5ax5n+xz8Jf7e+I0eqz2P7uL/AF3/AE1r9KPDejwaP4NF9fQeV+5/1MNeB/A3wHYfD2wkNjYxRSRV65N48/4k32Gefzf/AGlXCtzqx+Ye0/dwPJ/i1N9skvP9H/64/wDTWvjv4wWljDL5/wDrZLX95X2x8QtY0r+xpPIH7zyZf+2VfFfx+0iDTftlj9u/0iX95NXWtzgxuHpVMIfOeveKxNr1x9hvvLk/57VoeCdYnvNUt7GAS+ZL/wB/Za5PWbOfTdZ/cQf62ug8By32jy+fb/u5Jf8Alr/y1rujsfMYasqFY+mPgmYfDc0kEEH27VJf+PzUJYfM8r/plFW542/ad0nwrY/YbAebqEs3+hzS/vPsteD6x8eYfD+jR2FlfS+Z/q5v31eR6942n17X5L6DzP3v/Lasfq3tax24vN7I+mIfjxPNqkk9jP5sl1N5fm16J8LIf+E216PSdPnlsY4v3l5N/wDHa+Q/B/io6bLbwWMH7z/nrN/yyr6A+EviTXIdLj8K6V5n72HzJv8AnrLW9Sl7E4qeYyqGp+0V4PvrO6kvtK8y5ji/56w/va8D1jWMzRwX0EkX/Tavtiz+DOlax4RkvtKNzbXHk/6qabzYrqvnv4nfD2DR5fI1XQ5f+/1eL7SqfsX1PC1PgkeP6lNfadJHPB+8/fV0nhXxffabNHOLC2+z+d/pktpRrH2Gztf+PGTy4v8AptWfoP8ApmqRwf8ALOX/AFP/AE1rIiOGpUq3un1Z+z34kgvLC4g+3f8ATSzmr2jWPiR/wlXhLyJ/3dxFD5c01fO/wBmsbywuNKvv3UcX+p/6ZV6xr1nPZxW/7jyv3P77/prXHf8AfH2VLD4fFUYQkcvN8SJ9B177f9u8yP8A1c0M1V9Y0caxZ/8ACVfDm+ilji/eTWn/AC1ta5/xJpt8dZkBg8y3lq58PfDfiPR9ejnsp/3cv/LKu32p4WY8N0b+0PcP2XfEl9eSyf8ACRwRWP7ny4Zv+mtXP2itN8R3n/Eqgn8z/prLW58N/gzPp19Z6rpUH/Evuv3k1fS/iT4T+CviV4QiMlpGlzFDxmH/AFVctT2svcKyutgcnlf+b8D8SPj9Z65+8vp4P3kU3l15Xpt5BeeZ9ugjkj87/Xf88q/Tj9sH9gOfwrYST6VY/wCh3/7z9zDXw34k+A194UluLIwx/Z/Op0/3ReZU/wC0PfoT5onJ6D4cn+1Rz31j/o/nf62vqD4G+K7/AE20t9KnsZZfK/485Zof3V1F/wBMv+eVeZ+GtCghtbe+gn/eWs3lzTV7p8K/CtjMcwT+V5v7yGtD45Uq1GtyzPcPhL4k/tKwuNKvj5Un+s/e1y/xy+D/APwklhcfbdK/eeT5kN3DXWeBNNn02WOC/gi8v/ljN5NeyaDo9jeaXHY/uo//AGrW2G0M8ZCND3z8j/jN8Gb8/bIPsP7y1/ef9da8H1jwTfQ38kF9Y+XJFD5n+pr9kPip+yXYa9FcTwQR+ZLN5kNfL/xI/YhvtYv7i4+zeVJ/q69qjiT5TG4SnXfOfF/gP4bz3l1HfeR+7r6A+GPwr8R3fhiSx0qDzPNm/wBD8n/2rXpHwx/ZRn02/j0rVbiOKPzv3NfVH7NP7KPhXwr4kjvoNVi8uX/XRf8APWtKtQjDZTjIrmpnyv8ADj9nXxHNf2dlfaVJ5eqQ/vv3P+qlirtNY/Ys/tK18+fSpfM/5bfua/TTTvg/8HNN0uOf/RvMi/8AIVcH8QvG3wy0GWSxgNtFJFD++/6a1zqpQNalPGUpczifmv4V/Y5Phvxl54g8uPzv+WtfZHwx+Fdvpvw/uNEsdVil+1Q/62vF/jl8cvDmg6zcW8H+r/6Y1zfgP9syCG/8iCfyvK/10MtcONy6jWftD6zLOKK2ApKByf7Tn7PeueKrXUILKx82O183ya8f8B/soa5Nqmj6rPpUnlxTf6ZX3x8Pfid8OfHmgyWM/lfaLqH99Xqnw3+D/ge80KT+yhbfvZq4FhqdF+4foOE4tw2Ko89Q+T9H/Yht7zWdHuLDSpY7OWGWOaaKH/lrX2B8H/hZD8UvDUfg/wAV2MUesaXZy6dN/wBNYv8AllLX0P4D+Efw/wBL8BQHUWtkI/eebn/VS1if8Jt8K9H0yPVYJ7aKSw/d+bD/AK2uuqoTij4XMuJvaOcKX8x+cf7UX7E8841TSrGxltri1h8zTZq+O/GHwf8Aip4D8D6p4V8SaH9p0/VJvMmims/N8qX/AJ+ov+eUtfsR8WvjZ8MtSurf7RfRy/uf30teZ+JfEfwC8SaXJpOuQW1zWlKg6lI68JxhTjR5a0T8W4fgzfax/oXkf9/q3PB37HHiS8upPPsZIo/+WPk/8ta/UzQf2J/gD8Q9UkvrGe2jj/5Y/ua94/Z1/Yn/AGbfCl19h8U29t5cv+p86GtaVOpSMcbxPktWHwe8fkX4b/Y51zQbX+1rfSpJPK/57Q17h+zf4k0nwpL/AGHrkEemxy/u5v33lV+vHiP9gP4L+JNGP/CILFF5sX/LGvjP9or/AIJO+PtYuri+8GwS+Z/yxltKvFUqc6Z3cPcaZfSq+zqPlgcPN8N/B3xJ0uSDS9Vtr3zYfL/dTeZXD3n/AAT9S9juLi3gito/+evk1z+j/s9/tbfAHxl/ZWu6Jex2f/P3DDXuHxI+LU/g/wCDsdxPrnmXn/Labyf3tfOThi6VU/Q/r+VZpR56B8p/ELwT4H+Cf2jStD8qWT/l88qq9n4kt9d0KPSp7eWKSX/Uxf8ALKvP/idr2q6l4kk1WCa5l/feZ++/5a0TaxqvlW899PFY/wDbavbpU/3P7w/Jc7daWJnSXwm5q+m+HNN16OfVYfMt/O/ff89Za2NSvv7Sljgv9LsdNs4v+XS0/wCWv/XWWuP02HSoY/t1jfebJ/z1/wDjVcn8UPidfQ6VHBbn7NH/AM8Yq7v3PsT5jDYet7Y+iPhv8VPDem3+bH/j8uv3cPlQ19OfD3w55Og/27qsH7yX955t3/yyir4L/ZLvJ9S8W2f2iD955PmV9qQ6lPZ6XH9t1WSKP/0bXDUO7G0oUaPP9s0PEnjyD7VcaVBbf9tq49fjZPDL5A8yo9Z1g3n2i+0oRxR/6qvO/EkM80v7j91H/wAtvKrT2iPmKleSre+egf8ACeWN5YSefqvm3H+s8qvB/i1ptx5d54j10yxxy/8APaGug8E3nk69+/t/+W1bHxU+w6lYefqt9LJ5X+phhqF/FPoPa0a2D5D438YXkGpGSGwsPKji/wBTNNXL3msa5AfPvr77NH/zxh/5a16x8Wr3Q4ftFlpXhyLzIv8AltdzV4H4qvL68v8AyP3cX/TGvVpHwWNp+yrFjUte+2RSTwT/ALysez1i++1SeRP+7iqT+zVhij8+b93ViGzg/wCWH/LWur2hyay+M6jwr582qWcEEEv72voT4S+MILPVI7Hz44riKb/Ww14Ho95PBYeRYgeZ5Pl+b/11r3T9mPwrBqV/Z2M5/wBbN++rDEfwzelTtVPrz4bfFmHwfdR2PiOeK50u6/d3n7n/AFUtcf8AtUWdveaXHfWNjFJ5v/Hnd2n/AC1rDsvsPm/Yb77THHL/AMed3/yyqS817SrzQfI+3XNz5X/H5afuv+/tfOfuT97lh6dOt7RHicOg/wBp2v8Ap0Ev/Taq8PhWfTb+3n0qf7Tb+d/y2/5ZS16xNoFjNL+4g/d/8sZap+D9Bghurjz/APRreKauf2ppSpupiDpPhj4DvZhHfQQeX+5/54/uq9E1i81z/hDbPz4Y7n7L+7m/65V5ePi1/wAIRqn9k2N95tvF/wBNv9bVPXvjx5M/26CeX7PL/wAsq5/Zuqe/SzKjgI++dgdSsIbqO48nzY8/voa7Twfr3g7UpY4LGxj0m8tf3nm14XD8ZtKvIpLGCDy7iKq9n8SYIdU+3/aJf3VejTpHj4vieFS8T9PPgd8TvhlpvhL7DrlvHbXEUP76ab/VS15v42/be8D+HPG8kOhzx+X/AKuavhvWP2kPGMOg+fpWq+Zb/wDPGvF/Hnx41zU9ekn/AHkccsP76umnhj4+tmcadSV/e5j9YL39rrwd49sLe31y4tpY/JrxP45/B/4ZeK9GuNc8Oa3ZeZdf6nyq/PfR/ib4qstUjP8Aa1z5cv8A02r3D4e/HK+16x/sK+uP3kVZ1MN7I9XJscp6Q903PB/w90rR9UuJ77yvLl/dzQ+T/ra7iz8KwabFbz+HJ45beL95++/5ZVycPiSxx5E/7qT/AJ7V2FnDnQfO+3eVJL/qfJrl+so+hllvtqvtDuPBPxbn0u68jVf+/NeieG/jBoU119gIir530HTfEd5f/v7CX/pjLXcaP8PdVF1bz65DJHHF/wA8a6fa0Tz85wFFUuc+gPG3xm0rQdB8+xEUvlQ/voa+P/jZ+2YLPVPPgg8v/ntX0p8N9Y+HOvX/APwhGuTx+ZLD/wAffk15f+0J+xzoeqC8/sqa28v/AJYzeTT1pUj5DLsZl31z2dY+R9e/a08U2fiT+3IL792f9T/zyr0zwT+3h4k8q3ng1X7NcRf6799Xifjz9nzXNBupNL8jy/8AW/8AkKuX+G/wr8Valf3liLeSK4i/1NclSeK+O5+qZVUySrS5eU+6NN/4KEX2vRR2Oq6r/rf9d++rz/4qfHjxHqWl3k+h65LL++/1P/TKvG9B+CfjiG/s/P0qT/Xfvq948Ofsx65N4ck12eCWX7V/o8P7n/ll/wA9a1pVKrPMzahky2Pm/wAb+PNW16wuPt3+s8n9zNXj95421XTdZt76xvpf3v8ArovOr6o+Kv7LniPwro14P7Kk/wBAh/fTV8d/EjQdc0fVJJ57GSKOL93++r18NTrNH5PnMKEJfuz6A+Cf7Q2uw38k8F9+7i8r/XV9cfAf9sy/0GLyL6f7T5tflH4b8SarpuqfuJ5PL/55V758JfipfQxWc372T99/36rPEYMxyfGvn9mz9XLP9tLXtN8L/wBh+I7/AM2vnv4zftR33hv7YfCuq/abeX95NF/zyry/4S+K77xha3HhXVZ/9Mim8yGb/nrUfxC+GOueVqHnwS+X/wA9a4adSx9hVyaFbD+0pnmfxI/a68R6lLJbzzSW3/XKvJ9e/bA8Y6PrMkE+uS+X/wA9qk+L/g/xHpsUk8+n/u68L8VWd/N5k99B5cle3hdUfC5tgsZQPpz4bf8ABSzxx4V+z+Rqsv8Azz/11faH7Mf/AAU+sfiDYf8ACKa3fRy3Ev8AqZf+eVfjHNDPDL5Hn10Hgn4ha34D1n7dY30v7r/U10/VqVU+Z+t1aUv3h/Sh4J+LWqjRre/8OeKv+WP+p86vQPhj+11cabf/AGHxHP8Au6/B/wCFf/BTLx/4VsI7H+1ZP9T5f76avdPBP/BSbStStY7e+vopJK4ngq0B/Wacz91NJ+Ifwf8Ai/Yx6fqzWVx5v/PaGuD+Nf8AwT3+EPxY0SePSUis5dv7uS0jr8i/Cn/BRrxV4b177dY6rJLb+d/qfOr7U/Zj/wCCt2k6x9j0rxHff9/aHQlL4zuwmb5hgPfw9Wx4X+0h/wAEzfib4Jv7iDQ5/t0cX+p86Gvk/wCKn7Pfj/wr/o+ueHJbb/ntd1+8E3xT8AfGDwlHquk31tLJ5PmV8p/tOadZaxo15Yf2JbS/9saxxFOqon3WS8VU8dL2eJj75+U8Ojw6DpfkQT2MX/Xa8ryP4heGp9N1/wA8QW0lvLN/y2mr2z9pbwrf+G9ZuPI8Ofu/+mNfIfjzXr7+2ZP9bF5Veb++PvKVDLnT9pA+1P2b5rDwTYW99qt9Fc6hf/8ALpD/AMsoq9c8VePP9Bkn+3eZJF/qa+G/gb8Z76ymt9Jn/wBZF+6mlr3Sz8bwXkUcHny3Mn/kKnT/AIx8vn1NYjWmewQ+Mb6Gwjnn/wCXqqc3iqx83yIIP3n/AC2mrh5vG323S/8AnlcS/wCp/wCuVbnhXR77Urr7D/qo63Pz+pRrVJ2I9YvLjTbr7d9n8r99/qq5/wAbXn2z/l+ufL/6Y13mv+D7/X5LOxsYJfLih/fTVoal8Gf7StY4ILGTzPJ/541XtD6LLcA6q5GfKfirwrfXktxPBYyfZ/8A0bXl+saD5sskH2GX7RX2Z4w/Z1vtHik+3X1tbR+T++/ffva8L8eeD9D0eWSDQxL5lFTFxpM3fDcq1X3aZ8/6xps+m+XBNP8AvIqNCnnvL+ODz6seNrOeHWZP+WklSfDzwfqt5fSQXEEkccv+prpjjqPsec5P9TsZVr8kEegeA7Oxhl8jVf3v/XKvoz4VabBoN1b675/2azi8qT/U/wCtrxfwf8PfEkM9vB9h8vzf+W0te2fD3wfe6xYf8I5qvmx+V+8hrmqYr238M7aHB+Lpz/eQPaPg/aaV8QrCTw3cf8vUPmQy+T/qpa87+JHgPVfh74o/49/Mk+2SxzV3HwB8SeB9Ol8+Cxk/tCL/AJazf8sv+2Vbn7RWmwXkVv4xsZ/3kv7yvN9oqR+rYLA0cRV9mcf4a8Nz6l4c8/z/AC64f4naxBoNr5EE/lSVJ428bT2ejR/8TWP/AKbRV4/481iC81CO+g1WX97/AM9pq86NX2lU9XGZZRy/CmP4q8ba5e3Ugt9Q/eRVhwePPEePIn82KStDV4ftkX+otpZP+mU1amg6NfalFb2N9pX+j/8APavdofCfk2Z1qvttSv4c1i+nurgzzy/upv8AyFXomg6BPr0X2eCeS5/7Y1J4J+GPk3cnn2Mn2iKb/wAhV9EfBn4P6Vd/Z57fQ/8Alt+5lh/5ZV0Hz9RNvnPneHwHquu20nhz7FJ9o879zDD/AM8q878SfD3xJZ6r/ZUFjLJX6eaP+zfYwapb+MYNJ/eSw+XeVl3v7Luh3t/eGfSo/wDllJDL5NVTOqjRhWdj81/Afw91y8upPPsZJP8AplX0J8B/2b9c8eeJIz/ZUsUfk/uZooa+kPAf7F+lWevXF9q08dtHLN/qq+hvgbffBL4MahJHaQW59Gk7Vx4mpWPp6eE+p0Y1Ka5j5t1/9g/xzNYR+fpUkUkX/TGpPB/7OuuaB/xKvEk8cXlf6nza91/a3/4KJ+DfCugXWk+HNKWUrD/rXNfIVn+1dY/EK6jnvtc8yP8A5bSw/wDLKuWnhJOXvnuYLE4yvh/f90+kPBPgnwdoN1HBrl9+7/6Y1J+0V42+FWgfDmSDSp/LuP8Alj51eT+ENet9YljggvpL7zf9T5Vef/tOab441HVP7K1b/VxQ+Z+6/wCmVdVJUfbHz+cLF08I5VA0Hxh4j0bR7Pxxb2P+jy3ksc3/AD1ruP8Ahor7ZYW9jfXHm/8ALLzq838Y+MPDln8ErPwrBfRRXnneVNDD/wAspa8b8VfEKx0HS/39/wCVJ/y2r2VhVVR+PzxEoYn2h7Jr3xI8K694jk0qeCP7HL+887/prXpHgPwT8MtSmt9cNxbfaLX/AMi1+f8ArHx4/s2XyIP3sf8Az2qvD+2B4q0eXyLGf/yNWv1CPsuQ9PDcR4jDfCz9fPh7Z/AH93/as9l5leuaP/wp2fRv7K8OarZS+b/qf31fhHD+1144ml86DVZYv+21anhr9t74ueGr+Oex1yT/AL/Vgsp1Kq8RVa3xs/cTXvgn4A8YeHLzSZ4LaX7VD5k3/TWvzz/bf/Y50vR9L1D7DYx+Z/rIea5P4S/8Fc/FWgxW/wDwkU/mf89vOrU8ef8ABRTwP8Too4L64i/6bebXR9WrUUcNPMFOr7x8Tw/AHxHNr/kT2MkUcs0VfRHwf/Zj86KO++wyfZ/O8uaLya6Tw18YPhVdyx/8e0vm/vK9o+GPxg8HWcUkGhQRSRy/vP3NedialY9nC1sPCsnA1Pgb8B9Ds7+3vr2CK2ki/wBd51fVng/9nv4ZeMNBk8K65BH5d1+8r53PiS31j9/YWMXmRf67ypq6T4eftK2Pgm6k0q/gli/ffuf+mVeZUpH6Hga31jC2p1Cx+1F/wTw0ObRryDSbHzY4of3Mvk/va/LP9oT9m/VfDctx/oMvmRTV+7fgb9obwr440ePS71Y5PMs/30teUftW/sc+AfEui3mq6Np8Wy6h8w124bE+yXsyHhYVl7Oufz5694U1Czuv+PGSq+paP52gx39iP3kVfoh8YP2LZptUj+w6J5kkXm/8sf8AWxeVXk8P7HN9Z/AbUNcn0qWK4tbz995v/LKvXo4lHwua8OR9s1E+F5tSnrU0fxhfab+/gnlroPHnw3/se6uIIP8All/yxrg7yGezl/1FelTqXPg8Vha2ErWqHqngn4zarZ3X7+4/d/8ATavVNB+M19CI76x/1n/TGavlfTdSngl8iu48N+KZ4fLgz+7pezOenV9mfop+yf8A8FJvEXw3v7PStV1yT7P/AMtoZq/QSz+LXhb42+CI/EehzxSebD++8mavwXh1jzovPgr6Y/Ya/bevvhX4ot/CvirVZf7LupvL/ff8sq56uC9qd+CxPJW9ofXH7VHg+DWNLvPP0mPy/wDnrX5l/HLwHPZazILH955U1ftANN8OfELwHJrehiOXzbPzPNr43+Kn7N8F5f3kE9jF+9mrw3Hlnyn6fkuO9qvZ+0Pzv0G81zR7qSewsfMr6E+GOva5eaDb2OqwV6xZ/s6fCvwff+ffTx+X/wA8qk/t74LeG4vINjLcx/8ALGuSU/3vwnt4mFLk+Mx/BPg/W/FXiSO4n82KOL/U19QeA/hXpMMdvfarfRW3lf8APWvB9B+P3hXR4pLHw5Yx/aP+e3/PKpNY+LXjHXpY7exnlk83/llDV1DyqOW/W6+h9KXnjH4ZaBqlvoelTxalJLN5f/bWvcNM8Bjxh4b8+DSora4l/wBd/wBNa+L/ANmPwfqt5rP9q6rB9pkim/czV9geD5zDpclhruqyf6n995P/AC1irlPqJ5bHL6MJ/aPn/wDaE0HQ/Cstxbz+KbHzPO/1UM3mSy18d/FTxhbal9o0nSrH95X6GfEj9m/4f6/dSap9vtovN/eed51eJ6/+yv4Hs9UuJ4NVspf+mv8Az1rOphZVTuoZxhqFLU+I/BHwrvtX1b/ia2Mvly/vPOr6Y+DPwr0rR/LvdV+HMV9HL+7/AH3+trpLzTfDnw9l+w/2V9tkirQh+J2lTRfYdDg+zf8ATKWGiODlYVHiKg58qMvxV4bvdH/f+ALiO5ji/wCYTrln+9i/65V2Hw9+IXwy8bWH9leMfB32G8i/4/JoZvKrD/4TDQ9Tikn8RwSyeV/z6Xn72jyfhJ4qsJNVg8R3N7cWsP8Ax6TQ+XL/APvafs3E9ulj6eJWp5H4P+I9voPjLyPP/wBDlr6Q1K80rUvhBHPfQeb5Xm/8tq+P/hjpiw6/cW19B/pHk/uZpq9o8Valqs3w+0+xsZ5Yo/J/fVljPgHktWl7W/OfP/xU8Rz6ld3E+h+ZF++/1Vefy+JNVhl+zzwfu/8AnlXaeMLLVdH1mSCex/0eWsPXtH+1xRzweX/21rLDKiVn2KnVducy7PxJ9jv/APSP9XXcaD4q8OXnlwQT3Ply/wCuhmrh/wDhG9VEX7+xrY8K+G9V1Ly/s9j5Un/PGvbpeyPzHFe15tT6c+DPkQ+XBDPF5f8ArPO87/VV9ifAfxhod5/oOt+HLaS4/wCesX/LWviv4A6dPPF/qJP9d++r7M+Fejiztft1hP5kfk1sebOlzVj2i8+JGkeCIseTHFby/wCoimrk/iR8ZvA/g/QbjxxNqsdt/wBMa+f/ANor4war4btf+Ej1Wfy/sH7uGL/nrXwX8fv2ovHHjfWbiCfVZZbfzv3NY/8AXs+swuCweBoe2rSPsj4zft1X3iq1+w+Fb7y/Km+0Wd3D/wBMq8r1/wDap8cazaR3326OO4i/5bV8tn4neI/sun+f/q6kHirVbwx288/lxy1VOhV5PfKq5vh5ziqfwnrHir4zeI/GF/caVfaV9pt/+e0X/LKvSP2afgbqt5+/voJfLuof9Du/Jo/Zq+Bt94lv476CDzJLqHy/9TX6Ifs9/CXSvhL4N+0eKtC/5Y+ZD51cte9rI66Oc4fDu8zg/gP8DYPhLLHqvjGD/R7qH/nt+6lryv8Ab8+NnwW8N21xpXhYebcRQ/vopryuL/4KK/8ABSbSvDktx4H8KX3+qvP+WNfnf4w+JHir4neKLzxHf6r+7l/eeTXVluU1k/aVD4TirimjiYeyhueieI/i/P4q1W4ng/0a3lm/57VwfjbXrj/lvfeZWXMf+W+rT/8AbKsvUte0qzP+o8ySvp6VI/K5VXIjvNS879/Wfealb/8ALCCsvV/GEB8zyK5/U/Ff/PA/pXT7Iy9qdZ/wklvD/rqk/wCErsP+fivO5vEnnfuPPqP+2IPO6UGdz0DUvEmIv3E9cvqXirVYZf8Aj+qvZzQXkX/H9ReaDPN+/E8daezD2pc0f4narZ/8v0le4fBn9q6+0Hy7Fp/+/wBXzedHnhrQ8NieGX9/XFVwp34bGOmfqp+y78cvCviq1jgn1Xy7iWb/AJ7V6B8QrOea/k1Wx8vy4of9b/z1r4T/AGXdZt9Bv7fVb+9to44v+e01fdHgnxhfeNtGj0I6VbSxy/8ALXzv3tfN46l7KqfoXD2OI/g98c9V8K6zHfXxk+zxfupoq+vPhj+0XY6x4Jkh8+KW4sP+ev8Ay1ir5n8N/BOfU7qTSvI8v/lpD51dxpvwxn8KxWerQebHbyw/Zpov+eVeLVvNn6fRnQxihE7TTde8O3ni3T7HXLe2trf+0vL+1/8APXzf9VXWfHj4P+AIPAdxfGxtoo9Uh+zalF/01ir5PvPiFfaDqmoaJqv+ssJv3P8A2ylrc+IX7VsHirwReeFP7V/0j/rt/wBMq6MNVcanIcmb4fDU6l4nwPrHw90rWPirrGlfYf3cs0vk14/+0h+zrfeA4o9V+w+XHLX3J8Kvgz/wlXje31a3sP8AW/6TN/2yl/e1T/bY8K6HqXl6HPBF+6mltpq+gw2J/lPzPifBUVyzR+V9558Ev7+CtDQdY/izXpHxO+Buq6bLcfZ7GTy4pv8AXV5HN5+m3/kTwV7VKr7Y/P6uHqUz0zw3r0E0XkVqalNP5Xnwf6yuD0fUvJ8uuw03WPOijqlucx+kH/BH/wDap/4TzS9Q+B/irVJf7QsIfMs/O/5axV9EfH7wFPNLJBpU8UflQ/62vx7+D/xf1b9nv45+G/i3YzyRx6XqUUl55P8Ay1tf+WtfvpoPw30r4qeCLPxVY+X9jv7OK5h/65S18xmSqUsUpxP0PhipQqUbv4on5f8Ax40fxEYrgTwS+XF/y2hrx+zgvv8Aj3nMsUn/AE2r9HP2qP2b7GzsJP7Kgij/AOuVfF/jH4eQabfyQfaLaLyv+W001YTqdT6qFCriGcv4J8E/2ldfYZ77ypJf9dL/AM8q+hPhv4V+HXhuwjv/AD/N8qH/AFv/ADyrweGaCzlkPny//HauTePP7MtfJ+0S/wDXGuWpUPp8kgsM/wB4fSnhX4wWOm3+fDdjbW1nF/yxhrY179orybXEGqxeZ/0xr5Ts9fuNMsPtEF9L+9/5Y1n6l4kvvsv7ieWil/BPTzit7WHNTPfPEn7V/iqz1nE3+kx/9Nq4vxV+0JPrFrIfPl8z/nj5NeH6lrGuY/f+bL5tR/29q3mx2Nj/AMtYf9bXRTjE+ExVLE1j0Q/GbVJvM+3H95F/zxqvpvxT/tjVI4Pt1zHJXP6P4D1zU7SP7Bb+bJFXaeD/AID+ONSljn/sP93W3PRPPWErUup7p8K/h7pXxgtY7GCeL7Z/yxmhm8vzaw/G37KPxG+G/iiTVYPtNtHF/rvOrP034kXHwZtZLHz9N8yL/n0h8ypLP9tjXPEYk0Mz/afN/d/ZLuHzay9jVqG9LM62D+2eV6b4kga/k1XyIvLlr0TUteOr+A4xpUH+q/10Neb+FbPSv+PGxgl8z/ptDXsHgPwfBqVhH/bk9zFJ/q4fK/5ZV5OKP0fAOjSPF9Zs9cmi86CD95/yxmqvDoH2w41zQ/3n/PaGGvpDXvhjY4jzB+7i/wCW1cv4q0f7bN9h0PSo/wDrtWWG3M8T7OtWPE4dHg+3+R5HmR/88oa9U8B/B/wP4wijOlfaftEX+uh/5axVX0f4e/2lrP2G3sY/tH/Pb/nrXuHwH+Fd9DrNnPPB5Vx53l/9cq9OmfN46mvanQfAH4GGa6+xT6D5v/Tb/nrX0BZ+G/Cvwe8OXF74rvvs0cUPmeVWx4V02D4b2v7+eLzJofNmr4j/AOCk/wC1pPr1h/wjmlX8sXlfu/3NaWdZnmv2WFft6nwnj/7df7S2leNdUvND0OaL7P51fJ95DPqV/J5F9L5n+srn/FXiS+1HxHcT3wk8uWbzIa6DwTrEE2q2888EVevhsF7KifJ5pxHUxNflj8BsaDZ3E0X+nwSyxxf66vcPgn8Df+Ew16PQzYyXP/LTzfJ/5ZVj+CfCsGvSx+RY/u5f9dFX6Kf8E/f2Y/7Y8SWc/wDZX/LGKPzaKidzlw2ZwUz2j/gnj+yvPZ6R/bmueHP9Hih/5bQ15/8A8FjP2xvCvwT+HP8AwgHhzVYrbUP+W3lTf6qKv0Q+IU2jfs2fAK+8SWcS2y6Xp/mH/rrX8rf/AAU4/ao1b48fHPXL77d/o/8AaUv/AC2rLDZfV+sXmceLzeUlKR5X4x+LWq/E7xlca7fT+Z9qm8ytzTfFUGgWsnkQf9tq8b03UvJl/cVqTa9PNF5Hn19IvdPkqtaVSXMdhr3xInvOftNc3qXjCeb/AJb1hzXnnVXoEWLzXp5pfIqnNqU9dB4b+HuueJJY4NL0mWWSX/UxQ/8ALWvoD4D/APBIX9vX9pCXHwe/Zz8Salb/APQQl02W2tov+2sv7qtDM+W/Nm9aj+2e/wClfpJD/wAGtf8AwVlmsftp+Enh/wD1P+pl8bWscv8A6Nrzv4Zf8EBf+CkmvfF5/h38RfgJeeCdPtv9d4k1v95pn/f2082h+xjDmmdNCjVrz5II+I4dYubP9/WppviSevtT9ov/AIIw/Fv4Ar/ZXjGeK5/543en/wCqlr5L8a/BnxX4Dv5LG+sZf3U3/PGs1LsztnlmLpfFTI7LXrGb/X1YmmsZpsQQVz8VnP8A8vEFXIbPyZfIFZ+0Rw+ysegeA/FU+jyxz/8ATavsz9lf4wW95qmlwefL9o87/W18H2c08PlwV9Mfsla9BZ3VnBB/x8XU0X76vMx1P2p9RkU3TrH7OfALTIPHvhuS/nsYv7QsLyL97/0yr1fV/hFZat4Lurf7P9nuJouT5PSuE/YJvNK1jwbJofkfvP8Alt/01r6I8erL4X8F280S5EUNfJ+ztM/SMNjZUsVTjA/F/wDbA8eQeFfG+qef/wAflhN5d5/01rwPwH48uPEnxks57ASSR3V5FJeed/36r0D9vaG+m+LXiCf955l1ef8Af2vP/gNoI0fxJb6rcQ+X5X7z/trXbRpac5tnOJf1hNn6EeCrPwr8E/h9HruqeVL5UMskM3/PWKvzr+P37RUHxJ+Of2CD/VyzSyTQ/wDTWu4/ai/a0vtS+Gkeh2Oq+VH/AM8a+R/hvNfa98Vbe+n/AHkkt5Xt4PDKlR9pM/Os9x3tsRyxPujwT8H9K+Knw5uP+JV5t5/1xr4X/bA+Ceq/Cvxb9unsfKt7qv1o/Zd0GfTfg/Jbmw/eS18R/wDBUq0g1KKOAQfvLXzf9VRgsR/tBw1adL6nb7R8N6Nef8sBXQabqXk1yfEU1ammzf6v7OK9s+Ymd5qUP9peHJP+uNfsJ/wSR/ain8Yfsg+H59cglkvNLhl04S+d5n+qr8e/Dc/nWHkCv1A/4IYabBr3wB8QeFbGx/0iLWJZLOavAzSn+6PrOC61OnmHLU+E98+PHiTSfEdpcQX3jGO2kl/6Yy18j/EjwT4Os5bi+0rVrm5k/wCe1fXHxb+AHnRSQX1jJ5kv/Lbya8r179nDz7DyLjzYvKrwYe15T9iq/U+TmpSPi/xVeX32uT7DB/1xrl4dZ12bUI4PsP8A0zr7M1P9mO+mhzYeGvtP/XWqej/sl6rq8v26fSrG2/6Y/wDLWoJhVwtON/aHgfgPwHrfjCb7DB5cUkX/ACymr0DUv2b/ABxZ2Efn6HFJH5P+thr6k+Cf7Ivhuyvo7i+srGO4/wCe3+tlr3iH4MeFdNsPI1zQotS/6bRXlbU6RFfNsJ8HOfnPoPwB+2RSf2rpUv7qtSH9lf8AfefB4clij/6azV9seKfB/wALNN8yDQ4I7a4/543c1eV+MLPVbwyWMEEvl/8APaGj2bMKeNoVWeV+D/hjpXgmXPkRf9/q6jxVNPqegeRY+HIov+uU3+trPh+G3iTU9UknsZ4/+uM0NekeA/hXc2/lza54UtrmSX/ltNDWn8I48dPDy96mfOfiT4P6rr11HP8A2H5dvL/rq1PDf7NFjBLGJ9Dlj/7Y19YXfhueztfPsfA+mxf88fKh83/2rWf/AGZfax/oOqweVHXR7WsfM1acKp+c5m1PTNZ8+3g+0xxTf66GvbPg/wCKr68tft99B/rf+WVdZ/woHwdDL58GuRxRy1sabpvgDwIPI0q+ivpJf+WVeFiKnKftuGy2nH+GdB/wjZ17Ro77VZ44v+uv+qrk9Yh8OWd/HpWlX1c342+Kl9N/xKoJ/wDlt/qYaPhh581/9u1Ww/eed/y2qaUP3py47Auh8B3ng/wfPZ39v9og/d+d/wA8a+tPgn8MbG81S3uJ9K8vzYYpIa8n0GHw5pthb65fT+ZcS9v+eVe0fDz4t+T4Wt/IsfKktf3f/XKu+P7pnwWZU63MXP2lvCx/sG4ngg8q4tdNlr8b/wBsbTdchluL6fzf9d5lfuhZTW/xH8LXEF7Y+bJLpvl+b/z1/dV+W/8AwUs+FZ0HQZLL7D+8tZv+/sVezhLHm5pOM8u9n/Kfmfei5mu/PzWx4b1LyZY6saloPk3UmleR/wAtq6DwH8Jb7Xr+SCCD/ppXr+0PzH2f7490/ZF8ewQ+LY4NV/ex+dF50Nfvh/wTz8CaVLoFvrlvYxxSRQ/88a/D/wDY/wD2Y9bvPHmnz30Evl+dX9B/7FPgmfwf8KLe1uYusMX+trmm/a1oxCr+6PJP+C2PxK/4Vv8AsK+JL9ZvKklr+Rv4ha9PrHiO8vp/+Ws1f1ef8HB/gnVfFX/BPHxZfaVP5cdhZyyTV/JXr/8Ax/vXp0PtHFV/hElnMfNrQ8/2rHhmrQhmq1scxYrQ03TfOl/1FaHgrw3/AG9LHAYPNr7D/YF/4Jp+N/20fjdo/wAK/CFjJFbyzeZrGo+T+6tbX/lrLTLh8R9Hf8G43/BOO4/ax+LN38Y/iT4eif4f+DjF9shmi/5Cl/8A8srX/rl/y1l/+21+6P7TP7X/AOyD/wAE+fhWvi34/wDxP8O+BNAtoPL07T8eXLceX/yytbaIeZL9IozXkfxf8V/s3f8ABDj/AIJy33iTw1oMUeheC9NMem2H+rl1rVJeIxJ/00ll6/8ATMSelfysftyftvfHv9u742ax8evjx4uuNR1O/wAx2dpn/RdLtesdrbR/8soq5va1Kr5Dqah8X2T9vPjn/wAHlP7PXh3WJNP+AX7KHiXxJZxf6nUfEOvRab5v/bKGK6rY/ZQ/4O9f2T/jT4wt/BH7TfwD1f4dwX0xih1201L+17CL/r5/dRSxf9+5a/m0mm82pLO8+xy4go9mpLUiErS0P64P+Cgfwv8ADfxO+DGm/H/4Na3Za14UurP7SZdJb7RDJbS/8vMUsR/1dfnf8Qv2LvDnxJ0mQ2OlRSebD5nm+TXkX/Bsb/wUh+Ifw4/aRsP2D/inqsur/Dj4o3E1lpulXpEqaTqkkUsscsQ6iKXy/Kki/wCmsUvY1+oMnwHH7NHxxvvh7rVgv/CMapL9o8Jyy9Iov+Wtr/2yryK8cVha/PDWP5H65wdmmXZnl88DiofvF8MurXb1R+J/7RX7EM/gM3E8FjJ/0xm8mvmvWNBns7ryP+eVf0W/ts/s4eA/HXwtkuPDPhm2huvJ/wBZDDX4/fFT9lG403xTcW9jY+XJLNXTLG3R4ON4fVOvPlR8x6F4bnvJfI+z17Z+zrps+m+LdPuPI/1U0Uf/AFyrvPBH7MU81hHPPY+X/wA9pfJr1z4S/s6z/wBtxwWNl5kn7ryf3NctXG6DyXLHHF2P0U/YO1f7H9j8ix/eXUMUcM3/AD1r6s/aEsp4vhV588H7yKH/ANpV4v8AsGfBSbRoLPXNVspYfssPlww169+1h8S9C8NeAbiyuDF/qJc+bXhv96z2cxrww+ZUvZ/ZPxR/ao0a413x7qGqiD93FefZv+2ted+JLOx8K+HLifz5fM87/Xf9Na98/ao8beHBr39laVB9mji/efvpvN/e18f/ABt+M1jeRSaHBcfu4q9DBUqtT3jhz3N6U9DyP4neJINYv7ixg/1fnf6mvSP2Cfg/cfE7402dvbweZ9l/eV4fDP8A2lf+RYwebcXU3lw1+0H/AAQw/YVgs/Dlv4x8R2Mn2iWHzJv3NetiZ+zo2Pz32vtMTc9w+G/wNuNH+H3FjLFH9j/541+Yf/BVDSNK0f7ZBBYx+Z/z1r+gj4zeG/Dvg/wHJB9h/dxQ/wCqr8F/+CwOpWPiTXrz+y7Hy44v3f7qvJw1X/aoRPcp0vaYKcz8u55SZJOKuaZe+31rPvP3N1JAKsQzV9afJPc9M8Bzed5cFfrZ/wAEGNSg8K/DTxBffYf+Xz9zL/36r8l/hKYJu9fsx/wTN8FWPgP9k+31X/VSXXmyTV5Oa60j6XhPDOripcx9GfGz45WPlfYNKvoo/K/13m+VXzP42+M99/bMk899+7rm/jl8SINN8R3H7jzf337mavn/AMe/FrxH9qk+0WUfl/8APbzq+fhTpU9z9ceAdGh7p7pr37S3hyzi/wBI1WX/ALZVhw/HnwrNf/brDxHL5kv/AD2mr5j8SeKvOtft8+q23/bG8rj7z4kX1ndeRY/6v/rtXTh6VJ/CfL4n91VPvzw38fdV02X7RpV9Lc/89ofOrrP+GqJ7y1jsZ7GOOSX/AJa+d5lfn34O+M2labLi+sfMk/5bSyzeZXpmg/H7XIfL/sSeWxt5f+uVaVdjlpU41pH1xo/iPwr4kupINVsfNkl/5bV1nhX4J+E/El19usZ7nzJa8H+CfxI86/jg1bxHc+Z/z1u4Za+oPhv8QrHTfLNjfW0n/TaWvNqVKx7Moezp/uzoPDX7N+uXkkc9j+68qu0h+EvirTZf9PgllrY8KfGeCKKMT+V/3+rvNN+LWh6xa+RPWtKn3OCpUrvQ8n1ibQ9Ci8ifQ4v+/wBXJ6l4q8D3fmefpUUf/Pb99XrHxCh8K6lFJcfYJf8AtjXifjbQfB00sn2DzY7j/ptXcvYilRonw/4r+KkGsaN/p08UUn/LGauHh1eeG/8AP/tyP/rr5372tDxho/hzSLXz76G58yWvK9e1nybqSCxuJP3VfJVD+k8LShTXuHrk2m+FbOL+3L7xV5f/ALVqno/jbQ/7Zj1TQ76Xy4v+eteN6learrP+vvpf+uWa2NBh12Hy7GAfu/8A0bXRSqnj4/C1qr5on1B4U+M1jZwxznzbmSWb9z5s3+q/6a17J8MfjNpU2px/br7zftX/AH6ir5P8K6bPe6NHYzw/Zrjzq9E8BabqvlR6VP8A6NJ/zx/6a13e1Plq2Ue1lqfdnwH+M1jo9/J4bnn82P8A1kM1fHf/AAWS8SaVDF59jP8AvJa9A+GOsX2j6rZ319BJFH5PlzV89/8ABW6ae8tY9V/6YxV6WB/e1j47ivK1h8Fz0z4T1O8sZtZ4/wBXFX0p+yvD4avPFFnbzwRSx+TXx/e6wBr3n4/dy19Afs3/ABIsfDctnff8tIpq9uofjXtPfP2c/Y/+DPgDUvseqwWNtFHLNX6P+C9OstM8OW1jYweXHHFgV+RH7HP7SGlabYWcEF9H+9r9RPgP8TbHxh4Xs/3/AJv7muLDT/2r94GJhdc5z/8AwUB+D9v8cv2QfHnw5mg8yS/0GXyIf+mtfxl/HjwHqvwx+KGseB9csfKvNLvJY/Kr+5e8sYLy1ksp/wB5HLD5eK/lg/4OTP2J9W+AH7ZuoePtD0OWLR9e/eedDDXtnnH5rwzVqaP5E0vkVl1oaCRDL9oFaGZ9OfsZ/DGx8SeI7OCex837VN/rpq/p1/4JY/smfC79mf8AZ907VfB+k2/9qa9ZQ3GpXqxfvTmMSeV+tfzHfs0fFqx8Ey299/zyr9+v+CB37ed1+0h4S8UfCTxbeRG88Ni0uNHGP9ba+WIpD+B8r/v7Xn1PauvFnrRpU3hPd+I+bf8Ag86+K+raF8Avg/8ACaxuJI7PWfEmqare4/5a/ZYrWKL/ANLpa/nX1Kbzpf8AX1/Ub/wdIfsD+PP2vv2QdE+KHwr8IXmt678Ob66nFna/vP8AQboRG6l8r/pl9miNfzJ6n8K9b0G4ktr63k8z/nlLDXZSpOGpw8hzUNnViGzt89a9v/Ze/ZS8ffHbx1afDvwv4I1LWtX1OXy9I0nT4ZZJLqX/AK519Z/t+/8ABv58X/2FP2Z7D9pr4wfEDRdJtp9Titrzw/FKZJbbzR2l7yf9Mq6OQ5+f98eWf8EHPBWq+Kf+CsHwI0vSYZJJIvHdre5i/wCeVrFLdS/+Qopa/pv/AOCj3ha11n4UW2s7P3+m3nmWc3vX4/8A/BoF+wl4j8U/GXxT/wAFAPG+hSW2ieF7GXw74Ilmh4ur+5/4+pYz/wBMrX91/wBvVfvL8XfD2geI/C32PxBpsd3Bv8wRyjpXmZgqroSVM93h3GvL81pV3ryyPywj8bfFTSpvs9m93PBn97DMOted+Nv2fPEPxH1SO+0Tw7JFmbzJYvJr78+JPiX4R+AG8iXwvbx/9sa8a8Y/tofDbwgS2jeGbZnj/wBT+5r5Kjl+ZN6SP3XMOM8ixmH9+kovvc8f0v8AYb8c+I9IjtrDw26N/wAsTHFXun7NH7D7fDmyj1D4hW8SXEU3mS72GPzryLX/APgp7460+aQ+H4bGzjHTzrQ15p8S/wDgov4i8ZW/2Xxn8Q7iK2/597L/AJa16lLKcRP+Ifn2K4ky+jJ+xkl6H398Qv2lvhX8MtFk8P8AhyeO4uYv4Ye1fn9+3t/wUP0Ob/im/t0fmRfvLyaGavmP9or/AIKKeFdH0uTQ/Cs9z/22mr8//i1+0J4j8e61cTnVZPLlr0aWVpfGfGYjO5Vq3NA9Y/aE/bA/4TDxTeX2lfu/Nm/c14PqXxIvtYlk+3Vyc15PNL/00rtPgP8ABnx/8cviNo/wy+HGlS3usazN5cMMMPm+VF/z1r0qWGo0aJ5VXE1sVV56h9Gf8EzP2dtc/aQ/aN0Pw5oelSX0n+tmhih/1Vf1Cfsx/ALwr+zH8JLPSNUmj+0Qw+ZeTV83/wDBFv8A4JK+Hv2APg/H4u8d6WZfGmqWvmXHmw/vbX/7bV/9v/46/HbxDLceB/hVockWnxf667/56152Ji37x04Ogq1blbOU/wCChH/BQ74c+FdG1Dwd4c1yK5vP9XX4p/t4fGD/AITDS5DP5fmS17B8WvCvjGz1nUNc8Y30tzJ50v8ArZq+K/2o/Gy3ktxY1y4LA1KmI9pI+kxuJoYXAezpngc032y/knFSQzVTqSzm719AfE7nuH7Mug3/AIx8WaX4WsYPMk1S8itof3P/AE1r9wDpulfA34GaX4On1SOKSLTYpZof+mvlV+b/APwQs/Z6n+J3x9/4T/VtJll0/wAJaPLe/wCp/deb/wAsq+3P2itN1bxtqH+nar9mt4v3c1fJZvjH7fkP17w/yT2q9tUPG/i1eaVqVhcX0F9FLcf88vOr578STasLrz/7K/8AI1emfGCz0rR5fsOlT/u/+e1eN+KtYt4Y/s8E9cVOdz9KzfDxoUNCn4q8SeDobXN94cufM/6ZTV5frGsWN5f/APEj83y/+eMs372uo1j7NqUUk/26WsvR9B0q8uvInnlr0aX7o/K8dQq16xh6bD4jm8zyIJfMr2D4SXfjizsPI1W3kkj/ANXXQfDf4b6HZmO9v76Ty69Mh0fwBpkXn2N/c/8AbGbzazq4kjDYZh8PdYns4vPvp69U0f4hQWVr55sZP3Ved6b/AGVFF/oOq/Zv+mv/AC1qxNqWlWkXkfbrmT/rlNXF7Q9dU5Uz2TwT8fvtl1J/ath+7r2D4e/H7Q5pY4Z9VuYv+mMNfIena9YwxfZ4b/8Aef8ATaGuo8Hza5rF/wDYYJ7aL/rjNW1xVKFWXwH354b+KnhXUovIgnik/wCu1cv8QtN8Oal5l9B5ttJXnfwl8IeItS+z+QfKjr1D/hXurG0kg1yCSX/pjXXS2PJq05Udz5H8efs62+sWHn+fbeX5P/Lb/llXid58B/7Sv5IDY/6r935teyXnxO0r7J9n+z+Z/wA9vNqxo/jWxvPMg0rSvL/5aV4X1akfsWB4kq4f+IeJzfs032m/6fY2MtzJ/wBNv3ddx4I+B1jpv+g+KtD8uT/0VXtnhW8Fnp8k50qK583/AF0Nc34l+J0FnqEmlX2hxf8Af6l9WontU+IKdcw7P4S2Nlqlv53+r/5Y16xoPw90PWIY4LHSvs1xF/yx/wCeVeX3nxasfK/sO9Plx/8ALG7rc0H4kT2ejx32h33lSRf8tv8AnrSp0zGrmmDq1LnpE95pWheXBrkHlXEVfLf/AAVLvbHUvh9HPBD+8ih/1tdp48+KniPXtUjvoB5vlTfvq83/AGxvEmlfFT4D3EGlD/SLX/XRV6+D/czPleJKMMTl01T94/NebWPOlruPh74kns5a838SQz6bqnkfZ/LrpPCusW/2COCvpY6wP53rU3SxB9sfso/HKfTfsdvPceZ5U1frR+wf+1dod5a29j9u/wCmdfh/8DPOvIfsOlQf8sa++P2FZtV0G/8A9O82OOKaKvNrnsUcC8VR5z9z/C3iWx8SaPHfWM9fHH/Ba7/gnxpX7cH7O9xbwaXJLqlhDL5MtpD+9r0D9mn4/aVZ/wDFOX19+7/5Y19KWN3Y6xafaIJo5Y3rsw1X2tE+fxGHrYWsfxL/ALQn7K/jj4J+I7jQ/Edh/qpv9dXmcFnfaacmCv7Kf2n/APgmX+zL+0jb3l/4l+GGkSahdf66aXTov3tfld+29/wQH+B+gxXk/wAOdKudE1CL/ljFN+6lr0tKdPmLo01X+E/Evwr4qvtNlj/f+XHX3F/wTB/bi8d/svfHTTPiD4EWK6U/ur2zlm/4+ov+WsVfPvx+/YI+MXwe1S4g/sO5ubeL/lt5Ned+Cbz4m/CvXo77StElikim/wCW1cztV+E1p1KmEd5q6P7Av2dv24Pgt+0B4Js9dtdYttPnuYc3WlarcCOWL25/1tfOP7c3/BMX/gid8Z7u7+J37Q2leG/CV+433mu6J4yj0qWX/tnHL5Z/79V+Rf7Fv7VP7afxav7fwB8MvgTq2t3Ev7v/AIl0PmxRV9j/AAy/4N9/2hP20vFv/Cx/2utVk+G+ly/67SdOvPtN/dRf+ioqKP1qEtdjnrVMPUfNBHuv/BOXUv8AghH+xn8TtT8P/sa+K49X8Xa032a41v7Jf6tfRw/88Y5fK/dRf8tcRV6r/wAFCP8Agm34i/4K1+LfB/hf49+IL/wX8IvB2qy6jdaDZTR/2v4ovj+6AlPMVrbRReb/AM9JT50nSva/2KP+Cbv7H/7BfhoeHf2ePhZDY3UxH2vXr+U3N9dHrkyydB/1z4r3y7mMMMk8MHmVr++MPdPGLfxB+yx+wz8NvDvwh8PPonhLQ9Mto7Lw54esDs/d/wDTOIf+jK5L42/tsaTo3hi4n8KmOP8Ac/uZpq+L/wBqL4YeI9f/AGm9Q+KfxN8Ry3slrN/xLbTzv3VrXl/xU+JE/wC7/tW+k8v/AKazVl7Op7T3xVq0KK9w6j45fH7XPEl1Jq2q6rLL5v8Arq+T/i1+0h/Zv2iCD935X+umrL+P/wC0JYWdhJBY3/7uKvhv4zftIar491yTwd4A0q51K8l/5ZafD5tdHKjndarW3Z6x8Vf2zJ4bqSC31uSX/rlXhfjf9pbxV4llkMOuXUddp8H/APglp/wUm/aduo5/AH7K/i25jl/5e7uz+zRRf9/a+v8A4I/8GkP/AAUQ+IskFx8W/Hfg/wAC2kgzMJbyW9uY/wDtnFxUCUYH5ea9rF7rEsk899JLJL/z1rPs7OfUr+PStKglubyX/l0tIfNllr+h39nn/gzi/ZL8ISJe/tG/tHeOPGEygZ0/QBFplr+f72Q/h5dffX7IP/BIH/gnl+w5OdQ/Z9/Zn0S11gn974i1aH7bfdO0sv8Aqv8AtmBWl6Jofzof8E7P+Den9vz9u7XrPxHrng65+HHgf/lt4n8T2fly+V/07W3/AC1r+gf/AIJof8EYf2Ov+CYvh4SfCzw3N4g8YXcP/E18b+IFjlvpf+uf/PGP/rnX1zqWpaVo9r9ovr6OKOKvK/i38e9Vs1k07wDf6dHJs/4+7s/6qsatWxoemeJPFfhzwtYSXOuarbW0cUPmfvpq+U/2p/2x/B0OgXn9lwRfY7Xzf9Lu4f8AW18r/tdftFaT4V164uPH3jeXW9Qi/wCW3nfuq/Of9rv9vDxj47luPDkHiqT7H/z6VO45ydLVEn7YP7Tlj4q8R6hPYzxf66X/AFNfn38YPFX9vazJXYfEj4n+d5kEE/8Arf8AXV4/r2pfbJpMCuin+5Jq1atVFPzv3tWNNhnvLqOCG382SX93DF/z1rL8/wBq+uP+CSP7Jc/7RX7Rmj63rll5mh6DN9pm/wCmstZV6nsaPtD0sny2tmGKhTpn7Cf8Ekf2e/Dn7Lv7FtvPrkEVtqniiH7ReSzQ/vfK/wCeVZfx+1P4V6/LeWOlWPlf89rvzq9c+IWpWN5Fb6HY332K3is4raGKL/llXk/jH4NX8MdxfQW8n2e6hr46/wBarXZ+65XgnkkEnI+Z/id8K/DmsWvkaHfebJ/01rw/xV+z14qvPM/cebHF/wAtoq908eeD/Eeg38n26382OKaq+j6xND/o4gj8v/njROlVR788yweK9yofM83wH1zypMfuqw/+Fe+I9Bl8ifSfNjr7c0ez8HXtr584/wC2Pk1j+Kvhv4V8SS+dpU/2H/pjR7WscqwOV1qh8x+G9Y1yzikgng8qP/njWhB4qvbKX/USyV6xrPwZ0qa1/wCP6OKT/nr/AM9a8717whpXhXzJ/wC1Y45K83EYuFLWZ6OH4Wo4qVqZTvNe1WYRz2U/lSf88a6TwHqWqaza/YZ4I5a+dPiL8Rm07WJNP069823/AOmRq/8ADL4yHTLuP7dqkkcfnf8Afqp+uv2ex6P+qUL8h9ieA/BM+pX/ANnnr6E+Ev7Mel6lqEd9BcReXL/rpZq+b/g/8WvhVeWEc/8AwnHmXH/PKvWLP48QaZYR/wBh6rII6uOJpl/6pSS90+3PhX8PfB3gSKP7R4ij/wCm3kzV3mpeJPhzDpf7/VftP/TGvz70H4/eP5rmP9xJ9nruIP2ir7RxHcwaHLeyRf8ALKWauzDVT5rM+HKFJ/vD43/4TC+16/kg/dx3EX/Lb/V1ufD3Utc0G/8A+JqJYpJf3f8Arv3UVWJvhvqujxf8SrSovs8v/LWu08H6DYwWtv8A25by/aP+ev8Az1q6v8M+Vp0q3tPiOg8H6xqmpWsmlXH7q4/5Yy+d+6lrP8YefeaXJ9osZftEX/TGu00fR4MRw6hfSfZ5f3sMMM0tdZqem6VrGl/vh5skX7uaWb955tcnsmehTpYmnA+J/HnxCn0GLyJz/wBNPJ/55UWfx+0q8v44PP8As3lTf9/a7T9oT4M38015cW8H7uX955X/ADyr5b1jR77wrqvkX19H+9rePkebOpjPbH1J4J16w1mXz7G482SWHy6seMPhLqv9lXmlXEEv+nw+ZDXk/wCz342h0HXv+Qr+8l/d+d/zyr7A0f4haHrHw4+z6qfNuIv9TNVRqWrH1WWQrYuhyH4//HLR/wCx/EdxY+R/x6zeXXN+Fde+xXUfnj93X0p+3X8K4LP4g3F9Ywf6Hf8A7yGvmebQZ9Nv6+ro1FVon4lxFl9TA5pUR9OfsseKtKs/Ecf26eOKOWav1M+AMPgCHwvHPBfRSSSw/vpq/EPwf4wvvDcsd9B5nlxTV9YfA39tK+0fS7fSp76T7P5P76vOxtKt/wAuzuyDMaFP93UP0ovP2hD4P1m3g0qf/Vf8tq+l/gV/wUAtfD2n28HiXVPNs5f4vSvzE8N/GXwr8QtKxYz+Z+5/ffvv3sVdQPFV9e6D9h+3Sf8ATnd/8spf+mX/AF1rnpN0D6XEZRl2YrmTP3C+G/7Q3wx+KemJf+GvEdtJnrFmtLxv8N/BHxP0v7D4j0qK5j/5Yy1+GfwZ+JHxN+G/i231zwr4qufs8v8Ayyir9IP2V/22NV1m1t9J8VDzZP8ArtXpUMbPqfC5nkGIwL9zU3Piz/wTT8HeKvM/sqC2lt5f+WM0NeD3n/BAH4ZePPGUeq+KriLTdP8A+W0VpD/ra/Rjwt4u0nxPpsd7ZT/Ws74mfFnwP8KtAuPEPjDW4rWOGHzB5tejTqKqvdPm5yrUfcmcr+zb+yT8AP2TvCCeF/g58P7LTIzFi7u44I/Nl/66Sd67XUfiL4R0m6+w3GsRvcf88Yq+TdY/au+I/wActZk/4Ryf+yPDf/LH/nrdV7R8A/hXpU9n/wAJxrll9ouJf9SZadS8Dl+sc3wHZ+L/AImTWVrHPpMEccZ6zXh8uvPPiF+0t4V8N+F7ic639puIof8AW1H+1n4I8Y+NYbfSdDvo47OL95NFXwv+1p48g+DPhP8AsP8AtXzZIpvLmrow1P2pzTxEl8ZH8TvGE/iT7Rqt/wD8vU1fDf7V3xmt9N1S40qC/wDLjtf+m1e4eJP2ltDvPhpbz6fP5sksNfmf+1p8bJtel1SCCeP7RdXnl1nV/wCfYfxiPStM+Kn7aXxp0P8AZ6+EhllvPEepfZv3P/LKL/lrLL/0yr+hj/gm1/wSS/Ys/wCCfnwvs75fBuieIPFksMUmpeLNW02K5uZZf+mXm/6qvy//AODb/wDZ5sZtU8WftDarb/6ZFDFoujy/88vN/wBbLX6yeK/EmleD7D/Tb7/lj/y2mrmqY2lhv3Z6uFwc6tM+iP8AhePgXSI/sVhBHbW8X/LKKHyq5/xJ+2N4O0f9xBPF5n/Xavgf48ftc6V4VsJILe+l8z/nrXxP8Zv22PFWpapcf2F4juY64frp3Ryuufshr/8AwUg8KaafIg1ax/7/AFeb+PP+CnFvN+40rxHbf9Nv31fiHrH7TniOzuZLi+v5ZZP+u1c3r37Y3iqzj8iC+8qn7WsRUw3s9z9YPjN/wVb8n7RBpU/2n/ln9rmm/dV8t/GD/gq5rmveZBP4xitrf/nlaV+dfjb9orxX4q8y3n1WX97Xn+s+Np5v9ffSV00qEqvxGFWqqXwn0R8c/wBsafxhf3H2GeWT/rrXzn4w+JV9rN1IZ565fVPFX/Lvbz1zepaxPXbblOPWqXNW17zpf9fWPNeeTUfm3EsuIP8AWV7p+zd/wT5+O/7RF/HeaPoFza6X/wAttSuxxXNXxVGm/fPfyvIcfmE7Qp3PM/hB8MPEfxa8WW/hzw3ZSy+b/rpP+eVftp/wT9+A+lfsrfBCO4ng+zXl1D+5/c/vZf8AprVP9ij/AIJp+D/gTo9vdJonm3n/AD9zQ/62WvpzxL8GZ7zS8X0/l+VD/qa8mtUrYp/3D9XybLsu4dpp1n+8Z4n/AMLsgm+I1ncX17LJH9s/ff8AXKvqyz8VeDdY8GSWM/l+X5P+ur4P8Yab/wAIF8S5DBB9pkrrIfjlPpth9h1XVfKryZ4Zxeh35lm2HxB2HxnvNKvPtGleTH5n/LGWvC9e8KTi7/tXz44qk+IXxygN11/d/wDLGWvL9S+OWq/b5IMfu/O/1VdP748eeOw/J7h6xpk2lQ2snkWOZP8AptNXL+K/PmupJ/sNcnD48vrz9/58UX/TKsfXvGGual+4gn/d0GeFxdWlW/iGX42+J/8AY80lvPfyRSRf6mvE/i18YLnX4vs9rqkn7qvRPFXhzVddluDBY+bJXi/inwdBps1w08H7yvn8ZS/fH6/w/mtH6v8AH7xwmpXFxqM8jqaitDP5nMslXLyzI/1H+rqOzhnm/cQQfvKFtY66uMj7b2ntD0X4NfEIaDq3+m3vmV9n/AHTPDnjaWO+0r4m2NtH/wAtvN//AHtfCfg/4fa5rF1H5EH+tr6U+CfwN8VWdrHrljfS20n/AE2m8us1gearfmOXHcVfVsFNH2pqX/Cq/CmjeRfeKotXvIv+WsXmx14/42/aQ8OaDFJY+fZWXm/6mb/Wy15n4q8H+MbO28ifXJZZP+u1ef6/4b1W8kjt9VHlSRf8tfJr6PDYKjSon4pm3FGMrVv4h9SaD8bND02wkg1WeKSPzqp+Kvi14A+wefpWuW0flf8APGGvlvUviFq2pD+ytVglsZP+uNcnqXirVbOWSxvp5f3v+plhrzcTV9n/AAz9SynLaVSt+8ifVn/DWllZ3VvpU2uebH/q5pq7zwH8ePDk+qR+f4qiuY5f+m1fnfeajqtn/p3n+ZHL/rq2PCPxT/sC/j1MzV4/9o1j72PD+AxEPdZ+pl5o/hv4g6XcT+fFFbSw/wDLX/lrXx/+0V8H7Hzbj7DD+887/tlVP4fftf6JLH9i1aaX7P8A9dq9M17xt4N+LPg2Sx0OeP8AdQ+ZXXhMbD37nzuP4QeHre0+wfG82sz+A9Z8n975kU1eyfDf9oSaaw+xfbpJbeWvN/ip8PNVtLqS+sYfM8quT0GzvYRIIFkj/wCmVedi8xqI+w4a4Xo1F7h9AfGz+yviR4Ijn/5eIq+X9e8Bz5/48f8AVV7B8PdSnvbWSxvf+e1dRZ+FbG8tPIuYPL8r/XV7WTZv+6sz8w8SeAcVHE+2p0z5jm8Eie1/1Hl1HZ6Drumyx/YZpa+lPGHgnwr/AGN5FjBFHH/y2ryfxVo+labL5FfR/Xfan4XWyTFYaZ0Hwr8VX39qRwQQeZ5X/LGH/lr/AORa+mPg/rGq6ldf2rfQfvP+e0U0sXlV8R6Nr1v4b1n7dPBFL++r6c+CX7S2hfu4NWsdN0238n/j7/1stc2IftDqwNavhXqfUGm3l9o8v9q2/lRXEX/H5+5/1v8A01r0zwJ8cvEcMvkX+u/YpIv9daQ185+G/wBpD4c6xF5EEHlR/wDLGWab97XSTfFr4c6PYR67Y6rJLcRfu5pppv8AllWNOFa57+JxuFqYb2lQ/Qj4P/tLQeG/C9x4x8cfECK20Ows5ZJpZpvLr5z039sC+/4KEfGiT4geI5pLL4Z+F5vs2g6d/wBBS6/56y/89a/Pv9qj9qjVfjNqn/ClvB2uSf2PL+81jyZv+WVfSn7GemzaP4X0fSrH91Z2vlV9NhaXsaP94/IMdioYrHTS+E+/PCs08OvSTarfx6bZ2s377/pl/wA8oq+sP2dvjBY+MfCX/EqsfLt7X93DLL/y1r819Z+Ld942+I/9hwfurPzvL+yRV+kH7Jej2Oj/AAqt/wDlnJ/y2oq3bMaVNUSv8cvizpWjxSWOPNk8n/njX4t/8FOPHk//AAlGsTziSKSX/ptX6oftseNtK0HWpJ4NKjuZIof9d51fiX+3V8SPEfjbXtUt9V8yL/W+TFLXo4X92jSvGi6Z4H8Mfj/9sluPA99PJ5kXmyQ185+Kte/t7xRJPcDzP9M8yukmhn8K/Fbw34xt5v8AR/7Sit7z/rlL+6/9q15n5M+g+LrjSp/N/wBFvPLmrn/5fHNCmqTP2M/4I2/GzQ/hL8CI/Dk8H7y6vPM87zq+qPip8YNK8VaVJnxHHHJ/39r8u/2RfG0Gj+HLfShP5flV9Mab4wg+y+RB5snm18/mVKt7b2h+m8MVcr9yFUPjAZ9YiuILefzK+a/Hnw98R+VIYJ/L/wCmNfTl5DY/ZfPnrh9Ss9DmupJ568bkxR+sYShwzWZ8Z/E7w3rmhWHn+f8AvK8T17V/Ef2qSCeavtT4teA7HxJfyfYa8TvPgP8A2lf3EAg/5bf66u7BYqtSl+8PH4l4RyvEw9phJnz39svv+Picy1T/AOJreTRwQQSyyS/8sYf3lfo5+y5/wRz+Jvx4ij1WDSYtN0fyfMm1bUYf3Vfc37NX/BNz/gnr+yPcW/ijx9oUfjTxTF/qYpYIjbRS17SxtR/DE/NanDtLDfxJx/Nn4c+Cf2Lf2r/idaxz+B/gT4kvo5f+WsOmy/va9s+B3/BE/wDau+Jd5HP8QdJt/B1hH/rjrMv70f8AbKv3U8V/tYTSr/wjfw+8PQ6Pp/8Aq4YtMto0/wDRVcva6PBrEv27Vb6L97/z1mrjxFXFT92Ej1MrwWRYWfPW94+RP2Xf+CUH7KvwBuI9R1zRT4t1rP8AyENR/wBVF/2yr7L8N+CfCug2Ef8AZWh21t5X+ptLSGpJvCnhy88uCwvov3X+u/fVc/4Svw34Vi8+zgtpY/8AptNXNChKHvy96R9BX4hwOHhyYVckTU02a+ml50ryo6p/E74neHNB0GS3nvraOTyf+e1eP/Gz9sb+x7WSCxnji/64zV8P/Gz9qLVfEniO4gv9c/dy/wDLGKuuCqs+Mx2ZVsRV9pJnsHxm+J2h6l4juJ4IP3n/AD1rwPxt481SaOSCef8Ad1x+sftCwWnmQWMP+t/5bVwfir4qf2layeRP5ckv+urKZwrFYiq9DqNY8e6rD/x4655n/XWsOH4karNrMnnwR/6n99XBzQ63qV1/oIrc8N6D4rhuv3+hSS+V/rqj2tE9DDYbG1TvPDWv3E3mG8nlirpNBvB9vjgt77zP+mMsNWPBPww1W70W31W+0uWWOX/lt5NegeG/2etc17y4PIl/65VwVKp9Fhcprey9oFlpv23RpPsEEX/TaWKGvB/jB4Vvpr+4t7Gx/eV9maP+zH4x1e1s54NV/eRfu4Yf3tY/xO/Zd8Vwxfbr3Srb7RF/rpfJriq7n0uCoVsHtI+F7P4e/wCi/wCnWP8Ara0PDfwxsf7Ukgng/wC2MMNfWE37Peh/ZY5/sNtH/wA9vtf/ACyrY8N/A2xspbi+0qC2uZIof9dDXNW9w9ijWr1GeT/CT4Vz2eqR30GleX/12r1TWNN8R2dh/oM//Xa0h/dy11EOm6t4btfI1XSv9Hl/5Zf88q5fxt4qggl/ceVJ/wBMZpv3tduG2OPNMJ7aPszyf4n+JPEem+Z5GueV/wBMbv8Ad1x+j/GbxVZGTSr4xSSf8sYpoYvKrsPFV5BrHmTz+Z5kX/PG8l/e153qVn4O1L9/Bqtz5kX/AC6Xflf+ja9KliaJ8JjskjTkfVE37N/gDxtp8fkeXHcf8tvN/wBbLXF+Kv2G77EnkaFJ+6/6Y17B4J+L/gfwfD/oVj5dxXN/FT9rXz5fsUEEted9WufpuHzhUa3KfMfxI/Z0vvC1rcWM9x5Xlf8ALGavnDXJRY6pcQ27/JG9fS/xU8YwfEK6uP8AiX/6qGvnfxf4b/0qQQceVXjVKVKhW5Gfo2CzGNbCc1Ig0fWhaXMcwmr6/wD2CdY8Oal4l/srxVB5lv8A88a+IIJmilyRyO1fV/7H/g/VdN1Wz8f2Nh9uk/6azVDw79qnAwzTPIwy+UKkz7k+MH7Ivw58VeDZNc8D6rHFcSw/8elfI+pfso+OP7aksp9D/wCW3+uhr6os/j9rmmaL5Gq+HJY4/J/5Y/vKr6P8ThqUsk8GlebHXcshp4s+PybxOnkNbkn7x4v4J/Yh8cXkX26CCTy/+uNHxH/Z88ZeCbGOec/vP+uNfWHgP4wQfZfs/kRx1c8VaxofiqLFvYxS/wDPb9zWv+q9ajrTkfWPxkynMf3eKp+6fm/4q/tWztZLGexk/e15H4xg1URf6iTzIq/UzTP2dfB/iu6zcaHFJ5v/AExroIf2G/g7D+/n0K28yuijleaUz5jMs24HzD94vcPxn/4RXxVqUUk/9lSeX/1xrY0bwr44+wR2/wDZUvl1+rnjD9lf4O6DL/oPhuKP/tjXlfjz4Y+HLOXyLDQ7aK3/AOuNenSwmL+3E+AzSPDs1+5mfFemzeKtMtYxfQSRR1Y8VfFSfw34SvPPg82OWHy4Yq+jPEnw98K6bayTmCL/AL/V81w6RB8ePihqF9Y2Hl+D/C//AB+Xf/P1df8APKvaw2Gt/EPyjOswp06bpUZnP+D7P/hCvA/9uaqf+Jpr15FHD/1ylr9BPgz4kHhX4c2djBP/AKZLDXwP421L+2Pi14X0P7P+787/AFVfbnwxszrE9nBNP5f+q/1td0z4/BUrv2kz60/Yh+Hlj4q+INvPcQeZced++lr9SPhv8OINB8NRwT/6yX/XV8l/sE/DfQ/Ct1p/2Gxi8z/Wfvq+5Yf9T+Fcv8U9E8C/ac+D9hqmgahfCxiluJYZf30tfjv+2/8As0+TFcarm58z/njX7qfGY2P/AAiVx59vFLJ5NfmX+1d8K9V8SX15BBP+7/67f6qtadX2Qez9pofif8WvhidN8zSr6xltriL97DFXg/x5vZofitqGtz6V9h+3+VezRf8AXWL97/5Fr9KP2kP2etVs9Ujg1Wx83yv+Xv8A5618b/t3/B+fTfDmh/Eawt/3dh/xLrz/AK5f62L/ANq1sqtFhTpdDpP2b/Ho/sHT74Tf9M5q+uPBPxa0L+y8Zl8z/ltNX5z/ALMXjz+zbmTwrff8e8v7yGvpTwr48t7SLyJxWOJpe1DB4iWHrH0peeNoLw/6DP8A9saz9H03xH4w8R/8I5oehSXMkv8ArvJrc/ZL+Cd98fvEcYsfMit4v3k1frB+x/8AsZ/A/wCD+l2+u65pMWpah/02/wCWVcX1Y9unntbDvlgfnfo//BPH4qeKtG+3X2hy23mw/wCtlh/1Vbnwr/ZR+AP7N+of254//wCKk1zzvMhhu/8AVRV+rnxU17wdrPhe48OWMEUfmw+X+5r83/2lvgn4q0jxRcX1jY3Nzp8v/PGH/VUvYTN6fEWOq/u/aEnjD9qLVdYsJNJ0u+isbf8A1fk2kPlRV5Hr3jbVptU/tWxn8yP/AJbTTVn6b4D8VaiZIIIJfLqPxVo1j4a0vyL2+j8yo9oXTr16zuy5F8VNVh/02CfyvKqvefGzxLZ3Xnwar/rf9dFXF+JfFWlaPpcnkTxx/wDXavJ/GPxUn/1FhP5tYr2xftec90vf2l9c0yX9/q37v/ntXL+Nv2nIJ7WSD+3ZPM/6Y18z6/481XUdUkg+3eXHLWPeeJIIZf3F95Un/TKtA9lWqnQfEf4kX+syyQf25LJJXi/jXxXqsMuYB+8rqPEmpiGX7RB+8kri9e1Kx1KP9/8A8fFR9ZR6FHJ8RW0OX1L4kar5uRP5tbnw316fUvMgvqw7LwfPeXUnn+b5ddx4J0eDR5fPGlS/uv3nm14+OzSjRPuMk4IxmKqQdj0D4V6PDNrMeYP+21fTngnwr4V0GCPVtcvraWz/AOeV35UVfJ8vja+hizpV99m/641X0yfxVruqSWP/AAkcssn+sh/fV4tLG1MRVP0SXDeEyqh+91PvDQfG3wy0GwjsdKn8rT5f+XT/AFleofDHXoPDcX/Ej1zTb23uv9Taf6qWKviv4Y+JJ9HsI7HXLC5jki/d+b5P7qvRIfG8+jeXPBNFc+b/AKnzbOWtantrmFOhhalPlpwPrDUviR4x0fVY77RLGO5j/wCWM3/PX/plXQTftLweJLD+y/FXhy2spJYfLml/dV8z6b8VYLPRbi+8R+FYpY5f+WWnXksXm/8ATWL/AJ5S1TvPHmualo0k/hWxluY/+W0N3/rYqH/eF7GjVfJOJ7xrGg+DvEl1JPfarbXP2/8A10MU3+qqn/wo3/hG7WTVfDk8Uv8Azxrw/wAK+JfGNn4jjg1yx8v/AJ4y19UfB+G+mit/7dnilj/6YzVnU2NK2Go4Ze5I87m8K6r+8g1Wx8uPya4Px58E/wC0v9O/sK5jk/6Yw19geMPBPhWa2+3aHfS/9NvKmrzvxJZ2U0X2HQ57m283/p8/1tdNLEU6dPU5qeGqYmXPA+I9e+FZ/tqSCexubaT/AJ61wfiP4D30OqfaPsPlyf8ALGX/AFVfbHiT4V33lSX3kWMv/XKH97WfoPwx8La9LJBPBLHceT+5l/55Vl9ep0v4ZvU4eq4lc58r+FfGH/CSWFxY65/x8Rf8ta4/xtpmq2V19tg/eRxf66vUIfgz4j8K6z5H9lRSWf8Az2iq54k+G89nYSeRYyy28v8Arpq9f2l/4Z8J7N8x8x6beeK9S8UST2MHlx1ueJPCsGvWEk8+h/ZriL/XV6RefDfxHoN19vsdDk8v/rjXSab4bn1m1jt57H/rtXBUpKpz+0Pq8Bj6mE5FFnw3r2gz6bq8lr9n4r2z9nX4h+I/Cth/ZWq/8e/+s8mavYPG37Mf/CSRfbrHQ/3n/XGjTf2V4JrCOAQSRSVy4aS5joz+NXGYbmQQ/Fu4mi22OqyRf9Ma7jwH8VPNtftwvo/9dXmfiT4EeIvCo/0GeK5ki/6bVqfAf9lf9oX4w+Mv7K0rQvLs5f8AltDX1WEl7p+M47BYj2h754b+IWlax/oME8X2yWvSPh5Bql5/x/aVJH/028mvWP2av+CZkHw3sLfxH448V6bbXkX/AE282WvaJvh78ObKL7DceKrm58r/AJZRQ+XW/takzmo5djq3wwPG9B/4lvl+QI/+2tXNY8VfvfI+wxy165D8N/hlecWGlXMsn/Taib4M33/MK0qKtKc6xo8sxkP4iPA/Fej2+o6XHfarY+XH/wBdq+b/AI2ePfA/g/8Acf25+8/54zfvK+3PGH7N/jLXrCSAwSf9ca+Q/wBp39kvSvhlPH4k8Y28dzrmqf6N4b8Pf8tbqX/nr5X/ADyi/wBbLLXbG/xnj5phcThKXPc+Q/HmpeOPj949j+B/wruPs0l1D5niTW5v9Vpdr/8AHa6zx54J8D/CXwJH8K/hjY+Vo+lw/vruaH97dS/8tZZa9c0H4P2PwT0GOCC3/wBMl/eXk0sP726upf8AWyy14X+1d4w/4RvwleH7d+88n99XZ7P3faHxdSs5nzf8PdSufGH7S1v/AM+9h5tfdnwfvLGa/j1zVZ/9VXwf+wfZ3HiTxbrHiu+Pmx19YaPrGqzxf2VpcEv/AFxhrnqVNTswtO5+mH7N/wC114c0y/t4BfeX5X7uaavqjwr+3h8Pza/YbjxVH5kVfln+zf8As6/Fv4kS28FjYyW0cv7zzq+vPhN/wTH+Keo/8Ta/1X85pa4qn8XQ9H9yeqfHH9sbwrqWn3FtBq0lzJFDXxX8QfjBB4quriexuIpf33+qr6o+JH/BOXxlpulyTwa55knk/wCur4/+J3wB1zwH9o+0GO5k87/ltTOqjhvaUvcPA/j/AOL/ABVptrcTn/TbP/Web53myxV4PrGvaH8cvhn4g+DviLS/Kk1Sz/0O7/5axSxf6qvozxtZ6HNLJY6t4ckikl/5bQzV4v42+G+laFr0d9Yweb/y086GbypamnVo3M6mW4qn+8Pzfs/7c8H+KJLGeD7NeWE3+ql/6ZV9KfDzxtB4q8OW+uQf9tqx/wBvD4JnQb+z+NPhyxlis7//AEbWIf8AnlL/AMspf+2teZ/B74kQeFda8iaf/iX3/wC7m/6ZV6VKp7U8jE0pRP00/YP/AG3v+FS3V5oY0r7TJdeVH50Vfoh8Gfjx8cPjZpfkeFrD7NZ/8tpfJr8T/hj8Qp/ht4y0/wAY2NjFc29rN5t5af8APWv2o/Yh/ac8K/E74XaffeDhbRW//LaG0/5ZS1zTjVhW5g9jz0z3DRv2aZ9ftft3jj4ja3LcS/66K0m8uKqd5+zH8JPC1zJObjW76T/qIaxLJF/36rrLPx7PCfPnmqO816fWJa1FS0PI/iR+zH4V8YWskHgC+k8P6hL/AMtvJ8yL/v1XwX+158Dv2of2b7r+3fH/AIHudb0O6m/5GHQ/NuYov+uv/PKv1Qi0e4/1+ajvdNm8qSxm/e28v+uhm/eRS0qmHo1EdVLMK2Hkfgf4p+JF9r3mQfaPLj/1f76uX1jxUYYY/IuIv+/1frJ+11/wRu+A/wC0tFceI/A81z4F8SS/vIbvSYf9Fll/6axV+b/xI/YD+O/7K/iO80P4xeHPt1n53l2euafD5sUtedicO6VPngfSZViMJjq6hUnyni83n6/+/gglkkq5afBPxhrHl39vYy+XXsnhDR/Cvhvy/sOlfafXzYa9U03xhrv2COC38OW1tb/9MYa8l4ipLQ/Y8ryLJ8NTVWc+Y+Z7P9mPxVr2nyTweb5n/Lbyoa5eb9mPxV9qkgg0qW5kr7Y8K3l9oM32++sYvLlrU1LxJ4chi+3f2Vbfvf8AljXDUpYh/bPuMFT4elFT5D4z8K/s96roMv8AxUdj/rf/ACFXpHhX9nqx8V/8SqCDyo/+e0te2abqWleJNQkn1Xw5FHby16h8MJvCupaX/ZU/hu2/1377/nrXg4nK6tWtzymfdYfOcrweH5aVM/Pv4tfs96r4DlkngHmxxTeX+5q5+y5oPhb/AIS37R4xgi03T7r935sOmxSyxf8AtWvuDx7+zR/wlX2j7DB5ln/zyrP+Ev7Cmh3l/nxJY+VJLN5lXSw06Wx87nGOy7Fw5l7p2nw3+Bvg7xJ4dt9D0PQ7a5s4v+XvTv8AW1j+Nv2XdK0fzALG5jk/5Y+TD/ra+mPg1+zTY+EZY/s+hWMUf/PaH95LXqGpfBm4ntfIuJ/tNv8A88Zq7afMfn1XMMPha37uZ+f+m/B+4hsLiC+sIrnyv+esP+tqP/hA7KG18+DQ5Lbyq+5PGH7NMENhJfaH/wB+a8b8VfB7yZfP/tzypP8AnjNWv8M68PUWLfPTkeH6Do9jD/p09j/o/wDzy86vRNB17Spovs0tjFZR/wDPX/W1h6lo/wDY/wBogng8yT/ntDXL3mpedL5H26WL/plXLVxPsj08DgK2JranrEPjyy039xBq3m/9cay9TmnvJZL6xvvMt5f+m1cH4b+3WfmWN9/y1/57V1ln4bnmi+0at/q5f9T5NebVzFH6JgsioUYRmzpPB8M9ndfaJ4IrmP8A5bRV1V54d8KatGk6XGPN/wCmX72KuJ8OaN4htLqOGyt/9Hr0Pwx4WuIhJDBp+LuXtL3rjpVPbBmNDCYX7ZieD/h58K9Y0C3t9WvovMi/11Hjz9nXwrfaD/xSttFc2/8Ay28n95WP8GPhL4x+IUsf2+f7Nb19KfD79le4VYzf6pLHb/8AXavuv3P/AC7P58xuCqYR+9M+G9e+FfiPRvMgg0qSXyqz/DekX+g38kF94Gkjjl/5beTX6an9nb4c2lttuwv1rOvfhN8KpYvIvoYpY/8ArjWdqVU8+lXxktocx+edn4lsdNuvIn0r/wAg1TvLyDxVLJY+HPB19c3H/TGHyq+5PHfgP4SeF4fP0rSbGT/tjXzn8WtYg1K6ksfCs8dt/wBcamWIw2DXMoXPvMgynM84X7xcsDyPTf2ONV+IWs248VeKpdIjl/1OnWk3mXUtfaf7NX/BNPw94Yht9f8AiP4t1fUbW1H/ABLtAim+zW0X/XXyv9bXj37LXhu0+H+vHxhrMlxeXkvT7Uf9VX2L4M+NSX8MS3d5HFH2ir0aOZTr0f4fKeHxVkFTLq/JQ959/wDIl1L4e6VZRfYbHRI7aP8A6Y1zc3gPSobr/jxr0u3+IXhy+h/10clVLzX9Dh/5YfvK6KVep8J83ha2OpP2Zz+habpNmP8AkFfu/wDrjXV6VrvhiBY/tVrFWFPDf64fIsb5EjNcj+0R8VPhB+yL8INQ+OHxy8Ri10+wH7mH/lrfy/8ALKKKP/nrW6v0M8yrUKNK9aZ1X7Sv7U/wh/Zd+GcnxC8XR/ab26/0bw3odp/x86zdf8sooq/O3xV4w8RzeLdU/aS+NN9bXPjjXofLh0+Gb91oNh/yytYv8/va8j1L4zfGL4/fFS4/ah+NMEljeSwyx+CfCc3+q0Gwl/8AbqvN/id4w1XWNdk8/VPNkl/10tenhoVOp+S5tmcsRW9mn7h3HxI+KkGsX8k8H72T/ltLXwv/AMFB/i+bSxHhO3vc3OoHzLsD/llFXtnxI+LXhzwH4cuM3/8ApHk/66avhuzm8R/tRftIaXokAluf7U1KKIRf9Mq7alTQ8anTTPrD9hv4YX2g/CGz+3Q+Xcaz/pM3/XL/AJZV96fsi/Aix/4SO313XNK/dy/89Ya8n+DPwrsdNWOfyP8AQ7WGKOH/ALZV9OfDf4haVoMsdj59eRicSe3hqX7k++P2V/AfhXTRb3wsIv3X/TGvpyHyIYvIgEccdfn/APCX9pax03y4INVr3DR/2ovOi+zwX3m1xfWfZmn1aqeyfFrXtDs/DlxBfTxV+d/7V1nof9qXF9BfR+XXqnxs+P19PLJBBP5v/XavkP4wfE7Vby6vIPIjloqVfant5dhTyf4nDSob/wA+CfzK4/8Atfwrr0Xk3+kxyyVl/ELxIby1kg+w/wDkasv4e2kGpX/n2N9FL++/1Vcx9bh6VOVH2bK/xC+Ceh+PPC+oeDtVsZZNL1SHy5oZf+WX/TWvzH+MPwr8UfBL4g6h8OfEcHlyRTf6HN/z1i/561+1F5r32PQfIvrH93/y2/c18t/tyfs66J+0t4M/tfwrYxReJNG/eab/ANNYv+eVd2FxPJ8Z8vnWUe0/eUz5L/Z7+IX9vWH9g6rP/pFrD/5Cr6E+A/7TnxO/Zj8UR+K/h/fyy6fL/wAhLSf+WUsVfEem3uufD3xd+/gltry1m8uaH/lrX0R4b8VWOsaVb6rYj/W/66vWPjtaMrM/bD9kX9tjwP8AtF+DbfXND1yKWT/ltaTTfvbWWvpTwrrFhLFHmv5y/DfxO+I3wH8W2/xG+FWrSW3lTeZeWkP/AC1r9VP2A/8AgqJ8P/j9oNnofiPVYtN1z/VzWk03+trmqnZ7NVaXuH6IabrEE37itizhgml8iaCvM/B/iqx1i1jngvq7iz1/QtHtfP13XI7aOL/lrNTOXlidD/Y9l6iue+JHw+8AePPDF54c8V6HbXtvLD5fkzQ15/4+/bY+GWj3X/COeAPM8Uap/wA+mkw+bWXo/gP9uD9oqXz/AD9N8AaPL/y2m/0m6/79Uvao45VfZv8Adn5X/wDBTP4GeI/2P/Gn/Cc/Dr7Nc6HLN/yD5pv9VXP/AAT/AGnPA/xa0C3gHl2Oof6ua0mr9hLT/gir+yv4qu7fXP2jL7W/iJeRTeZ5Ot6lLFa+b/1yir0OH/glt+wKNFPhzSv2UfC1lb+T/rbSy8qX/v7UVMNh6y0Pey3iXN8LH2dT3oH5QGysdS0HyPP/ANVD/raz/wDhFf7YtY/sP+ri/wDItfpB8Qv+CH3wXm0uT/hSPxN1/wALSY/c2l3N9utv/ItfKnxk/YC/bX/ZtvPtk3wsl8daALjE2oeCR9olji/6aW3+tNeXWy6t9g+1y7jKMKfLP3TjvB/wy0qGw8++8r97DWx4J0fwpoOqST288cn/AD2m/wCeVY+vQ+KtN8L/AG6Hw5qUUf8Ay2+16bLF5VfPfjz4neMYZrjSrKCTy/Ory6uDdFfvD7LLeIcRjIfu6vNE+5NB8SeDrPyxfa7bf9cfOrtLPxh4OMUmrZsv3UPrX59/CvxT44vIZJ74Sy3Es3+tl/5ZV7hpvirStOtY/t2qyf8ATb9zWPsoW9w3qYmVR+9UPozR/wBoS+mv/I0qD/R4q6zwr+0VBNJ5E/lSV8vzfG3w2bCT+w544o7X/ntXH+JP2ipxN5Fhqv8A35hrhqTrUj0KFDBVV7x92a/8SdD1PRvP/wCEjjjkr5/+LF9Y29xJc2PieOSP0r5n/wCGhPEcWsSQDVZPL/54yzVJqXxU86Xz9Vn/AHcsP+prixGIxNRe5A+0yWOUYT4pHYax43vv7Z8hv3sf/TGtjQfDcHiq/wD+JVY+Z/z287/llXjbfE63h/cT/wCrl/1Mtdh8Pfidrhv5Lf7d+7/55Vw+zxT/AIh9TLNMmo+/SPQNZ8H65o0vkXHlySf88a6fwHqtxp2leX4i0rZD/wA9SKXR/iRoU0UcGuWMcvm/8tak1nWLGzEk9kfNj/541yVsvnVN6fEmDr0eSbOp0zxJptnP59p5d1B/zyWvQtG8e+F3tPPv4AjRdsV82TfEixhlk+z2MttJ/wBdq5O8+OWhQ6pJAdVuftH/ADxqqWGrYU4a6wGZf8vD7L+BkHh3TXj1WW1ijjr1nVviLpf2HyLWV/8AroJa+aPBXj+1eaGzht9kZ/1me1eqWFy+pWAitU/d19J9cqW56Z8hnOR0vrPtahPrvxPuDJJBDqnmR1zV54vm1KbyBqnlmtmH4Narrl158NjLHXf/AA//AGaIi8c97DjmijPFVjgq4/Isso3vqeS2nwl17xk6iHXPLH/PPyv9ZWjafsu2enBL24t7aWQ9D5NfVvhT4QeEfDYjmntIt3Y1t32m+C84WKHNd2Gw8HU/eHylbxFxVGr7PDL3D5AufhXp+ijz4tLBk+lYn23XIdQ+zwaJ+7r688SeBtA1u0zDFAK4bUfhDppl8+ZIG9PLr2XWp29nCJvQ4oo5ir4nc808K+Kv7Ni/f2P7ytz7bfa9LHBBB5fm11Fp4C8MF/JFqd/oq18//t0/8FQv2e/+CfPw+vFvfs2seJIv9Tpom/e+b/yyi/6611YfDVanungZ3xFluA96nH3zvP2iv2nPgf8AsH/B+8+OHx+8Y/Yre0/489O/5eb+X/nlFFX5r+JPiR8Yv25PHcf7V/7UWhf2bp9r+9+GPw4mm/daXF/0ELn/AJ6y18v+JPG37Qv7aXxjj/au/a9MtzJFN5ng/wAHS/8AHrpcX/LKXyq9Evf2rtV8N+ZYeMdDki83939rtK9PD4f2VPkPyXNc7xGY1uZlz4nfELVtN1m4gn1X/lt/yxryvxJ8QoDFcT+f/wBtqp/E/wCKnhXxJF9u8OX0skn/AC282vC/jX8YP7B0K4txN+8lroWh4v7uTOD/AGnPjZe+KtTk8OWM/wC7/wCW1fTf/BE/9mR/Ez+LP2mvElji30uH+xfDcsv/AC1upf8Aj6l/7ZRf+ja+EtA0nXfHPi230nT4JbnUdXvIreGL/nr5tfvt+z38AdD/AGb/ANl/wv8ADLw7cR/Z9G0f/TJf+fq/l/eyy/8Af2uPF1oQPo8oyjEZhViqcNDzPX/Elv4VMmk2P7uOKsfTfiFqupXUdvBPL5lXPGHhq+166uJ7eD9351d58Afg/YzahHPf+XHXz88bHmPupcNVsJDnqQ907z9nvTfEescTwSx+VN/rq+vPBPwr1X7DHP8Avf3tYfwA+GPg4eXY/wCs/wCmtfXngnw3ocOjRweR+8io9rRqngYm1Fnx/wDFTwHqsPmefY/u4q+Q/idpv/E0uITBJFX6kfHjQdD/ALLkPnxeZXwn8ZvBNjNqtx+/ionP2cDtyulKsz438YeFbH7V58E//bGWsPw14P1zTNUknsYP3fnV6B8ZvBMGj3Xn+f8A9cfJrj/B/wAQtV037RYwQRSx/wDTauGtifZ/CfreQ5HRqYaU6p6xDpsGpaDHBquqxRyVxepfD2fQdS8+C+jl83/U+TWHeePP+grYSxx0ab8QvCtnc4uL6X/rj51aUsTzDxXClKp71OZ87/t4fsK3/wAQtCuPjj8JNK/4nlhD5msafDD/AMfUX/PWL/prXyP8E/iEdNupPDl9+683935X/PKWv2Y8B/ELwB+7nsZ/Lkl/10M3/LWvjP8A4KN/8E2Rrst5+0/+zTYx/bIpvtOu+HrT/lr/ANNYq9vCZjBP2Uz8r4k4OxeGU6tOJ4X53nRfv/8AVy1xesal4q+GPiOPxV4OnltvKm8zyopqseCfHkF5a/2VqsEkVxF/yxrY16awvLD7DPB5kderpJH5zGdbDS5WfZn7E/8AwVp+LesaPH4H8K2Nlc65/wAsZdWvPL8r/tlX1Ro8Pxi+PGsR658afiNLJb/9A60/dRV+Ic3/AAkfw38Rx+KvB19LbXFrN5kPk1+pn7Af7b3hz9oT4fR6Vql99m8SaXD/AMTK0/56/wDTWKp9mjLEQcvfgfox+z3D4A+G+lxweG9Kitv+2NfUnw3+JEF5YRwQV+efhX4qfY7qOx/1kdfQHw3+IV/9kj8if93XN7Ktc4f4R9oab4q0ryo/PnrUPiTSoYuJ/wB3XznpvxaFnp/7+f8AeVn6l8Wtc1j9xBP+7rVKqmdP1k98174waFo3+on82vP/AB5+1BPoenSS6WP9I/5YivM9S177FayX2q3sXl/89ZZq871jUfH/AMZrqTwr8FfB1zqUn+rm1ab91axf9ta0OWpUqo+C/wDgsv8AtTfGLw/4oj+MHw/+MV94S1CWH7NeafpM3l2N/wD9dYv+etfI/wAJf+Cn2h6xF5Hx+8ARSf6rydc0mz8rzf8AnrX7UeCf+CHvwH1jxdb/ABi/aogl+IfiCL95Z6TqH/IMtf8Atl/y1/7a1sftLfsP/B34neB7j4c658CPDf8AY/k+XDFaaDFH5X/XLyqupChVp8k9T0cBjcbglzQnyn5t+Cfid8HfidoMmq/CvxxbXMf/AC2tIf3csX/bKuP8bXmuTTeRY30n/f6o/wBqL/gjn8Tfgnqlx4x/Zznvrmzi/eQ6d53lyxf9cq8P8N/tUeKvhv4oj8HftC+HLm2/5dpruaHy5Yq8vE5VNRvRPost4knOpy1meof2l4qh0uSC483zPOrHvPGGtyxeRPbyeZF/y2r3j4e6D4O8eaDHrmiX0Vzbyw+Z50VbH/Cn/CusWsnn6X5cksNeBLDuMvePtcPm1Oqtz5T174hX3lR33keb5VWLP4q/bNG8++/1lewfEL9l3+zYvPsf+WteN+Kvgn4j0GKSeCD93FVTpUbHVTzCtL4KhqWfxG/0X9/+9rsNB8eW95NHP59tbf8AXKb97Xh82j+I7O1uIPs8sX/TajQvt1nDjz/K83/nrWf1a5tTzivHc+rPDfxO1X/n+/0f2rsPCnxOvryWP7cfNirwf4Vg2Usl9fX0VzJ/y2ii/d16ZDqXh6GX7R/pMUn/AF2rP6n5DnnFf/l2ekeKrPRNehjn8+W2k/5YzRTVwesfA241O/8A7cuNV/dxf8tYaz7zxtBeS/v5/wB3Xofw+0+wS3g8SvcSXFt/yxtTXBjpKlE/SOD8BmeaH1RofgbUdUS3/svR4/8AU/60V7B8NfCWqaVJGt7BXQaNJ4V8MwbYjEqxfw56VHqvxZ0O1TzrSOM1nVo1af7s5MyzrH5h+7hD3T0zwpoMIMYA2V2Nn4bnmi/0GevnfTf2hJxdY8j93XpnhX4/6Kbb9/N+8rqwc6tClofm2dZVmS/eHcaloOqw2u7z/Nrl7yz1Wrj/ABs0u9/13+r/AOu1VdR+KfhxD8ziT/trXoUa8a3uni4ejiaK/eRKk+nagRvkaTFUtQuNI0bSZNW1XVEtbOGL99LNNiMVzHxy/an+Evwf8FXHjnxxr0dlZWv/ACyml/1tfib+3r/wWY+PH7bvjK4+BX7IdnJ/Z482Oa5i/wCPa2i/56yS17eCy2U37R/Cebmmdww0PZ0/j/L1PrP/AIKYf8FuvA/wqs5Pg5+zXNJq3ie//dQ/2fB5sssv/TKvz78IfDfxH4w8Ux/HD9pLVo9S8SS/6TpuiTXn2mLS/wDprL/z1lqL4Ofs+ab8KIZtV1HUZdb8VXn/ACF9fux5kv8A1yi/55RV1MOjwT3Xn3E0sle+pRVPkgfC4jE1sTU5qk+Zlj7ZKJZJ576WWuX8bQfbLWSG+g8yOtzXrz+zYvIggrh/Enja4hikx/q6gx9qeJ/E7Urfwdf/AOgw+VXzv8TfHE/i/wARyXMx/d17Z+0tr0H2W41X/lp/yxr5v+bzf+utFS1zswFB4idz6o/4JOfCODx1+0PJ8StYt/N0zwZp32398f8Al6l/dWsVfqBo/jCDxJqsdj4j8RyxWf8Az6QzV8r/APBKz9h3WPFvwls7jUPiD/YEfiPUvtGpfuf3vlf8sv8AP/TWv0W1f/gnP8Nfhr4ct/FUHiq+1a3U8+bXw+b46lLEez5z974awOJyXLlOpS+M8l8VTaF9mjsNDPlx1n+CfEmq6PrPkQX37uug8bfB/Q9NtfIsL2WSP/rtWf4b8BwWX7+DSpZf+21clKHKdeZYyviaVonuHwx+OV94Vmjn+3fu6+lPCv7XU8NhHi982T/rtXyf4P0HSobWT+1bGO2krrIZdDhtdtvf10xpnwlejSq1vfPXPid+1ENei8ie4jlkr538eTT+K7+SeCeTzJauXkMAvsi3lk/6a1uWf2GG1/1FehFXVj0KVahgFzQPF/F/wxnvYpP7Vg82vA/Fd54O8Ka9/ZX2H/lt/rf+eVfcGvGDWdL8iCCOvD/G37IuqeKr+41zQ7HzZP8AWf6mvLxtL2R9jkefUqy9nOZ5H53hzxJYRwfZ/N/6bVx/jDwHb2d359jBJ+9r0yH4S+MfCl1/p0Hmyf8AXGtD+zdVmuo4L/Q5f3X/AExrlptXPoa9LMK0b4c8Pls/FWm2v7ixl/dV0ngP4weONCl/cTyxyRf8spv9VXuln8MdK17Sv38HlSVy958Gb6zl/cQR3Nbe1sznWDzTFR9nVpyPjf8Aa6/ZXvviTrNx8YvgrocVtrEv7zUtEhh8uK6/65f9Na+d9B8SG78zQ9csJbK8i/dzWkv7vypa/Wjw38AdchljvvI8qSsb9or/AIJKaR+094f/AOEu0mK10TxlDD/omrQxf8fX/TKX/nrXrYXOqVP93OZ+f8R8CY2p++pUj8sNfs/+WF/B5sdcv4a8beMfgb480/4jeAb6S2uLC88z/wC1S17B8ZvgP8W/2afF0nw5+PHg6WxvP+WN3/rIrr/rlLXn+peG4JvMguIPNjlr6KjVhWXPTPynFYWvl9b2VU/Uj9jP9pzwN+0h8L7fxx4bvo4tQtf3esaT/wAtbWWvqj4e+PJ7yLyPP/d1+B/wN+MHj79j74tW/jnwrfSfY5ZvL1K0/wCWV1FX7Cfs9/H/AMD/ABg8B6X4/wDB3iOOXT7+H/v1L/y1iqp/zHnVadI+uNB1KCeKOc3/AONdJpmvT3t1/ZXhzSZNS1D/AJYxQ1yfwB+HviP42XUdj4c8220+L/XXdfZHwr+Bvg74V6XHBpcH+kf8tpf+WtBjTpe0PM/hv+yLqnja6j8SfGO982OL/U6TF/qq+hNB0Hw54WsI9K8OaVHbW8X/ADyhohvLGHmibXrGDrQv7x1U6dKmXBZ5m8+4FR6lZ6VNF+/g/d1j3nir91+4rHm1ie9l/f3FL2SFVqIy/GHwr8Oa95n+g21fI/7Y3/BKn4SftIaXJB4q8DxfaP8AljqNpD+9r7UgvLD/AK6SVc/tjzufIrWlWqQM1Spy2PxX0H/glf8AHf8AY+1O8n+GWuX2t+H5f+YTd/62L/rlVyLxhp+g3UekeKtKudN1D/n01GHyq/ZCbQdK1L9/cQV538YP2Xvhz8WtLk0rxV4csb6P/ptD+9rLE0aOI+I7cNia2FPzDmmg1i1/f/6THXN694V0PUopLeeeKvrz4qf8EwINBsJJ/hlrlzbSf8sbS7m8yKvgf42ax4q+CfjeTw54/wDDl9bfvvL83yf3VebUwJ7WGzJ/DEp+KvhXpX7w6VXnfir4V33+vgsf3kX/ACx8mu40f4h2+unyLEeV5v8Ay2mqTXvEv9mxfZ5r6KWSs3Q9ijto42tiK/sjxv8AtLXPDd15HkSVJpvjbXDf/YL6CTy4v+W1dRrM/wDbt35FjB5sn/TGu0+FfwB/tiX+3PEdjLL/AM8Yq8nE5hCHwn6Vw7wxPE1lUxMuWmZ/gPw3feML+OexgMdvLX0f8IvgH4sntUtY7sQFPKEUJ/5ZVznhuH/hCfLgg0mL91/0xrvNG+L+q6bdR/Yf3VcWGwVXG1Oeofr8OJcl4cwn1bCz1/mPs/x1PpUGmGe8mET+Vya8Y1L4hHTb+SCD97XuXxO+D2oXlvmOfmvLbz4V332ryILH95WlOleufmmLzenhsHel7xyc3jy+83z7ewrP1P4teI9N/f2FjLXqGj/B82cXn6r5fl1h+NfDelTRfYdPgir2qVKhY/P8ZxBjcV+7ieP69+054x039wJ5K8/8Vft1eK/B1hcarfz+Xb2sPmTSzV65r3wZgvIvPn8ry/8AprX5n/8ABU3xZB46+KOh/sifAjxJ9ukv/wB74qu9Pm/dRf8ATKvWwOGofxPZnxuZZpi4e45nnn7Tn7YPx+/4KbfFKfwl4f8AEcmm+AtC/d6hfRTeVFJF6mun8FeK/g98CPCUfgH4cm2trf8A5fLv/l6upf8AprXo2m/stfsZ/DXwFp/g2x+IN3dpFZQ3GpZ1Ly/Nuv8AlpLJF/z0rynxV8H/ANnPUpZB4V1y9j/54/vq9dzUI2R8w68K09TU/wCF8WN5L5EGq/u6sf8ACwtL8vz/AO3K83b4M6Hpsv8AoHiO5/7a0Xnw9vrKLMGuVkP9ydhr3xOsbz9x59cvrGsfbIv3B8yub1LTb7Tf+W8Uv/XGsubXp9Nikn8iSgyujzX9qLxFZ21nbabbDMsk374Vj/sk/BXUvjp8WLLw3HGRY2/+m6lKv/LKKOsP46arceIvGHmr/q8fua+5v+CXvwabwJ8Jbzx/rtn5dx4nhi2Tf9OsVePm2LWGw031P0rw4yNZzndKm9r3l6Hunw3vfEngn7PY+FLiW2t7WHy4Yoq+4/hh4/8AE+vfCSPw/wCKZpNrw+ZE0v8Ayyr5o8Bw2GsX8diNK/d19QfDKbSZvC8mh33lRyeTX5f9Vr4qv7c/sPiCeQ0MHSwyj8B4f4k8K6rrGtSQTmSKOWb/AJY10mg/D3VdBijP72Wu803QftniT+y4IPN8r/lrXrmg/D3SvsEfn+V/22r6rDRvRsfiOd18NTqVHR+E8X8NaPqsx/fwVYm8K/2b+/H7qOvYNX8K2OjxfuP3tef+KtO8/i5n/d16VKkfnGLxVGK9ww9HvIDFJ9nqO8vLjza1NNs4NNtf9RXN69rBmuv9Hrpp0uQ8ipV9sakviWwsooxjy69E+FfjzSdH8OXF99nj/df8tZq8Pmh/tK//AH/+rrzj/grL8Xp/2eP+Cceuan4U1WWx1jWdStbbTZv+Wv8AraVXDfWV7M1p4uOC9897+M2jwXhkvoNK8q4l/efuq8D1LXtcs7qSD955dfTnws8Xw/tK/smfC/48aXbxyS+I/B9rcXssX/PXyv3tcnr3wT/tK1k+0WP7yvmquGhhq3sz9k4c4lorBQlM8b03Xp/K8+e+/wBbWPrAvvt/n6Vqssv/AEyr0DUvgnqumSf6j93Uf/CsZ7Py557GsqmGq1P4Z9lhuJqCne553eePPHGgiO4M8nl11Hg/9pvxFaGOG+Enl+tWPG3gm++yx7bGuXh8N29n/r4P3lYrK3Nnq0uK8srQ5akDqP2kNY+Ef7XXwM1D4SfFvSraW48nzNB1zyf9JsJa/Kuz8Bf2P4j1DwPrnlfbLC88uv0g1Kzgml8hYPKr4H/a6ivvhv8AtKyar5H+j6zD5lfQZQ61Kp7I/JfE3K8mr4JYzBw977RyfjH4VwalYSaVfWP/AFxmrI/ZU+I3xl/Z++PGl/CvwjPc32n+LdYtbb+z4v8AnrLL/rYv+mte52VnpXirw5Hff88oa8z8SalfeFdZs/FWh332bWNBvIr3R7uH/WxSxV9ZA/n0/pk/Zd8YfDnwr4H0/wAK2Xm215FZxedLND5f73/lrXrk2vecP9HuPMr81/2A/wBrTw5+2Z+zTpfxi0q+8vxBYTf2d4q07zv3trfxf8tf+2tfTHg/4/aroJjsNVuJbm3/AOm1H74X1Zn0Z9s87/Xz0edBP0ri/B/xO8HeMLb/AEe+iik/5411kPkQxeeP3tZ+0QvZlzyYJ+tH2P2/Wqf2y49B+dR/2jceorQz/dmhD5ENSebD61l+dPP1qxB3oKLn2z970o/e1LD/AKn8Knhs7fPWswKc2mwXkXkT14P+05+xD8MvjlYSQarfW2myS/8ALW7/ANVXtnjbxt4c8IaXJquq6rHbRxf66aavjP8Aac/bMn8bRSeFfAs8ken/AOrmu/8AnrX0mS8M4zNq/uns5LlGKx+KsjwP4hfsIfCuK9uPCngb44aJqWqWv/LH97FFLXz38Tv2UPjF8PfFGfEfg6X7H/z2r1TWPIvL+TyPN8z/AJ7VoeD/AIq/E3wTf+QdVk1fT5f9daaj+9r7PHeF8qlC0ZH6BX4UxmX2r0Gpni/hvTPDmmw/Z/sPl3H/AE2hruNN8Sf8I5a/8f0Usf8Azyr3Sbwf8I/jxpcn2LSra2vP+fTyfLlryPx5+xbfebJ/wh3jiWKSL/ljd1+dY/w5xOEejOCpn2ar9zP3Gcn4q+LUEP7+Cf8A67Vy83xy8mWQCejxt8MdV8B2slj8QBJbeb/qbuKH91XBz2XgeGX/AIlOuxyx189Vy7EYGfIzyamOrzq2qn70eMLyx8VWHn6I3lXH/TGvH/G/iufwT5l94jsf9H/560eFfiFY2fl+Rffu66DXvid4V1PS5Ib/AMqX9z/y2ryaf8U9TG1K0KHsaZ89+MP2zPgfDLJYT/E3TbaT/nj51eT/ABC/bk/Z60fzPI+Jttcyf9OkMslaH7YH7Pfw48YWF54qOh2Uf/XGGvzH+JGgQQ+M7jw54c1aX7PFN/z2r6DDYClWhznw+ZY3GZdrI+uPGH/BQKDxJ9ssfAHmy/ufLhu7uH91F/2yrwPw3oPg7w34j1DxxBpXm65qn/H5q03+t8r/AJ5f9Mq4vQRPZxeR/q44v+WtU/Enx++FfgO68jxH4qiubj/oHaf+9upf+mXlV6tLDqj7h8nVxtbH1iP48+A59SzrmlX0sUktYfgPwfrt5aR2P2GX7RF+7/dV7J8MPg5+3b+2Nb28PwB/ZF/4RvQ4v3n/AAmPxCm+w20X/TX97/rf+/VeufDz/gjzZQ3X279qH9q/X/El5/y20P4ew/2TY/8Af3/W/wDkKKnUq0ae500sLWmeD6b8DfGM8X+nQRWMf/PbULyK2/8ARtU/Evwx0rQbX/Tvip4b8z/n0i1LzZa++PBP7Cv7E3gOWO/0r9mzw/fXEX/L34nml1aX/wAm5Za9Alh8HeG7X+yvDnwr8G21vF+78m08H2Hlf+iq4vrx20suqn5F6lefDKzPkf8ACVabLJ/12ri/G154chtZL6x1y2l/7bV+wl54P8Aal5k+q/DLwvL/ANwG1/8AjVeb/Ej9nX9mzxh5n/CR/Bbw35cv/PHR4q6aeJFLL2nc/Fb4d/DXXv2hvjrZfD7wjaS3Hn3e+48mH/Vwxf62Wv1p+GPwa8RxeE9H8K6TocsWn6XZxW0P7mvqj9gn9if4H+GxcW/wd+FeiabJdf8AH5d/Y/Nl/wC/tfVn/DIohi8ieCL/ALZQ14mZ0MNiJ2qTP0XhDiNcO05Spw99/aPh/wCFfw4n0a7j+0WP7yKvXIfDdxpv+nTweXHX0Ze/s9+HPCth59/PHbf9sa8H+LWveHBdSaJY33mVzRwOFjR5IHu4vi3NcwfOjDvPHvhbQbqOCxsv9I/57Vu6P49n1K7+zieWuK0Lwr/aV39oMP7uuw03QZzLHBYweXzXThsNRpI+dr5njG+WqegabZ6H9gzPr3myS/8APWuD+J02hQ69caHok/7ywhikmruPAfhWC81m3sZ7j/7VX58fsvfthx/GT/gol+018OrjVPtOl2+o2p0D/pnDa/uZa1+rfuvaHg4is3VsfS+peKoJ7aTz4K5ObXoZrqq+v6n51pJBBPWPps3k3X78fvP+eNQX7f2Z3nhXTZ9S1SOCCD/W/wDkKvgT/g4B+M8HjDw9p3wd8OXIk0/w5P5l4Yv+Wt1X1H8Zv2nLH4P6DcaH4VvopfEF/D5f7r/l1r83/wBuSafWvhrql9febLcf6yaatqSPJxWM9rV5D9Lf+Dcf4/f8LB/4J7p8K9Q/0m48EeJLqyh83/n1l/exf+1a+89N8KaFeCTzzHFJX4V/8G6P7SH/AAp/45+JPhzrt95Wj+MobWP97/qorqLzfK/9G1+7H2ODyo54J+9fPZlhqsK/tD67JMfzUPZHL+MPhjBN+4gri9e+Feqw/wDLCveNNtIJv9fPVjUtBsTFn/W1hS/lPp6GbfV/3bPmPWPDc8NhJBPY15n4q8HWIuszweXX1p4203w3Da/v4K+V/jx420rQb+SCD/V/89a7qSRhVzaoq37tmPo/wx/ti/jn/wCWdfB//BbbQbH4efFrwnoljBFFJLo8ss1fWEP7S1l4Cu/tC65+7r87/wDgqJ+0J/w0J8ef7cgvvMt7DTfs0MtGG/3svNq+O/sp+0+CZzfwf+J08Nh/ZM/72OqfxI1ixvJeleZ/DzXp7O/rsPEk32y0+0V9JSPy2pTO8/YC/bj8SfsN/tL2/jCeeX/hC/EflWXjDTv+WX2X/n6/66xV+6n/AAkmlXthb65pd9Fc2d1DFc2c0P8AqpYpf9VLX81/iqLzopMGv0k/4Irftyar8QvhzcfsheP9V83VPCVn9p8KyzTfvbqw/wCWtr/2y/8ARX/XKiqM/SSz8bQWcvn288kUn/TKvTPAf7SF9o/l2+q6r9pt/wDpt/ra+Y7vxjb2f7i//e1JD4qsZj+482ikaH6IeCfHnhXxtYRz6Vqkfmf88q2JrOvz78K/GDxF4Puo77RNWkj/AOmVfVn7N/7WnhX4nR/8I5rk8VtqFZz9xmXsef4D1iDvWhD+6rn/AIkfEPwr8N9L+3X19H/qa+Y/id+29qt5LJY+FYP3f/PWvWwOVY7Mny0onfRybHVfhgfWGvePPDnhu18++vooq8P+Lf7e/hXwrDJY+Fv9NvP+mNfJ/ir4kfEbx5dST654ik8v/njXJmHyZf8AppX6PkXh/Ofv4o+synhCdT36x2HxU+PHjj4tX/n+I9Vl+z/8sbT/AJZV5/eTed+4qTUfP/1EFU5z5MXk1+tZdleEy2lyUUff4HLaGX0+WmZd5Z+TL59SQzfvf+mdXZv9T+FVvJ8rtXp+0PbpVC5BDP5sd9pV/LFJF/y2hrtPCnj241KX7F44H7z/AJY6hD/7Vri4fPhqS4m+2cTT15GZZbRxtDlR5mY5Hg8wj5noHiTwdb+KovsN8Y5Lf/ljXg/xs/YV8HeNopINKnk024l/5bafN5VeyeD/ABtPoEUelarB5ln/AM9f+eVegQ6DY6lax6rpM8Ukcv8Ay2r8hzLLPqmK5a1L3D83zLKcVlmJtP4DzPTf2hILP9xPP/5GrUm/aE0OaL/j+r5z1Lwf44huv+QVc/8AfmvB/wBpz9tjwP8As92snhzz49b8SRf8w60m/dWv/XWWvyGlgqNWkcWaY1YF8s1759iftFftR+FtA+Guof2rqsVt+5/c+dNX5ieLv2gfCun61JpXhXTL7Vdcv5v3On2sPmSyy1rfCH9mb9s3/gofqcfj/wCIfiZvCPg3/WQ6jefu4pIv+na2/wBbN/11r7n/AGbf2MvgJ+y3YeR8LvB3m6wP+Pzxjrf7zU5f+uX/ADx/7ZV6WGVPBUj4XHYivmNW0/h/rqfKnwn/AOCdf7T/AO0FbR+Mfj94vm+G/hqX/mAxf8he6i/65f8ALL/trX1L8IP2VP2bv2Ybb7f8LPhjbRahEf8AkZtb/wBJ1OX/ALay/wCq/wC2Ve4WfhvS4Yvt2q30nmS1j6x8N/8AhJJfPsZ5fL/6bVy4jMjfA5NVqGp8MfjZN42mk8K6r4jufM/5Y+dNXSanZ6r4V/fzz+b/AOiq8rHwf1XR5fP+w+Z/01rrPDfirxTo9h/ZWq/6bb/88pf9bXFrJ86PfWCjRpcpHqXjy++1ZgnqT/hYU80X781l6zN4V1i6/wCWtlcf88ZqpzeFRD+/bVov+/NbGPsyxqXjC+MtY95rH9pS+RPUepTWGmxefPfRyx/89Zv3VU/DfirSrzVfP0OD+0vK/wCeP+qrT98ZU6ftavsz9BP+Ce/gnQ/DfhL+3Ncvvs3mw16Z8YP2tPhX4Dhkgsb+K+vIv+eNfE/gTU/jv4q0v7D/AGVc2On/APTGatCb4YeKhJJ5Fj+8l/5bS15dTD1atb94e3hcvwy3mdp8Sf2kPFfxOut0999ms/8Anl51cXZ6PpU119unqTQfgb4j83z76CWWuw0f4V/2bax/boJYv+utdVKl7nKepT9jRXJCRT02b91+4g8utCHxJDZ/uIIK1J9H0qG18iw/eyf9caseG/hvfaldeffW/wC7rs9iqVI8vEu9X3yPxJ49svgv8EvGnx41z91Z+F/Ct/qPnf8AbL91/wCRa/nj/wCCXfxs1W0/bm1DxjfT/vPFsN/9s/66yy+bX68/8HFfx4h/Zu/4Jd3nwi0mf7NrHxQ8SWukwxf8tRYRf6Vdf+iooq/A/wCB95e+D9WsPFVhPLFcRT+YJoqqn/APn8bVo896Z+5ep+N/B2j6XJqviPxHbReV/wBNq8b+LX7V32yKSx+HP7r/AKe5a+Q9I+M39s2vnarq0kkkv/Patiz8eWN3/wAt/KpU6R5NTE+0O8h1KfWL6S9v7iWW4l/10s1eV/tXQzzfCXWLif8A1fk12kPiqCGKvPv2n9YF38GdZihl/wCWXIrU5lqyD/gnl8NPs+mR+KGn8qS6m8yGWL/llX7YfsZ/tUf8LU+HN54O8Yz+X4o8OQxR3kX/AD9Rf8srqvyD/ZFP/COfB/wvffZ8+bD5n/kWvqibxhrvhu60v4w/DGfy9Y0b/XQxf8vVr/y1tZayxNP63R9mPLcyq4PMLs/Ryz+LU9nd+Qf9XW5P8W4Psv7+4r53+Ffxy8D/AB58HWfjjw7feVJ5Pl3lp/y1tZf+WsVdAZp7uP8A19fJ29jW9nUP1WEKePwnt6ZufGD4kWM1rJ9hnlr4v+OXiq+vLu4gnaT/AK7V9AePPIhjk+0eZFJXifjyzsbz9wJ60xONo0aRGWZNjMXXPkf4qf8ACVWnmDzpPLr4r8VaxfXniS8+3DzP31fpp488K2OsWFxY+R/yxr86/jZ4Pn8K+LdQtxBL+6mrLKMbSq4o+94ryPFUOHIS/lOb0G88m/jruJtS8608iuD8LQ+fdZruLzTYIYo6+ugfh1Snoc/eTed/r6z/AAd8SPGHwG+Kuh/GnwFfeXqGg3n2mD/41WhrEPkj9xWHqUJvbWSCeCtDnP3Q+Cnjvwr+018F/D/x38BarHJp+vWfmTRf8+t1/qpYv+/tdJpngTxHNLmCDzK/LD/gjZ+2jffAn4pah+zp4x1FR4b8ZSiTTfM/1Vrqn/22L91/36r9P7z4kQaDdf6P5nmf9MpqzqVDSnTOwh+HvimH9+bGq82m+KvCt1/blj+7vIv9TLDXP/8AC8vtlr5H26WKuf8AEnxOnvJf3F9JLR7RHUpUqOtM+h9P+P8A4c+NOnp4C8YSx6VrkX+pF3/y1/65VzHjLwTfeFZfIvrHy4/+WMtfNfirxtPrFr5F/b/6r95DNF/yyr0T4Nftgato8Vv4H+Knm63o/wDq4buWHzZYq+44W4jjldflq6xP0HJuIsvrUYUay5ZdzpLyafpWXMYIYs7q9Y174Swa9oMfjn4dX1tqWn3X7z9zN/qq871LQbiH9x5FfvuVZpg8zpc1Geh9th6uHmvcZz9RzfvauTRGH9xVO8/cf6ivWVuhuV/O/e0f62iftR/qf9RXIaEkHepPJg82iGH91UlOnUOmluXNMvPOmjgn/wBXXSQ+JdV8K2slxokH2mP/AJ9P+etcnCfJm/cV1HgnTJ7z9xP++rjzLA4PFUv3x2VcFg8fT5a0Dwn/AILif8FCvDv7JGh3H7HHwI0m2/4WBrM0v9qXcUPmS2FrL+6i/wC2stfMf7DH/BM3SNHNv8df2vdKk1vxJf8A+m6b4T1Gb91a/wDTW+/56y/9Mq1v2B/gR8QP2lvi14g/4KP/ALVEH9peJPFGsS3vhuLUYf8AlrLL+9uvK/55Rf6qKvtzR9B0qzl8/VZ/M/8Aatfyd7Wjhafs6Z/MWJhXzGtKZjww6rNNH+4/1X7uGKGHyoov+uVbGg+FfEepS/v4Ps1v/wA9Zq6DWNY8mw+w+HND/wBVWX9j8caxF5EP7qvNq4o9zKeH/ax/eHcaD4b8DaPF/wATzxVFJ/0xrU1KbwdDa/8AFN/vf+2Ned6b8MvEd5N/p1xJ/wBsZq7DTfh54c0e18+exvZJP+mU1Z06dKqfS/VqeCo8hyfiTxH4js5ZJ7fS5fLrl9S8SXF5/wAf0FemXnjzyP8AQdK8AXNzH/02rl/ElnPrUv26bwPLbf8Abbyq7PZWPCq0PaPmmY+j3nh3Xov+Eb8Rz+b/AM8bv/lrFWfqXwU+MWsXX2HwPYyXNv8A8/cte2fsx/AC++I/iO3vtc0vytPi/wCe0NfbGm+DvB3hXRI7GDSo/Mih/wCeNE6jpnFKlSpn55/Dz9hueby774m31zcyf8+le6+Cf2e/Cvhu1jPhzwdHHHF/0xr3+bR/DcP+nT2Fc/rPjb+zf3FjY/u6PrFWqYUsO+Y5/R/AeuQRRweTFFHXQWfg/SoRi+1WOOuL1/4keKpvMxb+XXF6l4k1W8uvIvtV/wDI1RUpnpQws5bnuF5B4A02P/kOxSyf9Ma5vxJ/Yd1/zFpJY/8AnjXmdneWMN1H5Hmyyf8APaug/tL+zYv9RWVM9ChhaNNfvDY/tLQ9N/497HzKuabr19eXUf8AZUHlfhXJw6lqupXXkW9jH5dcf+2N+0tof7HP7I3jT9ozVbiPzNB0eWPR/wDprfy/uoov+/tauNWozgxc6FOE+U/GP/g5C/a4uv2mf28Lf4KeHdZ+0+HvhhpsekW0Ucn7o6hLiW6/KU+V/wBsq+L7P/iW2EcEH/LKsS013WvH3jHU/iJ4ovpLi/vbuW4u7qX/AJayy5/xq/eTDyq7ofCfFVpXlynUaP4wnhi/f11mj+PPJaMefXk8N5ViHWJ4qRn7M98034kf6vE/7us344+MbLUPhbq1oZsySxRV5LZ+JJ4elGva9/bGg3FiP+WsNBmqdmfWHw+8V6HoX7PHgf7PcRfaP7Hi86vRPB3x++x6N5Hn/wDkavjfQvjBBN8OND0OA/vLCHy5q2NN+JE/lfuJ6DhqYa1Y+gPBv7ZfiX9lf46WfxMSaWXwvqk32bxVp0P+q8r/AJ61+rngnxh4P8beF7PxV4c1X7dp9/ZxXNndw/8ALWKWvwz1e9svG3hPUNDvm/4+rOvp7/gjz+2tp+kfDbWP2bvHuoyrf6DLJcaPLNP/AMu2OYv+2dePneGthfb0z9A4Kxkq2IWEf2j9B/iReaVNDJ/p1fPXjbXoLPUPs9hPVjxV8eLG8lkggvIq4u8mvvEkn+gwebJL/wA8q/Ic0zWvKXs4H9t8H8A5ZRwFPE1wvPEn2P8A10/mxy18v/tjeA9K+1R+I7Gx/wBb5vnV9Qf8Kx8U/a/P/sqXy/8AnlXj/wC0t8PtV1jRpIJ7GTzK7MhxOKo1faVD1ON8iynMshnhsH70z5X+GPgmDUtZjggg/d+dXcePfAc+j2uIIP3f/LGuw+A/w9n0G/jOq6V+7l/57V7J48+G+h694ck+w/6z/njX6Nhs2Upn8h5zwTmOBh79M+J9Ss/P8zz7aufvLLyZc5r3D4kfCS+0eKSeCx/d/wDTGvJ9Y0eezl/1Fe/SqqsfnOKwNfDS1PO/FVnPZ3UeqWM8kUkX+pmir9WP2J/2oj+03+z7p3iq+l/4nmg+Vp3iP/rrF/qpf+2sVfmnNo/2yKSCeCun/Yz/AGh739k74+xza9fTR+F/EQisvEEO7/lj/wAs5f8AtlWpxan6k/8ACSedLJ58FF5r1jUniTTbHyo/7C/0mOWHzIbuH/prXP8A9m6rDFJ58HmSVze1NPZFibxJ+98j/lnViHWILOWOfyP3ctYc1nf5/cWNSfY76YxzzwSUKrdlQo1r3R9Wfso/EjVdHv8A7P4c1WKLzf8Al0m/1Ute+eJPhv4c+KkUk+h/ZtN1jyf32nzf8ta+I/gz4qn0HVLe+g/5ZV9QTeNp9ZtLPXLfzYriL95Ddw/8sq93Kc/zHKK/NS2Ppsoz+phKvs6hyfjb4b6roN1JY31j5UkVcfNps8P7ie3r6Y8K/E7wP8W4o/A/xG+zabrH+qs7v/n6/wDttcn8SPgPqvhuWSfyP9H/AOe1fuHDvF9DNaNp6TP0nA5lRxdE8Dnh/wCmFRwgzdIK7jWPB8FnF5GK5e7s/sX/ACwr7NPmPWpFeDvRN/zwxUn+p/cUWcPnS+Rz+9p35dTupbljR9N+2XUdd5DN/wAI3axwaVB5l5/yxrP8N6b9jljggg/eVuQ6bPZ38f8Ay1k8799LXx2dZ3at7CmfNZ/xI8F+7ofGefw6DofgOxt7GCeKTyrPy4YYf9VFFVezsxqV/wDbrify4x/z2rLs9Y8mLz76DzauWd7fazJ+4t/3f/PGv5Lq5nT9sfSU/DilhY35T0DTZrGGLyIL6rllNocMvnz2MUkn/Xauf0Hw3qt5/qP3dbHkQaDa5vvL8ytaVX2p52KyKpRhyU0ak3jyD7V9nsdKi/dUXvjHSpos32lWMsn/AE1mlri9Y1691L/R/DmhyVJ4V+DPjjxhfx/2rB5cf/TGavVpVIzPjcfgK1H+Ial74w/e+RpWhR+Z/wA8Yoa9M+A/wN8R/EG/j1XxVYyRWcX/ACyr0T4Dfso6VoMUeq6pBJJJ/wBNq94s5tD8N232GCCKLyv+eNP6yfG4ms/bWplfwT4DsfCulx2NjBHbR1qXmg2M37+eeuX8SfGHStN/0eD97JXH3nxguJ7ryTP+8o/vl08uxlZe0PRNYh0Ozi/18Utcnr15odlF+4gj8yubvPEk95+/+3VX/t7Q4eJ/3slFOqdVDA1zl/FUF9rF/J5EFZ+m/Bm/muv7Wnt67Cbxt4Vs+s8VZ5+M9jCfIg8vy6Pa0Wd9q1HY0NB+G9jZ8eR5slSa94Dg82sOf4/eHLM+R58UVYfir9pbwppthIYNV/eUUzmqVqlX4onSfY9D8NRZ/wBZJ/zxr8iP+Do79qe5g0X4ffsh6FP5UdyZfEevRRS583/lla/+1a/Qf/hbUHjbXo7GC+/1s3/LKvwP/wCCwnxUk+Nf/BR3x7fjUjc2el6lFounMP8Anja4ix+fmV006f708DMqkY+6eGeHrT+z9EQ7f3kpqeab91Rqf+t8jpVeftXafKt3dySiiDvUlBuR1JUnke9Hke9ABpvkWfmDya1LPUv3tY801SQzUAdpoOvLD+486ufHinVPhp8YI/FOiz+T5p/e+T/zz/5a1HZ3nk+XWX8TT9rsbfVYP9ZHNis68Pa0fZmuU4mpgMwjVpn2p8GfEnirx5qGnz2/+k/avKr7s/Z7+D0Fnaxz6rb+XHXg/wDwSp+Eeiav8F9H+LWuiMR/Y4vJFfUGsfEf+zbqSx0Oxjjt/wDpjX5tPIqX133j+pKnilink1LD0H9nU9Q0fTfhzo8Uh+wx+Z/01ry/4k/CX4c+JNU8+4vo/Llm/cwxVz//AAsjVdS1D7DY/vY/+W1c3r3jbVbPVPtGk2P7uKb99XbVy+jT9xE8McZYxYi9WodJN+xz4OvP3+k6rHFJ/wAsf3Nef/EL9m++0CWSxgMsn/Tau8034zX0N1Hbz/6uL/yFXSax48/tLT454P8Al6/1Pm1zU8NJP3fdP0eWb4LMKf7/AJZHy34k+DOuWelXGlarocnly/vIfNh/1teR3nwU0OfVPs99ocf/AFxr7o/4V7feJDJfeI4P3n/TGauD8SeCLHwrr2INKtpZP+nuH/W110sTi6J+acRcLZZjvew3xHyn4w/Zp0nR9Fj1yx8K+XHL/wBMa4vxP+zj8M/iX4ej0rW9DltriI/uZrT/AFsVfcniW8vvGFjJpV9Y232e1/5Y+T/ra83h8K6Gb/yL7Q47b/prXrUsfW9mfkOP4elh61rFz9hXXvHGj/Dmz+EniqePUv7Bh+zabqGof62W1/5Zf9+q9o17QbHTZf3+q20Un/PGKvJ7OH/hCTHBBB5kcXlfvq6iHUp7y1jn88yRy1osTWqjw1HBwjyVoGh/wlWl2cvkeR5tU9e8eWM1rJbnyo/+uVZ/9m+ddfv7GKqesaDfWc37+x/d11UqdY3qUstp0/cZY8H/ABEt7PXo7eeePy6+4Pgb9h8Y+ErecQReXLDX5v8AjCb+wbr7dYweXJX0p+xD+05Bewx+FZ5/Kki/5Y+dXpL2x8fjaMPbe0pn0h8QvhL+9xPY/u/+WM0X/LKrngL45ar4Vlt/hx8YpZb7T5f3em6tLD/qv+mUteoaPeWPjDRo/wBx/wAsa87+JPwx87zLeex823lrswGYV8DX9pTOvLc2rYGt7pH488HwWf8Ap0E8clvL/qZq8v1+y6wT29dRo974j8ExR+HNc+03Oly/6mWb/llWp4k8NwTWHnwfvI5f9TNX7fwvxXRx1D2dX4z9eyXNMLmGH0+M8bvIf9K8itTQfI+1cW/myf8ALGq/iSzn0eW4/wCelR/De8g/tmS/n/1dr/qf+ute7nmZrDYTniY53mcsBhtD0TQdN/s2KOee4/ef8tq2IdSgm71T03/icWFSWdlBDL5H2evymrjZVq/tah+U/WMXj8Z7WZj6r8IdU1CX/Q/DsT/9Nopq3/Bnwxu9NIg1Kxii55zWZcfHyW0t44DN5X1rU8N/GH+2Iv3FvHc1/P06dK5/VVfO68KXJJo9G0Xwl4BsIAdScSf71J4h0H4NzWsm4QxVjaNNY+KpfInn+zSf9MZqNY8IQC6/4kc/7yL/AF1dsaqjS5EfJ18ZSc/ac7JPBPhvwdPqnkaHocVzH/z2lr3z4eeFPCmgWsd9Pocf2ivI/Cv/AAmOm+X5FjXQal488cTWv2Gxsf3n/Xau3DVbI+CznEyxtb2Z6R4q+J2laPF5EHlR/wDXKvJ/HnxzsYf9RP5kled/ELxj44htZJ9VsfNt/wDplNXifjb4tf8ALEWP4Q06uOhRpno5FwXSxdTmqM9I8VfGzVNQv/7K0Qy+ZL/zxrU8KRa3DD9vmb95XznD8ZNcspcaXYRR1r2P7QPi+QYvJfJj9q87D5jXr1LH6NiMgyjL8FyH0Tea9fQf8v3lVzev+Kp7PzDBqkcUdeJ6l8Zp7z/UXEsklc/r3jbVbzkat5VenT5j86zLE4PCQ/cwPWPEnxhg02KQef5kleX+NvjxP5sn/E8lrg/EuvX0MMn2C/8ANkrj832pXX+nfva7qfsVufC1sRjMVWtCJ6BN8bNcml8+xnkkqxoPiTxx42uo4Lif93WH4V8B/a4vt19PFbR13Gm6/wCHNBtfsOlWPm3H/PanUx1KOkT2cDw1jZUXicXPkgbHiTxfon7N/wAOtc+MPjHVY47fQdHlvfN/6a/8sov+/tfgBqOva38SPiPqvj7WrjzLu+1Ca8upvWSUn+ua/QL/AILK/toXS/Dyz/ZU8KX0Uj318NQ8VTR+sf8Aqoq/PLw9F9l02R8/vJTwK9XCxnGleR+dZvVpvFzdKXNHZGlNeedL59RwzVXm/wBT+FT2v+pP0rY8Auwd6sVXg71Yg71oAUUUVmZkc/aq8M1ST9qrwzUG1M0IZqj1kwXmg3EFzRB3qSeFby1kgH/LWGgKf8Y/Wz/gjF4at/iF+xJ4fE3iX7M9reXVt9lx/wBNa94+J3w3sfDdr9h8OX0V9cf8tq+Gf+CK3jLX1+CGv6JZXkvmad4plNvF/wA8/NtYq+7vDc0H+o1SfzbiX/ltNXzmIpVYYiU+U/Q8ti6uFhY8703R77QZf+mlZfxUs76zi/tyx/1d1Z+Z/qf+Wte0a/o/g6awk8+wjlrg/EkNjq+jf2H9u824tf8AU3f/AD1rlqzv757GBjiYVz5rh8YeMZtZjN9B5Ud1N5c1e4fD3xJ4j0fS7exnsZIvNm8vyrv97F/qqw/+EDnvJv3H+sr2z4P+DrH+y/7K1y+82P8A5c/+mVcXtD7GjicUlYp/CT/hI7zxb9u/sq2sreX/AF37n/VVY+LPw3g1i1k1W+1y2023tf8Anr/rZZa9M03w5Y6P5c9jP5kcX/TauX+L/irStTij0u+P+t/10tH8U9fLcfWVa0jwvw1o8E1/9hvr6T7P/wA8f+WtdRqPwY0rWZY59Dv4rnzf+WMtcneQ2Oj69J5E8v7qbzIfJr6E+A/gPSte0H/hI555f9P/APIVFGp++sPO6WH5PaHh/wAQvh7Y/wBlyQaHcfabi1h8v97D/raPhL4Pvte/0G+0qSKSvpTxJ8B59Nuo9V/1kf8A1xqxoPw38OWc3nzweV++/wBTDXv0j8nzKrRqaI8f/wCFPiGHz57GWs/xJ4DvoIpP9H/d19IalDpVna/66KWOvP8Axhe6H5Xkef8AvK6qVT3j52Z8r/E7weIbSSD7DXjc2va58K/E8fiPQ/Mi8qb/AJZV9ceNtH0rUovP8+vD/id4Dgm8w/8APX/ltXo+0MZwpxPsT9iH9sHQviRo1vpU+q/6R/02r7Es7PSfEml8/vR5NfhX4b1jxV8DfFsfiPwrB+7im/fRV+nH7Gf7XWlfE7wjbwf25/pHk/6qauKoZez9meueMPB9j+8sfI/d15nPqU/gPVP7K1bzZdPlm/czf88q9o1HU9K1K18+eevM/iRD4c1LS5IL7/V13ZVicRh8RzUz0cBmdbK63tInB/GHQRDpcmq2P/LX/U1x/gnw2dHsI7G+/eyS/vJq5vxJ+1d4A8H/ABBs/g5rniT7TcS/u9Nh/wCWtd1qOqxXmhJr2mt5j/8ALXNfU57xRXo4SEKkT9o4fyWPHGGVd+7Hb5nVaPqX2OLyIa6DTYbe8l+0GvI9H8Y3pufJE9ej6dqx+zRwTtX52+KamIrWgfZU/DXA5ZH95qeGeD/Cuq/av3/72OvTPBGgz/2hHBBYeWaNN8R6Vo8UcH2KL/tjXaeFbOe8h+0Qfuv+WleJajA/N8TjsXij0z4e+D/Dn7v7cP3laHiSDStGv/PsfK8yuD/4WFpPhW18iCfy5P8AntLXnfxO+IXjizEmraVqvm2/+sp/uTig8Wz1TxV+0JY+Grr7PfT+VH/0yos/2lvA+vWHkQX1tJ/01r5r0HxhB8Qrr7DfQXP2iX/ptRD8H55dU8+fxVFHJ/zxh82t4PDpGccBKpK8z0D4kfEL+2Li4/srVYvLry+b9z5k99P9pr1Twr4P0LRofI8Rz+bH/wA9queKvB/wyNr5H26PzJf9TWdqNV++elDHYrCfu6NQ+e7zxh4cs7ryJ9K82q95r3g68lk8ix8uu41n4S2N5LJPB5flxfvP3MNcfeZ0e/8AsMGhyyyUN4WitDel/aOY1bSqFeaHRJoo/wCyTLJ/2xrm9S8K65qUv+jwXMX/AGxr0zwrBrkMXnz6V/rf+mNZ/ipvGMUskAg8v/tjXNHMeQ+pwPBuHxH8aX4nmcPwx8iXz9Vn8r/rtNWhZWfhzTov9Ag82T/nrUkWj65r1/8AYb7zK7jw38GZxF59xb+bHURxOIrs9HHYLIuHKcf3fNM4v7HfXnLeb5deaftZ/tOeHP2Zfh1Jqg8q58QX/wC70fSf/ate4fG/4seCv2aPhPq/xQ8bWtubDR7TAEsP+ul/5ZQ1+Jnx+/aM8aftB+O9T+KXjec/vcx6daKMxwjrHH+Wa97Lcvbl7WofjfGXFVfFU5YWnopHD/ELxjrnxA8Z3niDxFqb3t5dXHmXk8v/AC1lqrDN+6rLs6uef7V75+WThGNNJGh5/tViGas/z/apIZqDm9makM1WPP8AavWP2dP2D/j/APtLRef4BsbaO37y6hN5UVd18Sf+CQv7Zfw80G48SW+k6VrUcX7ya00nUv8ASv8Av1XV7OscinSZ84+f7VH5/tWXqU2q6PfyaXqtlJbXEX7uaKWH97FVf+2P84rE39nzGxNNVeGb97WV/aNx6irsOpQQxYngrM09l7I2IO9aGm6bPN/ywrDs/FUEP+osa0P+Ejvry1ksYPM/e/8ALGKtAoUa1Sdj9WP+CDH7Lp8Yfsq+MPiNpRlkvNU8efZrPyv+eUVrF/7Vlr6k1L9mnx/oOqefqv2mLyv+m1H/AASL8B65+yL+wf4P8Oa5Y+VqmvWf9vXkUv8Ayylvv3sX/kKWKvaD4w/4SS/k+3T/ALyWvmMdmXsq3sz9uyTLJ4PL6dRwPE9S8N32m6Vcf2hP/wAsf+W1eP3msaUNUkP/AAkdtbSf88a+jPjB8MdV1iKS+sb7yo/+WNfI/jz4S30+v3mq2M/lSWs376Gvmsxx1al78D9w4S4fyXNqHPU5YzPVPB//AAh011/p+uReZ/ra9M0zQdKmtZP7D8Sf+Qa+b/h7DBDd28Oq/wDHxXtGmnXNHijgnh/dy/6n9zXmU8yrVD63EcF5VT92J6Ro0ObD7D9uiqnf/B7V/EEuba1D/wDTY1T8P6rNYr5FzpsjV0+neN7uxHk2cUn51WGzL/n4eTieF8Nh9aMDz61/ZL8RjxB/alxYrcyRf6k5r6O+CfwXvvDQS91HTwsch8ww+f8Auq89uPEniyG6j1C3kuIt/WLya7Xw58cda0y2js76HzM/9Mq9LD4j/l5A+bzrIcRjcNanFHpviTR76fT5IP7Jilj/AOmNeN/EjUv7HEiwaVXUTfG2eaLyLGxklrh/i18QvDl5FH59jLHeeT/yyr28NmR+WZjwbiKEb8p4/wCNvinPDbSeR5v/AFxrzfWPi1ZGbP8Ay0/6bVJ8SLOe8uri+g8y2/54y1434km8Rw+Z58EckdetSxtGqfneOyivRfvnpGsfFSym/wCPieub1Lxh4VvP9RfeZJXkd5rGuXl15EEEvl1lz3nirzf9Bsf+2s1dPtKJ4tTDHrn/AAiula/5mZ46PCtn4x+FevR654HnltvKm/1UX/LWqfwr8E/E3xJ5cEGlXP73/nlX054J/Zp8OaPpcerfE3XPK/5af88q1Mqn7o7j9nv9pb/hYWjR2Oqz/ZryL/XRTVl/tUfH7wr8K/h9qGuarqv+q/1P/TWWvM/iR8efgD8MfMvtDvov9A/d+bND+6lo+AX7LHj79u/xjpfxx+J1lJa+B7CbzNB0Sb/W3/8A01li/wCeVduGX1Re2qF4TDyzCt7KMTzf9i39nvxH488eXn7UXxU0qWXUL/8A5ANpLD/qov8AnrX2n4b+FXiKeHzzoUnly/8ATGvcfB3wB8OeD7X7cIYvMi/1P7n/AFVGseK9K0eX9/PFF/zxrOtiY5rV94/QcBxXi+EaPsqPwxPm7Xvh1eeGtZksp7fyriKob7xe+ktGLu3H7vpXqf7RWpaVrHgiTxjYw/6RpcP+mTRV8J3fx90/4g+PI/Ctv4pii86by4YZZq+NzHLJYbF/u4n9D8GcV4biXL4VcRI//9k='}}]}], 'model': 'qwen3-vl:8b'}}
2026-06-26 15:28:44,645 [DEBUG] ThreadPoolExecutor-0_1: Sending HTTP Request: POST http://localhost:1234/v1/chat/completions
2026-06-26 15:28:44,675 [DEBUG] ThreadPoolExecutor-0_1: send_request_headers.started request=<Request [b'POST']>
2026-06-26 15:28:44,737 [DEBUG] ThreadPoolExecutor-0_1: send_request_headers.complete
2026-06-26 15:28:44,753 [DEBUG] ThreadPoolExecutor-0_1: send_request_body.started request=<Request [b'POST']>
2026-06-26 15:28:44,815 [DEBUG] ThreadPoolExecutor-0_1: send_request_body.complete
2026-06-26 15:28:44,831 [DEBUG] ThreadPoolExecutor-0_1: receive_response_headers.started request=<Request [b'POST']>
2026-06-26 15:28:58,198 [DEBUG] ThreadPoolExecutor-0_3: receive_response_headers.complete return_value=(b'HTTP/1.1', 200, b'OK', [(b'X-Powered-By', b'Express'), (b'Content-Type', b'application/json; charset=utf-8'), (b'Content-Length', b'1491'), (b'ETag', b'W/"5d3-ZNcKy5ndTSYxsrdXZLuDD83lUZU"'), (b'Date', b'Fri, 26 Jun 2026 12:28:58 GMT'), (b'Connection', b'keep-alive'), (b'Keep-Alive', b'timeout=5')])
2026-06-26 15:28:58,213 [INFO] ThreadPoolExecutor-0_3: HTTP Request: POST http://localhost:1234/v1/chat/completions "HTTP/1.1 200 OK"
2026-06-26 15:28:58,229 [DEBUG] ThreadPoolExecutor-0_3: receive_response_body.started request=<Request [b'POST']>
2026-06-26 15:28:58,244 [DEBUG] ThreadPoolExecutor-0_3: receive_response_body.complete
2026-06-26 15:28:58,260 [DEBUG] ThreadPoolExecutor-0_3: response_closed.started
2026-06-26 15:28:58,260 [DEBUG] ThreadPoolExecutor-0_3: response_closed.complete
2026-06-26 15:28:58,260 [DEBUG] ThreadPoolExecutor-0_3: HTTP Response: POST http://localhost:1234/v1/chat/completions "200 OK" Headers({'x-powered-by': 'Express', 'content-type': 'application/json; charset=utf-8', 'content-length': '1491', 'etag': 'W/"5d3-ZNcKy5ndTSYxsrdXZLuDD83lUZU"', 'date': 'Fri, 26 Jun 2026 12:28:58 GMT', 'connection': 'keep-alive', 'keep-alive': 'timeout=5'})
2026-06-26 15:28:58,276 [DEBUG] ThreadPoolExecutor-0_3: request_id: None
2026-06-26 15:28:58,292 [DEBUG] ThreadPoolExecutor-0_3: Raw LM Studio response received for F:\kuvat\test\9a99276885004df09c96e55bc7f1faa9.jpg
2026-06-26 15:28:58,586 [INFO] ThreadPoolExecutor-0_3: Successfully tagged 9a99276885004df09c96e55bc7f1faa9.jpg with ['Photo', 'urban warfare', 'smoke', 'explosion', 'destruction', 'rubble', 'conflict', 'chaos', 'cityscape', 'debris']
2026-06-26 15:28:58,601 [INFO] ThreadPoolExecutor-0_3: Processing a79f1691d70c4e5bbbc023a32085c1f4.jpg
2026-06-26 15:28:58,741 [DEBUG] ThreadPoolExecutor-0_3: tag: Software (305) - type: string (2) - value: b'\x00'
2026-06-26 15:28:58,756 [DEBUG] ThreadPoolExecutor-0_3: tag: unknown (40094) - type: byte (1)
2026-06-26 15:28:58,756 [DEBUG] ThreadPoolExecutor-0_3: tag: ExifIFD (34665) - type: long (4) - value: b'\x00\x00\x002'
2026-06-26 15:28:58,896 [DEBUG] ThreadPoolExecutor-0_3: Requesting tags from LM Studio (qwen3-vl:8b) for F:\kuvat\test\a79f1691d70c4e5bbbc023a32085c1f4.jpg
2026-06-26 15:28:58,990 [DEBUG] ThreadPoolExecutor-0_3: Request options: {'method': 'post', 'url': '/chat/completions', 'files': None, 'idempotency_key': 'stainless-python-retry-0fddcab8-bbb9-49e1-820a-52e1356c4ae2', 'security': {'bearer_auth': True}, 'content': None, 'json_data': {'messages': [{'role': 'user', 'content': [{'type': 'text', 'text': "Analyze this image, which could be an internet meme, screenshot, artwork, or photograph. Extract 6 to 12 highly relevant keywords. 1. Always include the image type as the first tag (e.g., 'Meme', 'Screenshot', 'Artwork', 'Photo'). 2. If it is a meme, identify the meme template/format, the main subjects, the core vibe/emotion, and 1-3 key words from the text. 3. If it is a screenshot, summarize the main topic or software shown. 4. All tags must be strictly in English. Do not use any other languages or alphabets. Return ONLY the comma-separated list of tags. No introductory text, bullet points, or quotes."}, {'type': 'image_url', 'image_url': {'url': 'data:image/jpeg;base64,/9j/4AAQSkZJRgABAQAAAQABAAD/4QBIRXhpZgAATU0AKgAAAAgAAwExAAIAAAABAAAAAJyeAAEAAAAAAAAAAIdpAAQAAAABAAAAMgAAAAAAAZKGAAcAAAAAAAAAAP/bAEMAAgEBAQEBAgEBAQICAgICBAMCAgICBQQEAwQGBQYGBgUGBgYHCQgGBwkHBgYICwgJCgoKCgoGCAsMCwoMCQoKCv/bAEMBAgICAgICBQMDBQoHBgcKCgoKCgoKCgoKCgoKCgoKCgoKCgoKCgoKCgoKCgoKCgoKCgoKCgoKCgoKCgoKCgoKCv/AABEIAaABoAMBIgACEQEDEQH/xAAfAAABBQEBAQEBAQAAAAAAAAAAAQIDBAUGBwgJCgv/xAC1EAACAQMDAgQDBQUEBAAAAX0BAgMABBEFEiExQQYTUWEHInEUMoGRoQgjQrHBFVLR8CQzYnKCCQoWFxgZGiUmJygpKjQ1Njc4OTpDREVGR0hJSlNUVVZXWFlaY2RlZmdoaWpzdHV2d3h5eoOEhYaHiImKkpOUlZaXmJmaoqOkpaanqKmqsrO0tba3uLm6wsPExcbHyMnK0tPU1dbX2Nna4eLj5OXm5+jp6vHy8/T19vf4+fr/xAAfAQADAQEBAQEBAQEBAAAAAAAAAQIDBAUGBwgJCgv/xAC1EQACAQIEBAMEBwUEBAABAncAAQIDEQQFITEGEkFRB2FxEyIygQgUQpGhscEJIzNS8BVictEKFiQ04SXxFxgZGiYnKCkqNTY3ODk6Q0RFRkdISUpTVFVWV1hZWmNkZWZnaGlqc3R1dnd4eXqCg4SFhoeIiYqSk5SVlpeYmZqio6Slpqeoqaqys7S1tre4ubrCw8TFxsfIycrS09TV1tfY2dri4+Tl5ufo6ery8/T19vf4+fr/2gAMAwEAAhEDEQA/APjuLw3fef5EAiij/wCm1aEMMFn+48itCazP2vyLe+6VYgEEI8+4/ef9sa8X2h7BT8iDEZggkq5DZz/88K0IoYJusEcX/bH/AFtWD9hnlj4/eUqQGfZ6b/z/AFv/AK2rB02ES+Rb1qQ5gijn8jzaJvPhlk+0aTLH/wBcrOsjQz/7GnhiwP8Av9RDo8/lfv4P3dSQa/Y3kn+vlj8r/nrZy1chvLGbj+1bb/rl51azp86Az5bO3i48io54Z/8AlhB5lbg03P7+eCxqOabtBBFL/wBcYayAw4dNuTNJ5/lfvf8AllUk1lBZ+XcXH/o7/W1oTfZ9S/cW/lSyf+iq0NNsvsZjM9j9pk/57TUe0YqWGrVX+7OPvNI8VeVusILaL7fN/wAtf9bFWhN4UvobX7Cfs1z5v+umm/df9+q6Sazgn17iD95aw+Z/39//AHVakQhh/wCW/wD36rb2hpUw3744/wD4RWfzfm0rt/rpqIfBPkxSCexi8uX/AFNdpNDBNz51YfiTxJpXhuwuL6fVf+PWHzJv+WtFMzqU1SK9noNvDF/qJKJobeGX/U16BoPwrvtYsI76+1WKOP8A1nk+TXQQ/Dfw5DF5E/lS1j7Q5vaHh+peG9K1KWSyvrH95/rPOri9S+AP/E0k8R+HNVktriv0k/Zk/wCCavir4+xR+I/FWkf2J4X8nzP7bu4f3sv/AF7Rf8tf+uv+qr6M8O/8E+P2ONLs08M+Efgle+KL8DnXNRvZf3P/AH6l/wDRUVc9XMqFD4pFH4QfHz9pjx18NvgRofg2PxRZWeqX93f6cbu6l8uXyorryvN8qKu38FXnxivPBuh/Dn4A6V4kube103/TPE9ppt1H9vupf3ssvm1+snjb/gkX+yv4q+LWn/EbVfgtonhv4gWsP/En1C0h+3aZdf8AbL/2r5UUtV/Hfwn1P4KaoPD3xE0P7NcRQ+ZDdxQeZbSxf89baSujDywWLpDq4yrtyn5r2f7E/wC1t48sJPt2q/63/XS6tr3mS16Z4V/4JyeMdY1+88ReMr7TfEHiS68q5vPKml8qLyoooov9bF/zy8qvqDxJ8TvhlpsXn32q6lc+V/zxhqv4b/aE8K6P/wAgrwNcyRzQ/vv7RvPL/wC/vlRVtTqUsL7igYVMTOrS5Jnhd5+wr8TdHsPtGlfCq2uf+wTDFcy//Ha8zvPBOleFb+T/AIoCxtryKby5pdR/dS+bX3RD+2x4V0WKOD/hHIraOL/ltpNn/qv+Wsv/AF1/7a/+Qq7T4wfs32H7Qnwzt/iNfDTZdYlhik03xDaTRfabqL/ll/11irSnOjVMvan55w6/rkP7i+0rRI4/+eVpD5tSf2lfTXWZ4LKLzf8AnlZ/6qvXPiF8BvGPw31iPQ/FXhy2svNh/c6h9j82KX/nr/ra4ubw3Y3nmN9viubf/njNZ2vlf+iq5Szj9S8b6Hpt15H2628z/nj/AMtajn+Leq6ba+fb6Hcy+b/zxhi/e/8Af2vRLLR7GGL7BpWqxxx/8+mnQxR/+iq5/wCJHgPQ9H8Eax4x1ye+to9Ls5b2b99LJ5sUUXm/vaP3wHi/xC/ac+MWveLY/A/wk8D3NzeWv+m69NLD/otra/8AXX/P/f2tzw5+2ZB4V0u48K65qukS6h/rNSh+2eX5Uv7r/wCNRVq/sw/s+a9+1r4BtPiV418Saj4S+HGpxfbNN0+A+bq+vf8AXSUfuooov+/v/tX2PTP+GWPgzpf/AAjnwW/Z6ttbuIvNjh1HVtNlktopf+Wsv7397LL/ANNa3r1L0/Z1D1MFg6EV7SXvHj9n+11fXvEF9pttH/yx828i/wDjtGvftOXHhrT5NV1zxHbW1n/z28mWKL97/wBNa8f/AG0vG/wP8B69Hquh3ttq/ii1/eXnh7SYfKtbC68391ay+V/rZf8Alr5X/LKL/v1XmHhP4N/Ff4k3U/xM/aI1G+/0r95Z6JOfLtrCL/ll5sVZLB4aj+8M3ip0qk4o+n/+GotD1L9xBqvm/wDXH95/6KqnqXxy8KiXyJ4LnzP+eX2OWvB9e8H+HNCijOh30tjJL+7h+yf8tf8AtlXUaP4P/sDQZNW8f31zHcXX+u/65f8ALKKs1Lll+6MvrPtT0AfGzwrqV/caV/asdtcRf66KbzYqIdf8K6l/zFbaX/rleV5Xr2m6teaXbz6H4Vjj0/8A5c5tQ1Lypf8Arr5X+trDmvPB0EdnB440rTb68lm/0O00/wD0m5l/65V2U/rZj7Oij6Ei8H/bI/3EFz5f/Pb7ZViz8NwQy/YdVsbn/ttXN/CXX77wT4cs7HXIIra387y4YZpvNltYv9bF5teyaZptveRRzwTxS+b+8/c/va21Of2pxf8AwjehwnEEFzLJ/wBNqsf8Ir5P+osbauomsv3v+gwR+X/z2iqveaPBd+X9u/e/+Q/KqaYjn4bPQ4fMt57GTzJf/IVRzjQ4f+WMkv8A0yrqIdB8KA/Z/wDlp/12qT7HBPdSaVY2NzJcRf5/e1QGXovhu3hi8/yP3cv/AE2ovNB0O88ueeHzLi1/1MvnV0Fn4J1y9ijt5/Mi82b/AI9LT/lrLWxqXgPw5oMUc9hBFc6hFDFLeSyw+ZFa/vf9VFF/y1loA8D/AOFY6r4P1TUL+3+zSWd1eReTNLpvleVLLWxD4J879xqvmeX/ANMv3UVeyax4Vv8AWYv39jfXv/Lt9ki83yov+WXlRRV5/nVf7UvNJnn8v7LeSx/vv+WVcmIXs/3h3Uqhy93pGlWf+jn7T5nk+Z+9m/1VSTabPBFHPBY+b/028nzK3Bo8EP7+4vv+2Pk0alZ33nef/o0Uf/LHyv8AW/8ATWuL2iOo5fUvCt8P3/kRW0kv7ybzYfNqnN4Jt59LuDqv2a5/0OX99FD5f2WugvPsPk/uLGL/AKY+TDL/AO0q9I/Ys+DEHxs/ac0vQp9Kub6z0GaLVtY0+ab/AEb7L5sUUX2mX/rr/wAsv+WvlS/88q7cDTrYmvywA8v+IXw30r4e6NH4j/tyKWTzvLvPO/dxVw97428HWcXnz+I7KP8A64zeZXrHxl8S/wDCV/D+PSoPDn2azlvIv9bXlem+D9Ds/MxZRRf9ca1xHsaNY5sMvaUiSDxvY6l+/wBDn8yOL9550sPlVJZ69fawPP0qeytrfzv+W0MtXIf3PWCX/pjVyH99/r/3Vc3taRr7F/zFOeHzpfInv/Mk/wCWMv72iGHQ4dT0/wAHQ/6y6037TNL/AM9fN/5Zf9ta1IocQ/v5/wDttVfTdNg02Xz9D1S5j/6Y1dOpdC/ew+AuTQ+G9Nu47Hz4rHyv+eU3l+VVf/TruX/QR5X/AC0/e1ofY4JfLnn82Wi8MEMv7+GP/trNThiOT3Gdvs/3JHNqU8wzBpMkskv/ACx86rn/AAiuq6xD/bl9+7j/AOW1p51Gg4F1IfP+0yf9MYf3UVbE0MPleffQeXXMa4bLvafvKhHo+m2UMXkWMEUcf/TGGtQ6PYw2sk5vo7nyof30PnVl+dff6+CxuZY/+eX+ri/8hVJ/Zv8Awkh/5a21nF/rv+utaHdVnRwlHmKdnDi6knsYLaWS6m8yaW7/AHv72rE327/l41X/AL8wxR1cMFjpsXkwebVeaGGb9/8Ava6D5J4qpVkRzabYj9/PY/aZP+e01c38QtNgh8EaoYNKii/0OX/Uw10l5DBZzSQX1/F/z0hh86sfxV5GpaLcWIn/ANbZyx1rTjpzGdSR6B4V+NnhzxVpcc+lz/8AkGvfP2SPBHwu8d3+sfFz436pFH4P8Eab/aOsWl5PFF9vl/5drX97/wAspZf/AEV/01r4n+GPgO+s9Lt8/bftH/TGtr9rbxb4q+C37L2r6L4d8Y/2Treq+Hb641LQ5WDy3Vr+6lil8s9PK8r/AMiy1w4nCOcfcFSqc8z9av8AhvDQ/i1a2fgH4fz20XlQ3Ud5dy/6rzf9VFFFFX0BZ+G9c/4Q2z/sPxVHJeReV50N3/x6yy+VX84//BPn9onxl4Bfw5axeKLm8sLm0i+0SzTSyeVL/wBMpf8AP/LKv2Q+AP7bH2zw3b6T4xvovM/6a14WJyydF6+8dPtfanWfGbxt8VNB1W40PXPDlz/Z91/yyim/1Uv/AD9RSxf8ta2NB8eWP7RPgOz+C/xpt/tNnqk0seg+If8Alr5vlebF/wBcrr/llVzV/wBpb4E2drJP4x8Y+H7a3/5bQ6hqXm/9Nf8AVf62KWvP/G3x+/ZQ0G6s77Q/iNZXPhfxH/o2pfZPKuf7Luv9bFLL/wA8v/3Va0oyormgbHyv8Tv2dPGPwq8eXmh+Mtbikt4pvMs9Rhh/4/4v+WUv/TKuL1jUoPtUljDqvm/89vKr6g/ao1/VfjZ8JdQ/4RXSr6yvPCUMuow3cvlS+bpct1FF5X/LL97F+6l/1X7qKKvl/wAK+DxDFHPPqn/XGKGGvVw2J9qcFSmXJtHuLzRpIP8Apj/qa+zfhT4C+PXjH4H/AAQ0fwp8NbzxB4cs/CEVxqfiD+2YraW1/wBZF5X/AE1l/dj86+QtS1ex0jSriDH/AEz86vcP2V/2tPjD8FPh9b+BdK8cWVlpdr5v2O01DTftMtr/ANcv3tac86L5jP2ftT6s8SXnw5+JPhy4+HHx3+GV94bkuofs0P8Awk0MX+n/APPLypYv9bL/ANcq+E/2xf8AgnN8Z/2cfL+IPgXw/c+INDuj9oi0O7/1tr/0y/6ay/8APLzf/aVfRnhT/gpHbaXpT6P8Tdb8SeJPtX/H5LaeVbS/9svKrL+G/wC1d8MvBPja4vv+Gr/itJ4P1T/XeDfE+g2upfYP+uVzLLLL5X/f2unDYmjV+OIL2tJn5V+MP2xb7wT4ouIL7wB4xi0+ws/M1KGHR/sP/bLyq6iz+MWhzTW8H/COabc2d1psUc13d2fmxap5sX73zZf9b5VfrwT/AMEofjxF5GuW+ial9qH77+1tNlill/66/uqkvP2D/wDgl74qtY7fQ/B2iW0n/LH7JqUtt/7VrWdPCr7Qrt1T8c/AfjD4cG7k8K658B/Det+C7CaX7Z4I/ti/+zWsv/Tt5sssUX73/plXokPir9mzXpbPwdffDnW/hvpeqeb513pPxOuo4vKii83yvKtLWKL/ALZV+mEP/BIr9gOG1k/4RW+1a2j8n/j0h8VSyRf9+q+L/wDgo1+wH+zn8JfDmoWPwy8cXuraxF5Uk3hnUfKk8q18397L5sUX/kKWWlU9juzWnUrJngfhSD/gmlZ69b6H8JJ4v7Yi82Szlu9Nl/1vlSy/62X/AK5S0XnwT1z4hWuoeMdV8caJ4X8J2Fn9tm1G7hluZZYvK8391FFFXB6b8PfA/gPWY/7D8K2NjJ53l/a/sf72X/trXaal/wAJj/wjkh0nxFqUscU3lQ2k15LL9qrbA1MP73tI8xnUr1nHQueCfAfwP8HXUk/wx0O5ubyX93eeMfG80UUUX/XtbRRf/Hf+utamu3nwB0GK3MFvq3jLVJf9dLFZxWVta/8ATX97Xj+peFfibZS/2rYz2X/PT/S/+WVE/ir/AISrRrfw544nito4v3d5pOkw/ur+X/nr5UX/AD1rppVMOv4cCPazS948j+Ld58RvjZ8ULyx+C2hfYdL/AHX2zxDd/wDHjF+6/wCWX/PWu8+EvwZ8DfCWKTVYZ5dS1iX/AF2uah+9ll/65f8APKKuoGj6r9ljgsYJbGz/AOWMMVcf4wn8f+A5bj4jX2uRf2XFeWvnaf8Auv8AVf8ALWXzf+etKpUqzZjUqOqdh4w8N/8ACSaXJBfWMkkcsP7mKauD8BfFT4qfs3+KLfwr4qhvtb8J6rN5dndww+ZdWH/TKvZNBs7HWLWPXdD1WTUre6h/fedNWx/ZsGnS/YoIPNvJf+Wsv/LKsvaIDcg/tbXrX9zY/u4v/IVcf8YPjB4c+Euix6rrl99p1C/m+zaPp1p+9lupf9V5UVdhefEj4geHPDl5Y2Ok/bf3Mvkxf8tZZf8Anl5v/LKvl/8AZdvPEf7Qn7c3huf4qWPmyeF5rrUbzTvJ8r7LdRRfuovK/wCWUUUvleV/01/e1z0KfPudCf2D648H/B+/Gl2/iPxlp32bUJbOKS8hi/5Zf9Mq3PDem/bNZvIPI8zzbyK2h87/AKZfuv3v/bX/ANFS16J48vNL0fS7jVb6CLy4oftM0Pnf8soov/tUv/f2uT0HTYdHuo4J762jvLWby7ybzv8Alr/y1l/7+/aao0Ok8B+G/Dnjv4l6H4c/sqL/AEq8urnyf+Wv2XyovK/9Gy16J4w/Zq0rwpFJfaVB9p+wQy3Plf8APW6i/exRf5/5ZVxf7GdnBqX7SPEHmx6DoNr+6/1ssXmxeb/39/e19mano0A1WQeR5fmzRXPm+d/qvKl8qWX/AMi0HVhkfG954b1bTb+4+3fafs9rN/x9yw/62X/llFFF/wBcv+Wv/TXza8T+PHgPwp8H7CTxxPPLFcRa9LbXlpF/x62thL/z1l/5ayyy1+hl58GbGaK38i3jto7WGL975Pm/ZfNitf8AyLL/AO0q+a/29/2Xdc+IX7PviT4c+HIPL1SXQftvhu0hh8397FL+6i83/lrLL5X/AJFrX2VOoveD+CfK95rFj4kure+0ofafNh/c+VD5cUVU7zyP3c848ySX/U/58qvnP9l39szXPEnjO3+FfxUgtrG4l/0Kzu4ofKitZf8AprLL/wAtZa+3PCv7Jf7RnxV8LyeOPhX8HNX1vS7X939r0+GKTzf+uX/PWvDqYSv7b2cTppVPbHk/7+bVY9K/1Ul1NFH5037uKLzf3X72X/nlX3p+y7+zTY/AHwlb33iLxle+H9UsNe/tHxVaRWfmf2zaxWsstrFL5UUssVr/ANdf9bLFLLF/ra8j/Zd/Zj1z4e/aPj98YvHFt4XvLDUvsXhuXUfK8qK6l/deVc/upYv3v+q8rypf3Xm19EfFfwx8Xbf4LfZ/hl8M/EKaHf6P/Z0Ok6fp0upRaTay3UX2r7DL5UV/FF9gjufK/dSxfvf3VfYZLgnhv3lQ6KTpf8vD80/G154qPhe30T/hIrnW7iXWP9Mlmh8rzf3Uv/x2Kufh03VZofIEHlyf9Nqk8Y+Ktcu/+JroX2a2s7X935VpNLJXP6l4kvryL7dPfSyeVXytSUa1Y9DBZHiJ0jpLPw3fTf8AH9fRW3/bapG0fSYf+Qh4jj8z/rjXJ2d5PNWhDZieWnyHX/ZHsP4h0Et54ch4/eXP/Xaq51EdLGxii/66/vapwQ+T/wAsJJPN/wCmNSfv4Yv3HleX/wBNazOerTwtP4C4NYsbz9xq19J5n/PG0h8qpLzXrGGWSex0ry/+ms01Z55mjgx/7SqSGWDHniCTzKDhPbP2Ufgzqv7TniPWNK8OatHFeaNo/wBtmi+x+bFdf9Mqy/iReWPg+/8A7K8VaHHY3FrN5X2v/nlXvH/BHD4v/Cb4Y/FLxha/FPxBp2j/ANqaDF/Zuo6hd+XH+6l/exf+Ra5j/gq18df2Sfi3qVtpvwHtZb3Xobz/AInGpWo8qxmi/wCmf/PX97X1WFoYD6lzzPZweMw0adqh4VNrGhzS/aNKvormT/rt/rak1jxWbPSozrkMVj5vmyfZPO/ey14nN4bvZuv2nzP+WMNaHhTTdV8NXV5BfDzdPlm8yGL/AFktrXhy9j/y7PNznEUa1P8AdHaax4q1W8/48hHbf88f3MUstcX4x17XNNtLjVdVnlvbOL95NF53lV1hNveRRz2N95tV7zQbHUovs89j5sdRGb5z5Q+C/Hf7dPxRu9ZuLfwvoGkaHGJv3SxRSySn2kkllNfQ/wDwTBTxZ8Ro/E3xO+KOr3N6b6eOPSIpuY/3X+tl8vp/y0i/79V8U/H7Rv7B+M/iHRP+eWpS194f8E49OMfwF0TxHY6jcmO0s7q2u4T/AKvzJLqWWurE/usP7nUeHheqfod+xz+zY3xs+LOn+GNTuZbDS7prkfb7eH/l6jtZbqKL/wAlq+bP+C4XhuD4Pftm+G9D+wyxWeqeFYraH/nlLLa/uv8A41/39r2z4S/H3xv/AMKt1T4W+DvEUWm6rJrFrrOgzTTeX/pVtFLF5Xmxf89YrmSKu5/4KUfA3Rf+Ctn7CHh/9oH4HQSL478Lyzf2baTf8fMWs20v+lWsn/fvyv8Av1LXJFS9kuY7P7p+Sfgq58V/sefE24Bt/N8F3V55lnqMP/Lh/wDGv8y19T+Ff25PA+vRf8I7ceMba2vP+u3lf+Ra8j8dfEix8efByz+Juk+FfNvPJ+za9pM0P/HhqkX+ti8r/nl/rfK/6Zf9cpa8S8F/ED9lT44SReB/jHYSeBNatz9lstc08+VbGP8A5ZeZ+6/9G0qdOVfc4uSrRP0V034qeALzRo57HQ7K+1CKzlubyHzpbnzf9bL/AM9ay9B0f9pPxJ5njHwr/wAE9b7SdPuofMs7SXR7q+1O6i/56/YfN+1eVL/z1itZa9A/4JP/APBNLVfhv4os/j94j+Jlt46k0u88z4Y6f50X2H7VFLFay3Vz5X+tltZZf3UX/TKWWv0P0n/hcPinW7/T/B/hPSNW1vQZpdJ1Lxhp/lWN9F/y1kijtpv3X2WWWKKKX/pl+9rT2FGhqx/Wap8kfsRfHL4c+I/G8fwq1bxDpsml6p4bl87Q5ryL7VoN/FFLpd/oEsX/AB9Rf8fMUvlS/wCq+wRf88v3XD+PfC3j/wCDGqXHgDxxPc215FNL9jh0nTYv9PtYv3UV1Lcy/wCq83yvN8ryv+WtSfGyH4v/AAH/AOCgvxI8Y/syaVbaJqEXwr0HxZqUWraDFcy2uqS3X2D7LF9r/wCPSWXzZfN/65f88pa3P+Cj/wAR9bt4dD8f2/hyKSSw+y6L++82PzYotKsJf/jtcUvZ0MTb+Y6YUq1ejznlc154/wBS+z2OleDpbaTzv+PvUbyL/v7Vyy03x/D5cE9/5skv/TWvL/B/xO8f+KvEen+FZ/DmkWX9qfu7Ob+2Lr91L5X7rzf3v/PWq+gftjWGj+HP7W1X4SeKLmPzrq21L7JD/wAessUvlS/8tfN/1sVdNWi7HHTlOb5T6I0Gzvvsvnzj/ttRqWm/8t76+/d15/4P+PF/8TtAt/EfgDQ7b7HL/qf7R1LzPK/7ZRV4X+2npnjLxjYXmla58Rr7974burmz0TSf9GsbXyvK/wBb+982WX97WFGlH21ifav+GfSH/CyPhn4D1n+ytV8f6bY3l1/x52kupRRyy/8AXKvePhj4W+IHjC/s5/A81zfW8X/L3FN5sVfA/wDwTr8Afs+Q/F34TrpXwy0CXXIfGFhcw3f9mxeb/oMUuqSyyy/63/VWMtfsR8AYdD8K/syaXrnji++zSRfapJvN/wBbdS1yZ1fC1YQj9oeXz96ftCnoOm+I/CtrH/bnxGkiki/11pFNFJ/5Fr5D/bk8fedYXnjCxgjk1DWdS/snTYpv+eUsX72X/tl+6i/7a19MfFTxJBpvgj+1YPN+2apD5kMUM3l/ZbX/AL++bF5v/bL91XwP8bPidY/E/wCKv9nwQf8AEv8ADlnFp1nF53lRRSy/vbqX/rr/AK3/AKaxVOEVafxnZVmv+XZ5348s5ry7jPkf9M/Jh/5a/wDXKs/4V/FSx0jxRcfDLxVfeVcXU3/Ehu/+WUv/AEy/6610HiW80r7BHPcC2sreWb9zd3flRRf9sv8AnrXkfxC+Fn/C5vC158RvAHjix0Sz0ab/AEzXLubyopbqL/n2r34R6I5j1fxJ8SPDk1heaHBPFLrnnf8AIO8n97L+9/dVgaB4Vt/Ddr5/keZeS/vLy7m/1sv/AEyirP8Agz4JvtY1DVPi34qgl/tjxH5Un+p8qK1iii/9qy/va6y8s4NNuvIEPl1vb2fwnN/FK959g039/fT/ALyX/tr5tfOf7Y3jy/1K10/4V+FZ/MvNUmikmh/55f8APKvWPi142g0fQbwaVP5WqeT/AMtf+WVeR+FbPQ/Dd1/wnFxNbX1x5P767lm82WWWX/lrRycgz1zwH4V8HeD9Bt7DStC/0jyf313dw+bLLW5ZeJNc02/8+CD7bb/6zybv/wCO1Tg1j7boNuNJg+0+bD+58n97WXN4k/sfzBffuv8AttUHQeyaB8Q/B2vSx/br6TTZP+eV3+8irc8OeD/CvhvxvcfFPwdBpMeuXVn9mvLuL/l/i82KXyvN/wC2VfNepfGbS9N/cDzPL/5bTRQ1Hpv7WfhvR9Q/sqCDUr39z++h06zll8r/AL9RVjKFUD6k8efGbSte/tyeCeX7Ppem6NezQ/8ALWWX7VdS/Zf+/ttbeb/0yqPQfEl9Dax2P2795LN++l87/plLLL/5FlrwuH48eDvFOnyaTruial/pUPlzfa4fs0v/AGyl/dV2Hhv48/Anyo59V8SSfaP+W0Uv7zyv9V/zy/65VRt/CPrT9glr/Ute8SeP9V1WKOO6vJZJopofN/1UX+tr6ks/GOh69f2dj9hkj+1Xl1p372Hyv9bFL9ll/wDJaL/v7/01r8y/hL+3h4V+CfhuTSvDnhW+1+T/AKazfYYpfNl8397F+9lo+J3/AAVW/aF8VXcmu+FdK0Tw/HL+88n7H9pl/wBbFLFL+9/5a+bFF/yyoOj2h+tmmTCbVLOeDSrn7Rf6bLc+V5P/AF9fuv8AyF/6KrH8YWfgfwHa/bvib440TTdP+x/6HNq2pRW0sUvm/wDPXza/Fvx7+1p+1f8AE6WSfxV8YvFFzJL/AK7ybyW2i/8AIVcPNeeKryX7R4j0q+ubiX/l7u5vMqv4Rp7RHQf8FIP2M/g74Q/ab/4Sr9mz4jeH9f0PxHeS3upWmk6xa3MWl3Xm/vYv3X/LL/7bXSf8NOftGeG/hJrnwssfipe/2Xr1n9mml/e+b5XlRRf62KWL/nlXn8OpT/ZfIn0qWL/r7mi/9pUTQzwyyfbv9X/zytP+WVT7acKvtIMzi+T4D9K/2Nf+Crn7E3hz4d+F/hj8W/gR/wAIbH4c+y+TDpOm/bdMtfsssUsUsX/LX/Wxeb/qv+2tff2hftI/Bb45eAbzxD8B/i1oGvXH9iy3FjFpOvRSyxy+V+6iki/1sUv/AEyr+cqbUrCb/UXEUsn/AKKrPh8VXumf8eXiSSxuP+fuGbypf/IVehQx1WUuaZn/ABjuNS1L7ZLJ5HlR28s37mi0Fv5X+n+VF/12rDs9S+I2sSx+RBZaRH/rJv8AQ/t0v/2qq9n8PZ4fMuINVlvbyWb7T9r1D/Veb/1y/wBVXyfsV3PtK+bqjP8AdK52GmzeHPN+0QfZv+ec03/PWtQWVhDLieyi/ddP3NcnZeCb6ymj1XXLH+0ri1m8zTZv+eX/ANtrQm8UmH/kK6VfWP8A028nzYq09n/LM8nE5hiMT8ZsTTXEPl7m/wCmlRzXn/LAwf8ALGs+98VWRtfP+3W0n7mpLO9+1/v/AD/+/UNBxliaznm8s+R/8dqnoMN8v7ifVfM8r/nrWhNqUEMtV4bO+mlkmsdLufMl/wCWU37qugVWrYuTCCaLyJ4P9VUcOm2M0Xn2/wDz2/1UVRzXljpH/Ic8VabYyf8APHzvtMtZc3jHQ/8Aj4sLG+vo5f8AltdzRW0X/fr/AFtaJ1rGH1imbEMJm/fwfuo/+eVRzajodnL5M99FJJ/zxtP3stc3qWvQTeZYLoem+X/yx8qz83/yLWP4l8eTwxfZbe3llk/1cMUNn5VaHL7Ssanizxv4r0e1kn8K6HZRyf8AT3ef/Gq87vfjh8cJoriCCfTba8i/5dPJqx/ZnjHX5fPvoJLG3/64/vZa0NY+GN9e6XH/AKdLH/zxmm/1tda2Mqp8K/HZtbm+KGqaprq+XcXU3m19cf8ABMz9rLwF4J+Gl58GPiBrcVjJ/aUtxpk13/qv3n+ZKn1f9iq0+IkSa38S7nzLg8RS6cfK8quw+Gv7Ev7O3h/S7uyj8Oy332kYu5dRvP3gHpWtSNOtS9mZU6nsT6L0Hw14q82PXPCvlXNn+6khu7T/AFUte6fD348aH8H/ABvqHxP+Duh/2bb+KPKk+Knw91G8/wBBurqL/mNWMv8Ay6XX/PWLyvKl/wCmX+tr5D+FXg/4Zfs06p/wkfwz8VeLdEktf3n9k2mpfabG/wD+mUsUtcfqP7YHxo0Hx5b3/iT4PXupaPL/AMfl3okMVz/5Lf6391WGHjKj+7n70TX238p98fHT/gntpX7SPhfUP2jLH4VyaRrmsw2tzr0On3kUvmxf8ut3FLFLLFd/uov3ssXm/wDTX/lrX5H/ALRP7C/xCu/2tPD37P40v7Nq/ifU4rPTdQ8n91dRSyxRRS/+RK/XT9lL/gp94dvNBt/hz8G/j9baTJFN/oeiatDFFdeV5UX7r7NqEX7r91FF/qqzP23da+I3xZvZIND+EOiWWuRQy3PgnxXa2cv27S9U8qKWKWKX/VRfvf8All5Xlf8ATL/lrWOtHEc32TX23tqXIanhT4P+OP8Agnponhr4S/Db9qjVn8J+DdB1Txfqeh6X4Vil1PXrWLVNPl1S1tpZv3UVrFFJcyxf6r/ll5stfpH8GP2nPgDqOg29h8K/HGk31vYTS2U0unwy+VFLF/rYvN8r97L5tfkX/wAE95v2hf8AgoF42s/2c/2vPEdlH4kv/hj4t1H4cfEKLyopf9PsIrCW1ubaHyv9VLc/6ryv+WUte6eAv2A/Cs3xB+0eOP27rbwb8RJdS/tHXtJ8BwxWVra3V15XlWsUssssv72X/ll+983/AJ5UsXThV99SOWlSqQ92R2f7f/jnWviR8Vry9+A8GnaJ8TLqI2dnNexxXUV/FYzSxWP2m2/e+b5V1Lcy/wCq/wC/teAeEP2G/wBqj48eF/C/hX9prxVff8T7xVLe694n/t77Ta2vlRXUvlXNzF5v2S/llluZZf8AllF5Vra+b5vlRRfU3ij4D6Xe/ELwvYfF/wCIuteLvEPw51S1uPFXhPwyko1PxHF9l8397Y/avK8q6uvNll/1XmxSy/uvKr6Evf2wf2d9C8D+IPC37Vll4P8ABuj6Y0Nvqmh3f+k2Nta3UUnlWFzL9l+yyy4k/exRebFF5v8ArTXJUp853U8XKlH2cD4J07/gnt8OvjNpt544+DvxG8SW2n6XrFrbWfiHVvDf7rWbrzf+XGPzYpZYv+mv7qs/4e/sofFXw1+2l8WP2UPg74TtvFEf/CSf2tqXjHVtH8rQ/Dl1fxRX8sVz/wA9Zf8ASYvKtYv9b5v/ACyi83yv1huPDmr694UsF+AVz4XtvD0mhCPQZ3t/3dr/AM8pLaIReUYvKryTXP2P/E9nq39k+LPippOk+FL6z0aXxR/wj+m/YdT8UeI4r+KWW7l8rp9qitoovK82WvOVfF0q9ubmgawxFGMZSUPekrHxH40/4NuNT8LW8kvwY/b11TSdUuZCnk3+lRpFf3wi/e+V5MsXlR+b5vH70xV4jo//AASj/b1+GPjLxBonxw+HN74kuP8AhG5baHxDpM3262l/exf6r/lr5X7r/nlFX7Nx6J8erHxYG8N6n4W0Hw3pt1dGHRv7LlupdQEkURilklEsX2X96brzB+9/5Z0yw1rx5LoVtfaR8RrXxV4l0PTLpNR8PRaXFZRaxLux/q5f3lof3fleb/qv3tenCca1S9/hPM0pn47/ALOv7B/j/wDYP8JWf7aPxi8HXN9ea9eXWnWcMPleV4Ntf+etzFL/AMvV1/0y/wBVF+6/5ay19t674A+KuneANW1X4geM9O1C48NaR/aI8FafPJ5U0ssMvlRXNz+682KKLzZPKi/dcf62WvePiF4V8EfHrwDqHhHxZPFoWv8AijQplvPA2raoJL61Jml/eWwEo8rzJI5MSxDt+755ryr4/fCHwh8K9AsrTwx4unubqwtIpPFnhoCWOLXrSKHyorW2i83yof3f/bL/AJ61zV8PVr13UqL/AAno4DC4fFVI04z+I+Sfi142+JvjD4QXnxNvvDl9bXl1N++/tCGKXzf+vaKvl/xLDrsPwmt5/wDhHNb03xJqk377ztHtf9Fill/ey+bL/rZa9T+MHxN+LOnPpnxf0P4gxReGLnytO8HyfvZYvC9rY/8ALK5i/wCWt1/rfN/6ZV9Sa18Ffhm/hjR4fG/irXI/HE9la/8ACR+GNE1KL7NYX8v+ttftMX/H35Uvm/vZZf8All5te1lmVV8XJ8h6WcZB/Y9OEp1fiPyk+Kk2q6nFqlx4V0PV9S1jyf8AQ/7R8ryrCL/nlF5X7qKpP2cNF1X41/DXS4LkH/hE7W8urm81H/n/AJfN/dWtt/0yi/5619UftI+MP2TfB3xDX4SfCyLTfEcer6Ddf8JtpPgS8i1L+wpf3sUv2m+82KL7VLF5UX2WLzfKlir58i/ai8M/Bn4eafolj8Odc0/SdI02KyitYtNitozFFL/11l/5617uE4WzZv2kacrHw2OzvKcNW+r+1jznqZ02CG1knsPMj/54+bWPqU0E0X+n+Z5nk/vv+mtcd8L/ANs/4LfGe7k8PeH/AB5bW2sXTYs9J8UWf2aWX/ll/rP9VL/2yl/7ZV3PjbR7HQdL8ief95/1x82WWuLFYCtha1qp0UatzzfWBpU/mW+q6VFLHdTf88a4ub4Y6V9qkg0r/RrOWb99/ra7C81KfUr/AP1Hlxxfu4Yqr6lD9jl86+/dx/8ATWuU6qRc+EviOH7VceAL6CSO38nzNNml/wCWsVWPFV5pWmmS/nPlx/8APWGH97L/ANcq4fxV4P8AiNr0tnrnwr1y2tri182Pybub91XYfCv4SaF5X27xj4q/tbxJ/wAxLzbz/Vf9MooqxqAc3eTarr0X2GeC2sbOX93/AKX+8llrH/4V74x0G1xpeueXp/8AyxhtLOKP/wBpV7BrHw9sYZf9RLLHWPqVn5N19hHmfuv9dUmtPc8Xm8H/AGy/kn1WHUrmTzv3MN3NL5VdBoPhvwdNLIYIJI7j/nlN+6lr0S9h87/X2Ntc+b/rpvJrL1LwfY6jL5EEEUUkX+pmi/5ZVoWY+m+FbGGXFjfXPmf9dv3Uv/bKrFn4V0rTF8/SrG28v/Wf8ecXmxVcs9NvtNhuLG+vo/8AnpNN/wAtf+/VXLO0+xycX3/XH9z+6oNDPHkWcsYg/wBGj/6YzeXUl40+Y7ie+/d/9NoYvK/8i1c87/T/APUSeXL/AMtf9V5tV7ybzpZLHz5JP+m3+r82swMuGaGbzPPgil/54w+T5dZes6Pod5FJfT6V5Un/AEyrUvNNvbOL9/B5tvL/AMtqJvPmljn/ANbHF/z1qOdG3szDOj/Y/wBx9uuYvK/5YxVj+NZtC0fw5cX2qz23lxWfmTedDXefbLf939u+0xf9NoZvNrz/APaQ0exHww8Sa59u8z/iTy+T53/XKtaZifQk0N95vkDSvL82HzIfKhqu0N/5Xn/YfNj/AOmv/LWvsD9hv9mnwP8AFT4feH5/iP4c8QaRrkX2rybSWH7NfeI/3UX72KWX/j7ii+zS/wCq/wBV5sv+qruNf/Ye8K69bbPC/wAVbC5uNLhlkE01n+9tZZbqKKL7TFF5v7r97L+9/wCesUX7qKueplEacuXnPpPqio/bPz/1K81XTYrj7RB5fleVHN/zyi83/MtR3l4fN3T2Usv/AFxhr6c+OX7JfxG+DNrcaV/Yd7Jof2yL+zfOs4pfNl/5ay/af3sUUXlf89fK83/rr+6ryfxh42+Dug2snkfbdN1CW88v/hGdcs4vNii/56y+V+6rmnltWic9Wil+85jyvRxBNd/6RY3Ply/89YfKlrUnvINHtZIL6+823i/eTQ+T5ksVc/4k+JH/AAmF1J9hsZbaP/njD/rZax9H8ear4P1D9xP5un+T5c1pLDXRSw3855lTE0/sHSQ+MIJv3HhXw5H/AMsv9Lm/ey/9+qw7zXoLy+jstc1W5vf9V52n3fm2UX/fqukEPhzxJax65ocEcX/TaKiWWe8tf7K1WwivY/8AprD+9oqT5iOX2hj2f/CHWcUcFjcW0UcX/LGLyo6p3sPhyAyTz3//AJGqvq/huezluL7Q4ItSt4v3l5p0vlfaov8ArlLVjwT4J8OeMLSPxjcaV/xL7qGKXR7SbzfNl/6ay1nTTqCqVFSKc2pQQj/QJ7b/AJ6Q+bN5vlVT0z4weAYbq48K+I762028tZpY/N/1sUteif8ACH6Ho8X7jQov+u0sNSTf2T/x4wWMX/XHyf3Va/uzn9p7Q8b174/eHNB1n7D/AGHfalH/AM/ek+VJF/6Nrc034hT67YR65B8KvEHl+T/0y/8ARXm16BqU/wAOLO18/XNK02L9z/rpofKrg/Enjyx8SS/8IN8K57bUry6hl/0vTpv3VrF/z1l/55eVWxkZ/g/4keKrzX9P8R65Bc2Oh6prEunabp13/rf3UUv72X/v1Xpln9hnsJNW8+KKOX/pt5UVeR+MLO/0HQ5PAHhyCS51TwH5Wrabaf8ALXVLWX97dRfvf9b+982vTPBXhvwpr2hW+q/YfNjl/eQ/vv8AlrWhzljUrOcf6ie5+z+T5fnTQ/8AH1WHrFnBDLbwW9jJLHL/AMtq6DXv9C1mSeD95J53/LL/AFtdR8AfhX44/aW+IX/CsvhXocVzcWs0X9satLD5drpfm/6rzf8Apr+6l/79UGh5P4w8H+Fde0b7D4x0O2vreL95/pcPm11H7BH7PX/BVf4h/tI6J4O/ZD/4Smx8P2t59ph8T+LLO6/4R6w8qKKXyrmXypYpf+WX7r/prX6jfCn9mL9kL9kbwRH4t8NeGNF+JHiyw8VWGgw+IfGMHm2rX9z5UssttYxRS/6qLzP9VFLN5UP+t/5a15V42/4Odv2S/hjp8Vr4q+O2reKLjyYpJbX4W+A4raOL/rpLqF1L/wC0pf8AplWHtnLTk5i6cJQ15z7D8Hf8Eufgv4b/AGjNM/a9vNAsdM+Kd9pcVnrGpeGYZPssX+ifZf3UUv8Ayy/ef88v+ute9eGfA2h+CvC114b+EXhnSdADQmSzurjSopIpZf8AlpdSeVL+9r8vfhT/AMHPH7P/AO0p8ffB/wAHvgh8OfFtt4o8QXkunWereIbS1NrF5tr+683ypfNl/eyf+Qq/RDwd8QvFeo2kek32iaJpuqS+V/Zt3aa99ptfN/1v+qllil/7ZebVLAya9oOVapI5/wDZj/ai8VftFeA7zxx8TfgBe+ALOLUpbaz1Gaf7TFf+VL5Xm/6qKWKL91/y1ir89/2tPAf7TB/b6j/ZJ+HPimXxb8J/iNrEXjjUtOu7yKLTLqWw8qXU9PuZYv8Al1l/0b/W/uv3tfp54V+KfgbxJqF54B8A+ONEl1Cw1KX+0tJ8PeVcy2ssv73/AJ6/9ta/Pf8A4KofGDVYfCXiz9nqf4O6l4k8afEuz1Tw58PdQ8PXn2aK1uvKl/eyy/8ALL91/rYvN/e+VWHs1Ov7Mf8ACPc9W/aS/ah1DwDcftJaNq3gC/0vw54fv7zSPBXgnxTLfWN3LF5XlRR3MMX+ly/upYv+WXlebFXQzfHS++Fel+B/jFrnwd1ux0PxReS3uvajrkP+neF7+6ii/wCP6L/ll/zy/wCmVfAf/BFv/gn5+3r/AMJHp/7ReufGLw34Ns9Zm/4nHg7+wZYrm6tf9V5UttF9l+yXX7rzftX+ti/7a1+l3hH9lbxl8PtWl8S6HYeBdVMwlGu22nWep20uu2v73/Rbn7Xf3Xm/vZf9bLRTyZ0qvtOYU8UuTl5T4h/bZ8FftgeCfG2jaVpeu/EuT4vfHjx5FeQXfg7XrrTbHwbpdtFL5X7r/VXflWsXm3Xm/wDtKtj4I/tv/wDBSbQPFOlwQa3oHxs0vWZr+28N6fq2j/2J4hurCxl8q61D/RIpbWKLzf8AVebdebL/AM8q+lfH/wC3x8MfgzrXxR0vw9+wr8RLrxt8O9Ht9Vs/Duh/D+LzvEVrLHnzrW+h822l/eGX915vm8SYillHlVwHwf8AjH4B+IOj3Hxv/wCCYDaV4y8N66kUvjz4UeGL+w0nxLo110lPl3/Fr/yziltfKi/1X7qWjFYLGVZfuoodHE4eNJ+0icJ8Tv8Agpj8CNS+LvgP43/tF/Dr+zLPwHZ6zH4qtLr/AEm60+WWKK18ryov9bL9q+0xf9copZf+WtY/if8A4KE/AHw34WvPCn7Ln7QfhH4w/DyW0/tH/hE7rVJf+Eh0H/VeZ9hlm/e3f+t83ypf3v8Azy/55V82f8FJP2pFjspPgj8Kf2Ydf+Hkks32nxV/wm+j/bZftUv72WKXyvNill8397X5T/tH/BPVdP1CTxtDBHbXEv7y7hhs/s0UsX/PWKvqqeQ4ujgIVpq54UM2pRxv7t8p+wnh/wAR+HPHfjy8+NPwr0PRPDesxalpd7qXh4zfadMuovNlii1WKX/llf8AlfafNii/5dZZf+mVfJ/7VH7VXxx+OfxKvv2avBOs3ul+IPHXiOW58YNbQfZntI77yvNh8v8A5Yyy/wDLWL/llF+6/wBbLdeb5/8AsNftU+IviRF4b+D2vm0mTRYohFKIMXMsMYhj/wCuf+qjktfN/wBb5Usvm5r0b/gjHLc/HH/gqbpWu/Eh49R1bVPEt1ruqXEy/vZbr97LJ/5Fr73I8roYTLvrcNU7/K26Pnc74szvHTqYatvD4fm9GfoZ+xr/AMEdYPDPgOzt9d8JRWtvawRJZ6dN/wAtZf8AntL/AM9Za1/2wf8AglfqWneCLi4ttQlvYPJ82bj/AFUv/XL/AJ5V+p+j2OnWVsiQxRqmO9cv8X5NMh8Mzy3yJJEIT8ssdcuD4yzF5hGnH4L/AAnwuZ8FU6WWzzCpWlKrve5/Jl+3x+x7N8OLW88aaLoCWU1pc7NSsIB+7i8z/Vzx+3mZj/CqP7GX7fmtwx2/wY+O+uyX1nGxk8Ka3dDzLixugf3drJKTnyZeIsn/AFX7v/lkP3X6F/8ABWrw94Rj8HalZW8cchudTlIbzv8AVRf88ov+mVfiD47t49K8U3dpCMRrIcV28d4LDqjDEU/t/mfSeG+c18xwcsPX1nDr5H6ZXk3irUteuNV0rQ7GPzf3f2ub95/36iqxZ2ehwxed4q1WW5uP+essMsVch+zVrvir4jfBTw749uJbd7iXT/LvJIzmSSWKXyvNk/df63915v8A21rq9Sh8YzmTH2a+j/67V+Nuo76n6pA6jTYPDv7uCxaL/pj5M0VbE0Phy8Ec+uaJFL/zxl8n97XB2ej65B5n27Q4raOL/lj+9/e10EP/AAnFnF9h0r7Nc2/k/wCmedD+6rE6DrIfDXhy8sI4INUljk8n/U/bKx7z4b31n+/sdd8y37fufNrPvLfXIG8+fQ/K/wCwdNLH/wC1ak0nxJ4ks7qTyT9ut4of30U3+t/9FVXswI9Y8NeI4YswWPmSRf67/plVPTNN0q8uvsM9xJY/uf8ATLu7m8qK1ir0jwrrGq+MPDn26DwrL5l/NL/xMZf+Wvlf89a4fwr9t8LeKLi/0qxjj1CK88yGGH/W3UUv/LKWWL/W+b/11rswck63v/CepluWVsRV5pnSa98K9Ds/BGh33hzzbm4l/eWetxTeZFL/ANMpa4/X/Ps7ryJ9Bjtv3P8Ay2/+217x4Ds7DX5rjxxpX9palb/8x60mm83ypf8Anr9mu/N8qX91/rf/ALVUfxU8K+FfG3gOPXv7W/tK4l82SHVrv/j6ii8qL/W/5/79eVX0eJyyNSjz0D1sTlftafuHz/LZwax/y/SeZF+7qSez+2f6jSo/3X/T55ktSanZzw3Uf+g20VxFDF++lqvAbH95+48qS1/eeV53lf8AkWvl60J05WkeB7F0NGR6kMTfaQf9V/z2m/df9tay5rywvLr9/B9m/wCuX+qlrUmmgMskE8Ev/Xaab/W/+Qqy5bP/AE+48i4/6af8tf3tIgk1LQRNLJBBB5n/AD2i86vO/wBoTSNLh+GmqWM/mW0l1pssfk/89a9QhmvrOLyLH/SY/wDnjNN+9irzv48eKrDXrq4+3T+Z9gh8uH99/wAtf+WtThjCr/CP0c/Z1/a3+A3g6fxB8NtJTxJJ8P8AVLO117+0ZrPy7rRtU/5a3UVtF5vm/wDo2vSPGv7bvg3QNKk1vxhPpPiiT+x/s39tzXl1L5trdXX+g/adMu5ZfNilii/ey+bF+9i8qvgPw342+DvhbQbzSvDmq33jHxRYXn77/l20yXyvNi+yy+V+9l/+1RV53428SX3xU+zza7YXMWj6XN5mmwxeb5VhF/yy8rzZfNl8r97/AMtf9VXViasYVv5j6PE4mlBfCfQn7Qn/AAUU8R+JNU+w/s9WGpeEvC8vm/bPD32z7T/4DRf8sopf+mVfNcxgglknnn82S6h8zztWh8yWL/7VUcPhXSoB9hM8X2yL/n7/AHsv/XWL/plUkHhu+N/9vsdVubaS6m8uH/nlXLUxNSr8Z4NWpVqkkE3nWskH2fy4vO/1MP8Ay1/55eVUc/kWcv8Apxj/APIv7qtyz+HurQ2Hnz6rZW1x+9k827miillirD8bzw6D9osdDsbnV7z/AFc0OnQ/6r/nl5v/ADyiqjE6j4P6xBoOqXGlarY+Vbyzf6H53/LKuw1jwff/ANl3Gq/YZP8AtrDXy/rGneTLHrnxG8R3N7cRQxf2b4ItLz7NFdS/9NYv9bL5X7r/AL9S16B4b+J3iqzlj8K6r4djvY7DzY7yLQ/Hn+kxSxf8svs2oS/+1aUqPtfhNeSp7PlNS90GeGL+1bi+uftF1N5dnaQzfvbqL/lrL/0yirU0DRhmTVb6e9i/5ZQ+VN5cUX/bKpNH1iDx5LH4xsbG5sreWH99Fd/62L/ll5X/AGyq5eal9jl8jEtK9RU/ZmHszYms4Jj5/wDat95lcf8AFr4teB/gzoMmu+Kr7zbiXzfsenRf62Wug/tLVdStLi3sYJPMih/c+bD+6rxv4M+CZ/EmjR/HD4jeHb3W/GF1eSx/2TLD/wAessUsv+ixRf8ALKL/AKa1pSwyMalQj+GXww+NP7SnitPF/wAYdQufDfhv/WWfh+H/AFk3/XWvYPh78PPDkMVxB4c0u203w3YTRW2m/wBn/wCt1SWL/lrL/wA9Yv8AnlVODS7fR/L8Oa5fR3uqaz5tzr1350sUX/TWKL/nlF/qoq7zTYYIfCVv9hg/0fyf31p5Pl+VRb7RmcXeaP8ADrwJ4ts/GWrW8tzcS+bHDqE0372will/9FebFUk3huf4e+ZrngC++0+F7q88z91+9itZZf3vmxf9Mv8AW1n+MPjh8FvDl3eaH4/8Y6JJ5sMUlnL9siufKl82KLyvKi/z+6r5+vP2pda+HvjBL34a6dqt3H4j166jvPDcdnaxaZdWv/LKKL/Wy+b/AMtfN/1X73j/AJ611U8PWqfDAzqTZ9Q6lNfTaXJ9uglj8qGXzv8AllX2x+yV8K9D+Hv7Hnh/XND82xuNe0H+2te8mb979qvoovN/9pRRf9cq+AvBXxF0r47fCzXJfDaXMkltZzWWoWGoQ+Xe2UgjI8u4j6RyZB5HpX6Zf8E4/jjp3xT/AOCVPgTxTdXUc0Nr4QtbLV4zBEM3Vh/ossX+q/56xf8AkWs6lKz5anulUO5+e37dV58VPj/8fviJ+zn4c+KmpWPw38Eax9im06K8+zWt1fxReVdebLF/rf3vmxRRf8sovK/dV4X4J/Y5+Emj/wCna5of9peV/wAsdWh8uKL/ALZV9Eftjal4O+D/AO0t4o1X+1YorPxlDFr0M3k+ZFLdSxRRXX/XWXzf/Rtanwrh8K+JfDGlz+FYJNX+3zeXZ2mnQ+Zc391/0yii/eyy110lQtywPLnXrc3IeCaD+zR4J8BeOrP4vfCTXNS8E+LLBvtOj6h4eEXlWv8A27S19mfsR/Fz/gph+2N4c8QfDP4zfFnSdN8Dy+VZad8UtE8K2tlqdrL5vlebbeTF5Usv72KKvX/gn+wJ4Hs4rP4jftbWHm/b4fM8N+CNOvIo7GWWL/oJ33/tKL/yLXcfGD9sDwro0sngfQ/Dlt9osLOW5h8EeE/K0i2tbD/WxS3Msv7q0i/df62XyvNl/wCWVehiK1OlQ5OQKSxMamsj0T4S+GbX4ZfC+7+BH7L1tJ4J0+Gzljg1GKaWW6l83yvN1W5l/wBbL/21/e/6r/VeVXD+Kvj98HdNtbfxj4O8SeDv7Lis5bm8l0nTYrmKX97FLFdfaYopYoovKil/5a/8tf3tfFf7aP7efw6+BnhuLS/2n9Vttb12eLzLL4GeDr2WKLS/Nii83+17r/lrL/rf3X/XL91/qpYvnz4j/Fb9tD9oL4h+HdZ/aq0ybQ7C807+0fCnwH8KXstrqXiCGKL90bn/AFssdtHFFFJL9ql80QxS+V5eePNw1OkqvtJQO2Xtqh+hkP8AwVU1Lw58btI+LPhT4HeMNa8MXPha6trz4l6JppttNmtbaW78oxS3V1FFd+VLFff8spf9d+6/1v732LTP+C73wNufC8euTfHC2tpEPm+d4h0j7F+6jil/65eb/wB/a/KT/hYXhPWrrw3rnirxn4o+KvjCws4rbwf4N8MzXWk6Fo0UUUUXlRW0unxf2fY2v7qL/RfNll/56xfvZa5H41fCb40eH9eT4X6h8WrjxBrF14XHijxT4I+H3gmx8vRtGkhmlxJc3R/1keYv3Uv/AD1/56xV71KeEqfHAjkkfrt4q/4LkeBtY1T+yp/Cv2a8i037bDq2k/vYrqL91/yy/wBb/wAvMX/f2vz7/as8Z/Cb9qH4zXPxmg+GXhG+8YTzxS6b9k8U3VtbapFF/wA9bG0i/wBLl/8AIv8A0y/5ZV+fXiLUfiL+zz4iuvA3jXxxqEPiLy5YLjw9PMt8dAEN1JF9luX/ANXFL/o1tzbf6uKX1zFX0V8HPjhr83hO41fxdqGoXOl2HlajqWn2viK/uZYpZZf9bFFLFFFL/rfN8qWXzf3X7q6ta9bAVcFTqaQPNxccTD3Y63OtTx34wsvEd5f+F/E954c/ff8AHp4Z+JstzbWv7397/wAS3UIvN8r/AKZeVF/11r5+/aT+KkOueArjQbl7UW93FFJpsun+FrW2juIv9b+7l/1sX73/AJZV9B6r+1z8M/HeqW+leFfGPiOL7f5sdnFrep38sUssV1dWv+t/tWKW0/deV/y9X/8Arf8AlrXzN488CQ3lq+p6xrC21ncyxxX9/ZTeaLk+T+6MsXlebN6+bHx6+VLX0WJx1CrlMqa+I8+OWOrXhWa5eU8h/Zs+Ll/8Ivito/i21aQCwvI3kEf/AC0RJPMr7J/Y0+KEP7J//BR3TPHkDD7BLqMsmnDPlxyRXC/u/wCYr8+tRhax1aS2hb/VTZr2qD4pT+LfAWg+JlmI1fwm/wBku3/5aNbf8spP+2fSvIyDOIww8sLU2Wv6MnO8rnXftaW7jZ/mvxP68Phd+134I8deCbDxJZXvF1Z+YIq8w/ao/aw8KaB4TuGn1H/tl53+tlr8af2Of+Cqd5pPw5tPCetzxEWdpx+/8uXzf+etVv2hP2+tL8V6fcQ2/iO8lklh8vzZohX0+W5BlUK31q/un4zm2P4krf7FJHM/8FGf2n/+Eovb8x3fmA55/wCmslfl14v1E6rr9xe/89Jck16/+0t8dX8Z6pPFptxIYzN+48w58qOvDS8kr9eTXzHGOcUsXP2FLaB+rcA5BUynAe0qr357n3T+xF+0HceAf2f9I0A+HLny7Wa/k+1wzeX5v73zf8/9cq988N/G34SeNYo82NzY3Fh/0x8zyv8ArrXMfA74e/Br4e/AvQPhn418WacmrWGk/wDE4RrvmO6l/eyxeZ/qv3Xm+VWNr3wT0qG6/wCEj+HPjH/SLWb9zNaXkXlf9tf+mVflNWdN1j9EPZIPFXh3xKsc+n+Kba+j8nzP3U3mebLWobO3P7jz45fK/eTfvq8D/t7Q7y//AOK/8OWWm6x53l/a5tN+zRXX/PLypfN/9q1uWmm/2DLiDVdW037V+9s5f7Sl8r/rl5tSaHtn+g3l/wCRP+7/AH376b/nlVybwR/wm2vaP4c0Mx/bNU1i1tv3037rzZZf+Wv/AEy/e14P/wAJJrem3X2GfxxFJJ/5FqSHxN4j8SfaPCs2uW19J/y20+H91LVUalP2n7w2jDmeh9sftpfAD9uD9lH4S6XY/E3SdA1vwXFDFc3nibwzZ/ZraKX/AFUUVzF+68qX/wAhf9ta+Z9N+MHh3xhFHoet6HLHefvfsd3D/wAtf+evlf8Afr/VV9YfsW/8FXPjF8Hxb/Dj9r3zPib8N5dNltvO/s2KXWLCX/ll+9lliiu7X/ll/wA9f+Wvmy11HxO8Yf8ABDj9sGxk/wCFc/FSx+EPiy1/5Bst3psvh+1ili/5ZS213F9l/wBb/wA8q9em6NRfuz2sHm1fDT5Wj4/0ebxjpulyar4NvtNuZP8Alt++8u5lili8r/v1/wBdf+ete0fDH4qf2lqkfiOfwrpP9qXX/MOhhluYov8AVf6qKX91/wBtf+Wvm/8Af35z+Fesa58VLC4vvhzPHc/ZZvs15aRf6r/tl/11/wCuXm1cs/EmuaDa3Gk6VqtzFb3U3/Ey0PzvK82WL/ll/wBda9LLcyqU6vs5n1uHqU60ec+nPiP8DfDnxa0uSCxvo7HXLDzbnyoYYv3UXm/+Rf3sv+fKr5j8Y+G9c8K6zceHfEdjFHcf8sZov9VLFXpHwN+J3/CV+KNP8OWNlqWrSXU3l6Pp32zy4pZf+eUv7ryv+/v/AE1r6M/b1+Jv7Nn7Ov7FviTwt4k8O2V78QPFt5Fc2enfY4pLr7V/z1i83/VRRRf5/e17mOyqhi8H7WHxHNmuW0ZYeNTqfBesfab3iC483yv+eNV5ryebzJ/Ikij/AOWP+trzvw3+0JqehapHY/EaD7F5v7yz1yKHy4v+2v8A8dr0iGzgn0vz9Knikt5f3n2uKbzIpa/PqtKtRZ8NUp+zZyfirWZ9ZsLOx0r/AEGz/wCXyaL/AI+rqvM9Ys/B1nayQT2MUUkX/PWGvYNehtzF/qP+21eV+KrKDypPPX9551a0qn7kwPoz4qaD4O0HVI9K0Pw55usWvm+daaTD9mi0u1l/56/89Zf3v+qrm7ObxZN9nvZ9citpLWGKT/hJov3Vjpcv/LKXyv8AprFF5Xm/8svN/wCeUstbmpanpXhvw54f1zQ/NvvEkU0tz4k060h+0/arqWLzf3v/ADyrPvLTSrO1kn8Var5tna/6NDpM37qLypf+WX/PWX/ll/36rlqVLVT1KuH5anxmPeWVh4b0GPVYLG5sdP0b95ef23NFc32qRfuovKlil/dRRf6q6i83/nlL+6i8qrmpa9q00Umq+B9D/wCJhFN/oerat+8ur+w8qLyv3Uv+q/6ayxRRf9Mqk8SXkHm/2rPYeVJpd5Lc6PF5373zZf3Uvmy/8sovK83zYv8AWy/9cquTeCPEcMsdjY2P9pf2pZy3MMNp/wAsv+uv/wAdpxVSs/cH7KnV/dnk/jb4kaheXX/Fvr6y1vXPOi+x6tDeRfZbW1/1UsX/AE1l/wCWvlebLL/z183/AJZR+Cfg/pX/AAi8nhXSvFWpRf6Z9p1KKWaKW6i83/ll5v8Azy/66xV1HxI+APiuzsJNV/4Q7y9Pl8q5vLvRIfMuvtUXlf6V/wBdfKirzv8AZb0TxV8OtJuG+Kmn3Mkd1N5k2twCWSX7VL+9l83/AJa+b5X/ALSrtqOUKPIeXUw1eliff+A9U8E/Av4V+Ff9OsfB1tJef637XL+9l/7+y1T+If7Pfw58YeI/+Eq8SeHPtN5L/roYf3cX+trvNNmsdYtZJ9D1WO9j8nzPKimqnr2pfY/9fbx/9dfOrzqXtrmsv7hn6DpmiabFHYwGS2jtYfs0MUP7ryoqr2dnBNqcl9BN+7im/wBVNUdpDBNayEQS/wDfmtCa8gsrbyDbyeZ/1x/1VdHtDlND7Z5MsfkX8lt/1xovIb7U7uPz9VltriL/AJ7VTs4b6aX7d9hlij87/lrVz7Zb6bL5H/LP/lj5Xm1n7R+1MziPFOr2Wk634k8beKNbjjtLHR4opbpYfL8ryvNll/67f62tH9if4AftLf8ABUvUfEGn+EvGkvgP4N6N/wAS7xH4gtbPzL6/82L/AJB9t/01lil/e/8ATL/W+b5sUUvkv7eGsWP/AAqDU4LK3ktri6mi/c/9MvNr9wP+COfww+C9j/wTZ+D+k/BPVNJubOXw3a3uvXdpef8AMZl/e33m+V+983zZfK/7ZRf9Mq9rA4ZOlznM6ipVD5ktv+DdP9lC6sf7F8O6Rr8X7n/W6dqP2iWL/rrLL/rf/IUX/XKvnH9ov/gh/wCJ/wBmSaXxbDP4i1/w1ZXixaEdOSGK/wBLiuB5lz5uP9b+983y/K/exxSyk+b/AMsv6BZtBgg8OfboPG/2aP8A5bTXd5/6Nr8SrX/gvP8AEzxN/wAFbdY+C/j/AFnSrb4Uxa9L4Z0GLyv3VrcxTYi1CST/AJa+b5X/AFy8qWvby2soz/eEYio3D92eRaN8AdY8NeI0+IGlfCuxl8R29x9nm0+K7lspdZ0byvKudPuTd+VHdebF/qrr/WxS/wDPWuj/AGSv2ovgx+wB+0lrP7JmqfES+1L4NfEm7k/sI6jp0ttJ4X1T915kNzFL/wAs/wB5HF5vtH/11r7T1H/gm74o+MPgOdfhd458HS+JNH1mXVdH0nQ9R821v9Ll/dRS/wDLKWK6ii/5erXyvN/5a+bXwR+1X+yRq/xKgm8M/Fnwnq3hLxKlp9nu/tkAIliil/dRRyHyvO/9G13ZhgcJmNCcab1OOnVqUp+0l8J3/wC3F+wj8SP2svg5ZeGPhVodtc+NfC2vfZxNdzRRRfYJYpYpf3v+q8r/AFUtZv7DP7GVh+xHaHxr4u8UWHifx/C92llrcEsv9meG5ZYvKlltjN5R+0+V5n+leX/2y/dRS185fDT4tftV/saa/J4j+Ic/iHxR4Lv7M6TCG8VXUemSRReVj/Rv9bF5UUUUX+s/7a16/wDHL4/T/GwXHxG+GXhXUpPDdhoPm6xaafqX9mxWt15v7qWKX/lla/8APWWWX/VRS18dh8LicplapDmPUpYX6/HnhOJ7h+0V/wAFAvEXiTVNQ8AaFca3468SX/lfbPBHgLTfL826iu/Nilubnypfskv/ACy/dRS3Uv8A0yr4u/ap+Pvxp+F+jW1n8SvHui2/xCjvfMs/gl4Q077TbeHOsX2rW7n7VKZtY4xFFLLdXUP+tmMMv7quh0r4nePdW+HdvpH7OPjTUtR1C00aX+zdQ8FWcum6ZYRS/urr+zLb/j6u77zZfKlupZYpZfN/dV0HwO/Zq+Ev7PsX/CVfEaw8NxSWHm+TpN3dxXPmy/8ATzL/AMtf+vW1/wCuX72uic51ql6h20Mtp0l+8kc5+wp+wd8VPE2k3/7YPj07tWvoYptC8WeKIzLHpZMgzf8Alf8ALW9ijBxFL+7808k13njz4kfDD4LweIPiP8DrWS58YfECxl8F+A9R1O7k1HXPEeqXMlra3Wqy3Mvm+V5QuZf3UUsVqZZYovsv/LWL0D40f8FLf2b/AAFplv4T/aK8b63r/lfZZIPBHgLQIo4vKiupf+PmWWW1itJf+WUX7qXyvK/exS15F/wSw+CnjD9ur/god4X+LXxRg8vw34N83WrO0hs4raxsLWKWX7DF5UX7qK6l1SW2/df8tZYrr/nlXdRw0p6/ZOOpUin7NH7Qf8E/v2Lfhx8Hvhf4L+H+veHba+uNL8KxXM32yHzf3v7qKWX/AL+1+D/i39oqy8Pan+0T8XNB8NS3+v8Axu+KmqaV8O9HSLzDFp8st3mXy/8AlrFi+iiii/561+8n7Lvxxg+J37Zv7Tnwk0rVR/xbSz8JeHNHtPtkv7qKWwupZfK/55fvZf8All/zyr4n/ZP/AOCQNl8NfEfgj4t/EXRP+RI8VazZadDdwy+bLayyy/ZZf3v+f3v/ADylrWNlWsKZ414D/wCCft18Gfgz/bWrapcaj4w8RyjVfiDrdyPMkur+QeZJ/wCRZJK8su/2LvDvjCwt/h1rnizUovC8upRatDpP+q8qL7VFF5Uv/LWXzZf3VrFL+9lll/dV+snxU8U/An4V/CTxB8d/jHpNtJ4P+HMP2nWIpf8AmKX8VrFLaxf9NfNluYvKir4S+CXx50m8+Fkn/BUX4++D7q91jXvHusat4J8J2c/mS6pqlza3Wl6XpVtH/wA9bWL7TdSy+V+6ilili/exV3U6KXNNHie0qwqTMTxh+yvpXwwtdPFjY+DfDenxQ+XoPh7Q5pb6Ww837V+6lliil8q6ilsbmKXzZf3Uv+tlr5T/AG1f2LPjdp/g8fFTwvEdVs7/AFPy7nSvC6/aptKufKil8qQRGTzv9b/rYjJX0b450rxh+z94O1z49/th+brfxI1TR/7W8SeHtEmlsYtLi/1trpUUUX+qllll826l/wCWst1L/rf9bL9L/D74Y/tMfCz4a6h8fvFPjK68SfEO10f7T4p0SaaWTw9Yazf/AL2WK2sfN8r/AEWL7NF5v/TL/prXVUrUI0/Z396ROEwOMxlbn5uWEd2fz6+KvCGs2/jaTw74is4dE1F3/fWl4skflSf88pAf9XWXpd5q3hW+8nVIJY7e6h/fRf8APSKvqr9rT4NfE3xh4j1T4xeMb651LUJryW5vNWu4f3t1L/zyi/6a/wDTKL/VV4pq37OH7Qvh/wADp8TvEXwtvdI8PXNx9ntZ9bt/I82Tj/VCY+YePLHmR8cx/h83athq3Oe0lTnDkOc0/wAU3/hO8WFL7zISv7mWI/62KjX/AIqarqA2PeTn8axLhfEfhsS6RqekQtHJ0iuoY5Mj/plJ/WM1iXMjTTNLHAsan+BOgr0p53ilS9nTfunA8rwc6vtJrUW9vJLuUs7c161+yB8Hh8UfilBc6rZGXRNDUXOp8/6w/wDLKHp0lkwD/wBMxJ6VtfsofsLfFH9qrxJHBpjWXh3w9DJH/aXibWyY7aMHAIij/wBZdSdf3UWevJjr9Mfg9+yd+zb8GPCFn4S+HXiPW4re1h8y81W6+y+bfXUv/LWX/wCNf8sq8KtXdV3O+PKo6HM6ONK17S/7D1XwBon2Pyf30P8AZvmyy1H/AMKZ+Ekt/wA2MWmyf6yHyq9oh+Enwkhit9Vsdc1LV7OX/jzlhh8rzYv+mv8A36r5X8SfGzxze+I7iC+t5dEj/e/2bpOkw/8ATWXypbn/AJ6/8spfKryMPhp4qryo6KcDrPHnwk8KTf8AFOeRJqXmw+ZZ2n+tuax7z9lDxJoNtb6TfC5tre/8q9hhm1KX7NFF5tc/4C8beOPDfijS7fSr6L7RLD9phimh82WX/ll/rf8Alr5v72X/AJ617BD8dNW8SRXA8SaH5UdrD5epajFN5sUX/XWL/llF/wBda9/DZNgZ+5Vm/wAj0cBRoRk+eWp4nD8JfA+sX/8AZXjHwdbW15fzSyWeoxf8vX/LX91L/wA9f+mVdx4a8BWPgSwjg8K2/wBms4v9TaSw/upf+2taHxHh8N6mf7W12G9sri1s/ts2n/8ATLzf9bF/0183/wCO1j+FPjlfWdtJpWnw/bvKvJfOi1Hyo/8Arl5X/f2sc4yVYCMalGXNE6as8PUqWh7p0g8VHWrX7DPY20sn/PHzv9VUf2KCGwxBYy+ZL/z2qvea94H8VeXPfaH/AGbcf9NYfL/8i1Yhm8n/AEGDVZZPK/d+TNN5n/o2vDpSD2Xs9WZ8N5qsN1J5H2m2/wCWf7r/AJa1nzWeq+bbwaVq0f7393NDqNn5trLF/wC0v+utdRptnfXkUcEGlS3Mkv7zybT/AONVsfbND8N2txPq2lX0vlf66X91+9/6ZRVarVaU/cNKVacOpqfssePNC+GPxu8P6r4jsba2s9U1KK21L+1v3ljFay/626ll/wCWvlf9spfNr6w/4KZfHj9lTW/hXpnw10/Tn+Jl5rUMv9ieIbTUrD7NoMsX/TWKLzf+ecvlS/62vhfXvGGlaxLJAIJYvN/1OnQw/uv/ALbVzRxfQReQNDuf+uMVe7T4gxFPD+yO3E5nicTQhSOb1nwtoV5Yf2VqulRS2/8A38irj/8AhXt98K7mO++HOq+Vp8s377SZf3ltL/1y/wCmteoalNpWP39xJbSf88pv3VcHrHirQ9S1m48OWOlXNzbxTfvpfOiiil/+1V5jre0+M8r2U6RH/bFx4ksP7d0OeOS3i/d+TN+7lilrzfxjNrn2+T7d4Vl8vzv9b53m/wDoqvVIdGuIZpL7Vfs0Un/LaKH/AJZf9daz/GENjeRSeRP5sn/Lbyay/fUTmqHYWkNjptr5/kRR3F1N/wAsYf8Anr/y1qvCJ5r/APf3En2iX/v7Vye0gmv/ALDBPFF5X+ullhl/dVc8mCz/AOW/7z/lt5VcNTc7i54V8EaV4q16PQ/EfiOPTbOWH99dzQ+b/wCQq90+G3wC8KfBPQLjVfAGqy32oX/7v+1tRm8yXzZf3UX/AEy/5a189/2lB5X7jzZY4v8Al0im/wBVXUWnxVn0fwPceHNc+KnlR3/lfY9J/dSyy/vf+eX+tr18txlGlDlcTooT9nVPWPHfxI/s3Rv7CsfEcekeH/O8v/RIYo/N8r/Vebc/63/tl5v/AGyrl9Y174O+JJbeC+8LSS3Hk/vvsln9m83/AKaxS15vealrmv3X/CVarr1zbXEv+p1vXJv9Jlil/wCeVt+9/wDRsX/XKus8B+GvGPiXxdpfhXw3Y/2lqGs3n2bTbSHQZY7nVLqX/llF5sv7r/nrLL/qv3X/ACyr1qdbD1joqzwnL+8PP/G/wN+J2peHNQ/sPVYtNuIppZNN8qzi83yvN/deb/z1rzf/AITD44eA7W3n8Y/CS+1KSKH99qGk/vPK8r/lr5VfeH7WnhvwB8Gb/wAL/AHw5b3OpePIpv8AhJ/HmrSzfvYrWX91Fp8UUX7qK1l82WX91/z6xeb/AK2vN/Ell9s0+TStcvpfLsJvMm8ryv8ARZf9VXNiaeH+wfIVcbzV9PhPmeL4v/DnUr+PSv8AhKraK4i/dzQ3f7uXzf8AtrXQWevWI1HyILyLzP8Alj5s3l+bWP8AtOeCPAHiXwveHxH8PpLm8lhl/sfVrSHyrmWX/pl/y183/wBq/wCtir6q+Cf/AAb6WvhP4R6fH49/aD8T2XjuW2FxeXWi+V9lsJZf3vlRRf8ALXyvN/1vm/vf+mVZ0MtqYj+GL2p866xr3+n28FjpUssnk/67/VVT1LWP3sf9qmK2/wCWXkyzfva90/aE/wCCXf7Yn7O3gO4+Jvw58Y6B8Q7fS/8Ajziu7z7NfWv/AE1li8qKKX/tlLXwj8GJ/i18DtRF943+EravHHqUtxr2rWH7/UvNkltf9bH/AK3yovK/1UVRicpxeG/eM5vrlKVX2fMehfEjx58D/wDhA9Q0rxVq1jFb39nL++tLP7T/AN+q+lP+CD/7eugfAjU5fhP8UvHPhvwt4D8R/D6W3s5dQ1KKy0yXXrG7ii82SWUx+Vcy2sscsv8AqpfKii/6ZV5b4G+P37PPxd8OQ6VoHjeKTUGh8uWK7/d3Mf7r91F5ctc78I9P+Gnwd/aludA+KXgPRPFGj+LvN/sK71az8yLRtU8qLzbryv8ArlXZleMhR5qdSG5jjaNWceeB9Qfta/ti6r+11qviSC48S+JLnw/pesX+neCdJ0OH7Na3Wl+b/ot1+9l82WWX/Wy3XleV/wA8q/KX9qD4e+Jvgd8QLPx54R0rVtD+yXsXk3U2o/aZba6j/eRfvfKi5/d8cf8ALKv0uh1L4aeJZbyDwP4q0jUrOKaXzv7P1KKSKKX/AFX+f+uVeK/tD/DDTvjFpupeBNBmj1afUrW5jiFtFLJH5sX+ql/5ZV6mIxMKtKMaceU8fCKrQxF6knI82/4Jbf8ABWz/AIZB+JFhF8XtKfUvDoxHPqWkTy22p2EZkziKSL/XR+b5cnlS+lfqv8SP2xf2Sf26dLk8Y/CT4/aJreoS6bLcw2kP2X+05b+K1iitYora7i83T/8AVeV+6i82X7VL5Uv+qr8pPgt/wQw+PXxD03TvEfxD+IOg+GLTUYorm7heKWW4tYJSOCD5cfm/vP8AVZr2/wAQ/wDBCn4L/C3R9P8AGtj+0D4v1fVf7StY7O10SGKOU9f3sflRSy/uvL/55Vz4apiE7nrzxmFf7s9R+Knxp8V+G/EGv/Cjxx8OvCMuheE/C1tqs39nWlzHpF1ayS+Vqf2a1lllurSXzY5PN/ey/uv3v2CXzfNrzvXv+CcnwP8AjrYa/rNvd6j4O1iQ2t9qVn8P9RtdbsI9BufK8q6trW0/e3cv73ypf3VrFFL5Xmyxeb5Vdn+0f4a8J+Fr/wAF/sveAdd1u98UeLdYsNJ/sTzv7SurrRrrT7X7TqF9FqH2rypfKlk/59fN8r97F5Ved3f7X/8Awr261j4ET+FY73VNL1LzPDcXh6z+zWsVhF/Z8UX2a5l1SKK0/wCPaL97FF5v73yv9VXr0cXQxT5Kp00sJOnT56XunKXX7M3xP8JvJ8IP2b/iVbXV5L5Vto/9iTfZvt/+lS+Vaf6X5Xm3Pm23myxReb+9/wCeteS/tb6Z+1V8INe8NeBvjZ4C1fw3q8ltc3moDUjcxWV/cx+X5X7r/Vfusf8AkX6V9Ox/ELxb8R/ibqngzQv2FLv4g6xqei2sGgxyS2MVyZZbm6mlubm5tbn/AES2/e4ili/ef89ZvN5r1T9m/wAK/FrwppnxUn8U6rL4S0vQdNi8MeKtEtPK1+++1SxReb9h837LFF5UUsUsUsssv+t/1VZYjKMJVqe0hU/7d6nrSx8nhfYuKlP+ZHyp+wN/wTr1D4n6XpXx5+L+o6baHxGsl7bXuuwSytZR/apcyxx/8tZJT+9EsmOJB5fNfopqvwz+K/7L3wLm+GX/AAT7+D2p+GdS17xzo/8Awn3xp8c6na2UdrY2olurm/6+VaWvlxSc/wCt/wBL/wCesv7rv9J8YWX7NPgjW/h3ffEHxbda54j077Z4VtLnXPM8Q+J/KupfK0uxtbW1tZdPufK8rzfKl8rzf3X72vl/9oi/uvEOm+LPBXxDf/hY9va6P5ujza342itvCmjSy2sXm/2nc+bFFrV1F5Vt/rYrXyvK/wBbXXSjSUPZI8zDYKr7b2lQ7z/gnV4i/ZQ/ZX/bW+JH7Unxy/4KlfDvxb44+I2m6pHqWg+CIbq5thLdXUV15stz5X/LLy/Ki/1X+tr9ANN/bY/ZC+IPl6Vb/HfwlL9q/wBTaXevfZpbqLzf+eUv73/WxV+GcHxC/Yf8N+Lz4e+KFl4C8WR6fpoks7TwfoA1GWw/dRfuorbSov7L/wBb5v8ApUt1dXXleV+9llr1P4W/tIftE674E8GeP9e+FEPgjwegGpaber8AdB1G1F3bS/upbaOw8m//ANV5v73yvNrllRorE2ReIxNHnPrH/go1+xp+1f8AtO/sqx/B34V+P/BMnh/xR8QovE+va5NrEsUUtrFaxWtrF/y1/wCeXm/9da8H8SfGz9nz4D3+n/DnwdY3PiS3+HOg2Hg/wpq2rXkWm21rFa+VLfarF5sUv+lXV15sXlfuv3Xlfvf3VbGvf8FCPAHxy1TS/wBnv4V6r4N1LT7rw35g1Hw9DL4S1iw/1tr5Vjc/6q7uv+Wv2CWK1/1X/LWL97Xnvxg/Yk0Ge/u774Wnw9Y+HpCCW8LaadE8QaZ/00upQZbr/W/8tfs19FL/ANMv9bVqvRpc/MeXiKc5O8D5p/ab+Neu+MfiX44+Jfjf44aJ4f8A+Ecs4r2z0PUbOWK516/+1RS2sVtbfvZf+msssv7qv2K/4JmftQfDj9oDw3a/tCeCNZ0i48F6x4QhsviH4e1GTy7nR9Til8qOX/pr+982L/prFLFX4ueAv+CWmleKbLW/E/xE8Q6ne6jaXs1ve6LpOsRmW2uv9bFLLczWuJYpIvLl82IfvfN/5ZVw3w5+PH7W3/BIX9p6Oz8DeN5GFmIpDp5m/wBF1Swl8qUZj/ejP7qL/np5UsPrFXzNdzqYn2p6uCq8lH2R/QP8Zv2OPgVd6defFT4CaUjaZf30txr2mx2f+ql/6eYpfKli/wCuUv8A2y/6a/DX/BTj4L6VD+zf44+Lfxw+w22l6N4V/sXwfp1pNFFF9v8A+WVrFFF/qv3v73yv3X+qrjfF/wDwcK/s4arptv8AFzR9d+Kll4w/smJ9S8PWdxD/AKVdeV5UsUupXXmy+V/1y8r/AK5V514K8R/GH/goM2h/Fr4++H7jSfh3oMvmeCfAawyxWt1L5Plfb5ZZpfNu/wB15X73/wC216Xtaaw95E1bUloeTfCX4A2Pjz4GaHP8TfDlzfebD5kMWo/6qKqunfsf/DvwXrVpJ4Q8GtdeINQvZY9ItIp+v/TX/plFX2dr3xI8OeA449KsYf7b1i6m/wBD0PT4f9b/APaqk8B+CdV0H7Z4x8VX32nxBfw/6ZNFD5cVrF/zyiirwozbl7sTyaftKj96Zy/wZ+Ff/Ct9Fkgvtc+26pdQxR3moxWf7q1ii83yoraL/nlW58YPiFof7Pnwg8QfHfVdEi1e38Oab9t+yTf8vV1LL5VrF/1y82X97LXSTTQWd1/o8HmSS/vYf9V/qv8AP/TWvm39vb9oH9n/AMc/so+OPhzP8c9LtNUl1eOx/sO1h+0311LbSxXX+q/5ZReb5UX/AGylrb9ydFFu/IeO6Z/wWE8UeOPHNpqus6HY6DEIo7a8sIII5LW6i/dev70f6rvJLXump6Z4P+KujR/EbQvFNtFZ3XlXN5FNNF9ptYv+esUv+q/7ZS/9/a/M3TP2V/2l9Wt459G+APjK5jlP7oweGro+Z9P3Ve1fs2+BP+ClHwwkkk+HvwM1+Swj/dtaeJNFAtYfN9roACil+4lemdk4uR9ceHPB+laPdSaJq19Fc3ksMX+iWk0sUV1/otr+6il/56xeb+9/6a1c0fR7Ka1t7Gx1aK5uIofMs/tc373/AKaxeb+6l/6Zf62vF/gF8PP23/AfjP8Atz4z/Ai+utDihiks9EtPElhYyyyxeV5UXm/vfJi/df8APKvV9S+I/wC1dDaTw+Dv2QPAWm2svl5HiDxZLfXP+t83/WxRxV3LG4bl/eHbhKtOkdDL8PYLyWS+nnk/s/8AeyTeT/qvK/e/vf8AVfuv9VXl/wAVNNt/BPxV8F6H4cn8qTxRqUsf7nypZZYov+Wv/o2vQb/xv+2D41hh12X4f+AdJXyZY44Hiur2OL/tn+6i/wDItYXgTwH4i0zxRb/Fv4j/ANpa/wCLIofLs5tR02K2sdL/AOuVtF/11/5ay1WOzLDVcJ7GJj7WpUn7kTQ8mCK6uLECT91N5f73/wC1Uf2DBrHzWNx5dv50vk+d/rf+mvlVueDvBMF54o1T4jeMZ9S1KOw0G/vbyW7vJfKi8qL/AL9RfvfKrHuJp9NsLODVp5bm4ls4o/Kh/wBbLLFF/wDHf+WtfNUoUUvePbhVlVpcjNj/AIRvwdpvl6Hfa7e2Vv5P+um/5a/9dZa7yb4BeB7L4RyfEXw58YbK+1CLUYrb+xfOl83ypfN82X/tl5X/AJFrw/UbPxjr3l2Ol319FJF+7m+12fmW11/1183/AFX7qv0J/wCCB/7Adx+0l8A9f+PP7TiXV/o03iS50nwdpYItvtUVsQJbuWSL/XASn7NH/wBessv/AC1ropUsPUZ3c2Bo0Pf3Pha8vNK02WSD/hI7aXyv+nOXzf8AyFUdnDBdxRz2Njpv2eW88vzruaWKWX91/wA8vK/65V69/wAFU/2VdE/Yp/aJvPAVxqdzeaPNpsuteG7k/wCthtZfNiihl/56+VLFL/2yl/5ZV8qw+JPtlr58/wBuufKh8zyYYf8A41WNfDezZzunf3qR7ReXnnReRPfWPlxfvPK86uf1jUvDc0v2efVbGSPzv+e0Vcf8PfCs+o2Ec/8AZUcXm/u4fOh/e/8AkWrmpWcEEv7ieW5/ffvoYqj2ZlCnOf8AEmSTeJPC1nF5AvopZP8AljDp03m/+iq4/wAS3ljZi4guPiNFbRxfvPJu5vN/df8Ao2tSez8R3tr5E9v9mt5f+mP+trm/FcFjZxeRqFjJLH/yxm86t/aSnSM6vJS+A9Y17xtY+G7WTXNWg+zRxeV++u5v3VU7Lxh4q8bWsf8AwgPge51aT/V/a/O+w2v/AH9l/ey/9svNrqPDf7Peh6PdR6r4q1W+1u8i/wBTd6jN/wCioov9VXWQ6bBptr5FjYx+X/37rm/cmftTz+HwTrl5F/xWPjGK283/AJh+hw/ZvK/66y/62us0fwfYWUXkaVY20UfnRSf6JZ+XFF/rf3vm/wCtl/661sfudNljnn8Of6395Nd+T/36/wBbWhDeXF3FcX8E0UVnFDLczXc3lReVLFShCVR+4X9ZUdyTw3oVjo8sc088v+lQ/vvsn7qvuj/gn78E18BeCNQ/a1vvBGm3snk3Vtpuoa5+9jitYopfN8r975vm/wCt83/plFLX57+CfjB8KviF4kj8K+HPibFreoRTeX5Oh2cssX/gT/qq9k8e/Fv4m/B//glj+0R+z1Bqv/F1NU8Sf8Ufp/h7/kJ6p4cvv7Ki8391+9l/dfbrX/nr5Xm/8soq9rBYapRX7w48XiaFSnoz4Q/bX/4KIfGr4uftw+OfiR8ItZfUrPxb4kl/sgTQ/afKsLX91F+6i/1Uv2WKKWX/AK617fD8cvib4b8L6f8A8LG+C3jLQLyKGKSa7/s2LUorWXyv3vlRfavN/wC2tcDf6j40+CXw5+GP7N/wM+CkUnxE8b/ZZNduf7Muv7M0zyovNuovNll82WX/AFssv/LKL975VfpN8MfgP4xm0qMeB/jh4p0S8ih/4+7TUvtMUv7r/nld+bF5VRisXTp14RcDzqOEWI99Hy3+wTD4O/bG/av8N+HIILbUtP8ACX/E21jUYoZfK/0X/VReVL+9i/0ryv8Av7X66XcPk2v/AB7yf9tq+W/+Cafhvxjr3hLxB+0Z8VL/AE3Utc8ZXn2LR/ENpoNrZS3Wl2v/AC1lltIopbuKWWKXyvN/55f9Na+vLPR7G7sP+eXm+VJD5U37qvr8BGlGCnTiFSnCivePK/i1eWP/AAiV5pc8H+j3/wDrov8AWV+Wf7e3gPwr4V+Kuj/8I5b21jJr1nL/AMtvK82W18r97/5Fr7U/4KJf8FA/2bPgDoWqeG/Cviq28WeMIofK/snSpvNitZf+msv+qir8t/8AhZHj/wCP3xPuPip8TfEcVzcRWfl6bp1p+7trCKvqak8FDK5e2j78vhPgc1xbrYyLw8vhIPFPwP8AC3xL0x7j4xeB9M1K4HMOrWt39i1eL/rncxf67/W/8vVfP/xs+CHxtv8AV9I+D0HxajuvAH9p407XfEd5FFLYCX/llfH/AFo8r8Yv+eVfZZ8Kz/YI4LGeKL/pjXB+MBYwfaNK1Xy4/Nh/feb/AKqviamApVf3nwmtDiDFUX7OfvFbwx+wb8KfhRZeH5vDuvahqP2VftGr3MF15Y1iT/llLIIukURyfJ9/3vm19I/s9+A9VhtbfXNK0Oyto/O8qG71bUoraL/nl+6/5ay/vf8AnlFL5VeT/sFfsX+OfEGvah8Y/HB1K2+G9h/o+j6TFeS20Ws38vlfuoov+eUX/LWX/tlX0h4khvv3l9Y/YvtFhD5mmw3cMXlWssXleV/z1rxa1alSq+ziz6TB4avi4+0qe6WdR+MngXwXrlha/EX9oLwVptlqcP2nSJv+Ek+zfafK82KX7N5vlS3cUUsXlfuov9b/ANcpa9S1zxF4H8L/ALGPij9pvQ/i9pVtpfhyyuvtml2msfZtciurXzYvKl+yfvfNl/5ZRSyy18gftDf8FWP2H7HRvil8CvjJ4f8AGXxHD6x/YvgC0Op/YdNsdBtfKltZrmS08qW7k+3yX915Uv8AyyuoqsfCXQfEf7Qnx+8F+DvjFb6bqVv8WvAd/e6lp0M3mS+I7r+yopbWL7TF/wAel1+6iv8AzYv+Wt1Xv5bQjiof3S3gaNGvzo9A/ZX+Kmh+JPBFx4y+Lvla340i+36tpuk6hrFrJdWtr+983zbm7/exWstrcxWsXlf88pf+Wteb+NfhX4V174jax4x1We5svD+l/u7zT7S8tb22lii83zYvt1pFLL+68r/nrFWH8SPh74O/Z78G2fgf+3P+Ekt/GXhv7TNqP9g2Gpf2p/06yxeb5sX2X7D5X7r/AJaxf89fNir3TR5vg55sfhWD4V6v461i18qSz8PeE/Df9iW1rdWvlSxXVzbfvftcUUv/AC1upYooov8AllX0lDL8HgafteX3WY18Vi8VP2VCRn/sW+N77wp4yj8O+I/DmpW2sfEuaW5s9W1az+w3Os2Fra3V/L9ml83919li8r/W+VF+9/6a17ZN4W+O3xy8S3lz4V1W5+F3gfR7yLWvHl3Lr1r/AKfL/qpfKi8ryvt91F+682KXzf3UVcn+x94B+JvjD9tH+yvil4q0TxbrHxBhi1bUrvwxDL9h8L2vlRXV9FFLF5XlWt19msbCWL915sstdv8AtQftPeCtNvNT/Z0l8ZaVH8N/FkuqajN4h8KWl3qd1dS2vlRXUssun2ssVrbReb/yy8qKKLyovN8rza+ax+Jws8VelG0jvy3AYqhUSqz94+ef2h/27f2fv2Gfipo3gj4Ey6V4jsrYXVndnT/NkvvCd/FaxRRRX195v76Lzbm+/debFLFFFFXyL8RfjB4e+H2iaR4j+P3xH8EfGL42XGsfYvhv4C0S+ivvA/gm1/df8TW58r/RdQvpZf8AVWv72H/lrdeb/qa7zSf2G/jP+1zF8Lfgo9/qHh2z+M95Ffaj4x1PwR5drFr9zFLfyRSyG0tbk+b5Un7nzJR/pVrLFL5X7qL6X/YP/wCCDEnwb+NM/iz4naDe6bD8Mmml1Ka0T7THr115UvlS211L5XleVjzf3Xleb+6il/1Utcn1yo6vLE9SpCd3eQ3/AIJp/sK2PgnQdP0n4qfFyS51DS7P+3pvD2h3lrpusS+b+982WX97Ld/9cv3VX/8Agqz+1j8FPhZ4T1Hx74SttJl1nWdDm0HwHpOizD7NLFdGaKW/+zf8sv8AVfvf+msvlV9cfFLxF8Lv2WP2C/jT8cvhj8Mr6XU9K1KPRdP1e707S/7Slv5fstrLL+5tfKii825/6ayy1+MHxPs/iX+1P+1tH+09+1DeaTbaXFNayeJNW1bXorKwtbq1i/66/vfN8r97FF+983za6o46lTe3vHi1MHKo5Ef7NP8AwTM+Jfin4af8L3vILmLVNZvPtuj+dD/yyil82KX/ALa194f8E6/jZqvx48B+KJ9cvpfEFvoOpSyaPd3d5Lc+V/pXlfuvN/65f+RZa+Uv26P+CyXgiP4ZXvwP/ZQ1D+0tUvrf+z7zxjFaiKK2tfK8rFtn97LLjP7393FF/wAsq+iv+CRPwm1r9nz/AIJ9Xnjv4la7HolvNDL4j1KLUbvyv9Fi/wCPaLzJf9T5sUUv/gV/0yriqzhWqXKo06zp8tQ8j8QfF6w+FX/BRnxWs8NjLoGmaRY2PiuHd5sv2qTX5bW1/ef89YrWWP8Adf8APLza9o8FfAj4F/GK3+JfxK8VzT2Xi+98PWvhTRvteleZHpdrH5ssv/bWX7TFF/26/wCtr548IfszeMNa+Idt8cvjppMmkaD4Yu/+Fg/Ee7uzLbf294j1PyrmLRbbzSfNjtopNNtYv+ms11F/y1l8r6a8N6xPZaXHfatB+8v5rrUbya7mitoovK/1ssvmy/uovNlrppYZTw8nKJvUm6UoqBx+m/sAfAPwRe/2z4A+GngnxJfZ/cy654V0uOW1/wCeX+jfZZYv+/vm/wDXWrkP7NPxv8YapJ/wkfjGLRLeWb99LFN5ksUUX/oqL/plFXpkGpQTeHI/GNiLaXw353lw+If7Siitpf8AllL9mll8r7X/ANsvN/5a0eJPip4N+HnhyPxV8TfibonhvR5f3c3iHW9S8u28397L+6/5+5f9V+6i/wCeVeJKnGekTnqc0pe+c/oPwB+G/wAK7mSDSjLe6x/q7zVrv/W/9cv+uVZnxp+LHwS/Zy0P/hJ/jf4+stAtJf8Ajz83zZbq6l/6ZRRfvZa+bP2sP+C0vwS+HOlyeD/2KfDknijxBdQxSXnj3xPZ+Va2svm+b/oNj/8AHf8Av1XGfst/8E5fiz+1Vq8f7S37d/i7V57W/X7TpOiXdzi5vzIT/rf+fW1/6ZRf+Qq1p4fS5jGPsvfmXvGX7Zv7RP7cF1qHwO/Ye+D7+HfCd1D9m1DxLrlnFHdHp5sstz/qrTr/AKqLzZa779mn/gmf8IP2ddXj+Ifj3U5PHPiyP95Zy6r/AMetrL/z1jj/AOev/XWvpHTfDfg74b+F7fwP4H8N2WkaXYfu4bS0h8uKL97/APvaz/8AhFdV1O68j+ypIpLr/lj5P/fryq5q1SK+EuliE3oR6PeT6bfya5b33lSfvZPtfk1j+Ktd1y8m8gX9zHJ/q5v33+qqn4q+KvwI+Hpkg+J3xp8P6bJFDL51p/bEX2qX/nl+6irwX41/8FC/gjcW9/4Q/Zg1CfxJ4kstF81dQ1tvs2mSy/uvNitov9bdf89f+2Vc510vbVqnKd9r3iTXJv8Ajxsb6ST/AJ7SwyyxRf8AbWuX1rR/GN8I57/7dJ5X/LLzv+WVfJ/hD9pH9rz4za9jVPjh4kjjim8uG00mGLyvN/55RReV+9r60+G/jbxHeaV/wivj+++06pYQ/aftd3DF5t1F/wBNfK/debFL/rf+2VcVWnV+0dNSn7Msf8Jh4j/eQXGuXMflfu/Kh/5ZVoWevarOfIvr+58usuHRtVmHn/YPK/6e7v8A561qad4VsbOX7fqs8tzcSzf62X/ll/2yqDRB4khvtS0u88OT65bSR38Pl3lp53+t/e//AGqsuL4S6rNHJPB4j1K2kl/5bRXktdAbPQ7O6jtwJZK1LzXrHTfLNjfS+Z5P/LKbzar2iKTkeZ6l+zp8VNe8yx0r9pTUtNt5YfLmtP7Hi82WL/rrX7w/8EzvDWif8O3PhR4R+GXiX+wWs/CdrHq82nRRSSR38eRfg+b/AMtJbr7T+9r8YofG32Py/PuPK83/AFMMP+tryX48eB9L+LOrW+o2k3i/TdQ2yrNrfh/VfsXm/wCq/dS/89f9VWka1NG3J7Z6n1F/wXQ+Lnhf4wftsyeFfh94j/tbT/BHhaLQby7huvtHm3/nSy3Pmyf89Yv3UX/kKvieCz1WztfIgvrmKP8A542lnFXUeFfBPhXwV4Xt9K8K+HJfs9r+7/4mE3mf9/aL3R/CupTc2Mdz9qm/1vk+ZXHOpWq1j6yGNyvB4eFNRciP4bXkGsRSWOq6r9pt7Wby5opZvK82KukvNS0qCKOexvo5I/8Anjp8Pmxf+Qqp6Do8FnFHbwaFHbR2v/LKKH/VVY1OaD/lv5steioUrHhV8bSq1b04GHqXiq+zmx8G6vc/9sYov/Rstcn4xm1zUopPI8HeXJFD/wAtpov/AGlXUavNceb+4/1dcf4k17VZpf8AX/u/+eP/AD1rL2ZxOpWZ9YfY4PtXnztJVfUobH7V5E/mfuv9dNDViaEal/x4+Z/zzmll/wCWVSf8If8AY/8ATp77/rj503+q/wC/tcpJH50EMUk99+883/v1Wf8Aa/2cvi1pcfgjVfippFtqks323w353lfZfNtfK/0X975UUsv73/VVz/7R8HjfWPgZrml/DLw5cx65L5X2Oa7vIra28rzYpZf3sssUXleV+6rwH9nXx7ruvfFnSvgH+2N4M8Pa34X8RanHZXupeFrST7doV1nyotQ+0WnTypPc19ZkOHp017Wojy8yhi6sfc+E+ktY+G/hX4S/2hrmq+HPhl4g8N6XDYf2xLpNnLpt9ayyy+V/x7ebL/11/wC/VfRngj4wfB34YaX5Hjjw54b8vRryWSaK7/4mV9a3Xlf6qLyov9b/AKNLF5vm+VF5X+tr8r7K1/a5t/izrHwg+HXhq98Zy+EtTv8ATZtYtYI7fzYohdRRHzZf3XmRfaZZYu/mkdfKir1zwXoP7U+g20B+IXwdubG6uYoo/Dej+GXtZIraWL/WXV9cyy/vf+uUUv72WWWWXyv+Wv1bxeCn7s1+B4LwOYx96B9CeMP2wPiL4k8eXkEHgexufCes3kVtpvm6b/rYv3X+t8r/AKZS/wCtq5eftUeOLPXpPCsHhzUoriKz/wCPTQ/El1JFdf8APKL7Dd/6qL91/wAsq8XtfF3xY0DxFpek3/wG8e2v+k2Mf2y8g0y5ilmx5d1JLL5vlRR/6q5ii/57RUeJPFUHwxtbixvfA+r3OsWvlf2DLDo/7q1/1vm3X7qWXzZf+2tZVZ5ZUj8CscrrZtQekZXP0o+D/wDwVQ/Zs8K2mn+FfjV4Oj8G2drZ/ZobvTry1vbGL915X/Lp/qv+uXlV5/8A8Fh/+CnFjN4D8F/CX9if4qaJ4guPiDDdSaxq3hnUvtN1FaxeVF5X7r/Veb5stfmf4wsz8bLW30qx1WS28N2v+phlh/e3Uv8Ay1llo+Hvwl0n4Y+ZfeFdDsY5Jf8AXXcUP72vEr5pSw0/3B6sKlfGYTkr+7Iy/Evwo+N+satcN4Wkn0nT/N/e3es2lr5sv/bLza57xF8IPi34Y0mTU7/9o/WLS3tYfN8qz0Lyoov/ACLXvumfb9YMfkT3P2jzvLmil/8AaUv/AF1r5t/au/a78KQaVqPws+HVx/aFzIZbPU9Tim8yKMf9M5f+Wv8Ay0rmq5riMVK9Q5cNgKdJ8tOB594f/bt+MnwzuLnw5YeKLfV4La8l8m9vtOtphJ/3+iJr6j/4JjnXv+Cof7ZXh34IeJNDjs9HsdLudb8Wz2t1HGJba2i/dgxn/npfS2UX/XKWSvin4L/seftLftF3kw+EHwa1nWUgMRmuorby4Y/N/wBWDLJiMZ+tfcn/AAS8/ZW/bJ/YF+Nc37Usfx++D/w4021tJfDuq674t1KTWhLLL5cstpY2Gn5l1G6iljj/AHcZ8rzYsebXHPFYirTlTpyPX/szA0pxq1YH7R/Cn9ge6/Zc/YePg74ly3Pi3VYbz+1dS0/w9+6+yxeb5vlReV+9lrwn9qD/AIJI3njH4RR+IPhp8U77xRo/+su5dK1KWK6Mv/TTyv8AW/8APKvGtX/4LgftbfA39pbwvqXhh/F/j7wmvmx+Mbvx/p2l6HFfx/62WW2sbT7VLp8X7v8AdebL5v8Az1r0L4p/8FMvA8Etnrf7BWh3t9JrM0VzDaRabFbWuly+V+9tb77XdWsV3F/zy8qX97L+682L/lr4lHLcwxFbX3T14Zjg8Or/ABI/I/8AbV/Y81LwN8Q9F1L4dWcmr6rqUcVnDp2n2MspubuKX7L5sUf+tlkMvlRGLyv9bIP+egr6K1X9n3/gpv8AsU/HH4Q/tD/tpeJ5PC3g7wVqVh/Y2qeHNHtZLDw5dXUX73T5bbT4ooopZbWKWLzYopf+WXlebX0deftsfEbwH428QfEX4O/s9WWm+MJdTlj174m/F2zivrnRvNiii8q2sdPl8rSrX/RopYpfN/7+/wCtrzO7/bS/ao+OXhjV/g3+0dq+kfEy2l03+ztS8P3n/IXll/s+wluorb97FFF5Uup+V9ql/wCeVe9COMy2EY83N6E4fE4XNq8uWPLy9zH+Mnwk+N8fw70H4++AfC8lxImm3V7C1rZxRy311a6rdS+bbS+V5UtrdeVYyxS/62Xyv+mvm1a+E3xu+Nf7M/7GWj/GH9oXwNrV9H8X7XWTr02v2nl3N1dW1/debL5vmxS/6ryv9bFLF+9i8qvl7wP8DPix4CtNb+HeufDDU/COt6NcC60kW3xB/sDXZrCTMsUuZfNsdVhiB/5dY/tX/bLp+hXwG8R+Fp9W0r9jb9qHxPpHxP8AA3w58O6DqVp4ruPEdroukazc3Vr5vk3Mv2W6upbb/VcxS+VdSxRcf63zfajmld4b2dQingsLhsTzwOh/4Jp+CfjTeeF/HmleB7eLRPih8UNNsLbWP9Di+w/DTw5F5vlS3Pm/63U/Kvv9VL5sst15Xm+VFFLLWt+1p+wH/wAIzrWva54dsX13U9dtZfEXjvw/oF5c+EtHTRorS6l0ywktoZpbX7T/AKD9pl/df6qG683yvNr6B039sH4QWvhXw58Mvg18VPhl4esL/Uo7jTPB3we0261e+16WK6i82KKX7BFFa/vZf3sv2aX/AJ618t/tDfF34q/Fv4hWH7LMniHSbW9+O/ii6l1vULvxh/a994E8G2ujWl1rsPmxRf62682+sJZZZf8Alj5UX/TL5urVnUxEUjbmqRcpmj4a8LfH7wT+1BofgD4O/FTxj4Ss9L8eapqtn4s8RQ2H9meLdBsdF8N6X+9itIv3UXm+V5UX7r91LL/z1/dfoZ8Gf2xvhn8a/gXp/iPw55Vzb38MtteRTeVLFLLF/wAfX+q82KX/AJa/9sq+O/hx4++HXjr9jnUPA/jn4navpMml+FdL07+ydbs5dN13wbLY6L5sssvmxf6r/iWaZdeb/qvNuv8AprFFXmc2veP/AIh2viDSvCfjGxsvihf3l/ZeJPhvq00ukXPjfVPNli1O10yX7V/qopYpYopZbWWWKLyv3v73919bgMBhZUHKW55rxFSrXjCR9GfAf4kfDn9pD4LeKP2Ufi54OlufA/jfWL+98H/a9Sv7aW/0aLypYovt3m/vZYvK/wBVFL5vlRRfuvKr4p+I/wDwbdeF/jHo58Q+FP2v9c0jTjLKNC0PUNCutbi0iL7X5X/TrLFzJ/zy/wC/tXvCvxg0Pw54j1if48aTqXgnULWz0uyh0O7hlj1Pwb9llili/e/urWW1/dRf8eEXm/6r/W/va+hPAX/BW/4ZTRR6H4U1z/hZGqSw3Uk003leF9M/eyxS+V9p1C1tftf+qll/debL+6lpvCQq/BA9DEQ9n8B8j/8ABP3/AINu73wvqmn/ALSH7f8A4g0ODwrYTD+zfCWnXkskmoXfm4iN1L5UX7rr+6i/ey5jr7O/az8H/D1fCtv4u+LIhi+Gfhy++0aR8HLW1Mmr+PLq1huporWSOL/VRSy2X+q/59YpZZfKirF+Nf8AwUs8VeNtej8D+DvhJpsviCXyo9H0T/T9S+wSxf6qXyopYv8AllL5sUX7qWX/AFsXm/8ALL80f2sP+CiOreKfE2uandeKpNA8S/2jdWU0OnQy/afsssvlapLLLNLL9kur+Xy/3UXleVaxSxS/63975eKprCwIw2HdWrZs+yvHnxz8SfEjxlb6H5PgTxt8SL/WJdW/tybUrq50L4cy+bFLLLc/6L5V3L+6li83/j6/5ZRRfvZa8E+OXw2+Bvh/4i28vjX7T8S/FF/psX9seIdb0eK90zS/3ssv2TTLH/VRRebJ/wAtfNl/65V8iW/7dvxV8CeMNB8Z3H7RN947iez8qfw/qGpX8n2S1/55f6X+6il/65ebX6j/APBOf9oL4F/tJfCvVPA1yttayazqUV7NLdw+V/p//HrFFc/9Mv8AllXlvNMRGHK/hPQxGUKrB+wlzcu//APCvBOj/AibX7PxzfeFY9W1i1hijhl1HzZZYov+eUX/ADyi/wCmUX7qvKPi1/wRq1H48QzeMf2bP2iY7nTvOl/s7w94rvZZP7M/6dfN/wBb/wCQq/T/AFj/AIJ++G9Zi+z6VpXhuyuIof8AQ/tcP2axl/79eb5VfLf7RX7LHxG+EvxVvPB3wq8R6lonjCwh/ff8In+7i/exebFFcy3csUXleV5X/PWrTo1qPtOblPCw+V5lUxfs405SPi/9lD9mL4WfsXX138Tv22vhR441XxnBqEq+F/D+h+Dvt1jaQx9b8SmWK2ll83zRHH5v7oRGTyzIYvL9h17/AIKr+E4dXn1G9+DPxVttOjaV/wDS/BMOYov+un2v9a9D+Htn+1t8Bte1D4j/ABp/4KB+NpZJZvMm8PaH4kl/syX/AKZf88v+/UVbEXirxZ8ePtkGheDvEniDQ7q8lj17UNRmlli0v/nrFc3Mv/LX/pl/0yrzp4+t7aNKnE+vo8FqdKVXGVORHzN4j/4LPeFNb1Er4d+EFzZmSDyzLrep+ZKP33m/8sq6n4xeKv2hPiT8A9R/aN/Zb/aYXxVoEOmTW3jfwvoljFbappVjLD5Vz5f7rzf9V5n72ruof8EQvhF4Y137B4p1DxH4kkllluDqGk3UNtY/ZfN/dRW3nS+b/qv+eteieC/+CSP7AOlPFqN94E+KVtJD/rdP/wCEktb61uf+un7qLzYq0r4ebqXPEpf2ZQjOgoXl/Nf/AD0PDvgD+zr+yT4k0a38VX3hWy1u4lh8z+zpoftMsX/XWj9uT9l3/hMP2fdQ8R+B9K03SJPC8P8Aa1np+k6bFbReVFF+98ryv+mX72vuSb4S2P8AZcelfCux0nUre18rydJ06H7FdRRf9MopfK/8hebXm/iTQZ/Eun6hoeqwfaZL+GW21LzYf9b5v+t82s1VdFfvIHHSU6j0PjL/AIJ1fCDVdN+DR+LWraTJHea7eSizvJIeDaiX/wCO+bXsupawdB1WTXLeCWW40uGLUYbSGbzZZbX7VFa3UX/fqXzf+2VdoPjN8MvhL4SvPhX8fv8Ain9Q8Jab5ej6j5MsVtr1rFF+68ryv9TL/wBMv9VXmn7Mviex/ag8X3nx3s/B97ZeG9G02607R9P1Cb/j/l82KWXzf+esX+qi/wC/tc1KTxFW4694rkPS/wC0vFWvXX26exto4/J/czed/wCiqJtYn0eKSec2Vz/7VrzD9lPQ9Yg8BXHw9inkuZPCWr6poN5qG7y/3tjdSxf+ivstel2fwxvtYuvIg1W28z/ntFDLLWdak41gjGTRh6x428RzS+RAbaxj/wBX50NU/NvtRj/5eb2T/njDN5XlV2Gp+Cvhz8PbX7d4qvvttx53+h2nnebLLLXN+JLPxVrHmQfZ/wCxLOX/AFMWn/63/v7WUqkIbmlNVqr90x9TvbHQfM/tXVbbTbfyf+2sv+f/AGlWHNrGlXhkn8K6Vq9z5U377Ubu88qL/rrWhZ+CfCugr9ug0qX7R/z1m/eSyy/9tar3mpXFn+58/wA2s/bI7aeGmvtHPiHyb+Sf7fc+ZF/rv+JxLJ5VF5/x/wDnwf6z/lt/qpIpa0Jv3EWZzJ5ktU9Smg/5bzyRUlOtzG0aafxlzTfFUE0n2EiKO4/1fky1c1LUjNHH59j/AMsa8/17UvB1l/x/ar5UkX+p8qbzbmrnhvUp9Stf+Q75sf8Ayxl87/W13p3M6tFr4DUvNY/1n7j6VyerzQTSc/8AomtzUbKfH2fz4q5u8hgsh54H7ytKRxn2ZZzfbLqOeD97/wBcv3nlV7B4I+E3g3XvBEeq6r4/03SLyWb/AF2oQyyRWsUX+t/dRf62vk/wr8Wrjwf8R7jwdnUr3R/+WNpNpsUtzF/01+0xRRf+Ra9svPFX/CffDr7D8JNdtrmS6h/0ya7s5bn/AECX/WxW0Vp+9llli82t8qwbx2LhBdT0IYat7b2Zofs4eJL7xh488QeP9c/07w3LrHl+CYdQh/49bCL/AEXzfK/55fuvN/7a17p4V/Z1+BENz/bmq/DnTbm8upvMs9Q+xxRSxXX/ALSri/gb8EvFWkRW/iO+/dWf/LGW01L+0rGL/r2liiiltJf+mXleV/rf9bX0Jo+gwWdr5F95VtJLD5c0X/LrL/0y/wA/+RfKr9TrYbD4WiqMUdtX2HtPZnF6x8NtPhtZP7C0q2sbeL/XS2kMXmy/9day/GH7Pfw58VXWnz33g62uZLCH7NDp+o/8usX/AC18r/v7L/qq9cm0eCztbi4nsZf3UPmQzed/9q/z5teEftx/tJa18PPhHJ4c+Ht9b6Tr/ii8i0XQtV1sxSRaNdS/6qW5li/5Zf8AtWuHFUqOHw/NM48W6OEjzHkXxB+PHwrh8eR/sr/s9fDKxl0v/hJIrLxJ4hl/0mXzYovNliill/55eVXqHwl/Z7+FepeI5PFXj/w5F/wj+g6bLqOpf9coovNrg/2G/wBkWx8B2Fvb6vY6l5lhD+5/tb/W3Usv+tlll/56/wDLWvWP20/Ek/wr/Y88eX1jqEVjHqkMWgw+T/y1+1SxRS/+QvNr5iEoVaVSovhPnoznW/eP4T82/wDhKoPiRrOsfEaDQ4rGz17WLq9htLSGKKKKKWX91VzTdNgh/wBf5Xl/6ybzakl02xstLj0qw/d28X/LLyf9VVPWNfgs7TyB5sUkv7zzv3v+Za8M5Ktqux8w/tu/HzVLe+T4L+D9QlsY4hHca7LaSmPzpsfuoeP+WcUePzr6Q/4N1f8Agmn8If2/PjX4k8a/GQ6VqFp4DjtJLHwrqM0X2e9mlMp8+9jB82W1i8uP90OJpCI5ZPK8yKX4M/agkuJvjn4gknEm/wA6I/vf+uUVcZoHiTX/AAnqa6t4c1m70+5j/wBVc2kxjkH5GtDuw9NUoqx/VZ8bPCvwB/Yt+F9xY6X4GsfFNnpcN1JD/a0MWm6F9ql/1ssv/LKX97X5l/HL9vD40/HL4jaHb33jHRLa3ihlsvDeh+HrP7NplhFL/wA8oov/AEbX5LeL/iP4/wDiBeRX3jzxvq2tzwx+XDLq+oS3MkaegMhNbHwa+Ier+A/H1l4ksCsotfMM0NxNsDx+WfMBP0zTwUVh63Mc2aYfEYujbmPvXXtY1Xyrie+nuZI4v3s32v8A56xf89f/AGlLWPN8VJ9Av7jSr6eOXzZvL/0ub97XN6R8X/DvjPRo9c0XW7a98qb/AFsUPlf9/f8AprXF+EvjqfiV4a139n3wV+znp/iP4h+K9Rks/DfiC7vPNOj2piHm+V5v/LX93LL5uR/rPN6xCvcqVlD30fM4XDYqu/Y2tynfXX7anxr8Z/GWw+EPwA+HkHiLxXfabHp1mjfvPNAhl82Lypf3flm2IEnmf88jnAFfSf7Hf7OXx00Dwz4Y8M+OdGs7XV9ZvP7Z8XaVqusX9lpuq+CbW/tZbr7TJaeb5P8Ap8n2DzZbaWWX/VReXFFXyD+yB8A/iD4T+OP9saZp/ivVdc0VrWH+x/A+g3NxfSiUeVJ5knWw/wCWfln/AFvTyoq/Q3Qv2ndJ/Z2sr74ifE2+k+G/jD7XdadpviyHw7rNxYy3V1YSxRafrkuq2Esuof8APX97F5X+i/8ALL91XfhsLiFR9vOB9FTpQow9nCfvHkvxh1bx/qema3rHwk+FPxT8AWGvXnmQ6Z4N17+0tIsLqK6l8o232u6+0xfvYpfN/dWsUXlS/uq5DUrD4lfErWLDVP2mfAV1b3eleCtM1q/u/htoA0nxNa+bDFc2scdx5pkB8q5uf+WXlebFL+6llHlV+n3gnxPot78JbzV/CnwL0HxrrGqada2Wj/8ACJQw6TfS3Uv2ryhLLa3X2WW1i+3fuorC5/5e5f8ARZf9bXmP7SP7ZHwY8d/DTVNK1fxf4P8AC+nePtYv7bwtFrngP/iq7kWuq3UMl3psen+VL/zy+y+XF9ql83/Wxf8ALKnVlX93kiZJVKVT7Uj8uvin8N/i/wDCW80H4W/tIftD+KLjRvCelb9S0Pw7rtzB/bMV/DLdRxWPnDyv+Pr7Va3V1L08r/lr/qq+z/8Agl1/wRZ+Puu/Cez8f/tSatq3wu8Fy6wNS0f4e6TDFb65f3XmyxWP265liF1DFF5sf7r/AFv/AF7S19O/slftQT+NviZJ+0/4s+Eq+G9H0bwdrOneNvFnxM+HH9k3P726lv8AzfNurq6l0+1iill/dRS+VL5v/LX915Xr3w8/4K1eIfj58VB4L/Zx+A2t+FvDUIl1HV/il8UtH+zWslr5v/Lja+b5st1dSy/uvN8r/rlXg1qL+scsD0uatY+Fv2h/Bnxi/YZ/bq+E+iftXfG618XW3xRhuo/iDeXXhyKOK2llurSK1iuYv3st35VrFY/62WWX91LF+9/5a+y/8FAdS13wH4C8QeD/AIS+B9I1K4+xxeJ/CvhPUPCsV9qf9s3V3F9ql0jypZfKll82W6/1Uv73zf8AVeb5Ved/8FXPGHin9qf9l7R9U8ceBtS0TxRoN5deIvB/iHW4Yv7T1TWbWKLzbWWKKKKK082KX91F/rZf7P8A3vlfZf3vB/sf/taar+2Z8A/Cfg6fXLb/AITDwvDa6Lo+k+IdSiii1SKL/RZdPufN/dXdrdWEvlfvfN8qX/W/6qKWvfy2rSw0+Wqc6w86z51LlI/AX7cngD4kfCXS/AHxp0O58W6foM11J9r/ALNiklsJYv8Al6ubbzfKili/5+v3X73zZfKi82sfxvrHw5h168sfDvxN/wCEt1D+zbqTwr8J5tYl1bU9elillilii1O082WL/Vf6qK683/W+b5sVegftU/sc+DvAfje48R2/gfxRF4P0v/Tbzwxd6bdXOpyxeba/8eNtF/osXlf6TF+6lii8qX/lrXD/AAf+BvxF17w3J/wqvQ4vh3qEWpS3H/CZePbO1ub6/tZZf3X2nQ7S1tbW7l/55RX/AJvlfvfKi82voquOwnsv3MTWeFp1JXjUkaFz4u8PfEvwLrnhT4F+JL3/AISy70fVPDGsfELUNC+xfYL+6uv9Kl0y283/AFX2W5l/0rzf+Wv7r/VRV5l4Z/4IO/ClR9uu/iN4m8SWdhMP7Y1C3tBaxS4lx5UUUPm/+jf3VfSOj6D4O+FXi280rxx+2z8PLm8tZov7HtPinDdatfaNF5X/AD4/b/ssXm3X72L91+6i/dRV7/4J/aZW50zT4PD3xN1bxVPo2g38k2q+CBpdlLfyyyxRRWttY+VF+6+yxSf625/5a/uq8KrjMLBfvKfNI5pUK6qcsKh8Gab/AMEV/wBm+DS47fxJ8NfFNtJLLLJNq1pr0VzFaxf8svNii82X/wAhf8sq8i+OH7IHj/8A4J7/ABT8Ha18IvibbCfxbqVr/Z3h6+1r7NbXMMkvlW13c3MsvlRReb5X/LX91X62+KtP1WfQri9vvEdtfXEt5daVNNp039kRXV/FdebLLFbXfmxebL9pi/1V15svm14P8cpv+F8eCPGmh6r9i8W65f6bdW1nDdzf8eF/LFL5X2m2li83T/8Arl/21rueCweMwduSJ24aWNwlWNSFQ+dPAX/BVH4W2nxR1T4Y6r8UNX+wWs11bWesahpt15uqeV/qpY7aKLzYfN//AHtdN+0V+1d+1j8dYH8aeHvCd6dC1jUI3/t6/wBB8yWXMcVtH/oNr5V1L+68v/W15n8Ef2b7j9j/APaO8bw+LPA2qyeBNTl0V4fEKaHJeSaML4S/upZZf+WfmxeV/ra+ubz4V+HNB0GO40rVb2W3tZv+e37qL/rl/wCQpa+Hq4OnQrezkfRz4uxcY+5CMX36ny38GZvjx8MfHln4/sf2c4/iRrFh/wAhLUPG80skX2X91/x7aHdxRRReV5Xm+b5sv72WX97XpnxC/a6+I32D+w/H2h/ES20eW8tY4dO0/wCG9hbW3mxf6r/VX8vm/wDLWqfxs/4Wp4ciuJ/B3ji902S11L/iWyy2cWpWtrdf9MvN/wBVF/z1rD+Gf7QXxCtvB3iDU/2jvBlt8PNQ0GaW4vNQhhlj0PXrWX/lrFL/AMspf9V+6/8AIXm16dOhhqfwnzeNzrF1/eq1LmxoP7XV/psUek6T8CPjPqXmwy/Y4v8AhG7W2/df9tbr/prWP4q/bw8Y+FdPuPGXiP8AZB8Y6RocU377XNbmtbaKL97XkvxH/wCCmPwistC1DVLDwv4g1b/lpZxfbIrLyvK/1Usn/LXzZfM/79V8sfHT9oz9p79v3xD4e+DWkeBItG0y2fzNM8M2HmRxfvZf+Pu6klP73Bk/1p/1YPaufE1KNFnlYWpWrz5kvcP0N8B/tpfs9ftCaN9h8D/FuLw34sim8yz07XJvKiuv+uUv/PWj4hfHjQ/jNo2h6HrljHL44imtdO1i78PalFHdeVLL5UWof88pYoov9b+6lr5h1X9kD4KfBjwvHY+GtNN94g0Wb7RD4hJ/e391F+9/dRf88q6rWfiR8JPifpX/ABNr7TdSt/8AWQxTTf58qWudU44ql75jUzv2Nf2dOJ654k/Zv/ZY1iX/AIubPc+LbiKb/W+J9Yurn97/ANcov3X/ACyq5rGteB/gZ4NuB8D9JstJt7CGX7HaadZ/uov+Wv7qL/rrLXxt8QfFfxT+F3i3T5PDnxd1DW/Dt/cfZ4bHVpvtt1FL+98ryvN/ey/6yvun9jL/AIIk/ts/tyTaP44/aT1zUvhL4PtbP99FFDF/bmqRf88oov8Al0i/6ay/vf8AplXk4uvRwcLLQ9vDSqYqPtEfO/7K/wC0h+zL+zHo2qX3xGvtN8Qf8JRN/a32T+0pbn+wbq6/eyxS+V5Xm/62KL/W/wCttZa+kPhl8c/AP7e3j3w/+zl+yH8YrKLxh4os7+OHQ7vQZbaL/RbWWX/W/wDLL91FLX6S/BD/AIIG/wDBNj4OXWl63D+zhp2sXmjZk0065NLegS/89ZYpf3c3TGJMxV6LZ/8ABPjwBYftieH/ANo/wvomh+H7TwboV1Ho+neGNHispb+/uf3UstzLFF/qoovMiii/6bS14tfGKpytxZ34Xnp83Mz8EfiR8N/jh4b8d2/hWy1zwtFeReb52oedLJdWF1FL5UsUttL5UsUsXlf8tapzfDHxX/qL74xeKbm4/wCW0sN59m/9FRfva+6f+CwX/BFnxj4//as1D9tv9nX4x6v4W1vxQ8curWki/aLb7VHF5UvPm/8ALX/nlXxt4lvPib8AtQs/B37TWlabY3Ev7uHxDpPmy2Msv/TWL/llWUcVgpS5Iz9866Smv3hyc3wr8RxXUk9v8Ytfl/5a/wCl/vYv/aVH2PVbPRZPFXjHVL22jim8uGb/AJ6xf89f9VXYeJLPxLpul/6DY2199vm8v9zN/wAfUX/TKsPxJrGuQ2v9q/YbmK4i/wBTDD+98r/plFXYbe0qVDi4dYvvsscF/wCKfLvP9ZNaeTF+6/dfuov+uv8Ara5/XtHnvL/yJtd+23H+r8mKaWL/AMhf9da6ifUtVgtv3+lSyXkv/XLzYqGmvoJvsPkW0VxL/qYrSz/1VP2g17Yz/BOg32g/v4PA9lbR+T/rpbyLza3LzTdc1Ln+1ba2/wCmUVnQZp4fLggEsv8Azxhri/id8Tr77LJ4O8AT/adYuvN+2S/62Kwi/wCesv8Azyq6EIdCMRiKn8MPGHj3w54b1SPw5ceK5PtkX/LKX97XP/8ACVX2vapHpVj4Oubm4l/1M1p/qpZaPDPgrw34P0GTVdcm83/n81DUf3ksstfTn7Ov7Png6z0G38ceMbe2l1y//eabaTTRS/YIv3X7ryv+WUv7r/v1L5X/AD1rvw9L2p59T90dR4J8earpvheODQ/B0clxLZxf2lqPnfvbqX/VVyHhb4cWPif4l6d45a21HSJ4LSWOz+1aJ/aWkfu5Zf8ARMxfvbWXypPN8391/wBtfKro/ifeeMYdG/4Qb4c6V9hs4oZY4Yof3l1dS/vZf9b/AM9fKilrqPBOg3GsanZ6nodvex/YNNij/tHwzr32b/rl5ttL+6iuovK8r97F/wBtYv8AVV9Rwbg17R4hn0mXx9tV9pzHuH7Mfxs8R6br32DxH4cvtW0eL/SbzUNJm/tKWKKL/lr9pii827i82WKLypYorqLzf+WsVfXGm6l4U8YaXH4j8N6rY6lb3X+pmtJv3Usvm/8ALKX/AL+/9+q+J9N02Ca+kvvG/g77TeS6xa/8VDpOm+Xdf9vNtF+9i/deb5t1YfvfKl/1VaFl4w+I3wTlt/iN4Avr3xJb381hp39rWmpRX1jL+6llvtQl/wCXrUJftUtz5vm+bLF5X7qX/WxRfbYmmqtbnNMTgf33tT6Y+LVnY6N4OkNx4x1LRLeL/SZptPvP3X7r/pl/zyr8/wDw3DY/Gb4+6h8Yr/VdSufC+l/atOmhtJpfsuqaNa/8tfKi/wBbLLdS+VFL/wAtfNilr6I+IX7SPgD9or4ceJPgD8OPEerab4s1TXrWy8NxajpsttqflX/7rzYv+fuKKKW5l82L/llFF/qq9g+Fv7CPw6+E3hO3stL0yKy0u1hi8nSYoZfKi8r/AFX+t/55V8rmlSVSfsZS90+TzSniq1fk+ycv+yt8Hb7w34Js4NV+zWMl1/pt5p/k+ZFayyy+bLFF/wBMovN8qvM/+CtPjDStN8B/Dv4HWP8Ax8X+pS6teeT/ANMv3UX/AKNlr680zQT9vjsYLH/W/u6/KX/gsR47+Mviv9uzxD4H+B3gO+1a/wDC3hSx0WaaCx822sDL/p9zdS/8sv8Al5iii83/AJ5Vx1IqnhuRHDWXsaPKjzrxp458H+BbB9S8UeKY9OtI/wDUSyzeXXyt8VP2yvFPijxTH4Q+BmmmS3lmEcMv2LzZbqX/AKZx9q7zwZ+wD4s+ImryeKf2kPihP9pkb97a20nnS/8Afw8H/rlHX0X8Kv2evgz8FLb7V8NvCNvb3AhxLqE0PmySf63/AJaS/wDXOvEOWm6MD4L+PPwE/aOt9Gi+LfxQ8I20bzDZef2cIXkij/56SxRf6r68fhXiCxSdAf0r9fPFXhvSvFZ/4qr7Nex/8+n2PzYq5vQfhx+y9o+qfbZ/g94budY879zLd6DF5X/oqg3WJSPz8+BX7J/xQ+P9+ZvDulmy0eI/6Z4gv4jFaxDPQZ/1sn/TKPJr6+8B/sPfs8/D7S/s134dfxJqHk/vtR1tf3R/65xxS/uvxr6Rs/7V8SS29jpc9t5kUPlw2lp/yy/65RVJqXhvXNHv5LC+8Vab9oi/dzQzVk6nszGdatPY/Mn9pnw5pvwd+Pes6N4PEuk2Z0qO4hitJpY/KlkhH/tWvc/2C/Dq+DvhZd+JdPCnxT8RYpdI0eaW08zy7b7UIpZf+eZ/5aySRSyxRf6LGZfN/dWt159/wUw+GXifwv8AFqy8d6iYpLPXbQ29veQzeZH5tt/rYv8AyJFXp/wl+Dupp8FvAlppviIaje+ItL/s77JG4thpcV9+9/1vm/vYvK+0y3Xm+V/rYv8AllFXqZSqdfFQVf4R1q31ehzx+I9Ph+KHhVviFL4i0nwTp+oeD/DmkX1vph8Q3cmrx67q8sv7rVIrbVYv3V9LmPNz9hk/6Z2sUXT6q8J+EPgToXh7R7zxL8TvC3jbS/Dk0X/FB6doNhbaZFfxebLcy2OkRWEvm33lebF9qliill/55Wv/AC1+KfEnxU+G3w78Wf8ACSfDXV/+Em8QaM0ps7C1sotEMUsX/PtbRfuorX/lr+6iil/5619Ffsu6x8TNS+Kvwz+GXw/8Y6t4kvPFFn/a2sTeDpvsN9f+V5X/ABIIpYpZYtKsIvK/eyxeV9q82XzYvN8ryv0jM8blccHCnSPLw1HG1XKtI+5vhjFp3xU03xP+3N4F8JeFpfGPhKC70r4cavp8V1Y+VF/Yt1/x8xS/ZYpv9K8uL/Rf9b/0yrz39hXwr+zZ+zhFo/7c3xa/Yzj8N6h4j8N39zefELwRZy+JLHS5YvtXmxW3lS3V1p8UsXm/8utrFF/qvN/1VfRfgn/gll8RvClxefG/S9U0W28eapdxSw6TaWX2awsP+mXmxeVdSy/89ZZZZa7/AOG37PXw8+GnjbT7HwX+0D4ttdI8G6ddWXjDTpdJ8vwzql/debLc3fm/ZP8Aj6+1S+bL9luooov+eUVfA1cZhVV9xmkZ49TPD/2Mv2ZPDvgzR/Enxq/br+KegG48Ua9f3Gg+A9QmittH8OWt/qH2qLzYv3UV3qcssXm+b/z1ll/1v+tr6Y1f4d/Afxvotx4N+Hfj2yijz/xModK16K5+1Wv73zbWWL/nl/qv3VfGPxCt/gzf/CXxx8VPiXrngW20CXXr/WtB+IXxd0fzbaW1+1Reb9msbTypfsvlRSxWv73zZYrqX91+9/e+WeLNV/Z6+Kuraf4j/Zs0n4cfELw/dTj7XrYt7+PV7Yeb+9/s3w/pX2WXSbGLzIv9PurmLys/vfN/5a9uGw2GxTuvjNvrNeHv1D6R+L3wn/YJ8H/FK88FftC/CqLStPsPDcX9j+Jv7Sli0zwvFLF/pMsVz5vlafLLL+6i+y+VLL9l83/VV+dVl8K/DPiD9rjwhq+h+Grjwl+zh43vL7RRe+d9pvtei0f7VL/aFz+9/wCPm5uvNitZf+WUXlS/63/W/oH4s8f/AAg+G/wHl+E/hH4E+DvFsnleXJ4Yu/C/9pS/b5f9V9p1eW6uov8Anl+9l/e+V/yyr4v+P3jrwDruux/s0+BvFNlqUXhPwjf6TrGlXej/ANmyaDFqd1/x9ebL/ov2XzbmSX7V5v7qKKL/AK616GXYCl7dxxBE8wq1VzUUdV4V/wCClfwy+CfifxZomk/tKaLq+gapPLFD4b1bxrdXwtf3svlRRWPlSyy/88v9bdS153+1V+0Z4a+P6eG/C3gPxXqPh34d6p4Oji1LQ/D9pYW3iHWdeth5spi+3+VdWkckV1FL5sVtL+6/1X+tr5p+BGn/AAttPFfijU/gAdN8L+EdL8qL/hJ0sJdS1i/l8r97F/pXm+VF5v8Ay9WtrL5X/PKX/W19AfAf9nnxn4yu4vEvjLXLmKO5m/fTasLW9sdGtYrXyorX975sX7qKL91dS/vbryrXzf8Apl1OlQo17U0ViKkoQ53LlPB9b/ZE+KnxZ8CahqHwp8CaJpGl+EoI9N1iGPwt9tuZbr91LLNc3N15svm/vYvN8ryov9V5UUVfOuo/DD9pT9jTxBP4x134ePbXkunS2Nnq586MWkssX7yaLyvKPm+Uf+Wn/PSv2m034efs5+CIdL8KjVbaPVLW8i8jT/AfjD+xL6682X/SpZYov3X/AE1/55U7xv8AC34c/FTw9rPjHQl8R+I9GEX/ABM7XxhHYS3WjyYH76XypfNFt5eZYpYsxRSwyReVF/ra8vGUaUp67nnxxuMw7u/eXnufFv8AwTg/4LnXHgvxNH8Gf2nb/UNX8H6hp0dr/beoMPtVrdYB/ej/AFcsXmnrLwf3fm19Wf8ABQLTfg74q/Za/wCGlJ/GNzbeG9L0GWT4e654evPKvvt//LKKKX/WxRReVFa+V/qvN82WWKvy8/ac/wCCfPiC4+PPhfwV8B9I3N8QoJrjw4Jbz/RpfKhllkj83/rnHn/trXsv7D//AATa8V+G5R4j/aw1u/8A+Ef0WbzLTwpban5sV3Ln975g7ReZ5n+qz5v/AKN8urmNXBP2XU9/DVeej7SOx69+yj4b+O1n8L7z9q74/eI/El9J43hi06G71DUpf+QX/qvsvleb/qpZf9V+6/ey/wDXXza9Y/ZR+Pw+J3wBuPCuua5Lq2ueEvEmqaLqXm+bLLFFFqH+i/vf+uXlVH+3f+1t4O+A3wq0/wCHN/odtJ4o8OQxRw+GYpvNll1n/Wxaf5UX/LKw82LzfN/5a15v/wAE1f2cfGPwh+C9x4j+LdtHba54t1iXVde/tGaKPyvNli8r97/1y82X/trWFOLqv2j97uc1XncOdntHiTUvDmkf8TXxVbxR6f8AbJY7ya7mi8qWL/PlV8+eIfjL8Pvih428YaX8QvCFtqPhPRpbC28H2lzD5ltdXXlS/wClf9Nf+mVct+2N411X4keN7zwr4Vn83R7CzitvOtIf3V1df/Gq+W/E/wAZfjN8Ftf8PfDfxf4rvb3weLvZDp95dyPFawiWLIiz/qjFW+Ax2Ho4y1SPNA8jMMDXxmElGnPlkfUPij4LfCDx1o+61+FvhueCXvFo/wBiuov+2sVeK/Gn9jPxBFYW/iv4VLe2WtaZLFJpEpvPL8r97/z1r6J/Yb+J37Nfjz40+F/A/jjXIrbw/dal/wATLVru8lk8r91L5UX/AEyill/1vlf8sq/QT4zeCf2bLzVI/g78FvA+iRf8S2KS88WXepRSxeb+68qKKKX/AJZfuv8AW/8ATX91XtZtDIHKE37vMfNZIs/o1J04SvGP2WfjPe/Hz4u+LPhvP/wl/gDVLnxFYw21l4ujtLCUSS2A/wCXqPy+nmxReVLn91+6/wCmtcnqPxI/ZE8Qs8l5pM1jcmDMEFhBLFLLJ/zykkir9cPGH7Fvwq16w/f/AB+8P3N5aw/8en/CNyxxRf8ATK2uf9bXyv4D/wCCQXh7xn/wU7+DWj6xqv8Aa3gnXvFUtxrulY/exxWNpLfyw+Z/y1il+zeV/wBta8DMo4DD4CVahVvyn1WX89TFclelyuR9y/8ABvP/AMEafCfwU8B6V+3R+0p4Ka+8eeIIxd+AtJ1Ueb/wi+mS/wCqlMfa+lik/wBb/wAsouP3RMgP69WVhBaReRBb+XHWZ4bhgs9Lj8iDy60Ptv7rpX5rHNqFZ89bc+xp01BezplysfxFrEGkWpnMtGpaxb6ba+f59eN/Ej4hT3c0mL793Xm5rncZU/Z0Dpw9PU4v9oTxVPr2l3FjPPLLH53+pr84/wBsz4e6H430G80LXLGK5j/5Y+bDX2Z8bPiPY2lhJB9ur4b/AGlvipBB5n+nf+Rq+bwEa/tvazO6psfnrpPxD1f9jf4wx/CvxddXF38Otfl/4lE13N5v9lS56x/9M/N/lX0F4k/tDQY8zwW0kcsPmQ+dD+6r5v8A25L3SfG3gi8gP+stf9Js/wDplVr9kT9oZ/i98FovBXitPtGpeD/stus0v+sltf8All/6L8r/AL9V+l4Wbr4aFQ8y7VY9i8E+JPhz8SNe1Twroeq2VlrGjQxSXlpNN5fmxf8ATKpPEvw3/wCEViknnnjluJZvLs4ov+Wsv/xqvIPhN4j1zwr8cviQ1hbyRXkvgqK4020+yfupYopf3v7r/lr/ANcq9r8H+KrHQdd0efxHY/8AFP6z+88Nyy3kVz/Zct1/qtPuZf8Arl5vlf8APL/VV2ezp1Je6a+1lTOP1ia+0e1k+wiOO88n/Q5Zof8A2l5v/XWvL/gxrHwd8VfEC80PxVPH4S8WS/u5vsk3/Esv5Yv+Wv73/lrX0R8YPBPk38d9PexR291D5n2uX/lrLXN6P8MPA9nLHpWu+ALbVtQv4fM877HF+9/66/8APKpU7R9mF4fxJnP6x8MPHPg/4v6X4jn8AR+KNLsIfMh0n/VRSxf8tf8AtrX2x8H/AIk6HrGg6Xqvg3xHbSWcU0UcM13Z2vmxSxf8spYvK83zYq8T8E6bB4D0G38OaVPc/Z7X/UwzTSy/9+v9b+6irP17xVB8N9UuPHHw51WLRNQi/wBJ1jT7uzlksb/91L/rf+eVepR5FT5ZHD7/ALbnJNH0zWvip8X9Y0r7dLJo/hyHy5rTT/KiuvtV1+9li83/AJ6+V5X/AH9r0iHwdrmo6z/xKv7I8U3ktnFHNFrf/Eo12L91/wA/MX7q7/65Sxf9ta8//ZX0CaH4U+H/ABHfeG5L64v7P+1rzVtQ0G6uZbq6ll/ey+bF/qv3Xlf9/f8AplXqE2sWF3LcT65PpsmnxTfuf7W/d3VrF/y1lilu/wDnl5X+qr7/ACbDfVMLGJ93kmBSw0faBD48n07XtUgsbHV9AuLCGWy/tC7s/s0ul391/rYpYvN+yyy/Zf8AVS/8tf3sVdp4P17xV4U8UXlv4Nni0i4lvPLvIrvR5Zba/l/e+b/o3+til/56y/8ATKsvw2PDnjDU7PSdV1y2tri6vLrWppptSliuvK/1VrFF5vm/urqKKKX7L/06y/uv+WUXWeKdY8K/DLwvqHxb+IEGkW2n6Xpstz9khvIo4vK/5ZRRRfvf+WsvlReV/wA9Yoq9qpVo0KHtah6+I9nh17/wnF/tJftjeP8A9le60PxH4/8ADlz4g1TzvL0HRNDmijur+WX/AJa/vfNl/dRfuvN/e/62qf8AxEUfDjQbCTwr8Yv2ZvH/AIXuP+nu8iuf/RUUUvlf9sq8H/tjxT8Zfih/wvD4nWP2a48n7NoOif62XS7D/n1/66/8tZa6jxJ4J8OeNbX7Dq1jFJby/vPJ8mKWvyzNcfKrjva0/hPz/MsTCtirxPrDw3/wV7/YD+JGqSWPgj9rfQLLytS/0ObVppdNll/55f63yq9A1P4keB/jb5mueHPi5Y+KY5ZvNmh07Xorm1ll/wCuUUvlS1+X/jD9ibwdqcUl9oXhXQLmOX95NDd2cUdV/h7+xP8As9eG5Y9c8R+Dbm2uP+eNpNLF5Vcs81q8mpxU6are4fZHxy+Enw58YaXcf8JF4Gtoo5fN/e6TZ/2bL/2yli8r97XyX4c1L4SeCfi/4s+Emq+P/GX9oeHP9JhmmvPtNtLa/wDLL/lr5vm1qfEL4P8Awk1jw5J4c8HeI/GWk/8ALSaa08SS/wDoqWWWub/Zd/Zj0qz0rxB4q/tW5ubjxbN5f9rXf72X7BFL+68r/rr/AM9aPrDrr3DzMdhqVKZ7Rpt74AvIo2t/Ed9cx/6vybSGWtCGH4c2ZxfeAPt1v/y2m1ab/wCNVHpvhvwp4bsNsFj5vlf8tpa5/wAYeJIJruTSrGDzLj9153lf8sqDj/dmxqXxl8VXtrJ4c+GVjH4f0+X935Ok2f2aWX/rrL/ra4uHQb+z1SSx1W3j/ezf8tYf9bXQfD05/wBTPHL/AM9vKho8YTQaDf8AnzweV/z2tP8AnlQaf8uzxT9vj4Z6j4s/Zo1CHSfD1jc/2NP/AGjZ+VD5clr/AM9fL/7ZV8ZeGf2j/GkHwZufAcOoy+ZZCOzgmiP72Owl/wBbH9P3UcX/AG1r7o+J3x3+GfhzwlcTfEWf7Fb3UP7nTppvMlv/AN1/zyr59+EnwM+E3wM8ar4z+N3hGd9E8TpLb6Rpd/bjNtL5gkktbmPrDL5UlsYvUmrlWqYak5Qid+V0MPja0aVWXL6nmvwZ8Q3t98V/Bl1rCRa1HZ3cr3cN3o1tqWy18sfufKu/Nil9ef8AnpX9Af8AwR8s7Lwn4I8Sfts6r4Pvb3VPE+j6D4d8H+E9Ps7WxisNLtZZYrHy44v3UX266vvtXlReb5UUsX+t/wCWv4NftbD9nP4Va14X8dfsc/Fd7oaxZ3X9paJNDLcf2Z+9AH/H1Fz5n/tKv0j/AOCNXx4/bt+K/wCx9L4G1X4RaVqHhbw7ot9q/wAM/E84mtpdX17R7u1utH0+XypR51t9qi8r/Vf6q1li/wCWVbxnXxeE5ovlO7MlRwa9jDufdX/BSf4qftGfDv4YfEB/A/xws/EOryeFvtHiXwJHpt9bf2X9pu7WK1isdSEsUsX/AC082L/Wy/6391X1P8J/i38Qr3wLYeFk8PeEP7UsbSJItDsY5re28r7L/qvKP+p/5axY/e/6qvy7+Onx7+NH/BSv4aaX8Arnw5pvhef9pr4feV4Q07VdZv7n/hHPFvh3UPt8tpc+bFFLFLLL5sX7qKKKLyv+Wtez/wDBE79mn9rGX4NfB79pjxHqHgjXdI8ZaFqeu/EfVvFlnJc+K5NeOq6gIZY76bzZZc20tqJPNl/dG1l/5618bisHmCq88Kv4BGpR9jaUTyn/AILi/Ar4bfGH9iPxN8YNAeXw4PglolrbeELWwhltpRJ9rtbW60++iEnlf88pfNwf+WUsUpilr50+Af7XH7THg39rT9naD4o/tSa/4t0rxR4WupNT8H+JtRlvrnw5LdWv+q/1sssX72K28r/nl/y18qvrT/gsxrei/s5/sb+PP2c/Gunx6vr/AIjtrrUdKh866uDqlrc3flaZFF9rlll/dXUVtLLa+ZL+9tf+WUUsUVfjv8Bv2S/i/wDBv9srwP8ACHxzo9l/wtmfX7G8t/AU03mS2J8s3Ql1K4i82K0ljEcUvlGOY8H7VHFjFfe5NOeEVKpXnueHXjTxVKcFHyP388H+Cfgt8Wv2Vf7c1eC2/tSws/8AhK9Sl1C8ljiiv5f9K83zf+mXmy/vf+mVfkD4F+AXxtsda8T/AA0S7ul8f/HfxjYW0/iyWIS2x0K6isLq2tYpZQPNkujfSxSxebF/x69a7zwH8TP22fj5+z5rdp8Htcg8Ew3d1daNPNd675kt/wDYYvNvoo4oovKli82W1tvNk83975v7391+95v9pn4g6p4P+JHhH4gfCL4QeO9c1Xxte32leG5dJu5LK+le20uK1NrbW01tdR5+1S3EvmRf8tc+VjFfYU6mGq1XUdT3TysJRrYSHs1E+lfhB+zL4I+GOhRW2t6pZeDvh/4d1m6stHvNW1KXW7GK6tbr7LdWumW0X72LU5ZfN/ey+VLL5UvlRV0/7T3jTxiNf8MeDtW02y8AfA/S/hj4j8R6l4T1eXzNctbDzbryrq5ii/1VzL5sX2WL/p1rzn4ZeDviN8KvhZ4P1weJPC3gD4iaX4Pl/sHT/Hk0t94hi1S6i826+zaRp8UVrp8Xm+b/AKVL+9/1vm+bXxl8efE3jP8Aars9Wsvh/d6vB4TistLi+JvjfxDF5lzdXXmyy/YLbyYv9VLdS3MsUXlRRfuoov3XlVx5lXw9H95SqHVGjXxetT4Ynp//AAQ8+BXxY/av/bVu/wBqv4p63e3XhzwHaTSHU7uHyra+upYpYvK6eV/qo5ZZee0dfV3/AATT8aeOPjB4j8YfFTwd4kli8Py+MNZk8B/ZNNiii+wfapfsvmyxRebL/rfK/e/89a4j4l/s5/Fn9hf/AIJcXnwe8Np4gtfGnxa1HTPDs2nTXkst1o+l311F/ovlf6q0ll/1X2WL/nr+9r6c/Zr+Ah/Zs+B1v8PfCWjx3Z8OWn9nT3f9j/bvssv7r91H5UXmxS/62WWX97FF+6/dV5eFw+JxE/bz2OXNsTQkqdNdDxb422cHiv8AbG8D+APhzfWOm3Gja9f+K/DeozQ/6NpcUulXXmxS/wDTLzZf/IXlV0Gr/Db40w6NbwWXjjTdNkihijh1bSLPzb6w/dfvZYpZf3UV1LL5X73yv3X/AF1r5b/aL+MmueG/23PFHiP4jahJomn6Do9h52oed5VjFYRf6qL91/5Ci/6axf8AbKdP+C3XwN8GWNvdQ+MNb1aSW0xMIfDfm/8APL/n78rzf+/tebjZU6+I/wAJ14VV1Q5aZ7LN8Afgf8Mb+T4xeP8Aw3ZRW9rN/wAhG7/e+V5X/LLzf3v/AC18397L/rZZfNlrm/2hfiR/w0LrMfwy8AXEdj4T/seKS8mhvPLlli83/wAhRS/+0pf+eVfC37U//BQ/4w/tufES3+H3wT8Mf8Ixo2oz/ZVhgcfadQj/AOetyf8AllF5XPlDP/LT97LX1z+zT8MPB3w38HWfhXwrPJ5cX7y8m/5a38v/AD1lrKeJ9lDkpmqw73qEeveCdJs9G8iCDy4/J8uH99Xy5+1V8HvD/jf4m/DXwXd+Mjplv4j8Vx2M1zIT5VtaHyhNdR+b2iBNfa/iWEzSRzwT+ZJ5P/PGvlz9vnQfDnin4M6vYfYLU6t4Zlj1TSJSmbmLMuLqLzP+eflfvfKrlwf8U1fLc4D9m3x14F8e/tRwW/w00WPSPDHh5JbPwdpRYSyyxAn/AEqTvLdS/wCt8z2EX+qiGPc/FGm/Hn4YeKrjVfgd8YJtAf7VLczeHtVj+26Z5sv+t/df62083/plX57+CfiTq3wk+I2l+PdIk2TQzx3QWGb7sf8Azyr6A8d/8FNdL8X6zdavpfw1ksQ8ucQ6uf33/XSO7+1f+Q8V14mtTr+5OJ5UsLj8NmDrUfhkkfSEX/BSH48+CA+n/F39mK7vr2OPf/afg68N7ZSRf89ukskX519J/wDBNX9tv4j/ABi+Mvg/4w+Gvhzpul+E7DXr/SfEcupXXmXMXm2sXlfZv+2v+tir8qL79tPTNaTXodc0SRY9R8K3OlWcVosf7qWW6hm+1f63/W/u6+/v2HfiTpmr/s6eFNV8FTR/2rqVpLcTw/8APXVPtUvmyy/9+ravguLKtXB5e/Yx0Z9rw/g/rlfnr7n7f/s9ftyfCT45XN14O8O+IraLxBo80sesaJNN/pMX/TWL/nrF/wBNa9Sm+IWlf896+YP2M/2Yfgo2g/214v0TRfEGpicXGnahJZZurDMY82KKT/W//Ha9f1b9h7wU7RXHgj4peMvDq2q/ubO01f7Tbg+/2uOWT/yJX5Jh6eOxn7xVP+3T2sXSw2FxHLYsfFT4v6VpthJ5+reV+5r5T+M37S3hzTZbjz9V/d10X7Qf/BPf9u3XY7i++Gfx78J+Iv8Anjaa7p1zpMv/AH9h82vz/wD2rf2Hv+CufglJ725/Zmi8QW//AD9+G/F8Vzj/AL++VXtYDDTnX5ar5TkqOm1+7Oq+OX7WmhzWsnkX3/Lb/ntXxH+0J+0tBeS3A+3f+Rq4L42aF+394WNxbeKP2SfGmmxxf67ztNmk/wDRVfKnjzx58YLq8ceJfDN5Zv3iubSX+tfoOAyejOPu1InBUqVkzqPjV8ZG1W2n09Zzkw8Csb9jz4jX3gL4y2y285ij1SCS3lH4eYh/MV5fqU1/ezyXWpNI0h7yCug+D90bL4laRPa2BvJftgWC3/56SdIx+eK+no4OnhqHszkqVLyPvn4b6Pres/FnxR44g1X7NHa+FZbKzu/+WX2r/W//ABr/AL+10FneaHrPgPT9D10fZtH1SGL/AJCEP/Hr5v721i/7ZS/uq1ddttMb4Uab4J0G1t47zxjBa6da+TN5sQlurX/Spv8AtlFHcyy/9cqn/wCEP0nUrq30Oxvrm2uL+bzP7Pl/eSyxS/6qKKL/AFX/ACyl/wCuUUUtcqTps9Hm92ByHgr4i+O/iLpN18Cr/UzJ4o8FajFbyauR+9Nr/rYpv+m0vlfuv+/X/PWvV9B+Hn/CKxXl959zc6pdfu7y7l1L97/1yryD9k3wlp/i/wDa5+J3xP0eZNY8L20v9i6PqFn/AKrU5YpYvKljl/55eVFL/wCQq+o9Ys4IbWOx+3W0kn+r/wCmVdc6WntDz6r15Dj4bOeGXGP/ACD/APbay/i14q0rwT8P9Q8R65+6t7XTZZJvOh/1VdR4gm8OeG9MvNcvtWsra3tYfM/0v915teP6bPffGzxbHrvirT5bbw3FN5ej6TL/AMvUX/PWWtqexzVNj3DwT4P8AeG/CWn2E+q+O9N8rQbX7ZN4e1jzba1/6ZeVL5tRnR7HXtZt/AFj8U9Ei1C6mlk0e7+xxRf2pFayxReVfW0v+tl82X/WxeV5v/TL/lqfEjxv4c+DPwR1iDSvib9m0PS/+ZTtIYvtV/5X7r97L/yyi/dRfvZf9VXz34U+J3xA+Nvw6+z/AAy0rwlomua9rH/E+8Q6J4k+06xFYS/uvK82WX/RIvKll/1X/PWvvqmNpYX3ZTP0yvm+GwdLQ+rPhL8ZvhzqXii30vxj8RvhdfSX80sd5Noc32n/AEryv3V1FFF5v/TL/v7/ANta838bax4q+LXhy30rxHPLbaHYXn22z060s/s0Ut1/z18r/W+V/wA8ov8Apr5v/PLyuf8Ahv8ACT4cfDa7k0rwBY21zZ2E3l/a4f8AVXUv/tWu8vNeuBF5EGlf8ev+p8r97XzOZZ1XxEfZR+E+WzHPKmNpciMPQtH0Pw3FJ5Ghxf8AXbyf3stalnNBqUv26cSf9cax9I+3eJNZknvrG2/55w/uf9VXSGxsYo/sNv8A9tpvJlrwZxsrHgEl79ni/wCW/wC7/wCe1ZfiSaDTf+P+28ySaaKOHyv3vmy/9Mq1LSGDWb+OysZ/Lj87/j7l/wCWUVfT/wCyNB+zR8A/E48VeN/BupfELxZ5Pl2dpL5Vtplh5v73zbbzv3vm/wDTX91TpYGrWMqmJpUPimeafCv/AIJa/FTxVotv44+OEH9kWd/D9p03wxNN5UssX/TzL/yy/wCuX/f3/nlXH/tLfFP9lf8AZj8UaH8FrHW/7S8aX+pRR+T4e8qW1sP9V5sUv7r97/rf+WVek/8ABVT/AIKq6P8ABPwxceB9Y122vfGeqQ/8Sf4e6HeSyy2EXm/uvt1z/wAsv+uXlV+f/wCzJ+y78X9OmuP2vP2n4Lmy1jVP+JjpsWrQ+XL5Uv72KXyv+WUX73za9JYb2VLkRy4nGU5Uec+h9R8VQXkP78yRx+d+5hhhrn9S8TfDr7V/ZR1Xy7i6/wBTF/ZssdeP/E79pDxX8Qtej+Af7HfhS+8UeNL+b99qNpZ/abWwi/56/vf/ACLLL+6p3w4/YO/aJ8S3TRa3+07qoikx/wAJLr2n3pltW/6ddN5/0vP/AD1GIv8ArrWdPDM56VOdal7Q9Ws7Pw54wtZILG+/eRf8ed3DN+9rw39rj44/tB/BrX9M+H+meALHxH9vs/N027jMtzcy+V/z1iir6K03wT8Hf2V/Bsmi+FdDito7WzlubzUdQ/0mWXyv9bLLL/2yrtP2dfhvpXhXQdc/aT+JsEX9oXVn9t8m7h8yWw0uKLzfKl/55f8ALWWsqlP2LM6Mqqq8p8cfsLfDq/8AHl1qP7Uvx9SeTX7XVJY/DWnSQ+XHp/lfupJYrb+/5v7r/pl5WT2x1/xU1LXfiF4t8SX9h8OdN8bR+KPstzr3h7xD5sUv+gy+V5ttL5sX2S68ryv+/teyeG/Cvjj9pz4yXGh/B3wrLqVvFNFHDLaeb9h0u1ll/wBF82WL/wBpebLLXc/tL/C3wv8AsEaf4Wf4l/FTWovGvjm9lsbLwz4P8F2lxcy2v+i/vSdRilkEvmy/uooopZZfK8r/AJa11rEYSnDlqS1Y4LGyxPtIxPin/gmv+zj+w18WP25vFmtfGWTVT8KfDS3174V0vxPffZzcgXcUNrDfXMXlY/4+Iv8AVf62X2NfqT8dNe1z9l2KPV9K8R6RokmjaP8AYvCvg7SZorax0Gw8qKLzfKi/5a/ZZf8AlrXB/wDBM/8AZN13wx8QZL7w7+w9e6boek6xf6j/AMJv8Qrvyrq61SX/AFV19h/5+oopfKlitfKtYv8ArrXxt/wVL+I3xv8Ain+2CP2P/hl42t/G3jz4mQ6bpviS50dbqU2F+JBayWEf7oSYJsbaSX93kRZix/rM9lTG4FYWFOl8XU6lhcViK7qVfhPYPCH7Qvhv4zftTfBn9mr9iiHwvbeI/EnxrsPEXjGbSLaK4j0u/sbqK6/tW1l83yv3trHqfm2v+ql83/VebLX7L/st+F/iDd+CNY0L4feJv+EEi0zxLqcPhXw/qOjxXNta2sd3KP8AV/upZYs+Z/y1r54/4I8/8Ea/hP8A8EiPhdq3x6+OXjewvvGB06W51jXNQiiitdBtM+bKBKfaOPzJT/zy/d19K/E3/go5+ytbfAnxR8W/hf8AF7wv4yn0vRr650fTNC161kub+7itZZY7WLn/AFsvlSV8jmFTDRxUXKXKepRoVZq0PePNf23PiFZfBFdO+Lv7V37LVv8AEN/CWry3Phv4k+A/DcX2nwnYeVay3OoeVdyyy2kvmxSy/wCi+b5v2WKuL/Ys/ZZ/4J1ftE/C3xx8a/2LvjLd+JfiV4inlt/FXxiluBH4hlmMcMnlSfuv3VrJ+6Jiii8qX3r58/bc/Y3/AG49I174Gfs/fs9ftceO7jxh8QNS1DWvj5qGpa5NJpEdiDFJdXXlTS+VaRReabaK1i4m83yv+WVfSHwB+Nv7Hnj346eGvgX+yH8QbbwwPhH8TrvwrYWvh7wtLNpusxRaBF9qsJbmHyooo/Ki/dS+b/rdLi/1tdnM5r4/dK9mqcVyw977R88f8FAP+CPfi74+/s8aDd/sbeIPEHw3uPBGmX+naP4U0mb97ql1/aEv2+W+8r/W3Usslz+9il8r/tlXxh+1H+y5/wAF5dH0/wAIfBfwZ8DfB1gdG07ytO1b4UeHrDTb1ZJYfsvl/apYopYpZYpf+WXleb+961+3/wAd/wBpa/8A2fPiXcWviL9jfx54k0+68rU18b+GNIsdRjtP+WXlSRQy/agYvL6iKWm/BX9tn9kb9vP4bv8A8IP43jiTU7z+zopYriWyvorr97+6/wCWUsUv7qSuTD43FYWU6cp3T+E6o0Y1I+0UD8y/2cv2L/2adX+A3hjTPCPxI8Y/Bv4yW2py6NZeOvEE1/pOr6xdf6ryZP8AS/Ku4pfKil8qL/nr/wAsq86+L/7PP7ZP7I37UHw/+M37c+qSeP8Awz4b1KXTfBPinT7yKOxsL+X/AFU1zYxeVL9qlii83/lrF+68rzZa/VHwj+zl8Wvig/ij4QfH+zg8QT+Ftfjl0HXdc0+M2PizTJubWW5itfKi+3Wvl+VLLFFFiWLzYq+SP+Crd58TP2dPglr37Of7UNlrni34V+KfC0Vv4J+Kdpp0X9seHPEcXleVFc+V+9li82LzYrqX97/yy/e/62ry/EYmpXtXM8Z7FU/3e3bseQ/Fn9rv4OeNfi38BU1XxT9p+3+OP7WvYpfK/wCJf9l0y/l82582X915Ut1FL/2ylr2/9kX47aH8VPg3pet6HZ6Be3l1Zy3Pk65NLJF5UXlRSy/upYvtfmyxSy/63yv+/tfB/hv4e/8ABMvFxol9+0b4Jl1S/wBHlstY8Waj4w82+i82L919m/dfZbTyv3v+qil/6a15F4K8SePv2c/2r739jq/+K0Elno95FHouo2t7FHba9pHlWvlxS/63/llbfvYov+Wvm1+jUMdhlQ9ifDZlk8qtX21M9h/av1jWL74Z+LPAui+A9N8UW+jTRa94J1i0hljtdUtYrqK6vtK/5a+bF/rZYv3v/o2vkX9kb4d6z/wUs/aa1hfippUn9iaJ4Zl1GfRdKeSOOLpFHj05k8zNfrEdH8HfFT4fWfxI8K2H9kSaN9ljvNOhs4oraL/ll/o0Xm+b5X/oqvMPhB8J/gH+yL8cvGfxf8BeED4b074gfDfVNB1ezi82W1h17/j6truL/lrDFL5UkXlf6rzZYv8AllXgZnhp037SmduV4t017KofI37M37L3we+H93feO9E8OXNzJ58ttDgfaJYoov8AW/63/P7qvrj4e/2VZ+DZNd0ODTbm3ls/M03UbSH/AFvm/wDLWvI/2RZ/N+CPhfVc/vPJlkm/66+bUdxoPxN0H9m3xRrnggRf2H4t8SX8kNp53lS6N/pUv722/wCmV1F5X7r/AJZSy+bXnTh7NanV7R1ax2Fp4q8Hax5kEGuW1zJFN/rYf+etZ/xC/Z78G/GC18/xHBY+XFD5fnRTf8sv+eX+trm/gP4D0rwro0c/iOfy7iX/AJY/88q7jUtS0rTtQ8iDzP3X/Lbzv/jVYUqvKzY+R/E3/BHvwneXbTeG/i3qunJLN+5t7vSI70/oYqzNM/4Iu2d3F5s37R0o/wC5Q/8AuqvsuDXr7zf3EFz/ANNv+WtWJvEk9nL9oPmSx/8ALa0P7qtKmIpsr2tax8AftJ/8EsLn4J/D/UPH/hn402utrpcXmXFndaZ9lkli9Y8Sy5r1P/gi5ZeNfF3hD4oaf8Mba51bxL4Q0m117SNDj/em6tfNliuo44v+epzbV9CeNvEnwy17QbjStcsvttvdf8sfO/56188/sZfG2z/4JRf8FH9D+MOkgy/DrxNAdK1SebnyrWUxebF/2yljil/65V5Wa0Y43Azppanp5LiqtHFR5z7i/Zw/4LK+AvCmoRwavrt7pMnneXNaXcMv7r/rrX0pF/wXd8CaHp/2mHxhbXMf/Xat39pz/glL+wJ/wU48Hf8AC4fhbqtt4b1/VP8AST4k8MQxf6VLL/z9Rf8ALWvya/a3/wCCBP7e/wCzfqVxdeCLq28Z6V/rIbvw9P8Avf8AtrbS1+X0sty6pW5ZVPZyPtqtVVNXDmP08s/+Dhbw3ZDz5ra21KP/AK/PKrmvjL/wcV+B9Y0aWx0rQ5bLyveKTza/BXx98O/2nPhjfy2fjjwFq9jJFN++e702WOuA1jxjr86SR3kt9zN0lmr6HB8LYeXvOtznk1MVGjLSkfp1+1d/wWYg+KhuLGbXL6W3lm8ya0h/dxV8E/Hj9qKHx7eyHw7Y+UP+essNeK3t1e3Lb5wcGqyjBy3NfV4DJ8Ng17p5mIxlSr0JtR1G61K5NzezeY/rXo37Kkfh2z+NWleIPFl7bwaZo3mahPLdy7I8xf6rf7eb5deYV7T+yFoPgbUvFNxe+Pr+38uHypIdOn/5eua9aekTzT6C0j48fDcfFmy13UPFWteLP7H8HHTtMl8NafJJ5V1IIY/Ktoj+6hijhMmIu/8Ay1rd1Kfxj8YPEdxALHxBoHhO6h8vUotQvIpdT1n915Uv2mWL/VRfuv8AVRfuv+/td54K0HwPrEUf2Hyrbyv9TaRWflV3mm6bof2X7Dff6v8A64/6qsdPiNPb1DH+GWv6V4Q0yz8EeFvAFtJHYf8AHnF53l+VF/0y/wCeVZ/xO+PGrfCvVLOe+8G+Mr6O/wDNjhtIvKuYopf+eXm1sQ6CdHuv7Vsbf95/q/3Val5qU+pRRwTweZ5X/LGatTnMfUvAeueKtL0/xV8W/Edt9ol/eQ+HtOh822tf+usv+tl/66/6qrnhXWdDhupJ/wC1Yv3U3l+b53/f3yv+mVcnqXjfVPhtfyeDvFM8snhvWZpbazlm/wCXXzf/AGlVj4Ywwal4D0+Cefy5P+W3/TWX/lr/AOiq0MyP4tfEnQ/jNa+JPDn7Ofwysdbj8R3kttrGuf2bLbeVFL5v/HzLL5v+q8391F/yy/5ZVseD9e8VfatD+C/7Q3wytrbxJLpstzo+oadeWFzY6pFa+V5sv7r97FL/AKqtjxtqWu6l+zxcfAj4H+DZdA+1Wf77xDqE0Xm3V1L+9ll8qL/Vfvay/gr+zz4K+B2kRavCZdX8XXMfl6v4l1GbzZJM/wDLL/pjF0/dUVa/tqx6VWTn8Z6Bpv2Gzsf+Wkflf6mKH915VWBo9gJY4PPl/e/679zUdnpkEP8Ax8T+Z/y08mH915VR6xeT2csn9lQeZJLD/rppv3VcZyly9+IXhz4bWselaVY/btQl/dzedDXP6zr2u61d/btU0PzZIv8Alr53+qrLs9B/szzNV8/7bqEv/LaL/VRRf9Mq3PJuILXzzbRRf8s/9d/qv+mVaGZQ1T9ofTPg5of/AAl3xY8VWOk+H5YbqKHTrubzJbr/AK5RRf62Wvjv9on/AIK0/FTxnLP4V+BsL+EtFMPlC6hb/TpYv+uv/LH/ALZ4rzn4s+G/ir+1Z+1P4g8PeAdKvbmO2vJLezS5Yi20zT45SI5JJMfuoufMz/00r2H4O/8ABPTwZ4R1Q3nxN1ay1q7jOYoB/qj9Y+9ehSxDpUuWBxywlGU/aVNTzj9hnxP8cdG+Pvhv4uaB4VvbqDSp5bk3/wBji/fdeksvbzMf6vmv0H8N/tFeI/iFpeqeB/2k/g5/aXh/WbOWy1jVrTXovt3lSxeV5v8Az182uT0fwfB4V0v/AIlRi/55wxeT5UUVR6leap9l/fwyfZ5f+W0M1c6xVWnULnSoVFyI6YeKvDXw5+F+kfsy/AfwVbWXhTR7T/ipPEMOmRWNz4ol/wCWXmf6qX/VeV5vm/62WvTtH+M3wW0H4cx/2r4O8f8A9oWsP+mWmkzWEsUv+t/1UteF6PNY+V5/26WOT/ptWheaxcGWSDz/ADf+23l1M8dWlLmFO6o2R5R+2R+1f8OvCkEl3oU2pXGqXV1Hc2eia5BFLLLF5spi+0/uvK8qKX/llF/ra7n/AIJjf8E8/wBpH/go74xi/ah/bN8catpPwr01ZL20E159jl1iX91F+6P/ACxsfK/1t1/0yxF/z1ixP2Tv2cP2ePjv8a/Ev7YX7Wt3DF8L/Bt7FZab4e1A/vfEeuy/ZYorTyov+XWL7TFLL/z182KL/lrLX6y/A34bz/tUWkeufH6xsfBPwD0GGKTR/CeozRW1z4tii8rypdTi8ryorD915v2X/wBpf63zMbj5qPLH4zuwGGowpe0qGf8Asg6L8W/i9qdt4W/Yv8H6d8Jf2ftCvIo/+FhS6B5mr+MvKi8qWLSLaX91aWv7qXzb+XzZZfNr2HUv2Wf2efhJ40/4WT8H/hZc+KfiVKNQOnabLeS6lLLLfRf6TL/aV3FL/Z/m/u/3ssv+qrlv23v+Clfwe+AHwz0/VPA9zput2+s3kWk+D/B2k/6NL4jl82KKKK2/6ZebLF/2yr6X/Yc/Z01f4A/CP7X8Rr6DUvHfiy8/tvx3q9vEI4ptUlj5hi/6dov9VF/1z83/AJa141KhjcViuaod3taKpaHx38Zv+CWX7U3x0tLjxz8dv2jPjHpF5NBnR/h78Ade0bSNI0GL/n1lkm8qXUJf+mv7rza+Rf2ffgr8Kf8Agi3+0jrn7bvxm/ZU+N19Ha6Pc22n3XivTbDVpbC/uZZfNu/7XtJvK/e2vmxfvYopf3v+tlr7l/bw/wCCov7Qnwm/bQ0f9j39mHwJ4U1SS0t7afxhrXiK+lxYyy/vY4vKhl8yKPyv+Wv1/wCeVWvip/wU08feHPCVwPid+wzq3i3S5YZY9Yu/hx4qsNbsbX915ssVz5v2WWL91/0yr66hkWZV4+0pfoeVUzrDUv3VQ5v9nb/g4X/Zn/aR+HWsfEnVfhhrfh/wlpPlW+v67Le2t9a6X50sVtF9pj/dSxA+b/zz/wCelcB4w+MP/BBBfFFv8U9TuPgxHqltefbYdW06GW28qXyv9b5UX7qvhL4xfscfD74++FNY+Ivw+/Z0vf2fbfxvDFqOpeHtEmivor/S/N82w82WW/itbSWX/WyxeV+6/dV8uat/wRa+Leh+L7nwj4o+JGk2eqW1lDe3fh+30q7udUgtbmWWK2lGIhay58r/AJZ3NZVuH6tSX738TXDZjh0ualM+6v8AgpX/AMF+/wBnrwl4I174PfsLeIdS8Ya34tt5o9c8WardS3MVhFcwyxS+VLN+9ll/e/uov9VFXxj+yK//AAVA/ZD+EPhb9qX9mPxLpHiLwnL41sPE154V8Oa3a6rfSapGTa23262g82aKWWKWWLyuo83Ev70Cuk+FH/Bvj8aNS8YNa/FbxJe6HpUd79nsoV0T/iZaxL5cp8q1tRLLKP8AVf8ALSMV+pX/AATA/wCCGXwD/YU1/Tv2pfiJ4WutY+IenWck+geHtV1iKO28O5P/AB930o/dfafKPX/VRf8ALKKWUebXorLKVDDWehw/2rCWJ5Yy5j7k/YO/bT8L/to/CbTvEE+jXOh+JzpsMmveGdW02WyudPl8uLzf3Uv/ADzl4r5r/bO/ZW+Ef7Nn7W2l/tv6D4g0nwb4X0aH/hJvipa3VnLLbX/lXUUUUsUUX+qupft0sX/TWvtX4efEbwB46vrq10e/tLnxFoZMd5Ba200ZtZjGSYszRxebFzxL/wAtK+d/+CqXgBfHPwB8VWmu2v8AaGj6X8IfGOrajFJb+Z/xOIrAf2ZJLn/nnLJLLFF/z1i83/llmvGjgry949Z4qUY3g7Hvuq654c8OaXN8dPh5YNqkbadanXdPtYpZbi/0+LzJYpIgYvM8yISSyRcfveYuvlGO98Sfh18J/wBr34LzaTdGy1rw/wCI9N/0O/i/eRXMUtfzxf8ABFn/AIOTPiH+zB4r0j9nn9tjxLfeIPh3KPsVj4rbzbm+8Of88/M/5aXdr/0y/wBbF/yy/wCeVfu78Jfin8JfBuiyfGb4PeNdN1v4R+Mp4tSs9R8O6hFdW2mXMsn72WLyultKeZf+eUolrGUZ0anLLYiN27n84P8AwW//AOCMOsf8E9/iJqfxE+HGm3LeDdQvy9jp4hkkitYpeR5UxH/LI4i8qX99jy5cy5l8rrv2b/2XP2U/2w/2WvBeuaF4TfwX4q0q0itrTXtGm8u4juov9bL/ANNf3v8Az0r+kj9pH9nb4PftjfAvWPhJ8T9KttW0DxHpssfm/wCtjHm/8tY6/mX/AGyP+CXH7cX/AAT0/axm/ZW/Zfn8Q61B4wW7ufA9rpr5OtW0URllhj5Hm3McX/LOLPm8f8tf3VelRq1OhhU2Ppb9nbxV46/Zd8Sf8KW/af8AEekXOl6pZ39tpvjz7Z9mi83/AJdftPm/6qWvY4fCuleJLC80PXLGOWzlhij1jTppvKli83/Vf6r975v/AC183/ll/wA9f9VXzD+xt+z94b+HHwAvPh5+0r4Sk1rxP4jtLr/hL9O8QXksktr/AMTDyvK/6ZS/9Na7b4Ffs8ftb+APjpo/7N3gHXYvG3g/Xobr/hD9b1ab/SdBiiiluv8ASZf+WsXlRf8ATX/plX1KXtcLH2h85yfvp8p4B+0zbeP/ANkHTfEngYeMLvQPA+s3cUvg/wAQwWXm/YPNuovtVr5v+t837L5ssX/PWvW/CvxO0P4k+F9Hg8D2/wDxTel6Pa/2Paf9sv8AWy/9Na/TTxl/wSL+Cnxu+Bc3wb/bM+JOhPcavJF9n0rSj9mi02X1illm826uvKj/ANb/AOQq+Zvib/wQK8dfso+CbyL9kX4vr4us9HjOof8ACHeK5Yor7ywcfupP+eX/ADy82vnq0atWryQPVw9Pko++eCQ/YYbWSYfvfKrP1KbzpcHSo/L/ANX+5hrxXxD+3R8L/AXiWX4d/ELT9S0nVRN5U11d2v8Ao0X/AE18z97XqR+Nnw5vNF/snSvH+iXtxdQxSQ/2dr1rc+VF/wBsq4KtCth3aobLXY0NS8VWOj2H9l29h+8879953/LKWuf8Saxqs0Xn2MFaEM3hzUrWTVZ/FVj9o/5c4ooax5te1XWL/wCw6HB5VnL/AMtf9ZLL/wBdammB5vrHgj4jeJNU/wBOn+zWf+smtIfK82uY+LvwzbxD4Pu/CF54fNxaXMWYJpZouP8Apt/0yr3PxhpvirWEj+w31tZf9MfJrj7zw34/vLWTStcvra5t5f8AXQ2mm1sGx4T+xl/wVn/bN/4Jy+KIPAkXiK8n0Oxm/faHqCGQeXzxF5vSOv1X/Zn/AODmr9n34k6PJY/Gm1GkX8v7v/R4vLH/AH6l/wBb/wB/a/LD9or9mEePNEju9Fi3T2v/AB6XX+sli/6ZSf8ATKvjnxf4K8W/D/VG0XxRo1zZXCcFJVI3V42P4dy7MJ+0tyyPewOc1aEVCfvH9QEH7eP/AATL+OWjXH9ufE3w39olh/1Wo/upf/ItfO/xC8H/APBOf4qapcQ3Gq+DbKP/AFfm3cMUvm1/P3a+Itcs0NvaalIE7x1E2u6ufllvH/Fq8mHCk6UvcrNHrQz6i96Z+r37XPwb/wCCWXw7t7jT4/ijoktz/wBQiD/7VX53fG/xP+zvbzy6L8EfCl3Ihf8Ae6rqs3J/65x9hXlct1I/3pCf9410nw9+FXjz4reJF8L/AA/8N3Op3jDzJI4ITiKPvJIR/q0Gep/wr3cvyv6kveqSn6nm43Madf4IKI/4U/DPxP8AGHx1a+CPDcJknumLyyn7kUX/AC0lP0r7p0f9jP4O6b4Nt4P+Ecsbn7LD++m/5a/9dfNq9+y7+yifgz4R8m4to5NXuR5moXJiz5g9P+uVeraaPIl8gwRSx/8ALbTpv9VXbVdzxfaI8b0b9nb+x4pP+Fc+I9SsY4pv3MX9pebFXSXnir4t+CbWOx1zw5HqX/PaaL/lrXrEPgnw5N/xNdDnuY5P+W0MXlVcs/sOvQx2IhtrmSL/AF3nf63/AO1UzQ4Pwp8YfAHir9xPey6bcf8APHUYfLrsIbSx1K1jgt/3vlf6n99VjXvh7ofiqw8jVdKtrm3/ANZDD/zyrlx+zaNHuv7W8D+ONSsY4v3k0PneZFS/igSeL/Ddjr2jSWOq2P2mP/ltFXm/wZl/4VvFqHgDxHP5lva3n2nTZZpv+WUv/wC6rqPF/wAVvGPwxi8/x/4VlvtL/wCW2raTD+6i/wCusX+tirg7OGx8VfFW38Y6rfRxaH5P+h/vv3ssv/LL/wBq1p/07Mz6A87/AE/7DY/u44v/ACLWhefuYoxnzJJf9TUc0OlaPF/qJZZP+W0M1cH4k8ear42ubjwr4Avo7bT5ZvL1LxDDD5v2CL/plL/y1rA6aVOT9wsePfip4c0e/j8AeFbG51vxZLN+5i07zf8ARZa5uf8AZd+J3xD1STVfip8W9b8z/WfZLTyora1/6ZeVXpHgn4e+HPhJpf8AwjngeD7TeXX7y81Gb97/ANtay9en1XxILjwroeq3Ntp8X7vWNWhvP3ssv/PKL/47/mLGnUqU2d8PY0VqY/wls/DngMax4O8OeI7m9s7DUvs32uX959q/debLF/2y82uw1L995cH+s/c1J4J8NeHPDdhb2NjY/YbO1/1Np5P/AKNqTxhZeTa+fpWq20vlfvIf31bp+1qHBV/nOT842cP9laVBbWP2qb99DL+782X/AJZU/wAm3s4fPvtDiljl/wCW3/22uYh/tX+3riDXP9ZLN/z2/wBbXSQ6zffYPsFx+8/5aVT0fuHEF5D5UOdKv5f+uMtXIfPvIs2J8u48n/Uy/wCqom8i8tY4IP3Vx5P/AFzqvZ2c3m/v4P3f/LaKGmBHND5Ijm8iL/pt5NXJrOCGXzxBJ/1186X/AFtV9eh/4STS/sOlT/8AE0tYfKhi87/WxVj6b8TvB00UmheJL/8As3VIv3c0Uv7qKp9mBseAv2xrH9lH4taXY6rcRab4f1mHy5ruL/VWt1+6/wBb/wBMpf3X/fqvR/27f+CvX7OnhPwld/Dv4dfFu28R3Gqeb9sn8P3n22Typf8AllFL/qov+/tfBv7aPgr4najbahqGlTRXOn35/fQzf8sv+uVfIkljJbav9h8TrcW5/wCWxMe+T9a51g6NWpGozog/3fIfrh/wS9/ar8bf8FYP+Cwnwbtvib4V02y8KfDTTb/UtC0O0h/dRS2sXmxXUn/TX7V9lr+maD/j2jr+Wr/g2Y1bwv8ACT/gsLpegRuL6w1j4e6nDo1zLL/rRILW5/8AaUlf1KwTeba/uK7rKDA/mz/4OAfEHxR/4fY+IYfgLqmm6dqui+AdGOpWcusRW39qR+V5vlSRTSxRXX+s/wBV7VqeFf29vGfwo8CahbfHTwBrfg7UNLhi+2Qa3/altL/z18qxvvNl+1+b5Uv+t8qL97/y18qKvsr/AIOMf+CTmt/than4C+Pn7OPg3TovH8esS6V4k1aa8+zebYSw5ilk/wCvXy+0fm/va+BviX/wRa+NWifAPXLHW/2uPE2ueI4tN+Tw3p8839m3HlRf6La+VdfvfK/6a/8AkKvrcpz5ZfS5Zr3TwMxyuGP30PU9V/4KBeAvDvibWNW8QeDdLvriLxLa+G5tf1PR/NtrWWXUJYr6K20y18rzZIrC2lill/dSy/8AbWvoj9n79rye70CPxh4x/Znj8P6fql95eg2mtxS2Ut/f3Ut//wATC5j/AOWUX/E3l8qKX97+6i8r/pl+W/7FP7Mfxv0Sa+8feLPF9v8ADS98O6pNpNjD4f0mK98S39/LFa/aZbX7V5v2TyrWTP2qLyvKz+6/1teU/tb/ALQtz4F+MHjD4SfCv4y/FGbRYjFbXerfELU/M1e5uov3sv7qGXyrWPzf+usvH+tNd+IzvAYuHvUvxOXBZRHDy5IzP6Cbn/gox8Mvh74xuNB8e/D3TDf6pPIkPiC11eWP7VdwxRGSLzZvNli/dX1z/wBsoZa8N/aD/wCDm39hr4T6Nb33g3wdF421i6vIr3+ydE1PzPK83zZf3sssXlfuvNr8Ofgf4M0D4t2sfjL9s39oXVdA8C6Qsl1bQXN3NdanrPmn97HpsU2R1QCWX6f63/lnr+OfhZJ+0l8VfFvxa+C/wjuPB3hjXbqG38K6LJAf9E0yOKKPzPNP/LWSKP8A7amWXrXzWIxdGpP3InsfVKFJHsn7f3/Bfn9qb9sD4p6L46+EWn23wntPCkl9B4fPhSc/bvsssokzLc/6wSf6zpgfvpfWua+Mn/Be/wD4KW/tD/st6l+yb8WPjHa6npOs2cdlrGtx6DDHq99YxD5bSW4jIBhzjJ8vzZOcyfvZM9p8Bv2Hvh1o2kQXfiRLUSRxeXNLfjEkstej3n7Lnw5mtZP7K0O2/wCefnWn+trk5Yv7QfWkn8B+UBUhsnpX2R/wR/8A+CiXx8/Yi/ax8Maf8PNVu9V8M+KddttL8V+DJ5JJLXUI7mSKMyiIYAuY+okx/wAswKr/AB7/AGDLKS8u/EnhXVfs0YOZhNXyvpWpar8PvFUWq6Yy/abGbMZPrWFSkmjspYmnU+E/tU+HGn+Kf2bPEQsnaD/hXHiK88yGKMeX/wAIvfS9f+3GWX/v1LL/AM8pf3Vv9tn9jD4VftyfA7UPgz8T0uLYTTx3uga3Z/ur7QtUi/eW2oW0v/LKWI/zkr8KP+CFf/BfuH4by2v7EP7bfiF7v4farD9i8Oa34gu/tMelyS8fZZZZcyfZZTx1/dV+5nwI/aZ0Qa+vwS8f61s1PyPN8N391d+bHrNj/wBdf+esX/LWuSnTqUp/3TXmVT4j8U5f2WP2gPFH7ZnxU/4JwfHn4qW3w4+O3i2zOs/B/wCK9npMMWkePLaKGbzYpbWL91a3NzH+9821/exSxS/63/lr5437aP8AwUp/4JHePLfwL+3N8HtTFkfN07TPE+m6dF5d/FF+6/0a6/1Uv7r/ALa1+2n/AAVG/wCCdGk/t+fCfRtX8B+Jm8I/Ff4Z6vF4j+EXji1i/faNrEX72KKT/p2lljjMvB6RS8+Vg8tafC/wB/wVq/Ypn/Z9/bq+Df8Awj3jvRYhbeNPDU0XlS6NrUUUsQ1Cx/6dZf3ksUv+qlilrr+vYin8JlUw1GSPzn0H/gshL4l8OR+Mdc/Y3+Pur6P4js5ZIdb07wfFLFdRSxeV5sUvm/va+ePhx+0v/wAFRPDnwMufhJ+zz4O+LOkXNz4j1mK38beL7HypNH8O30oli0+383pJ5uZvOH+q83911zXnH7WH7N/7cH/BHv8AaCu/gwfjPdWPh6KeWTwLd30Mv9ka9a+b/qv+mUv/AD1/55f89f8AlrW58Af+C6bXAfw58f8AwqbS3c4GoeHYPNjjP7397+9lr0sNmC5ec4KlLExjyI9j+NPwp8O/Gj9nuL4bfFPwJpFhqsOm+XDd6fZZijv/ACv+Pq2H+sik9j/ra/IW90y+8N69eaFqo8q4sLyWP/rlLFX69/EL/grB+xro/geTxH8JtbPjnxjc86J4Vs9BuY5bi+l/dRRSSzRD93F2ERlz0r5Z/Z5/YeGteKpPi38fN19r1/eS3t5p0cP7qKWX97+9qMwxkMTGL+0Z4ClXpwl7Qxv2P9f+OviS3kt/GE9ze6JFZ+bZzXdn/pMsvm/89f8Anl5Xm19SeA9S8RaPpfka5oUVt/22q5No8Gj2sh0qx+zRxfu4a5/WNH8RaxFcefPH/wBNvJmry5nYdJDNYzXX7++82P8A9G0XlnpX+vnvvN/ff6qvI7z+3NBv459cNzLb/wDPaH91XceFde8Ha95cF9qsttHF+7hi/wCWVAFzWJ9KhupILGxi/ew/67/V1x/xA+Evg/x3oMmleItEsr3T5f8AnrZ+Z5X/AFy/55V6RNpulQxSeRqv+tm/1vk1J/oEP7ixMfmSwxf67975tAHxb45/4Jx+CNQvpJvCvi99FAP+pmH2mP8APrXIaP8A8EwvinrCi5sPHeieQT+6lxJvP4Yr7V8Yf2VF5c+q2Mkv779zD5P/AC1qv8K/iRoevX/iDwP5/wBh1DRrz9z+58r91WhP1mofOHgv/glAbWVL3xv4/S7jj/5c7OD7P5v/AG1Oa9/+HPhey+BWj/8ACL+CPAOk6Ih8r/j1/wCXr/tr/rZf+2tdxrHxO8OaNH/xNf8AWRQ/vvJmikri/GHxs0rUdBuJ/DmlfabPyZazH7VyOw034waHrBj0LVYZLK4l83yftc1SaxZwXkO2D/llD5nnV5XoHxg8AePNak8OS/aba4im8uGKaH97L/1yq5/bviPw34oj8HT3El9H5P2mGbzv9bF/zyrM1O40HWL6yuvP8j93Ump3l9Bqv9uWM/8ApEv7zypqr/2lBC8fn+V5cv8A2y8qX/nlVz+2LGzlxPB5tBoaEXja3N1H59v5cn/LaKWtz7ZY3lr58Bl/7815nqXxC8D3kv2GfVbbTY5f9dL5NSQ3g02Xz/Dnj+2uY/8AV+VNN+9loT7Ghr/E7xVrlnayeFfB3hz+0ry6/wCWUv8Aqov+utcJpvwY0r7B/wAT3w5pv2j/AJbSwwxReVL/ANMq6DUvG2u+V5EE9tYxy/66bzv3stZ95qUE0Uf/AC0q6lQKRJ428VQfE7zND8DQXP8Awjf+rmu5fNilv/8A7VUmm+CZ4rG30rQ9QktvK/1MP/LKKtDR9Hgs/LgubHy44v3cMP8Azyqv4l8SX2mxSWWhQR3OsX8P+hxTQ/uvK/56y/8ATKvOlUnUZ62GpeyonYWcNj/Zcng74cz/ANm29r+71i787zJbX/plF5v+YqIRBD5cGlQfZrO1/dw+VXH/AA3006Do32HVbGWXzfNk83UJvNlupf8AlrLLXWWU2leV+4/1n/TH91Wj904TQvNNhn8ueeyl8yWH/XQzeX5tU/JvruX7DY6Vc3NvFN/rfOiqSbxJpOjxXH26G5uf+e0Vp5VfDH7Uvx28SfFfxPPH4S1O607wh4d1PyrG6sx5pmli/wCXqX/plXRhsM6lT3DOrUPtPxVoNxpujR6rfQR+ZF/rv+Wn+trm9B1j7Zf/AGc1y958QvCupWGnzwX8UWn+KLOWSGK0m82Lzf3Xm+V/1yl/z+6rn/AfxIM2pyeB77S/sWuWE32nTYf+WV//ANMq1qU2qnKcZ6RrGvT+G9Ujnngikjl/5azf8ta3NN8SWWpf6dB5tz/z2rL8N+PPAHxU0u48Nz3/APpn+rvLSb93dRS/9cv/AGrXJz2eq/CW/wDI1zVZbnw/53l+d53721il/wBV/wBdYqYqp1l5N/ZviPyLHyovNhlkhlm/9G1X8bfCXwr8QovtHjG3l+0f9BGKq9neWOg+PPs+uT/8f8Pmabd+d/rf+mVdZqU09l5f+sjj/wCm1HtEFOmeL698K77wT+4nvr7V9L/5YxXc3m/Za8U+Pn7PHhXx/o0uq/D+eK21SwHmfZJh5f7qvsOa8gvJfI+wx+ZL/wA9q8/8efAGx1e//wCEq8H/AOsi/eTWkX+trNaGp81f8EjfjTrnwP8A+ClHwZ8R3pzEPG1roF5HdcCG2v5fsMn/AH7+0mTHqK/sX8EaVL4RvLfQpL2P7Hc2f+hwyH/lr/y1r+Mn4keHx+z5+1d4U+KC20kNnF4isNZGV8v97FdRSy1/Zn4WvNL+J3gXw3440nVMxmKLUbOW0P8ArPNh/wDjUv60qs3OpA6P+XJ+KH/B1F/wV5+J/wAIfifZ/sB/s9+JLjQriLQbXVvGHibT7yWK5j+0iXyrSMxH91+68qXP/TWvzQ/4J1/FfwhD43l+I3x+/aQ8Q/2/q+s2mgeGbG5165/cfaZY/tGqXM3mZhii+Tvz+89BX2//AMHTv7D+m2//AAUF+H/x8sbPUYrb4s6XFpWp38MX2ny9TsfKiii8r/ll/ovlf9+pa8E079ij4Ga34Ai8I6L4dtDGFwNbtZ4pb6ST/npJJ/z0/wCmNfT5Plf192keJmOOhhIcr+0fS/jb4e/8KZ+MkfxN8OT/AGnT/Hmm/YtY1CKH/W39r+9/5Zf6rzYv+eX+t+yxV4f/AMFQ/wBi7Q/in+zd/wANJ+AdCiPizQZov7Y/smHzJdUtZZfK82WX/lrLF/6Kl/6ZVzH7MvxU8S/DLxDqv/BNH4++Jzp+m6hPHJ8MvFsx8sadfySiW2ikP/PKUpJx/wA9TJFzFKa+o/FXjDXMxweI7GW2uPscUc1pLN5n2WL/AJ5VjiMLKlGdF/FFnPTn7LlqI/N79kT9inx9rmrR+KvE95qWmRedxZmaS2luvxEvNfoLoFn4x8H6DHY2Oh20dv5P7nyYfNl/7+//AB2su8vLGz8z/iaxReVN/wCRf/jtalnD8R9e/cX2uRWNnL5v/LH/AEqX/W/9+q8x3p+4zo+s+0MvU/Emq6jf+TfeVF5X7v8Acw+VVe8i/dfbvJl8v/Wfa/3taGsTeB/BNr9on1XzZPJ8yHzvKrl9S8VQeKrrz77XLmOz879zp1p/7VlrLkH7Qx/GPhux8SSyeG7jS9Nvf+e0OozfvYq8b+J37HOh6ldefB4OtorOWb/l0hr3i88S2OmGTStD8DxRR/8APaWz82s/Uptc8zz55/s3/TLzq0p1DE/PD46fs26x4H1l9P0XwvdHzJeBaHza+3/+CY//AAWOHw90HS/2Nv2/dQ1G48H28sSeCviDIkgvvCM0f+rEgH7zyv8ApqP3sXH+si4FjxJ8PR4kljv77zfM/wCWNed/EL9l7wtqVr5Oq6XLcxyf9Nq0Nlikqep+2X7O3/BW3T/hDY6f4P8A2uNdtL3Q7++z4U+KemXXmWN/YS8xS3P/ADy/66//AL2vtrwR40+BnxojsPin4A8TabfXckMllZ65YTf6wd4v+/n/ACyr+Y/9kDxtJ+zhdSfA39oS7l1v4Pa9N5d59rh82Xw9L/z9f9e3/PXyq9kfX/2lP+CRHjKf4r/AzxHe+Mfgxrc8UmpaJHf+ZJYRf8spY/8A2lLFUPBuVPmgdOHx1Kb5Jn7bf8FIf+Cfvwl/4KC/s66h8AfjxbgxzT+ZoPia1i/0nRr/AD+7u/8A2l/1yllr+WP9rj/gmp8d/wBlz47eJv2f/GFjbyeKPDshkliAEcV/Yn/VXdln/XRS/of3fav6lP8Agn9/wUv+AH7eHwqsPEPhHx1p19PLD5cwH7r97/zykil/1Utcr/wVL/4Ja/Dn/goR4C0+c30Xh/4geF5pbnwT4yis/Nltf3Uv+i3P/PW1l/5axVlhVTVb2dQ7K3Pb3D+YT9mL9kf42nx0NWstQbSEtYYvPli1DypMS/8ALKv0b8B+G7jwT4ct9K8+2ljtYf8Anj5n+q/6a15f8Tfhx8R/2SvFt58Mfjx4cl0TXNLvPL8mH95FdRf8srq2/wCesX/7qrHhX9oPwDrFrJYwfE3Sbm8lm8v7JNN5Uv8A36rXEUeSd6Z5Pt61Q7TXprC8v4/9Oli/57f8sv3tR6lZwQxR/v8A/Vf+jax9N16DWPtEHnxx28vlfvvO/e1Y1izxDHbwX3/bL/lrLXMa02Y+pXn2zzIIIPtMctcfqXhWfTb/AM/SvNis/O8yaGX/AJZV6JBZaVptr5H+tk/5bVXvJ/Jtcf8ALP8A55Ue0RsV7O8Om6XHPBfRXMcv/LGWqd5r1jNLixsZfM/54+dWfDo88ENxpUE/lSf8fNn51H/CE65NFzP9mj/8i0AY/jf4hXGmxyaToVrHc3n/AC5xfvZa4fwF8K/FU3jyPxH4/n8v+2Yfs15/Z03/AH6r3Sz8N6VpsUc/9lf+Qap6lB/p/nn/AJZf6mtAOX+MHwN1zwf4cj1y4nj1LS4v9dLaTfvYoqx/BOpWGpaXHBBYW32f/lz/AHP+ti/5619MfbIfiF4DjgvrGOW3uofL/cw18p+PPhV4/wDhj4j8jQ4PMt/7S8yz/feX+6/5axVrKnzk0zH+J3g+xs9Z/wCExg82yuPOi/e6f/yy/wCmtakPiTVdY0qSxvj5euWv7yGab/lrVyz+J2h6xo1nfTwfaZLq88uaL/nl/wAsvNi/8hVx/iObyZJLHw5fW1zJpd5/z2/e2sX/AD1rI2PTPhj8SIPEmg/v/wB59qh/79SxS+V5X/kKpNY1/XNHi/4lOqRfvf8AU/8APWvG/AesT3njzVPB2uCWP/VXMPlf8tfN/wDttekf2FfWcXkTweXHLDWZdLY0D8W/CvjDS/8AhDviNoflySw+XNL9j/1tc/N4bvvB9hJoel6rFrfh+WbzP7P1H/Wxf9cpaLvTr0xeRrmlebHL+8hli/5ZVX/t46PF/YeuW8v2eX/U3dZclI6TuPDfiXwP4wtfsP7qK4tYfL+yTQ/vYqj1Lwp9kl8/SdVl8v8A6bV5ne6bq0N1H/blxFc6X53mQy/+0v3VdBoPxOHhv/QJ55JbP/n0u5vNi/7+/wDx2mBH8SP2kP7MtY/+EVgivbz91H5MNnLL5Xm/6r/Vf+iqr6Z8ZvFej2GqX3/CAavLcap/x+atq1nLFL5UX+qi/wCeXlRV6xpt5/wrzXpIb7wtFFpeqTeXo93LD+6ll/5axf8AXWty816ygsJJ7+CKK3/e/wDLH91XDOlWue5hqfNR/wAR4vpvxs/0+3n1We5ubOX/AF0tp5sksXlf89f/ACF/39rqJ/i14chijnnvZP8AU/8ALb/7bXUa98N/hz4q8yC+8NxxXH7qOzmtP3cvm/8ALWX91/01rg/GHwB8R6N4ck/snVdIvdPtfNuZrTxDN/qv+2tXT9s6ns5HDicDWo/vIHP/ABI+P3g7xV4SvPCvhvxHLHeS2csc3lTf8ev/AG1rh/2dfgD+018WtGuND+C37PUviSSWH7FZw2lnL9hi/wCmtzcy+Va/+Ra+7P8Agkj/AME0/gxrPhz/AIbE+KnhWx1uTVJpf+EV8PahZ+bY2HlS+V9qlil/1ssv73yvN/1UXlf8tf8AVfpp4P0eCHT49K8OaVHY28X/ADxh8qvtMpyuUP3lQ8pU5Yhn4yaP/wAEUv2qP2bPg5cfFXxt8SNCv5PCUEuo/wDCMWWpSy/9sov3XlSy1z1n4P8ADniT7P4j1WCX7RF5Xkzf8tfNr9qP2ivAcHiX4GeKPDnkfaftWjy23kzV+GfwZ+JF/eaB/wAI74j0i9ikim8uG7ms5ZYrryv+mv8Ayyl/dVjnuApYenGpTJnS9lUPTNS+Hvgjx4Y5/FWhx3Nxa/8AHnqMXmxSxf8AbWub1j4A32vS29v/AMJjqUtna/8ALK7mll82L/MtdBpvjb+2P+JVBpVzFcRQ+XDDdw+V5v8A1ylirY/teeGH7DpWq20Un/Laaabza+bpDOT+xQeG/AcngexvpL680GGKWzu7v/0V/wB+q3PDd5f6/o1vcXs8nmS1sT6DoZtfInsov+utV/OsdAtLgwXH+q/5Yy1p/FAkm0dbOaOexn/+21of2ZOf9OgsfMj/AOWPlVXh1L+04o557eK2jqxDqUEMX2eCeT97+883yf8AW1AHyX/wUwhsIfh/o8w0ryriPWP9dN/rf9VX7t/8G+3/AAUJufjR+xn8OPAvxa8QWv2yXTf7K0HVgfL865tf3UtpN1/0rEfmxf8APWKvxQ/4KGf2Vd/BzVr++hjkuJZ4vsZ/7a13P/But8TPDvxB8ceN/wBin4q+KpbfQ/EeljWdChjm8qWHUIpYv3ltJ/yyl/1Un/bGnUp+0NMPUvT98/oa/wCCmP7Afww/4KQfsqa3+zz8Q5Vs5rtxcaF4hiijkudGvov9XNF17Zil/wCmUsozX4E/G34NftmfsE/ECL4f/FnwTa2HivSL77NDNY+Go7bQviHayy+VFNY/ZNPii+3Rf8tZbqWLzf3X/LX/AFv60/szf8FPPHH7NHxL0X9jf/gpNeTRapqF/wDY/h78boEii0PxbF/yyhupP+XXU/8Apl/y1/8ARv3L8Q/hh8K/2i/hzf8Aw5+JnhHTfEfh/WbOW21LTtQh82KavRy3MquAq81zlxuAhjKex/PHY6f+xN+3H8PZdH+JFnp/hfxJo7yRkXV8LPV9HvoxF5ssfm/vZYv+uvmxA+9dB4Qvo9F1Wz+Evxf8ZWPiDVNGvLq3s/EcM/l/2za/8svtP/PK6/1Xm/8AbWvqL9tP/g2X1PSvCut2v/BOTx3ouj2utyb28HfEbTotRi02Xr5umX0sUsun/wDLOL91+9/6a1+W37Un7MX7S37L3i+PXfiJ8IvFnwg1jRha21np5hlufD0ktrF5X+iyyyy+bHL+9l82OWX/AFsv/PWvoMRXoZnT9pD+J9x4f1KthHbn90+xNSvPAHg+1/tX+1dNjj/1f2uWb/0V/wB+q871L4oeP/HsskHwy0iSOzi8qO81aaH/ANFebXzR8If+ChUNp42tNK/aI8KaSkYh+zxataaZ5kdrJ5v+t8r/AONV9l6D4w8OeJNGs9c8OarY3NndfvIZYf8Anl/yy8qvna1KrTqctQumm/jOT0f4S2NlL/aviq9ub7UJf3nnXdbH9g2MMsdjYwf/AB2uo8n7aJGvrj/v1D5tZ95DDp0Ek1x/rP8AltNN/wAsq5zo9oY95DPNLH9guP3f/Lao5tN/1d/fQf8ATPio4fiRoesWv9k+DtK1LX7z/V/8SnTZbmKL/tr5Xlf+Raw9S8H/ALTXiTzJ7Hwbpvh+z8n9zNq159pl/wC/UX/tWgdvamhrGmweVHPcW8f/AExirPvNBsZvL/tW+/dxVJpv7MXiPUrr+1fiN8adbuY/+fTSZorKKL/rl/y1/wDItZ+vfsRfs2eb5+q+FZdfklh8yabVtYupJZf/ACLQKphjyP4++P8A4PeBLa807xD4+so0l/5c4ZvNlra/4Jm/tm6L8TfBeqfsc/GO9Gr2clncxeGBqE/NxbY/e2scnXzPK/1UfSr/AIu/4JT/ALPni62k8S6FpVzYySzfvtOtNXl/df8AXPzq5jR/+CYngTw/rFtrPgrxPrWi6pZSxXGn6hFdg+VLFL/rf0rqwmIqUpWHUwdJYe6l755HqurftB/8Env2iY/HXwZ8U3R8PaleGSwkEg8q/iiI8yKT/nnLGTj24r9//wDgkl/wW1+En7dPw6t/D/iW9jtfEtpD++tJpv3v/bX/AOO1+UP7Wf7Hvij4q+G7u21/Xor20khi/s27tJv+Pa58r93KYvT/AOO/8sq/PHStW+MH7I/xTe0afUvDPiXRrvzbPULCURXNtIB+7lilH+tikx/1zOc1jmGHvU9pTOzAYirOhyVPiP6x/wDgoF+wT8D/APgpB8IJNKn1yKy8QWH7zw34ntIfNubCX/2rFX4H/tOf8En/AIlfs7+JbzS/2rr6LRJLWaX+zbvT9Rijtr+L/n6il/5axf8AkX/nrX0F/wAE8P8Agsl+218ctS0b4b/B7w/D4y8aFZI9Y8PLp8tvcyxR/wDL/bXX/Hr5X/PWK68r/plX074+/wCCTn/BRb/grd8V9H8Z/wDBQzx7beAPh/o58s+DvDBjMvlebL/qv+etzL5n726l/wC2UX/LKpwOOq0avJWhzRKxGDjWhzwlyyPxUH7TeufBm7vPDnw/8f3ur2cX+pm1Gzik83/tr/ra9M+DH/BRfw1qd6bL4pW39iXj+VHDq1mZZI//ALVX9JHwf/4Ivf8ABOP4J+H00Pwb+yX4PlEVl9ne81DSIrm6mi/6a3M3myy1+SH/AAXw/wCCRX7APgL4x+GNI/ZP8eab4U+L3xG12NbT4YWkolsLqKYHF15cQ/4l0Xm/8tZP3XXEY616vt6GKduRRMqWGqU9zyLU/EmlXnhyPXNKvorm38nzLOWL95FLXL6Dr3jLXrqSf915f+r/AH01eD+BdF+N37DH7TUv7Jf7RSzWNstz9kMLTeZbxyy4ltrq2k7xSfu+fSTPFfRk032PVIxYwSRSf6uaWH955sVeXi8NUoVOUalaRqeG/BOlWV1/auqQSy3Ev+ummml82WtibTbGzl8+xnk8z/ntWXpviSDUv3E/7ryq1MQQjkSf9tawNDQ86eGDyP3X/basvWP+m8FGsa9/q4P9VHWPqWsQTeX58FaAanw3/aDHwxv7jQ/FU/8AxK5Zv3N3FD+9ir640z9g9fjN4Rj8R/E3Vb3TftVnFc6baWkMX2qKWX97+9/+NV5X/wAE5f2RbH4//FCP47/EDSvM8L+Erz/iW2kv+q1TVP8A41F/6N8r/prX6WfY/wDlvPXrYLA+19+oXTpH5/8Ag/8A4Ih/A/QdUuPEY8Y+JLmSWHy4YppovKi/79RVhn/ghL8K9NtbyDQ/i34ktvt//H5NNDFL5v8A5Cr9IJbPzpcVXvNN/ex/8867vqdK/wAJ0+yPw7/aQ/YP+NP7GXiPQ/H/AIxvovEHhu1vJbL/AISbTv8AW2sUv/PzF/yy/wBV/wBcq2LzTdKvbCO/sb6OSTyf+WNfsR4w+Huh+KrC4sNVsIr63uofLmtJof3UsVfB/wC2Z/wTv8YfCbwlH8Rv2XvDkmr6Xa3n/Ey8JxTfvbW1/wCett/z18r/AJ5f9+q4cblv/LymZfwj5b86CaXyLjy5I/8AptUk2m2P2X7D9gj8uX/ntWfD9h1KL+1bHxHY+ZLN++tLuz/e/wDfqrl5Z65N+/sZ4rn/AK7TS/va8OUZRepqZepaDYf2XJYTweZH/wA8a8z8SeD/ABVoN1cQ2Fj9ut/+eMsNesTDxwLr/TvDlt5cX/PpN/6NovYZxxfaHLHJ/wBNpqo09oz0z4neH5/Eng3VILCC28yKHzLOab/ll5X+qrl73xJfXnwWuL6exuY7j+zbqSGK7vPN/wCWUv8Ay18qvRJvip8JLPwnHfeI/H9lbebD++07/lrFXing/wAZeAPjv8PvEfwk0v4maDpV7am6tvDF1c33mTTQ3UUvQxSxYi8qWWKXzf8AllXL/wAvT18trezjKDPT7PQYJrq4n8jzfNvJZIf+mv8Ay1/1X/22sv4kfCuDxtFcaHfWMslva6bdXM377y/KtYovNll/79V2Hwq8B+KrzT7Ox13xxoElx9sitptR0nzfKupZZfKi8qL/AFvmyy+V+6o/bS8VaH8Df2Wtc0Oxg8vUPFsMukzXd3DF5sUUUtr5vlS+V5sUUv8ApPmxV62Bw31itc9hzpOhL7R9Uf8ABIbRjdfsK+A9Ii1WW9jls/tEMs0Pl/upfKlii/8AItfammWUFnYeRDBFXz//AME0/hXP4D/ZQ8D+Fb6xltryw8K2sesQ/wDT19li82voj7H9j5g/78191Rp+zp2PnqdP2Rn6xD9stLixMHmebDL+6r+fv42fCX4m+V40+HPgASx3mjfEK6ubPyf+WsX2rza/oU1G8t7OKTEH7vyZa/Kf9qLQNK0H9pbxpBAf9Hi1KK5/df8ATWKKWvMzul/s3OcWJpnzH8H/AIV+OIdBj/4WNfXOpXkt59pvJYf9VF/0yi/6ZV2kHgPStLl+3waVHbRxf88Ya6i91L+zf3Bglikl/wBTUesazOLCOCceVHXxBy0tjLvNfvobryJtK83/AKZf6quD+M/xp8A/Cjw3Nr2qXElikf8AqYjH5gll/wCeUcddxeTQaxayXF9B5v8Az28n91Xyv/wUCs7H/hF/DfiPyJJLPS9elj1KGb/pr/8AuqulTGeq/sy/tk+EvjG954Zv5I7a6iP2iGO7s/Lkmi/56/8ALWu/vLyCa68gwRyR+d/rZv8Alr/8ar4c/ZY8L+NvG3xatvF3hTR7j+yNIml+2Xvkfu5P3Uv7qvrvw3puufYI7fXNWuZZIof33kzf6r/tlTqUzKqcJ+2nolnqXwf1ILpcXmvFmCaOavjH9nT43eMv2bPjL4e+Ofw+vWt9Y8N6lHdWXzYE3QSQyccxyRGSM+0lfbvxVs76G1uINVgkvre7/wBTNL+98qvhX4yfD+98BeMp7U2MkVvMfMtD7U4tbGtPY/p28B/Ej4Sftyfso+H/ABj440PSNf8Ah/8AFDR4pPJ1GGKWKK6/5a2sv/TWKX/yLFVP4TfF740/8E4NKsPCng/XdT+JHw30yb/kWLq98zXdGi/6dbqX/j6tf+nW6/e/88pa/H7/AIInf8FPfCX7NLav+x/+0lqEh+E3jyUSSXYXH/COar/yy1DzM5+p6RGKOUf8ta/Q34zfFTxV8OJZPA/iPVYtSuJdN+0+G/EMP7211mwli/dXUX/f2LzYqxq4WXxfZNIV+X3D9Y/2Wv21/wBmz9sfwUPHvwG+Kela5ACI721tbwG5sJf+eVzF/rIZf+mUlegfEX4Z/Dn4veFbzwF8S/A+keI9Dv18u80nXNOivbWX/rpFKOa/lBXS/jl8IPjhqnx4+HHxL1LwN4lkl8yXVvD+my/YZ+c/6bbfvfN6n86+6P2Ev+DtFfBF6/wp/b18JrHJYSyW8XjDwfbGeyk8vj95a/6yMZ/55flWFOpiKP8ADfMaONGqtT7T/af/AODaf9g74o/BrxZ8PPgl4MtvA2t+I5oriy8QXUEmpHS5IpRIYrbzZfNiil7xebX4n/tR/sTf8FGv+CJvxJEXxG0K91v4fy6gItN8TabbySaNfeZ/01/5dZf+mVf08fsyftu/s0/tZ+ErPxh8CPjJ4b8SW1xH8w0TWI7gwyf88pAB+6PtXoXjHwN4N+IHhyfwh428Ladrel6hD5d5p2rWEVza3X/XSOX/AFtd1PHVX/F1Of6tSsfy2/AH9szwd+0L4yt/AGu31zoF5dTeZDDaTeXLdRReb/y1/wCetfUkPw8+HMsVv9h8OW0scUPmfvf3vm+b/wCja9Q/4Kz/APBrhY+KLm//AGjP+CbWqyeH/EUN9LqF54CkfyrUyZz/AMS2Uf8AHryf9Uf3X/XLFfn58KP24/in+ztrifBD9tb4f6lpF9pd7/Z2o6gdO8u6il/6eo619lz+9DU4HSVE+17O7g0a28jQfL8uL/U/ufLqxZ6x5skc9/Yy+XFDXmfhz4weAPippUl98OfGOm6tHLNF501pN5vlfuq7CbWLi8/cQarbS+bN++m8nzfN/wA+bWLjOPxGvtEXLz7DqV/5H+rj/wCW3/TX/plWf4l8H2M0sd9BfSxeb+8hmqvLNYw38k512K582b9zDDRPqXnaXHP59t9n/wCev/LW6/e1ZRHN5+mRf8f0n+f+WtU9YzeeX5Hmyeb/AK79z5dSeINS0rzo7GefzbiL/XSw/wDPX/prXN3msaDZyyDVb77NHFRSMz6I+APg/wD4Wt4X/sqcRS3lrN5UP77/AI+ov/tVTfGD/ggDc/8ABQF/DEWo3EPhfSNL1HzL3xYbUG6ltTxLFFn/AFv/AKKr62/4JZfsgWvw/wDhtb/Gj4nw+beavaeboehXcP8Ax7Qy/vftUvm/8tZf/IUX/kLd/wCCjn/BaT9jT/gm94NmsfiJ48t9b8ZfYpP7H8BeH5fNupZfK/deb/z6Rf8AXWumrXUP3ZWGw9T+IenfsK/8E0v2Tv8Agnp8OI/A/wCzp8LbXT5pYvL1jxBd/vNS1M/9NZT2z/yy/wBVX0T5UPpX5wf8ERP+Cgn/AAUA/wCCkT+IPj98d/ht4f8ADXwpmtfK8H/YLOWK4ur/AM7955ZlP76KOOKT97/z1l/6ZS1+iepTf6LXDVnyo70ruxw3xf8A2iPgL8KtS0zwv8VviVomk3HiKf7HpNhqF4PMv5f+eUUX/LWvgn/gpL/wSFT43/thfDT9ur9nTT4LbUfC3lR69p+kyxW32qK2/wCPWWL/AKa/6uL/AK5eV/zyr43tviT4x/aJ/wCDgXT/ANp74029wfhvpfjbVPCngO81b91YxS2ulXcsXlf+A0sv/XWWvR/+Clv/AAcmfC39m7TNQ+Fn7LVxbeLPGIeWJr0zCSwsP+unlf66uXD1alSp/dPRxOHhhHHW7cfzPgH/AIOTNR8U/wDDYXgyTxHHZ2esxfDyxj1LTFvYri6tbqKSY5lMQPEnmZj9vzq9oHxU0PxJo2n6tY29tY/2pZ/aZoftlfD1/cfHn9uf47X/AIv8U3uo+IfEniO7+06vqMkXmY/6anj91HX3b8Jv2RvCHhzTZLnV4Y765NnFbw2k3737Laxf8soov+etetXrVKsdTwcR7OBqQ6xpU1r/AKDP9p+yw/8APb/W/wDx2rn/AAlUGpReR5Eo/wCmv/LWuX179mPyZvt3w/125024i/5dPOrk9S8K/Fv4e3X/ABPP3tn/AM/cP+fNrD2RjTqnqFnrFhDL548qKuw+A/wG8R/tR/FW3+FfgC++zWcXlXviTVoYf+QXYf8APX/rrL/qov8A7VLXjem6bPeCzsPDk9zc3mqXkUdnD/y1lll/dRRf9/a/Xz9gP9kvQ/2afgjHpR/0nXNZ/wBN8Saj/wA/V1/zy/65Rf6quvA4aVQ1pfvWegfCbwH4O+G/hfT/AIc/D/Q49N0fRtNijhh/55V2E0PnRf6iq/8AZsGm3UnkQf62b99WhD/1wr6SC5I2PRK8MP7r9/B/rasf2bB/qIKueT50PkVY8nyB+4gpgY82m/Y5f9R/3+om0GCb/X/6utjy/wDl4x+NSTwfvfPJramB+d//AAVL/wCCY9j420u4/ag/Z58OS2XiC1m8zxtoek/u/wC2bX/lrdRRf8/UX+t/6a/9da/MuH/hY3hXVJJ/Dniq51LT/wDp7/efuv8AplX9HE3+u/Gvzj/a7/4Jy6VN8WtYn8DzxaRZ395/aOjxQw/uovN/1sX/AH98391/01rxM5wipL2yCnufn/B8WvGOm2v7/wAOfbY/+mU372uos/j94H1iL/io/tOmyf8ALb7XZ10nxP8A2UfjV8N/MnvvDv8AaVn/AMttR0mHzP8AyFXnepQzwxSWM+lyxfuf+PSaHyv/AEbXzgHUXum29n+4n/0mSX/XebVM/D3wP5vn/wBh2373/Xfuf3tdR/Y8E0scEEH7yX/nrVe7isdN8yD97JJ53+urnC9jn7Pwf4j8G69p/iP4c+I9Stvst55nk+d5ttL/ANspa7DxX8VIP2kPiN4H8K/te+HL220ew17zNY1bQ7Pzba6i82L/AFvlfvYvN/1X+q/5a0QTTn9xb2P7v/prNVfUvt17L+4/495f+WVdeBxlbC1uc6o4n2J+0HwY8SeB9e8G2eu+APGOm63p9/D9phu9Jm82KWu8m8ify/Pr8N/h78bPip8B9Yj8R/B3xxc6JcRTeZNaQ/6q6/66xS/62vvD9mn/AILGaV4kFvof7Q3wtl0248n99q3hj97F/wBdfKl/exf9/Za+toZxCr8YfWT7E1eaDypLHyP3nk/89q/M/wDbS8Nz6D+1BrFv5Eccl1o9hJDLLD/11i/9pV9WfFr/AIKe/soeG9GuNW8K33iTxBcRQ+b9k0/w3LH5sv8A218qvz38eftaeI/2wPi1qnxN1zw5JpGn2tnFZWdp+9il8rzZZf3v/f2tM0xeGrYTlUveMcZUXs/dNjUtNgmtY/39t9oi/wCmP+qrl9YsvJuv+JrP5nlQ/wCui/d11EHkQxeRbwSS/wDLTzfO/wCeVeZ+KvGGq6xrNx4O+HMEcuqf8vk0v/HtYRf9Nf8A41XxSp3qnnmp4k1jStAi8+Dyrm4/5c7SGH97LXm/xC+Evir9ouWzsfipBbWXhfS5vtMOh6f+9ur+X/nrcyxf6r/rlFXpnhX4e2Gg2txez6rc32qS/wDH5d3f+tll/wCmUX/LKKrkMOqwyyTwfaY/K/5bed5tdIHP+HPAmh+CtCj8O+D/AA7bWWlxQ/udPtIf9bWhewwXlrGs9jF5f/XGpNes9V00Rz/vIvK/54zfuqLzUpvNj/5a/wDTaKs6n70DD8SeHLGa1ksp7GPy5f8Apj/7Sryj4m/sy2fxG0ISLZ21xHLD+4Ih/wBVXvd5D9sijgnnjl/5aVyepXuuaD4jjvtKvpPsd1N/pnlUvZoX8E/OHxD+z58RdH1+80vRdDub02s3lyxRf62vff2Hv269Z+A+pP8AAv8AaA0vUNV8MXt3HHaDV725Evhi6H7szW0ZP7r/AFcQkH/TGvqXw3puh6lr95Pquh20eoS+V50sUP8ArYq5/wDag/ZF8OfGXwzcNoltFZXnk/uZDD5vlS10U5WXLIaq0qh9Cal4DsdeijxPF9n8mKSGaKHzfNilr5w/aa/4J7fDP4jWtxrek2Mum6vn/kIWnSX/AK6173/wTl+M3in4k/s06x+zz8X5bH/hKPhV5VtZwxQ+X5th5X7qX/prL+68rza7C8+wzH+ypzFLby/67/Vfva8/k9nWL9oj8gfhT8S/2kf2KPi3H4l+G3jXWvB3iCwuMrqGnSSRRy+V/wA9E/1c0Vfuv/wSZ/4Om/A/xcudM+B37ei6V4S8RSYt7TxpaSeVpGpy8f63/n0k7f8APKvl745/sW+APjppdxb32lf6r/UzRf621/65V+dfx9/ZG8dfsx/EHRJfGEIn8OXutRrDref3eBLkxSf88uMmnPlqHTTqI/tL8K+L/C3jzQbfxH4V1i21LT7qHzLO7tJvMilir5b/AOCkf/BIX9lf/got4QlHxC8KHSfFMMX/ABLfGOkwRC+i/wCmUv8Az2i/6ZV8cfEH9rj9gX9gz4iN4Z/ZX/4KKeFPhxq51Exaz8LdS87WvCouopTFLFLHaebLpP73P+q/dcf6qv0E/Z3/AG2vCfxbvNE8C+MtLi0Dxdr+nS32kW1rqQvdN1m1iI826sb6EeVNFj955Z8qYD/WxRVeHxM6FSDCpRhUR/Pb+0t/wRw/aR/4J+63fav4Z1DxB/a+n3st7pGtaRaSyaR4jtIj/qZLaIHyZf3X72LzJf8Av1+9rBsf2qfj34n+EK/EP4Z+FdO8SfY7bydX/sEeZLo8n+rBubb/AFsX/XX/AFVf1H+L/Amh+NtL+wavD5kf/oqviPxf/wAEHP2U/Ef7V3/DV3hzxT4r8J6jdw/Z9d0Lwbq/9m2Gs8SnNx5X70yeaYuksX+qr6mhmOVV4f7TH7jx6+CxD+GR+OHgoftpeJPhxb/E2H9lfx/4g0uWb7R/xKdNijluv+2XlebL/wB+q5PUv2xvB0/iiTSviN8K/FHhLxJFN/x6eMrO682L/wCNf9+q/qD0n4O+CdG0+zsNL0yK1s7W0iis7SKH/VRR9q8w/bJ/4J+fAX9sb4VXngb4i+B7GW8hgl/sLVvsn+laVL/z1tpf+WVedSq4OWJ+H3DZYWqqWp/N7pv7emm6P4rTwBY297q1/LNFF5Wn2gkiil/6aSTdaveD7H4qftma/wDabK0n8N/Duwm8vxV4mu4f3Uv/AC1+y23/AD1l8qKX/plF/wAtfK/5a/Zn7Nv/AAS28GfDLx342/Y4+GOjaTda/wCJLv7LrXiDxlqf2aTWNPi8qb+yhF5UvkxRHy5ZYopZfN8qL97+68qv0P8Ah1/wTy/Zw+HPgSPwF8VPFMmt/ZpBHLpuiWcdjZRRf88o/K/ej/v7XpV6eU4Sn7Xn5v7phT9tUnyQifkx8YP+C0f7dvxZ8NR/sZ/8E/fg94kttPi8N3+nabqFnp11c67dWsUUsUUsX/LX/VRRS+bXrH/BKf8A4NhvEvxH1TSv2qf+CrGr3l+18kd5a/DO7uZRdSSZJH9py8/uv+Wv2WMnsJTF+8ir9QIPjt+wf+xb4XuJIJ/B3w8s7Wz/ANMu7ua1sv8Av7L/AK2X/trXyp+1D/wdPf8ABOL4JWE9n4B8X6n8Q7+M/La+E7Lyoj/21l8qvmPrCxVecoo9WnTdOnGEj9KfBugeD/hz4fsfBXw98L2emaRpNnFZ2WnabbRW1tY20QxHFHEP9XFXhf7an/BTX9lf9jPwxdX3xg+MOi6dexw/8en2z97H/wBsh+8z/wBMq/Az9q//AIOlv+Cg37TVy/g/9nbw1pngHR5pv9Eg023N9fj/ALaHj/yHXzd8L/2UfjZ8fvG7/FP9qnxBq919vm+0z/2jdSyX11L/AO0qxp4CtVn8RFbE0qK947z/AIKt/wDBUfWf+CgfxA0X4Xfs0+ANW0HwD4SvZf8AhFtPV5ft2pySfuvtUscXEX/XL/prXB/s9/8ABM3xr4qt4/E/xoil0jTfKzDpsU3+nTf/ABqKvuL4G/DH4O/CTT47bwP8K9Nik/5bahLZ/vZf+uv+tr1SG88Dzxfbtcg02xj/AOevnf6r/wAhV69PCwo0jzKuY1az908f+Fnwf8D/AAf8LyeHPhz4dsdNt4v3k01pD+9uv+2tdR/witj5Xn319L+9/d+bF/8Abar/ABP/AGwP2H/gz5kHiP4t6RfXkU3/AB6adZ+ZXyj8Uv8AgoH8UP2jfEP/AAhf7GHwY1aK3ig/4/JYs/8ALX/WyRj91FFWFTcKdOtLc+lvG3xI+HXw9sJL7xH4xsbGO1h/fed/yyr5f+IX7X/iP4yeI5PAHwC0+51uPzvLm1Dyf3VrFV74Y/8ABMvx/wDEa9i8d/tVePLy9wfNHh21mljii+svf/tl/wB/a+mvCvwN8D/DfQf+Ec8AeHLGxs7Wby/JtLPyvN/6a/8ATWpj/fOlYekjU/4I/wD7Md94k+Odv4q8f+Ze/wDCL2ct7psPk/uvtX+q83/0bX7AWejwWel+RDB5XlV8p/8ABLXwTY6d4S8SeI7jSvLvL/UoraaX/rlFL5UX/kWvri8hHlV9Ngaf7k7cKjn5ocRSfaIKks/+eFaE3keV5Hkf9dqr+T/zw/dR16BoXIbPEPkfu6k8nzpZIJ6IYf3sf/oqjzoIf3Hn/wCtrH2YEnk4/cZ82iaDyYvs85qSz/1Uk/8A5GqOeL/lvmtKZoU5osy/v6/Pz/guX/wUAH7EmofC+38PaBa6rqGqDVJNS0mab/lw8218qX/rr5vm/wDfqWvt/wCMHxO8HfB/4fah8TfGOqRW2n2EPmedLN/rf+eUUX/PWWWvyz8eeMPhX+1/F4k/aM/ao8K6Bc6fqk11Ho8OoeVcy6Xo0X7qL7N+9/dfvZYv3v8A11lr0o5NWzSj7M2p07UfaGH8LP8Agtv+x1480aOw+LcOpaBcS+V50V3pvmRf9/YvNr0iHR/2GP2tP+RA+LfhvW5Lr/llFN5dz/36/wDjVfInjn/gkP4A8Q6pZ6F8PtN1bRdY1Oby9N0/+0v7Siv/APplbf8APWX/AJ6/vf8AtlXgXxw/YG+OX7JF9cXfjfQ9WsdHtz5n/CT2FpLJa/8AXLzf+ev/AFyr5fHcIY6jLlR58MXSm+Rn0J4W8VeI/FcUljfWNzpGoReV9stJpv3vlS1qeTBDFnH2mT/nrND5n/bKvP8A9nvxJ448bS6x8TfEdtbR/wBvTRfY4of+eUXm/wDx2vVIfImi/cfva+SqU/ZnUU4rz975E/lxSf8ATapLyzn8qPyIKjmmv5vL/svw5J5kU37m7m/1UX/x2ozpmrTfuL7xV5Ukv/LKGz8qL/7bRTpmZJZzwbo/t1jFHJL/AKn/AJayy/8A2qtzQf8Aj58+x/e/89ov+esVcfrGj+I9MMk/9lRX0cX/AC10mbyrr/v1LR4Phgmuo9c/4TG58yKb/j0u4f8AVV0mZ6x5JltfPg8z/ptXB+JLz/hA7v7RPpH+hy/8fksP/LL/AJa+bXpGgabY6lax3324/vf9TNUkP7PfjD9oqS4+HPwy+zf2hdQ/vtRl/wCPWwi/56y/9Mv/AEbWlKLxErGX8Uy/hXpniP4//EGP4LfCu/ij1CLTftviTW5YZZIvDlhL/wAtZYv+Wsssv+qi/wDaUVe2a9/wTf0Twf4Xt9K+BHxOvraSL/j8i1uH/kKXX/LW6lli/exf9+q9k/ZX/ZX+GX7Ivwq/4Vl8MvNvri/m+0+KvE+of8fWvX//AD1l/wDaUX/LKu8s7Pyb/wDfmXy6+oweS0VS/eHt4LLoVaP70/PPxtpviP4b+LbjwP8AE397qFhN5c00372KWL/llLFR5MH2Xz7ExSRxfvPNhm/1tffHx+/Zd8AftRfD7/hD/Edj9m1C1/eaPrkX/H1YS/8ATKX/ANpV+bfx40f40fsi+I7fwB8W/Cv2m487/iW6taeb5V/F/wA9Yv8AyF+6rgzHKvq9P2lP4TysTgqmFZ1F5eT+d5E8H7yL/XVX1iGxvPs/+g/6qH/ljXmdp+1z8Mf9I0rxVfXOm3HnfvvtdnW5oPx++Emry3FjofjGxuY/J8yH/TP/AI7XhHMdhMTeWscHkReZ/wAsZvO/1tV9e0ex177GfI8u4879z+5qn/bGh69pUd94V1X7bcRf66aHyvKl/wA+VXlf7RXxP+NPwYsNL+Jv9h20vh+LWIotY/5ay+V/7S//AHVXThzVSf4p6x/wjc9nL58EHmf8s/8Anp/n/W1oedcfu4L7zfL/AOWM3nVqQ+MPCvjbwFo/iPQ9Vsrmzv4YpIZof+WsX+tqObTdDs4vOGq/8sfMhl8791LFWnJIxOD8K+JP+FDftdeG/ip5En9l+N4ZfCniq0h/dRfvf+PWX/v75VfQmpaDOfL1We+too/+W3k+bF5VfMf7S40OHwRHY2N9fS6xLqVrJ4btIv8AW/aopfN/df8AXKvbLP4na5e6X5E8Ev8Az0rnxJvSOom8SQaDL5HkeXJ50Xk/6qvK/wBuHw/c/tDfArXPAen6FbXNxcw/adNlm/1kV1F/00rcn8STym3+3QReZ+9k86H/AD+9oh8izuo5zYxS/wDPGb/tlWM/hGfkV8NvAt/4r+OWgfCnxWJ7RtV8VWulXv8Az0iMt1FFJ/Ov7efgv4L8K+BPh3ofhTwt4cttM07S9NistMsLSHy4rS1i/dRRR1/J9+3T+yzq2nal/wANQ/Ca8NrqWkeVqF6YmIkHly/upo/+mmQD+FfvD/wTn/4LO/C79pv4EeEPEmuWs41C70a1i1L7JNF/ot/FF5VzFLH/ANdf/IXlVvTiqsDTnPsv9obx34l+Cvwu1v4ieDdMXVZdJ0+5vRoV3fi3+3yCKTy4Y5ZeIsy+XXxp+xF8M/2/vjT8cZ/2nP2r/ilr9hpev6bKH+FmgXsttpmmRSxRfZrTzf8Apl+982WL97LL5X+qi/dS/H3/AAcNf8FAPiN4Y/bK+GfwU8KeJJP+ETuodGvYLS0/5err+1YpZfN/79V+3uhfYbPwvb3H+qj8nzP3VebiMPVhV/unbSxVP2fLy6nyF+2D8Q/2u/2Ddel/ae8H65c/Ej4N2GD47+HN1aRf2xoNqDmTVbG5H+uEX/PGXr/5Fi+nfDfxr8J/EX4FWfx8+E9+fE+iap4c/tnQZNLAP9qRSRebF5Xmeo/z2r8xP29f+Di34daPr/jT4S/sa/Cr/hZFx4Xsz/b2sah5v2COKKbyrn91/wAtYv8AprXon7AX7Rfwk+Cf7O8HjD9m7xHJdfBjxjZy694P8Pagcy+EpZf3t1pX/XKKXzf+uX72tI1ZUXp8JVlVpnyl/wAFGv247fwz478N/wDBRf4EXFtfeH9L17zPHnhO08q5ll+1RRRRXUUssX7q6i+zRRS/9sv+mvm/D/7S3/BeH/gpB+1bevonwK0KXwT4dz+7i0LRvt99KP8AVfvbmWOTyv8AtlHFX0Z/wVc0f4c/Af8AaW/4Wb+z1odtZeD/AIjaPYad4q0OKb7Tay399dah/pUX/PKX/iWReb/11/6a1l6n8PYPhvNb+DtWg/0iKzik/wCeXmxV6U+SrFT5Ty69WeDcYr7R+a1z+y/+118ZNdl8UeP49Rv73UJ/Mu9T8RakZJpJf+mnmnzK9K8Ff8E1/DunRx33xG8cSXMnfT7SHyzX1/qXjD7HpcnkQf8ATPyq4f8A4SrSvt/kaHB/a2oS/wCpitJv3X/bWWpjUjDY5/rFaoZHwt+HXhD4Kx/afAnwz0TTpf8AoI3nmyy11epeNviprPlwaV44ksf+mukwxeVVjTNN1Wz/AOJr4j0q2luP9X5X2z91FFVyee/vJvOn8q2j/wCnSHyoql4ishezpPc4fxJ4D8f+KovPvvib4tkk/wCe39pSxxf+Qq8P+OPwH8Zaba/8JVB8RtX037BD9pmu7vUpa+qP+Ep8n9xcat+8l/dwxfva5j4i/BLUvjy9lpPjm7vodEsp/Nu9L0yLnUz/ANNJf+eVZxc/ae+XHlvsfF37Nf7KniT9qHx/JPGl9LoFvPIdR1mX/WXMmP8AVR+9fqR8AfgbYfA74dWeiaF4cttNt4v9dDaQ+X/39/56y1X+GHg+DwroNvpXg7w5Hptna2flw2kUPl+VF/0yirY1LxtrsNhHpN9+8+1TReT/ANda0Osz/GHirXJrryYNWlit4pv9dFDWp4b1jyIrfz/+Pi1/efa4q5/UrzQ/7Us9Dnn8q3i/dw3cv7rzf+utdJ/YM+m/6drkEUtn5P8AocVp/qqDM+wP+Ccnxa8KeTqHwk1bXLGLVPO+02cPneXLLF/nyq+vORa/89a/HuDxr4O+Fd3H4/nv7ay+wTfubu7m/dRf9ta9U8H/APBwj8OfDUX9leOPB1z4gjimitvO8JwyyXUv/bKX91L/AN/a+ky3HUnS9mdFL90fo5eTbfMOP3kVR6d++ixOa5f4P/GzwB+0L8L9D+Lfwr1X7bo/iPTYr2GaaHy5f3v/ACyli/5612EMEBtfINe4dAeb+58mD97UktnPNFz5f7qo/tn7r9xUd5rEEVr/AK+OL9zSo0W2C97YJryaGLzx5UX/ACzh8n/Wy1w/x5+OngD9nvwnJ8Rfib4wsra3i02XydPl/ey3UsUXm/6NbRfvZZa8n/ao/b28D/CCaTwP8Mrqy8UePPJ/5B8N55sVh/z1luf3sUUXlf63yvN8391Xwv8AGrxh8RvjN481D4xWN9LbaxF9ltv+Eyhh/dWEXlRebFY/a/KiiiiliiuvtX+t8ryv9bXv4HKXU9+Z30sDVqnWfHnxh8QP2tIrn4t/tJ+Kbn4QfD+ws/tOj6dqH/H1FF/z9W0X+qu76WL/AL9RV8mfGmy/Zy8UfG6P4Rfs8eMtYtvDVhpET+NdSvBHHbTaXai1lM0UsvHmyfZhF+6/dfu5K9rn/Z18RePL+PSvhXpVt4t8SeKJpf7S8WeIbP7TY/uv+XqLzf3t35Uv/bKvFPj/APsxyaF4w8UfDb4PWunazNoHhXQf+E78K6rpH72/1SK1ii837V/118391FLXpTq1MJiqdKl9o0pYGtGr7ORv/Cv4l/E3wT4wl8R/B3wdFfRxCK5hsvDM0tza2F15UUX2r7dd+bdS/wDLWKX7L/qvN/5ZS10viX446jIunv8AGP4TfFG00XVJ7rTtS0TVWl1bSLq1ll/0n7L5sX/LWWT/AJZf62vCvBvwM8GtrS+HdU+BGiHXbWHzZ7Dwf8Rrq2uo/wDtndy+Uf8AtlLXuPwt8V6X8B/Bdv8AEOTxf421BZprq9lsrPxVLc21tpdtF9vtftNrdeV5Xm+X/rf3tfY0XCVOHtqZ69LBYWirVIL5nLfYtK8H6f5FvDF9jsIf3377y4oooqy/tk3ja6jM/wDaVlpf+q/0T939q/8AjUVU/Emmz3niy3n8VQRS6H/yxtIv9V5v/TX/AJ611k15Y/u4LieK5s5Zv3N3/wBNf+WVfyrSPl6gfbIPDctv/wAIrcf6H53lzeT/AMev/TLyq1IZv7Stft99ZeXXF69/bmvXUn/CAWP2az/1epXc3/HtL/1yrrNH+3TWub7/AJZVqcpHqV5PD5nkfu5Jax9Y00Xt15/7y2k/56ww1qanNP8Aa/PMFSTTeTLH/wA84of3P/PKtALHgnxVfeG/M/tzzfs//PH/AFdfoB+yX4VsfCvwM0++gsfKvPFEP9rXkv8A0yl/49Yv+2UXlf8AbXza/OPxhrNhD4L1ieefy7eKz+0/9sov3tfqB8AbOxn+A/guaxn8y3/4RWw/9JYq9bKKX+0nTgvY+2Ow8nybD9xBVf8AcTRf6irk37j9xmjyf+eEFfZHvmx4cvZ7OWO3nrl/2nP2e/A/7UXw0uPA/jGw/eed9p03UYf9bYXX/PWKuks4vOlj/fxeZR4k+LXwd+G9/JofxG+MXhLw3qEUMUk2na54ktba5ii/65Sy+bSxToew5apnifY+x/eH5H/H79kTxl4P8R6ppXirw5bXN5azeX5stnF/pUX/AD1ilryPUvhJ8D9Slj0rxHpUWm6h/qofKh+xS/8AkL/W19yf8FGv+Con7E3g+wuPCvhzVbb4keIJZvLs7Tw9/qv+eUUvm18H6PZ+P/2kNUt/GXjHw3HptvFD++060r4XEwo0q37s+T09sXPgz+z34V0b4g/8LN8OeKtS1L7LN5dnNNN+6l/66/8APWvoC8s4fFXhySw12xtrmzuofLvLSaH91LXP+FdBg0fT7fSoLfy7eL935MVbFlqUE3l/6yL/AFv/AH9rhlU9/nA8nH7H+q+D5ZP+FO/E3UvD9nLN5k2ied5tr/2y/wCWsVdJ4l+GPxGmlkn/AOFxa/HH5MUUNpaQ2stt5UX/ACy/1VegecIYvKsZ5fL/ANZUh01Zh5889z5f+r/65U/rFT+YVSnznF+D/BNj4bij1WfSftOsRQ/vru7h/e1uaRqU82sf6dB/o8X/AE2/1VbE8MH+jnz/ALT5X/bKWsPU4bgfaL6wXzY/+W1ZTqVKnxDNyb7DeRfuL/8Adxf8tYq2Ibz7HDHPDBJ+9h/fed/y1rn9Hs76a6j/ANVH/wBMf+Wv/TKrmozTw2tvYz39t5nnS+d+582Lzag0MvxtDBr2g6hBY/ZpfNs5Y/3sMX+q/wCmsVfKGv8A7Snw4/Yh8XPYfCf4eeKdG1y50eKSbUfD3i+KPTb+TH+tlsbu1uo/9YOlfS+sabfWX7hb7zY7r/ll50sVfLH7cHwVuPFvhmLxXoWlyy3Gl+b+9hh/1sVb06nszM+efjf+1R8dP2iPiTF8UPi78RrnV9WtTELSYRR28duIv9X5UUQEcXT/AJZgV/YV/wAEzv2sPDX7XX7E/wAP/ifHrcd5qGqeDrC41MS/6ySXyvKl8z/trHLF+FfxXG3wcZr73/4JG/8ABYnxz+wDeP4D8WazqcvhCUTS6d9jl8z+y5ZP9b+6/wCWscnp/wA9MGs8XSnVgpQOuna5+yPxs/4Jg/sk/sl/Bb44ftX6Vofm+MPFvhvxRbQyzTf6Na2t15v2WKKL/rl5Vfin+yB+1R+1H4J/Zu1j4H/Cuxi1LR7rUpfscMsMsn/LLzbqX/W/uoooovNll/5ZV65/wVZ/4L0/EP8AbH8Ep8BfgnrQi8OXUQGr31pZy232rP8Ay7Rxy/vMdPz/AC8B/Y9/Z4+MnjXw3Jouvvq+neHL8B7zTrXzfNv4RIJBFJ/zyi83ypf+mtZ0qcpUv3kRuSpfAfV37Cv7Pfhz4n6p4Tvv2ofEcfiDWLCGXWv+Eeu/EnmRWHm+V9hil/e/62LzbmXyv+mv7397Xzr/AMFn/wBoC9+IH7bOofDH4aX9wLLwlptroE62sv8Ax+3/AO9luj/39uZYv+2VfVWgfDf47fCXQZJfgf4xsvBuueT5dnqF3oNrey/9spZYv3X/AGyrhPgf+xL4S+FF0/jfxZDLr/i+5mludR8S6ifNkkll/wBb/wBcv/Rv72u2NXmXszia5nzyOD/Zy+BGtab8J9E8K+Lr3V5LqLzb3UfK/wBV5ssv+q83/P8Ay1r2fR9HsfCtrILG3/6Z/voa6T+2INBP2GDzP3X7uGK0hrP1L7drEscE/lRyf88YYf8A0bWVTYg5/Upp7zVPs7fvZP8Alt5P+q82pNSvP7NsP7Vnsf8AVf6n/nrWxNDY2cUnkQf9tv8AWV43Z/FmD4h/tD2fwy8D+I7b7HpcP2nWNR87zP8At1i/6a06a0A9U+Hvw31X/kY/FXm/aLr/AFMP/PKL/nlXaabBBo8slvB5scf/AF2lqxZi4s7X+yoL77Tb+T5kM3+sqxNpsFvF59wZY5PJomKkaFn4w866j0rVfL/e/wDLX/lrLWfqX/E48UR6VDP/AMesP/LL/W1534217VbPWf3EFzLJF+8hhtP9bXongPUoNY/4mtjb/wCj3X7y8u5of3UX/TL97QvYmp0H9g6VeWvkapZ/aY/J8vzf+Wteb/tCfEL4m+A9P0P4ZfCPw5/a95r00v2PUNRm/wBBtYoov+Xn/v7XrE2sQ6aJJ5v3X/Pb/Vf+Ra4P4qf2H4luo/7DvrbzIv3k0sM372182tAPI4fhL8OYdUj1z40eOrnxb4gl/eeV5P7qKL/p2sYv9VF/01lrtNH0bwb4VurjXLDwp/pHk+XDaReV5VrFUeg6PoemeY3hyCK2jl/eTXdp/rZf+msv/PWpLyaCGWTM8ksn/PWab97XN9Zt/DOinSPQPBP7V3x3+DOlRz/CzVdEsrO1/wCXTyZZIv8Av1L/AKr/ALZeVXsnhv8A4LPfEbQYrOD4qfAjTb3/AJ7XfhPUpYv/ACFd/wDx2vlOC98+WQfZ/wDrt++8yK1/+21Hd/b5vLg/0m2jl/eTebN5flV3Us2xFP7R0H6cfD3/AIKffsZ+Mf8AQdV+I1z4fuJf3nk+J9Hurb/yL/qq8/8Aid8ePib+1R4X1DSvg34/03wd4XuvNj/tbyftOuX8X/PWLypYotPi/wCustfA81n51pJcTiT97/qYvtn+q/dVX02HXPB9/wDbvAF9c6bJ/wBQmaW2l/8AIVe1geJFSq81SJ1YWdGlW55nsmm/ssQaFoOqeFdD1yTVrOW8i8mLUfDflfarqX91F+9l/e/av3v/ADylirQ8E6P4cm1mTXIYI5JItYlttN1HXNY/ta6i8ryovNsbHyvKi/exfuq4P4Y/tFfFvweZJ9Vh03VreKGXyZtR/dXXm/8ALKX7T5X+fNr3L4OftD/ALw58IZF8R+GY7DWLXR/LvNP1X/j2upYv3vlRSxf8spf9VX6Bl3EmXYiPxcp9Zhsbg5FrxJ4x0P4eaXJfW9jLqWsX/wC70271HWP+WX2qKL7VL5X+qi+1S/6qL/W/Za+c/id+zHpXw3+BfgufwPB4b1/xZ4y8SX9zqWuajD9p/tT/AEX7VFFLbXfm2tp/ra4P4tfFr9pr42fEHVLfXPA2pR29/eS20Oo6fN9mtrWw/wBb9lii8qXzf+Wv+t/6a1peLPil8dfB1pb6N4SgtpdF0uGw+yw+J5IrmKJ5bXyr6K2tovK8r915f7qKX97WMc/yx5reUttjOvi8PCt7Tsei+A7z4keE9C0/wj4g+GvwvuI4ofNs9M8TTRfYf+3a50q1i+yf9cpZa7L9o/4n/wBk/sO+NvF/inwv8OvDC674c13QdJ1a10O+tbm6+zaXdRfZT53+tk/eeV50fH72L/nrXk3wm+MWq6v4U8P3fhn9lDx1r2lzfarf+xRptrc2Nh5UUsXm20WnxXV1af8AfqX/AKZeVXkf/BS7xz8TfGvwBt/COo63c6B4b8HTWsum/DjxDNf/ANp2vmy+V+6+16Va+bbf63/lrLX0ed5hBYJV6Ezmx+OwtbD80JanoE1npU0X9lfYYvL/ANXNWXN4Vn0eWT+yoLaTS5f9dp01bk0VgTGf3n7qrkMMEMvkT/6yv5xpngVTHh8SWOvaN59x/wAuv/LpD+7/AO2VSC886OTNjH/0x/c1c17QYNXtfPsT5UkX+p8r/lr/ANdax/DepT6xYSQXHlx3Fh+7m/65V1Hm+z9kSTXsF5DHB/qv+uNWJrKCG6jt54PM8qj+zB9v/cf+Qf3dZ/irXtD0HRrjVdc/0a3tYfMmmln/ANVFWhmeX/tY3+seIvC+n/BD4c2Mtz4g8d6xa6VpunRf89fNi/dV+tvwTvPB3w38G6H8MtW8f6b5mg6Da2X/AB+eVLdeVFFF5vlf9sq/NP8A4JfeBrn9oL9pjWf2pvFFjL/Y/gmzlsvB8Uv+qiurrzYvN/7ZReZ/39i/55V+h+peCPDniu1jsfEehx33+q8mab/Wxf8AbWvusiy29H2kz6jJ8qdah7Q9ohvLfXovPsbjzY/+WNSQzetv/qq+e9H03xV8Br/+1fB1xfXOj+d/pmnf63yoq9s+G/jbw58SNGj1XQ5/+u0M3+tir2/Zqkeh9W9lpMp/FTUvEfh3w5b654VsftNxpfiTS9Rm07/n6tYrqKW6i/7axebX5V/8HL/7NPg/4Mftl6f+1b8Hm2eG/jTpEupeVB/y66za+VFff9/YpbaX/trLX7AfuP3kHkfu68D/AOClP7HFt+2N+xt4v+D9lZka/YQnxF4FMgiJh1O24Nr5mR5X2qH91jv+6l/5ZV5mbYGOIpe0R52a4b2lHnifin+x/wDs66r8QpZPiN4qMv2eWb9z50P+tr7c0HQYfCmg+RYz+ZHF/wAtvJri/wBl3R9DvPgZ4bvoIJLG4/s37NeWnk+VLFLF+6/1VemQw6VZy/6bPJJ+5/c+T+7r89rSlSqWPlDPis/7SlkvZ/3cf/Lbyv8AVVJNpv737CPK/wC20NaE1nBZ/uLAy+Z/02rPXz5r7Nj/AMsv3nk/89a5zQP+PO6jzBH/APHakmvP9F8iCDy/N/5ZQ0WhnntfIng8uSiaaCz1Dz//AEdQBHNL9j8y+8jzPN/7Z1j6Peat4wlk1TwrZf8AEvi/5a6hD/rZf+mVZfxm1iDSPBusX0H/ACy039zD/n/llXaaCZ9N8CWeL6OP/Q4v3MMPleVF/wBNZaxxNWrT+A6cFho1Z/vDg/G3xavvg/qnkeOLH+zZJf3cN3aQy3MXlS/9df8AVV2Fnr1jr2l288EEV9HFD+586H/llWf8SPBNn4k8L3lj4jsfKk1SHy4fN/1sX/PL/wCO14v/AG74q+Btt9ov9DubnQ7qb/iZQ6d+8l0u6/5ZXUX/AEy/6ZVFKp7Q7MTgkqPNRPeNeg0qGW4gvrGKLyv3fk/62Ksuz+HGq/Ej7RY+FfDkupR2vlRzTRfuoov+/tXP2M/h7P8AtaePNQ1yfVf+KP0uzik/cwyxy6pdfupZbX/pl5Xm/vf8+V9mfDf4S+TF9h0OCKyt/O/c2kUP7quub5EcGGw1Tk/en5z+Av8Agjf8JFeTXfipq2v3N5LN5n2S0h8qKKvVbv8A4IdfsOXOlp4x1PUNcsRdjfFpMOv/AOrH/kX/ANG19t3ng/xjoMslv58kcn+s/wBdWPeeFdbmv+ILa2uPJ/feTN/razp4yR0VKEPsHyn4F/4Jh/s+fs++KZNc+Hnhayv5PJ8vzbu8+03P/TXyvN/df+Ra7ibxJY/D2w1T7d4HvtI0/Qf3s2o2mjxXMUsX/PX91L5v/kKvWNS8N+ItHh/caTLLb/8APp53+q/65Vz95NbazayQwebbeb+7mtJf8/vau92ZfVHUPC9B/ao+FfxCuo9D8HeKoorj97HDaah+7/7ZRV0GpwT3l1JBfz+ZbxVT/aK/Zj+GXxni+332lR+G9Y87/Q/E+k2fmxf9MvtMUX+f+mtU/gDDB4J8ZXHgD44QXNzrEUP/ABLftc37rypZf9bF/wA9Yv8AprW3s/5DL6tUj8ZX8VeG9KhljvvPuba4/wCmU3mfva4/4keKtD0G1knvtVji8r/XXfneVFF/11r1z4zeCL7xhFcT6V9m02SX/U3c03+q/wC2UVeFw/sH6F4w1WTxV+0H44vvFtvFN5dnpNpN9msbX/tlF/raZw+zOD03XvGX7WniiTwd8M76503wfpflW+veLP8AVyyxf88rb/47W54k8beAP2ddG/4VX+z14AudS1TzoraH7JD/AKNLdS/6r7Tc/wDbKWWvePDnwx8D+DtLt/Cuh2Plafa/6nToYf8ARov+2UVc3+0JpEF54DuL6Cx/0jS4ftNnFafuvKliropVDb2H7s8r0eH4t+D7WPVfHHxbttS1Tyf32n6fZxfZopZa0P8AhKvH8119uuPGMUUfnf8ALKH/AFtZ/hWDStT0a31Wx1T7Tb3UPmfvf9b/ANtasQ+G5xdfuILnzIppf3MM1c/OaGpD4x8Y+FU1C+0O+1f+1Lr93532O1ufN/55f88q6T4A/GbxVr3ij/hWPjCxtovFn2P7TNdxQ+XFdfvf+WX+t8quT1LUxDfx29wPNj87zIfOhi/1tZesnVrPxd4X+Kmhy+Ze6XqXlzf89fK/1X73/v7VfvBeyR7h8WvG3/Ct9BuPEeq30stnYQ+X5P73zZZf+WUXlV85/D3xv4j1/Wbi41z4Sa/qVvLeeZ/aN34k8qWXzf8Atl5UsVemfH7WPip4w8vQ/FWlabY2f2yKKHUbSH97/wBdZa5vR7KeGL+yoDL+6/13m/vfK/e//aqwVS7NYr+Q7zR/Hfg77fH4bn8G6tZfb5v+QhdzWvlf+Qpaj8S6PpWLe+sT9tt/9XD537qLzYq4u0E+v6/Hfi+/4l+l3n77/prL/wA8q7DV9S1ya1jgsTH+6m8yGKWH91WNSjCM/cOmnUtRMu0h86KOf7DbR/8APnD9jij/AO2v/TKtTTYbExcz/ZvNm/54+VF/11/661n6PPf+KvDlnrmleHLmP7VD++l+2Rfupf8AplUhvJ9N1S30qC3/AHkUP7m0u/8AWxf5/wC2tIKRYvBB9quIIIP3n+rmi8797/z1o/1H+v8A9G8r/lrN+78r/v7/AO0quaPZaUNP/wBR5XlQyyfvZopYov8Atl5VSTQ2OjxXF9P5VtHFD5k3+hxRSxRf9cv+WsstBZn6xNBnz576O2t4poo/3MP73/rlFF/21/661Xn00eK7q41XXdK+zXEvleTaf63yv+utV5rPXJr/APtXVdDubbyof9Di877T9lil/wDbr/tlVyaS+s4vs/7qOOL93++82X/41+6i/wCmtbxrOkdB1mm+K77R7rz7G+8ryv3X7n/VfvYpYv3VYfjzTdK8bWul2M9je23lTXXkzQ3kUssUv7r975X+f9VRDeQWUUl95EX+pikh86Hy5fK/8ixebLVPxheLZ3Vnod99m8y10e6jvPO1jy/3svlf8tfsvlRSxf8ATWvTyxU62ZQkzuwfLOryVD3P9ljx34b8V/Daz+Fnj/xTqUdnFDLHpuo+GPEkumxazF/rf3ssUsVrLdRf88rqX/Vf6r/nlXnv/BaT9mb4beHPg94V/aT0z4jTz2bSWumxWWoWn73VIv8AnrbS+V+98ryv3v8Azyll/wBbL/rZeS+GF3rnhfVLfxVpP23975UX9uWmj3UkXm/8svK8q1ll83/rwuopf+eX7391L9CftUeEb/42/sH/ABG0248MS+OvEkWhy3OpSeGdSsI7HRvsvm3/ANqltrqK1vpbn/nrL5Ussv8Aqv3v72v1bFYaOJw8YReh14rLcNvTPj/TfEfiP4V3Udj4/vpdW0//AFkOrRWfly2v/XWL/wBq13FnqVjr2l2+qaTfR31v5Pmfa4pv3VU/G3w21z4hapZ+MfDd9Hpslr5sf/Ewh82K6tf+msVWPAfwTg8IRaxcaprn2m41nUorm8htIfs0UX7ryvKiir8TPOxMKFueHxGhDZQAeRfTyxR/88v+etYfjDTtK8K2v/CcWM8vmRfu9Shi/wCeVegf2doejxSXE89tYx/62aWXyo6r6l4w8K/YJLDwr4VudXklhl867h/1Xlf9tf8AW0qZ5lSbmcfeaxY6bpf9uT30cUf+smmmm8uKKKvm/wAYa744/bB+KOn/ALPXwIP2m3v7yX+0rv8A1Vt5UX/LWX/p1irodS+B19q8kqfH74lajpPhuwMsem6BaalL5V1a/wDPWXyvNl/5axRV9Z/sE/su+Fvgb4N1DxHB4Hi0nUPFE3m+TL5v2qKwi/49YpfN/wC/sv8A11/6ZV9BkmC+u1zTLcBWxeKPfP2afgb4O+APwg0P4SeAP+Qfo1n++u5Yf3t/dS/626l/6616JD/rfPgrD0G8HlfYf+etbkP7qv0nDU/Yw9mfpFHDfVKPs4GxZTecPI8+uX8VeMP+FPy3Hj+eeOx0+1hijmhh/wCWv/bL/lrXSQwww+XVPxh4O8NfEPRrzwr4jsfNs7qzljmrrhSpMwq0vaUT1D4b69ofxC8L2fiPRJvNt7qHzPN8nyq6iHQDND+4n/d18X/BP4M/FT9mn4tWc9j8W/FupeF4pvs2m6dDNFJa2sX/ADyuYpf/AGlX1p8Mfi1qvirS9Q0P/hHLa58UWFndSQ6TNDLY211L/wAsv3svm/62vKr05wPDrc0KXvwPmf8Aa6/YJ/sfRtc+NPwWsY/tHnS6tr2kw/8AL1/z1li/6a/+ja+T9H1K+8QWsdxBYxSfufM87/41XtWpf8F5bs/DbR5fiV+xn4Ws9UtfFV1oPxCi8QzS3sWl3UUvlSxRWvlf88v+esv/AGyr59s/jB4V+JvxM8ca58K4LaPwvL4quv7B+yWflRfZf3X/ACy/5ZRf9Mv+WVfnedQpvE3gfJYqdGcuamdAPI+wcTy+Z/0x/wCeVSeTYQy/6+Xiqf8Arpvs/wBh/d/8tvN/d1J/yDZY/I/54/8ALavJOYNemgsoo5/Pkiki/wBd5tY+sXf2yw3bP+WP+uimrQ1ib+0oo5/sMUvlTf6qKvF9H/ao0O3+K2qfCPxjYxWUkV5+58391FdRf8sqAPQNZm/tnw3JY3Gk+bJdQ+XD5372o/gZ8VJ/GHhKPwB5Ev8AanheaW21Lzv+mX+ql/8AItamsal/wkn/ABNfDk/7v/WXmoRQ/wCtlrl/+FM58ZR+P4NcvrbUJYfs3m6dN5fmxf6397/z1/5Zf9+qj2XPA6MNiFTqHuHw3+A+qeI9ek/tWe2tvKs/tN5qOo/88v3X72X/AFv/AD1iqx+0X8Mf2evg/wDC/VPH/wATfjRHbafYf66HTtN82XWZf+WVrbRS+V/ra8T8YeKv2y9Buri++GfirSLm38ny5v7R0eKX/wC1f+Qq+G/2pr349ePviPqmufFK41/xJqn9oS3P9o3EfmReV/1zi/1X+rrqpYahFG1TFf8APs/Uz9gP9uT4deD9L8SQfCuDRLn/AIRzWJba81DTof8Aj/tZZf8AW+b/AMsopf8A2lX0hrP7bPwd8Va9cX1j5mm6hFN/x9w/uvtX/XWv5yLLxhrWgapBrHhzUP7NuoovvWcksdbqftKfG/yvIPxDvzH/ANNGrnq4a5pHEU38Z/Qt43/4KBfB7Tb/AOzT+MbG5t/+W03nf6391Rpv7Zv7JOsRfv8Axxonmf6yaL7Hdfuv/IVfzvQftA/GAT+c3ji+mk/6atv/AJ1Quvin4/um/f8AjLU/pDeyJWf1I0+s0T+jyH9qL9mX7V9gPxN0iSPzv9bND/5C/wBVVPxJ8XP2SdYikuP+E/0T/rr9j/1X72v5vpvGHiy4P7/xLfSfW7kP9a1vh9o/xC8eeK7Hwr4QuL+XUL+YRW6wyyZ/St6eFkzN4mkj+gfx58DfCvjbw5eD4SfHjRNSs4rP7TeWk155flRRf8tfN/1UX7r/AJ61892fhXx/4wl/svxH4jk/4RvQdYik8KzXcPlS+V5Uvm/9spfNi/dV4/8As4eL/gt8ANKsx8Vf2pI9bjutHis7zQvFk0ttLo11+6/5dpf+WX/LLzf3v/XWvoSb48/DnxtbSf2H4jtvtEX/AD6fvfNi/wCWUsXlf5/dV01MPWonNXxPtKfIRzf8Se6/fz219H5P76KbyovNi/560WepfY5ZLHVf3lvL+8hmi/1VR6lDpN5YW8H+m/aIof8AllN/qv8ArlR4Uh0r7VJZX2q+bbxQ+Z/on+t/79VgcxcvbOezHnmCWSP/AJYyy/8AXWvN/iF8Q/B2veZ8P9D8R6RJrksP7nSftn7397Xh/wC0J8TvH/7SN/rmieAPEf8AZvgu11L7F9rtIfN/tm6i/wCeX/TKL/7bXcfA3xJ8OYfFuh+HND8HWPijVPC+g+VqXj2byv8Aj/8AK/dRRS/8tZf+2tafB8JrGNqfvHi/wx8Ya58N/i/qnwd8cQRaJeWvm/2b5s0vlf8ATXyvN/7+17prOpWP2GOf7Ppskf2PzfJhm/1VcP8AtFfso/8ACzpbzxzPqt7J4klmlubPUfO/1X/PKL/nlXlfg/4/X/giKz+HPxG83Tbz/Vf2hLD/AK3yv3X/ALVrL+KI9c1jXfOv/PH+s/57S/5/e/va1NHu77Xhb6UJ5ZZPtkX+th/1UX/f3zf+WVc39jP9l3Hiqe+ii/fRfuYf+WsUv+t/65VXn8Sar5VxpXha+tv+Eg1mzl/seKa8/dWv+qill83/AJ6/8tfKpmX8Q6DXviH4/wDiR43uPDmlQXOpW+jTeXDLDD/qrr97/rf+2X/pVXQWc1/DFH4O8DwfbriKb/iceJ7uHzLW1l/5a+V/z1lrH+HHwB8ZadoMcHjG+to4/wDV/wBn6TNL5Uv/AE1ll/1sssv+f+mXpGm+D9K0e1jsYIPLjih/cxQw/uv+2Vc5rz8hn2cMGj2EdjY2Mkdva/6mKabzJf8ArrLL/wAtZaualNfabFJfT/uo4oZZJv3NakOm6VZ/8sPK8395+5/dVz/xUvftejf8I5oc8csmqTeXND/zyi/5a/5/6a0GkfeJPhv4kvv+EN0+Cxg8qOKH7T/pc3/fr/llWoJoLy/k/taxi/551T02af8As+OCA+V+5ij8r/nlFVwTeTdSZEUUnnS+T/5FrGpUOr+EXP8AhEINTijt9Kvv+WPmTQzf+iqx7yy1WbVP+JrpX+j6X+8h83/n6/56/wCf9VRrHiTyRJY+HPM+2f8ALH/plF/z1lrUP9lf2NGJtVuba4imi87995sX/PWj2dT7BrGjUqQ5zPs5/wB1j7RL/rvM8mabzKr6jDB5sgMEcf8AqvO/c/582tybw3P/AKPBBfW0sksPmf67y5ap6b4b1WcSX8Hhu5/13+uu/wDRoov+2stZe9zai5+Ur2cM80X2GAfvJZv337n/AD/39rY+Hnxyg+Bmq654yt/Eccflab9mvLSGbzLmK6i/e1j6/wCG572K3n/4SP7NJL/o3k6dD5X/AGy83/trUem/8Irr0VxP/wAK5lljlvPtPneTFJ5td2GqVqNbngEK0UzL8d67qt58Rrz4m/E3xx4f8U65rPmx6lNafZZL6wi8r/VW3/TL/ll/5Fr2j4IftveJtS+AWtfCHxdpGjeG4rGXXdN8IR6LdyyxzWlzpd3Fai6ji82L7T5ssfm3X+tlz+9rze8HhzU7rz4LG9tv+e3kwy/63/P/AC1osfBPwz1gyX/iO+02+0+6m/4mVprdn9p/0Xyoopf+uX7qvqMFxDiIVoKr8J0/X38EoheeN/sfBgk/6YwxVl6lr3jHXv8AiVaHYyW3lTfvtR8n/Vf9/a5/wr4bvobu4g1zxxc3PlQxedFp/wDrZZf+utdpDZwQQ/YZ4ZfLih8uGGWaX91/39r4qmYHNw+CfDguvOuIP7SuP9ZNd6h+8lrY8qefzPPvpP8A2lLVjWPEvhXwrYSa54q1Wx023i/5bah/qvNrD0jxh4y8VS/afhl8PvK0u1/5i3iyGW2il/65Rf62X/rrS9panqTUO4+DPw30rxt8Sv8AhK9VsYrmPQYf+W3+q+3/APLL/v1+9/7ayxV9IaPps/8AqP8AWSf9Mq/Pfxh4IsdY8ZapP4r8Oab9o86KT/U/uv3sVYZ+Ffgezl+3QeFbHy/+mMNfZ5PntLCUIxjTPo8sx9LC0vgP1M0fw1qvm5EMvmS10EOj6v5X7+xli/7Y1+ResabcaP8AY4PDmq6lY+V/rvsl5LHWpZzeP4bWO+0n4xeMrbzf9T9k8SXUX/tWvfjxLS/kPT/t6H8p+ths5/J8ietCz0fzmj/9G1+S+m/Ej9qjTbr/AEH9qH4m/Z/+x2v5P/atfpZ+xDFrn/ChtHn+I3xU1vxJqGqWf23+0NcmiuZYvN/5Zeb5X+q/66162CzWGN+A5qea0atU9A8keb5EFdZZzX0NrHPYzy/aIv8AltD/AMsqx4fAeq6xLJ/Yfjj/AFX+uhms/KroPDem+OPCvE9lbXNv/rPOi8391/5Fr0wrVlV0PH/21fDX7Of7O37MnxQ+KPx++Dy3vg/xR4V/4n0On6b+9utZ+1WsVrL/ANfX72X97/0yr8S/Cn7cngD4e6NJpXhX/hJIvsvm/Y7TVtHtbnzf+ussUsX/AKKr+gj4/fA3Q/2nPgt4g+Dvji/ludP16zi87T7uaX7DLLay+ba/uv8All+9iir8q/FX7MfwI06/uNDv/groEV5YTSxzf8S2LzfN/wCutfn+e4ZU8RzHxmZUqdKp7hc8N+JD4q0q3voBJ5ktnFJ/qf8AplVi81Kea1jgng/641zepeJZ/Ad/HBPB5VvFN/rYoa6SG8sbu1txB5v/ADz/AHUNfLzPLA3kEPMEHl3H/Pavlv8A4KBeCb+BNP8Ai5pWlebJazfZryWKH/v1LX1ZeQr5sdxPBFH+5rP17R7HVtPksZ9KjubeWHy5rSb975tKn+7qmhwf7I2vaF8TvhpZ65BfebJ9jij/AHv73ypYq900zR4NHtf7QnPmf8s4Yv8Anr/01rx/9l34P6r8AT4g8m+tvsd/qUVzZ2kMPl/Zf8/+0q94mvYNSsLeeCDzJJYf+uUX/wBtrUzMea8gs5ZLGxgkit5f/ItU/EnhXw54q0aS3vtCtrmOX/nrDWh/YF/DdST6pPF5cU3lw+TD/wAta0IdCvYpfPgsPs3m/wCplu/3t1L/ANcoq0ND54+I/wCxJ+zf8R1jt9U8FHTLskGfW7S98qSXzP8Apl5VeceI/wDgkR8HbezjvdH/AGg9RtpJpf3NrLpsdz/8ar7On0GeG6kn0qCy8z/ltdzQy/uv+uv/ACyqvDZ65puu2+q33+mx/wDLGGX/ANpU/wCIB8O6X/wRU8davam/0z4w25iJ/dIdC/eH/wAi1r2n/BC3xTHbG61b492sWf8AU+ToJk8z/wAjV+i+m6lPDYR33hy+jubOX/llL+6li/56xf8AXWpJtSvhL/y1j/8ARVWHtEfmv4l/4JFy+CYrh7H4sxateRQ+ZY6dd6RNbRXMh/1Ykk7V0Pwg/aU+EOiXEek6P+yb4m0nxfo1nFZaxqvw4uIra5/5ZRf8fMX/ACy/dx/9Mv3Vff8AqOg33iT/AKaXHkyyeTN/z1r5f/ZA+Cn/AAqv4LR33irwr5fiTxHNdXviSWWH97FL5svlRf8AbL/47WlOdSk/cFTdNfxCuf2lodRtpP7c+B/xW1uP/V+d438K2t9LF/0ylli/5Zf9NaPg98K/B3g+/vPHGh6HY6bqmqfvLzw9oc3mWOjeb5Uvlf8AkL/P/LX0D/hG5/8AXwX2r3Mf/PpDN5VY/jD4n+K/Dd1HpXhzwrJHJ/yx/wBDil//AHVRXxlSr7kyf3J6BD9h0fS5P7V82LzYf+WsPlebXB+PNBsdYv7zStVNzbR+I7P7NNLDeSx+bF5X/TL/AK61z8Piv4jSw+f458cxaTJL/qf7P0yKX/v7LW54J1PQtS/07Sp5b64/1c0uozS+bL/39/8AaVc1OmTOoeD69+zf+0N4qtbP4Y2+t6TY+C9GvPK+1+HofKvrq1/55S/9Nf8Anr/z1r6A+HHg/wAHeD9Bt9D8OeG44rewh8uGG7h/exf+Qv8A97XYWf8Aodr9pg0OWLzf9dWP4w03VdBv5PH/AIc/eSRf8fkP/P1FWhruXD58E3kT2Mkkf+s/ffvfK/65f9+q8r+P3wB8EfFTwbcaH4x0PyvK82SG7ih/e2Ev/bKvYNN/sPxB4ct9dggilt5Yf+eP+q/6Zf8Ao2vG/wBrzxVff2XJ8MvCt9J/bGqQxed53+ttbX/lrWdL90ZnF/si/DG58IfD77R4p8R22vyfvbbTZZf9VFFFXoHjbwf4O8bWscGueG7G5+y/6nyYf3tr/wBNYpf+WVU/hjoOleFfCGn+G7HSpPLtYfL8r/lrWhealbwy+fbzyUVTQr6br3jjwHaxwarf3Ot6X53/AG/RRf8AtWuwsry38bWEeueDvFdlLb/+1fN/55Vjwzeda+f/AKqP/ltUcOm/2Pr0fiPQpvsNxa/u/wB1D5sUsX/TX/nrXNUNIJVV7xH488eQeFdBuNWv54o44pvKh/8AjVcnoH9q6xYf8JT4y+zW0l//AMul3N/qov8AllF+6/7a+bXUan4P8K+KtU/tzxHpUUX779z5U0vleb/z1qQQ+HNBi/1FtY/9dj5dZVKh006fsiuJrieL9/fXPlyzeXDDaWcUcsv/AMaq5eWd9Z+XfQWP2m4uv3c3m/vIov8A7VWf/bx1/wAyx8N6VLJHa3nmQ6hLD5UX+q/8i1cs7SeYSX2ueZLeS/66Xyf/AEV/zyrP2ZYaZZ2Oj3Ulz5/2m887zJov+Wvm/wDTWtSG0/tOX9/BexRy/vZpvJi/e/6r/VVHZQ2P+osYPLt/+WP/AEyqPWdYvoraOwh/651pTq+z/dmyxOIp/Aall48sdB/cTaFLH++/fajL+9upf+2v+troNN1nStSsI7jw4Lb7H/rJrvyf9bLXk+sajfWd1H+/judUuofLs9O86uk8B6bP4P0uPSoL/wC0yS/67zof3Usta/3jOpU9qXPGNnPqV1+/vpYre1hl87yqp+D9B/4Rvwlb6H/z1/54/wDLKKtTXryebQZL7StKkufNm/1X/f2L/wBGy+bUd5qVl/r5762i/c+XDLD+8/e/5/dUVKhK9iV5tSnhhkngnj8u6m8z9z/qpa1NM+3awI7H7F5nlQy/bIpof+WX/LWsuaGx+3+RBfW0nmzeXN5M3l+b/wCjauT6Poeg6DeeK/Efm21vYabdXP8Arov3UUUXmyy/9Na0w3v1gMeGzsdBtpJ/P/1X7yaWuf1L4har42tf7D+En2a5vLCb99qN3/x6xf8Ax2X/AKZRVzfhDR/GP7VFrB4iuIJfDfgeX95DaTTf8TPVP3v/AC1/55RV65oOj6V4IsP7D8KwxR2drD/x6Q/uq832nsjoOf8ABPwG8K6PqkfjDxhqsniTXP8AljqGo/8ALr/17Rf6qKu0mvZ/t/kX00kkf/Pbzqr/ANsWM0vSWKoxDP5UdwP3sktc9R85PtDj/iFps/8AbMc8EEcXmw/vvK/561y+peFdV82P7D/rP+W0MVdZ8VPB1v4q0Gzng8R63psel6l++u9DvIraWX/ll/y1il/dVcs/hjpVpYRwQfE3xTL5v+u83WLD/wCQK9rBS/cndSqe1onBw6PPNa3AvreL/nn+9rUgsvJkjgEH+th/5bV1Fn4JsdNi/wBB8R6lfRxTeXD9rvLD97/5K1oWfhbXPsH/ABUeq6JHJ/y28nR5fN/6Zf8AL15X/kKtfrNGkzKpTrUjl7PQYJ/L8j/91X3p+yXZ6rN8CPD8/nxSRxQyxww/9MvNr4Lm8HfE3R7qS3vvFfhuOTzv3Np/Y8v/AMlVY0341/tX/Cu1x8Ofid4WttP/ANZ5P9g3Uv8A6Nv69vKc4w2E96TNMNVt9g/UjR7P7Hdx3/8AattF++/1M1eoaDB9stY/Ivorn9z+5r8c/BH/AAUt/ag1L+0LDVfinpFzJFpsslnFp3hW183zf+WX+t83yoqr6l/wVE/4KJaPFcT6V8cNE02SKb/l08H2vlRf9/fNr6BcR4eqOpnOGo/xD9oIfDc/m+d9n/1tfmn+114Dg8K/tLeONDgg83ytY8z7J/z182Lzf/atfK+g/wDBWL/grL4q1Sznvv2vf7Ns5dSltvtdp4P0v/ll/wBute6f8Jr4q8bSyeOPjF4/k1/XLr95rGuahDFFLdS+V5X/ACyryM2zGlioWgeRjcxw2LX7s4vxtoOk+JNLksZ7H95LXN/DDxLf6bLceDr6fy7i1/1NdpeabBeXUk/7vy4q8/8AHnhW+s7r/hMtK/dSWv7z97/qpYq+XPOPRIbP+0oo4PPoh02CG6j8j/WVl/D3xhB4q8JWd9Y/uvNh/wC/VdBMIP8Aj3/9Ew0AE32GHn7RLJ5v+pq58PdX12zupNDnsZJI4vN8mbyf/IVR/Y/J/f8A/f6asP4teJPEfhv4c6xrnge/jttQtbPzLOaWHzf3v+t8ryq0pAeof6dZxR332HzJLX93/qf3UVRzTTzeXcX/AO883/yLXgf7Ov8AwU4+GXxJ8OR+DviNYxeG/EEX7uGXyf8AQZf+uUv/ACy/7a17RrHjbwBNa/8AI8abFJFZ/vpfOi8qtDQ1JtYsbKaODyP+2MP/ACyrUs4dVmi/f6HJ5f8Ay2/c1ydl8bfgfo9hJ9h+Jvh+KOKb/Xf2lFLLL/2yirD179pb4Vw3Uk9j4p1aT/sE6DdS+b/21loA9Ih8gfaLG+gltvN/5bRf6qWo4Zr7Tpv9OntvL/5+65P4b/tCfD/4hWEeq2UFzFH50scP9ozReb5v/XLzf+eVdR/wlPw5hiN9feOLb/0V/wCjaANS8vNV021j13wdPFH5X/PGbzYv9VXD6P4b8caxqkmueKr6SS3uv9TDL/8AGv8AllVfXvjB8ODrP2HQ/FWmxebD/wAsv3v2qX91/wAsv+Wv/LKtDWfG0EMclvfeI/NuPJ8zzprP/W/9ta19qL2SJNS/svTePt3l/uf9bLXD+N7yCzl/tX/W+Vef6n/2rWpfaaLu6+3T332m4l/efvv3UUUX/tWuf1LTDq91/wATaDyrO1m/49LSb/W/9da5hnH6b4Vn8SXUl94k8yW3lm/1MP8Aqv8AtrXaeCLPQ9N177D9h8qOX955X/PKrGpTQabFifzP/jtV/Ddnfw6hJrk/l+XLN++ih/5ZUGZ3l9d28P7ix/efvv8AU0G8g8/7DffupJf+WP8Az1i/6a1jzajBMI7Ge4l8z/ltNN/y1qxeaxBDFbz6VB/yx/fUAcH8bPHkHwT0u48f/YfKt7qby5rSH91a+b/z1/6ZVxfw98H6rrH2j4jeONV0TV9Q1SbzLzyv9J+y/wDPKKKX/rlXrGpzWPiXRriC+g+02/8Aq5oZof8AW15X4c8E6H5WofDnxXBFpt5pd5/xLZtO/wBGl+y/62Lypf8A2lWk41Lc8TTDexl7h1n+uEdjDPFLH/rIfKh/1VU/Jn86Oxn/AHdcXj4m+CbWQwX0fiCOK8ljh/5ZXMv/AMdrQ8N/HLwd4kijgnnksbz/AFc0Wow/6qub+Kaez9kdRPeQQS+R5H7zyf8AXTVJealpOmRf6bP/AKr95++/55VXs9Hn161knsb6OOSL/lr/AK3za0NN0fStH/02eD7TJL/z1rL+EZnJ6bN4/wBS8y30Kwi0mz/1UMt3/pMv/XXyq1D4D0qE/bp55b68/wCeuozeZXUC9sYYpIP3v7395Uc0Nh+7gng/ef8APasToI7OHyrXz4BJR9j8nrfSSyVJMP332GCCLy/O/wBdNNRDBBZ/89bmT/v3FU+zNfalyE+TFGLi48qP/pr/AK2uf8VTa5NLbwaH9m8zPledL/qv+utaH9m6rr11/r7a2j/5Y/vq0LPw1Y6bLjHmXEv/AC9y/vZf/tVbD9oc/oPgmx0fzPI+03OoS/8AH5qF3/rf/wB1Wxmx02wuNVm/484ofMmm/dR1j+PPjn8Hfhtpf/FVeKrb7RFN/oenWl59puvN/wCuUVY+j+A/HHxs17+1fibYy6Jo/kxfY/DM03+k/wDPXzb7/wCNVdOmSbmg69ffFS/jn8HT+VocXlRzahNN5UV//wBMrb/2rLWh9j13Tdf/AHHw50SSOw/dw/ZIf/RVegWfhSx8K+HJPs8/myf6uH/nlXN6lMNNtZJ/3kVamZTh8VQWV19uv/B3l+VN5f2v7HFHXN/F+I/Ebwn4ghnsfs2j2Hg+/k8SahFN9mi+wfZZZfK83/nrLLFXP6l4wm+NnjL/AIVl8OdW8uztZvL8SatafvPsv/Trbf8ATWWmfGbT9H8I/Cvxl8PYbiGJ10iXQdI0a5vDibVLmKKKWX97/wAtYvNrrwXsqVU6adL9z7Sof//Z'}}]}], 'model': 'qwen3-vl:8b'}}
2026-06-26 15:28:59,005 [DEBUG] ThreadPoolExecutor-0_3: Sending HTTP Request: POST http://localhost:1234/v1/chat/completions
2026-06-26 15:28:59,035 [DEBUG] ThreadPoolExecutor-0_3: send_request_headers.started request=<Request [b'POST']>
2026-06-26 15:28:59,097 [DEBUG] ThreadPoolExecutor-0_3: send_request_headers.complete
2026-06-26 15:28:59,113 [DEBUG] ThreadPoolExecutor-0_3: send_request_body.started request=<Request [b'POST']>
2026-06-26 15:28:59,174 [DEBUG] ThreadPoolExecutor-0_3: send_request_body.complete
2026-06-26 15:28:59,190 [DEBUG] ThreadPoolExecutor-0_3: receive_response_headers.started request=<Request [b'POST']>
2026-06-26 15:29:03,423 [DEBUG] ThreadPoolExecutor-0_0: receive_response_headers.complete return_value=(b'HTTP/1.1', 200, b'OK', [(b'X-Powered-By', b'Express'), (b'Content-Type', b'application/json; charset=utf-8'), (b'Content-Length', b'1900'), (b'ETag', b'W/"76c-ZN4VOhjhk9dw6wyAseYSnCE4CEc"'), (b'Date', b'Fri, 26 Jun 2026 12:29:03 GMT'), (b'Connection', b'keep-alive'), (b'Keep-Alive', b'timeout=5')])
2026-06-26 15:29:03,439 [INFO] ThreadPoolExecutor-0_0: HTTP Request: POST http://localhost:1234/v1/chat/completions "HTTP/1.1 200 OK"
2026-06-26 15:29:03,455 [DEBUG] ThreadPoolExecutor-0_0: receive_response_body.started request=<Request [b'POST']>
2026-06-26 15:29:03,471 [DEBUG] ThreadPoolExecutor-0_0: receive_response_body.complete
2026-06-26 15:29:03,486 [DEBUG] ThreadPoolExecutor-0_0: response_closed.started
2026-06-26 15:29:03,502 [DEBUG] ThreadPoolExecutor-0_0: response_closed.complete
2026-06-26 15:29:03,533 [DEBUG] ThreadPoolExecutor-0_0: HTTP Response: POST http://localhost:1234/v1/chat/completions "200 OK" Headers({'x-powered-by': 'Express', 'content-type': 'application/json; charset=utf-8', 'content-length': '1900', 'etag': 'W/"76c-ZN4VOhjhk9dw6wyAseYSnCE4CEc"', 'date': 'Fri, 26 Jun 2026 12:29:03 GMT', 'connection': 'keep-alive', 'keep-alive': 'timeout=5'})
2026-06-26 15:29:03,548 [DEBUG] ThreadPoolExecutor-0_0: request_id: None
2026-06-26 15:29:03,564 [DEBUG] ThreadPoolExecutor-0_0: Raw LM Studio response received for F:\kuvat\test\9a29bfc1b42240a9ad94105932142cb9.jpg
2026-06-26 15:29:03,856 [INFO] ThreadPoolExecutor-0_0: Successfully tagged 9a29bfc1b42240a9ad94105932142cb9.jpg with ['Artwork', 'Ghostly figure', 'Ethereal', 'Psychedelic', 'Cosmic', 'Surreal', 'Celestial', 'Dreamy', 'Vibrant colors', 'Nebula']
2026-06-26 15:29:03,873 [INFO] ThreadPoolExecutor-0_0: Processing b030774178504b05a4ed89ae6c2aa565.jpg
2026-06-26 15:29:04,000 [DEBUG] ThreadPoolExecutor-0_0: tag: Software (305) - type: string (2) - value: b'\x00'
2026-06-26 15:29:04,016 [DEBUG] ThreadPoolExecutor-0_0: tag: unknown (40094) - type: byte (1)
2026-06-26 15:29:04,031 [DEBUG] ThreadPoolExecutor-0_0: tag: ExifIFD (34665) - type: long (4) - value: b'\x00\x00\x002'
2026-06-26 15:29:04,217 [DEBUG] ThreadPoolExecutor-0_0: Requesting tags from LM Studio (qwen3-vl:8b) for F:\kuvat\test\b030774178504b05a4ed89ae6c2aa565.jpg
2026-06-26 15:29:04,327 [DEBUG] ThreadPoolExecutor-0_0: Request options: {'method': 'post', 'url': '/chat/completions', 'files': None, 'idempotency_key': 'stainless-python-retry-39482eae-2ec9-4c7e-965c-6f79d44c4b5a', 'security': {'bearer_auth': True}, 'content': None, 'json_data': {'messages': [{'role': 'user', 'content': [{'type': 'text', 'text': "Analyze this image, which could be an internet meme, screenshot, artwork, or photograph. Extract 6 to 12 highly relevant keywords. 1. Always include the image type as the first tag (e.g., 'Meme', 'Screenshot', 'Artwork', 'Photo'). 2. If it is a meme, identify the meme template/format, the main subjects, the core vibe/emotion, and 1-3 key words from the text. 3. If it is a screenshot, summarize the main topic or software shown. 4. All tags must be strictly in English. Do not use any other languages or alphabets. Return ONLY the comma-separated list of tags. No introductory text, bullet points, or quotes."}, {'type': 'image_url', 'image_url': {'url': 'data:image/jpeg;base64,/9j/4AAQSkZJRgABAQAAAQABAAD/4QBIRXhpZgAATU0AKgAAAAgAAwExAAIAAAABAAAAAJyeAAEAAAAAAAAAAIdpAAQAAAABAAAAMgAAAAAAAZKGAAcAAAAAAAAAAP/bAEMAAgEBAQEBAgEBAQICAgICBAMCAgICBQQEAwQGBQYGBgUGBgYHCQgGBwkHBgYICwgJCgoKCgoGCAsMCwoMCQoKCv/bAEMBAgICAgICBQMDBQoHBgcKCgoKCgoKCgoKCgoKCgoKCgoKCgoKCgoKCgoKCgoKCgoKCgoKCgoKCgoKCgoKCgoKCv/AABEIAaABoAMBIgACEQEDEQH/xAAfAAABBQEBAQEBAQAAAAAAAAAAAQIDBAUGBwgJCgv/xAC1EAACAQMDAgQDBQUEBAAAAX0BAgMABBEFEiExQQYTUWEHInEUMoGRoQgjQrHBFVLR8CQzYnKCCQoWFxgZGiUmJygpKjQ1Njc4OTpDREVGR0hJSlNUVVZXWFlaY2RlZmdoaWpzdHV2d3h5eoOEhYaHiImKkpOUlZaXmJmaoqOkpaanqKmqsrO0tba3uLm6wsPExcbHyMnK0tPU1dbX2Nna4eLj5OXm5+jp6vHy8/T19vf4+fr/xAAfAQADAQEBAQEBAQEBAAAAAAAAAQIDBAUGBwgJCgv/xAC1EQACAQIEBAMEBwUEBAABAncAAQIDEQQFITEGEkFRB2FxEyIygQgUQpGhscEJIzNS8BVictEKFiQ04SXxFxgZGiYnKCkqNTY3ODk6Q0RFRkdISUpTVFVWV1hZWmNkZWZnaGlqc3R1dnd4eXqCg4SFhoeIiYqSk5SVlpeYmZqio6Slpqeoqaqys7S1tre4ubrCw8TFxsfIycrS09TV1tfY2dri4+Tl5ufo6ery8/T19vf4+fr/2gAMAwEAAhEDEQA/AO40H48WOj2EfhW+gll8r/lrXP3upjTfG/8Awkdj5v8A02h/6ZV2mhfAvQ9YupL+Gf8A0yWu0s/g/BeX8c89jXwlI/uzM8wwNKMjY8E/FTwfr1hb2M8HlyS/89q2PiR4qg8EeDf7cgn8q3i/11cv4q+A881r9u0qfyryKvO/GEPjjxL4NuPA/iPzP+u1Opufl+YTVdP2Ej81/wDgon+29B8QvG+oaVYwfvLX93DLXB/8E0/i1faP+0Zb3080tzJdf89oa+hPGH/BJeDxh4tvNbnt7m58395/rqr/AA3/AOCbHin4M/EK38Y+DYJbbyv+WMtfR084j9T9jzH5HjuFcdLMvrfxSP1Y034Y6X8VPhpb6tfWMfmSw+ZD5NfO/wATv2DvAHjy/vNVgg+zahFD/ra9s+Bnx+sdH+H1nofiP/RriKz8utT+3vDviS6kg0qfzPN/55V4DqKJ9lldXH4OzkfC+sf8E/dc+IRt4PGPiO5it7X935Ve2fA/9j/4efC2yTS9M0zmOLmY17BeaP8A2bqH7+fzberk/kfu77SZ64nQw0H7p9lX4kx+NoeznM4Obw3baPqsf+g+XHFN/qq6yHw3Y3kUcH/fmtjXtMsNYtfP8jypIquaDZ3FnYeT5Hm/vvM82kfO4jE1TyvUvB99pviTzoP3sf8Ay2iruIfBOh6xYRkQeV5tR+PNNuLOX+1YIPpXQeD7yDUtAyf3VAoYj92fO/jz9m+ez8RyX+hz+XJ/rP8ArrXonw902eHQP9O0qT91DXeeKtB+2RRzwT/6qo/DesWNnL9hvv8AlrWhssTWMfTbOC8uo/8Ann53/PGs/wAS+D77Tb+S+0r/AFf/ADxrvNY8K2Iij1XS5/8AyDVPjUofsF9B/wBcZaDXC4m1bnOf8E+NtDmlksdVn/eeTUfjDTYLy1k8if8Ad/8APWuH+JHhXVtB1CTVbGeXy4qseEPiF/wlVp/Yc837z/lt51a05/vj77L8PGvS9rE1P7eg/sv7Dffu5LX/AJa1qaPpsF5YfboZ/wB5/wCja5/xJ4VvvstxfW//ACyqx8K9Ynm8yCf/AJ7VniaXsh5rgqVLDe0gdJ9jg/1F9B/2yrk/G1nNpssk8H+rr1C80Gx1K18/z65PxfoH9pWvkf8ALSKsj472hz/hvTZ5rD+1YP3kldJDNY6lpclc34JvJ9HupNJn/wBXLXWQ6BPFdeeP+Wv/AJFrMVSoY+m+D7HXj+//AH0lU9S+G99oP/HjP5sf+trY02G+8Oax/wBM67Szmtrz9x5H+trQ5qlSscHZw6VqUXkTwfvKr3ng/wDs218+CtDxh4an0HVP7Vsf9XWppmpW+pWH7+Cgy9qjk/Igmljg8is/XvBME0v/AB8eVXWXmj+dL9usf9XVfXoZ5tL/AHFv+8iop7mXtDj/AAr4c/seWS3vf3kf/PWtSf7DBdRm2/exy0eCRPqWqSWM3+rroNd+G99ZzR31jWhz1MSWL3wfofirQfsMH/LWGviP48fAfxV+zr8eI/jv4HsbmWP/AFepQw/88q+3NNs9cs5fI8j93FR4k8HweL7CT7dB/wBdq6MLivq8rHFiLYl8szsP2e/F+h/GDQrOexn/AHd1Z+Z5NdJqfw2sYbryJ/3Ucv8AyyrxPQv+Ej+Fcsc3hW38qzimrtP+E28f6wbfVbGbzI5f/IVLkUqtzzK86kJ8nMcH8TtNvvh743jggg82zlm/c13Gm+FdD17QY576D/SJYfMrP+Kng/xV4w8Of2rBBJFeRf8ALGvH7y8/aF0G1j+w30nl1FbDe9+7O2jjansj2zWPAehWelyTfYfM/wCutU9G8K+Fdetf+PH93Xm83jX402ejyQXEH2mSWGsfw54w+NM0Un26Dy4/+mNc/wBWQ/rR7Rpvw38Kw2skE8EX+urH1P4M+Fb3UP7VMEXmS/8ALavB/FXxO+PtnqskFj5n2erkPxC/aFhij8itfq37k6Y4moe+aP4I8K+bi4njq5efD3wdDLmfy/8ArtXzPNr/AMfvt/27z5Yo/wDnjWpqWvfGLWbX/X3MX7msqVKiaLE1Kcj1D4j6b4O8N/8AHjfRS/8ATKtjWP2hND/4Z+vLC+ni/dWcvk18t+NvCH7QmsRSX0FxLHHLRoPhv4qXvw+uND8VWPlfua0r07UPcPsOFo08bm1GFaenMfml8ZrzUpPFl3OzOd0x5/Gtz4MXs4jObh0+hrrfjD8N0i1meP7JIkqTYIIrM8I+Br7SIg4jKLJ3Ir5zE14zwvJY/pXIuHcXheJViYPmpn0L8APihp2h201pdpsmU+ZHcy1694f+MHhrxRqcFqt88l5JNFZXUiy/8svNr46ikn0+UxZ5Br0j4F2t8vj60i1QZt3l6VvkuY4mNWFJ7H6fm+Cw2IpOb+M/QnTvFZ03VI9V+0fu5f8AXRV7JoPiTStYsI77Sp4vMih/fRV4vN4b8K6vYeR9u8q8/wCeX/PKrHw3vL7R9Zk0r7d/y28uvd/in8nZ3l1LGYO9P4j6EmvLHXtG8/H7yvO9Y8K315dSH/lpXUeG9M1XTYvPsf3tvL/yxq5qWmzwSxz29I/Iq6rYSr7M4f8AsHVdN/fmD95F/wA9v+WtXLzQdJ8SReRfWPlyed/rq7DUtNnmsP3FZ+jwz+b+/g8qSg5vrUu55/qXwH8OTTefkS/9cq0PCHw9sfCt/mw83y/+m1dRqUM+m33nwf6uWrkMM81r58FaGlTE81Iz/EmgzzWsn7n95XJ6ZeT2eqeRfQ/u69A/0793P5H7us/XvB8GpRyTwQeV5sNR7IypVV8Bh6lefY5Y76CetjR9SgvLXz4P3VZcOjT3lrJpWqw/6r/lrUmjwz2d1ief95/q/wDrrR7IdRxuYfjDWJ/tX2Gsfwp4xn8K6z9mvp5PLlrqPFWjwfb4777D/wBdqr3ngmx17/R8/wDLH9zSLU6NM2NY1IQxedYHzI5a5vXtM/tj/ia2PmxSRVqeG7z+x5ZPDmuQeV/zxmrUvIfsR88Qeb/z2/6a0GtNnJ6b8QtV079xqqy/Z5f+W0tdRZ6loepRefbz/wDXas+bR9J8VWskH+q/541wfiTwd4j+Ht1JfWM8slv/AM8qdSoelhqVKqegawbG80u4sZ4P9bD/AK6vG9Ts/wDhFfFEZngj8uWavTPB95Y6x4cjnP73/ntXF+NtNg/tnzz+9j8n9zWVP/eD7PIFW9p7NHpmmwWN54Wkngnilj8n99Xlem69B4b8ZSQQW/8A2xq54Q8Var9gksZ4P3cv/LasfR9HvrzxbJPPB/y2/wBbXVjantaR7OY0nRpzhUPUIvGFxDH59jP5sf8AzxqS81mxvPLv65f7HfaFqkc88/m2/wDzx/55V0Gp6D/aVrHfWJ8uuGkfA4j2KOf167gN158EEsVdRoPjzQ9e0aOx8/8A0iKo9N0GDUovsN7Y+VJ/y2mrj/HnwO1yy8zVfCt95ckVFU5va0jqNS1iCG68i+/1ddR4T1LSry18jz/9VXk+halqviTwtJ4d1zSpItQtf+W1Z9nqXjnw3dR299Y/9cZYqDlq7H0BeWdjrGjSQZrg9B16x0zVJNDnqPwr4q1XUovP0k/62H99DNXP+KtH8R2fiT/hI9Kt/M/ffvov+etaHnVPdO01j/Q/Mngn/d1l6b4ksbyWSCe38qT/AJ5VX1fUp5rWOeCCWKT/AJbQ1JpsUF5L9u/d0U9zmliVyHB6/wDEi38N+N4x5H7vzv303/PKvZIfi14VvLC38+/i8yWGuD174e6Hr0XnmD95Viz+HnhW9i8i4/dyRVtUJlVozNibx5ocuqSWIvo/Llh/c1JN4q0Ozi/4/YvMrk7P4MwQ6h59jfeZJWfqXwZvtY8Rx2J1WXzJaVKnTdQ56lU7SHxJoesaNzPF5d1/qf33/LWpPh7rFj9luLGD93cWs376Go4f2Udcs4ree3vpf3VXNB+CWueFbqTVjPL+9/11dP7s4p1aMmd5o3iqD7LHBP5f+p/11Y+sanof+kWM8P8A12i8mtTR/AdjqVhHPBfVz954NnOs3HnT/wCkf89azpmJY0Gz0qztZP8AR/NrQhs/Cs//AC5RR/8ALT/U0ab4a1WGwx/raj+x30N/Hx/2yrY6DPvPB+h6xLJPBpMXmf8AXGrFp4bhiljgn0qOtSaGfTbqOfH/AF2rQvf30XP+soL9qc34khsYZfs9xpUfly/9MarwzaJeSxwQ6VH5f/XGtybTb6e/ksZ4PNj8n9zVPR9Hns7+SC+g/dyzVj7KiHtSS8/4RyG0jgn0qL91/wBMa838YaB52qSQWNjHHHL/ANMa9Y8VaDOBHPB5cn/tWqd5pEEOjfbp4PLkrT2eh3YTMauEr06lM8fm/Yn8AeJdG/tXXNKjkkl/13k14P8AtVfsyfDz4feELmfRtP8AJaFPlIr748E6loc2jSfv4v8AU/vq+G/28fEkGpapeaVBP+7/AOeVeXiKFGlh5n9LeGOe57m2axpzk7RPiuz8N2+vX/2f7F+8r6Y/Z7+FelXms28/kf6RFXk/grQbfTb+PyK+rP2dNB/s6/t7HyP9b/rq87JLe2P2Xj3M55VhPaQPZJvDfgbXtPt78/6NceT/AK6subwfBptzHcQf8sv9TLXB+FfHl9eX8elX2lyxeV/yx86u41LUtVs/39v/AKuWvcp1KJ/N/tJ0vcczpNN+Ieq6NNGP+Wdbl58bIJf3E9ed2mNS/wBBvoPKqPXgIT+/g82OX/UzVl7RnzePwGGxVY9k0b4neHJrWP7d/wAta2INe8OTcGeLy/8AntXzXDpt9Da/brC+lljrc8E6lPNL5E+q/wDLb/ntQfOYrJKf2D3DWdTsYosTiP8A6Y1h6P480qG6kgn/AHVc3NCJofIN/wD62sv+x7GbzIPt37yg8yOB5D0z/hNtDh6z/u6jvPEmhzXX+vrzv/hFZ5ov+P7/AMjUXHhuf/X28/8A22o9ozP6kzrNS16CG7/1/mx1Yhmg1OTyIK4eaG+htcD95H/y2rY0DUvJ/fwQf6qtDKphmaHiS8nEUnn/ALuSrHhTWLeby/PP7yL/AKY1T8ifV5ZB/wA9ar6PZ+TL5At/KuIqAVL92bHjbR7HXrX7dY/6yL2rH8H69BqX/FOarPHFcRVqTfbreWOe3g/d/wDLaGsPxVoOqzf8TzQzF5n/ADyrOpudNKmSavNqug61/oJ83/pjWgJrfXtLkgntvL/c/voqz9H1i417S/I1aD/SIqjh1ixvNQ+w3y/ZryL/AJa/89aDuj7uxlzWdj4Plk8ifyvNrzfxhqV9DdXGq2M/m2//ADxrU+P3xD1XTZbfSvsP7yWby4Zq2PDfhWDUvC9ufsMkv/PanS/en6rw3TpYTCKvV+0Z/wAMbzztLk8+D93LNW5NDY6bdRz/AGf/AFtV5tB/se18iCDyvN/57Voabo8+sfuJ6VZp+5Iw4m5qkfaUzYmhg1Owxj93LRoOsQReZod9B5dZYin8NRfZ7ieWOPzqsaPD9stfPsJ/M8qs6f7o/PqkIVEak009nLmDy5f+eNdBZeJLHWLDyL2D/pnXNwwwXkXkarB5clRzQWP2/mf/AFv+plhrQ82pSLkMNj/akk8EH7yL/wAi1oXkOlakY/PsYqp/LZf9NY6sTXk//HxBB+7rQPZFeGax0fVP9RFHXcaND4V16wj/AHEUcleX69Z3v2r9x+9t5f8AljVz4e69/Zt1/ZU89BzYjCOpRPQNSs/A81rJYT2/lVhjwp4Ah/fwX8Xl1n+MLy+hik1WCHzY6z/AesWOsfaLG+g/5bf8tqfsjzYYJ2Ow/wCEb8AQ2Efn30Ufm1HZ+A/AE/P9uRVn694JsdRtZPsM8vl15PDNPpnxL/sO+1W5+z1r7M4ngdfjPdNN8B6F/qLHVYpP+21YeveCZ9B16zvvtHmSed5dWNN8Bf2YI9V0rVZf+/1XNZhnmurP+1R5skU0VOh8Rw4mlWpUfjO41LXr6ysI4L638v8Ac/8Af2rH/CSaVqWi4xVzxh4bn1jwlHfaHfV5PeWeqzWt5/0yvP33lV2LDcx4tLEe8SQ+NoPDeqXEFjNJJH/zxrQ/tjSteto76e4jikryPwppviqz8W3Avj/o/nf66auk16y8SaafPsYfNoeBrHq4bE0ZnpEOsWMMXkTz/wCtqxqd5Y/8fEE8VeD2fiTxHNF5F9B9m/54y+dXWabD4jvNLkn/APIVZzwtamdXPR7noH/CU6HKfInn/eUQaxpUMvnzzxfva+f/ABJqXjHTdVuPs8Mv+uqTTvG3jG80WO3nsZZP/atR7CQpVKB9GRXmhz/8v0daE0OlXkkcFfN+meNvFU3l/uJfLrQvPip4j03n97FTjQrM5KmJpHvGpXljpt1HBP8A6usPXv8ATLC4EB/0evlv4h/tUa8PGWj+FYNW8y4v7zy/Jr6Y0fWINH8Bxz309OpTq0aJ15ZiY1cbSps+e9a+LWqeFfGV5odlP5Uf/LavkP8AaL+JN94j8T3E9x+8/fV758Ubz7d8Xb2a2/495a+W/ipaeV4jkAP7vzu9fKZpVq+wP9BPCzK8tjQp1oR15UdJ8Pf9Mit554K+uPg/qVjDLbzz/wCsihr5L+Ff76Wzsf8Av9X2Z8LPDdjBf28E8H/LGryQ8zxbxNOEPZnJw/2rDfefBpXm28U3l/8ATWKvTNH1iCbRY7HVoPM/5aVJ9jsbO18ieCSKT/rjUf8Ax+Q/6DP5dekfzZUzCNYrz+f537iDzY4v9TNDDUmpWYm/cTwRUQ2erQ2kk88/myf9May9S1Ke8ijgxLF5VBz+1RT+2WFnfyWM/mxebR/wjcE1/HfaVP5dZ82m65Zy+d9h+0x1oWep30N/HOP3Ufk/9+qCKtVcvunYQwwzReROfMqv9jn+3/6Dcf6r/nrVObz4fL/cfu5f/IVSTal9j/f/APLOtDx/ampPqVxDFHirH9vQGLg+X/z2rLm1L7ZF/qPKki/5a0QzfuvOMH7v/nrWZmWPtk+PIngqOzm8m/j8ierHnQ+VHiD93VfpLJ5H/omtDKqbmg6x9o1TH/LStTUob6CXzx/rK4/wTeeRdSefB/y2rsP7Yt4ZfInoOb2ZXvNSnt/3B/780WevCb9xPB5UlWJpoNTj+0QQebJF/wBNqx9Smt5vLnn/AHflf9MaCiSGax/tT9/B/wB/qk8VabY3kUc/kRSx/wDPWo7yHSvskdxB/rK1PCv2G8i8j/v9QbUpNVDxv42TeHNGsLfxV4wnitrOw/5e7v8A5ZUzxV+3VJ4V+GjeHPg34QtJzFa/vNQ1JcASeV/zzir5l/4KWfHeDx58ZZPg94cvv+JJ4Nm/4mXlTfurq/8A+eX/AGy/1X/f2vGPB/j2+82PSr//AEmOX95XRlOHq1qkpH02b51SyzL6VGSvPfXZdjofFv7b3/BQTWvF1xcaNFFLBFN+5SLTIvLr0z9nH/gqT428KatF4c/au+G17ZW91+7i8QafZY8r/rrFXv8A+wH8BtB+Nni2zsdW0PzbeWb99/odY/7bH7K8HgiW88OT+FYo47WaX/ljXszyBzhzwkfIQ8TJVcV9WxEYuH3fce8f2l4c8eeDbfxj4H1y21LS7+HzLPULSbzIpaw4tNv4YpJ9DP8A12hr88/gn+058Rv2FfiR/oOk3OpeC9UvP+J94e8791/11i/55S1+lnhTxJ4O+KvgjS/i38OdcjvdD1mHzLO7i/8ARUv/ADylir5+rhsThqnLUPanisLUpKtQleMv6szPs9evhYR/boP+u1ST6DBef6RpU9bl5Z6VqVrz5sUkX7ujTdNt7IyeRB/0zrI4/ao5+9m1z7B/pFGm+JL+G18i+sZa7j/QZYo4J4P/ACDRqXhTw5qXymetCPb0ji7vWIIbWM3B82OsubUoDNHPB+6rtJvAdveWsljYj93XPzfDbVYTIYD/ANsaDanXos6TR9SsfEmjeRPP/wAsa4cax/wjfj3z/wB15d1/rq3PB/gPVdSi+w2N95cn/LaGvP8A4qfDH4jaD4j/ALVsZ/8AVTeZ/wBda1p1Dz6rg6vKfSnhXTbfUraOc/6uX/U14P8AtCaDBpvxGs9cgPlfvv31dp8LPHniqHRrew8Rz/YZP+WPm1x/7RfhXxVrMUc9jfRS+b/qa0w0r1OQ8nWNU9U8B6x52lRwXw/7a1qeJP7K82Ofz/3cU1eP/Cnwf440bRfs2q30ssn+s/fV3Hiq01a8+Gl5PY28ktxFD+5p06aVc4Mwv9Tnyn0B4b+w3vgeP+yb7zfNrj7vwb/Y+oapPPB/rf3lfkXqH/Bwf8XPgJ4v1D4YfEP4UXNtHpd5LbebDNWlN/wcy+Hr+HyZfB+oxf8AXaOvvctweX1Le0mfkGOzTNMM37Omfo1o9nBDrVx58EUlvLW5qWm6TqVh9nt7fyq/MPRf+Dgv4bz+YLvQbmOP/rj/AJ/5610um/8ABwl8DseVeaddEf8AXCvrI5Vkk6Xu1D5+HE2c0/ipSP0L8H/B+DXvMsb6D93LNWxefDGfwrFJB/yz8mvifwZ/wcIfsu2EUfm3LQ+V0863pfGH/BwZ+zj4hu5IrDV28r/rhWceHsvr1PdqR+8J8ZZqqX8OX3H0/eeCfttrcX19B+8/541j/wBg2Nn+4gg/d182WP8AwW//AGYrnTo473X4ojLD0qs3/BYn9ky7vZJbjxNH7V7lLhHJ1vUj954FXjfP4vWlI+tNA8H/AGzy4fIqx4w+D/8AxJri+ng/5Y189eB/+Czv7HkDeXP46td/rvrpPHX/AAWb/ZUu/DMcFn4ktpI5fNj82H/llVvhrKr2pyj96PKnx1ndOv79Kf3M4z4G/s0+Kvid+0t/bk8Esun6Xef6H+5r7c8VfA3Vf+EO+wzweVHFXx98Jv8AgtZ+wr8MZ5I7fxxCsrf62RbYmuz8X/8ABen9k7XPD/2S0+KenlJf+fhfKr47MuDlzzdOpFw9UfoWUeIOI9tSjKjKMu9mXPD/AOz7Dqfj248P6zbxx3EleJ/tq/scyeDm+32NpjzD5iV23wU/bO+H/wAZfjHZ+OfAPiuLUv3377ypq94/ax8U+HPGnh63WeaEfuv+WtfkuZYSiq06P8p/cXBnHHEGTUcNiX/BlE/Pv4M+Cb7+2beDVLHy44q+xPDem30MMc/2HyvKrx/w3Z+HNB8W/v8A95HazeZDXung/wCJHhy8ijg8+vPo4athv4Z6fGfHKz/4T0y9s/A2pRfvzF/02irLm+Hvg2b/AFHl/wDTGvN/DnxCsby/k0rVftMf/Xau403XtKmijggnrpPyP2eIpmfN8K5/tUk9jqv7urEPw9g+ySW+qz23mV0EOsQWUXkTw1J/wlOh3v7gQf6qgxnicWjm4fhXFn/X/u6r6x8MJ++lR/8AXaugstfsft/2eeDyo/8AljWxL4qsYYvInEfl/wDPatCZY3FHmcOg303mW/2GPy6r3nhvVYR/yCv3leuab/wjmvWv7irn/CN6V3/d0HHVx8qR4n/Y9/DaZuLLzf31SWcIEUkE9jXun/CK6VNF/qI6p/8ACB2N5+4+wR1r7Mx/tdni/k+Sf3EH/f6tzR/DXneZfZ/d16JefDKxmi8j7PFVzQfh79jikgg/d1l7NlVcy9w8b02ynhupPPg/d1cvLP7YPI+w/vP+e1egax4Vghik8+xqOz8OQTf6iDyvKoNIYu9I83sob7yrjz4PKk879zNWf9s1WGTyPI83/plNXskPhWymtf8AUf6qq83g+xm/cTQeVQWsceX2fnw3XkT2P7uq3x1+LMP7P37PfjD44TWCtcaDo3/Evh8vP2rU5JfstjF/4FSR/wDfqvWYvh7B/wAux8uSviD/AILg+Mz4O8C+APgppsWftWoX/ivVj6RWMX2W1/8AJq+/8hU0rnbg8RGriIn59a942nOpyX+q30tzeSzfabyaX/lrdSy+b/7VrtPgzqVjqXiO3+3f6zzv+eNeDzXk95f/AL+f/rtXsn7PZg/t/T/I/d3H2z/v1X1GU01SpxRx8SOrjJOXmfvd/wAEhPhDY+GPD+qeJL6D/TYobX7OPWKWL/W16T/wUL/Zx0n4lfDmTxHpdgPtsHUCL/WV4h/wTN+Nen+F7S38NsJPs8tn5v8Arv8AplX1P+1P8TNP0z4c3ENhrYtZT1Pm179KvH2lj8axeHqfXdT8MP2kPhLBpst5b6rpP/TT99D/AMta89/ZQ/a/1H9if4qR6V4mhub34Z+KL3y9e0+L/W6XL/yyv4v+msX/AC1i/wCWsX/bKvcv20vHmhw6zefv/wB553+u8n97XwX8WvHkGsG8sfIl/wCmNeTm1JVj9A4dq4tR9k/gP2817whp9/o1v4p8N6xbX2j6nZxXum6haTebFdRS/wCqlirn9N1LVdMik8iDzY6/Of8A4JK/8FUp/hR4qs/2Sf2ite8zwNr955fhvVrv/mXL+X/21ll/1v8Azyl/e/8APWv1I17Qjpt/JYz/APPby/Kr4urB0alpn2VOr9hnL/8ACVX32WOfyKsQ+MLGa6/f/wCrq5r2gaV/Z/7iufvfDYvIvP8AP/67GpNfZ0qp1Gm+JNKh/wCX793Vz+0rH/Xz33/LGuHs/Dc8N1J5/wD2xqvqWj6rDL/oN95sf/XagX1c1PDfiqDTfFsljY6r5kktdpqV558UllrkHmf9Na8H0f7d4b8b2+qTwSfvZv8AltXtGpaxBN5c/keZHLWhz1afszP03UtD8VX8ng7XIPK8r/U1j+Nvh74x8LWsl/od99pj/wCWMUtV/iHZ3Gm38firSoJfMi/eTV6B4J8SweO/Dkfn/wCsihrWUteeBy+2jA4fwf8AGz+xpY7HxVpPlyS/89oa9o8Hjwr420aSDSr6PzJYa831/wCG+leK/Mg1WHypP+e1YfgSx8R/CXX/APX3Mlv537munkhUVzPEQo1qXu+6fP8A+2N/wT3+HHiT4gya5rnhy2kjv/3n+pr5z8Sf8EzfhXN/x4+HIv8AvzX6AfEj4zWPivxbHomqwW0Uf+shrh/FXiTwdZarJB9tirTDVa6Z8fmOEw9SdoHw/Z/8Eu/A8Nj59joltL/2xrl9X/4Jg+Dry/8AIg0qKP8A7Y1+gkPirwb9l/4/o/8ArjUnhvUvA95def59t5lehLGYmkfPPLoVHyn5/wAH/BJbQxFH/wASP95/1xrh/FX/AATBg0fVP9RLH5v/AExr9bNH/wCEHm/1+qx1z/jzTfhleX8f9q30UdvF/wAtq6cJmVepV5Ty8Xl8MPSlOx+Xf/DsGe8i/ceZ/wB+arw/8EtZ5ori4+zyS/8AbGv1gs/CHwymtY57HxHZf6n/AJ7VnzeCfCtnL5FhfRV6/t6n/Pw8qknL/l0flJH/AMEtZYLrlJU/3Y61L/8A4JmzWmgyTQq7yeT9zNfqXD8PNDzxPHUc3w90T7LILi+tvL8mlQxVT+YzxFDW8qR/Pf8AFz4AeMvCXxXb4f6XDcz3FzJ+4iVcV9LfB3/gjX8QvH3guPxhrmr3oMp4hjhz/Ovuab9kvwB/wvn/AITi+FtJJ/0xr9DfgvP8J/DPgqx8MaZp8ccUcPyvj/WS18bxBn2ZYerGjSdj9V4MyvJKlBV8TT5pfyn5U/sMfsreI/2ZvHUNrJPcSRv13rX3D8QrPUPEmjRkeZ5kUP8Aqq908O/svaH8Qvi7b3Oh+VHZ/wCsm/c1J+0r8JtD+H2uWVjoUHl/89v+mteTh4160PrNU/Zs14syivgqeX4aHLyR+4+J/i14UvrPQY777PL5kX/LavM/AfjbVfDfi3+yr6e98v8A5Y+dX2p4k8H6H4q0qTSjb/vJf/RteN+NvgbB9qkguIP3kX/LavQpYk+PoYmnTf7w9UvNH0PUraSfyPLki/d1lzWc+m3cc9vcSeX/AM9Yq3IZtDvIfIsZ445P+m37qq95Z31na/6jzI/J/wCWVcx7Zqabr2lXlrHBfT+V/wBNvOrcs9I8+GSeCfzf+uP/ACyrzObQdVmikmt5/s0n/LaKtTwdrHirR4vInPmSf8tvOrM5qtM7iazvvMjg/dVJNZz/APLewioh8SQeVHBcQVJeeJPsf+o/1dB51Qp6deX1ndefY2Xlxy/66tSbXr7/AI97eeWOsfTde/eyQX1j+7/57Vcm8VWPn+R5H7z/AJY1p7RnLVpI0IfGGqzfuIJ/3kVWIPHmt2cvkeR/5GrPs9S8K3lpif8Adyf8tqrw2fhXzfI8+szi9nROkh+JF9BLGBBJWhD8Qvtssdj5/lyS/wCprDstO0qER/Yb7/rt5s1eD/tXfGaf4b/G/wCGelWF9F5d/wCJPs03/TWLyq78BRq15ch42b16WDhzH0hr2pXEMskE9xFFXL/29rlnL/0zr0DxVplhr1rHP9hii/c1yf8AZs8N1JBPY1lKPsZWO3A16dbDojs9evrxZJ4J6jk8Sar5sf8Ao8tbH9m/Y4v+PGi8hPlR5grE7SvpviS9/wBf/qq/J/8A4LkfGG28SftU6x4bt8+boPhXQdFm/wC2v2rVJf8A0psf+/VfrZZ6bBeS/wDXWv5/P28fiXd/Fz9rTx/4quLnzI77xtqlxBL/AM9YopfsEX/kK2rXDU/3x6OWwvWcvI8+0G886Lz5zFXuHwHmgh1q3voILb/XeXDN/wA8q8D03EMUdj+98uvZPhLqU2mxeRAf+W0Xnf8ATX/W19Jhqh6WNw3+yH6efsc/HO+8N39nBP8Auvss0Xned/zyr6Q+PHx+n8YaD/YcH/LXTa+A/gb8Z4NHu49Vnn/eSzS3Pned+683/wC1eVXomvftOW80X2GCf/VWf7mH/W/62Lypf8xVrSxOp+b4nLf33tD5v/bG8SGe/uNLng8uSKb/AJ418b+MNT+2XUmIPLkr6U/aW17/AITbxHca5cXEfmXX7z/U/wDf3/yLXzH4qs/J1mScf8tZv9dFV4l3gfQZJS/fWPKPFiXNhr3m+pr9vv8Agk/+2LqX7Tv7NKeB/GWpvc+L/A1pFbyXMvEl/ph/dxSiQ/8ALSL/AFUv/bI1+LHimGAzXGF/1te8/wDBM79pnV/2a/jjpet3cvm2cV15Oq2Rk/19nL+6uE/79fyjr57Gw9pT5v5T67DYalUrzoyfxLR+a2XzP2b17TfEep3f+g65F5daEPg/XIbDyBqv/XGug8SaD/aV1b6ron7zT7qGK5s7uj7HPpul+RfQV5aTaucDlKhUcJbrQ5ubQdc+1xie8/eVYvNB1wy+f9o/8g1ueTP+7n/5Z1cmvIIfL/cf9/aFuHtDyfXrO+mljvtV82KSKavSPDepWOp+HIz5H/TOs/WYYNSsLiC+sf3kv/PGH/W1H8MZv3tx4cz5dXPcKlX9ybEP9k69p9xpV9+6k/5bRVyfg/xUfAfjz+w4P+PeX/U10mpaD/Y+u/brK38yOX/0bXL/ABa024xH4qgsZYpIv3ldC2PIq/vT1i81KCY5/wCWctWNN02x1iK4sb7/AJaw1h+A9SsfGHg2Pz/9ZFD/AKmtTR7z+zbryJ7HypPJ/c1VI4nUPn/45/B/7ZFeX2hiX+0LWb9zLFXid5+zf4y16W3nvtVvfMlr7Y0GaDUotQM8H7zzq5fUprGG6kt/I/1U3/fqtfacp83iZezrHznZ/sf+MrO1j8i/llqxpv7Jfjf7VJP9uufMr7Q0ez0rTfC9v4j1ue2trf8A57XdZf8Awsj4LebJAfH+k/8AgZWMsZKe7MIYmB8vw/s3+P7OWP7PPJVjxJ+yL448eeCLzw5ffbf3v7zzYa+rNG+IXwWm5tvHGky/9vkVdx8PJtD8bRXFh4c1y2kjl/d+daTebUPF1KcfcMKlWnW/dn5X/CX/AIJ7+OP7ZuID8QNXi+yzfuf9Mlr0DWP2LfipZ/uYPHOpf9/q+vPDfhafwT431j+1Z/3ct5/y1rpLzwr/AMJJF/xKp/NrwZZljpVtJHsUJZfRo6wPhuL9l74xQS/uPH+pf9/q5/xJ+zr8YtHtftM/j7Uv+/1feH/Cq9Vh8yfP7yvG/jZNPoMsmk6tDJHJXXTxuNjvI9DAYfLsxrcvKfK/hbwf8TfB9/JfX2qy3v8A12rvNH+NnxU8N39viCXy63LO8g6TfvKz9YvLGf8A1EH/AJBqMTVrYr3qp9hh8pwmFh+5ifSH7Lv/AAUH+H+hfEG30rXILmK4lhl87zoar/tIftRWPjH4gx31j+9s6+Z/Dej6VD4jjvvI/eV0njaznm0uTyIK6ViOajCkZYDh+H1qddyPcJjBe2Fvrmhj95/rP+utGpS2Ovx+fPB5X/PavG/h78ZtQ0e6j8Oa5+7/AH3l17R4b02y1i18+H/WVdH+OZY3DfVvjPN9Y+I9jDFHPPYyfuv3fnQ11Gg+PNK1LS7cYjkjl/d10F58JdD021+xX2hXPly/8tfJqSDwT4d8K6L9usIP3f8ArJvOqoRlPY2xGc4PD0bspwzQfZebHzap3mpaVN+4n0ry5P8AljRoPxt+GV5qklj58Uv/ACzmmirtNY0fQ7y1jn/5Z+T+5u61q4eth43nA8fBcQ4HH1JQpVOY4eHxLBeWHkX1jJF/yz82GtizvIPsGL6eS5jl/wBTNND+9q5/ZsFn/oM8HmVqQixEXkfYfNjirE9GdWkZdn5Hm/8ATPP/AC2q5d6PpV5/z0i/7Y1chsrD/j48irl5NBDFGfIk/dUHNUqHL2egwTeZB5//AG2qS88HweVHBDceZ/0286tiH7Def6/93VyazsbOKP8A0fzP+m1Ac5ycOj30N15H+k/uq+L/APgpNr0+g/H34X/63/RfEkUlfoRZw6VNF/qZK/NP/gr1rH9m/tBeD/In/wBVqUVfQ8OxviGfF8YVV9TP1Ms9Yg1Lwbp8/wD05xSVnw3sE0Uk89V/gneQeKvgt4f1z/nro8VWL3Tp7OL9x+9jlrhxv+9TOjI/fwNORYmvBNF+4/e1TmvIP9RcCpIbPzrX9zB5VZ5sv3v2ieD95XAfQFfxh4qg8E+DdY8Yzfuv7L0e6vfO/wCuUUstfzV6/wCJZdV8V6hfSkyE3OXyOk2TLJ/5E8yv6IP2tAP+GW/HBgn8v7V4buo/+2Uv+t/8hebX83mgStq0d1czv873Msk2a7suj8TPUw1T2LUf5v0O/wBHs/7Suo/s89eoeFbwaN5fn33/AE0/dTV4Ppusarpv/HifKrYsvEnirPni4k8uvWpUz08RjISo+zPqzQfi3BZ/Z54L65/64/8APL/Pm1qf8Lggn/5jlz/qfLm/ff8AbKKvl/8At7xTN5fkQfu/J/czS1sabN8RtSluIBpUn/bKGtDxKn1Q9g8baxY6wfIGqyf9MZfOrxfxtpv+nyQf8tKr3lx8RtNuvPuNDufLi/d/vYasQ3n2zS45/Ef7uTyf+e372rr/AMM7cqVD23uHmfjEmKXiGqVzdy+GPFdvrdu2HVg5PvU3i54bvVpJ84PnVP4mtjc6OZlhwUXFeZJcrtLqfQ+xc+epDeNmvkf0Bf8ABN/45zfHv9gvRtWtdQjuNU8LQf2RdmX/AKZmKWL/AMhSR/8Afqui12b4jXnl/YILby/+mNfBn/BuP8c5rjUvGnwQ1mcyw6tpvnRwyf8APWKI+V/455lfo3eWdjNdfYYP9Z/q68arzRny/wAp4mYJuv7ZfDLVfPf8Tj9N1jxxDYSfbtKqT/hJNc+1Rz/2TXYQ+fpsXkTwUalLBNFH/oP/AJBqDl+so5//AITDSoYo/t1v/wB+oar6D4k0O08Tx39jP5sf/Laus/s3Spoo/P0r/rtVObwHod5cyTwfu5JYaA9rRaNjxj5E3lz6VP8A9NIax/EllBrHhySC4gkik/6ZVy/jbwr4j0eKSeDVZJfK/wCWNR+G/jBYTaD9h8SWMsUkX7vzfJrupU/3R5Mn7MufAHXoLO/uNJgPm+VNXrn2Ox1K68j915kX+prxv4G6lpZ+I15Y6VP/AKPLD++mhr2TyYLO/wDIng/641p7M8j23744ez1i3h1nUND8mX97XL+PbOCe/ksRB5fmw/62u48KWmlTeMtUnvv3v/LSsP4nWdlZ38l99ok/ew1nTqf8uzlrUPaxue8fGD4PeFPjl/wTyuPCtvYn7RdeGpY/Nh/1vm1/OL4P/wCCen7R3xN8T65oNv8AErWY49LvJbbmaWX/AFUv/XWv6bv2S9Sg1j9lm38j95+5lr4//ZMsv2evh7qnjix8Y31lFqF14qupJvO/6ayyy1rVdShR56aPinUpwx/spz3Pxo1L/glH+1DpEizWXxl1qPPfzZeP/ItfqX/wbl+BPHHgP4aaxofxH1W+udQi1iWOaW7m8zzYq+pNY0f9knxtLb6VP4jiiuLqb/Q/31Yf7Fvg/wAD/DH43eKPDnge++02/nRSf67zKWJxDrZfztE4ep7PMORO58//APBfLR/ipB4X0/S/gR4iudO1TVNYi/e6dN/yyr4DH7L/APwUz8PtHc2/7VHiK2klhi8nyq/VT/grF9hs9Z8L65fW/lRxalFXJ+A/GGleKvFGl6Hqoi+z3U0Uf+ppZTDDvDynOBWc16lKrG3kfE/wB1//AIKdfA74y+B7H4m/tJXOv6HrOvRWU1pqFn/rYq/QT9t/wffWc2j67PYxeXdWf76vG/8AgoF4JHw9+L/w/n8Nz+Xb2viqK5hh86vpT9uTUv7e8B+F54IP+XOKT/yFWuNoUJUOZHp8HY6u8ztM+U4bOeziknnsf3f/ADyovPCkF5N59gfLrYmvIJrXyJ4P3lSQzfuvIgg/eV86fuFLEnJ6bps+m6p5/wDy0rsPFVlYzaN5E3+s8msuzs5/7Z88W/8A1xrc8bf6Zo0c9C3OzDYle1PJ9Y03z9U/6eIv9TXqHwH+MH2PU49D1X91J/01rm7OzgvNZ/1H7ytSbwp9i1mOfyP3fk/8sq7FUDHU6Ndcp9ieG/EljPo1vBfWMdSeNfDfgfXvC/8AZUE9tFcXUMteXw/8J94k0az8R+HPDnlWcsPmQy+dFXjf7RXxm8ceCfEel6H+8iuJf3cMMNepkMFVxULn4nxZOphsFUsYfgP4Yf8AFxrzQ55/9HtdY8vyYof9bX1hPD4V8KWsdh+78yKz8vyqw/gDr3hz4P8Awu/4SvxVcR215dQ+ZeQ3cMVHwZ1/Sf2ivFGsX1j/AKv975Pk191nlHDLLtT8h4JxeL/1i93bqV7zXvCt3+/vpvKqObXtD8qMWN9+7rY1j4e6VDNJBP5UdV4fB+lWcX+o/wCWNfmp/SkKvukf2zw5Na+RPP8A9+az/tehfb/Invv3n/PGtSbw3BDFH5EH7uqd54P0qb9/5FA/akcP9hw3X7m+rc+x6HND/wAhasOz8BwTRVcsvhv53/HjPJLR7Nmf1hmpZ6PpX/P9FX5f/wDBXqzg1/8AaM8N6Voc/wBp8qbzJvKr7Y/bM+J0H7NPwf1DxjfX8sVx/q7OH/prX5j/APDQmlfELxH/AMJxrkEUl5FN+5mlr73hPJKtVe2PybxA4jw1Kl9Xp/GfsB+xbeTzfs0+H4L6D/lzr0Se8gmik4qT/gnjo/w6+Kn7Lmj6r4c1zzLjyf30P/PKtTxt4VuPDd1I32H93Xz/ABBgqtDGz9T6XhPMKNfK6f8ANyo5ea8g/wCeFV5of3v7jy60IYYZrD/nnUcMNjCfP/exV4R9fDY8/wD2kLOx1L4S6x4Vvv8AV39nLH/2y8r97/5Cr+bO48M33gfxvr3gjV/+PrS9Suraf/rpFJLFJX9Inx4m/tjQZPIg/eV+Ff8AwUn+Gw+Fn7evi+wsrI21pr0kerWQ/wCen2qES5/7++Z+VdWBq6ume1g/Zzjz/wAp4/DZwTRef5H/AEzrY0GaCGWOeeCLy/O/1VU5of8AnhBWpZwed+4g/df89q9qnudGIpqpG6O08K/2Ub+OD/ln/wA9vJ/1Vfen/BMH9nv4ZfH74+6H4V8fwR22nyzRfbIv+ev/AEy/7a1+f/hvyLO68/z/AN5F/wAtoq+hPgD8bND8H69b6rpWq3NjcRTReTNaTfvfNroW58ZmtDEdD9B/+CwX7C/7L/7Oeraf8QfBMMUdxrP7qz8GWn/LWXyv9b/0yir8sP2ivCsOj2scH2GKK4/6Y/8ALKvaP2kP23vFXxH8XR+I/FXiq+1v7LDFF/xMZvN8qvmv48/GeDxtdST2P7rzaeI2O3hylWpVY+0meJ6xKZrqQVvWsEU+joJfQ5rnZ4fOupIM1uWU3k2EcX/TGvOxcLQufqWTVaPtJwn1PdP+CO3xTm+EP7a/h4ify4tQ1W3s5we6SyeV/wC1K/cD4ixeI/DvjryrWL7VH5MUn76H/plX85Pwj8Z3PgD466N4qtmw1nqEcv8A3x/+qv6YfFOj2vxI0fQPGlm/lR6losU9eLiIyjXv/MkeFmUqcMOov7MmvxujiP8AhJNcvIo5/Ii8z/ltD51aE+pTzfuL6x/d/wDTKpNS+GP7qOeDVZOaJvBHiOGKOew1X/Vf89qk8H2lIz73Xp7OXyPI82tDTfGEH2XE9j5X/TWo7zw1rl5ayeRPHLRDoN/DbRwTz+VJQL9yWLPUrG8tZIMebHLD/wAtYa4fxGYNNury+EEUlv8A8toq7Cbw3fabFHcQTx/9+aw/EnhufUrW4gnsY5beWGunDVDmqfwTD+A/9lWfxRk/sryvs8sPmeVX0Re2UE0sfnweXXzX+zdoP9jfGT7FPBJF+5/5a19UeKrKfyY54P3tdZ83V/injfnfYvihqGlQeZ+9s/8AljXJ/E74e6rNdRz6V4jufL/5bRTQ10F5qX9m/Fq88+3/AOWP+urQ1PxtpXlSef8A6z/ptXJUqeyrGip3oHvH7Ac/k/Ae48OTz/8AHrNLX45/tFweI5/+Cm/ijwrY/af7P/ey+TFN/wAtf3X/ANtr9fP+CcuvQeJPCXiD7P8A8stSr81/jN4Pv7L/AIKs+JPsOlRySSwxS+dLXrRqKlg/aM/OcbQhWzKMTzP4/eFdU8Nazp88Gq31t+58zzoZpa+nP+CId54qPjfxRB4q1W5vf30Ulnd3f/LWuf8A20vBHj//AIRKzvvDmlW1zJF5v/LGq/8AwRb1jxj/AML41ix8VQSRSSwxfuf+WUVOtiKGJyy6gZUMIsNmllM+hP8Agtt/xJ/hf4b1yxsfMk/tKL/0bXzf8PfHk+j+LfD88EHm/vov3Pk19Sf8FwoYLL4BaXfXE/lRxXkX77/trXyX4Ds7DytD1yDxHcxSRTRSQ/uf3VeZlU7OUGejmtL2rjI9I/4KfeJbjTPFHhue40nzY4tS8yzm87/W/wCqr3j42avBqXwB8N65OP8AVabFXmf/AAUs8P6F42+Gml65Y+MdIlksJvM+yeT/AK391F/zyr0TR7ODxt+wzoeueR5skWj16eY06ccJoZ8K1OTNJHkdn9gvLXz5z+7lqTUtNg/dz2P/ACyrl7PxJBZ/6DPB5cctdBNNObXz7Gvkz9zwzvTKf2yD7fH+4/eVc8SWf/EqkuPIrL00T3uvefPYxV3ninQf+JXnyf3dBtCrCnWPM4YbiHWbe9gruPJsbyL/AFH/ACxrl7P99aSWMH+sirrNB02CfRo4P+mNaGtSqXNS/ap/4QP9ka80r4SW9tfeINGh/wBDtNRm/wBb+6rwf4QfFvXf26vir4X0P4jWNjoGn2tndXN5NpM3mS3Uv/LKLza8j8E/B+fwT4c1yC++MXim+j/e/wBmzajqXm+bF/z1r4g/ZA/al8bfCP8AaZ1L4aXnjK5/s86vLHZ3V3N5flc19lgqOXU5+1w8+bQ/DM0jneOouniYcrmz9y/+HfviPxhYXE9j8TY5bf8A5Y2k03/LKvb/ANmdvgB+z/4GvPDNz4z0611u1/dz+bXCfA3UoPB/g231zSviNHfRy2cVzN503mxV8D/8FUPjB8RofG9xrnwI8VWNtJLD++tLT/W+bVVM0o4j91VRxZdwnjctn9YoPmn6H6Ma94q8KeKrWTXPBuqx31v53lzeT/z1rm7zWL6a1/f2PlyRf8tq8H/4ItXnxG1j9nPUJ/ibBfSapdTeZ5V3/wAsq+kPFXn6bFJ58H7uvnMbThTr2pn6ZldStUw8ViPjMeHWNVmsI/Pg/d/9dqrzaxP/AMfFv/5FqnPrEHleRbwSx/8AXaGrGg6lPNF5E8Edc9Lc9P2aNSz1ieE/6j/yDXSaPqX7n/UVHDpsBtYz9h/7bQ0eKtY0nwT4S1Dxlqw8q3sLOWSbza6sJSqVq6pnkZhXo4XDuofmf/wW8+Nlh4q+I2l/B2xvv3elw+ZeQw18f6D8PYP7G8+CD8oaPj98Wrj42ftGeIPHGqz/APH/AKl5n77/ANFVuabeWNno0f7+v37h7DUsPg4QR/LHFOKq4nNZ1O59Qf8ABLv9tLxx+yj8ULfwr4j1W5ufDd/N++il/wCWVfuBo2seB/jN4Nj1XQ57aTzYfM/c1+Af7OusfDnUrr/iezxfuv8AU+dX6AfsH/tUf8Iz43/4VzpXiPzbPyf3MM3/ACyr5/i3JaVX99E+h4Vz3GUqkKR9WfFr4a33gnS7jXP+XevE/DniSfXr+SCD/j3ruP2rv2tfDln4IvPCkGqxS6hLD/qbSvN/gCb6fRpJp5/3lfj+Z0I4blP3/IMXWxS5KhY8X2d9DoMnnwebX5N/8F1PAklv4/8AAvxaW2+WWG60qaSJv+eMsUsX/pV/5Cr9lPGFnBNo3+or87P+CwngWz+I/wCxd4g1W2fzLjwnqVrq0OP+uv2WX/yFc1z4ery1oH1GElyVJUv5j8urOaD7B+/giqOe9/54VHoOdS0Grlno/k/6j/lrX0dPc9Kfs40Q/tKf/X+f/wDbaJvFWq2d1H9n1W5ik/6ZQ1qTaPP+7t4LGtCHwrPN/wAsPK8qb/v1XQfP43E0Tg9e8VeKprWQfbrmT/Vf63/plVfTf7V/szz76Gvsz4S/sK+M/Hvwa1T4j6D4Uub6z0vypNSiih/e/wDXWvE/GHw3+x21x9h0OWKP/V+VLDW38U8TDZzh6GJPF4v311xb1oXh8mXyKuTaP9jupIDB+8qTUrPyZY65sTT/AHR93k2O9tXjI4S/lNj4mhmD/dfrX9LP7O/ji98a/sNfDXxZp48yQ+Go/O/7Zny//adfzQ+LENnqEWDyGr+jb/gk34kg8W/8E4vAaTW/myRWF1bj/tldS14mLh7sZG+PtOnU/uyT+9WN7/hZGuQzSQT2EtaH/CyL6a0jn8itCbQZzdSQT2P/AE0qPUtB0qawlE8HlVw09zy/3NQr/wDCeTw+ZP5H7urH/CyP3Uc4sf3dU/8AhEBDa+fBcfu6k/sef7LHAJ4/LoI9lRKd58Z9Is9Q8ieD93LNWhD8SPCt4P8AUfvJf+W1cnr3gO++1ST+RFL5tWNN8EWMOlxwTeV+6oLqYalUpFfw/wCKtD0z4tW+q30/lWf+q/c175Z/E3wNqUXkf25bf6n9zDXzfrvw9nvBixgi8uWrH/CEjyrfyL6TzIv+m1a06rPNr5TTkemQDStf8eahfWV9F5fk1l+JJtKmiuPt/l+ZFVPQfDU2j2v9oQT+V5X+uqnrHgOfUpZL6C+lrKf7ypznLPBeyp8h65/wS11jSoZvGGhwT/8AMS8yvkf9qLwf4VH/AAUy1TVb3xxHpskUMUv7qb/W1z/xO+D/AMY/B/imTxx8MvipqWifav3d5FaTeX5teJw/sT/E34hfEv8A4WNrnxN1u51CX/XS/bP9bX0GGxuBp4eNOt7x+b4/h/NcXipSp+6fempaP8I/GFhHY6t8TYpf+mUtc/8As0+G/hT8Pv2vtPsfB3iOylkurP8A1UU373za+R/GH7BPjjWLWSGf4m+JIvN/55alLUn7E/7KN/8Asr/tJaX8atd8catfeV+7m/ta882vQxOY5NUy90qMPfOKhw1nGGxUa1WfNyn3B/wXyhnh/Y8jvoIPNk+2Rfuv+2sVfO/wB+D/APwtTwRp/wBn1yKP9zFJ/wA9K9w/4Ku/GD4c/H79mnS/AHg3XIr24v5v30Np/wAsq+E/hXoPjj4V6XHY+HPHPiS2/wCuP/LKvncJGnSqtntf2bi8VSbifcnxt/Z2n8VeF7eD+1o/3Vn5c03/AD1r1j9lf4S6pqX7GUngiefzLi1hltoa/Mf4teK/jx4q0v8AsqD48eNrGP8A55ReVX1R+wd+3V/wzp8IJPhz4jt9S1eT/Wfa9R/5617eNrYWthLI8rKcjzLBY32zM/XtBn0aWSCex/eWs1bng/UtK1K28jyJf3Vc/wCMvjN4V8YRahqsw8uS6mlk8mvM9N+JDaFdeRY6rc/67zK+W+pVT9Rw2azhDWB7RDDBZ69H+4/0fzq9Qms7G88OW88E9fM/w38YeKfG11JB5/lRy16JrGm+P7SWP+ytc/dxf89af1elSOn6zWxPvxiYetalPoPi2SC48vy/9XXomgwQQ2sZzH5f/PWKvD/GHw98Vaxr0mqz6rJFJXcfCWGc2v2Ge+82PyfLpVKf/Ps7fa1eX94cnefsxfEfxVo1vYeHPhzq+r/ufLh/s7/ll/11rxX4c/8ABCbwj8S/2n/EWmax4xl0TVINNtbnULTyfN/ey/8ALWKvrbRv23fiN8PvBlxY+B9csv8AQIftM32uz8yWX/pl5teG/s7/APBRDwZ40/a58Q/tAjxjF+6s7Wy1i0/1cX+q/wBV/wB/fNrvjh54Nx9n7sDfLspxGNnUoVuWc4r3fXyOms/2Ufjh8Mfh9eeAbHxVqUlna+bbQ3cX/LWKvI9G/Zin8KeKP7c12xvr6487/XXdfoyn7Zn7NnxC0y3gfxTZWxli486KsLxfefCTWbXztD8RaRc/9cZq5q8a1WtdHXg8JmGWvkrULfIp/sH6xY+D7/VPCuq2P2aSWz/czeT/AK2vaPG0Hhwxf6jza8z0yz8AWeraWP8AhI44rj/ljNFXpl54V+2Wsc/nx+X5P+ure0o0vaVD5vNI1KeM57cnMef/ANnaFeRSC4tqz5dGsbOX/Qf3v/bGuws/Cs9l5kM/ly1YGg2PlR/6D+8rmMPbyM/R9Sn86OAWMVfOf/BVD45weCPgj/wrnSr6OLVNe/8AIUVfUHiTWPDng/w5ca54kvY7a3tIf+WtfjP+3V8VPib+0X8X9Q8VeHIJP7Dim8vTYZq+q4dwXtK3tqnwxPg+Lsy5KH1al8cjxPQfgPBcap9un1WO582b99XYXnwk0P7L5Avv+/tcPpupfFSz1TyL6CKL/tjWxeal4/mi8iDy6/TMJm1GlofjdXIcZip3keufsZ/AGb4h/H3R/Cs9x5Wlyzf6n/nrX7AeG/2Ifhl8ONB/tWHQvKuPJ/5Y1+S//BNzWPHGgftX+C59cvo/L/tL/llX7eftCfGHw58N/Af9q319FHJLD/qa+F4rzGs6vN7T3D9L4RySMIwhyXmfIfjb4VwReIpP7Ksf9bN/rpq1PDcOueG7WTyf9X53+trzv/hrux17xHJPfi2+z+d/qoq9c8H/ABU8AeKtG+xWM8f72vzmrifbs/XcNltfCPnMPxN8SNVh0a4gngk/1NfLfxC17RPjP4I8afCzVbGSL+2fDd/bQ/uf+Wv2WXyv/IvlV9wf8KTsde0uSexn/wBbD/qq+f5vg/BoPjyOC+0ry5IryLzv+mv72t4+z5UGExD+uH4V+Dp/Jikt8f6qu40aHSprX7RPB/qv+eNc54y8Mz+Cfj54z+GU8Hl/2Prt1b+T/wBcpq04TBDFHBP5v/bKvdpfAj1XK/PE6D7ZBDN548vy4q6z4e+NrKHWY5/7KsraSL/lrDXD/Y7H7L+4nuf3tR2dpPNdf8f8vl/88a76dQ+cxWFP1M/Zd/4KZfBb9m/9njXPB194Pjl1S6s/9dF/y9fuv3Xm1+X/AMc/2otK+IXjy88ixjtreWaWSG0ih/dV1Gm/DfxHr3w91D9/9p+yw/uf3P8Aqq8D1j4YaqdZuLeeDy5POrvXsfYny1PL+fGc5cOpT6lc/wDLL97WhrFU9H0efTD5883m0ajef6ucmuDE1P3R99kz9hUgee+ObgrqqxSH5lxmv34/4IleL7hP+CdPhpYT/wAel3fRH/v8Zf8A2rX8/wD8RCU1JLz/AJ6tnpX7w/8ABB6Yaj/wTqsDMXxFreoRjH1jrycbT/cx/rsej9cVWWIXp+Z9Qw/EKG91SSCc+X/y0hqx/wAJLpOpy/Z8fvK5vXtH0q81X/RoP3kXm+d/36rl/FXn+DovtsEH7v8A1leYYUKdOqeueRYtYZ/5Zy1X/s2GGX9xPXmfhX4wWOs+XB59dRea95Nr58F9+7rM6fqVY6S8hMPlwTnzY6r6xZ2Jixbz+VXHzeNr77LHP/y0io0Hxt/bF1+//wBX/q6DT6vVRuaPN5P7i+t6NS0eC8lj8iDy5Kj1Kznhl2wf8e9Z/wDbs8Evkf8APKtBHSWUPk2Gf+WlXNN8j/lh/wAtay4ft81r58H72P8A5bVcs5oLOWOeCszjq0zk/i34U861/fzf6qsfwf4b/s2Lz9Kvv+2NdJ8YNegGl/6j/ljXH6P4qhs7Xz/+etKyPLxF4nUTfbppY4J4K5/xhoNjeRRwXFjH+9qSD4qeHPN+zz1xfxO+MNv/AGzp5sb6Py/+W0NaUqSVU46kqz+ydJZ/A3w5eQx30A/d+T5dR3nwMsftXkefWh4b+M3hX+y44PPrUh+MHgf7V/x/R1qcyVajscfrHwAgm8uA+X5kUP8AzxqvN+z35P7+Dy/L/wCeVd5rHxO8HebHPBqsfmf89Zar6P8AGDwP/qL7XLbzJaqmaqrWXQ4eb4D/AOixwT2P/LGuf1j4A+T5k8EEXlxQ19IWenaHr+lx32larFJ/zxrn/FUFvo9hJBPB/wAsa2M44tXseD/DfwdPo/iOSfyPL/6Y16hr2pL9gx5/7yuL8E3kGpapcQwDyo//AEVR48+3Q+X9hFclU+jwP72Jn69428mXyJ/+WtR/D3xVBD4j+wz3H7z/AKY/8ta5cabPNrUaz/vPKm/1VangjRzD4juBfweZ/wBNaR3VcN+6PF/2tPgzP+z34jvLH4V/HC5vdQl02XztP8TaxFJL/wBtf9VXwv8Asr/BHxL4j8PR+JL+S6jHieKS7tJo1xF58V1LFJFX054ws/iprHxVj8cQTW0mh6peSx6l4h1GH7TdRf8AXL/ll5tfZX/BIPwD8OfiXrHij4Y+I9Hi0fR9I1EXHh4yWUQudRtJT+9Pm/8ALL97/wA8v+eteni8Qq0LQ6nvZLk2Z8KzqY7HQlOFO/3ux8Y+FfgF8W5ovt1jrmreXF+786GarFlqXxi+HviOODxHretyx2s376Hyf+WVfuB8Q/2Nvghp3ha6bwdZ29jMR5iCE96/Pv4/fBLxV42v7zQ9K1W5sbyL91Dd2lcn1hYX3JH1eS8YYPiLEez9naP948P+GP7SGqzaz5E/ir7dZxTeZ5Us372KvqzUv+CpXgfwr4It4LjXLbzP3Xnfvv8AVV+avir9nf46fDL44297rcup6la358ua9H+tir66+AP7BOk6l4Is77xjb2UsksPmf6XShiaOMh7M8bxHwEaGFg6dNb/Ej0i8/wCCw3w5h8vyNVtpZP8ApjWp4O/4Kl+HNTuo5p18q3l/eedXN3n7B/wy039/5GgVHZfs3/DLQbWSC+vrGWPyf+WM1W6VOlE/GI4iTn7M+d/+CkH/AAV0sfGHiiz+HPg7VbmTS/O/4mU1pXh+kftXeB9ZtfIghkj/AOutnX2Befsu/svXl1Jfefpslx53/Laib9nX9nPzeum+X/0xr18Pm1WlS9nThyni4vI6WIre1qT94+H734qW+pa95FiYv+21XNe8eaVpssn/AC1ji/54w19oaP8As6/s9Xkv2ef7D5n/AC2rQvP2df2eoRk/Ya0jnFanU2Mo5DST+I+C/Af7YNj8K/jx4T1yCxlkjtdYi86byf8AVRV+oH/BQL4wX3xU+Gnh/XPhlqv223v7OL/VTf8APWvnv4k/Af8AZl837RcWNj+6/wBTWx+yjr3hzUvirb/CuDXI5bOX/jzhmm/dRV5ufVKuPw3P/Ke5w17PLMZ/Nueb6P8ABPxjZ2El/Pqt9FeS16h+yvr/AI50fxRcaT4qn82OKb/W19MfFT4D3ENh/bkFjF5fk/vvKr5L8eReMfCmv3mueHJ5Lbypv9VXxNHFwp+5M/RalSOM1iffHgn45aHoNrbwT3sXl1y/xy8SQHULfxjof7zzZvMr8/7P42fFS91m3+3X3lx+d/yxhr6g+EvxmsfEmgx6Hrn7ySL/AJ617NOKlSueNTwnssWfkP8At5X3lf8ABQn4iXsFn9m/tTV/tHk/9dYopaw9OlgmtvtE8MX7qus/4KoWQ0H9vDVZ4P3f2rSrC4H/AICRRf8AtKuL8Nzf6JHj/V19Lh1ejAd7VZHUWfkeV/qP3daGjwm81SPyIP3n/Pbyarw+RNa+RB5sf/Tauk8B2dj/AGpH5/7uSWau6keRifbH3p/wS7+Clj8T7Hxx4b1TQ7aS3l8B3/8ArYf+eXlS/wDo2vz3+Nmg/wBj+NtQsoLH93FNLFX6mf8ABK/xV4O8B69cX99PJFJLo8ttN5U0X/LWKvi/9q/4M2+j/ELVL6H/AFkt5L/qa6qf8E8CnzfWj4/1KG48r9xBWHqI/wCWHk16h4q8Kz2fmf6D/qq4PXrOCzi/1Fc1Wn+5PqcC4HkPxFPkXywE5weK/fP/AIIBaZ9i/wCCamj3LQ5+06xqkmf+20Vfgd8T4it/HIy/PJJzX9EP/BGPRh4O/wCCVXw1A/dyX2k6he59fN1C6/8AtVcOOt7CAYVOVerD0/O56/DqVjN4tuIPIiq54j8H2OsaNcQTwV5/D9uvPFt5fQWP+qr1izu4IdBjnuII/wB7D/yxrxKR3UYeyqXPi/xhqU/g/wAef2HBP5cnnV7p8Pdf/tLwv5GqwR14v+0hZ2MPxGj1aD955v8Arq9U+APiSDxJax2MH/LKGiqfSy96h7Q6yHQftkUn7j/lj+5rl9H1ODQfFH2G+nj8uvYJrOxs7Xn91XzP8YNYn03xvJfaVVnHh74mpyH05Z2cGpWHkQeVJHLXN69oM/myf6PXm/wl/aEnlk+w337qP/ptXrh8YaHqVh/r4/3tR7I56uGrYeqHg/8A0y1kt7itC80GCGWODz6p+G5oJvM+wz1Y1i8ns7WS/no9kcNar7Ay/Engm+1218i3g82Pzq6iz+AOlax8P7i3/sry5Iof3M1WPgn8VPA/iS1+wzz20kkX/LKvYNH8eeBz4SuLH7dF5kUMsda08K6h8Pis3m8XY/N/UvB99/b1wIP+WU3l5qSbwrYzD/ia6V5skVR+MPi1NoPxV1jSoNDl+xxXn+uiqO4+OQEv/IE61jUfsa3IfX4apSq4dTcSwPDWleV5EFhVO88B6V5v/LX/ALZVc034qWN55nn6H+8i/wCm1XLP4q6HLFzof/TP/XUGXtKPtbmfeeCYLyL9zPcx1w/jf4GzzWH2/Sb65+0ed+5r1yD4keHJv3EGlS/uqk/4Wp4Vh/1+iebHWftatMpTw9Q1PgPN4qh8B2elX2qxx3lrD5f72tTxXD4q02xkvp9ViuY/JrHs/jN4Ns4fPg8OS1xfx5/aX0m88JXGh6Vodz5kv7v9zW2HxPPP34niYjKuafPRmV/h7rF9rHiO8FgP3f8Aq5q6TXvPh0vE/wDy1rL/AGS/AfneCPPngkiuP9Z++rsPG2g+TYSef/yypT/in02VU/Y0OWoed6x59ndfboP+WU37mug8HzQaldZaDypP+W1RzWf9pWEk9v3/AOW1aHwrs7GaXyPIpHTiP4Z+e/w9/a61v9mrQtU+HMGuf23H9s/1tpD5kUtemeFP2x/jNoHhLTPi3oMS6dY3Nwbea1g/1ttWL8NPiL+xZ4E+F+ka/o/wUj8V+Lr+HzJ3u9S8qKP/AD/1yrfTxGfjl8IbuC38HaDpGsXetMYdG8NWUn/Ht5UUUXm/9Nfv/vaxx0dJ+yZ/V+Rzo42tfF0r0ZfFf8zp7T/gqb+0NZp5Wi/Em8uz2h1VPMr0T4UftseP9ZnHi/4mWlrbWrL5smsaXbeZFH/11irzD4N/8Eyfip8RtJXW1u2t3aTH2aOHp/20r065/wCCY3xd0TSJNLuhdnf/AMsVm8uOWvJwMce5c71OzN8N4WSXsKThTn5aP8LHW3P7b/7Ifik3Wk+MvEKXU8r/ALq4a0/1Vbvxt+JfwuvPgMPGfwl8dQ3Btki8lYp/v/8ATKSOviL45fslfFP4VaxjWPh5ewLH92e0/eRV2f7N/hA/2pp+lQaHc3Npqk32fUrSWH/2lWlPEYh4m84cvpoeNxJ4f8O4vI3iMLiXOKTfxJrb8DI+Kn7Tc1lax+f4qkjkl/6fKj+Cfxy8Oa/Lcf254jkuY/8AprNX6P8AhT/glN+yL4g0Tbrnw702W+lH75/JrQm/4Iy/sbX1nJBbeB7KzmkjwZoq9uhj4p/vIn8cY/LYUcTLklsfkRqWsWGveLdYg0rxx5dv9s/c/wCmVuf8Ifff2XHfweOLmT/t8r7Q8Vf8G+v7Nmp+Mrz/AIRzxhfabb+d+++yXktWNN/4Ih+ANAtfsOlfFTUvLi/57TV7kcZhvY+0PBq4at7b4j4n/wCEJ1yaKTyPEdz+9/5a/bJaz5vhh4qvIvPn8calH5v/AFEpa++If+CS9j9qjgg+Ld75cX/TGpJf+CVN9NL58Hxp/wCuP+h1nHHYar8Rm6eLpfAfn3N+z3rms/8ANQNS/wC2t5LXefs0/CvVfhL8QbPxX/atzc3EU3+pm/e19oab/wAEvPFWmj/kqttL/wBudbGg/wDBPfxlpt1H5HjGyl/7c6qVTB1oezlI0hUxlF+05T1zR/Emlan8KrfXf7cj8yL93NF51fI/7RXjzw54q8eW/gDwdYx/89NSu69A+OX7K/7UJ8JXmlfDnxjZW1x5Pl+d5Pm18h/Db9hX9vXwH8UP+E48Va5/bcfnfvov9VXyssoUa039k96hm0oUf7x65r3w90PTdB88wR+ZWX8MdY0Oz1n7PPNWx48+Hv7Sc3hySD/hWEvmeT/z2rwfR/Cv7SejeI4/t/wl8Qf67/ljZ16+EwXtKIqWeSVb94fOf/BXu1gm/bIj1WD/AKFuw/8AateT+FZp7q1jgzXef8FCNYn179oLXJ9VgljuLCGw07yf+eXlRfvYv+/tef8Aw+8STaPF5EH/AC1/8hV6+FpuEIwPUoyjWnKodp9sghijMH7yif4hT2cvn2MEldZo/iSyh0uP7dpUUn/bGtDR/wDhHLyXyIIIvLl/6Y/62u2pTqm9KnhnT/eFfwH+1F8RfCt1H/Ydxcx+V/rvJ/d11k3x+1XxV5dhrmlSeZ/z18muw8B/DHQ/ElrHY2MEXl/6z/U/6qvVNS+CWh/DzwvHqs/g62l82GXzv9D/AHv+q/1X/tX/ALa/9sq0p06xx1fqHNblPlfx54l0TXofIz5X/Pb9z/qq8v8AGFnbw/uPPr1j4qQ6T/bPn2OlW0cfnf8ALKGvG/G3kQSyX3kf62b/AJZf8sqWJ/hEUlSpTPFvivNE2qxKv8Bwa/pd/Ys8IXXwm/4J5/CTwtdWPlyRfDiwkmi/6ayw+b/7Vr+Zr4nXNvLqrNAMfu6/p48D/GXw54i/Z38Bz+FXj/s+/wDAmjyw+V/zy+yxV4uYr/Z4HPh8TbFTS8hngLTZ7zXpL77DJ9nl/d/6mrnxU+Ic/g/w5JBB/rPJ8v8Ac1c0f4neHNBsPIn/AHX/AC0rl/GHirQ/Feqfv/K8uX/njXk0jtWJu/fPlfxt4q1zxVfyTz6VL5nnfua7T9m7UvEfhvxd5F9YyxW//LGaveP+EJ+HMOl/8gqKX/tjVfR7PwB/akcGP3cXlVZ2/wBr2o+zJPHnxP8AsejSf6P5snk181694wvte8RyTz2EscfnV9aax4P0PxJYYggjjjlrHg+APhzUrX9xBFTv7MMFnFOi/fPneDTYPsvn/wDPWpLzxhrnhuKMwXHmxxfvIf31fQkPwH0qby7HyP3cVGsfsl+HNYtZPPg/1tP2h2/29hKr985v9nz4w6H4klj/AH/7z/VTQ17JqWjnXrCSD/lnLXz3o/7MV98K/GUeraHPL/rv9TX1R8MdHvtS0aP7dB/yxpw+I8TMsTRrP92fF/xU8Nz/AAT+KNt4xsZ5ba38799XrHwl+M9jqdheTwX3mfuf+e1eyeNv2e9K+IXmQ6rYxySVwfgP9g//AIQ/VLj+wz5f2qb99DXpQxkYr3oHwuNwn7/mifK/jb9qL4H/AA++IN5pPxIuPs32qbzP9TViz/a6/YfvP38/je2jkl/6Y17p+0t/wTB0r4waNcT/ANh20VxF/wAtfJr4rvP+CfvhzR7qTSr6GKKS1mrhxHsZVPaSge9gMbUrR9jCXwn0B4W/aQ/Yl1OKQf8ACxtNj8r/AJ7V0Gj/ABs/YfnPkT/GLRLaT/WTedNXyvD+xPpVn/qPs1Vrz9kTSr3/AEi4gtpf+2NL/ZqhtVw2MPsnTfi1+wxN/wA138Lfvf8AnteUQ+PP2LZpfIg+PvhL/wADK+J/+GIfDl5x9htv+/NV4f2G9D/ef6Db0/ZYcxWXYl/bPuSHxV+yFef6CPjh4W/7ZXlc34q1H9l7Tbr7fB8TtEuY/O/5YzV8hw/sQeHIRk6VFVeb9kXQ1/cTWH7yk6VG5pTwONp1PdmfoJ4J+JvwIs9NjsdD8Y6bcxyw/wDLGao/jBr3w4h8LR65YeJLb/rl51fEfhv9nv8AsG1jg0o+VHWwfh7q0Gl/YvPllj/67VVOhQPQl9bX2zqLP9o/wBZ39x9uv4o5Ipv3MUU1eyfBnXtK8SXUeq2M0Uccv/PGvjfUvgDY3l1cTiDzZK9k/Zv16+8E3VvY/wDLOKHy/wB9U4in/wA+ztp1K3sv3h+ff7NPiTxR4V8ZXHhue3jubPyZY/8AU/6r/prX3F+wmlp4e03UPEFl4ejmuJbzIubv/VN/1yr51/ZY+HGg2mmwfELxlNHI99Z+Z5RH+tr3fxVqXjPUPhh5/hwRafYS3O3T7XT/AN0Uirz1OjKrp9o/tHK8qqUsojhqn2z68+Fv7emm+EvEo0HxzDa2siDkQfwV9A3f7Ungb4g+F/P8Ma7aSTMn7k7q/GvWLLxxNqEc84+22/8Ay2m/5axUWfxU/wCFfXX/ABKtcvbaSL95++mr6HA5XVlS7HwXEnh9l0MdGp8LP081T4pxX+qvpnxU8KxS2Uv+rvYYfMR60PhL8IPh34v+Mf8AZ3w7tljt5LL7RdzwjpLXxp8Cf+Ck+ma9bx+FPG/hh5j/AKuC7hFfZ/7D/wASPDugLrfiq3sf9bN/oh/55Rfuq58TgvqsL1D4TiqhmGT5XNYSpy/Z0lozR/a/8ReN/wBl3w1e+MLbXUktoIZZY3zXxI3/AAWO+I8DbUvWMR6eXXTf8FOP20bv9oT4xW/7L3g27j2SRb9YuIpv9V/0yrxeH/gnVcXlh58F/L/1xr43G0MVjcb/ALMfaeH2T8KYDhtYjPYRdWfvanungL/gr/4QW0uB4r1SUXPnfvszV2ln/wAFaPgf5vnzQXMn/bavhP4q/wDBP7xJ4L0y88SWVncy+V+861xem+Dz9ljg8ivpp4aeGwcIVPiPybPMNw/j86qvCR5Ycx+lln/wVQ+AM8XkH7bW5o//AAUy/Z6hl8ifVbny/wDptDX5h2fhWDzfI8j/AFtbE3g+Dyo/I/8AIM1Y06Z5NXKstifppZf8FLP2c5ofI/4SKT/XVqQ/8FFP2a5f+Zqr8s4fh7ffZeYJJZKLPwT4jhu8fYZf9d/z2panFUy3L31P1Yh/bk+B95FHPpXiP/W16J4D+PHw5160+3TzxS2//Pbya/JvQdHngMdv5EkdfaHwN1K4034N+TPBJ5lrZ+XWtGryr94edjMswlOl+7PqS8/aE/Zy83/TvEemx/8ATGarn/DQn7Nk1hJPbz6bJ5UPmf8ALKvyf+PFn8RtT8WXE9jBc/Z/O/5ZVyf9peONB8G6hqonvbbytNl/ff8AbLyqjD4yt7b2cDjhlWC5PaSmfH/7VGvT+PPih4g+I05/0jWdeur3/rl5stcH4Vm8mXz/ACI5P3NdZ8coTCLe3t/+ePlzVx/hqbyen/LWvp17kTXLmpPU9M02987TP3B8yOtzwfeXra1H5Fj+8lm8uub0eaCG18ieeWus0fxV5N/JPBPFJ5s3m+T/AKr/AL9Vvzcx6FSmfRHwT+IWuWes2eqatbyxx/8ALGW7/deb+6ll/wCWX+t/z/z1i832D48fHgax4Dj0vSrGWTyrPy5pZof9V+6ii/65f62Lyv8AtlFXzn8K/FV9Nfyarquuy20n7rzpYZv3sv8Aqv8AW+V/1y83/wAhVsfEL4nedFcaFY319Lb+T+5/tC8/z5vlS/vYv+WVb06p5NTDfvvaHifxT8VX15f+QfMj/wA/6qvJ/FV4s37if/ntXcfE7xJpV5f/ALiGPy/+mUP/AKK/e/8ATWvP9eEHmyX3/LSsqhseN/E6Fhf5nNfvJ/wSv+LXhfx7/wAE7vhn4q8Tar+80bR5dBvP3P8Ay1sLqWKL/wAhfZq/Cf4gQ/bJZL6v1A/4Nu/jvoWveA/iB+yT4xnik/fReJ9Bil/7ZWt1/wCirauHGxvhDwo3o5j/AIj7c8SfFr4V6ndSeRqvlRxf8tfJom8VeBrPy57fxHF5dXPEnwl8HQ2txP8AZ7b/AF37n9zXL6l8K9Dmtf8AUR+X/wAtq+bXsT1p+0ud5D8VPhzNax58RxR1z/8AwsLwBZ38k8HiqKWSuXs/hTYTRfZ7GD/VVj3vwZtxdSX37uKStv3Zzfvj3zR/jx4A/wCEcydWj/5a1zfgP9sHwBp32zSp9Vj8yKavK9e+G402w/cQeV5v/TauHm+CVj9gk/5aSed++lirSlToTOG2IZ9aan+1f8OdHijvv7Vj/wCm1bln+2N8P7yKOf7dbRR/6v8A11fJc3wrnvNGkt76D/VfvKj/AOFYwQ+HI/I/1daKGFIWHrs94vP26vhX/akkE+q23mV3nhb9t34caDFH5GuR+XLD/qq+Mx+z5Ywwx33kRSSS/vP9dWxoPwx8618jyP3dOp9W+waewxJ9UXn/AAUs+FfhXxlHBquufu//ALVXaeG/+Cn3wB8SSxwaRrkUtx/1xr4L8Sfs9waldSHyP3n/AE1qn8H/AID6r4P8Xf2rP/q5Zv8AUzf8sq1XsTOrhq1VH6EfGf8A4KcfCv4e+A7y+1Wf95FD/wA8a/N/R/2rtV+MHijVPEcH/HvdTeb/ANcq9s/aE+G+k+JPh9eafP8AvP3NfN/gP4Jz+FYpJ7exloq1aU6XKVlOXOjifaHoEPxI1z7L58F9xVO88ear/wAf0F9/12hrDm02eGX7D9hko17Tf7Ntc+RJ5dcySR9pT9iak3xU1Uyxzm+8qrH/AAtTVbP/AFF9+7rk/J86xknMFU5r2Dys5l/65VqaeyoncWfxV1WfkTx+XUmpfEi9/wBf/q64PR/3MvkX0En73/lrW5eTQWdrgUGlOlROkh+KlxnbPRqXxUt/Jj/ceVJXF2c1vN5mDUdn+58zz4K0M6mGoHWQ+PNK8r/US1hxeN4bPWf9BvpYq4fXdduLO/8A9R+7rL/4Taxhlj/6a1fskZVKdGkL+zS3w20fR9I8SfEXU4xY2sUsn2CWH/W/88q9b8QftRfs/WkMmqeG9J864lTCRyr5a/8AfFfFHhXXfEHiOWTwNBd/Zoo4v3Blk712Gs+CYvBnheM6u11Nc3X/AC9xRfuoq83LadJ4r4D+1qdfCVrVJc1/uR6v4f8AiF9ju7j7RNFLJdTeZ5MVcX8WvP17WbyeD7NbWcX+uu5v9VFXH6PDfabF/wAJL5H+tm/0O086j4hQa54l0uT+1Z5PtEv+ptLT/VRf9da/TMJOj9X5D4bifG4utX/dknw8+MGh/DHxlJY33iTTbm3urPy/Ou/K/dS1+jH7JfxCvtS/ZsvPH9lP+7ls5a/GHxl8OPEOia7bzXEUz+bcxf6z/W1+x37PepQeA/8AgmFrE89x5f8AocsUPm/63/VS18fxXU5KFoH5BjKuLxmNjhMUuVSkj4I/Z8v/ABl4l/a2u/F17BLcz6nrE0vmzf8APMy/uv5Cv2P+FcPg6z8OW994qni8zyf9VX5//DHwrY694Nj8R+DoP9Mi/wCW0UP72voj9mPX/EepWtxY+I4LmKT/AFfnV8HgcVUlV/dnvcd5TThgKUcPV0irH2B8GbP4SfE7xleeFf8AhHYpbOXR5f8AWw/62vJ9G/ZL/YYhiuIJ9c02XVIryX7ZD9si82Ku8/Zv1LQ/h74tk1zxHfeXH9jlj86vzz8SftF+HJv28PFnwy0m+lkt5fKjhu/+WXm+V+9ir061Ss5/vJH4VhMLjMTXqey5vdPry8/Y/wD2NLz/AI8b6L/v9FWfB+xb+y7NN5/9uSxx/wDX5Xjd54qsdHuvInvpIqjs/iFY/wCostV83/nt5tH1n2R3LLsTWWtSR7hD+xD+z0f9R4ql/wC/1RzfsE/s9TS/8jxL/wB/q87s/El8f9Ig8r97/wBNquf8Jtqoijgx/qqPrxP9iYz/AJ+naT/sE/A//of/AN3F/wBNq9Y+Ff7PfgDwq0elDxHbXMf/AD1mr5r1LxJqt4PIgvrnzK8b+JH7Wnxb+GPxp8L/AAy0OfzZPEd5LF+9/wCeVbUsTSv78TDF5RmEqXs6cz9PIf2e/hJqX7i/m02Wvlf/AILM/Df4SfA39ii81vw5Bbf2hrPiSw06Hyf+uvm/+0qz/wDhbfxN037P9u1T/Ww+Z+6r5L/4LGfGHxVqXwb8J6VquqyS28viqKTypv8AVfuopa9HA4zCVK37uJ5yyDM8FH2lWfMfB/x3s7HzbfyJ/wB55P77/prXD6DZzwy+Rmug8eax/bHl/bvMlji/1376q+g3kEP+onr2qjVQ9PLaTdSxqeTPZxR/uJfM8nzajh1m/EseIP8Av9XQaPeWN5Yfbpp/L/5Z+b/z1rLmHhWG53C48z/trXPUxNGkfcYThrF4ul7RHcfDDWL+CWSf+yYpY5f9dF51bHjzxV/onkf2V+8ih/5bVj+ArPwpPDJZX19HF/zx8qpPHnirT9BlkshqsnmRfu/9d5VFPGwKrcJYiFHU838R3k+sS/uPN8z/AJ41z+pWd9BfyQXA/wCmddBoPinQ9S1CSxnt/Kt/O/5ZV3kPgPwNeRfbv7V82P8A57Q1pTxMavuHl/6tT7nznr2jwTWtxu/8jVq/sX/tH61+yH+0l4f+L+nP5qWE/lX0H/PW1l/dSxf9+q6f4keD7GC6knsP9X/zxrxPx1pE+m3nnH860/ir2Z8rnWUVcI/b/wAh/RRpvxC134qaDb+I/DelfbrO/hiuYZof+WsUtF5Z+P8A+z/sMHge58v/AKY14J/waw/td+KPj7rHi/8AZJ+Jelwat/wjHhe21XwrcCGLzYbWKUWssUv521ftH/wpPEX+j+AIuf8AntNFXj/2RXVSx8tU4jp0lrE/M8Wfj/TPMt/+EOuY/wDtjVO9g+I00Uf2HwPff9+a+tPjv+2R+wT8IfE954B+Jvx+8C6J4gsJvLvNJu9Yi82KWjwH+0V+z18SPDf9q/Dnxjomt6fF/wAvekzRS+V/36p1MuxNB+/H3R4fOMPiH7sj4r8S3fxili8+D4c3sscVc/4VvPiaftFhfeB76KP/AJ7eTX3pqXx4/Zs0wfZ9W1y2i83/AKc6k8N/E79mXWDJ/wATvSP+21edUqqlL92elGq+kT43s4PFf2WT/iRy/wDfmq8M3iOGw8iDw5cyR+d/zxr7M1jxt+znDdf8jVokcf8Ay3/fRUf2l+zLeeXPB448P/vf+WMV5FRGpWS+Ez+sOO58d/bNV8qOCDSpJf3P+pqxps2qxSyCHQ7ny/8Alt5sNfYFn4b/AGepopPI8VaR/wB/oquWfw9+B/fxHpv/AH+irP284fYNPrx8by6lqs0sk0GlS1n6PeeKtZ8XR6VBpMscf/PavuyH4b/AL7L+48R6b5lXLP4J/CObS/t1vq1jF/y0+1134KliMe7U4HLjc2o4Kj7SqeF/FT4D6H4D8B6f4j8R30stvdf67/plXH6P8N/AGpWsU+hQfafN/wCmNfXHxC+Huk/GH4c3ngfSr+2uZIvK8mX/AJ61538H/wBl3VfAdhb6VfX0cslr+7rphkmLp1f3p5q4nw7pXpM8D1L9kW+1iw/tX7D5X/bGuL1L9lHxVNFJDPBH+6r9OP8AhA/Dnhv4aXF9qlvFLHFZ+bNX5/6x/wAFaP2SdA+JOqeAPFd9FYyWE0sfmzTVs8tqVKvs4m+G4krKHOzyu8/ZX8VeVJY/2V+7rDm/ZX8VTQ/Z7HSpJfKr6Q8Ef8FOf2NPEl1JBofjjTZfN/d/8sq+gPCuv/DLxJov/CR6VBbS28sPmedRVwWIwnxnoU+JlON4n5zzfsu/EACP/QP+2NV7z9m/4jTRf8gr/VV+gl54k+Ek1/JAb+2jq5Z6l8HZZfP+26bXOqc31OlZ/W/lPzv034A+MYf9f4ckqPxJ8DfEkOn/ALjw5L+6hr9DJtN+GWpy/uL6y8yo7z4e/D/yvInvrGT/ALbVqqFQX+scv5D8f/G3gjxhpusyW48OSyR1z+seA9Vh8u4n0KWOT/rjX7GXn7Ovwr1gefP9hrLm/Zj+Dt5L5PkWVaFVM4hVPw31N/hB8PvEd3beOfB9zqTyabFc6NdWmpfZvssv/TT/AJ61sfD3xVBo8WqWPiOD7TZ3U32mzi/6ZS1wHxw0u60zT7bxNdebcy3cX+medUS+OvB1odDtp9UubbS/scX2yH/W+VWWWqjGfOf2VUx9TCYiUK32T0ib/hHJr+PVbGCOK3i/efZJpq9cs4fgf8VPBNncWMFt4b1S1/d+bL/y9V8p+PvjJ4Hd5Y/B9he3ElxL5ccV3+7i/wC/VeseE9XfUvD97qvjvw7HbvdeVJpen6TN+6ta+xpP2SPHzDiPLakvdLk2kaHr1/eaHquhxSXmlzeZZy/89a+3PgP8VPgf48+AUn7NnxG/4kH2r/l7hh/1v/22vzH8SalfQ6rceI77xj/ZFlazf6mab97XYeKvidrnjb9ni48R/DjXfMvIof3Mtp/ra8TH4NY+U+eXQ/BuNuLsLUzSm8Nf3dz9rf2O/hX+xfefDd/BvgXxLHM9r/rTNa+UZa9X8N/so/A+G6kn/tz93/0x/dV+b/8AwTU8NfFTxV4D0fxVrmuXttJLZ/6Z5X7qvoj4hax4j8H6XJ/ZXiPVpLiXp/pktfL4LD4SlLU+LzDNc1xbk41ZWNj4teJP7H/aDvPhl8Mp5LnS4ofLvJf9bX5OfHLTPEHww/4KM3Cj90ZfFdrJ/wB/a/SP9l3WJ5vihrH9rWN9c3EtnFJ50372vz//AOCleu6L4b/4KCafrt9fRx/vrWT/AL9S1nj4+1d4wPoeA8XGhVq08TL4os+7P+EJsYdLjnn0OPzJYfMm86H/AFtcvqXhvSvNk/4kdt/35r1zwH8Qvhl428JW848SW0n7n/lteUTf8Kym8w/btN/e/wDTbzK86x6k8XRpSaPJzoOlTeXcfZ/Lkl/55f8ALKqf/CH2H2v9xqsv/f6vYP8AhFfA+pfuYJ7aLyv+eUP+tqvD8PfCv/PeLzK0sZLHUZHl83g/XIYftEGqy+ZXzX8Yfht8Rrz9tL4Z+I5zJe6fYalL50v/ADy/dV9wTfD3Spf9RfeXVz/hVfhWGW3v76+tpJP+m1K9TktY5qmKcVeEjyP4neMPippviizt9D8HWN9p8UP+u87ypa+X/wDgqhrGq+Nvg/of/CR6H/ZsdhqUsnmw/vfNl8r91X35eeCfB15dc30X/f6vl/8A4LJeA/A9n+xRceMdDn/4mmja9ay/67/llL+6rPLMLVo4lPmJxOaLEYf2bR+R/iTUtV+wSefUfhvWJ5pfI8+oPEd3FcaI8ltLmM/vKt+CIIJrWSf/AJ5Q19j/AMuTly5qlib0ztNH1LXNetLfw3pUPm17p8IP2HfGXxDv4rCfVfs3mzRfvfJrxf4Y3s9nqkeq/wDLSKb/AJZV9ufAz42eKrPWbP7dfebH50X/AG1rClg6T/iH0uO4qx9Gl7Ol7p9VfCL/AINxLy5+Glp4rvfiesmoXVl5kVvDbcV+ev8AwUI/Y/n+A/i2TSrG++0yf8tv31fsPoP/AAUzk039n+PwzpVt/pFrD5f2uW883/VfvfK82vyc/bY+I8/jfVbjVb+/lkklmlk82Gbza9CphaP/AC7Pk6HE3EGIrctep7p4P8Av2Rfip8ctZk0nwdodzLcRf66GKH/llWh41/Zi+Mfw3v7ix1WxkjuLX/XQ3f7vyq+7P+CM37QnhX4TeMo/EfiOeP7PdabLbTS+T+983/nrXoH/AAVK+J3gD4qeI/t3g7S7aSOX/j88mH97LF5X+trWlgqQv9ZMaq3sz8e9Y8SarZyyWF9D5scVcP8AEKGDUbC4vhB/yxr6A+J/gPQ4dQk8jzYv+mU1eH/EHTYNI0u4tv8AnlWEqfsa534zEyxuV1Oc+0f+DUn4pwfDv/gq1aaRe38UFv4j+G+s6bMZf+mXlX//ALa1+sH/AAXC/wCC4nww/ZE+Aeq+Cv2f/ixZ6n8R9etJbXSItIlil+wZ6XUn/XOvxi/4NyPh7rPxI/4KheHtL0G6giuYvBfieSGWb/ln/wASqaL/ANq1L/wWq/YE1v8AZv8AFVr8So/HMOtRXk32bWIzLmWCX/lmQP8AnnX0WH9j7By+0fhONp1p4xQ+yfC3jDxl4p8ea9d+JfE+u3mpajfzefeXd3L5kssvqa+hP+CWX7eXj3/gnz+1j4f+K3hvV3/sa/vIdO8ZaTJkxX2lSS4kR4+hkj/1sfoR74r5jR57WZXgZ0kHQivpzxF/wT//AOCjvj74S6T8Wp/2EvHcPhvTNFMg8T2vgS6jF/bSy+b9qllEf73/AFv+t/5547c1xVbVKfLI6KV6Ez+mj452fhX4heF473SrGxk/6beTFXkem/DHwr5XGhxeZXJ/8EjvAHxi1v8A4J86B4w/aK07Up9f8RH7aG1bzftJi83yoq9gh+Ht9puqXEFvBJbeV/36r84xeHqUsRufpWWYijWwhy+p/AHwPr1r9vuNDikjl/6Y1j6b8AfBukWEfn+HI5f33+t8mvozwr4JsfsFvB9tj8z/AJbRV+dv/Bdr/gpT8T/2APGHhP4d/CjwzptyNd066uJpruH/AFXlSxf/AByu/LJVKtT2UpHPmCpyj7RfZPqKH9nXQ9SsJJ7Hw5bRR/6ysO8/Z18m1+3W+h/u6/ITw1/wckftb6PaW9hqvgrRLlIu3neXX7If8Epv+Cg/wx/b/wD2Z/8AhaXivRI9O1SwmlstY0nzvM8qX/nrXr1sDOlT5rnjYbHUKk7cpjeG/gmYbr7R58v/AH+rh/8Agpd+0zJ+xt+ytceOLWC5ubyGaK3tLTzvLilll/dV9IXnxI+Fdnr0ll4c0qS2/ff66L/VV+bH/Bzl4zubn9mrwVDp9zi01DX5Ypov+uVduQVp4evzQPI4moUsdg1CXdfmfEXif/guN+05qEsl5oGsXGkzZ4k0/UZf3dfbP7HH/BabxN4x+D2h2niD4h3174s/1d5p3keZKZYq/DuQglowuSTX3z/wT10f4VaPa+FPFOgaSY9R1nTZbLWPPk8yP7TFL/rcdq9vN8zqTw95fZODhzIaNbHU6FOPxM/d79m/9vzVfjB8INQ0rxVPFFcWsPl/vq/L+H9l34c+KviX4s8VeMfKuZLrWJZP30NfYn7PfwO8n4X3muQa7+81T/UxQ/6qvjvxhqWq/BP4l+INV8Vap5ul3X/kKWvncuxzrz9pI/V3wl9SbpqHxMufDf8AZF/Zk/4SnieOyk/57Wk3leVX6MfsH6F4HvfC8nhXx/44/wBHtYfKs4pZq/Hvxh8VPEdnqn27wdP9p82b9z5Ne6fsl/tReN9N+LWhz/E2eK20+1h/1X/TWvTxEqeLo/EeNnPD9bLoe0UfwPvz45+A/wBnrQfFsljB8Roov+mX2yuP0zQfgf5v7jxx5v8A3Eq+V/2nPEtj8SPjJeX2h30svm2fmfuZq5PR/Cvir/nhc148oUadTlPMwcq1alzWPvTQfDfwkB+0QeMYvM/7CVbH/Ct/hleXX/JTZY/+4lX59zab4qtOIPt3+urUm0HxjeQ8/aY/3P8Az2rTkh/MHJzH6Aad8JfA88X/ACVyT/wcVsab8CPhjeyxwf8AC4pP/BxX5x6b4V8f58/7dcx/vv8AntUmpf8ACf6P5k8HiO5ik/6YzS1nz3K9keMaH4DtviF8HbPQ/E9j5lx5XmiavKvCvwk0fTfjDeeF9c039zEYvsa+T+6llr9DT+yNYeFdCsdW1rxDHbfbf3kVhFD/AO1a5zxx8Ivgd8G9Wbx94v8AFEEl5L+8htIoPtN1/wB+oq+YwmZSwFb94f2lxBjKWZYdzwlPmmfPOjfsDyfGb4o6PNez/YZDN+6ii/dS1+kHwp/4IFa7feE7S98Q/Emzj+0WkUkVrFbfvB3r4v0H9tjwdoPxPs9V8D+BvEF9eWHm/vrvTfK8qv1//YU/a18XfHf9mjRfFulaDFIW00eWZZv3pxX2+X5xQzKt7OB/LnHGJ4k4epupUhyQl95/PJ/wXM/YA1r9kr432/h7T/EMl1JdWfmzWkVdB/wTo8DLr37NcAvNFkWTPWWHrXo//Bab9tifwR+2drGk/Ffwel/qCD9w8EEUsWP+2teY/An/AIKm/st+AfDEdrc+GdWgn8/fNBNZReXn/tlX3FDJcFiuaFSqoe7+J+Ez4lzGNSOIVOU/e/A/ZP8AYI+D48B+DIz4ksIoo7/Tf3NeufEL4DeFde0G4vrEfvIof+WNfJn/AASd/wCCn/w7/bu8aXnwa8EvLa32jabFc41CIR+bF+FfSf7Vf/BSH9i79jOMaD+0L8b/AAv4X1GaH99pAm+033/XX7NF5svlV8tX4WWDl+6nGZ9LS4yVar71Nrm6W2PE/gzD/YXxp1Cxgg8yTyf+eNfmv/wV6+Euq+JP20tD8U/2VLFp/nSxzeT/ANda+wfBX/BbT/gljZfFG41uy+N8cUcv7v7XNoN/5X/oqt/xP42/Y1/bL8ZWepeD/jF4X1+O/wDN/s2GLUovNl/7ZV5GLwNalD3YntZZnVCONvLY1P2e/hL4AvPhVpd8bCOL/Q4v3v8A2yroD8DfA83P/omvTPAf7Peh6b4Sjg0q+/0eKH/VVYs/hvBpsv26+/494v3k3/XKvAXspVrHvVcWuX2i2PL4Pg/pf7yx0mxuZPN/541H/wAMx+P7u6/0H7TF/wBdpq+G/j//AMHPmgeCfinf6L+zH+zho+paDYzGOPWdWvZYvt2P+WscUX+qj9q7n9nD/g6wj8beO4NM+Jn7N/h3TXuYfKM39uyxRS/+Qpa9KGU1ZHiTz9xq8kEfX9n+zH8VNOi8/VdVubaP/ntNDVPxL+z34/vLD9x45tv+/wBXvv7M3/BQL9l7/god8LNRvvhPrix6nYQ+XrGiXf8ArbWX/wBqxf8ATWuC/wCEbvv7ZuLEzy/66uGupUavsj06OIrTjeZ4Xpv7JXxp1/Uc2Pj+x/13/PaWvI/27f8Agnp+0n4/+BXiDwfBerf3kln/AKHBF3lr6m+MqeE/hB8RNO8LL8Urmz8R31rFqM1rFD+6tYq534+/tI+IvDvh5/EFv44sZbeMeXNL9si82nTxGFo1P7x9Rg+F8+zSlGUYctOW0uh+K3x7/wCCb/xg+AHwEl+Mniq5lt7mwm8vUdLktsRrHL+64rwb4YXsVza3VoIf3iiv0a/bY+M3jD4weA9Q8H6r4/vbmzv4fLmtPO/dV+bXhOO48NeNbjQtUtJIp8tBNDL1Eme9d1HGRxdOVo8vKb1MmxfD2Opwr1FLm7Hqvhu8g0by5/Pr1TwT8SZpbm3gx/0z/c/62vF7vUvOijDD93XUeCdY8m2ksf8AVeb/AM8q0w9U9LMMNSqan1h4V+KlwfC0ljb30sskv/LWHzf9b5VeD/GXWL43Ulvf3Evl/wCsh8n/AJ5V2HhWaeGwjvrDXPNk/eyfuf3UX72L/tl/z1l/9pV538ePt02s+R9u+0/ZYYrbyf8AplF+6/8AaXm16XtP3J4NDDfvTQ+BvxU0rwHdR/8AXbzP9TXsGsfHHQ9esI/P/wCufmyw/wDTKvkPw2L6a/ksZ/8Ant5ldhqWvTw2H2GCeX/npXNSxNjT+x037Q2Pid4r+2azcH935cs1eMfGK6jbRZ1mP7wxV3evax5trH58HmebN/ra8f8Ajfroad4Yv+WpyaXN7bFIvMalLCZRNH25/wAGsGk6Vrf/AAVVsU1+zlubQfD7XftEcbbf3Ziii/8Aalfqd/wVr/ZF/wCCWfwj/ZO8ceMZfhGk3ii/0e6j8NxSavd3Esl/LF+6/wBdL+6r84/+DVTw9Don7R/xX/aI1fBt/CXw0/s6Ey9BdX93EY//ACFYy163/wAFpP2jfEfxQ8FafoWlt5dvbal5nnR1jmOZSwVVRieRwhwRiuJaNTEr4YH5ban8OC2mRsfDkfmReV/1ylr7a/4J0f8AByh+09+w58K9G/Zz8ZfD/TfFvhzQf9G02XUJfKurW1/55ebU3w/8Z/szeM/hXB4i1HVL7w1qulQ/ZtOHhmb7DdWsssX72XzP+Wv/AF1r5m/av/ZU+I/wF/aC8TeCfFfiOTX7mH7Lc6peW/iM3Md1FLFFLF+9l/ey/wCsr0qVV0sJ7aptI8rGZDVxubfUaFP3o7/56H7c/sO/8FadJ/4KX/GfVPg9Z+HdS8C6f9j+0+FprSb7TbXUUUvm+VLJ+68qWvoTxh4V8f8AhvxHJBca5Jc/9Npf+Wtfjb/wSO+J4+G/xk0m5bRRHHYQm6tp7Zv9VEP9bFJX7DaZ/wAFAv2bPiHf29jcX0kV5/q/3tfLY10sR71OJ9fmnCk+H6VP2c+dSjeWy5X6bm5o+peMbO1j+3QXPl/89vJr8aP+Dl2HU/Efxv8ABGq+fNcSx6VdxbZP+WQ82LNfvPo1p4H+J2l28HhzxjFF+5/5ZV+fP/BbL9izwusHh/4jeIr+2vI7WaWOGY/62Xza5IVamAftuS55GTwwmOxf1XFS5Iz+12P5z9Y0S8mXfLZMhA/hWv2E/wCDXbwzf6j4X8fTT21zJHHc2vENeXXX7Hnh7x7pItLHwVpyLL/y2EMXm19Yf8E2PF+ifsIeGbjwXpMcR+1zeZPHH/y1r1qOdfXKPK48p6PEvAeAySMcTh8VGcf7u/3H3XqXw8nHiPyLHw5c/vf+eVnLXw3/AMHLn7O2pXn/AAT/APD3xGtdLu4Z9B8YR/bIrqDy/wB1L5sX/tKvvT4b/tmfFvxhN9u0PS7KS3/6Yw18h/8ABWr45a5+1H4W0vw744g8q38OTfaf7Jmh/dSy/wDTWL/lrXdl9XlhOcD83rqjXxMKdR+4fzoReGdUY/uIXbnhttfSf7FkXjTTddsNM/s6f7BDePcGSM+WenWvrjwr42+B+m3UcE/hzSYpP+W3+hxV9MaDZfDjx54Dtz4b8OaTbRxQ/wCtis4o5axrYnEY6hKm48vqfq/DeX8J8M46lj62I5+XXlS/zO//AGK/2m7PQbmz8A+No/N0uX93DNN/yyrtf2wf2RfgtqXhL/hI9K8RxXMks3mTRTf8ta5P9lH9nqf4tePLfw54V0qKLyv9dNX0p+1b8PdC+D/hyz0qexiuZPJirDA0auFpcshcdca5Zm2YU6uVxcf5j4g+G/7Mfw5husaVodt5ktcN+2Z/wTr+LeseDbzxx4OgubGOKH9z5NfYnw8BvBHPpfhy2i/ff88a7j4tfELxHN8Objwre6VH5csP/PGt6VTE3sfL47iKWLwfsqj94/Nv/glr8JZ/iT8btQg+KniO9+0edFZQzS3n+q/561+oGsf8EwfhzND58HxGvbb9zX5b+A9f8Y/B/wDbOkg8N/u7O6/eTV9uXnxg/ao8eRef4c1a5+z+T/yxrkxVXkq++fNYXFVKCkkY/wAeP2RPB3wr8Z6XocHxH1K5kv5vLh/fV9AWf/BMHQ5vBFvfQeONSiuJYf8AltNXwv8AEj/hpP8A4Whp994jnuZLiK88yzmmhr6os/jZ+2LqXhezt557aTyof+eNdM6lN0IL+YnDV8Q6s6kvhR6Rpn/BMHQ7OKMz/E256/8ATKsfx5/wTT8Kabo0l+fiNFL/ANdq8z8SftLftJ+FbTz9cg+zR/8ATKvjf9uT/gp9+014V1S3sdD1WSOzl/d/vYaVOlVpfwyY42jUl8Z0/wC0h+1h4ru/gX4W03wJrNs1/Fbf8TCLy/NlTjyq8f8A2b4vH/jDxTqXirxxa3Wo3GsW3lW2o3n/ACzPrXGfAf4m2WkfGnw5pfjC3jlsv7YijvYpf+eVftV4E/Y+/Z31PQbPx5oXiOyj0+SHzYfK8ryq+EqUquPf8p/dfE3FeTcC1IUIUeaMrvm+Z+UHi/4S+O9BmudU0vT7iIRQ/vTFD1r9Xf8AgirNfQ/sjWdj+6j8qzqv8Ztb/ZB+HvgHV9KvPE+mS3y6a5WIJ+9lNan/AARP8Larc/s0T33iOxlsvNm/cwy/88q+jyDL6uAxdNzfxH4N4pcXZZxjkftFS5JRaX+LQ/An/g4ROpav+3Tr+s3V7HJHHeyRhl6g+XFXwL8zSFmbPviv3g/4KKfsi/CTwf8At6eLPFXxN8Hf8JRby6b/AMSeGX/Veb/01r81v2uf2T4Lm9u/GXw6+HsumL53zWkP+qr7zE5nSpYj2b27n874HKp1sN7SHT7J9df8Gnnwy0f4lfGr4ptfRXPnWOh6ZLDJDdyxYHm3Xmf6rn/nnXx3/wAFt/F+peJ/+CqPxqurm+uXSx8XtY2hmkyUitoYoYx+Udfo7/waYaT4w+DnjbxN4vk0+zgt/Eln/Z+pNq179nJ8qX915frWj/wdLf8ABO39mfU9Qj/bi+AHjXwtYeNp5DF4+8I2+rxG41pT5ccV9FFziWL/AJa/89YzngxfvFDGwc5RUzBZfNS5rH4Sv5iyBvMzx1UV1Xwz8eeOvBXi3S9W8Ea5dwX9pq9re6altKR/pUUg8r9al+Gvwe8S/EvxJb+GvDt5YQ3N1L5cQur+KMZ+pNfpB+zb/wAEY9X+B1vbfHb42eMtE1rULMw3PhfQNGuPNj8z/n6uZe3lnBji7kCubF5lh8PT9+Wp6WEyjFVHzuPu9z9lPh78bPBw8GSWOZftEU3lzebD5Vdp4Ps/A/xa0TVPAF5qsltJr2g3+nebFN/qvNtZYv8A2rX5j6x8Qvjho1rJPcfafLlm/wCWNdh8B/jl4j+3x/25rlz/AN/q+PwVWlPFXZ7mMXJhfcPxx/aR/YB+PX7OH7TWvfsxeNPA99Hruj6jJbWpa3KJfw5xFcxOeJI5ByCOOcfTL1D9gv8AaV0Wyl1TVfhffxww/wCtkeaP93/4/X65f8FUPjN8OfG2jeF5/wB1c65oPm/8VD5P72KKX/l182viDQvE3iH4h3MmkWPi69uLe6/5ZedXbjs3x+HrclJJx87n2XB+QcF5vlE8RjqrhUjf3dOnqfR3/Brz4G8a+Ev2h/G15fadcCyl0G2iullPWQyy4H/fvP51+4OvfB++nv8A+110v/yDX5d/8EefGth8AtZuPBt9BFZSap/y9zQ/vfNr9UPF+l/Fm68Kx+IfBvxUHly/vP33lVk6qqVPbVT5HOc1ymFeNLCN8kNNd/wPxU/4LJftQRfCz9v42yahJbyWJEFyD/zzji8ofyrT+GXxNuPip8Eby+Gk3OpWd/NF5MMX/LWvkf8A4OFNH8e237ZC/E3xTLJJNqtoLeabP+sli/8A119Rf8EG/Eug/tDfDCL4T+PPFWkWMlhN5dmbqWKOWStJ5Sq1sTCR+n5B4uUaWVvL509OVRj8t/vOd8YeCYIYo7G+8HXMflTfufOs4q+Qf+CoXwst/BXxT8KfHPwtYtbaf488OxXVzFn/AI99UtsRXUX6RS/9ta/ez42/8E2fgZpGn3HiSb4p3Ft5UPmf6RfxeVX5zfts/BP4e/tCfs+ax8GvCojvfE2jXh1TwhMJv9ZdR/621/7axfuv+uvlVOExCp1uSR4eY4ypmkPaw6an5raDq51DSI5T/wA8a7DwfrwMXkT2/mRxf9Mf9VXjngfxBLZXR0u4PG75Qexru9N1j+zbXmf93LXo1IckrHq5ZiqWOwmu6PYIfG0+j6fGLeb93LN/qf8AllWP4q16x1i1k/0G2lk/57Rf8ta5fR9SnvIv39/5flf88v8Alr/qqNS1j7HLH9vnkuf+21dH/Lkithv3uhj/AGz+0vFvn5iikl/55Q1qTax50scFcnLr839s3Gqz28Unm/8ATGrEOpeT5dZzO2nCn7HU6jXtSt4LWPz54/8AU14B8QtXbV9ckfpk16J8RPFkUFlIiDmuK+Enw48T/HH4r6J8NPDFu9xqviHVIbOzjHUyyyAD+ea1wNNxTqzPguKMRGtOGFo7yP2v/wCDeL9jPx3ZfsP6r8Rb/Q/ssfxN177Ta3bTeX5thYn7LF/5F+3V6Z+11/wTR1T4m2Ooaf4e1D7ZJa9o5vMr0nwt8UYf2XvBXh/4I+CbOSy0DwloNrpOkE/8tYoov9b/AO1a6jwz+0tfQ2EmreR/5Br4rOp1cTirxPrOHeJqvCGHhRjOOvxRPwq/az/Yl+Pf7O3iltG1LRroWdy3ySt/q2+tcpefFT4na66H4heJ4Xls4oof9KiiMkoiijhjHrJ+7Edfrp+2B8ZtK+Nkv/CK33lxRyzV8T/Gz9hXRNSv9c8V2PxcsbaT7H5mj6TND+9llr1cur4nFRhhpnl4vjHAYbG1MfThyt+en+Z7Z/wTr+BFnN8B5PGOl6JKdQv5pZJv3P73yv8AllR48m1X4b6z/at9pVzF5V5/yxqv/wAEzfFXj/4P+LpPEfxi+JsXlxWf2b+zov8AVS1qftgfGbStY1m8/wCEcgl+zyzfuf3NdeaYOeVuP94+awXF9XO603Uet/wPqT9iz9urw34kto9KgvpfMi/d1T/4KgeJNV+J3hKznsNVuf3X+ph86vjv9mP4Y/FT+1P+Eq0OCWO3lm/5ZV7h8cvHfiOHwrbwar+9ktf9TDLXn0Kv1p+zRnndSnRwsKq7nm+gzeMfB+jW+larqv8ApEv/ADxrrPCvwT1zV9U/4TG+1z93/wA8q8bvPip4xm+IUd/4q8OfZrP/AKZV1HjD9rqfXtP/AOEV8AQeX5UNa08POB8/UxtetyLmPvD9hX4w6H4V+IP/AAiuq+VJby/u5v8AplXoH/BQ/wDYJ0r4naX/AMLN8D30VtJ/rJov+etfnf8Asf8AjD4j6b8Rvt2qzyS/9Mq++NY+P3xw+JHgP/hAPDmlSyyeT/x9+TTpYqGEq25jqrUJew5pRPyz+LfwGn8H/FHz4LGX/XfvvJ/5619KeD/gz4jh+F/9qmCW2k8mj9qjxhffs3aDJ4r8cfDmW+vIv3kMs0NcPZ/tO/Hf42fBaTxV4V0OLTbP/ljDDWlTHVW7U48x89VxNOE/3kz2D9ib9orVfgn8VfInvv3n+r8qavoT4zftCWPxDv473xxbxyW/nV+Zf7Fuj+MfiT8S9Y8ceK9Vl/0W88uHzpq+iP2ih8VNH+H0mq6HZS3Plf6matsvxEsXWlB/ZFQzD2XM4xPrjwr8YPg7oNrHBpMHl1T+IXxy+G/iq1j0qAxfvf8AXedX4v2P/BRj4yal8Srf4d2Ohf6Z9s8qaKaavrDw38YPGM1hb22qz+ZJL/rvKr1608PQjy83vl0P7QxVa/Jodp+0X8JdK0HxtZ+OPDlx/wAfU3l/uq+kPgn8QtD8B+A865fW37ryv9dXSfs9/AHwp8SPgrJf30/m3ksP7mKb/llXzv8AH74Yto/hPUNK8SX1zZSRTS/6qby68TDqOKxf7w9bOqVWhg4+x3Ow+MH7Y/wd03xRbzz31lL5VR/8PaP2c/DdrHBfa5psf/bavxQ/aO+P2qaD8XZ9D0PxPLLaWE374ib/AFtc941+Ofh3xfYR6VBB5kkn/bSvtqeBy9UT4OLz72lpS0P2AvP+CkHwz/aE+MkfgHwPfRalJ5P+qtIfNiiryv8AbH03w54ksLzSp/Cv/LH/AF3k/wCqlr6E/wCCS/7M3wQT9n7T/EvhXwdbWUf9m/aZvKh/e3Uv/TWWj9sDQfB3/COah59jHbeVDLJXz9Wqo1v3cT6fLcnnW/iTPzf8R6ZeeFviNpeqmD/VXkUs1fqR8Pf2nPB/gn4I2elC4kljlhtZIbSGvzj+PE0Bv7e+sf8AV+T+5r3z4YeJLHUvhVp+rT3EX/INir4jDRhOsf254yZfGVKFSn5n2x8H/jl+y94kij/t2CxluP8AqI11Hjz9rX/hA9LvIPA/iO2treX/AFMNpNX5f/EL4hWWgyyf2VP+8/55Vn+FfjkLzQfInnl8z/prXvvEOlS90/mmeXVK0LXPfPjZ8ftU8SeKLzxHrk322SX/AJbS18T/ABO+M3j/AOLfxut/hl8ObHzfK/eXn/PKKKvQPi18fvCuj/DnUJ76yikvPJljhilh/wBbLXUfsB/sra5pvwguPEdjbx3vizXv9J1i7l/5Zf8APK1renFVKHtah41eSwj9hS+I9Q/Zd8N+OPBNhb6VoWq+VJL+8m8qbyv3tdx+0V8B9c8e+Dbi+1W/iubzyf8Alt+8ryu8034/fCvxb+/sZPL86tjxt8ePFc1hbwT+ZFJWFKpVp1uY82p7anT98+G5fgnpXgP4yR+focVtefbPM/1Nfop4k0Hxj/wpHT77StVl8yKGL9151fI/xOs9V+JHxg0/yLD95/z2hr6U8La/fQaBb6Vrmqy+Xa+VH+9/e1eaUnWjGoaZRiqnPKlNlj4b6D8YtY8OSfbvNlj/AOm1eD+NvG3xb8N/H3S/AGleZ/p83lzeTX2RZ/EPSbLwRJ/wjk8fmRQ18r2fxO0rQfjdJ4q8Y2MslxF+8h/c15WUZfXrY+MZS905s+xdTAYSU4e8eyf8FMvgDY/8Mq6fPocHm3EVn5k3lf62vhP/AIJ86Db2nxStzrl9+8lvPL8mWvbP2ov+ClZe0/4Q/T762ufNm+z/AGSWb91FXz3qXxJh+GPxh0++0rVY/Mv7PzP9Em/5a19RjsveFdr8x8dhs2xeOofu48p9yftOWfjf4b3+l+OPhlfy+Z5376KGGvsDwT+0h8YvEn7FEeuX19exXnk+ZNXB/sKw+DvA/wCy1cfE340iPV9curPzIZdQ/eeVWH8K/wBpyx+JHwG8SCCe2j8rUpY4Yf8AplXhwj7ZXiYYOjjKeInHEf8Abp+SH/BTr4neKPiJ48t73V9WurkRTS/8fVYv7B3x/j+GHjiPSTObYXc0W2PzesnrXtPxg+OfwTuovHHhbxFHbS6xFZ3X2PzYa+MvCuja7FOfHX9nSTwWlwGyh2BZD06V9XhZwpYTlZ9DgcHj8RWtTp6xP218VftF+DvFXg2Owvp5bmT7HF/y+V5P4VvPhzD4ut9VsLG+ivLWbzIf+JlLXjf7HsXiD4zaBb39tLvUWf79Zpa6j/hI4PDfii4t5/8Al1/dzV4dWlThKfIfomRzxNeccPUZ87/8FZPgBpXwr+N1n8bPh7oEWm+F/HsMt7Z2lo37u1v4vK+1Rf8AkWKX/trXgfh3xadWsfszV9uftI+LoPjf8ANY+E99oP2n99Fe6Pdn/W2F1F/8di82Kvzw8y78M6oY3jdXjfDoa7sK1iqHLL44nXjFiuG8w9p/y6met6b4km+y/YZ/L/11SazrpNrxNHLXGafrsN1bRiGbmtSCaG7th5xx70neOjPrMLjaONpc0B8NyZBJEIetSTax5M37/wD5ZVTmlhs4s/8ALSuU8R695EfkQTf6zrWsaftmeXm+ZUsvo6lTxr4h/ta6YQOSgPFffX/BCT4ReFvCviHxV+2z8To4orLwZYyaT4PW5Q4utYuoZfMk/wC2Vtn8Zo6+JPgP8H/HHx9+Kuj/AAl+HOgT6lrGuXgtrW1izjPXc/GBHHjzHPoPxr+hL4Q/sSfCPwB+zv4b/Z08J+IEmg8OaYIru7jiz9vvpB5lzdf9tJOK5c5zGll2GVPrI+HyvAYzOMXLEx+yfDn7R/7aWrXvjz/QfElzLby3n/LGGvRNN/aj0nQfhJ9vn8VXMX7n/lrXunhv/gmn4Hh8Wx30/wBmkkim8z99DWf+1F+zT4Hm8JSaHPpVt5nk+X/qa+Lr4qKUaptV4dxmLxDUqnvHwXeftC/8LC8byeTrkksf/XavEP20PizrWh+K9K1rS9XvRPa/6k+dX3P8K/2M/A8MUkE9jbeX/wBca+av+Ckf7Ea+C9Hm8V6PrlvI8UQktbSS65x/y1xX0uR4hVaytA+dzPIcZhVap8J8g6Z+0X8W/wDhMLXxD/wml6biPUY7g5m/d5Ffr3N8E/H/AMVf2d9P+Js/gWWy/wBDikmml/5a/wDXKvxJ0S1urrVoLaCHe7zIipjrX7ReG/2wPEfgP4LWfhSxsbm5j+xxR2f9oXnmeVF/1yr0eIeatyHHlqpYV3Sseyfs9/EKx8E+DY9KvoIo/Kr5n/4KBftRX2g+LNL8iCKOz+2fvq9s+Bln4j+KnhK4vr6xtopJf3lfnv8A8FMLPx7qfxi0/wCGdjpckt5JL+5EXevMyX2FOrLm+I2xuIrZnH2VPofSl38cvB/xI+GlxcWNl/pEUP8Az2ryP4D/ABU8KaD48uNL10xfaJf+e1bHwz/YD+MXhD9nCP4jYubi4i/ezWktfJeveMJ/Cvxfk8R635ltJF/rof8AnlXpUlTxXOoHnVMHjMBJKofqJ4D+J3g7wrqn9uT6rFFH/rPKr6s/Zo/bk0rwpdW//Eq8yO6/5azV+Nfg/wDa613XpY/CvgeD7T5v+u86Gvpz9nX45T6lFHomuGKK4sJv+e1cNfA0YL3zooY3MJr3/gP0U/bq+MHwI/aK+C2oaFe2FtLqHk/6qvzH/wCGlrf4L2Fn8FvB0/7u6/dww/8APKtj9pz9oK+0f7ZY+HLG5uZJbPy/3M1fEnwx1zxHqXx/s9R8Y6Re/up/9VN+9rpwFKjCMjyszweLqx9qoaH6R/BmaDwf8ILjxXbwRW3lTfvpv+etfVFn480PxJ+xlJ4xngjl/wBD8yGvI/Emm6HqX7FusWPkf6RLo/2mH9zXP/s+XmueJP8Agn3cQQeZ+6s69HLMFSpwnWZ4CxdaFaFM+eP+Cfv7Jui/Hn45eIPjrcH95daxL5MP/PL975Vfo3N8Dfg74DtvIvtD8y4/57eTXwH+wTrHjj4P2H2H+1fL828lk8n/AK6y19IfGbxh8afFXheS+0O+k8z/AFn7mvlszrR+vc576z/E0aMqaPYIf2rtD+Bt1HY2M/8Ay28uGGrH7bGj+Ff2i/2Rrz4jeB76W21SWzl86GGvzT8YeKvidqXjHT4NW1W5+0ed5c0M1fop+yvpuq+Jfg3caF9nluY/sf8Aqa9bC4nDql8Jlk+ZYqvj/wDaZ80D8ePA3/BObWNe1i71DxfqMz+ZNLyF5Jq/q/8AwTZsLDUt9xc3EVv7Nivsj9pD4nWPwZF5BBpX+mRTeXXy38Qv2kPHOv6fJPb/ALr/AKY0vaYqdW/PofuGAq8MSwPJKnzS9D9dP+CV/jzwB8K/gDb+CJ/3v2CH7NXN/wDBQ3QPAHjHw3ea5oc/2b9z++h/5618h/8ABMf4hfFvxJqHkX3/AB5y/wDLKvWP+CjPjbVfDXww1Sx8iT7ZFpsskMUVV7ntPjOrB8O4XEfvKZ8t/ELTbEWselarB5UkUP77/plWp4P0C+8V/CqzsfDmrSeX/q/9dXCftf6f8Y/CPi3WNa1jQboWdzN5n2iSz/d17X/wTxm0L/hS1vqvjGeLf/rIfOr5jLl/y8P3bxRzrCVsNGFLU4O9+A8+mxST308sv/Xaq83wrns7WOexglr6A+KnjbwOLCQaVPbSyf8APXya8z8N/ELSYbW4gv54o/8AptXt0/8AaD8EjilTpHy38V/Afi34hfFTQPAGieZ5fnfabzyf+WVfcH7LHxOvv2Y/CV54U8R6VqVt5v8AqfNhry/9if8AsPx5+1FrGu6rP/o9reReTD/0yr7I+MFn4H17Vf8ATvDkclv/ANNv3tRVqzpT9meJ/Z6xDniInifxb/aK8R+Krr7bBpXm2/nf63yay/Dfirw5rEcc+u28cf8A0xr3S81L4SWfhP8AsqDQ7b91D/qq+Q/2i7yx00XE9jfRWUf/ADx86t1+9PJxNJ9TtJ73wrqXxa0fS/DljFJeXX7ubyf+WVesaN+zfrusX/2HxVfS6T/y0/fQ/wCtrwf/AIJp6Dfa98Rrf4j+I4JZbe1m/c+dX2x+3V+0j4A1j4fW/kW8VjqGlw+X50X7qvSp01Xo8p5dLDSw1aVSozz+z+A9j9l/srQ777TJXwx/wUu+H/xB+Dtpd+JrAXNjcpFgZi/5ZV7/APsr/tCeI9U+IP8AasGq+ZHFN/qa9o/4KceHPB37RX7KuoQz2McWoRWf7mavFjOtgcfBy+E9St9TzDBezlE/C74TfDvxP8cvHcOirdTzPKwa5nA/1Q9a+4fBH/BGL4n67pVn4xXVdS/dfvIfNrj/APgm38Jd3iC40zVR9mvIrzy/Nlr9WNY+G/xU8N/DmODw54j82Pyf9b51a5vmtVVuSnI6cqwuTUMHyzjFz/rQ+U/Eln8cJvhfH8Fv7V+zfufs32uvWPgn/wAE9/I+CNn4V8OeOPKklh/fXct5/rZa838eeG/jR4J1T+3NV0O5lt/O/fV6Z8JfHmqzeHPP+3XNtH/02rlwUmqdzw8wjgamMUl0Oe0X/gg38HbrXJNf+IXj/Q545f3syzT/AL2WvHvjf/wS8s/hlFqfh34dy2Uul3EvyxC5r0r4hfHPxFqWvSaTB4j8zyv+m1eZ6x8ePEc0lx4Vvr7zI/8ArtW2IjVcdOY/pvwywmQVKPtsTKF+W2y2/wAz5e+EfiLxp+zP8b7v4B3upyW0WsT+U3lTf6ubH7vHtX1DqX7Pl9Z2H26efzPNrxj4a/8ABOT9or9qT9oqx1z4aaM91awXkdxLNL/yx8o5r9R/2e/2XNL+OWveIPAPiO+l03VPBv2W21iHzv8AWy17tXLa39nRrH5FmGdZXhuLa9GhG0Yy930PhfTfDdjo9rJY31jXyL+278ALO58WXPjrwDpXk+aDJd2MUPEv/TWPjn/pp6Gv3O8bf8EndKm0q4ng8Y/vP+m1fnH8f/2e5/B/jK88KX08d7HFN+5lirzsH7ShV9oetmGNwWd4P2VU/LLR7260i5xKh2Z5GK7Ky1G3vraOaPjivs24/wCCc998U9HkFj4Llkkll8yHULSz8u5/+218vfH/APZD+L/7O9zKus6bNcW8c3lhvs0sckZ94+1euqlDE1D5CjPFZGtPfpnB67rdvaW5Ep+ftXMWdlqnibVUsNIs5J7ieTZFFFHvLE9hTbODV/FOoLptjEZJ5TwtfqB/wR7+EvwH/Z61bS/2gPF/h6LxF40i/e2b3P8AqtG/65Rf89f+mv8A36res4YGh7RnzWaZvLMq/v8AwHtn7If/AATO8Zf8Eyv2R7f9oz4q+Emj+KvxGs/LNrLb/wDIsaX/AK37L/19S/uvN/55f6quT8Kft1eI/A/xGs7LVbiW2t/O/wBdX35+0d/wUl+DnxT+H3/CK+OPB0tzIf8AU+VX53/HL4GeD/FXhG48VWMEttHL+8h/5618Tj8RHF1eapDmOjB5/wD2dS9nSn7p6po3/BQ7xHZ+MvIsP3n/AG2qT4nftOa54qsJNdn0q5kj/wCeNfB/w9s/FXgPxd+/1X7TH53/AC1r6U/4TbVZvBkk+lT20v7n/UzV2rB0XRh7hw1OJMW6sqlOZn3n7Y32PWfsMH+jVJ428E6r+2Ppcnhzw5feZceT++r5T+JPjDx/e+N5J4PCv7vzv30UVfYH7CvxI0rwqJNVvp/sVxL5X+trtpyjhKXPRPKxObYzGVI88zwDwJ/wT6j+HPjHzPEfhgy3drN0r3PxV8Pdc03wlHrl9YRfZ7X/AF0P/TKvePHnxO8Hf2DearOLaS4/1nnV836D8Vdc8beKNQ8OefJ/Z8sMv7muKpiniHzVDnxOInKnyI9M/Z7/AGnNKsz/AGVYzxRR10mr/D3w543+Jlv8W9VsbaW4ta+U/h74bHhX4mXENvqsvlxTf6mWvSNS/aE0rwrLJY2+qxRfuf30VVRwMPa+0OPCYnEYSd4yPvj4M/HP4O+KvhzqHg6e3i8v/VzRTV+Jn/BRH4WC7/a+vfDvge2/0PVJYvI8qvtP9lHx34j17WtU/wBb9nlry/45fDzVZvjnb+I7fSpZLi1vK9WM6WEp+4fTTq4vNlCUoEn7Dn7BUPheP7fq9h9puJYf9dXQax+zrrnwx+N1xffvIre6mr3z4e+JLjwr4cjmgn8q48nzJq8/+NnxU+I3iq6jg0PwrLcyf89q8GOJq1cTz1D36eAth4U7HrHwN+DPwd+JNpJY+I7GOTVP+WPm14X+2x+xDN8Gbv8A4T+30ryo4pvMh8mH/W10H7NM3xGs/GNvfeKrG5svK/1NfbH/AAUO8Kz/ABI/YLk1vz/L1G1hiuYZa66Tp/WOY+qw2VutlUqPsviPzD8a/tyQxeHLP4V2GqR21vdWcUc0ss1fWnwY+M3hzwf+yDJpXhWxspP9D/5bV+OvhnwL8Q/FfjlLu0t5LidLnMi7fev06/Yb+Bvjn4waNH8OfsVzF5v+ur6F46hDCygj8kx/AWc0MT9YdPlpnheg/GbxX4P8SW+r+MbGLy5dS/c+VX2h8Afjl4c8b/aNKgvraS48n/VVn/tO/wDBNPVfCthb2PiPQ5fLimikhu6sfB/9jPwPZ+I4/Eela3c2VxFD/wAsZv8AW18djvZVJnhYvA+yZ5f8ZodCn+Jck80EcUkX+pr6M/Yn/aK0rR9G1Dwr9uikki/7+18x/tpfCWx8H3UlxY+Kpbm4l/5ZedXQfsB/BfxVN9o8R65PL+9/1PnV3Yf2FTkpwMJUZ4T95A2P2nJvDfjCbxB9uhtpZIv3kNfN998MdKs7D7d5Hm19EftLfBm+0e/uNcg8VReZ/wA+n/PWvI7v994NuJ9V/dXHk16WJp+x90+wyfF1auG56W57h+wH8QvBvg7QZNQEEfmRTVy//BQL9qKDxhoOoQWOhxeZ5PlwzV8f/B/4k+I9N8b6gYNdltreKb/v7XJ/tZ/Frx/eazZwQat5lvL+7m8qs6VGhVnY+oocQZvQp6H9I3xG/ZX+C37Ufwra20aLSt0sPlrNaCKSKviGH/gnjY/CXVLj4c/bo7aOKb9z5Ve8fB/9q/wN4D8L3GlG+ltpPO/1sUNcHD8f9D+MHxuk1S41XzbeKby68qnUw1tD7XEYXOvqk1Wfuo8b8YfsZ2MPmQfvZf8ArjXk/jb9lfQ/B8VxfarPLHb/APTavvjxVZ/DmaT7f/bn2b/ttXwZ+3n8arLVvEI+GvgzXPNSOb/S5Yj/AMsq5KuP+p0faHq8D8I4riTNaeHW0tzzb9mn4SweA/iNqHj7wpfSXNv50sk3k/vZa9yvPFeu+KraUTPIIR1abtWV+wX42+E/w90/Vx8QbeKSa+k8hMp5hMVb/jj4Wad4l8Q3sXhO6uLPTC/mRTyWmfLripY2rjo+0R/T8OAcgwdaWArYbkUUvf6S7/MpfDX4WDxBBPq974jubkTdPJ/1UVeKePf2WPEXxH+Pln4I0PxzHc291N/qvO/1VdD40+NXj34Cvq3hrwHr0UyXVv5e6a0/8iVtfsLavbeF/ENjrOtXP2m/vrrzdQvJj+9lNdP9tUaSjRcffPhcx8CpxzOpjoP9xy80Y9fT0Ptr9nX9jPwX8IvA32PWPFFpJeRwf6qJ6/O7/grh4o1Hw94UvI9Hvv8ASEvPL/dTf8sq/Re+0Xwzrmuf2nZ33lS3cvMkUteefHj/AIJ7eH/iG8XiLxPbx3tpPcRSTZr6nCYhww/uxPznO/D7L8XG0p+znLbT8D8o/wDgnj471awaS+uPNP8Apn76v0Y8YeKtK8VfD+PSp76KPzYf31cVqv8AwT0T4W/FC41H4f28dtp+oTeb+6H7uvrnwf8ABn4ZS/CqOx1yxiluIofL/wBT/wAta4q7pVa3tJn4ZxDluI4breyqPTufmXNeWPwl+N2lz+HIPNt5Zv8AiZeVX2Z4k/aEhs/A9nfaVrkv2eKGKTya9Es/2KPgfqWvfbr77NVz4qfsc/AiHwvILG+i/wBT/qa8zM8RQqVYSpwPlsHi4OUrVD5D+LX7eGleKrD/AIRXRJ4pbj/V1T03xvfaP4NxfX3+t/6bV7h8H/8Agnj8D9SvLzVYJ7aO8lryv9pD9nWD4Y6pJoc99/ocv+plhrow2NoVlyKPKZ4mksNP2jqqXMfMfxO/au8D/DfVbwX1x5txLXWf8E5fhX45/ai8U6x8VNVsZZdHlm/0OGvm/wDa6/Z1/s3xlZ65Y6pLc291N++hmr9MP2A/iR8Hvgz8AtP0qDXLGKTyf30XneVX0UIezwyqG+X51jZP2NKtyn6Gf8EtvhBpXg7StcvdL0ry7jyfL/1NflL/AMFFP269c/YR/wCChvxG0u2m1KOHWJ7W4nOnTd4v/wB5X67f8Eo/i14c+JGjeJLjSr6KT/TK/B7/AIOdPCaw/wDBSDW7/T7Vw15Ckk2R38qKvtcrpvMMunScPsr8z57EVa9DOo1ZVO/5He3n/BfI6xoX9hweOPEEXm/89q4fw3+358OdS1S31zXBLc+bN++86GvhzwF+yt8fPG1p/avhv4W67c24/wCW0GnSn+lV/iX8Fvi58MY47Dxp4R1XSfK7XtvJH/OuaHDbVH4Hc96PEjjV5Oc/Xv4V/wDBZP4A/De1jsYNDlk/7YxVn/tUftsfsaftL+A7zxXrnji2stUlh8uG08n975tfjFpuk6nq+qx6fpQlkkkOFRBkk1+kH/BIn/gkp46/aG+KGnan4p8N3stnGPM82WHNtD/11q8BwpOtU9rU9ynHdnLnXGiy/COO7l8MerZ5p4V/Y/8AEfxI8OXHjix0OQyRQyyWc32P/W1j/su/FPV/CXizX/Ct/ey/6APlh/6a1/RJ4j/4J9fD/wCBHwauJNJ09Lj7LpuJsw/9Mq/mz/aNe3+DX7W/jKSBfKt7q9/cxV72e5Vl+KyR1cNtDQ+LynOcTjcRKGI9yT15fI6Dx7+1d4q0bxT5/wDassccU3+qlr2Tw3+2N/wmHw+/f2UUskUP/LGvjfxrf/8ACzrvdpFv/rf+W1erfBv9gj43+J/C8nijwd4lWHH/AC6+tfkbwuGox56h7tek5HRa98QmvLG48VeR/wAtq0PB/wAYJ5vC1xcfbv8AljXmfxg/4Tn4caPJ4b13SpPtEX7ubyq878P3fxU1W2lsLDR7mO3l/wCW3/PKvVwyo1Ykxjz0+Q+yP2ade8HfEiwuP7VEXmedX0R8Df2Xb7xhrNxPpX7uz86vgf8AZj03VfDevf6drn2aPzv9VX6qfsZ/FTQ9N8Lx6Hf30dzcSzfufJhriq4P4+U9bKsNVdZQSudxP+xn4OHgiSx1yx+0/uf9dXz3/wAM0+DvBN3qE+kQeVJ/z2r9HPDfw98Y+MfDkf8AZWhyeXLD/wAta+Y/j78H/GPhX+1Pt3hy58z/AJY+VDXi/Ume/icJf7B+Y/xs1HxH4E8ZagNDH2mSWH9zDXlfwr8B/E3xh4tk8Y+ONKvo7fzvM/fV9gQ+AtKs/Eeoar4q0qS2k87/AJe4a6iz/wCEO1iw/sMWP7uu2eIeFokZRks8XjOVox/2IdY0r/hPJPP8vy/9X5NfVnxh8B+FfFXhi3vvCuhxSahF+8mmhhr4/wDDY0Pw38RvP8Of6NHF/wAsYa++f+CaN/ofjI6lpviqGKcTXPyiavPo14Yipyy+I/ofCeGuKy3hSpj68bbcp8bfFTXv+Ebi+3Qfu4/+W0VdJ8E73Q/Enl3088Utfe37Un/BJr4f/ETRL3UvDs8Ya4i3rbkV8I/8MT+OPgPql5Y6HqtzLb/8+k1RicNWw58HgsH9YfPGV7HSfEL4heHPB8tvcWPleZ51SftCftparqfwMuPh3PPH9nurPy6+V/jl8Qr7w3rvka5cSRSWs3+plrwnW/jrfeLvGKWEt5mCFsfjUJSp4adRn6R4erB4jPadLFfBc7fwt8ONM0HWIvE1oxikHSWKv1d/4J16Voem/B+38aTCOK4lXzTd1+aPhazbV9Bj+wr5kkv7uvrz4YfGC++Ev7PP/CK30/lSaXD1roySEq8+er8J/Q3iXwhltfJ408FR96Z9cfGz9qKx+JPhe88D31lFc3Fr/qZa+O9H8VeKpvG8mlQTyRW/neXWx+z34qvviRLJrk8EUccv7vyYq6j4heFdD8E6X/wlV9PHHJFNTzGeG+s+zpn8OcccGYvh+X76mfI/7Y2pX3hT4jWf2+CWW3/1nm12HhX9rrQ/hv8AD77dY/8ALKGsf4zax4c+J3iP/ibGOSO1/wCeteJ/tOf8Ib4b+FV4dK/dyeT+5/fVrl2GviND8fxF5fukeXftQf8ABS7xf8Q/GNu3hq7liitbyPzif+WsQr7F+APwf1z9oT4X/wDCVWMHm28sP+uhr8dJpHub3z16Fsiv2u/4IK/EqbVP2er7wlq0ok+yXP7nzK9LiJTWGg4e6fqHhrg6HtZ05Q5vdPmz4kfBmx8N6pcaTYweVcRTVx+sfCufWJoxqulRSxxV9MftjabBo/xVvBBb/wCtvP8AXV5vZw6reRR+fY/u/wDntXzVLGVVRP0WGWZWp/vD7I/Zv8N/294I1SDVf3scs3/LWrnwa8H6Vp3i3ULiyrm/2e/iFqtnpN54cgt4/s8X7uug+G+sX1n431DSoLGvN/fUqx9tncYwwPK/tHsHiTwfB4q0aSf/AJaRQy1+VXxCu5YPjx4hhnm+S1uJYhX60+G7DVdS8OXGbH955MtfkJ8boZ9G+NfiiG6yk/8AbEu4VzZlUdbD8h9x4MxpYfMfa/ynUQzXOn3NpqNlN+8kiDg/9tP/AK1fWHw3+PHh/WvBMRvJEjwnlzRN618f+EpZtSspI5Mu8Vr8tdf4Dmnh0+S3nn8vypv9VXhZTia2Er6H9c5vleBznD05v4ix+1Z4l0TWfF7TabEBN/y0IrI+HvjW98L39nfW8xMcXlZirlPHWqPq+vSXUjcNVHTdda1u1t5j8nSjMK06mL9tA2wtPDUIfVq3wW5T7T0f4829/p0eqQX/AJcmf+e1fR/w+/bE8Pa98GLrQ9cu4xeQeZbJn/lqP+WdfmdpXiee3jRYp/kr2P4aa5p19oMiw6hH5rda+kyXPsRJ8jPgeKfDnK8whTqx+zK+h9BaT+05e62y6Frc0crxn91LVHXv2oZ/t9x4B0TyvM8n7T53nV4lf6x4e03w9d6tpt9JJcxDmUV8+XfjDxx4P8Sah4/v77/R7qz8v97NXq01icTzs/iv6SeDyXKaVOhSj+81PsDwf+034k/4Si4sb7VYpLeKb9z/ANNa6j4kfE7xHeWHn6HrlzL/AM9v+WkVfmf4P+J3xU8YfEaOCx82282b/XS19saDN44l8HR6HpOqxSySw/vvNhrgnTrUKvvn8W0nWnU5KZ2ngP4ta5ph/f655Un/AC2o1jxhpXxIvpPDnjGD7TH/AM9a+d/Eng/xV4b8URz/ANuf6R/0xruPhv4b8ceJPM1bSdKkk+y/8tYa1o0/fLqzxdKfKzx/9rrRvAOg+KdPsRPLFb+d5flSzV6B4P8Ah78JP+ECj12e/ufLih/49IpvKr5I/wCCi2teN7Hxjb/21aXFtHFdEc13/wCyv4wn/wCEXj0rXPEf2m3lh/1UtfoWGVT6hBI+g4fwzVaVaX2on6yf8G73xc0nxHqXiHw5pR/djWPLhr7K/ab/AOCS/wCzh+1L+0xpH7RvxU0P7dd6Zoctl9gmi/dTS5j8uWT3FfBn/BvB4H0/wf8AE7XLbSrjzI5dYluP/IVfszrE/lWnn5r6mFTEYFU3SfLKUfzPLnVoYrEVFUXwSPKvDn7LH7O/wm0XzNB+HmkWccMPP+hRdK/AP/g46/4KD/Cz41/EOP8AZm+CHhPRE07Qb3zNa8QQWcfnXU3aISj/AJZ9/wAK/R3/AIL2/wDBWDwz+xl8Ern4T+C/EEc/jnxND5dpawzf8eMX/PWSv5kvFfjHWvGOvXXiPX7mSee7l8yaSU8yGv0Dh7DKjT+s4xuUpfCn26t/oclOmsZilKmrQj17v/JH6Ef8ED/+CePgH9tP9oG40/xnrzWcGkQfaLuCA/vZYzn93H+Vf05/Bv4DfDv4E+C7TwZ4B0C2sbCzhCLHDDy1fyZf8EX/ANtuT9if9t3wr8QNc1GSLw/eXUdlruf+eMv/AC1/Cv68/B/ijSvGHhmz8R6RcxXFtfWcc9rPH0kjIBrzePq1VOm6F40XFaL+ZbnXhsuw1TGSqV/en0v0XkYvxi0GPWvAGp6XLD5glsZM/lX8hX/BUn4eXV7+3h4h8AWC+U02seVFX9iniSAXmlz25/5axV/J3/wWLtoPhp/wVZ1q98n5Y/ECyY/7aV4+TSlXyHE0uyTMamHhHiKlNdmvyPGtH/Yt+MXg+KO+0qD7TH/rK+kPgb+0H4q+A/hO48OfEbwdc20ksPlwyxQ+bX0p8Df2lvgHN8L9PsfFP9mxXEUP/LWuD/aF8efBDxVbf8SO+sa/IMXXrzq+znA/S/8AV2jiKftOc+Q/iF8SND8eeLZNU1WCSWOWb/njXQQeMPhlo/g2Se3gi/1P/bWus0Dwr4O17WY4IILaWPzq5P8AbG/Z78K6D4Sk8R6VfeVJ5P8AqYq9PD/u6Z5UsklLEctM8n+Hum33xg+Ksek+HJ5I7PzvMmlir9bv2BvhJpnhXwvZ30em48rpdTV+b37EHh/SvDujW91cW/7yUy+dNX6AeDf2tNP8O+EB4fs0jja0g8uMV5NTOqSxfsz+0fD7wchT4VpYn2HPUqa8z6LyP1L+Bvx98H6BoA0zWtQiZo+vm1g/Ev45/ArWPFX2TUtTsC91/BnrX5KeI/2svFMmpyLb65xXGXvxm1zU9Z+3DXZJJP8ArtWdbiLCU3ycp9LT+jdPEYiWJnPl5uh+rvxu/ZF/Z6+PXgO/uwll9rmtMQvBX47fEKz8R/A34ta58OdcvZJLe1/1M1fRXgD9un4i+D7W3snfdDH+6mUnivnX9sjx63xP8cT+M4rfy5riICU+tc2ZZpha2EvTFw34FVcpzaVbEe9Thr/wDjPCut3Go67carc3H7s9K+p/2b/2hP8AhG9Ljnsr77NeWs37mWvkPwfMI7JQ/wDe5rvfC+pC00mU+9fEYbHV6OK9of0/HhjLM04fhhHHTsfol4a/4K+av4YnjsPESfaYYpvKlZYq7C3/AGzv2YfjzcfatSvYbW/mHE+Pmr8vLSHVdfv/ACLCGSSSX/UwxVebSPG3hK4Emp+H763+kVezHiLMa1Rfu/cPy7NvBTg2EXKEvZVPJnvX/BUT9nXwB4q0b/hI9KsYo5JYf+PuL/lrX5WxWl94T8dyI6/LHLxzX6MePvjDf/ET4EnwXq15JHe2Q487/lpFXyB8W/h3Z2ts2r20OHU5Oa9rE5xSnTjQ5Lcx+bVfCXEZRQeYYaf8OXN6pHq37PfiOGWbTRcTY81466/44eK7261K9a11v91Knlzwxzf9Mq+cPhX46mtHhsVm8sxt8rV6h4hhl1HThcQv5jSHnFeE8dicJCVOJ++cN4jB57lNOpL3nTj+J7H+yX8bJ/DTmxgm4z+93HtX1p8HPh1aftV+OLfR/F/iyWKytR5h08/6qWvhT4J+BPEd40mt6VpVzLBCf3ksUWf3npX0P8PvFXxm+CUz+PrLRJLcJDhPtcf+tr2MopTrtVKx8H4lcG5RxJgfZe77X9T1j9tf9mX4GeEfD8/hjwnpVtZap5P7mW0r8s/2s/h58QPDvw61SbXFllki/dQy19W/En9prxT468ax+Ldc1P8AfS/6y1i/5ZVy/wC0FqelfFX4bRLFex+Z53lmKs6HENHCZjNSjp0Pw7OvoxV8XgaVXCO0/tH5UpDJFJteHaeMfnX6c/8ABDrx5c6M2q6Bu/dsN+a+T/Hn7KM7wyXGlFg6EnyjEcmvo3/glTomr+BPGuoeGr+JkaRFZdy9GzjFexmea4XMcBeErM+Q4L8L+JOFuJ5UcZRfs3F+902Pov8AbG1iw034i/bp4PNjlm/fVx/hX4k+B7yL7OZ4qy/+CmOj+OP7HuL7w7Y3NzJdQ+XD5NfD/gv4M/HvXtW8jWb3UtJHnfvvtE1cmU5b9bonwPiFjMVkOZVP3Wh96fs6/GzxH4k164/srSvLt7ryvO/5aV7p4Q03xVZ+KLzXJ/Ni82avH/Aeg+I/h7F/xR3hWSWOX/njX0ho93qus/D6O+uNKlivPJ/fRV5eMqRdb92foX9oUa9D2dVmhoXxy1XTf+JTPff8sa/Mf9qXxUsvxq8QX0Q/eS6xX3Ro9nrkOqSf2rpVzH/02r4T/a68Nz+D/wBoySe9837Hqk3mVpRw31mr7NnoYDiBcNUJV8P2NH4Q/FFdL8QR6pDDHJLa/wCttLs/62va9c+NHwf1e0j1OH4SypqO3975V95af+gV8p3tl5Oqf6BBXUQanfwaNicy+ZXJi+Ha9Gpz05H6nwb425TmtOnTxzlCcO0tzc8YeIoNW1h5tOsEt4z92KP+CsLVbidIftanjNUtP1C6u4pJ42ziq2seJbgWv2L7F/ra8xZVW9rqfp1bj3KcVRdSNY6Dwt4tK/uWlOPrXc6D4gSA+bDIcnpXgeka/JbXzW7n58+teqeBrq5v0jhgg8yR+grir4KrhK6lA+u4O4qo5rR9nPWx0XxJ+LNz4a8E3iQnEctfP+nftZt4p8T2+mX9vH9jta+otV/ZF+InxZ0BrObRJIo51xgGvMfhv/wTsuPBXj2TQ/FkH+kSzfufO/55V+kZZP2eXWqn8I/Smytzz/6xGV4NFjxtrE8Og2/j/wAD2MdzHF/rvJr0D9m/9pbXPG1peSwWPl+VD5fky19CXv7K3wk+EvwW/su38r7R5PmTV8iQfDj4uzQXmh/CTwdN9olm/wBcsNeRXxeEjUtNn8cYaDlUtTOv+MHxI1zR9U/ty+n/ANH/APRVfRn7Gf7S3g6X4fXH2GGOW4i/10M1fF+v/AH43+A2j1X9pKDUv7Ll6RWk1eqfBP4Swab4XuNW8Da5+7l/1NenSp0ZQhOn7w54bF/8vD5z/wCCo/xkbxz8S38OWtjFFtvPNPlV4X4P8SfE3wrpf27w5Nc/Z/8AltDXSfth2Gs6X8X2udZuJJZDN3rc+F/iTStN8MSfuPMkl/5ZV+o8M5V/aFLkPR+tyy/Bxkj9o/8Ag151XUPG2nXeq6tHi5is/wB83/bWv2A+Nmv23gv4Y6z4mkztstPluMD/AKZxV+Tn/Bq1axT+G/Fl0kH+phi8r/v7X6yfHLwfaeN/hZrvhaY/u9T0i5t2/wC2kXlV6uZ0YYfOKVGW0eU+doylWwNesvilc/jd/b/+N/iX9oP9o3xJ8R/EmtT3r3+qStHLMf8AlmZOK8RhiaOQKw6V71/wUH+GGm/CT9onxN4K0s5isNZuYVz7S14O7h33Gv0XNKcKeKUIbWVvTyPXyacZZdBpaWLGnTGC6Bjl71/Td/wbG/8ABRJf2nP2XJv2dfiHrvmeLPh6Y4YDK37270s/6qT/ALZ8RfhX8xds2CSD0NfoN/wQV+N3iH4H/tkaD4k8Pzuq3wlstSiH/LWKSs8RlLznKKlB7r3o+q3+8yzDFrAL276H9WmuuH02df8ApgMV/KR/wXb0u78Tf8FMtetLdf3h1VcZ+gr+p+01sax4QXUh/wAtrPfX8t//AAWE8S6cf+Cp2sX1nB5gi8Qcj3wK+I4doeywOMjPpH9TKpi1XzfDSj11/BHiuseG/FWj2Nvc/wBreXH5P+qhrHvNN1bUpfIm1y5/7/V9EakPhlr2g299fWMst5/128ryqz9B8H/DKbVPPvrH93/zyr8sxa5qx+0YVU/Ybnn/AMK/B+uabqkd9Y65JJJ/02rQ/ahPji88ByTa5PHLbxGvfPB+j/A+zljn+wSx155+3fJ4F/4VU8nh+5w/2iL91XDOdZQPSyjCYermEPf6nA/COYaD4XtYc/8ALEV3Vv4huLi0OJ68v8HX7S6JApP/ACyro1vZLO3w0ucnk1+YYqpWWJqH+ofAuMoYfIcPTXwxgvyOhbUd/CzOPpS291KH3RnHoKxrOSSQebng9KvG/aHmLiuOlKUn75+gU8RTqR5zprLxpe2IRby084Z61zPxY8Z6fe2Y8m08uTd1zUT3jzyiRz19a5n4u3KR28bQzYBPKZr16NSdWl7M+V4kxscHl06tMu+D71pdO809mrrdJ1loLV0HQ1wnhPVrK20dJLubYnl9azvGPxTs9I09105iXHauanl9eviLQPDo8aZVkeVRq4mr9k9m+HPxWk8BeMrTxDDHHN5RxND7V+g3wP8A2yv2QvFuk21v4p02JpGj+dLi16V+N3gT4i3PiS/2DUPl9Iq9j8K+fZ2sd8TJ/wBdq++4e4dzSnP94vcP5z8QPGLgzPa8KTqSU9rxfKfWv/BSDxl+zxqmvQS/CDR4ReGD55rOHy4wnmV8k+IdOsdX0mWC7Qk44APetfXbnWhZNqF5DLIssfNULOVLi2BVf+WfFfMcS0q2DzP3j+heAFluZcGxoUKvtYuH2nzPU+ddTuG8KeIGtyw4k5r379nb4geGtQ1Ozh8SRxTwR/fSXmvFfjv4bay8Rm5Ufu3Oc1zvgLxvdeHtVQpLjYw71s8P9bwaq0/iPxbA8Q1+EuJquBr6UnKx+h0vxp1v4D/FC01rwjJZX3hy9i8+PT4oN8Iir79ttW+FX7Rv7OA8VWscC2s9l5jyBcbK/IHwV8W7HWtEjtHkjuFHSGY/6uvtX9lz9qfwN4N+Edx8PNJ8PX2HhzdLd3Wf3le5wzX5nOjWPrOMMnhmWHw2Oy+fNOLjrF9PPzPjPxkfL+JGqafpjeZF9tljH08yuo8H+BNX12+jtp/3Uf8Ay2mqt481jw5a+KNQvE0L7NcfbP8AWwzVbsviDqllbkWOY/NFfB5xUp4XMp8sT9oyGniZ5Yk5/vDqNU8D/D2zsJLGYySP/wA9Yq5fw3caD4B8QHUtCEkTj/Vy11Pw58GeNPiKt4dO02S4k96j1j4J+I4JfJnH7yuh+3xWGhOlDlEsRklKtOljZp1Dc1z9oHTvGvhUeHPFNgss0Ukckd5/y1irzD4k/Gzwtpesx3mu63GLi68qOHP7yu1T9mT4pPi5sNInmib7snl1478av2VfH1/dKw8OXsdxbXfmfvYa9zJMRmODxMJV/gPw/wAWuDOGOIMhqLBRhKt018z9PPh7efBa88JW5vr6KPyof33k16Z4J+JH7NcMselQX1t5f/Tavxf/AGb/ANsD4t+PNZ+wwX3lafFN++83/W12Hjv4hfE0fFWSx8K+I9Sit4v9dNF/yyr3KtDCYWr+8P8APGHEmLqn60fGyb4c6x9j0nwdY20nm/8ALWGvz7/4Kl/sf+P/AAT4cs/jhYwfadPim/fRV6Z+zr8QvHGj2Fvfa54judS8r/n7o/4KEftvW+vfAy8+HP8AZUcv2ryv9dUUKHtqvtKR11uLaroewqH5j+FfjBBea1JBfQeVJ/zylrY8VfE2y8ryP3VeJ+O/FNlB4juJ7iHypP8AplXNzeMLmaXH2+SSOvq1hr0PePnKOYVaNb2tKZ9UeAdYn1LS5J4P3tZd7rEE1/5E8H7yvM/hh8YLHQbXyJ566S88Sf2zqn9q6VP5scteRUwkYVj6HCcU5n/z9Kev+IY9I8aR2it90c17N8PfE11p8FvqenzfOOYq+V/ib4kv7Txal5cxbdi44rvvAH7QumaXpsdvcQ/MnXdXj5xk9avGFSij+iPCPxTweW4iVHH1eU+5fhX+2H8QfDN5Bb+dD5fTAh5rT+IXxm13xtr1v4xnt/8ASLCb995X/PKvkPwp+0v4f1K4+yQr846V7Z+zrea5430rXIJ/NuZLr93DXfluAxccP++PG8e/EDhziDDRw+B5Zz/mK/xC/bMvtY8ef8I5+9kji/10PnV9Ofsf/tCfDKGKS4vp4o7z/njLDX5d/FS41X4XfHG4sdV/4+JJvLmim/5ZV9YfAezsbzwlH4juNcij/c+Z5MM1eNnOVNuHLA/jeFOWFn7Q+5Pid488D/HLzPA/iOxsZbeX93D5NeX+Kv2SvFXwT+H1xrvgf7TLp/8Ayxr5v039qixg+Mej+FYL/wAyOKby5pvOr9ZPhj488D/FT9l+TSrjyvM+x/vopq9DAYOthqcYo+jwU6eKj+8P57/2ytSuNS+I0EGqwfvPO/fVwtrff2Xci2gP7s9q93/4KPfD+Cx+PP8AoIj8v97+6FeA6za3Fu6yzDvX7rwZCpRgpo8PMXRc/Yo/oM/4NRJRcfDPxSjxnC+U3H/XWv1Y/aD8ZW/w7+DniLxldnKabot1cdf+mZNfk9/wadanEnw38SWb/eeCJv8AyJX2P/wXj+PMHwF/4Jy+PfENve+Vc3tpHptmf+msso5/nRnNKWJ4njF7Pl/JHzuFk4ZZUivi5mvvdkfy0/ti/FaX4wfHDxH4+nPOpatc3X5y5ryeO4DRADqOtLr+oSX2ozTNJyzGqkUpAye9fRYzHqri15H0uBwqw+FhBdEaEB+Uj3r7K/4I+XrQ/tV+HFWPrdRvXxlDL+73CvqT/glX4jh0L9q3wtf3B4XUBmvo8mxHtU1/Wx42f0ufL5H9dujXg/4V5aTZx/oac/8AbKv5PP8AgrJfTeJP+Cl3jBoJ/LKeKZce2K/qr8LatFffCa0vIpv9Zp3r/wBMq/k//wCCitw17/wUT8a3GeP+Ejnr4LL4eywWNfy/FnBgZqeY0PJP9EYFn8K/ipNFJfWPj+5+z/8AXGtTQfh744mus/8ACf33/fmvRPBXiWxh8LyQT+bH+5rL03xJpX2+T9/F5lflFaS9qfsGF5/ZHQfD39nv4jeMJfIsfibexevk+VXKfHn9kX47tI+nQeIb3WI0P+p8mvpv9iKbw5/wkEc+uTV9eWvx++C3wxMl/b+FbG5vP+e00PmV4+IxdpezPtciy6CqRqyPyX8O+CPE3w/8OrpXijR5bO9tj+8hnTms298YC3u1iDdD3r6c/bR+IOm/G34l6l4p0exto9+nhBFaw+XXxF4y11tJ117W4bYyN0NfFywLxOKmf2/U4gnw9wxhKt+VSjE9t8O6xFqFojjqT2rvdC1bwBZ2KDxBoEl5L3EcteKfC3xCb7TUeM5/h/GvVvD/AMOvGWpol/e6XLFbmPOa8iOFr08X7OKP0/KOLsuq5RTr16nxk/ia88B6nbSf2BpF7p86/wCq/e+bHJXhXx68S3+jaXHISSB0Ne067oeu6Y/2a30vzPxrzP47eFtY8TeFZNNh0gx3Hmxf6sV9Hl2C/wBqgpnw3ibn+GlwrXlg6/vqNzwLV/2gtZ1HSP7OEhiaM/w/xVDpHiKDUbFp9Q1GSTJyQJq4bxfoOr+F/EFzoWt2Utvc28hEsMsXlkfhR4WsNb1C6Nvo8EsjdwBX6Zgssw1CWlPU/wA5c340z3HLlrV5SXqe9/BnWtD0y6j/APatfSmj+MLGbS4/IHNfM/wP/ZX+OfxO1u30nwlDbRzyzf6ow+bX6SfAH/ghh+0Zo/giPxj8Rr6+ufNh8zyfJ8qKKvenmVHLY2qHxMMJjcyxHtInn+m+MPDn/CtJJ/7KtpbiKGWP97DXkOm6vFIjw5+dM19bax/wS1+OH2W8n0PVbb7PFD/qa+Om8IeM/DvxA1zwPf6fcSXNip80RQ/888c/pX5TxwlmDVamf6FfR34mq4DL1g625zfx30uC98NrdgfvI8818+XV3Ha6rvjbndxX038SdLm1Xwi9tCOT2r5y1bwrdSanja2FPAxXlZBVjTw3JVOnxny3E1c7p4rDU/iSOh8I6xqGlX0WoWjM0f8AHHnpX09+zt47bWPFNn4caDm6/wBTNFXzp4b8H6vPpKNbRmvqT9gTwlBc/EzT7fW4MeVD1NdlPGUaOJ5oHFgMDxPhsqToc383kcD+0L4jttG8b3VtbRuqNN3q54M1s6joKOh+dUwD617J+1L+xLqPxP8AivealpviOGyjg/5ZYrzzwF8BvHXhvXZfDLwfaY7HrLXh5rToYit7TqfqHh7xTmk8W6eK/lPu7/gnZp3wc8D+B59e+JPiGJA6+ZMJj0rs/iX8ff2M7bUvsvhm4tQ2/rDYSL/Svzhm1jxHo9/eQT6rc+X/AM8qk0Gaea/j+3T+bby/vIZfOrso5nDCUVTii8bwRLNM+nmE8TP3vsH3jB+1X8FdMf7PaTNMIvW3q5f/ALXvwRuNO/03R45zIPKmjWHNfE2o+fpsUd8P+Xqb9zNW/PpU1p4En06cSeZ9uikNz53mfuq2lmFbEr2Z31eBMt5IynKV/U+LP2O/FelaD4o1jVTbfZreW88z7JL/AMsov+eVfenwZ+J3wPvPDGoeI54Lb7Z/y282vyc+Fnj++s/GEcKny7e6/d+VX2H/AGb4O8K/s+/8JjBfeVeS/wCur6bOMrlia14H+SVTEfVT6I0H4qf2z/aGq+FYPKs/Orw/4tePNJ1i6k/4Svyv+2tdZ8H9S0rSP2eI9V+3R/aL/wDeV8d/tIeMNV1jxRJ4c+0eVHLN5dVlmGlQ90x9rHFSOF+PUelXXiSS40NB/rv+WVeeLbSqcmPHpxX2j+yB+yDoep+I7efxVLFqVxf/ALuGHya+xPid/wAEhdK/4VzJ4ksfCkf72H/njXr1MxpUfjPVw2Gq1Ye4fkH4M0HU/FfiSz8P6c0ksl1NgCMc19keA/2XdW03wlHPY2Nz5nk/88a+nP8Agmd/wSTh1Tx5d6rq9xHH5M3/AC9w1+lk37B/hXw3oP7iC2ufK/54w15GNzaNV/uon0+TZRGtU/fe6fzY/tQeGtb8O6tb22r6V9m8uU15IkksbbI3OPXNfqH/AMF2f2ZLHwPDbeONC0qKKKObE/lV+XSgFsMOK9rLayxGHTZ52a4X6hi3CE7+Z6J8G9VXT1uLi4ijz6mv0v8A+CS0MHjbxJHfT2McsctflV4Q1d7FpLfH3xX6Q/8ABIv4hweFLzS7ef8AdebNXr42nbB+4fKz5qmL/eM8h/4LZ/B+H4bftES63bWH2f7XdnNeC/AP9ojVfDdzH4Y1ueWWylh8ojzq+2P+C/el2+v6lpfi+ybzMzV86/8ABNb9nP4f/Ez4gx3nja4t7l4ZuLImvHhKm8P+8OrEUqfs+Q850bX5PDnx6gvBFJ9lkvf3S1+wnwH8earo/wAEI7j7P/rbPzK+O/8AgoR+yX4A+EvijQ/FXgCCSK8upv8Aj0hr6A+EnjC+s/gF9hv/ANzJFZ1hVSqVoezN8ttGjPnPhP8Abq8eQeJPjJ5/kRR+V5teS69o8E2kG4UfxUn7QWuz6x8drmKef93FPWr4ilhHh5WA/wCWPWv27gjDOWGfOfIZrP2OKi4faP2Y/wCDVHXE03QvEllLNjdbf+1a2v8Ag7V/aOtbb9nvwp8FbK7Pm61qZvZR6xRf/Xryr/g2U8SG00/xVEX/ANVZD/0bXzP/AMHLXxrufH37V1h4XF0ZIdE0wQAe+a783wEaWPni/wCWK+9qx8vgcTUrZwsI9uZv7tT8ynkBfGe9OilINRMflyDS18fTrTqSP03YvQTDyiMdTXr37Ifi8+DfjVoermTy9uoL/OvHGmwcYre8Ia1c6LrtpqUEn7yOWJ85r6zI8b7HEJdzzczwv1jCTh3T/I/sV/Z++IK+Iv2adJ1nzv8AW6EM/wDfqv5f/wBuy9F7+3n40voAJMa3PJ+tfvV/wTO+Ptp8S/2FtIu4rv8Ae2mieU//AH6r8Fv2jdZsbL9ujxfqV9B5sQ1Ceox2EeFwGLlbdr9T4bh7EOrm8YP7Ca/FGnZ/GzwrD4XksfI8q48nyv8AU15mfFM82qSX39uxRx+d/wAtq+rNHm+Dl54T+3arBpvmS+V/rvKrj9Yh+BEvmQeRptfi8uSMvfP2elXrcvuHJ+A/2ltK8KxeR/wkcUcn/Xaq/ir9sCxvNetxP44ufL/5bV1Hhv4M+APGHiOOw0PQ4rnzZv3PlQ13Hjz9kTwb4PtY76++GXmf9sa5pPCVfggdNHNsfhppcw/4Nw6X410WLxTp8/2mOUy5r4p/aM8SWtv8VtVtrNsRx3rKtfYepfEKD4PeA5IPCuhfZv3Mvkwzf8sq/PTxzqdzreuz6nKcNJNIx/IV52Fy+KxUpSP27i3xJnmPBeDwdL44fEfRP7JviW21vWLfRnmUyG7jzE31r9cvBPg/StN+A8cE/wAOY7mSKz/13k1+Cvw08Xa34R8XWms6NMYp4pkdAPWv0y+Hv7b37Rl58L7Pw5e65HcxxQxR+T9jrx8ywVHBYrn/AJjt4dz7iPi3JIYXBr3qfxea6HqniTQbGa6kz4VijrzPx742+H/w31SPXL+C2/df8/dSWfx++Kmpxf6QIvM/641+ff7aHjbxZ4g+M+pWmu6zJIlo6xwxnpHx0r08j+rrGQl8XLqeHxn/AK25LlTji5e5P3d/If8AtxfGXRPjj8bb3x14esreKFokg8yH/l48sY838a808F+LP+EYuxdK0me/lmsa2t7i+mKQp5h9Sa6DRPhd4j1iMyxWh2+tffvFzqV3VUNz+fJulRpqM5aI+4/+CXv/AAUP+EP7P/xesNX+JFpLJEDgmWHPNfrN4w/4La+BvFfhz7B4d0q5+zyw+X50Nfz3fC34Hazc6skmoaZKfLbJr6x8N+MP7N8B3Hhy+8yOS1h/c+dXzOd3xP7xn2fAmKwU82p0avwcyPpn4gf8FNvih4G8X3s/gS9lvrOX/ljdj91XJ/AH40WsfibXviN4u0W2l1DWYcyzF/L2D0r5Vk8ZPf8A2ok5HmJzXoVtaatc+HdPv7KKTy/Ki86vgISr18aqfQ/0O4ayrh3A5a62Gjry3LN7YT+J476eOCOOK5vJZIYYoq4TXPh61lNumtN6oete6/6Ppul280EHlx+TXH+L9T0vUrySC2gj61jm2W1sEvaRPvcreUcS4O1b44HC+GrDyZfL8v5M9K9D8K6xf+EbqPWtAvpYLiL/AJax1zWj2KPMEUjnvXTabpF7eDEFnJJ+FfI3xk6t4H32WZTgKGB9nU2Mvx9+1d8QtP8AEr61JrwS5I5ljH+srofAvxu8aeILQajpfiGSKWY+ZOxrxP476I1veqwg8sk/NgV2PwX0BL7w1bWn2rZ5rck17FSlL6vCb+I/K8lUaPGNfD+zXs7XO017X/7Y0y4nvoPMki/5bVn+Gr3+zbDT/wDWeX51anirwffeG7WOC+gkljl/5bVy7XzNpkkVncfu7X/U1f7qXLc+5qRVOpz0z2L4rafaTeCLC4tP9ZFdSwQy/wDbLzag0H4hWN5o3ka5B+8i/dzVj3Hj6XxR8Lb+3Nn5clrd2sn+u/5a+VL/APGqqaDDY6xDcarn/lj9p+yf89fKron/ABF7Mwo6/wAQ/Lq1uJtNvkuIziSKTIr0a4+Per6v4Dt/B19ey+VFN/qvNrhtK0I6l4mh8PTTCPzbryjKe3NfXGg/8Et9W8YW+n3Hhq48y3lh8ya786v1upa2p/jNW9lb94XLPxt/xYezt7HVf3kUP/Pavlbx544vtd8SrfzXHmeTLla+sfi7+ybf/BbQ7fwFDrkkks0X7mITeZXhfjn9iD42eENOHiC78P77eQ/eWvNo1KFKfLKRWEwMakOeB9Yf8E/fiNpX/Ce6Pqt9P5VvL5X73/nlX6wQ/HjQ4fBv9lT65bXMfk/8tq/If9if4GeIz4ds4bjzYpP+eVfbHiT9mPx/D8Pv7cguJf8AU/8APavNzGeH5D2MBzUqvIviPVPhL+054V8BfFCTStKn/d3U3/LKvqCH9pbQ/sEc888kkctfhX8YPiR8YvhL8S459EsZLnypv31fSHwr/bxn17QbOC+hlik/5bQzV5zoRqR56J9TQx8KdXkq+6e4f8FmPAeh/Gb9mnWPEehz+bJF/wAsq/AZlZJSQO9fsj8cv2rp/Ffwv1jw5B/y1hr8dNRge2vJoQOkp7V9DkdKtTpSTPGz6pSq1YzpHX/BLSvD2teLY7PxDdGONv8AVn3r7s/ZF+FcGg+PNPn8K+KraTzZov8ARK/PPwlczabqMWowr/q5civpb4EftbxfD/xHp9y9p5VxFNF++r6/FQqyy9JQPjJJvHJn3F/wUs+A998TdG0PSr6CWKOXyvOmrg/gn+w3qvwlNv4j8Harc+Z/rZq9E/aK/aivvi38EbOfSriKK8tfKkhl8mvZP2Y73/hZPhfT7G+1uT7RLDF53kwxRV8I6eKdT95se1iqNkuQw7P4MwfE6W3n8c+Zc3Fr/qftdR/Ej4b2XgPwbqEHn+VH5P7mvqQ/AHSrPS/7Wn8Y3P2j/ptXzX+0toOuf2NrH2ef7T5VnL5PlV3YarQjWgctL2k6VSB+PfjnTINe+P1/b2I8z/TcV2PjrwHqmnaA832aTy/KrB8AaV537QN5a3w/1Wpc19A/HaKyj8CyR20MX+pr+keC8ND+zJVj8u4izGph84pUIn05/wAG7Pid9Fu/FunpNj/RF4/7aV8Nf8FffGkvjL9srxVcPN5mzUDGDX1R/wAEKvEMeh+KvF8kk+zOmLx/21r4d/4KDX51j9qjxdds3+s1ib+dZ8Rz5MolJfat+ZGRQhU4qqSe8U/xseL2dlPNJzD+FacGgGW34g5HpVzQLOG7ljG2vTPDfhWxvLWvgsDSqOJ9jmGa/VWeNz6VeQn/AFOKkg+0xNskX+KvXNX+HEUH76CqC/CLV71I2tNDlk83oYq7o1fqtS5hSzujWVmfqt/wRE+P97p37N+o+DJ7vEcNvLivhb4q+GoPFX7a2vW99b+b9r1E/wA69e/YEt/Fvwk8H34lHlxzw4rzDQlg8W/tb6lqOranJbbZvMzDX0uf5pg63DbVP45W5vkfF5BQqR4rnNfA7/nc9n+LX7K9vZfDSO/0Kyl/1Pmf+Qq+b/hv8DfFWvePpLCex/0eKby5ppof+mtfcl5rA1Pwl/YY+IF95cUP/LWGKvL9N00+DvFEk8Hji5ubeWb/AJYw1+C1KNerrE/d6MZcq90sDwF/wo3XtP1zSrGT7P8A9Ma7T4kftXfDm88ORwa54jktpPJ/1MsNe0fD3xh8Ade8L2cHjGe9ubzyf332uGsvxtefsoajFJpc9jYyf9dYa872WIo+/wAp2wwFXE11TUT4l+M9/ofxL8Izal4P1X7TbmOQH9zXxB4w0Oex1KUNGQu7096/Q/x/4X8A2PiDUNM+HEEcWnyD9zFD/q6+fviZ+z5BPbyXdvBJvb/ZrxKfEMKWN9nUP6UxHgvmGYcDUMVhqfv2cpfofNvgKz+0eIIYx13DqK/Q/wDZu8PT33hpZL7/AFYi718T+HPAjaD40ginTGJa/QL4Vwz6b4NtzYwf8sayz/EQxVSm6Z7Pgtwvi8BgMX7X3ZwkjY03wrBDf/Ya/Pr9vLQ7fRf2gNXt7OXcswhce2Yoq/RHTvt01/un/dV8CftxWFxdftKX018fvSxD/wAhj/CvQ4fjy1tT5fxvrzllMYP+Y868B+A9WaaO4ax5r64/Zp/ZX8VfEj9xY+X/AM868j8Hwzz/AGfSoNK/5Y/vvKr7Q/Yh/Z1+NOseKLPVfDlhfW1v9s/6a192qs4YaZ/GlarSrYj2cynZ/so+MfhvrP8AxNdK8y3/AOe0UNY/xi+G/hzTbWTVfJ8qTya/VDX/ANjP4xa94Njng8OSXMnk/wDLavz3/bk+D/j/AMLfbND/ALCuY7j/AK414in7WjqfSZO44PHwlA+HLHUrKTTbxLYY8u8r3Xwb47mTwHDGtlbfurSL/pnXyXpeq6naeKrvQb5poke7xIPKr6C+H2p6ZceD7fTNRvvKkP8Ao9eBg8C1mZ/aWQcYW4cfL/LynrH/AAm0GpeDJP3H7yuDlnM11xDW5qUMGj2HkW8EXl+T/wAtpq5ubxVY2fmW4g/eV9NmOXUq1H3zq4S4yeCxd1VNbw4ytqwth1zX1D+zb4Otr3fY3lpE8g7+TXyZ4J16CbxTZ+ffeX++r7K+EXibTPDtq19p11v82L/Wk1+cyw0MBi5XP6bo57WzrIebD7nz7+3B8L7DSNbvHs7FYzkSnHQ15t8Lr4xadaQRpJmGQ5x3r3H9rvxPZeMoXlgeORw0udtfOfgzxlYeHneK5TMiv+6rycbL6zU5KZjQVHKsbTxWL93mjaXyPq/R9Z8B6/4NbSvHWu2Udw33TM4Eor5yvHttPu7lYVPly/6qqOpeNdc1i1+22Fj5Xm/66WuYtZNVuL6QTrJcSeb/AM8a9PD5PiMRSjzQ+E+dzbxDyXLa01RnzHpOi+MbTQvDWo6RdT28r3U8UkERm/d+ZUNn8YBoFtb+dBbR3HneZD9kHmVyepeCbez5t9K82rFnNpWm+ZB/ZUsVx5P/ACxhr1aeQ9T86xXizVnW/dRPk39oa+0SP4767qXhuyt7az/t2aWGOzhjjjjAl/5Z+V2rs/ht+1N8V5fGGl2Z8aX0VjatjyYZqwf24fhponwl/ag8WfDrwzrn9pWelal9niu/Nz5tcL4QT+yL2LW722uHjim58mvuqs/a++f52Yig6lPkPqP4/fFrxVDqFn4xg1WW5ki/efvq9o8H/tmeAPjN4Nt4Nc+zW1xF+78qavj/AOIXjyx8eeErfStDguftEs3l/va9s+Gn7IH7O3gb9muT40fGP4qXMesXUMv9m6TDN5X72vOrUKPL75yYenWp0+TnPYNB+P3h3wH480ex0O+ii+33nlw1+kHgL456F49+FX9lX3l/bIoa/n/+G/irzvihZ319P5sdrN+5ir9RP2S/iF/bv2eC+vpYo/J/7+1z42jQnQ9nI6cCsVRxPtDsLz4G+HPGWs6hqs+lRSV43Z/AGx0fxteefY/Zv33+qMNfUnjDxV4V8E6XJPofmyXEteP+MPHk/iSwknPhyXzP+WM0X+trxsBh3Q54xPoMXWlWcZS+M8r+J3g+DR4rixz+7uoa+Yv2wv8AgnJ8Tvg78P7f422Oi3Emi3/7zzmFem/E74/a7P4j/wCEWvrK58z/AFcP7mv2M+J3wr8HftOf8EdNH8OatYx/aIvCvl+d/wBNYoq9zA4mvTq2Ki6dTByj9s/mo8LeDtTutN+0JY8A1DcaRcwatHEow4PSvoXwr8Gdc0HwveX1v/q/Ol/dTV5Pr0U83i2MX0EsflTf88a+5+up4ZQqHxFV1YVuc+2Ph98MfFXiT4BR/YYJPtEtn+5hqx+wTefHfwT8b7fw5441W+sbeL/llNNX2Z/wRD+HulfGDS44PGNh5kcWm+ZD50Ne0ftmfsQ/Dnw1dSeMdD1yPTdUi/eQw1+Y5xms8Li5Yf7Mj6/BYOWLy72nN7x5P8ePi14/0fRpJvDmq+ZH5Ncf8MdfvviF8INc1zXP9Z5Mv+ur5z+MHjD473njKT4c6HrktzJ/0x/55V+in7Jf7Luh+JP2VY9K8R6V9mvLrTf30tZYRfVq1OpP3jw6ft6c6lM/BrX9b0/wf+0zrdzer+7/ALR/dVa+LPxTg1uwcW17lK2P29Pg1B8Pv2ub3wlod/8AaZP9ZN5X/LKvO/HHh6JNM3S+ZH9a/e8kz6tRyr2dI+LzPL8LUzGnVq/Eej/sLftPW/wb8RapFPevFHe2u35a8V+PfiQeP/jjqGqwXHmi5vc+bXL2VncWGqyGCf8A1JqPRYn1PxdBG83WbiuHMc/rYnAxoT7nsYbKsPhMZPFQ3lE9I0v4Wa1/ZH9radB5vlU2Lx7F4Zg8u8Yq/tX6GfsB/sl2Xxb8CR/8SqW5/c/88a82/wCClP8AwTB/4U/oT+O/Ci4T/lvbpWFDE1qNG8TxPrVHGY3krR90+OLP4zaVLfx/aJ5JK/QT9lH4D6V8YPBFvrmhzxyRyw1+UE9vLaXT28vDxnmv00/4N/f2jtD8G/ETUPh98TL6P+z5IfMs5bz/AFdeHmuZYipS56Z9XQyfL4O7iez+PPgzrnwx0q4/ceVH5Nfn5p2v62f2itTFhBJJL3r94/2wPDfwJ+J/wqkvtDmsf9T+5m07ypK/AfXdOHhX9pbxBPY3EvlxTS1xzx2Jq5d7505Fk2DfEdKNt/8AM9bt/F/xP1CyutWuLu5S2P7tBDNjbVW08deKNPnNxPNPgdNz5/pXvH7A/wAJ9M+JXie00zxno/2+wMf2iOOab/WV9YXP7AP7Per+IpNN1LQDpjSjzAEn/d1+UYjNMxo1punN8nzP9DsLwdwjhMqoKvRjfkUtk/8Agn54H4++KbK2aeJ7uSNe27muT0r9pjxI2tTLfax5aNN92WOv0R+KP/BLjwN4c0m+1/wx8Thb2scck0VvJHHIwr88vi5+zPqtrcXGrae+7ypP3zKvSqy/O8Tivdm2edmPCGXYmhHHZPSjP2fxRtY9H8MeKIPE8aanf30UZkrR1i50CKydP7Ut5AK+dvDsfxD0eRNP08ykg4jUHpWd4i8feP8ATb1tM1F5o2T+B0xXl1cmr4rGOpzH6JhfFqjk/D8cLWwzjpy+RseIbbT9U+JMcdkf+WqKPyFffnw3+GN/N4Ms7ix/1n2Ovzq+Bmnav4r+JtjHGDJI90Gx+NfqB8F9Z1M6LZ6GsH7uKKLya68RQ9hVhFv4UeHwbmEsblWLxsafLzyMSHwrqtnL/pNjLXwf+1Rpljqf7U1xY30MXl1+nmsaDffZbjzxJHJ5P/PHyq/I/wDbC1XWIP2ptYWCeTz7C8/fV9TkVRVJn4F401aksr5Z+7qe+fDzTfCuj69pehwQf62aKSaWv2o/4JX698K5rD/ToLbzIvK/1tfg38JfjDoVkZPEeqwSeZFD+582vZPhL/wUy/4VXrPkWM9zFbyzf8spq+2qOE8Mfx9h8NbGc9Q/qY0zxJ4O1Kw8iwv7aSP/AJ5edXwH/wAFRPh74HvL+PXbGxtvtHnfvvJr4P8Agb/wVovobCPVYJ72WO6m8uGaKGtT9qf/AIKWX2sfBu4gvrGL7RdTfubuaH97XivSGh9nllKFbMaUT4Y+J/gbwfefHrXLXSbKL91e4q/rHgPQ7OKO+gsvs3lf+ja8Z8PfE3X/ABD8R9S8R3cuJLuYl/xruLr4j6p4uU6fe62gkhP7kR9a+dyr20s799n9m5jVyOj4bN0octWKt9xpeMIvEv2X9xfRfuq4L+wdcvJZJ76/k/7YzVo+KvEmuQ3f2Hz/ALT5tEOm+I5ovtAsf3dfpGIqUeWx/J+HzjHUsV7SnUDR/I0eXz7jzfMir1r4e/E3WrbTfs+n3+IpesRrzXR/A/iTUv8Al+/1v7vyvJr1f4ffDRfBtjZXl+Rk/vBX5lxfhtI1qZ/a/wBHfijGZpUeDrLnjuN8RzaneWkk+oH97XiVxMujeKN0o4PSvf8AxRNYatLJKo/CvB/jHpE2ma38rfOqx9PoK+Dyqq/r2h/QHijgr5LGpGPwnc+G73StSi+xZuYv+ePlQ12k2jeDtHsJL64t7n7RL5UcMPk+VXknw++IJsTGIYI/3U3mfvq6fWPi1Bqcvkz6V5sf/PaH93X6vhK37k/j/M8rxVSfNE1NYmsNTl/0Gb/v9D5vm1h2fhWDyv7VnvvN83/njVef4tWMPmGDw5+8l/5bfbKx/Enxa1W8luL7SoIv+uM1dXtKJ4P1J4Re0qTP/9k='}}]}], 'model': 'qwen3-vl:8b'}}
2026-06-26 15:29:04,343 [DEBUG] ThreadPoolExecutor-0_0: Sending HTTP Request: POST http://localhost:1234/v1/chat/completions
2026-06-26 15:29:04,373 [DEBUG] ThreadPoolExecutor-0_0: send_request_headers.started request=<Request [b'POST']>
2026-06-26 15:29:04,436 [DEBUG] ThreadPoolExecutor-0_0: send_request_headers.complete
2026-06-26 15:29:04,451 [DEBUG] ThreadPoolExecutor-0_0: send_request_body.started request=<Request [b'POST']>
2026-06-26 15:29:04,483 [DEBUG] ThreadPoolExecutor-0_0: send_request_body.complete
2026-06-26 15:29:04,499 [DEBUG] ThreadPoolExecutor-0_0: receive_response_headers.started request=<Request [b'POST']>
2026-06-26 15:29:12,603 [DEBUG] ThreadPoolExecutor-0_1: receive_response_headers.complete return_value=(b'HTTP/1.1', 200, b'OK', [(b'X-Powered-By', b'Express'), (b'Content-Type', b'application/json; charset=utf-8'), (b'Content-Length', b'2117'), (b'ETag', b'W/"845-lPEnIaFz7nYacba42Bchl88P5hI"'), (b'Date', b'Fri, 26 Jun 2026 12:29:12 GMT'), (b'Connection', b'keep-alive'), (b'Keep-Alive', b'timeout=5')])
2026-06-26 15:29:12,619 [INFO] ThreadPoolExecutor-0_1: HTTP Request: POST http://localhost:1234/v1/chat/completions "HTTP/1.1 200 OK"
2026-06-26 15:29:12,634 [DEBUG] ThreadPoolExecutor-0_1: receive_response_body.started request=<Request [b'POST']>
2026-06-26 15:29:12,649 [DEBUG] ThreadPoolExecutor-0_1: receive_response_body.complete
2026-06-26 15:29:12,664 [DEBUG] ThreadPoolExecutor-0_1: response_closed.started
2026-06-26 15:29:12,680 [DEBUG] ThreadPoolExecutor-0_1: response_closed.complete
2026-06-26 15:29:12,711 [DEBUG] ThreadPoolExecutor-0_1: HTTP Response: POST http://localhost:1234/v1/chat/completions "200 OK" Headers({'x-powered-by': 'Express', 'content-type': 'application/json; charset=utf-8', 'content-length': '2117', 'etag': 'W/"845-lPEnIaFz7nYacba42Bchl88P5hI"', 'date': 'Fri, 26 Jun 2026 12:29:12 GMT', 'connection': 'keep-alive', 'keep-alive': 'timeout=5'})
2026-06-26 15:29:12,726 [DEBUG] ThreadPoolExecutor-0_1: request_id: None
2026-06-26 15:29:12,741 [DEBUG] ThreadPoolExecutor-0_1: Raw LM Studio response received for F:\kuvat\test\a4b3b522992a4c3cbd983cbd2cfe1641.jpg
2026-06-26 15:29:13,063 [INFO] ThreadPoolExecutor-0_1: Successfully tagged a4b3b522992a4c3cbd983cbd2cfe1641.jpg with ['Artwork', 'Digital art', 'Anime style', 'Vortex', 'Red and black', 'Motion blur', 'Abstract', 'Action', 'Fantasy', 'Dynamic']
2026-06-26 15:29:13,079 [INFO] ThreadPoolExecutor-0_1: Processing b727ba523e4f45169d592679f3bde056.jpg
2026-06-26 15:29:13,202 [DEBUG] ThreadPoolExecutor-0_1: tag: Software (305) - type: string (2) - value: b'\x00'
2026-06-26 15:29:13,233 [DEBUG] ThreadPoolExecutor-0_1: tag: unknown (40094) - type: byte (1)
2026-06-26 15:29:13,248 [DEBUG] ThreadPoolExecutor-0_1: tag: ExifIFD (34665) - type: long (4) - value: b'\x00\x00\x002'
2026-06-26 15:29:13,421 [DEBUG] ThreadPoolExecutor-0_1: Requesting tags from LM Studio (qwen3-vl:8b) for F:\kuvat\test\b727ba523e4f45169d592679f3bde056.jpg
2026-06-26 15:29:13,528 [DEBUG] ThreadPoolExecutor-0_1: Request options: {'method': 'post', 'url': '/chat/completions', 'files': None, 'idempotency_key': 'stainless-python-retry-3838572e-829d-43d4-8b0d-f10b1430281b', 'security': {'bearer_auth': True}, 'content': None, 'json_data': {'messages': [{'role': 'user', 'content': [{'type': 'text', 'text': "Analyze this image, which could be an internet meme, screenshot, artwork, or photograph. Extract 6 to 12 highly relevant keywords. 1. Always include the image type as the first tag (e.g., 'Meme', 'Screenshot', 'Artwork', 'Photo'). 2. If it is a meme, identify the meme template/format, the main subjects, the core vibe/emotion, and 1-3 key words from the text. 3. If it is a screenshot, summarize the main topic or software shown. 4. All tags must be strictly in English. Do not use any other languages or alphabets. Return ONLY the comma-separated list of tags. No introductory text, bullet points, or quotes."}, {'type': 'image_url', 'image_url': {'url': 'data:image/jpeg;base64,/9j/4AAQSkZJRgABAQAAAQABAAD/4QBIRXhpZgAATU0AKgAAAAgAAwExAAIAAAABAAAAAJyeAAEAAAAAAAAAAIdpAAQAAAABAAAAMgAAAAAAAZKGAAcAAAAAAAAAAP/bAEMAAgEBAQEBAgEBAQICAgICBAMCAgICBQQEAwQGBQYGBgUGBgYHCQgGBwkHBgYICwgJCgoKCgoGCAsMCwoMCQoKCv/bAEMBAgICAgICBQMDBQoHBgcKCgoKCgoKCgoKCgoKCgoKCgoKCgoKCgoKCgoKCgoKCgoKCgoKCgoKCgoKCgoKCgoKCv/AABEIAaABoAMBIgACEQEDEQH/xAAfAAABBQEBAQEBAQAAAAAAAAAAAQIDBAUGBwgJCgv/xAC1EAACAQMDAgQDBQUEBAAAAX0BAgMABBEFEiExQQYTUWEHInEUMoGRoQgjQrHBFVLR8CQzYnKCCQoWFxgZGiUmJygpKjQ1Njc4OTpDREVGR0hJSlNUVVZXWFlaY2RlZmdoaWpzdHV2d3h5eoOEhYaHiImKkpOUlZaXmJmaoqOkpaanqKmqsrO0tba3uLm6wsPExcbHyMnK0tPU1dbX2Nna4eLj5OXm5+jp6vHy8/T19vf4+fr/xAAfAQADAQEBAQEBAQEBAAAAAAAAAQIDBAUGBwgJCgv/xAC1EQACAQIEBAMEBwUEBAABAncAAQIDEQQFITEGEkFRB2FxEyIygQgUQpGhscEJIzNS8BVictEKFiQ04SXxFxgZGiYnKCkqNTY3ODk6Q0RFRkdISUpTVFVWV1hZWmNkZWZnaGlqc3R1dnd4eXqCg4SFhoeIiYqSk5SVlpeYmZqio6Slpqeoqaqys7S1tre4ubrCw8TFxsfIycrS09TV1tfY2dri4+Tl5ufo6ery8/T19vf4+fr/2gAMAwEAAhEDEQA/APzAtYrky4gnj/65V0ej6l9j6z1xN9rlk2p/ZrG9jl+p8ur32w/2DcX32795FNFH+5r9MqZt7KryVD8O/wBXMbmFL3YHqGm+Kv8AnjcV1Nl4quZLX7F9ojkji/1tfPej+Lbq7k+zi5j8z/yLWvN8Qr/w3dfYZ5v3kX+uirWObUpM8DHcCZgo39me+w68sseZPLL+8tT/ANo/9Nv1rxrTPjLYXscdvdXzRSPBLJul/wCWv/LWnRfG+xMn7m9rp+t+Z8tV4Qx1KXwHr/8AbP2KX/ppLWfeeNr6LzJr797bxeVH/qf9VXncPxZ0S7ijsLi9jiklm8vzppv3UVdBFeG88G6h4qGqxS6fazfudWh83ypZf+eX72KvIzLMvYn6NwlwTUxbszpLL4n2Pmx+R5f73/pjXQWniT+0ovI+zW0v/Tavn+z8SQaldZg8oebN5fnTf+0q9U+G9nfaxqkcEB82OWz+2+dL+6iitYv9bdSyy/uvKi/5615NPNatX3qZ+gYjgKFGHLKJseKvCt9Na298Ljy5JYf9b/z1ri4NB1zzZIJ4P3f/AD1hrrNS+MHhb+2f7D/4SPzbf97JDNDD+68391/6N/8AaVdZ8MdN0PxJf+RBfeb5vlRw13U839lR/eHymM4VqUq0KUZfEef6P4VvvtUf2j/0TXUDw3/Zt1/pA8qvbNe+DMHgPy9Qmhii+1Q/ufNrwf42fFXQ9H8uCDVf3kV55fnV5dXiOpb92etlXh9XxVZqr0Dx5ps+jy2/2Hyv9Kh82Hza8X8S+KtUs9UuB+7kji/dzQxf8sq3JvjBqvjDWbfwqL77dby/6m0m/wBb5teR+N/Elj/pH2fXZf7Qi1L9zD5P+ti/56+b/wC0q83D5zWrS98/SKnAFPL6MZQ2cTpNS+IVxDa+fCYqw734nTwy+fXNzeKjeWEljffupIv+W1cXrGsTmXyDXfTxNZniQymjSdqh9UfBPR/g78YItQ0Pxj8W4vCWqfY/tOg3ctn5lrdXUX/LKWX/AJZV8/8AxI+zw3VxBPP+8im8vzof3kVef/2xfQfuPPl/11SQapcXkH+kfvaMPTqyr+0nI9Kv9VpYb2dOITefVP8A67f8CrQmh/dVXmhn613Vap5ECnP2qvN+76c1qQ2dQS6cRx+tZ+0NlVVzHmPy4qOZWbAArpNI8J32qT+TBayNJW5pvwq1GcedNYyYz/rK5KvsrlTx1GlucB9mus52mq0yGM7cfnXvGg/A6G7WOWeKWue+KXwH1bw1Yf22IJY4/wDrjXNVp06oYbNYVqvszjPAWmteXH2ie3lkii/13lSVvzaX9j8ueeD93LXqn7OH7L/jz4gyx2nhXwxdXskulSajcQsnlxRW0Q82WaX/AKZRRf62pPiP8IPEel3Vv5/he5sbOWz8zTZruzli+1Rf89f3v/LKWvXy3BVHh5M9PMMMo0o1InmdpZzw+XPXYaDPPN5cFR/2D5MUcHkf6qu0+G/g/wA7WY4IIP3n/XGs3SrUT4nHY/2R6J8GfBOu6lqlvpP/AC0/1c01ewXng6+0DzLGexlks/8AV+dFDXpn7K3wBOpyW5nsf+u1esfGz4JweG9L/cW/7yWHzP3tc2LzNQj7JHLkeX4nF476w4+4fk1+0x+zdfaRLceMdNtlEjTy/a7aP/0bXz7JbX0W2CSPJzjbjmv1/wDG/wAAoPGHheTxjBpP2nT/ALH9m8SQxf637L/z1/66xV8nfthfsG6n8O/D9p8WPB6Q3ehar/qLu1H7tf8Arp6V8JiMd7DFck9Y9z+i6ORYTMcup1KE+WaXvR7+h8W3Vr5EsYH+rP7yi+tLaPy57KbzEl/5Zf8APOtrVtBurSf7Jdw+XInaQVVvNH+zjyoLuOQHy5JjF/yyr0sLiY9D5THZTWoOzMqDvUsVwC374frT5rPyf+ulV69uNSi0fP1KTRY8/wBqP9VVeij2hl7MuQzVchvPJ/1/+rrPh/1P4VYh/wBT+FHtB09Klz9ff+Df6D9l39lT9n74kft+fHS7sL3xVaWf9neB9CvEUfOf3pMWQf3sksccYk/5ZRiTsTXwB+0x8cf+Fn+OtYhjtbKHTtRuZLpbDSYI7Gyhv5T/AK2OKL90I/8AlnXj+neNdc0/SJNJsb65treX/XQw1HpBF7b3F1Pdxt9l/eCJj/refLrSkoValkfbVc+w2Hyl0MOmpStzP06Ly7kOpQXAuvsU89t/028maKStv4Y61D4a8b6X8QtY8Gpq+j6LrdjcavpMs0kcWqReaZfskskX+q82OOSKrfiHwfeabCt/rd3a2txLBayWlgIZvNu7WWL91LH+6/1X/XT97/11rJhh8mKSCCePy/8AWTfvq1qUv3vvnxP1mrDYL3UZ9U1q81aYSyfappZJvOm8yXyv8/8ALWvo/wCFX/BUf9r/AODfw/8ACXww8H/E3Urfw14T8TX2saPpFtN9nBuLrnyZZIv3ssUcvmHypf8AnrJ+Hzp5KwyxgNFs/wBZ+5/eSy1Tm5/cef8Au/O/c044el9o3wuaVsPLnhLlkaGr+L9d8SG4vdTvpZbi6vPtM00s3+tlrobH4i6hafCm4+EraDoC2kuuxakdcm07/iZxeVF5X2X7T/zy/wCmX/TL915Xmy+bxU0wx/0zo8797/0zro9nS9l8Jy1sdXqVfaOZoReMNViljNlc+V/yz/dV2vhCbUdf05ILcjCXAkns4pJJDFF/00k8ry4v+2steXCRkOFFdb4O8U3fhjULbXNDiSO7tZopLO5msIrmSW5/79f8sq5qvNW3mXgPYUXyHu+peA/HPgnx5p/gfQr77bcX8MV7ZzadNLFFLF/rfN/0uKKWKKL97L5ssUUX7rzf9V+9ry/4q3kGjapcaVD4ktr2S1vJbaa7tPN8qX/prF5sX+q/z+6r2z4XpcfHD4a6j8I/hz4S1HxF8Tdd1eK51PxQZ5b25Al/dRaXbf8ALW7urqWX/W/+0ovNi+Z/iH4V1zwr4j1Twb4jsJbHVNGmlttS067/AOWUsUvleV/11rjwntaWI98+mzDD4epgI+zKd54qvpv388/+qqifGNz5n7u47f8ALKqv7ify/wB/5X77/tlVPUrO+026uLG+gliuLWby5oZf9bXq1cbVR8Z/ZdHsaqeNdS3vsuZc969A+EXxFbSn1TWdR8Rx2v2XTJDDaTQ+bLfykeWLWL/47/0yryazsvOlzmtzw2bCzP8AaF9Y+bHF+78rzv8AWy/9Na4sTW+sw5Jno5dbL6vPTPVPCvx+v/Dd/wCRoehxRyXX7uaaGHzLr97/AMsopZf9V/2yo+NHx61PxVpMmkaO7RXF/NHL4lu57kSS3UsIljjiik/1v2WKL915Xf8A1sn/ACy8ryuG8vobrz4J5Y/K/eQ1n3kP77gSSfvqMHTVL4D08bmTxNH3zvPhl46v7fxZpcmq3hkjl/eTebN/yy/zFX2x+zd420vTLO4vtcnitvtX/HnD/wBMq/PuzvJ7Py/IH+q/eV754I+JwEun67Pffu7+Hy5v+mUsVRjoutStA+YdC+MhVZ9+eNvip4H+JHgOPwB4c1vzPEktnf3MNpF+68qK1i82X/2rX5t+KvG083ii40nVZ5JbOWb/AFv/ADyr0jUvjlqngjxHo/xG8HX32bXNGmi1HTfO/wCWssX7qWKX/v1XD/tQ+FtA0H4vahqXgy2B8N635eteFyG/1ul30XmxRf8AXWL95FL/AM8pYpf+eVeXhaEac+SofpmGqYelR9pD4tDj/Eeva14f8Yf2hZ3slteRfvIZYZv9VL/yylp/xQ1228QSWXjeK8tzLrEMlxeWFt/y63Xm4k/d/wDTX/W/9tf+mVZHiSb+0bWznE/myWv+jTS/89f+eUv+f+eVZ800E9hHB5HlyRTV3YXCw5jkxWbVaqmn1I4byfypD/rf3P8AqaLvTYJYvOsfNl/6Zf8ALWq/+p/1H+rloN4sM37if/pnXr/ufYnxdW7qmXeQz+bJARFUlnDPDFWpZ6bBNFJPcfu/3P7n/pr+9ohs/Pu/It5/3dKnuclWqS3mnXFjdfYp4JI5Iu1adhoNjqmkyObz/TQ0XlWnk/62L975svm/9+v+/tRHUrc2/wBnll8z5c+b5PmfvZP8x103gL4d6z4piS+MP+j/AGeXzpf+eUUX72X/AD/01rOrY82pXdCPPIs22oQX/wAI4/h3o3hKKKWbWP7U1zXWm8yW58qKWK2tY/8AnlF+9l/66yy/9Mqi8F/BefxBIk15byOPSuz+G3w3/wCE31qPStFsv+JfFN++/wCmtfXnwZ/Zpgmij+3aV/o8X+ptPJrHEYn6rROTDVK2OrWpng/w3/Z7gito786H9mji/wBT+5/1td5pv7Nxvb+OfyJJI/8Anl5P+qr7E8Kfs9iaL7dqsH2aPyf9d5P/ACyqn48m8HeGrbbY+V+6/wCe3/LWvnZ5jVrVT3qeTya1Pn/w18AbH7XHBfWMf/TavWLz9j/4ceNfCf8AaureI9N02z0uHzLybUf9VWfDr99r1/H9ht/Kj/8AIstWPGGj302g+RPcS/2f/rJof+evlf8ALWvUwuHxdeV4inSwGVfvKktTL+Gfx9+Dn7Nl/JL4G+Emga/4gtYfKs9b8TWf2mK1/wCmsVt/qv8Av75teb/tbftY/Ez9sbU7fWvizDDqur2s5Sz1YQxReVbH/V2scUX7qKOuP8ea952vSW8OlR/Y/wDpr+9rEhsvEmu6n9pg/dR/6ryov+WVfpOXrDUKCTh+8/mPg824zqLESXP7j0OGPw9g1jVJIZ7GvdP2dvgBNqWvRziw/eRQ/wDPH/VVY+Ffw38mW3/0f/TP+e3k/wCqr64+Cfw8g0GwjP2H95Xk51iqNI+bwWMr5vjOSJ65+zr8K9J8K2NvcX1j/wBcf+mtdR8ePhvpXxItbfSbD91J5Pl2cv8A01q54PhvprWOC3g8rzYa7y9+FXiS80vk/wDfr/llLX5NmuK9pW9oj944bwVLC0OWR83+D/hXrmg3VxY65Yy215/q7yGWvP8A/hWNj4J1TxB8P/GPhz+0vB/iOb/iZaTL/wAuEsv/AC9Rf88q+/P7N8OfELQY7fxjY/ZtQih8v+0YYa8r8YfBmD+2Y/P8rzIv9Tdw/wDLWKvD9uq3u1T7/C82Hj7WnM/G79uf9gPXPCh1DUtBt/Mk06H7RpF3DD/x/wBr/wA8v+usVfDWnW0NnrUU+of6jzfIlz/BHX9HXxm+AFjqPgiSC+0nzdL87/wFr8iP2vP2DdR+H/xI1CLSrYf2fqh82zu2/wCetelgpRhPkcvdPZq06Ob4ZThH34/F/mfF+t6RfaLrjwTw+ZLCef8AprFUep6FFZWpvYYZI/NPm2nm/wDLWKvWfH/wz1W98H3sk1jt1Tw/5Uk+P+Wtr5X+trnbXR4PEvw00+fyf+QXqUtlz/zyl/exf+RfNr1qdSpc+YxeUwpylFbbo8zhs/O8yo57OeL/AJYV0E2j/wBj6pJY/wDLOrmr6DCLCMiD95L+8repjfZnkU8nc9Tk4ZvKqTzv3nk4oFl/rICtRwREyR81cavOedVwnKzb0+HSX8Pzs89x9vE0P2SKKIeXJDmXzfMkz+7/AOWVdD8L9D8Q6/rkkfhzRLrUrq0025uJvsllLciO08o/aZjHFH/q4ovMklk9BUnwk+GXiP4qeMtP+H/w/wBDvtX1zWbyKy0fSdOh825urqX91FFFF/z1r0z9pX4M+MP2AP2gtT+EXgb4uXtzr2meG4tO8atDpsumyaXdXVr/AKfpUsUv+ui/e+V5v+qlrrwWKh7bl+0ZVKHKjuPi18Lfgl8StL+HFr8Hv214tf8AsHws+067afEs3Wmy+Hb+KWWWXQLH915Xlf8APL975Usssv8Aqq+e7z7DZmPyIP8AW/8APaGq+m6lcXkscEE/7z/nl5NafirTdL0S5je1t7krLDFJ52qaf9il/wC2cf2r97F/01r3fZ6e0PGxD97kgYl3Obybz5/Kk/c/8taLuH91HOZ/+uPnf88qkvDcLdR4g+zf8tIf+Wf/AKNqOaHN/wCRD+8k/wBZ/qazgc5T/fzCTzv+ulJD/rvxq7PDP9ljAPmeb+8l/wCutRww28Mv/HvWtLczM+CISzZZfLqrfaxPOvlF/wB3HF+6iq9ro061ggtdLvRP5sXmTSeT5f73/nlWJKFJGa5alqVTkOylTt759Of8E+v28rf9gDxL4p+NPg34cW+rfESfwrcaV8OtZv7pfs/hea5/dXWqeT5ebu6+zDyoh5kUQ82TPm58qvONf8KeIvF+hWXxMn8PXum+C9S12606LxNJayyW0upxRQ3N1a+Z3l8qWKXyuv72OvKuYDzWsfEesXPhu38Oy6xPJplrfS3MOnCX91FLLFFFLL5f/PSTyov+/VZ1adP4z2aGOqRhyfZJdY8jzY/sP/HvFD+5rR8X6H4d0zS9HnsvEFze6pf2UsniS0lh8v7BdfapYvK/6a/uoopf+2tc99snnsfsM8H/AC2/11Et4Daxj/VyfvfOl/561zexrVDV4jDskhmXzPP/AO2dbln9h/4RySxnsP8ATPtkUkN353/LLypfNi8r/v1/36rn/wDllWpDeDyvI/6bV0eyOXniWIJh5UmKjmg86T7P/wAtKOPK/wCutRzfv/8AvzXVSpHFXqe0plPz/auk8N6lPDayaUP9XL+8s/8ArrWHND/5Fq5pk/2O6/6Zy/u5q0pxMo1LHQalr8+paX9gvp/3kv8ApNnN/wCQpf8A0VF/36rbb4h2fiT4OaT8P9U0xpdR8L3csuh6j5n70aZdHzZbSX1iiufMuov+vu6/56/uuSmCmKTQ55vNjlm82zl/55S/89f/AI7/APaqh+2eT5ZnPl3EX+fKlrOpgqbPSoZhJKxHLrPkxSWP/LOWo/Oni8yEeVLH+6kqneEw3Xkf8s/+WNXPJz++z5dFLDGdXE8pY/sy+Gjx6rPBLHbyzSx2cv8Ayylli8rzYv8AyLFWfPnzf9IrU1AwS6lcT2FuI7eWaWSHdD5f/or/ANpVl33keZHj8a09mzjuek/sxfD3wn8YPj34L+EXxE+JMPhTw7r/AIlsdP1HxPe4kt9IiuZYo5bmTJA8v6mIe4rC1i10uxvri20e4ivY4LyX7HqEMMscV1F/z18qWsPQbuCG6+0yjzY4pvMmhlm/5ZV6DpOtWOt+N5/EGmeH9N0+G/u5biLSLSGX7Laxyf8ALKPzZZZfK/7a0Om0ebjKnJDmHfAj9kv4x/tDfEbS/A3ww8D3up32oy/6PBFD/wAsv+eslfUXxp8Q+DvAng2D9jb4EwWN74e0qGKPxL4o+x/6dr2qf62X95/yytopf/aVfT/wR+Jug/sRf8E6tT+Jfh7wvFD8TPi1DLpPhu2b/Ww6N/qv3X/TWWvBP2Sv2fYde12PxRqkEskUU/7mWb/lr/01riU4OTnP4Y7ep4eOxNRwVGKvKX4I7P8AZG/ZT1BtJ0/7RZeX5v8Ay2lh/dRV+gnwf/Zv8D6PoP8AwkfiODyrew/eTS+d/wAf9cn8B/hVBNpUfiPxX/oOh2v/ACx/5+v+mX/XKuk+Ifxmn1LwvcW99Y/8Sew/d6bon+qi83/nrLL/AM8oq+XzDGVcZW9nA+zyDLaWEwntKvxnD/tCfE7StH0uSeeeO2j/AOXO0h/55V8j69r2r+O/FH2iCxk/e/u66D42eML7XtekF9ffbbiWb99N53lxf9cv/tUVeT+Kvj/4H+Hssng6DXYvMl/5DGo2n+qii/55RV6eW4OMPiOzE4qKfuHpkOsaVoNhJpQniuftU32aH7JD5kt/df8APKL97/yyrQ174weFPBOlyeI/FXhzRNS1SKH7Fo+k3fm3Pm/9PVzL5vlfupf+WX+q/wCmVeP+FfHl9/YMfxU1WeXTdYv9H/4oPRIYf+QNo3+ql1WX/prL/qrX/trL/wAsoq4v+2J/FV1HfT/6Nb/6uGvq8K4xjY/OeIJVXCpVlLyj/mamj2eq+Nte8++n/d/9ca7jw34QN5dR2FjZfP8A9caj8H6b5MVvY6VB+8lm/wDIVe8fCv4Y/Yoo/wBx/pEtdOJzL2MLRPy/AZTVzTG3rS91EfwZ+GPk3f7+x/ef8tq+lPh74PuMeffQeV5VU/hj8N4LOw8+eDyv+e0stdZr3iqDR7X7BBb+ZJ/q6+FzLMq1esfr+Q5LhMJG8Dc/4SSDR/8AUV1HhX45X1nFH9o/ex14vqPjHS9H/wBO8Sa7FH5v/LH/AJay1xfjD9p3wroJ/wBB1yKKOX/Xfua8SvTdSjfkPtsAq0q1mfWln8SNK1KWS+/d/vf9dRDNB9q+0QXHmx/8toq+d/hv8YNK1K/s4LHXY5Y7/wD1NeuaD4wsYf3F9XzmIPssNGpRlyP4T3zwfZ+APiDo0ng64sY4o7qz8ua0mr4b/bM/Zjn8N6hqHhzVdC+22cXm/wDbWKvaJvF8+j6rHf6RqHlW8s3/ACx/5ZV2GseKrH4weHI9D8RwRxahaw/ubuvUwCjCUJVPhOnD4t4OpPkmflf/AMMr+B9S17JnjluJbPy7PUJYf+Pr/plLXzP8Vv2C/FXw1stQ0S1hijt7+z/cyw/vYpf3vmxS/wCf+mtfph8f/wBnu+8K6rea5oelfu/O/wBM0/8A9qxV5/DPY+KrD+w/Efm3Nv8A9Nf9bFX39LLKWNl7TDvTlX4Hy2Y8WrAte1jzav8AE/G/xh4W1W2tY77VNE+zXEXmxzRSw1XvJrG80uzsYP8AWWEPlzS/89a/Qj9rT9i2DxVo9xrnhyD/AJY/ufKr8+/GPg/XPB3iOTw5rkEsUkU3/PH/AFtceMwTpU+XkOvAZzh8Zd05nP6xpBlkkxD+8j/eVy95C3m/6ivoD4A/s9+I/jDrF5bwWMvlxfvJqj+O/wCyvrngKWOeCwk/6bRV43vYc9WGBlmCfJ9k8f8ABWvahpWr2+qQrL/rv+WU1avjjVdf8S+KrzXfFeq3OpahdXksmpahqF5Lc3V1LL/rZZZZf9bLU9l4Pv4fL/cSxyRf+Qq6D4hQ2Gpa9JqulaH9mjv4YpPKh82SL/Vfvf8Aj782XzfN83/lr/36r1cvSdb2h8zmEHQ9yocP519N+4E8sv8Az2hlrtZVi/4RjT7C0VoLi3WWRoYrmSKS580HBit/Kj9eZPMl/wC/f7oc1NDb2d35M4uYpIv+uUctbFpevY32bO8/sSOWz/fTedL5sv7r97/qv3v73/v1Xuy2PmJSvLQxCJ1mj0+3sY4JPO/c+VD+8l/8hebV1dOv7+WOx8/y/wB9++hln8uKL/rpLL/qv+2tBMEUclvpEbWX7n995U3+ti/6af6qq1/NaTXeYk8uPf8AuYfO/wBV/n/rlU09ifdH3t5/ywH72SL/AFMv/LKo4bKe9i+3mD93F/rpfJ/dRVHgeb9o8j95X0p/wTU/ZK8K/tsftI2/wI8R+KvsVxr2my/2baS6x9h+33UUX+q+0/Zbrypf+Wv+ql/1VaG+EouvU9mj4/hmnmHkefR5HvUvhH7OdagivBL5Uv7ubyquXNlBa3E9tBcfafKP+uirhoVfa/uzuqUXCj7QzqkrSuzZPa24gsvLkihljmlim/1tVTD5J8+aCOOtfgOanUK/ke9Hke9XIofJik/5a/8ALStjxRouhabqMeneHdb/ALTt1tLWT+0Ftpbf97LaxebF5cvXypfNi/6a+VWpoqlzm/P9quQfaP8AUGpPsfk/6iCrEVn5MuK1VLUXtUWIoDNax1X8/wBq9z1H9sOxP7BNp+w/B8FfDsbRfEyTxbeePPJH9o3J+ym1itemfLj82Xv2ix3z4Z53nTefXdCnoZ/8uwmm/dVHBL/ywxUk/wDqvIzUfk/vawOakbGmw/bLD9+f+uM1RzWXn+XPPB/9qqvZ3n2P/lv/AK2vYviz+0p8OPHn7NfgD4JeD/2XvC3hXX/CsN/H4o8dadMZb3xgJZvNi+055ili/H/tlF+6rtpuKBJusaH7F/7BfxE/bp/aA8O/AD4X6rp+nalrckxOoapIUtrWKKLzfNkA5P7qLoKj/bv/AGLvHv7A/wC0x4i/Zh+JXiHStW1Pw2tpNJqGjySvbXUUsUUv7sTfvR/ra8h8FfFfx78Otej8Q+B/Ft9pt3F/qbu0vJY5Yv8ArlLUnij4heKvH2syeJPGOu3upahfzeZeXeozSyy3Uv8A01lrrtQteD0ttbr6/pY7tPYmfeXk6+X/AM86p3n/ADwq5N5E3/taq80P7r/ppXm1DgILSSaCSQ16R+ztpV34p+KWh+GrL/WX+sRW3/fyXFecouYmOOlev/scXUun/Fiy1f8AislkeL9Yq4cR7SMDzczqSWDlL+U+7viF9u/aQ+Mmn+FdLgl/sPwRptroOg/89YvK/wAy/wDkKvqj4J/BnStNurPwrpUEVtHF/rv3NeV/sZ/Cb+wfDlv4j1WD/SIrOWTzf+nqX/W19MaD/wAS3S5B+9+z+T5t5qMP+t8qvks5zGz+r0SuGctnX/2nEblf4zfEexitY/C2hH7Np9hD/wAfcX/LWvmv4/fHi30fRpPt2uRWMcUP7maKH/VRf9Mq2P2o/jNpXgrS5CPK+0XX7zyv+eUX+Zf/AEbX5l/tUfHnxJ8Q9WuIJriT7PL/AMsv+mX/ADyr08lyluj7Sqe/mmY00/YUjV/aD/bR1bxve3Gm+B4f7Ns/+fv/AJay1xHwV0nSfF+sXvxJ+LU8sng7wlHFca9DFN5cuoSy/wDHrpUX/TW6ljk/65RRXUv/ACyrym7l/wBZPPXqHxb1NvB3h3Q/2etOcmPw5/xNfGERH+t8RXMX7yKX/r1i8u1/66xXX/PWvdtH+HA8zDwkn7SpqdnafGDxL4y8Zal4x8V+TbXGrTC41KCyzF+6/wCWVrFEf9VFHF5cUUX/ADy8r/prXU+A9Y1XxV4tjg0qCOOSWby/3P8Aqov+mVeF+FU1ea/jsNKglubiWby4Yf8AnrLL+6r6I+APhue88UWfgDQZvNvLqb7NNdw/89f+XqX/AMhfuq1i6VF2Z4ubUvaQtN7/AAn1x+zV8MrfXpP7cnP+hxQ/ubvyf/ItfTHw202x+3/YfIilji/5beTXH2ejwfDD4fR+HPIitpPsfmXk0v8AyyrsPDesWPg7Qo76eeL7RL/yyr5TF42tia0+T4EcmBy2jg6kY/aZ6ZrN5Y+FtB+0X19+7lh/1X/LWvA/ip8eNK0C6k/06KW4ih8yaH/plXlf7VH7Y39mxXGlaTqv2nVJZvsUNpF/yyrxfTdH8f8Axa1T+yoL6SOS/wDKudYu5pv9V+6i/dVw0qXtI+0Pt1ClQ5Is6D4hftFat8QvGUmleHPNuY/J/feV/wC0qp/DH9mP4t/FrxdH4j8c6rc/vZovsenQ/uq+hP2e/wBl3StNtY9K8OaT5sn/AC+Xc0NfUnwZi+D3wT8Zaf8A2rPFqWqf9MbyKO2tf+ussteBmePrRfsYH2WWqhRj7SMbnhfiT9nSx/Zi+HP/AAsD4jeKrbRPKs/tsP2uaKOuH0H/AIKHfBbWIrOxg8cWP9of6vyppvL82vXP+CgXwl8OftpfF+3vvEfxU0iLS7CzittN0m0mupLX/rrLL5XlV8n/ABB/4I3Q3+pSaZYT/wCsh/0OXT5v9b/01ikrfC5TT9hz1pPm/D7z6jDrC4ulf2seb+XqfUHwx/ac8AeKvLgt9dil83/ptX0B4K1/wrr2g/YZ5/Nki/485ov+WVfiP8Yf2KP2zP2Ota/t3StT1LUtPim8yGWH/lr/APba94/YV/4KfWJ1S38AfFu+k03UPO+zeVd/8tadfL6tOn+6lzHhYyjUpT5Wj9SPFUP9s2EdjqsHm/8APG7r53+MPwlg0G//ALbsYPKjl/13k17x8PfG2h/Ejwv/AKDfR3Pmw+ZDNXJ+PJv7NtbiDVYPNt5f/IUte7w5mdbB1eWZ8LxHllHE4NtSPF9Hmsby1k0rVbH7THLD5c0Mv/LKvkP9t/8AZR0TWbr+3NDsf3kX72Gb/wBpS19SeKte0PQb+SCCf93/AMsa8r+MWvf8JJoMml2M/mSS/wDLGvt8bmuVyo/vvdPx/KpcQ4HMv9n99Gd/wSO+C/7LeveItQ0/9oT49HwfLaw/8S2wWL/j6l/6ay+VX2N+1F/wTB+FWs+EG8SfDXxVa+I7F+d0RjkzX5HeJPG3jf4e+Mo57Gxllji/10VfTnwT/bS8ceDrCzn0PVb6TT7qGKT7JNN/rf8AyL/ra8WODwGax5aTZ/V3BdevWwLr42Spy25XbVfmed/tQ/siWPw2lkMFjF9stYf+eMX72Kvjv4naZ5XEGgx21nFN/wAsYf8AW/8Af2v0E+OXxssviRYSXF9pPm+b+8hm86vkP42eCftcUmq6Tc/9dov+WUta0ct+qe5P7J8dxViKarNUpxkfPkp0uCaOf7F/2yim8unz6lB5dudJsIrKSPzYzNDNL5sv/XWtTUvDhiupPIgkjki/10NZf2PzuK7T4GnOTK/2Lyf3/wD02/1NE0Pm1Y+x+Vx5GcVcihEP+og/ef8AoqgSqVTLms54f9Hn/dVoaPqX9jyRz+f/AKqbzP8ArlRNZ1X8n97QdUJzpao870uV1u0DYQB+T713vjLw5FJZf8JXoM3m/uf9Mrz23Z4mJZhyecV7D8NfGmo6Voh8NzS/6JcS/abuz/5ZXX7qWLP/AF1i82WvkpVKtCrGoj9EyujQxdKdCf2tvU8zlm3y/uHH/bKrlmIZY5Jrhf8ArjXSeK/hhPaRSa54bPm2/wDy2hhrDs9C1WcyW8EUsf8Ay0r36dVVqPtIngYrK6+FruDWx1nh/wCGOkeI/hT4s+KZ+J3hzTz4Y1LTLKy8N6ldyDU9Z+3fav3tlF5f72O2FtmWWTy/9bFXJ+dBDz5H+t/8hVHNeeTax5l/6aVT+2eTzW1KpCnucJoedND08uTzauatdia3t/KhjjcQ/wAP/tSsc3hk68VJCYfLzXT9ZR5mqFjS4WPGak2N6U/7TF5Pl7v3mf8AW0TTUe1Yc9Unmsbq3sY9QMH+jy+bFDJ/n/rpVDzZvWtCGznvIpPIgl8uL/XeVWfNCYJeRSNeSQTTT9KD/HQQJY41FSeR70/aMKZTh8/zauQwTny4IDRDZ4k8gQeZ/wAtK0J8fZo4f+XiL955v/PX/P7qummVqZ/n+1aEMX2yXFU5ofJl/cQVYs5oPNjrJbmyp6i6hpl/plydPvrbypP3UnlS/wDPKWLzYv8AyFXo/wCyXcmH4y6XZlv3l03l1tftzxeGbT4s6HceGdUjvbPVPhN4DvZZYfK/dS/8Itpfmxf9spfNi/7ZV5r8H/F8PgL4k6P4rnH7uw1K1k/7ZebU4qXtKFqZnisDGrTcP5j96PhX4bg034aaHY2P/LWzi/7ay/uq7D4kTQeD/h9JBbz/ALyX/XVz/wCy3DY+KvCWl30HlSxxQxSQ/wDfqsP9rvUtVh0uSwgn/wCWNfl+DjVrZ3JVD3lh/qeVxR8H/taeN5/EmqXkA/1cX7uaX/rlXxH8Qryea/kg8jypPOr7U+M+g31noN55EEnmeT++m8mvkfxvoPk3UnnQfvP/AGlX6w1bBqFM/P6FRvHznUJf2YtF05PH+ofE7xZptvdaJ8OfD914r1O0u13R3MkUkUVjayD/AJaxXOp3Njay+kUsteb3fi7XfEOrah4q8SahJe6pql5Lc6lqF3+8lu5Zf3sssn+f+Wtel+KNT/4V/wDsly+GoSqan8SPGn2i7icnzYNL0eKWOI/9NYrq+vrkc/8ALXRo68Xs4vOuo4P3v/XGvLhTrKr7x9SlFYe59Qfs3+CYbT4dax8W9XgljMU0Wk6PN/09S/vZZf8AtlFFL/21lir7K/4JOfARvEOu6j8a/E2kyfZIDK9p/wBtP+WUX+f+eVeGeCvA+r+O/B/gz4A+BoBJJqWseYDn/Wn/AJaSyf8AkWv058N+A/Dn7N/wM0vwBoflxW9rZ/vvN/5ay/8ALWX/AL++bLXh5xjquGXsl8cj5fD1I5ljOb7EPzOH+OXiWDR7/wDtzVp4opP9ZDFD/qooq+a/id8c/GHjDwlpel6H9pjkurz+0tHu4f8Anl5vlVl/tafGDVvHfim88K6TPJ9nsLPzNSmh/wBbLLWHpsU/k6X4H0q4jl1T7H9mm8qaL/QIv+eUX/PL/nl/39rrwGF+p4O9WPNznLVxNOOKlWlL3Ylf4MfCu+1/VI7i/g+3ahdXktzeahL+9r6g+G/gmDTb+Pw54c0qW5vPOijm8mH97LVf4JfD2HRtLjsdCMVteS/66byf9V/9tr53/bk/4KZ6V8FLC8+En7Nmqxf8JRFeSxax4hi/eeV/z1ii/wDIv72uNYKrOPLTFgMdiM5x/NH4EfXH7Rfx++En7Mfhu38HfFv4xR6JeS+VJeeGPD15/wATO6/66yxfvYov+/VfLfiX/gsN8FdMl/srwtpMWkaf53/Hpaf63/trXy/+zz/wTr/a5/bv1OT4i6rONE0S6/e3njHxhd+XFLF/z1jj/wBbdV9A+E/+CY3/AASQ+CtyLP8AaY/bjPiDVQfLl0/w7D+7z/26eb/6NrirYLAYGXNVXNP+uh+h0sNi60PZ87hD+upf0H/grF8K9Yv/ACL++vf+WX/Pr/8AHa+hPgB/wUC+HOvCOfwr4/02+/1X/Ev1zzbaX/yL/wC0pa8Auf2Vv+CLV0m3wv4t1O3zD+61CaLVK+cvin8E/hV4b8W3lj8GPinY3wtZv9Dhlnli+1Rf9MvN/wBb/wBcq97Llh8VDlb36NaP7tmcOIyalgZrEQxG3aWv3M/Z/Qf2g/Cnxm8MXHgHxHoem31vL+8/dQ+ZLFL/AM9a+EP2/f8Agnj4c8SWtx8QPhlYxWWoRfvIfsleAfsr/tP+Mvhh4pk8E+P9RuY5IvK8m3u/9VL/AM9fKll/1UvlRRV+gfwk+MGh/FrRvsNjP5n2qH/lt+7/AOuv7qX97XFi08HV9nOHKe/leZP2Erzc+1+3Y8H/AOCP/wC2x4j1LxRcfBb4j38n9saD/wAsZv8AlrF/qpf/AGlX6IfG3w2NY8JXF9B/q/J8z91X5P698MdV+A//AAUT0v4jeHIJY9P1T95eRQ/9+pa/Wj4M6wfiR4NvNDn/AHnm6b+5rzMdh/YuFeifL5jj4LF+xfwyPyz+OXxa1XTvGd5B9uki+y/u64fw38VL7UvFFvbz6rJ+9/55Vqftv6BfeCfHmsTzmWOzlvPLml/55f8APKo/2b/gb4j8VRR+Nr/SZPs8v+p/6da+W4gzCr7Rc5+l+G3COX5niotnpHxO+CcHjDwtp/iOxt/9Il83/VQ/63/P72uHvPhXrvg//QbGCWO3im/1vk/9+pf8/wDTWv04/Yv/AGRPA3xi0fSLC4vGXMFzJqih4jHaSRiHzIo/7vyy28n/AG0/6ZV7J+0X/wAEn9Ih0GLWfh3FG0EMXlahaXC7gYv+en1r9X4RlllLLIOpK02fo3FkOFE/7PfuSjdX80fiPrE19plrJBqsHl/+iqx5/IvLSTz4PM82GvqT9t74EaV8E5tQ0qawubm3l/5a+d5XlS/9cvKr4/s/EkBFxYwDyo4v+W037yWu3HVVVn7p/NudZesFXajPmh3Of8SfDGx1KX/lrF/y086GvP8AWPhjqsNz5FjB/wB+v+Wte8ab9mmix9n8qT/yLWHr1nB9q/cQf63/AFNY0/bHztDGYdS5JzPC7zwrf2bSWM9jLHcRTeXNFND+9qvLoM/lf6j/AFU1ewWlnBZ3/wBvnsbaXypvM8qX/lrWhrHg/wAHala+fbzyWNxLN5nkzQ/uqzqVKv8AIe7hqVDEfDM8DvLOfP2eo/sf73/rlXomseA54vMng/e/9cq5+bw5DZzfv4JIv+e1Z0+a2p01MPGkfPUP+u/Gut8E6l5N1HB/35rk4O9bHhvjzP8AWR18/WpXPqcqrOji4M9Mk8X3tokd7Yw4/wCWk3lQ/wCt/e19G/s26z4n8d+B/G/7InwT+FOm6vrnx8stB0mz1W5wJdG+y6pFdSeXx+6i8uP97/1x83/llXzt4P0E6xrOn6T5/wC8v7yKOGb/AK6/6qvXPgh8UH+DGuSeM9LtI0lTw3rOiiGCb/Vfb9KurC6l/wC2Vrcyy/8AXXyv+mtenlGDnXjY+vxvvx5klzSPmvxJZw+V59uP+mf/AF1rDn7V69q3gCeTSrx7y3+eMED6+Z5X/tOSvOde0H+zbqSCeD95XdLL8WfOZ1kNbCwhV/mMepD+5i/cT/vP+eVSeR71Y0XRbjW7+Oy0+2MtxLN5cP8A01lrGzpHy1LBSq1vZlc3k/8AqJ6LPUv/ANVGpabPpt1JYz2/lyRfu5qr+TBD/r65qmJN3lvsap3vw98az+H7TWPDN74w1PTdD8S6X9i8QxafD5n2uKKWK6iili82Lzv9Kitpawr2z8m1jvwP9b/qZq5/7Z+96VYs7uIdZq6cNifa7nT9Wh7M0Jj50X+o/wBVUkH/ACz8+pIPIvIv3H7qSL/yLUfk/vP9RXu0MFOt/DPP+o1jU03TfP8A358v91W5r3gnVdB0HT9cnsZY7fVJrr+zZf8Anr5UvlSxf9dfN/z+9qv4Ps4LyWOD7d5cf2z/AFs3+qrc8Y3k97o1vB58slvazeZDD/01l/1sv/XWXyoq9SnllaNHnK+rVjz+8qvx5vk+fWhqUMEM3+orLP8ArZJ+teLVTo1TnqlebUv3v7+o/PuPteM1HNDRN/qv+2VcynqKNQ/cT/gjP8ebH4qfs7WcBni/tDRv+Jdef9soov8A47Xrn7Tmm+dYSTnyv+/Nfl3/AMEQ/wBomD4P/tN/8K58Q33/ABK/GVn9m/13+quov3sX/tWv2U+MGg2PiTw5HfQQRS+bDXwGKpSwOdup9mR9XTw/13Lkfm38cbPz7WSeex8qP/ljD5NfI/xP0eD7VJB5PlV+inxm+GPyXH7iXzP+mtfF/wAbPB8Gm39xPP8Auv3vHm199gMSsRFWPzDMsvlhcRzHy/8AHTXotR8RaZodlLJJp/h/RbXT4YZv+WUv/H1dRf8AgVLc1xmlTz/2hmAZ8z93XQX+mjXdH1TXLu4uGvft8UjZ/wBWYpPN8yWT/tp5X/f2pfg/8P8AVvHHxA0jwbplpJJcanqMVtBDF/z1ll8qulRtP2k+n9foexGcFhOXsfrd/wAEW/gnP4q0+8/aF8Y2Mvl2sP8AZ3hv/wBupf8A2l/2ylr0T9vH9oS30aWTQ9Cnj/dQ16x4P8N6V+zf+yNb+DvA8HlSWumxWX/PL975X73/ANqy1+ff7S3iOfXtU+wzz/vLqbyvNlr87oVZZ3nM6v2YSseZWpUsrwXLH4qhU8OaZNo3wck+N/je48uPVNRur2aab91LL5Uv7r/yL+9rq/2XfB994wv/APhOPEdjLHcSwxeTFF/yyi/5ZRf9sq5D9tP9ob4QXfhTwn8Ffhtq8V9Nax2MNz/of7vysf8Ax2L/AJ5f8ta94+Ct3p/w2+CkviqWGOOK1tPMu/K/9FRV9jTp156VFq9Ej884txTwtKjhaf2nfm77f5nCf8FDv22tK/Z88A3HwS8Gi0uPEl+Izr15HPiS18wZitP/AEb5v/TL/rrXhP7GP7I/g/w34ZvP2vf2voILx4YP7R0bRNch8y2l/wCnq5/56/8ATKKuQ+GOjWn7Tf7QPiH48/GOwlvvDnhu/lu5tPihlli1TWLn/VWn7of8e0UUcfm8/wCqtf8AprXb/GDxR44/ae8b6Z8HG1ybTvD9rPDc6rbWifvLm5l68RfuojFF5X7r/I+fzTHvC1PYU+h+1cMZHgsl4aeZYuVlH8X2Oh8TfE79p3/gon4vuPh18L55dF8LRTeXiz822iii/wCmvlf63/rlWzrXww/4J4fsZXsmnftI/tFXOpa1a/upfCfgjQYr3Uz/ANfMksvlWp5/1MktZH7ZH7Yfg39iT4Wwfss/s0aclj4ol02P+29Wg4/sqOSIcDtNdSREZl/5ZA/89f8AVfm5e3899dm7nlfe5LSSPzur56GBxGYy9rXnLl/EmGcYzOYxqOPJT+yl28z9INQ/bP8A+CO3iKUWEfhj43aXAf8Al4fTdMlP/pVWA37PX/BN79pzXo7D4Ift/S+H9UuZAbTSviH4blst8v8Azy+0/wCqr89FhuJpNqNuz3UVY/s69th5io4/4DxXSsshRf7qrKL9br7mOOTzrXqKFz7e+MH7PnxX+A/iA/DL9pOyF3bmGKXTfFekzeZ5X/PKXzP+mVeg/wDBPXxtr3w+/abT4V69LHEmvad/o91bfu7aWWLyvK8v/rr/AKTXzH+zP+3Z4n+HWgv8IPjRZP4v+H1+Y4LvRbyc+dpkfeSykJ/c4/55f6s/9M+tfRfwtsdD8G/GDw/4o8H+I7bVtPimivfCurRTf8spf9bFL/39/wDItd1TGYiOFnRxPvyt7su/+RyYPCYnBY3nT9z+U+zPjB8MbHXtZ+3X0Hl/8s5pq+gP2P8Axt9j1mzH7r/U+XNXP6beWPjbw5b31vP5dxFZ+Z/n/v7XP/CXxVB4V1/9/P8AvLXvN/yyrly/E1cVhZUpHkcU4edHFwrwPO/+Cn37PfneLdUng0mOS31T95D+5/5a0z/gj78TdH8HXWtfCbxnPClxeyfadOaeH/Wf89Yq+i/j94q8D/Fr4fW+h308VtqlrNFHps0v/LWvkPxt8DdW0aK48VeFdVi03UNL82SaH/V1wZ7lKqUYSlt+p+r+EHEuAqYz6pUlaX6M+jPhB+1VN+yn+1NrHgZtdUaI2qfbdGMH+qijl/deVJ/378r/ADFX6E67/wAFD/hTd/CL/hMNPu4ZYLmxyJbkjyh/10r8SfD9z4a+PlpPfXXxG0238XR/8eVrNN/otxLF5Xmyyyy/+QoovNll83/nlWHF8ZvjL4N0nUvhzrFpey2txD9m1DSryGWKX/rr5Uv73zf3Vd+DniMFRhKUPd+yf1jmPh9wnxTUpVvae/G3N05tvvPpX/goF8ZvA/xy8OWdjY31tLrkUMvnTWn/AC1i/wCWXm1+c+pQ29nrMmqm3ji/57Q+TXqngrWdbh0HxHrl6MXEo8q0mmPWKX/Mn/f2vN4fDeq+JfEf9lQebLb+dFJNX2+Dc8VhY1akeU/kjxup5NkuaPB4BfAtf+GOo8K6b/b0UkEEEUf/AEx/1X72rGpeCZ720/48PNr0DwV8Mb7/AJB9vYyfvf8AXfuf9bXpEPwlvprX7D/ZX7uX/XTf/GqX12FF+zP5ojHGVql0fLeseG/9E/fwd/8AXTVy/irTfscsfkD93/rIf8/88q+rPF/wl4/cWP7yX/XeVXjfxI8H3001wPIl8z/prDXrYapRrHXQzHG4efIeF3mpz2cUn/LL/pjWPealYzH9/B5VdZ4k8N6rD5kH2GuT1LR/Jlx9nl8z/ltRUw3OfS4bNq1U+Z4O9dt8Ofh5r/jW8+x+HtMluZIrWW4mjj/5ZRf89a5GGH3/AOmdd98OIhpUkeqtgeXF/qvO/wBbXytOl7aZ+v5JhliMYrn03/wTb/Zs+C/7Qf7RehfDf9on4wHwR4Xlink/thruJJPtMcQljtY5ZQYovMkyf3vHGB+8wa82+MvhCHwR8ZvE/gnSfF9prtnpXiO+0+x1nSpPMttThil8qO6jb/lrHL/ray5Ne1rxDqLXEcaW8s/+s+yR+V5lenfAz9lT4o/GXxXZ+HtB8JalcvIY/NaC0MnlxetfrXDXC7lR9vVfLT7n6HWweGhJaknwe+Enib4oW9pZ+HtCmvrg2f2eKCKz/wA/8ta5X9o79j34rfBzXBp3xE8E6lot5LD5kFpqtnLFJLFX7G/s6/sN+MP+Ca+taV8U/iN4Qi1XSFgzf3EJ8yWxeuR/4LPfte/ssftI/B7RvDHgu+tpdc0+982V5bfZLax+V92vu6OBy7H4qlhMJR9pSl8VSP2X/Xc1zCNDE4eMH70e/Y/CybwrCJpILj91X1d/wTU/4JZ/Hj9v7xbrmmfA3VdAtB4b0+G81LUfEF9Lb20Rm80RRfuYZT5n7uvnH4qTf2brEn2GeKX99/yyrb/Zo/bT/aH/AGSvGjeNPgZ8UNT8NX0sP2e4awu/9bF/zylr834iyPCZdmk6PP6X/wCAfmyq4fCZn7hR/aI+EPib4QfEXWfAHjDTfsuraDqN1ZalZiXzPKlil8qX94K8rn8vAxnOK9r+KPxZ8F/EyC68UT3Fy2v392bjUZrq98z7TLL/AKzH7r+cleP6vCIZf3Br89zLC06GIcacuaJ6Oaqjbnpyi+Yy8f8ATD9aks5v3v8A0zqOaD/lh5FEP7quKj7p87TOy0PV4IY7fSru2trm3jm8zzYovKlP/bSvrj9lb/gnlB+2B4g0bwX8H/FCvql5HKusWVzD5clj5Vr5v4/88v8ArrXxloBjlljM5x+9r7X/AOCan7Wdn+zP8YfD/jqC/ubdrO6/fyJJ28r97X65wpjcN9TqRdvacvu8x9Bl+DWLXIehftGf8EMv2yf2ZfAVv4k8YeEBe6Xdw+Y13pLfafsv+ql8qX/lrF/9qr4917w3rlna3EN9pUsUkVf0v2X/AAXP/YV1nwbH/wAJV4ncNLGI5rJ7LzRny818MftrfHj/AIJa/H/wB/wm3hHwJBp2t399J50dpbRRNE3fza9zJcwq5ivqmOocjvbnjt81/kddLh7F4ur7Jw5T8T9e024hi+0GCsuay86WSDyK9w+M+m+ALK/vP+Ed837P50v7nzqx/gx8E/8AhbetXmh+HNbto7j7H5nk3f8Ay1i83/ll/wBNa8DN8lprH+zo+8fN5jklfB4r2UzxeaH/AK6UTwnzY819JfHP/gnP+0n8BPC1r4v8d/CfWdO0y7/eWmoXWnSxxSf9cpa+f5NCuoryQR2uD6V5dXIK6w/tYq6PPngK1L7A7wHruueFfE1nr2hX8lteafN9ohli/wCWXlV++H/BOv8Aaug/ac+Ddv4c1WeP7Z9ji86Gb/llL5VfgvDo9vZ+XfT+bLHL/rv+utfSn7Gf7Xc/wH8YaHqnnxW1va/6NqXlQ/6397/y1r8/z3L1Whp8cT18kqyo1JUqnwyP14+NnwTv5prjyLeKX/nt5P8Ay1r4f/a1+A+qw2H2+Gx/1U3meT/z1r7g+Cf7eH7NnxU8OR2N94xtvtEsP76G7/dUftCeD/hxrvhf7f4V1uK9uLqH99dw3kXlRRf9sv8AW1z5F9ao14+0DOMiji6N4n4E+IfBGq+GtbmsdTt2jMU3zfua+qv+CSXwZ0rxX+0zpfiq9/e2+gwy3MP/AF1/1UXm/wDf2tz9pz9nWwh168vvI/eRf67zq9g/4JL/AAlvvBGtax4/1Sxkto5YYvJh/wCmUX/LWvqMzoVpYGpOmfm+KwuKo1vYxlqfZHxm/ffC+OCf/Vy3l1J5Xk/63/ll/wC0q/NT4+S3FxqLyieTy7E/aP8AtrFX6j6lN/wnnwCk1yAR+Xa2cvnTf9tfKr87P2ifAkKx6mwh/wCP7zcTeTXwPAVWlSxFanX+NSZrneDr1cNTnHsfCut+OtV1zxlBPczfaD9riC7Yv+Wlfpn4W1rwv8R/2KNai8Pa3iSTTusU3/TLzZYq/K3UdJubDxlFBdGWJre8zNLF/wAsua+kv2NPjVD8NfG974J8S6tJ/YuqxeR5s/8Aqkl/5ZS/9cv+WX/bWvt06lTE80pHxfFWRfXMPQrw+KnaVu60Pob9nD4EfCXUvhXb2Ph06bLHYQyyal/pkVzL5vm/vZfN/wBbFL/1y8r/AJZVx/7Iui6J4v8A2pPGcNzNJc2/hqaW3WL7Z/rfK/5ay/8APWvI/wBoT9mP44eA9Uk8caVY6lbaXdTeZo+uWn+ql/5a1nf8EzfF8HgH9r3SPD2sxA3GvSS6NdRXA/eTSy/8sv8AtpL5YrjzHJMPHBVMfN35U7ep9ss6jm2QRwcZXWja3t8j5u+NnjHVPiF8S9b8a6tOZLrU9UuLyVvVpZDmuc0bSrnW72KwgTJZ8KB7mvXv2zv2c/EP7M/x91T4f6jalLGVvtmiSmTPnWUufKPbkZMUnpLFIO1bc/wR0f4ZfDL4b/GTS9cF5P4osr28vYgv7uylhupYY4/qfKzXzeGqSqUIqlrzK6PueGstoYj2SqytDS/ppsey/slf8E+dM1+6tL74hIjSSsS6SjdHB1++B99/avfvjn/wT2+D+jfDiXU9DtrHULyKLNzaQWMdv5Z/6ZyxV5d+17+0j4g+DPhv4UaX8H7xLbHg6LUvEkoh/wCP+6ll83/0VXL/AAH/AG9fi/4m8bx6Rrelx3FlLN/pjyweZ5UX/TSvuf8AU/KJ8PSrzqS+s2bjHXV9Ekj9jy/i/LMJmkMuw+Fh9Xuoyk0m2tm23958j/FD4Y6j4P8AEl7pUdnL5dtJmQ4/5Z11/wCyp8cL/wAEa9F4R1rXVg0uSVprSW5lk8qxuAM5wOnmAGI/9dK9B/aals5Pi3a3A0qOP7ZNmf6eV/8AvK+cfiL4ZXwj4zvNGgzshm/dmvgqOFxNbCcleDjLZ+TPzji+lgMv4inHCSUoPWPoz90P2OfjN4O+Nfw60+fw7qscl5F+7/13/LWrnjz7dpviOS+0qDy7j/ltD/z1r8h/2K/2w/E/7OXjlJ01u7j064P77nzPKl/561+rHhD4zeCf2m/Cdv438IeIbK41CKH/AEyKKb/lrXxtWrjMixnLL+H0keLissp53g+WHxnnfxr8beI508j7dcx/9NfO/exS1wnhH9tHxP4E16y8L/GDw4de0f8A5ZXWf3nlf88v+mtet+PNH0rXtKkg1WDyriL/AJbeT/ra8R174c2OoXS6Ob+1kA/1JxX6jkePw+Z0FBRjP11ufgmbYTMOE83db3oL+ZNprzR0Xxt/Z+8DfFfT1+Nf7GXjWw1O+svKl1PwH9shj1S1xnHlW8wi+3/9sYvNi/55S1u2n7W3iL9pPSIfAX7QHh7wMfEGlnyxrbWn9lajpflf8srmKLypRFx/y1tpfK/56xf8svCvG/wG1WH/AF1j5sX/AD2hhrm9Z0DxpdxeRqF7qUlxFD+5l87zK+5w2TYepS1hp/L/AJH6vwz44TowhRxOIvKO0r6r1V/vPuCb9m/XPGHhy3t9D/s25t5YZZPten6lFc211/z1l82KWWKX/v7XN/D39m7/AIn/APoIi8uL93NL5NfLfwZ+P3xG+D+tSQG//tKzuv8Aj807UP8APmxS/wDTWv0Q/Zn+IXg74keHI9V0mfyvN/11pN+7lirxs3wmMwcbR+AMxwuAz3FTx3t/aSnK7fqdB8JfgBZW9rJPP/1082usvPg9B/qIIJa9Y8H+D7GGw/cT/wDf6tT+zYJv3HkV+cVcZX+snpYXhXDOl7h81+KvgzB9l/cQfvPJryPxX8AdVvJrj/QfM/5aebX058YNHvvDkX9rT+Z5fk+XN5NfL/xU8bf2b5lxBrn/AH9mlir6/K8Pjq9L92Y1uDIy9/2Z5X42/ZX1W9EcEGhy1w+o/sQ+K9Y/0ix0K5i8r9351bHxH+OU+mw8WEksf/X55nm/+Ra8p1/9p66ljuEj0e3mJix+9H/22vqqOVZjy3nE+HzHKcBQcoqpyTPhu28PX13DJf2McskccfmS5/5Z1reG9S/s0RzTT/6r/llXsfwR0zS/+GW/idqGi63LH4hNjaxzWaH91No/2qOW5P8A3+jsq8FtpiJiCK+LwF/bn7tXo0cppRq0/tRuet+CfHtvoN/HfExy2/8ArP8AU1+0n/BKH/grD+xx8PNBt/B/jzw5Y+Fr4af5c2rRWnmed5X/AD1Ir8G9Pm/1f+j12ng/WJ4dZs56/WMJnNLH4D6jXdoeR5n9vua5Kmx+w3/BWD/gul4P+KGi3/wa+DukSNpBPlz6vL964+lfkr8Vv2gbrxOkiNeeYf8AnpUfjuw1jXNDF3H1H7uavJ73Tb6G6kgvoPLr67CZ1QyPKvquXxsu/cjEZ1VhR9lS+Evajc2fiFvsGnaRczahLN/onlfvPN/7ZeVXM6lD5EskE/8ArIpv30VaE2mzw/uBVe8s9v8A10r8lzzG4zH4z2lU+QliFKtcy/O8rvUkM083mQVYm03/AKb1Pc6N9iht7iG9jl+1Q+Z5cP8ArIv3v/LWvnamGqtl08W5HR+AP2f/AIzfFPwh4n8c/Dr4Va/rui+CtKi1LxXrGkaTLc22jWskpj826kH+qjP7zr/zzk7RSmuJm/dV2WgfGL4v+C/Aut/Dbwz8R9a07QfE+nRafrmkWmoSxW1/ax3X2qOKWP8A1csYlAlA6dfx5HyfN7VrDBm1Op9sLObvXU+HNbezuI76K8/ef6zFctVyzm8mLJFd1KU6Gx6GAzWVCtdHqk/xO1z7DHmf93V3RviFeyxyQzzyeXLDXl0GpT/ZfIq5pusTwS7q7aeZYtf8vGfdYLif2dSMqh0niC9uryKQ/wDLP+LmpPg/8QdR8E+O7Np5/wB351Y/9vfva6nTPh3qEnwg8U/GO60S+On6ff2Gi2mreT/osN/debdeV5v/AD1+y21zL/2ylrejjqsavtHUPFzfN6OLxHtT96Pi7/wXX/4J8/Fb9hyfS/HSwajrNz4ajguPCNxYeZ5lyYfuJIRj8a/A/wAe3EPirX7/AF3w7pskdvcyyyeTF/yyirgrzXp/9Qbj/VVc0fxfqumxefY38kcn/PaGvcw+No4TBVKNN3Utd+pwyzXD1aXs1Gy3I7z7R5X/AD1jqOC8MP8AqTXSaPDYa9pdxD/qrz/0bXP3ln9k48j95XwWN9tKtzHJ/F1pnUeFfiR4q8Ny/btK1y5tpIpv9VDNX0B8Nv8AgoH4j8NWsdvrn+kx+T/rpvN/55f9Mq+S/wB/D5fkVYN5/q56mhUjSY4Y2tR3kfpZ8AfEmlftdeMrfwr4V0r95L+8m/0OX7NYRf8APWWX/llFFX0p+1F8QvgD+x9+z7/wivwy8cW2r+JL/wD5D2oxTfuooov+WUVfjn8N/iTqvhuWO+sL+WKSL/ljVz45ftCeMfiTYfZ9c1WT91/zy/5a19Kng62D5+fb7Pc8eFDmrVKtWPxbH7If8Eefi1P+0V/wT78WTX0/2m80bxJf2U3nf+BUX/o2vJ/2ivBMH/CubzxVYzxS3FhrFr+6/wBZ5v8Arayf+DVvx2dY0z44fA+/njlF3pul6tZRH/nr/pUUv/o2Kui/ac0fXIfDmqaVBfS3Mlrefvvsk1fjmXynheKqnbm/M6cXh4yyuyPzl0L4cQ/HL9pW28BaLFZxXniz7THoMUEPlRy38sUv2WL/ALa3XlRf9tawZtD+z/D/AFjXtUvr2PVNGhsPseZv+WXm+V+9/wDIVbc2neJPh38a5ZNEkks9Q8O60l5o8qf62Lyx9qir2b9vH4HHRfjfbeO9J0jyPDfxEi+22cun/wCq82X97LFH/wB/YpYv+mV1a1+g18TH2sYHw9WuqNVwqR9y35HefDj/AIKJJqv7Mln8BviNNpPieCKCK2h1HUZv9KsIo/8AVRRfuov9V/qv+Wv+qrw/4jfsm+GvioJPiJ8LfF9rbTzt+4g+2eZFcH/rpXhfi74f+Ifhf42/s5RI7xzxyrbE+XFN/wCRK15/FVxohtNU8MzeJfDt8bSP+0ru21Hy4rc8RRjy4ov9X5UY/wBZzLmrnjascvnhOVPmdxYbBYJ4hV6E+RW6Ja+q6k/x08V/FDxNoulfCX466rdPqfhJbv8A4R7U9Ql+0ebbXMv2qW1+094vM82WL/WfvbqX/nr+7p/Cn47jS/A1z8JPEGj2k1q013NZSTaXbXMsUlzFHHL5XnRkxSfuo/K8ox/WuxvPjp8VfiLozaL8QvD2ieO9H0vyo7OGfSvKvoov9V5sVzaxRS/8sv8AyLXjPiyPw3dzTXsGiz2UM0vlwK11mWH/AK6cfvPwr5Wn7TCy5eW3ofYYWrSr0fZRqar5f8Me92Hib4a/FqwstM17XpLK8srf9xFLH/qpf+2v+ti/d12/gPwd4Vs45JrG+it7eL/XTf6L+6/66y//AB2WvkDw7pun6xNJFcfEaz0xP4H1BblfM/78xyV3/hn4S+FvFNrEvxB/a+8KaTZQ53W8/wDad7KP+uccVr5f/kQV9tguLqeDpR9pTTnH4WZ08rzJ1f3dd8nbT87nqHh7wgf2s/2tdI+H/wAP4ZdSs7WWKP8A0SHr5X+tlrxj9riTwzdfHzxBpng2VJrDT7oWkF1Ev7uUx/u5JfxcGvXrj9sv4afsw/C3VPhX+xjHqP8AbniKy+x+KPiPqv7u5mtT/wAuttF/yxi/Wvlry5Zpt8sLOzDK4bn6181i8yxGZ4qVSS5I6v1b1bf6GuJwM6eNVSdTntG3kinHDP5mIgW55xX0j+yrqvxZ8OavHrHw/vNXe7jh/wBM060hlk821/6aV4v4M8OQXGppPMskkUUXmSiHtX6Nfso+GvB1l8MI/B2qrpGpW+s/vLOb7HdWUv8A2ylltf8AyF5v+trysXRpYiKp1Yc0ZHDWzueVVIzjLVPvYv8AwN/ao8OfGywuPDmq6rbRXkX/ADyryf45TeP/AIb+OJLixvpfLlm/5Y/6qWvpzWf+CS8M2gf8Lp8D+I/3n2zzdHu9Omikluov+WsUvlf8tYv+eVU9Z/Zj1zxv4N/sHxH+8uIv+PPVooa5MvwuIyXFxqU/4Z9o8Pk/HeXSp2j7VHzn8N/23rHTpY9K8bwSyW/neXNX0N4S8QfBH4q20V74f8R2P7z/AJ6ivlX42fs0+Kvhvfyf2rockUn/ACxl8n91LXm+g+ML7wrdefYiW28r/ltFX3mF4rq053j70T+euJ/CF1atRUb05x/H5H6In9mnwN42j/0ywsrkeT/yy/1tdv8ACT4TQfCSKSy8OTy+XL/yxmm83yq+D/ht+294y8Kyx+dffaY4v+e3+tr6I+G//BQ/wrrHlwa5P5Un/Tavaq59gsxoctQ+RynKOPOFHKP8Smfcngn4harptr5Hn16B4V+JEE0sf22+r5X8E/tFfDnxXFH5GqxxyS/9Nq9A0HxVpWpf8eOqxf8ATGvkKuV4OtV9yR+oZFx3mVGH+1UpRPqV9F+DPxU8OHQNQ+JWn6bfSf6m2vZhn9a+Vf2j/wBgL4n292954Gkh8QWpH+vsZNzflS+JNH/4Sr/X/wDbGWGvO/FXw8/aG0G//tXwR4qvvLi/6bebX6DwnRweEfJKov8At4/Z8j4yyzMMHJVHbQ+Y/wBoH4I+NvAeo3ejeNPCt/p1xbwebLDeWv2aSOL/AJ6+XL+9r508UaO0M2Lyx/d/9dq+p/2nPGH7V/2W80rxVPF5d/N5k0M2g2sfm/8ATWL91/ra+PPGviDxVdak9nq1v5ckJ/1Nfq+Ip4Crg4ezd5/3dj8W4qpYOvjXKhUufP0PiTVbKKSCGaSOOX93NUlpCbi1+0tDWZcRlLjySa09BmH7yCcfu5a/nilS9ifoLzGtWpezqM3NOh8mLArtPBNnBeXUcFcnZzQeVHBXWeFtSg00284NdOGq/vjy8TifZn2N+wv+yp4U/aQ1fxpofjnx1Y6Bpmg+ANT1b7VqNzFF9qv4vK+w2v8A1y83y/N/6ZRV8o+NvAd9ZyyQT2/7yKus034keT9nngn8upLzUv7YsP3/APyyr6nC4h8uszzamYS2PF9K1TxJ4L8Uaf4q8N6rLY6ppl5FcadqEP8ArbW6il/dS1j6z9t1S/uNVuP+Pi6mlkm8mGKOL/v1FXqGveFLeeWSfyP3n+s86KuP1/R/JlrkxNOFWrzCpYo4e88/zeKjimGx4Xt4/M/5610l3pluLX/SIJY5P+esVZc2m9t1eZVpS9qa0qvNTMf/AE3/AFPPWjM3/PvWhNZzdzVeOHn/AFuKx9mdNLEtEfkweVu8/wDef88aj/6d/wBK9J+JPxB8E+KPhz4K+H/gv4T6foEvhfRrqDxBrkb+ZdeI76W/ml+1yy+VFjyoZLa2ii/5ZeV/01lrzaftSqU+Y6oz5SSCaeHr/wA9qsQ3n77/AFFV4Ya0T4b1WPT4r2+spba3uv3lnLND+6uf3vlfuv8Anr/9qrI1+szIp9S86WPyK9fsv2gfFMn7GWsfsu6l4p1eXTP+Fn6f4p0bSITF9giuP7Kv7G+upf8Alr5vl/YYov8All5UUteOQ6b50sdeifBr4aat8TdavPB/h3TL7UtQ/se61GytNPs5ZZZfssUt1L+6iil/5dba5l/7Zf8APKumhQU5WqF/WX2PO7yGfzfPqOGa4h6Gty902eH9/PVea3hm/cQf8sq6qlKVE4fahpupX1mPPgn8r/ptXq/jHxL8IPFvwC8LW2iaJc2PjfSby6s9Yl87zY7+1z5sUv8A11/eeVXkHk+V2q5DqUEMXH/bGuF0qlb3eY9rA5gsKpXjzcysV7z90f8AUR+XUfnedF+4q5qUJmPX95/6NrP8nyYq56uArJEL96XNN1Ieb5HkVH4q+w+V+483/pj++qvD+5/1NR6lMfKj/wCuNeZy1aWge1aPvf8A4N5Pjt4R+Bn/AAUt0Pw1cTj7H428OS+HfNluf3f28+VdRf8Af2W28r/ttX17+2ZrGrfDH9r7VPhjrs/l6Hr011bab+58uL/SvKltf/aUX/bWvxJ8GeOPEnw+8Y6V458K6nLZ6nouoxahp17H/wAspYpfMil/CSv3j+N6eEP+CoH7EPgP9u34UWEf/CQaNpnl69aQw/vbC6j/AOPmL/tldRebF/0y/wCutfIZhQqUc0hivs2tL9D3MNSo5jgZUY+7M/NL9tDwrrfgn4hR69Da/ZwdO/fSj93/AJ/+1V9EeHfFs37X/wCwPp/w6v8AT/N8afDmf7N4b1D97FLFF5X+ixf9+vKii/68P+WvlRVsfH7wfY/tIfAe3+J1joXm6p4X+1W3iS0hh82Xypf+WsX/AD1/56xf9cq4f9jnR9W+DPiiTQ55/M0+/wBNtY7yWH/l6i82X975v/TKX/yF5X/PWWvo6NfD1qaqs+BzHJsZCXs7HienapL4wi+w/EDw1FFq+l2P2SbSrweXc61FHLzLJ/zylik/zL+983pfDnwK+Hmu6tpUmqC8ez1S0njs4v8Alpb+ZEn7qST/AJ58yV63+0V+zHZf8J5H440Ox+zXEs3med5P+t/56xS/9daz/BM9jDf/AG6CfypIv3fk/bP9Ki/7a10SrKpNSpnxGcZdj6L/AHHNH06Hjfhn9lu8ubS4tdHsYL67uNYcW2rRPIlxa29vJJEbjmWL/WSywflVjTfgr4K1bwd4h+Efi7wpEsurXn23wV4xu3eO5+13PleXFc3MkvleV5f+t/6a/wDkL7w8HzaH4k+Gdx4c+w20uqRQ+XputyzeZLaxRSxS/wCql/1sv7qKKuDi+Ful33h3VNLudMj8u/m+0XmnzzfurqXzfN/z/wAta5eenWq2mrSMKFbPcHy1J6wl23Py8+NH7N/iH4Z+ItT8PxQzF9Fs7WTV7O/X7NJaSyxRmQ+TKfM8oE/6zH8UdeVLZXc032eC0kkf0U1+mX7Rf7GUnjl9L8SW174gTV9Lb7Hqfia0tftMt1ay+bFFdXP/AC1l8ryovN/6ZSy15L4//Y6+J15q8Xinxfc30+sXTxW39pxXn7rWPL/1csdzL+7tZYv3X7qX/pl/qq9KnlMq9LmR93guIsNGjac9fQ+KYtMbHnz9v+WYrvfh7bado+rHVYfDVvq0Wmzb9S82GX93a8fvf+mXb97XY+NPhVqfwvudNTxB4Je6hivo7iCOUyRf2pbfuv3Rjxz/AMs/3sX7v/Wf62k0Cfxh4m8QWviPUb7WbaLwvBFbQeJ4LPzf7Gij4itZP+Wn7qT91EfN/wBVF5X+q/1XHPAVqNXlmenTzDD4yHNTehT+NXje81PVdHs9T1S6vrPRbGGPSZL7TYYrqCKWMTRwyTRZlubbEn7oySH91/qhEMxV7V8IvjB438CtoGl2Om6lZvquj+aLa30uK3+3fvR+9tpJZZY7/wC4BmLypc/9cq8X8L+GtCg1SPVPGNnJPDmb7HpVrq0UUcsnlHH2e5l8397FL5f7qSM/+Ra9h0rTbDxzo1vrthoOj3tpeaY0V9YaZ4WtrZdR4EhlMdrcXIsL5PL8oSi2tvMERzL69OGwvt6lkeZmNLCVaX737J9p/su/t0S3njC88Nf8JRHi11KWLUrSaH7N5Uvm/upZbaXypfK/6a+VF/01r6z+GPxb+HPhvxTqniPXNDtvsd/Z+ZeeGdR/1Usv/PW2l/z/AKqX/tr+ZH7N/htvAviTT/EcGsWerSXc0t1ouq3UttJ9osIooopbqPzvNl82KKLMthJL5vmzRSxRfuv3v3/pHwrsfFXhz7DiT7H537maH/W2Ev8A8ar2/wCzsOoxp1/tHxj4sfDmdU3h37j+/TqfRHxE/ZX+AX7aPw0uLj4Vy6bc3Etn9p/s6b/Wy/8AXL/prX5T/tm/8EzvGHwl8R3kNtpUkclr/ropYa+mIf2kPiD+x98Qrfw54jsJPs8v+k6Pdw3ksX7r91+9tv8A2rX0ppn7Tnwy/az8EfZ/Ec9jqVx5P779z5d9F/018r/2r+9irnzLgzG4ej9YwsfckfuWR8e5NnEeTHpNP7S3X+Z+AfjHwFrvhW/+zz2MsX/TLyapw/brOWOeD91/zxmr9gPjB/wT98OeMPM1zw5pVte28v8Azx/eV87+N/2A9Ehik0q+8HXNjJFD5f8Aqa+KqPEYWt7KpE+xnw3kmZ0Pa4OvGUT5X8H+N9c02KOex1WS2/ff8sa90+D/AO054/0eKO3vp5LmOL/Xf9Mq1Lz9gm+vJf8AiVar5cn+q82WH/VRf9Na1PB/7CvjjzcefHbSRTfuf9bLFLULMHSPl8TwdQb96x658N/2tJ/NjN95nmf88a988E/tRaV9lt8QRf8ATHzq+d/B/wCxn4x02GPVb6eWLzf+PyL/AJ6/vf8AllXeaD8AfFUNrb2MF/cyR/6ub9z5vlfva9KGLxFSHPA8j/V6hgZcy5Udx+0L8ZfB3x3is/8AhI7C2024tYZY7Pyof3Uvmyyy+b/11r4Y/aH+CGiXV1dHT5vLPlcSxV9hw/st+OPKt55/M/6bQyw/uv8AW/5/7+1h+JP2M/Ed5+/gsJZa+64e4vr4Gn7OrH3T4Xijh2GNXtcJNQmvxPxDms6r13niTwTPo8skE8EvmRfu5q5O8svJlzmvP9md1KtKM7SOlX4b/ErR/hppnxh1Twbqtt4S1jV7nT9I8SS2kv2K6vraKKWW1jk/56xeZHSabr2Iv3//ACyqO9+JXxD1b4faV8LNV8b6rc+F9G1K51HSPDM1/LJY2l1ciLzZYov9XFJL5Udc3Dqnk1yx/d+8dNVe1R3ln4km/d/8866jQfEkH7vyDXmdnqUF5F+4roNBvPOP7g/9tq9KhVPAxNJo9cs57G8i+w31v5kcv/Lb/nlWX4k8HASx/wCj/wCt/wBTNUngqz+2eX58H/Lavpz9kv8AYn+MX7Y3jyz+HPwj8K/bbiX/AI/Lub/VWsX/AD1llrsqVaNCj7SocNKliq1TlpHx3N8Pdc1i68ix0mWST/nlFVzR/wBmP4ja9NJBB4UufL87/njX9Fn7OX/Bvp+zF8JtJjv/AIx67e+LNY/6dJvs1j/8dlr2n/h19+yVHE0GkeGn03H+q/s6+l/9qyy18/iOI8voP3mz6Kjw/mVSjeLP5bNR/ZL+KFn8zeHJTXAeKfhV4v0BiL3RriFPVoa/qB+LX/BIHwzeWEl58P8AX4r2SL/U2mo2f/tWvz//AGnP+CfsGg/bPDl9octjeRf8sZoaWG4gy7FVORM87EYLNsulzNcx+Ld1pNxBHtNvzVPyPevpj9oT9mTV/Al/IP7L8v8AGvB9S0Gez8y3ng/1Ve3pOP7s2weOlV/iGHXWR694h1zw1png68uRLDp8so0eEw58sS/vJIRL/rP9Z0i/56yy/wDPWWub+x+TxViz6R/63y/O/fUqVP3j2qdQpzQzw3Xn/wDkKvWP2RP2n/iJ+yJ+0H4Y/aO+FyWX9v8AhOa6uNN/tCz8y2l821ltZYpY/wDnlLFLLFXnd5NBN819PH9o/wCe3/PX/wC21JoMONUjE/8Ayym/fV0KFGczWpUmix5vnRSQf9tKr+T5/wDr7GP/AK6w0QxTwmtCzs4P9RPWvK6hxVCnNZ8eR9n/ANV/yx/5a1JDoME11HBP/wA9q6zTdBgvIo7nyJIrf/V3l3ND+6rYEOhwyx3FvBLJ5UMUf73/AFtehgMvpVK3vhGtY7P9k79irxr+0l8U9L+FHhGHyr/U5vL04y/6quk/4KL/APBJT9p3/gndq2nwfFvRrO50nWiW0nxDozF7a5mHWLH/ACylrsf2Cv2qLb9mz45+H/iXZCXGl3n77/rl/wAta/Q//gtH/wAFKv2ZP23P2L9G+FXw8mmudYl1q11aeGSD/jw8qKXr/wB/K+jxuXYpV6VHD0uelP4pW1j8+h9HgHTq0tD8CJrP/phRqWmzwxefPBXpGveCrFbqSCD/AK6Vh6xpvnRR2M//AC6+bHDF/wA8v3vm18DnOXRwmN5InFiTzeezmmlx5FfeP/BEf/govF+xF8VL/wCFnxYvv+LeeOPK/tKSb/V6Xf8A+qiu/wDrl/yyl/7Zf88q+OptH8mX/UVYm039158EFeBicvp1aUoS+0TgszeFxMai+yfvx8bP2Ob74e6hH+1D8FrG2/4RvVIf+Jnolp/qvssv/LL/AK5S185+J/2b9K0aXz/ABk+xy+bc6Dd/8tbXzfK821l/55f/AL2KvPP+CPf/AAWZf9mKG3/Z7/aVv73Vvh/Lb/ZtNv7yP7SdJ/6ZS/8ALX7N/wCiv+uVfoP4w+Hvwk+IWjSfE39nrxZpNzpeqQ/aP7JtLzzIpYv+esUtfHVMPjMDV5PsH3XtcJmdH2sPu/rqeB+FdB0r4heA/wCyfEdj5Vx5P+tm/wCXWX/P/kKWvnf45/BnVPDeq/bfsMltcf6yHypv3V1FX154P8N2+j39x4c+w/ZrjzvtNnFND/y1/wCWv/f3/wBpRVT8Y/DfStf0yTw5rtjLJby/6n/nrF/1y/55f6queGLrYafMc1DJ8Nid/tHx/pHxn0rwH4t8jVbG9i0eX93DLd/63/trXvnhWbQ/FdrHfaVqttcxy/vIZYZq5vxV8AbfUpZPCviqx8yOX/kG6t5P/LL/AJZRS1xem/B/x/8AAzVI7HQ/Nkj87/j08791XT/adKqryOHFcJQUvc/8BPozwfo04iksbef93L/rov8AnrWX4w+Buq/ZZL7StKi/e/8AH5DND+6uv+utR/BnxsfEf+j30EltcRf89v3Xm1754a8VaUbAWOqwf9/q7sDn2JwzPlsVwnhqkrTXIfKerfszfDXxdYWeleN9Hth9ihikhhu5vK8q6/6ZV88fHb/gnjbeGRbz+B5pbGSXUvtM037rzf8ArlF/zyr9I/Emg+FdZlkxB5dvL/yx/wCWUVeb+Kvgn9rupP8AhHNci/1376Lyf/RtfVYTOMJjP4x8Vj+GcZl3NVwk5X9dPuPyg1X9nHxNpsmoX0ukSRXF/rEVtp9pFD/yy/dSy/8AXWp/Anw68e+G/iXB4i1xL2+/tR4poLiZpfMvz5P+lWssn+t/1v8A36/1tfphe/sr/axHPrn7ryv9TNp3/wAal82tXwZ+zN4B8M6TZ6bPrT3F5F5sk2oX8P8Ax8yy/wCtlr0KdLCRl7SlM+axHEWZ4Wn7LE0v8X/APE/ir+zJ4kWfQ/2n/h2ryaZqN3bXHii3HW11KPyv3/l/89OYzL/1zjlr6T/Zv1i+0G1s4CZZbPyfKmim/e/uq7DwR4J8OeG/BGoeFtKn+02eqQ/vrSq/g/wr/Y/7jyP9VVRq/WKco1PkfmvFclWxdLEUJXj+RH+1F+zT4a+LXhKTwdq1vJJpd/8A6bo+ow/62wuv+mVfCepeFfjF+y740jsNcN79nivP9D1u0m+zRS/9Nf8AplLX6Gazr08Ol/YZz5kcU1Fnp3gf4qRSaV4qsYpfNh/1v/PWvUy3iXHZTR5MRHnpdf8AM+kynF0auHjThU5Z/wBbHk/7NP7Y1jN5f/CcW/mxyzeXDdxQ+VL/ANtYv/jVfUmg+G/hX8U7D7dY6rbXMf8Az1irwPxJ/wAE99Es5ZNV+HOqy20n/PpN+9ilrL0LwT8W/g/fefcWN9H/ANNYa8/NXkPEFP2mFlyVD7LKeJ814flyST9n5XPpyb9kXwBqX+onjqvD+x/YWcsZ0ry/Mi/5bVyfw2/acnsvLg8R/vPK/wC2deqeG/2i/A+pxeT/AGpLbSf9Nq+LqZJiaX2bn3+C4+w2NhrUsZcP7N82j+XPBpcVWLP4P32m/v7Gxjjj8n/ljXcWXjbQtYi/ceK7arHn2N7z/wAJHbRVgsNjKWljunnVPEfbuef3nhXVcSefY+b/AM9qrzabqsPlwf2VXoH9j2Msv/Icjj/7Y1HB4VsZpY/+KjirWnTxFI5JYzBN7n4Bft7/ALOfhPwf4+uPEnw8gij0fXrSPVbO0i/5dYrmLzPK/wDIlfFnirTfscv/AB719t/DXxhb/FVD4N8YXKzPcWHk2csh/wDIVfLHx40H+wfFFx4c1aCSKS1mljr6LD1KmJoxqH7D4o8FUcjx3tsN8D1PJ7ybvVfz/arF5N3qnQfjQedPDL14rpfC2qy/aVimh831rl/vNXU+BdIfUdXt4GP+tm5kruw2srGOMUPY3kfU37Mnwy134qa/pfhzRNJlvbi6mit4bSL/AJay+b5UUVf0V/s6fDP4Ff8ABJH9i+/8c/FPUrDTJLaz+3eLdZnP72WXpHbx+3mn919a/N7/AINy/wBl+2+IH7Q8HxH1WwMuj+CdM/tHzZIf3f2+X91F/wC1a8P/AODpH/gpdq/xu/aLuP2Pfh7r6nwt4EnMWqxW7/u7rVCB5p/7ZZ8oe4kr5LPsyqVsX9Wh0/q57/DWBw/1Z16m27/RL1NL9uf/AIOsf2ifHvxAutK/Zc0bT/Dfh23Jis572ETzyf8ATU9Yx+Rr5QuP+C/f/BR9dW/tWP42Qh+yR6DaL/7QFfD7yea2ZDg555p7S/aCIcsAPXmvFeW0Jq9Rc3mz6GWfYmmuSjaMeiSX4tn6p/s1/wDB1h+3F8K9bt1+K/hLw94t0yLm6h+zGzuJB/11XPP4V+pX7N//AAU4/YE/4LI+Cl8IaVqUnhTx9DEXfwzrojN9HjrLbSY8u6j5HHUdwK/lhJQLkOf911z+vaug8C+N/Fnw18Q2Xi7wP4pvdJ1XTblLix1HT7qSKa1lB4kSSM8GsK2U0oxvR91+Rz/2hDGStiIKXmrJn7g/t6/smXvhDU7/AMO63Y+bF5P+h3fk/wDkWvyw+Nnw+uPCmvSW88Ffsp+wh+2BB/wVs/YN1KPxlb2snxP8AQeXrX7n/j/h8r/W/wDbXB/7a1+dX7bHw3+x39xfQQfvLWb99L/zyr6/h7HTlR9lU+JHx2c5Usvxl4fBPVHxveWcE3mf89Kz5v3VbmpWcHmyQVTvLIf6/P7yWvqQpFf7HYXn/LXyvNr0HR/gT44s7bQ7uHSor6PxRZxS6PFpMn2mWXzZZYvK8uL/AJa/6NLL5X/LKLyv+etcFDDPNdW8EFv+8/54165+zH8evFX7I/7QHhL45+EdLs7rUfC+q22qafaapal7eUH0jHI+orvwdKM4+7uaqoubU4fXvBWueG9auNJ1jSZba4im8uaKWH97FLRDD5MX+ojl8r/lr/y1r6n/AOCrf/BSbwN/wUN/aIsPjf4U+C0HhG6j8MW2nat5d3DJJqMkXm/6TJKB+9/1vlRf9Mo6+TNS1i3ml8/Sv3cfk/6qvTdGccKqk42fVXvb5hieW37suTalcCKOcf6v/ntUf9vz+biqf2z7ZFmf93/02qOb/rhXnLG1KR5XI+Y1NM16+s9Ujn+0eVJXcWfjy+0zS7O+guP+W0sc3/TKvN9NhP8Ax/Tn93F/rv8AprVya8nr2MLxBiaULc56GHxMsN70S5N4k866k8//AJ7VJrJnvL+4n/1sks3mTf8ATWseGGfzfIrUh/1WQP8AW18xj6rxNfmNfrNasZd5Z+sFR+T+98jyK6C8h86KP/np/wCjaz/sZMv7iCvP9mcJn6lD9j/9GV6Z+yX+3t8W/wBkXxR/xKtVvb7w/LN/pmh+d+6l/wCmsX/PKWuDvNOnlEYNZepaDBS+p0cQvZ1DvwWMxeCd6Z+3n7NP7Y3wP/a0+HFnfWPiO2lvPJ8v/nlfaXdf9NYv+eX+Yq9o8NXnhzxhYR6Hrk9tLef8ueow/wDLWv5+/h7eeOPhlr1v4p8G6rc2Nxa/vIbuKv1U/YJ/a0Px48GSaHfT+V4gsIfMmtP+ev8Ayy82L/tr/n/VV8fxBw7VwtH2tLWJ9jkmde2rctRe8fXGvfB+xu/L+3Qf6r95Ddxf8svNqTXvgzofjzS49D1XSfL1SKH/AEO7/wCev/PLza7D4Y+KoJ9Bt9Kvv9Jjl83ybuKbzZZZf+WsVdJrOiefbf2VBpccWn3/AO8hh87/AFUv/XWvzaNSpGt7OZ9/RkpfvJSPmPxh8DdKnm+22EH2bULX955X/LXyv/asVamj+fptrHYa4IpP+WcM0X/o2vZNe8Ejxta/2Tqlv5f2WbzYfO/4+Yv+2ted+NvAeq+FdZjn1XzbmSKGL7HLDXpU6tWmc+OwNLFw0+I6Twfo/hy8tfIvq6TR/hv4Vmlx5Hm/9Na4fR4b+Gw/tzQ7jzI4v+Py0/55S12HgTxhpU3M8/lV20sVW/5dnyNfAcmlQ6jXvhBpV5YefBY/9tYa8z8SfCsWd1IYYPN8qvdNA8VWMNr5H+t83/lt51YfjDR4LuLz4D+8r18FmWLpnw/EnDdDG4bQ8f0fR59Ni/1FaGm2cGpS/wDHjXWalpsF5YScfvKx9Hs57OXyJ69SWOxNWPuH4lU4Uccf7KpsY/iTwRPNF58H/XOvN/J1TwRrOP3vl/8AoqvoCb91a+QBXL69oNjqX2ifyP3ktd9DNa0qXsqp6j4JdCop0zQ+Hvja31iwjzP+8r0C0GleJIpIdWhrwf8AsDVfCv8Ap1h5vl/88q9E+HvjbSryKODz/KuP+eM1eFiKMqFb2uHP0fLMppVML7KujU8Yfs9+DtSl5/7/AEVcH4k/Z18R6b/yCp/Mr2zTdYghi/f21XIZoJovs9vBXZh8+x9J8kjnr8H4KfwRsfLepeFfH+gyyf8AHz/2xrLm8efE3R5f3Gq3P/bavpDxVpsHm/uP3VcP4k0HSbyL/TtKikr6DDZyqv8AEpnzeO4ar0F+7q8p4/N+0t8VNBi/1/mx+d/y1oh/bq8c6DL597pVt+6/56w1ueKvhv4cmOYPNjry/wAV/CuD/UWN9/7Vr6LAzwOMX7yB+e5rRzXLZcyrfifknD47XwS6XPn+UY2zu/55151+0B8abz4u+MrvxVqsNpFcXUwMws7Tyoj5cQj83y/+2dd5/wAFAvBln4D+M/iOw8OalaSWEOu3VssFonl+R5Z/55/886+ZWBcFmNedWpTy+p7Fn9v+InFc8yxMsNH4I6F+8nEpyR0qDK/3f1qt5/tUnn+1cXtT8dVOyLEHevR/hFYE30d7Of8ApnFXnmmWhml61658JdNg/wBD/wC/ld2FfOzhxaurH9Cn/BGG30H9kD/glX4s/an8Vfu4/J1TWryX/p1sYvKii/8AIUv/AH9r+Zz4vfEPxH8U/iHrnxF8T38lzqWualLe31zI2TJLJJvJ/Mmv6OPCxm1D/g2j8eWWly5uIvh/rPnCL/rr5sv/AKNr+aOaNjISwzgjP4ivzfD1nic0xE57xlb5H1sFGjlkI09n+iX+ZSopSpHUUmCegr1jiAknqaUEkjk0mD6GigD9BP8Ag3S/aguP2f8A/gpT4P8ADWqah5eh/EVpfC+rxO37uWS5/wCPX/yaFtX1x/wVn+Bv/Cvfjn4g8K/YvLt7qaWSz/65V+VH7BMutR/trfCEeHt41D/haPh77Dt/57f2nbeX+tft/wD8HE95pWjfG7w3PBb+VcS+G5fOq8vjVp5nF09nuZ59V58p9p/Ifif4qs54Lr/Uf6r93WXNNB5X+or2T4nfCvVv7Lj8Y2FjJ9j1T/Uzf8svNryfUtMnh8yCc1+gqVGcbHyOBzL2lJKJn/ufN/5Z16vpHwS8b3P7Ms37VOlzaVJ4c03x1H4Qmi/tA/bYr+S1lv4pfs3T7N5Ucn73/nr9K8k+2ed/r55P3X+p/wCmVaGm3kMNz5/kf63/AF3lV0YHEey2O6Ug1iznm8yeCsv/AKeP1rsNSvIJ7CPyIIv3v/Lb/nr/APba5+aEwS8ivRxOJq1Ymf1lzpFf/r4/GtSHTIJhH5A/ef8ALaqf/Tv+ldJ4bs4IfLn/AOm1eV7IyVUr/wDCNzmKPEH7ypP+Ebn82P8A0Guw02zg1KWPMH/fqvQPCvgnSruaP7Rb/vKzCNejGVpzPH9N8E303mQTwSeZFVyHw3ffZZD9hk/11fZHwf8A2XfDfjb9xPP5Xmw+ZWH8VPgbofhW/k0uC+tpZP8AnjFNXDPG0adb2cj7HBZbGthfaUz5fh8KT3kP/HvVebw3PN/yw/1X/TGvYLzwdYw/v4IPLrn7zQYIf+mcnnV1Kxn/AGced/2L/wAsPs9U7zw3PNLHB5FeiXmgwHt/12om0Gxhi8+f91JXRTVFPU0hlxl+A/DcGm3VnquuaV9pt4rzzJrSX/lr/wBMq/R/9oj9v/8A4J6+Mfhjod7+zd+zZH8LfFNhfRmbT9Et4oopR5flSCWSGL97EBx5XlReb/z1ir88JtS8n/QYLj/yDVO6vL/7LJPB+9qsZl+Gx1HllN/13OdQq4SpzH62fs0/H7/hPPhVJ4j0O4/d2F5FJNDF/wAspf8AnlX1B4P8YX2seCPPvtK82SL/AF0P/PrXxf8A8Ec9N1XxX8B7zSdV0qX91/o1n50PlRXUXmyyxS/9/ZZa+rPCvjGfwRf3Gk6rceZby2flwyw/u/3tfz5xBgpYTMpwXQ/SMkxMcXhj0TX72CC50++0meL7RLNF9ju/+WUsv7391L/36qP4k6PB428EXE+k+XL5UMv7maH97FLXm+g+PNKmtrP/AJedPlh+zXnmw+X/ANcv/Rsv/f2uo1LxJBZxaXfarrnm3ktn9mhh/wCWUsUX/LL/AKa/uv3tcmEm5+7M9uK9lL2n8p5X4V1ifSL+O+nn/wBHuv8AXQ/8tZbX/lrL/wBdYpYv3taHirwrfTeZqvhX/WRf66KKvN/2i/Emq/D3xvceI9Kg+02d1+8/+O+bF/y1irvP2e/jx4c8SWtnBYmOSO6/d+b50sv7r/llF+9/5axV1yjUw9aE0cGPpUsXP2lMz/BP7RWlab4t/wCFc654qtrbWIv3kOnahN5Ut1F/0y/5617Zo/jyDUrXH/PWGvlv/gqh+yVqvxO+DX/CxfhzcfYdY0b/AEnTZbT/AFsUtfO//BOr/gqJP4qv4/gt8d54rLxJazfZvOlm/wCPr/7bX18MFLH4H2uF+z8R8djpqlV9nUP0U1LXoYb/AM+D/nt5lbE2mf2lYR6pAf8ArtXm95rJ1G1+3WM/m10ng/xhPNYSQHzajK1WrT9kfL5tl2EpcuIZuWX76L7DPWX9jns5f3EFfHXiH/gpFZfCH9urV/2bvijdx6bp6G1i0rUpf9UJZYopf3tfYsOvWOpaDHrllPF5cv8Azyr28fk+LwVGNT+Y4qGLw9eSgiO8hgmWOCe3/dy1n+JPAf7qPVdK/dyf89YqLzxJY1qaP48sfK+z7q8Lnrp2Pdw9OFJr3jl/+F5ar4D8y31yDzI4v/ItbHhb9rT4V+JP9BsfGNjbXn/PpdzeXLXN/Frw3pXiC1k8j/Vy/wCp/wCmVfnX+2x4JvvDWqfbvPli/wCeN3DXq4SOGrVYU6h7uHwH12E/ZH6uXnxIsdStcefHLHL/AM8q5/WNYgm/65/89q/C/wAN/t7ftNfs96r9h0rx/e6lp8U3/IO1CbzPNi/6619ofspf8FT/AAv8X4ItL1bVfs15/wAttO1Gb/0VX3EMio043g+b5WPxnjWGbYJv3Pud7H2hrGpQVxevTQXkv7iiz8eaV4ktY77Sr2KWOX/ptWfqWsWM37jyP/I1bUsM6E/gPwXM8yrVX78z8zP+Cnvwm+D/AMTfB8P7Z3wq8d29tea9qfl+MPA80Plf2XdSxf622/56xV8DSxbW4NfQXxW8e3fiO5k0Gw8O2upyN5vkw3EkoER/56/60f8AkSvEf7N+2WsmP+WVeHUrSx9X2r0P7u4/w+XYXOJxwnwmXR/rauTWdR+T5Xauc+BNDTftGmj/AJZ/6VDXsnwlFjeRRzr/AMsof+eNeJ2f77pXqnw91KCzEf7/APeeT5cPnV6WXtKR5+Zw5KaZ+93/AASU8ceEPjx+xH4k/Y28UX3+j674cv7f/rra3UXlV/PR+0F8G/E3wH+Mmu/C7xhpptL/AEPVZ7K7WZf4o3IJ/Ov1B/4JpftLWXwq+IXhfxHYar+7i/0a8tP+mUv/ACy/7+19K/8ABUv/AIJMaJ+2/psX7T/wV0qSfVb+186/g0+DfcE4x5nl/wDLQ/8APSPqK/P8yyjGZZntTE0o81Kpv5NH6DwpTwWe5c8LKcY1FrHm0T8r9Ln884CuGVmG3P3ug/AVDxGysQSMdc4r6I+MP/BP/wCO3wl1a40nUPCFzI1vP5csYhAlB/65kh68c1b4deJdEuDb32lXCvHn5WTZj8s10QrRmtB47hXOMFLWk2u6V18mr3OZdw/Y/i1IqAg/MenQCtiHwrrk8oBsnJz2BFe/fswf8E3fjl+0brlubbTE8N6B5gN74l15ZIrZI+M+UoHmXMnB/dxZPTOzrXXQoVsTLkpo48PkGa4mVqdKTfoz23/g3Z/Y31f9p/8A4KL+FPiVqelzReCfg3eQ+MvF2qBv3cMtsfN0+36YaSW9ji/d9TFHMf8AlnX01/wXJ+Mj/Fz9o+61q0vvNgNp/oUP/PKKu7/4aO/Zt/4Ji/sv/wDDMn7NU0wWRRc6/r88cUWp+JL3HF1L/wA8o/8AllFF/wAsov8Atqa/OH48ftF+J/jR4uu/F/iO4xNcnORX3vD/AA7KlL2mIPK4xorJ8uWEk4upK112W+vmz6F/Z2vtJ+Kv7GF98NdTPm3PhvXvtMQP/PKXza8b/aK+Cf8Awi2gWeuQQGOT/Wf9cq2v2A/iDFpHjXWfCFzP+41iwAT/AK6xS+aP5V61+1dDY+JPMsP9bHaw+X++rw85pYnLc4i4/wAOR+RYLEQp5h7CXxdPmfAepQ/9MP3lU4ZriHoa7DxhoMGj+Zb1zd59nMPy17MHde4fZ2qUV75JpusfuvJuP9X51XJvImi/cT1h+R71JDeT2da/WjA6Cz0e4m/5Yf6r/lrWhDeeTL5EH/basM+NddFhHYXE3mW9r+7h/wCmVR2fiT+EUe0Ry2qUvfgeoaBqRhijg/1VdhoPxC/s2WPj/v7XjGleI59m3c9df4L0bX/GOvW+iaBptzcXd1MI7S2tYfMkeT/nnHXNCOvunzmY1Kjre1lpY+rPAXxeubXwTrniqC9lstP0bR5bnWLuL/llF/qv+/ssvlRV4PZ/tCa54wu/tHk+X++r0T9vfVPDX7KnwS0X9inTFil8Z3ckerfE+aKT/j1usf6Npf8A2yB/e/8ATU+1fM/gOa48qMwT+VHXBUwtKWKufV8LZrmH1ZuvLljJ6en/AAT3iy8Yf2la/wCkf6yq+pTfvfI/5aVzfg/TZryKPyK9Es9B0jw1YR32t/vLiWHzLO087yvN/wCmsv8An/lrXWr0j7mnmVFfEZeg+FL/AFiWPyIJJZJZq9A8Kfsr+MvG2qR6VYw+bced+5+yQ+bXQfBP4car4qv4zfTRabHL+8mm8nyvKir6Im/bq/Zy/YPu5PBvgf7DqXiCKH/TLuab/j1l/wDjteZmGbrC/u4K8ztwNKtj3zw+GJj/AAr/AOCIfjnxtFHfa5fSabHLD++mu4Za9I03/gjn+zn8PL//AIrjxV/aUkX+pi87/W18x+Nf+C+XxU16/k+w/aZY/wDpt5VZfg//AIKn+MfHmsxjXIfs3m/8vc3/AD1ryKuPzWpS54SOitg8LUlyOR+nHw3m+HPwqtY/B3gCxjtrfyfL82L/AJZRRVX8YWkF5qkgF9+7/wCWPk/8ta+P9N/bM8K+FfC8mu6r4jtopPO/febN/wAsq83+J3/BaX4SeD7a4sdC1WS9vJf3cP2SH/VV8hWy3G5jiPaVTfC46jl1L2cD6kvfiRpOg/Ea88KzarLH9v8A3f8AZ8v+qir0DTdY1XWPhfearBPLJcWE0XnXf/LX/W/upf8A2l/21r8P/id/wU3+NXjXxxJ4i0rVZbaztbzzbOL/AOO1+rH/AAS7/b8+Fn7QnhzOpi2tri/03+zvG2iTzfvYv+nuL/pl/n/llXBm+RYnBU4VKZ7eU5tSx9b2Uj0T4tQ6V4q8JSX2q30kUkUPmf8AXKvlP/hp34V/Af4tW+har4/torPVP+Wvnf8ALX/nrXuH7ResQ/Ae6k0rxHP5mlywy/Y7uL/Vf9cq/FD9r7xp4d8Y/HTXNU8G3PmaWbzzLOvVyPCLFw/eSIzvFPLpONI/pz+HHjDwr8dP2fbi/sZ7aW48mL+0oYZvMi83/llLF/0yl/1tfgR/wVV+Buq/s3/tOXGq6VYS21vfzfabPyf3flS1U/4Jrf8ABVT4o/sQeKo9C1i8vNc8F3X7q80mWf8AeWsf/PWL/wCNV9P/APBTnxT4N/bH+DUXxd8KanbavJJZ/bdB1C0H+tii/wBbF/11i/5axV9tw9hamU4qcY6wmfJ18RTzDByc9Jx19Tl/2C/+Cx+mfD+Wz+H37TVxe32h/wCrh1wfvbq1/wCuv/PX/rrX6F6D8cvhzqVrb+MvA/j/AE3W9Dv4fMh1DSbzzIq/nUmle2l3Y4re8D/GL4ifDLUDqXw/8ZajpErf637HeeVv/wCuleviMpoRr+3pe7I+YqVauIh7GesT6Y/4LWXVx/w2veeIEOYNU0Owu7aT/nrH5Vem/wDBNj/gr7r3wfFv8Gv2htZkvvDcv7vT9euv3sun/wDXT/nrFXw/8Xvjd8RPjpf2GrfEvxHJqVxpWm/YrOWWL/VxebLL/wC1a4qG9aFwQ1ejPGe0go1Y+6cywMFTUY9D+kXUvFWleNvC8fjHwPrltfWd1D5kN3aTeZFXn+mfFS907VPIuK/G/wDZU/b9+PH7LmuRv4O1x7zSCf8ATNBv5fMtpv8A41X2LY/8Faf2afGNsmoeKdA1vQr+SLfObe3+0xebXz+Ny2g/3lKRlUr4ylKMZK68j9G/CviP/hK9L+014X+3V8Jf7X+Gmqa7pVj9puLWHzPKhryP4b/8FFPg5DrNvY+HPirYyeb/AKmGX93/AOja6D9tL45a5/wqCPxH4H1XzI5f3X7r/lrLXg0sBVp5hCZ91w/jo0KLnNn5R/FTxVm/uIBP+7879z+5i/dVxOm+Kb3TL0XlrNJE8X/LWKarHxF1ka94uvNbNhLbXE037+1l/wCetcs1wCelfdVsbKilCJ4WPccwrSlU6n25+yt/wU613wCV0f4jq9/aY2GYn95X3D8Lf2qfhT8ZraObwp4sgnkl/wCXR5v3sVfiNHcnBDzHHYitvwx438UeH7jzNC1a4hkT/lpHNWdLPKi/iRPyviHwyy/NHKpQlyTfbVfcanxg8V6F4k+IOq6l4Snv5NHm1CU6c2oiL7T5WT5fm+V+78zHpXOaTrt/ZSyW1neGJLmHyp/K/wCedZYYjpUkMWf9Iz+dfLUsRaofruLrVsXU9pVPfPHPwE+EWh/sleD/ANoHQP2ktE1Lxh4n1+/0rVvhbFpU0d9odta+V5V1LL/qpYpf8yyyxTRReLTQmCXkVHaXhljjzcSf67/lrWpN++ijntz5f/PaWu1KlNe6cX8P4yvpsJ83mu20u7mhgtJ8GOOVf+esv73/AD/qv+2Vc7aabOJY4J7GOOSL/XRVvQ2t+LmOaCck+VFH9q8r/wBF06VSx5WPq+2p+zPrP9iTWNL0fxIkDGKO4tZvM+yzQ+X5f/XX/pr5VftH/wAE5f2rtD0HS/8AhHPEmuRy2f8Ay5+dX4Fab9g8J6ZpeveIfH81zfXWnS/8U9pGqXIksJfN/wCX6SX/AJa/9Mov+mX72vs79gv9qrwFY64Ph7rx+zRTQxeTNEfL+yy/5/8AttevhqX1+jyyPGoZxUybHwjb3PtH7oeMPg5+zr+1Xo3keI/DWm6kkg6yW/zf9/a8Y8T/APBDH9nHWbiS/wBGsY0jl/5YXFnFLHXnv7Ov7S2h+CfEVvpWq+I/L/6a/wDLKvvL4dfF3Sdb02OSPUo5PUk1jmWRYnA0o1qcOaL8j9yy/iHOHgVUwNZuHa90fIsX/BHTwF8P9NkvdBksrd4oePsuh2sZ/lX5j/8ABSP4xeMP2Z9Zvfh7GRFeW80m+/k/eGb6V+9Xx3+JVtaeB7j+yb3y5Hh9a/nj/wCCxGuQ+PfFFxJrc2L6yn5mr9A8O8vxeMpVajpR91fynyfEvE3G9eC9jNwhH4rWTt+Z+e3xB+IfiPxpq8mr69q0tzLJ082auXk1m4abaTVvV4DmQq2fSseW3L8M1Y5niMTSxdmfAyr1MW/aV3zN9Xqz034OfEqz8FeILfxQpl+2WN5FJDFj92Yv+Wle9+Ivi9pfxBP2yyvogZYa+QIQYk3ZzXa/DG51xdVxpRllWX92Yz3r5XNIvHNc/wBk8bFYPCYbExxb+yXvjjCNN1S33dJYYpK5HTbHUNSZIdNsvMP/ADzjhr7j/Z7/AOCR/wAZP2rPEEOv+LopNE0iOKL98YvMuJf8a/TD9kj/AIJQ/AL9n7TfK8P/AA5trnUJf3c2rahB9puf/Iv+pr5rMeIMJlVHkl8YlntPMny4X3n5bfefiL8L/wBhb9pX4vYuvB3wr1OeDvc3EHlxfrXu3gH/AIIb/tReMT5viIRaTH6tFLLX77+A/wBnbwroMMfkaHH/AN+a7zR/hjY/88O1fnWO43xUqv7lHbQwGaV37z5T8DLf/g3m+Ld5FmLx/L5nb/iS/wD22vNfit/wRD/ay+Gcc+o6V4cOsxRfvGe1i8uv6ZbPwHB+7/cVoTfDewvLXyL6xjljl/6Y1w/65ZrF8x2VcmzCNK9OVz+PjxH8NvHPwk119E8e+Gb7SbuPrDdQFcfnXW/C39tC2/Zpv5PE3wx0OG58Y24f+x9cuT8mmS/8/Ucf/LSX/nn6V/Sl+1h/wSn/AGb/ANqDwneaZ4u8A273EsP7i4gh8qWKv5x/+CpH/BKv40fsD/Ea8n1DQby48H3V3/xKtYP8P/TKWvrcp4w+vR9k3yyPPweXe0xPLjoW7dmfLHjHxzr3jLxFd+Itf1ae6vrySWS6uJ5vNkllrR8C6jef2lbwCXCd65qGxmJ888GKvQPg5oZvdSjvJv8AlnX1+Aqe0q++e7j6uHweE5orSP8ASPo/wFqVjplrGBYxyyRf8spf+WsteiabpsH2CPxj4jn8399/ofm/8vUtcp8CvAFx4/8AGlvoMAjit4f3l5n/AFflf8tZf+/Vbf7SHjzQ4deuND8HT+bpdhD9ms5fO/5Zf89a9t1KM63s4Hy2Dx2Lr4yEXtLU7j9mL4p6Vr3xLvNK1W+/5Y/voYpvK/e18cfteS6tpvx/8UR308u+XU5ZK6/4S69faF48vNVsb7yvNmikhrpv+ChHw6GvaRovx10WH5NQs/I1byv+WUtfD8T0JYXMIVofA9Pmf0vwpUwOJ4Yq4WH8WLT+R8w2d7500degeCfEk+m6NeeKoL+Ly7Dyo/K/5+pZfN/+NS15fFN+5/4966TRtB1WXTJLjyJPscU376auvBUZ1aR+dZrjPquJURfH3xT8YeLoLi21jV5JI5ZvM8qvPbsMvCGt3WIf3vX93WPLZZ7V6dTlhS5YHlKr7SfPKZQkTecY7V3PwK+OXjr9n/4gWnxC8A6nJb3li3+qz+6mi/55SVyM9nPF/wAsKa0e7q1csqUcRDlqnVhsVVoVfaUz9drb9uz4a/tt/syXHw5u762sdclh83/iYzeXLpd1FF/6Klr8rvjB4Z1bw3451DT9Y0+S2uYbyWO6tZf+WUtVfB/irWvB+r2+ueHL6W2vbU/uZoq9P17xH4T+OPhOT+3Li203xZa/6n9z+6v4v/jtcOByuOFry9n8Mj6ermFHNsDyVPdnH8TwuHMXJrv/AIZfG/x78PdLu9C0bxBcrZX/AO8vLUz/ALvzf+esf/PKX/prXKal4bvrOXIgkqn5M8MtevQqTwtfmZ8nUi78jNTUma7l+0AdaqKCnRat6PqQ+yyaVfL+787zP9T+9iqzLawyDC/fr25Yj6xHnPPn+6MogrFhqr1sf2b5NZl5AYeGriq39kaUqmpFkjoaUT+UwJNRVHXHHc25Lmleams0SYHWuo8L/HP4peHEg0y18YXslnF+7+x3U3mRV9If8Erv+CP3xl/4Kxar4v0n4TfFDwx4Yj8Gada3N3L4kEv+lSy+Z5cUUcQz/wAsv3kp6fz8x/au/wCCcv7W37Fnjy48DfHD4Y3NlJazeXDqFofMtbr/AK5S1yvNcGsS6HN76OinQm4/uzzjX47nxpDeeIUeLz4v3k0X/LX97/6NrjrzTZ7OSSC4P+qrpLS8NmcXsEkcn/Tb/llXq/7XP7T3g/4+WnhPwV4G+D3h/wAJeF/h/pt1pPhWz06H/SprWXUJrr/Trn/l6l/0n/W/9df+etVVqV6lS7IpuVN8kj54qSGYjkVo3dpZSnNvNVSawlh/3KOVApplSzAkmCIvzZrvPiB4T0fTPCWga7pVhJbT38MpniM3mCTyz1rhdCRpNUgT1mGa9H8a+FrGCG3n0q/uZY/+msMUcsX/AJFr5ivUaqxPewShKjKMjiLC1laUeVETgeZLXV6PpurwazHBA0cVx/z2m/5ZRS/uv/atZZxo9r9ggg82Tyf337mur06DVok/sqb/AI8v+PjUopZpY4rqX97zJ5Q/5Zeb5X/or/W1vHFnn1qEplnTZtEhms/t3+k/vv3M037vzYv+WtdLJod9Y+KrzRfEaXGm2/kyyTWlpD+9+y+V5v2X/tr+6/65eb5tZUWk6rp119sgnk/tD/ltqPk+VFa/9Mv+uv8A5F/5ZVY1ifzvLsZ/3sf7r91/yyil/wDRste7geSsfO4mn7GXPIz5tSgh/wBRBFHJ/wBMq3PAHiXU/DGs2er2VwbaaKfzIJYj89ZNzBZQS+RbHzf+mvk/u/8A0bSWMTwyebs/eD+Hy6+jw1T2J81mTp4iLT6n7g/sKaJbftPfs7Qa/wCD0iurzSYvKvI/+WttL/y1r2X4c+MfH/wv1X+xJry5t/K/5ZS1+bP/AARw/bVv/wBmT4q/Zbi9/wCJVrJ8q+s8f62v2nfV/wBnr9oHSrfxHomr2SXEsNfXYDiBUqfsa8OeDNuAeKqGR42WExFR8i7/AKHkPxB8feN9d0CQ/wBqSyebD/z2r8xP2+fg34p8WazcatN5or9fdX+EulabaeRBqscsdfJ37Y/gbVLTSLiHw5YW3mS/8vf/AC0i/wCudfq/BGeZdh5+yjBWmft2OzzIszwDjRqe8/I/EHxn4E1DRZ5CLGWURQ+YZfJ/1UX/AD1rgr2E+buMNfTnx4+Bnj+817UNV1WCS5Es3mTSyzSySy/9dZa8h1P4d3ENy8N5bSvP5370n/lpXz/F+VYXEYydWh7sT8Wx86WBq6s5nwx4YvfEF9HZWMfmTyy+WsWOlfpz/wAEwv8AgnvYwXVr448a6N51+48yzilh/dwn1NeS/wDBPf8AYyl17xVF4t8Q6eWWIfuIytfrz8H/AAHZeA9Bt9Jgg8qTyf31fz7xHmk8BeFP4j8M4r4rxGdZrHKsBK0Pty/RHrnwf8E6H4b0W30qxsvL/c16x4V8EwTHz54K5f4M6d/aUUdxPBXs+laadiMDz6V+BZlj8ZjsbOdRn9DcHcP4fL8opJRsUNN8KwQ/8sK6DTdBgh/5YR1cs7OCH8q0IYBEKnCYWtWfvn2bpUaRTh0f+LFWPsft+tXKK9qnlN0Z+0KUtiJBgcV5f+03+yv8NP2nPhhf/DP4m+FLLUrK6HMV3D5leugg8ikmhDCk8orUPfp7mNWlQre7JH8mX/BTT/gkl4y/Yz+MuqjSLCSTw3Jef8SqbPmeWP8AnlXgfw18E3Ftm1ig4J5r+nD/AILC/s8aF8UP2ZvE19Ppcc1xBo8txBMT/wAtYv3sdfgppPwfudM1KRrewcxyS+YGii4Ffq3CeJVfCRlV+KGkj8P4qzfF5fip4WrtvH0/4B6d8G/ij4K+BP7LninTX+Fmk6v4h8VGWz07XNR8qSWwtfK8qXyov9b/APuq+QvFWvX0OvXFhOJf+/Pm/wDLKvpzxJ8GfjF8QtL0vwr8MvCstzJ5Pl/88v8AlrW54J/4I2/tUeI7qOfXYNE02TzovJ+169axy/8Afrzf+msv/f2vpf7Qy3B1JT5lqe1wtKri8Ap1d4/CfL/hvw3L5v26xMkcn/PaGvoT4Xnw/wDECyuPgH41svMsPFH+j2Rlh/1V1/yyr6Ig/wCCKvx+8HaZ9u/sqO9t4v8AoHTfaYq8/wBN/Zv/AOEO124/4SKxikji/wBTDN/z1/8A3tfO53nOU5hg5Qvdrt3PpOGM3z/A8QRsvceny6nwP8aP2NPif8AfFsmleKtG/wBDuZpf7Nuz/qrryv8AlrT9T8Y6r4f+Clv8ENPa2+x6lrEWvaxNFF5UssvlSxRRS/vf3sUUUsv/AG1ll/7a/qb+078K9V/aK/ZZ1SG+0OOTWNLs/tOjzeT/AM8v+WX/AG1ir8n5vCvirUvtGqzeXbW9r+7mu7u88uLzf+eX/TWX/rlXmcOY/wCtUZw+1E+24twkqNf6xH4ZnB6xoJMXn+RWWdNgm/5YV6zrnhPwVF4He/i8WXEuqmUSCx/s2KO2ii/6+ZZYpZZf+3byv+mtc1oWgw3h8+D/AK5+b/zyr6Nv3ffPkMDJ1ZWZx+s6C0LR2W6KTyof9dFN5nm/8tax73TZ4a+pPhJ+zfpWtS2/27SpLmTzv9Tdw/8AxqvZPEf/AASp1zWPCUniOx8OXsen+T5kN3p0P2mWL/rrF/zy/wC2tY/WsPR/iH1GHwMJ/aPzzhh/e1oadN5MuRXrnxI/Yt+MXw9upJz4ckvbOL/l7tP+Wv8A2yrz+bwrqunSyefYy/8ATbzq7qNbDyjzUznqRrYSpZliLUp9S0v+yr6CKSP/AJ61h6x4PnMslxD+9rc03TZ/9RWpDpvnWsddlOlSrUzH23tPeODh0GeaXz6sTabPB5f/ACyr0CDw39riz9n/AHlXLLwfB5scHkVph6NM4qk6rZi+A/Blx43MnhH979ol06aWz8n/AFfmxRSy/wBJIv8AtrXnmt204dFng+6MV9s/sT6DY+D/AI6eH/HGqwf6PYal5c3/AFyl/dSy/wDfqWvI/wBrT9nW/wDhX8RtYsfsMkccV5LJD/1yqcWvZw5T1sJl1StgZVo/Zf5nzf5HvS2kE4kBEVdPP4Vn/wCeH+qrQ8E+FPP16M+R/qv3leT/AMvjD2WJ7Hpv7Kn7XH7Qv7EnieXx38B/HtxoeqGzlsr2Wz/5axS/8spf+/UVfof+zt/wWX8K/wDBQf4X3n7JH7d2h2X9qazD/wASfxZDZxRSxXX/ACyl/wCuv/o2vzj+IXwxn0eWSxng/wBIirY/Y/8Agnrnir4yaHY29jc+Z9s8yb9z/qv8/uq4MXklPNcTGrThyzjs1ufXcP5Ziq2MpU5x5byRr/to/scar8MtS1DVtFmN1FFey5lg/wBXLFXyneG5tGNoWkCg5KV+3nxO+CVj4k+HVnD4i0k5l/0abza/OD9tT9i7UPhBq0mvaLayy6dLJ+6lk/jrzp1Mdhcf7CtufsXHXhhh6eUwzLLve93315rdpHyv5/tViG8nqO4t2gfawqOvS96J/PEqfs5WZc0KET61bxL3nr2SbTf+Ew0u4n0rSoo7y1/ezfvv+WX+q8r/ANFV5p8LIjD4ps9V8rzfss3meVX0H4b0ex/4VprEFjPF5kv+k+b5P+t/exf6LF/39il/7ZV8xi1NuNj7Th3LVjacpdrHmcPhuxu7+PHl20ks3+u/55V6hD8K7/yv7c8OX1tbaP5PmWd3qN5FHL+6/wCWsv8A21/1X/LWuAutVi8JGPUpFMupf6yGWX/VxVzx+JWoa1f/AGG/1W5+zxf6mKssNh631j3jsxWBo4anP2m/2T0zUodCm0a3/f8A+mWs3l2cUXlRxRRf9+v9b5v+f+eWPPo0Fn5mq6tY+ZH/AKqGKHUov3Uv/TX91+9/8hVJo81jeRR32qX3/bKo9R1jw5D5k0FjJL++/c+bN5UVfbYGCpo/Mc0wWNqa8hHdX2mX92Da+FrGx8v/AJ4G6/8Aa0stMiAE2A3l1W/4SSDzfPh0qyj/AO/v/wAdrInvn83h/Mr1vaHxc8BiatU9S+Gfiay0fWbe7afDpLvNfe/wE/ap1C2srea21f8Aef8ATKbFfl1Dql/HJ58P7v611nhj4t+I9AkiGn6pJH7edWlPEM+J4h4TxmO/fYepyTifup8Ov21oLmxj0/xJpdxL/wBNob2uj1L41/B3xhF/xPDL/wBvdfiz4c/a/wDiJo6R51yUD612um/t6eL4Y/KvdRaRvWU12YXE42j/AA5n59Uy/wAQcvl+4rcx+qN58Jf2UfG8eZ/7Nikl/wCWvnVz/jD/AIJ+/s2alotxqtjrljJX5uL/AMFAtVik23MY5/55zV9Vf8E/fEXxQ/aK13/hJtZmuIfC9r9/zf8Al6lrfE5njadK8qsj2HnXFGFyyVPH01K/2j6q/Zx+BOl/D/TI7iGy5i/1Nex/6mWMVT020gh8uCD/AFdXIYfO1S33f89q/G+Jcyuqk5/FIPDnhDE4/OFipr3W7n0h8B9N/wCJNGM17Bp3+q/CvN/hLDBDo1v5FekWc37qPNfmWGvWnc/rmnh1hKHIjQg71Yg71HDNUlfW4GkclQkqSo6kr6CnTMQooo/5ZV0eyugPHf2ztHsNZ+APiWw1Cfy0l0yXNfkj4J/Z18OS6rbwT/8AHvF/y28n/llX6Pf8FavjlbfBP9mqXV5Dn+0L2Kyh/wCusn+qr4V8Ey/2z8INY8fz38X2iKzl8mHzv+WvlVlgasMBh5uU/jdj8t4tyStmubQdOHNyo8F/bB/4KYfs+/suWz/BzwNeXEniCyvcatFounxXFz5Ri83yvNm/dQ/8suf3sv8A0yr451X/AILVTxajJf6B8DAy/wDPTVtWsZZf/IWnxV87/HjwJ4k1Lxtqmu65qclzqF3dy3msTS/8/wBKf3v/AJFry288Da15rz2lo+w/9MK+2yzLqKwvtYx5/XU9rL8Ll+GoqnUdj9DfCn/BwK+n6YdA1n9n+9tI/wDn98PeKoopP+/UthLFTvhL+3bc/tL/ALRmhfDj4Vx+I7628VasLfUtP8QRReZa/wCt82WKWKX/AJ5fvf8AtlX51jwV4i2rcrpsoZOv7iv1f/4N2f2bPC/wm8Z6p+0J8cdG+xa3qdpFp3gKHUYf9VFL/wAfV3/11/5ZRf8AXWWvNzihg8PhJ1pU0vlbXofVZW8NUrwhQabifag02+8K+Eo9K+w/63/ll/z1r8o/+ChGg/8ACpfih4o+HH26TTbP+2P7a0e0ihl82/8ANii8r/plFFF5v/kWWv3c+Nmg+ALzwl59j4csfMi/1MUMPly/9/Yq/G//AILSfD2DXpND+KsFjcx6ho00unXksMP/AB9Wv/Lr+9/65fuvN/6ZV8Pwzjvq+YTv9tH3Gc4ZYvJo+0+K58Z2evTzWselWsFtHJ/y2/fSx/8AtWvZPhr+y98R9OS38V6rYatpEZ/10t3o91bReV/10li/e/8AkWvG/B959jtY77Mdt5sP7mGL915X/bX/AFtfUH7Lvw8t9eTR9c1WDw3baXa3n+mXereVbS/89Zf+XqWX/v1F5tfo9WsvYn5bltKKzH2aPaPgb8MNK8K38d7P4cktvsv7yb/Q/sUvlf8AXKLyov8Av7X3B8GfjlfaDFb6V9utr6z8n/VTfu4pYv8Apl/+9lr5ztL3Q9H8OW+q6HPFpul2t5FJ9r06zitv+mX+jSxfvYpf+ut1F5vlfvf3VeyfCXw3Y+JPEdvB9tk8vzv313/qvt//AE18r/llL/z1/wBbXlYvCyxVDmcT6iVaOGr2PWNe+FXwd+KkUmuWPgCyi+1f8fkUUPl/va838bf8Enfgt8SPMn/4QCLzJf8AltDD5UteoeG/jD8JPCvxGj+G9v430SPWJYf3Oif2xF9pl/7Zf62vqT4WTQf2X9unPlR/+ja+fhVxeBfun01GeDrUbSXMflX4q/4IBeALyWSfQ59WsZJf+eP7yKvN/En/AAb0+P7PWZJ9K8Yxxf8APGG7s6/cCaznml8+xrn/ABJ8PdW17TJJ54JPLi/1Nephs2x7fuyOujleWVvi5Yn4++Av+De74qy2kjar4jgfzf8AXTWtpLJXTTf8G6PjCFvO/wCE/wDLj9PJr9NNN8B659rj+zweVJL/AKmaKaugh+Hurfu/IvfNjlml/wCW3+qlironmmYRd5SLqcPZTSd5yPzn+GP/AARU/wCEVls573xV5kdr/wA8f+Wtdh8df+CRyftD2kZ1OLfJawxW8M0UP73yq/RTwv4DbTJEvUxLb/wmu4srO3ggxBYRx+9KrnmI6nVh8TgsshKlThGcZdz8Qpf+Devw2lrJpZW5ikPcVl2f/BvPd+FtcGpf2+JBLN/qq/cpPBrXjySyxQmT0FPvfhVpN7DGZ0rpwmMS/eOR1VM5yeXI5Uorl7I/IC//AOCF+ry+Io/EWpavaTGY8l4/9XX07+y7/wAEgPh18P72HUp9Oia7/dS3Vx5PWvrnxt4D1bRrX7fpd9L5dr/yyxUvgf4saPaQrZXl2I7hPWvqqGOxbw98Kl92p6WIzvE4zB3wVON1/KtT5v8A+CgfwU8P/CX4YjXfDHhfTo0gj2zIthFvQV+Wfjbw38OfjBFJ4B+JniO20m3v7z/kI6h/qrWWv1b/AOCnfxXu4vhJcyCzjuLGaLbKf+edfjl8VfE3w2127klu72W3k/5bSRS+XLX6twlwdhs/yJ4rF071Yt2l+jP2jgKtHGcH1cPmNT35X66nz3+11/wSz1j4e/ESPwZ8ANUsvH6ywi5m1fw9q8UttD5nSKSvj/4l/DbxT8KfF934M8baX9i1Cxfy57cTxyY/GKvoT42/FlvDuo3mn+HL65vYPOxDdEeXXzjqmp3WrajcXt3C7ySy75pDNX5lxTlSwWL5Ka94/nDjTCZFl2I9ngpuU18V7HSfA7QbHU/FNvZarfRWVvdfuprub/ll/wBNa+8P2Pf2HbD9pT4xt8J/hr4/025i/wCEav73+0L+XyLaK68qWKL/AJZf9NfNr4T0LR/sd1HPPBL9nr0jwp+03rnwr8T2+q+Dtcvra8sP+PO7hr47A4XDYjER9rLljc7uHswoZXgpP7Z9If8ABSn/AIJD/G79iQ2Os+PfEei6zp+rNssdS0mYqrTf88vKl/efzr4Yg8NoNUe0mJj8o/vZa97+M37dPx+/acl/4SP4t+OL3W7i1/0az/tCbzPssX/TKvE59Sn1LWY/PsYv9dXfj8Lg6L/dS5mdONzDC472c38XXoe53H7Gn7Q2g/sx2H7VWt/DDVbP4eavqf2LS9fu5oo47y58qXBSLzfN8r93L+98ryuPK82vKJrODy/Ir1XWv2jP2gPi38JPD3wB8T+Pr+88JeGJJH0Dw88mLezkkzgRx98ZP5muSvfB99ps0kM9j+8i/wBdFSwWCrznodOYYXD18rc4xXy7dDl/7N87/X+bReaZ+7/cQf8Abaushs/3Uf7iq+sQwTReRBB/9tr1PZVqT1PxbHYanCscX+/hik8+j/lrW5eaaIYvIEFY95D9jrY8SpR52R3uqXFo3zEx1Yh1if7L/r/3lY4gOI+P+uMVenfBX4Vah4+8QW3h22SX/SZf3k2P+WVTDHexODGvBZfhZ4iv8MTvP2If2Zdd/aT+KNtYX0EkWi2s3/Eyl/56/wDTKv26+Bvw38K/CTwlZ+HNE0mO2t4of+eNfOf7H/wN8G/AH4e2YggjiuJYftN5LN/y6/8A22vdPgP8VdK+NniO80Pw5febHawxV4Gd5rXjhfaSPx3D5hV434gjhsN/Bj/TPePB+jwXkX26eqc0vk+PLeDH7uKuk84+G/DeP+WcVfE//BQ79veD9n34cyarod9H/aEuvRW/2SX/AFvlf8tfK/8AIX/f2vxrMMbWzHGKkj+vuBuEcFluX37H6qfDG8t/7Fj4r0C0vIOlfD/7Af7Zlt+0J8JdD8cRLJHJf2cXnQy/8spa+sNI8YQTxf8AHxULC18JV5KkOU9HGYajUqfupnoEN5VyGbza5Oz8SQeV/r60IfEkGf8AX16VHE2PFqYGsdJRWPDr0H/Pej/hJYYestetSxpy/Uq5uVHPcJEPvDNcvrHxD0XRov8ATtUjir5w/bD/AOCivww/Zy+H2oeLdX8SRxx2sP7n/nrLL/zyirrpYt1Z+yKjgpJczPnn/guV8WdD+IXj/wCH/wCy/pd7FcXMd5LrWsQxTf6qL/VReZ/5F/79VyHw9+Hvh3wf4D+w6roVtc+bZ/8ALaH/AJa18z/s6674/wD2rvjxrn7TXxMsZLGTWZv3MMs3+qtYv9VX0x4q8Yfuv7K8iTy5f9TWOdSpUqPJHVL8+peRYJ18TOc4b/l0OL+Kv7eXwr+DPhyTwd8W77w3bafdQ+XDFrmmxXMUssX/AF182vFNe/4KI/8ABOrWhJZXsfw8/e94fAUX/tKKuv8A2lv+CaXhz9szwHJP9h/4mlr+8hm/5axV+Qv7Uf7JXxm/ZB8d3Hgj4iaPN5Xnf8S3UPK/dXUVfS8OUcbj8LGnSruHofK8VcM0K1bmSR+lr/tAfsKeKm8vQdU8GKPW10UxSf8Akaut/s3Svi1FZ2Pgb9pSTTY4pv3MMvhu1l/8i1+KcWpajC/mRSun/A66bwX8X/iL4C1OPUPC3i++sbiLvC8te5jcpzWNL2dWq5x7NJ/ofm2G4QxGXY76zhcRKMvV/wCZ/S14b8OarefDrT9D1zxV/a0kWm+XNqHk/wCt/dV8Z/tafCuDUtZuPhH44gittH8UWf2bTdW/58L+L97FL/5Crh/+CV//AAV6Ou3dn8K/j/PH9ouv9Gh1byfK/e/9Na++Pjv8Pfhl+0t8L5IP7Utvtlr/AKTpt3/zyr8vx+CxmV43ncD+gOFsz+uYH6nitXtzH4P/ABe+AXin4eeNryHWdO/s6/8AtnMn+sitf+msXlf63/W1+in7Y3wO/ZD/AGafB2n/AA/8AftNa/8AEjxprwtb2HSf7N0u2j0awltf3UtzJFp8ssX/AEytf+/tZf7Qn7Lg+MXw01Cx/srzNQ0uz8yG7h/1v7r/AJZV+YmkfGrXfh38btQ8PXmoXMtlckAzTWf72Ly/+mf4V99lePwGdUaShLlnF2kfOZvlGKyTF1MRGPNCz5WfefhTxt/adpb2H2iO58qb99F53/LWvqTTviF4H+Evw5vPjT45vpbbw/o2m/abyaH/AFsUUVr5vlRf9NZfK+y/9vVfAfwk1LxHFNZz6t5stv5Pm2eoQ3nmxS/88v8AtrU3/BSv46674e/Yc07wJd3EqP428b/6EM/66x0y1/eyfjdX0f8A4C1+hZhlEcFhfbw+DlPhctzueZ1JYWp/E5k/lc+Cvix8fvH/AMSvj/q/7Q82tz2ev3/iI6xbT2s3NpL5vmxCP/rniMD/AHK/qr/YJ+Nl98fv2Vfhv8W1g8q48UeD7C9mhih/5ayxReb/AORfNr+Q8nua/cL/AIIc/wDBcH9jD9mn9l7Sfg3+118Ybnw3deE9PlstFhHhq/vfNzdzSiXzLWKX/llJHF/yy/1VflmPi62x+j4Kp7CR+x/x++Onw/8A2XvgR4q+OXxH15NP0XwzpEl5dXLjJJ/54/8AXWu3+A/xT8K/H79nfQ/jH4auY7nS/Eeg/bbOX/plLFX82H/Bd3/guPZf8FFp9O/Zz/Zvjv8ATfhRo16t7d3eooLafxHfxjZHK0YOYrWIf6qGTkn95JyIhF9g/wDBt3/wV/8AAGi/sd+K/wBkD9pn4v6NpHiDwpeWtv8ADGLXNXitpdehvv3UVhGJv9b5UsUY/wCuV17VWGpU4bnR9bcpWP2UHhjSpNGsLk2/l5tPtP8A1y/5a/8AtSk0220PVoG8S6lII9Egml/s+2h/d+ZFF/y1/wCuX7uvn/8Aa1/b7/Z4/Zu1P4RfArxB8RdMHi/4xa/YaBaWMV9H5thYXPlxXN/L/wA8ov3UcXm/89f+uUtYml/8FJv2dv2if+ChT/sHfBTxnZ6ongfQZZte1CxvIpLGW58rH2WKX/lr5WP3v/2quqpy1UvmayxVere59deDz52g/br6Dy/tX7yG0/55RVoXn/Lvj/WS1j6b4w0n7LzPHJ/1yqnN8RNKu9e/sPz4pJIof+WU3+q82vAxE6fNoRTlN1dTuLOECaM4/d1YmMEv7gz1xvjn4seBfg/8PdU+J/xO8W6boOh6NZy3Op6tq155UVrFH/01r8R/Cf8Awcx/Ef8AaZ/4K2/D/wCGvwzhGkfBO/8AFw8OwWk8YF1rAuibWK+uRj91+9kEvldh15rqpzlGndDp4eWJr+z5j9x/FPinSdG1SLwpqVzEJ7qL91DXzJ+0z4X1Twrqh8QaJcvFEx8xIlr0zxLf2fj2/wBG1K3uFj1q2s5ZfJ/2P/3uK1vF/hK28f8AgWBdVgi+0P8A6oV9nkebYTLKlOVSfxbn2WRVv7ExEJVFpsz86f2qv2gH0zwNJp/xFtPNspf3eZZq/Pz41fDz4ffGXUJL/wCF3xG0Cxkx5c+k63eS20sv/XKWWLyv/ItfqD+2x8Mf+EVsNQ8K6r4civrO6s/Mhr8Z/jBqU/hXxRcaXPB9hkim/fQ1/WHB+c5fWyZvDzUJb90/Kx42ecT47C5zJ+1tQn0jo/vOn/bJ/wCCYXhT4RfsdaL+054T+NekeINQkumtfF+lW+oxyRWN0ZMRW0WD+9lEZzJ9P3eRxX56atZ/YtRd7rkH0r6E+M2sXGs3Mdv58n2fyYpPJ87/AJa14t4g0tG1HbliPWvxniqVbHPlt7/NL3ref6HweZ4nBSx0p0KjlF99z3HwJpvwy8YfAfxJpV9mPxZpc1hJ4b/c/wDH1F5vlXUX/kXzf+2VeR+KvCsFn5c4HlXH+rmrpP2e/Fen6P4ojOqwRyxywy2377/ll5tU/iFeT2es3mlTz+bJa3n+ur8R9li4VD7dVaEsLGS+I0PAfgn/AIpa8vrj/ll5Xkw/89ZarjTZ/t+P3sskX/LH/V+VLWXZ/EjVdN0uSAf8fH/PX/nlF/mKugg8SHUvBuh6rPNGLg+bbXn/AE1l/wBb/wCipYv+/VZUKeYLGXnH3DinUpz+GZc0ebxJpuv2/wDZUEf72HzPJ8nzYpf+WVeual4K8R2fhKz1X/hFJY7Pyf3N35Mv73/rr5v+qrj/AID+JNDh8U28+q6VbXMdrN9p8qb/AFUsX/TWv11+M/8AwWj/AGCviL+zJYfCNf2TbOWcaWbex03U7y1jsdJkxxJbXP8ArOP+2R4r9cyqv9Sopwpc/P8A+Snq0cxUcJ7Hnvf5H4/al588Ulz9h8qsO81jzpfs8/8A22m8muw+J3irw5rGqXE/hz/Rv33+pim82KKvM7y8/wCXeGCvOzRqOJPg8wxFFTsWNS1iD/UVHN4V1XWNG1DxVYaVJLp+l+VJqU0MP7qwil/dReb/ANtf3VYc0372t6y8b+J9P+HuofDzTrySPS/EWpWFzqdpD/y9fZfN8r/0bL+6/wDjVeRXvy+4eIpwScjW0L4WXF7olvrV/ZfPdT+XDX05+xl4QktLu48R3EH+jxnyLSb/ANGy1T+H3w9vviR4c0fwr4csP9VD++mhhr1bwHo9j8OotR0S7n8pNHMsZaX/AKZVwutTdbkR+IcZ5zmGOwM8LTh8crHUftYftIH4Q/CqTw5Y6rH9rurPfN/0yjr2D/gh7f674o+Dms/GLV4pPM8Q6nK8P/TKLzfKi/8ARVfkN+2F+0rrXxc8ZapewXZ8mW4lCIh/5Z1+1f8AwR503/hF/wBmnwP4Bs4PLji0eKW8/wCuvlebXyHGeOthIwh3P0jwk4Kp5BhVVxH8Se59afFrxJB4J+HMmq308UX/AF2r+ev9uH9rfTP2lv2iNSvtKEZ0DQrvyNCH/PzJ5v8Ara/ZD/gtT491v4e/sb+INd0q++zSS2f2KGb/AJ5eb+6/9q1/ON4Yu7m+8ZQW1jH57TzxxJF/z05r57hHLqOJx/1ir9nY/bszzKthMrnSw7tf8j9/f+CVPiS4h+Gml6VYzxRx+TFJN+5r9CNB16ea1/0G+r8x/wDgnXear8Nvhpp994jnisvN/wBTDNX2p8N/j1oepf6P9u82vfz+nCpiZSsfM8P4mssLepM+iNN8SarDFWp/wm19DF1rzfR/iRpXleR59bFn8QtDh/189fK06NJn0kcc2dRefEjXIfM/cVx+vfEj4jXkskGlGpNY+JHhyz/f+fFVfR/HmlXl1mD/AL9RUfuaJr7epVXuHB+MPAfxq8YRST33iO5i83vDXz38YP2Dp/HniP8AtX4jeZfW8Xlf62b/AFtfckOsT3kX/LSL8ay9e0ex1KKSC+/ex10U8XThDngYuMr++fK/wl+Ceh+CYvI0qx/1X+prU1L4b2A17+1b6CLy694h0HwppsUn7n95XnfxPs4fssn2Gf8Ad0fWKWKhyM7ML+5+CRJ8N7yx0HVI/sM8Xly1T/bM/Yg+HP7WvwqvNK8R+HLG5vP3vk+bDXL+A8aZqnE/m17p4b8YeTpfkTzyS/ua2y3Na+WVvcM8xpKstT+db9qf/gmZ4t+BPi64t9Nn22XneXDFdx814rD+zr4jhm8oeUM9MzV+/f7ZnwZ0P4qaLqE8+k+b9q/11fmn8QvgsPBfie40Zv3nkS/LN5VfrWSZlDNsNr8SPwDjrOa/DmKj7P4ZHmH7G37PUuj6/J4j8U2sn2i1/wBTj935X/TWvueH9oq++G+g6ffarrn+h3V59m/13+tr5om8fv4Jubf4feHF8271P95eHyf3sVbf7UXjb/hApfCfwyvtV8u40az+26x+5/5ay187xRGEcFPn7m3AuZ5rmmd06ql7ltex98fsaXPhv4m/Eq4stVhiubO6g/fQ+d/z1r8nP2wf2X9M+En/AAVC8YfDzSp/KsrWf+0tNhx/qraTyv8AGv03/wCCVN5fXkVx4w1X/nz/ANdX57/Gj4z6X8bf+Ch3xo+NBPmW9/qVroOg+d/0y8qL/wBpf+Ra+S8LqFSrntSUlzU4pv8AI/obinEwlkvsvtuyPaPhf8MfgtqXwM8SeI/Dk+t6brnhzUtLjmh1HUrWS1uorq6iilliiiii8qvgv/gpt401Pxn4z02ztLuV9J8MWkmm2UJH+pEk0s2f+2hkk/79V9MftdWc/wCz38adQ+FfiOeS2ji1jy5v+2V1+6rzH/gpb+yB40+BPxJk8M69Fiw8UeG7HWdI1H/llKJYYpCI/rIa/oXPcbQeRSw9OXM27+isvwufgOAyqtl3EMMTU+2ux8Ak5OaK0NX0XUtCv7jSdWsJLa4t5tk0M0eHjPvWfX47JNPU/TAyR0NFGD6UYPoakB3mv619gf8ABFn9pn4A/sof8FCPCnx5/aO8f3nhvwvoelawLjUdM0iW+fzZtPlihiEcP7wfvJP9ZiTGOg/1g+PaKClJo/qL0f8A4Ll/8E6td8Oa54q8K/tR6Dc22habc3o03ULK/srq78vpFFFdxRZl/wBVFXn3w+/4LVfsgfB/4k6340/aI+NEWm3GmTXVzeeHrSGW5vpbr/llaxxxf/uv9VX83G0K3B6U95Z5BudvpWUcPRjoTUdSpUjK/wAJ91f8Fe/+C2Px5/4Km+MIvD8CP4S+GOjz/wDEi8FxX3mG4lx/x9X0p/10x9P9VH0GTmWT48+HPijVfAfjLTPGOg3bwXmlX8N5aSD/AJZyxMJIz+YrlSG6jr3r3H9nP9hv9pb9p/4RfE347fA3wNFrHhv4PaHHqvj2+OrWtvJYWTxXUvm+VLIJJv3drccRA8R05xg6XKjtwledLEwqfyn9EHgH9pabQf2mbf4hw67Jf+H9TsNb1nSFNxxJYRjTHuLeOP8A6ZzSXMn419oar4xh0jwpq7h976HqEWoQiOT7+m3Of3sf/kX/AL9V/MR4F/4Kq+KfAX7PHw40+HSrq98Y+CZPFOnx6heD/Rntb+ysbe1J/wCessUf2nr6RV+5P7Pv7Xnwk8YfsqfBD9pPR/FHnaBrvhXSPCGr6aj48+/vprSwiEsn/TrdJcxf9tZf+eVeDVw9eSXN9k/TsfWy7OFR+r6TUfeXp/nqj6g+Ongnw58afAa6jKYjLYRSW80P/LXzI/8AW1+Uv7cn/BPfSvFUtxrh0OX7R/yxltP3Utfbf7MHx/eW68P3XifxPLqd7rp/sPxBPd3X3NXsYvLliji/5ZSfu/Nl/wCu/wD0yr0/xf4Ps/FGsXGiXUEfmzH91x/ra+qyDinN8tUVSfuI+H4s4UxVXDXg9v8AP9D+cX45fs4eMfhtfx29/p8slv53+u8mvCPEfht7a7kaC3Ir+jP9pz9hWCfRvt19pVtH9q/1MVfnb+0X/wAE8dGOq3F9AHs593l7YxkV99gOOsJiavsscuW/2j8Bx1XMcjq/v4e53Pyl03Urizl/cV0niS80rWNLk1WC9/0yW8/49PJ/5ZeV/ra4vPkzeTWppt7DDaY+z/vPO/czf88q8anSP076zWpUzPlvL6D/AJb1Jpt5fWYkngn/AO2VSXkMENR1pCn7My+s+ZqWfjDXLP8A48b6SP8A7bVsTfFPxlqeg2fhzVfEd7c6fazeZZ6fLeS+VF/z18qKuTh8iaTpJVjzv+2X/TKKuulia0CvrEjrINYna28+Y/vIv+W1a/hLT7HxHeXAuZzDHFZTyzSgf9+ov+2svlRf9ta4Sym2xxwefXS6bqsWl2skMT/vJf3f/XKrlKNbc8HFc7qEV4POuvI+z+X5VW/DGkX+u+KbTTif+W3mD/plFUFnDB5Xn16F8CfBE+p6kuofZv3lzPFb2kVcWI0pHnYvErCYefMfpt/wTT+GNjNoNvfT2Pm+bXmf/BTzwnqHws8cfEEaXB5dtd2EUo/GLyq+qP2IZtD8HWun6Fcf8usPlzeTD/rab/wUT+BmmftFWN1qumwf6Xq+hS6fJ5X/ACy/5axf+Ra/NZ5jUwOc3q/BI46+TUsyyqnWpQ+GSl/mfz3am+LuXzifvHrX9Gf/AAS1hgu/hB4X1yKCLy5dNijh/c/9Mq/ns+MHgnX/AIdeMNQ8K+IbE22oabeS295aSjmKWKv3f/4IFfGSL4vfsfeE7Yj/AEzw55unXn/XWKWX/wBpSxVycX0pTwtOpHa5+l5DKEoLzPWP+C7XgO+1/wD4JxeMPGOlf8yvNa3s0UUP/TWKX/2lX8znhzxTqng7xDbeJ/DWoS2d5ZTie0uouJIpB0Nf19/HP4b6V8QtG1z4SeMtKjvdD8UaPFHNp0v/AC18qv5Of2tf2e/FH7Kv7Qvi39nzxrbul/4a1T7N5rdZoSBJFL9JIpI5PxrbhuUIYduHc6MbBqpySNW+/bu/alvrqznuPjHrbfYT/o8U11mJP+2fSvY/hB/wWI/aG8B3FtbavpWm6nHGf3s0Rkill/WvjrY5bAXJx1rr/g1oWneI/H2l6JqwAhkvAJfpXuVUqj/eHnSjDC0HyRsj9gPgH/wVc8V/EDTMf8IbqUX7n/XedX0J4D/ad+I3jaXyNKsfK/6bTV83/so/AL+2PDmnzwaV5VvL/wBMa+3Pgz8K7DR7b7PBB/qq+VzOrRo1P3R52U4jH4ir78TpPhXZ+MdZtvt/iq+llkr2TwfDBpsUc/2GuXmmsfB2gxzwXEUVU9N+KnneXBBXjS/e/Efc0v3NE9gh1j/SvIrQ17yJrDz4K8/0fXj9lz5/7yX93NLXeeGtSsdS0b7AR+8rP2fsaJpy2XtDwP48fFSfwHdW8Fxf+V5tcPd/tFeHNS0vM99F5leEf8HG+leMfDv7H7/FnwPq1zpt5oXiuwk+2Ws3lyeVL5sX/tWKvyL+CH/BSv4x+DL+DTfiJrsmr2ef+PmXmWKvXw+WTrYeNaBzUsdBS5D9n7P9oqx0fxb5H2j9353+pr6o+Ffi/Q/FXhyO+t76L/U1+Nfgn9o/w58R5459K8U20kkv/LGK8r9CP2J9fvpvC/8Ap32nzIv+etRiFGLPWxOGjUwftbn0R8TrSws9MkvvO83/ALY1+Y/7dvjzw94N8S6j4nuvKREnMeB/y0r9BPjl42g0fwReT+R/5Gr8Kf8Agox8c9Q8ZfGC98IWF95kVnNtk/e/6x6+74XqRwmEnVR/LnFuCrcTcUwwsZfu6d3I9Z/4J7xv8dv2mLrx74mg/wCJToR+23vmn/v1FVD4keJL74/ftQSTwf6u/wBY8y8mi/55RVl/sf6/f/Dj4EapZaXBJFceI/N86WH/AFte8fsf/s9XEPijz9VsfM1S/mi+2TQ/8sov+WUVfNcWZxWlS5In7TwXkuCwS/dPtfyt0Priz8eaL+xF/wAE1PHH7Ql6I7a4/s37Po8Pk/8AH1dSy+VF/wCRZK/IP9mvwrrupeJILiWc3M8WpRXvmxTf8fV1/ra+yf8AgvB+0aNR1TwZ+x34OH/FP+BNMi1HxTFF/qpNUli/0WKT/rlF5svlV5p/wTc+G9v4guIr/wARwxWVpaj7RPJd/wCqFfY+HGCnkeVVK9enedS33f8ABOnifNKEcwoUefljKS5n2V/8j6F/4OQvhxb6pq3wk/at8Laf/wAS/wCIHhCMXkv/AE9RRRD97/2yki/79VPo8Gg/8FCf+CKHh/xV4jJuvG/7P9x/wjur+d/rZNG/5cZf+2UUkUX/AG6y1nft4fG7w5+0V+xGf2aoW+0+IPhL4jludNl/5+tLuv8AVSxf9cpf3X/fqvO/+CH/AO0fpHwa8Y+M/h18RbKO+0fxJo0UfiXQ7v8A5frCKb975X/TWKKWSX/rlFLX3Dwiq5aqk9J/0rfccGe4mhDHU6V7wT91910fofBv7XNtcfEnQNF+Mf2WzivbSGLQfEQjhEchuoQfKuZT/wAtfNi/5ad/Kr58ZXZMgdGJr7t/b3/Z7u/2a/j78TP2bdSlSfS9UEeqeFdWYAxX9oZPMsbqKQ/9Mj5Uv/bWvhtLORLk2svykSYZa+eznK5U4U6sdpL8tB5dVlWvB7p2+RSKMCNzYzQ/yNgHJr6P/az/AOCan7Sf7IHwq8DfGr4k6BA3hj4g6at3oOp6fcebHyvmJFL08uQxYkx6E+hr5zYAMAFGSK+aq0KtCfLUR61bD1KE+ScbMgoowSelTWsDXUyW/rWRgQ0VJNAYzUeD6GgAycYzW3puu6zotleWOk6lcwJqNj9m1GOGbyxcQ+asvlPj/WJ5kUUnPH7semaxdjelJQBqza7q99ptppVzfu9vZCX7LEekfmcyfniu7+F/7Unx0+FPhhfAngz4i6lbaL/bNvqx0hLktbG+hliliuPLPHmB4Yjnr8grzRnDDBj/AFpAGJ3Be/c1EoKcbM6cPiquFre0pysz+g/9kL4t6d8X/g94g+I2meOtJfUNb8L2vxLifTtTEr6b4gsYYYtTsJIx+98yWKJ/MMn/AD14r7v8Q/tAeFPG3wi0nx18PGEurQJHf6ZbjreY/eSxR1/K7+yf8cvGHwa+L2n69ofiGWyS5k+zXH/PPy5ODkdq/eqDWvh98Lv2DNI1e68fJe2clr/a0N34Y1uKO+0Zv+evmy/urqP/AJ6xRf6qt8gwmHo4z9+/cP13I80wed+zhiU7ppLa22t/W1z1344f8FGfhP8AFGztLeXx9pumXYt/Ke31G7iilt/+mX/XWvmj9ob4kQaZ4ck8Vf8ACY6bfWf/ACx/0yKvgP8AaI8M/EPUTqXjPxSqxavcxfbhaTKI5b+KX/l6to/+W0P/AE1j/wD3XzYnxa13QorjwrrniLUhZ/8APn53+fKr6qrkOX46tzP3YXPK8SuHOF44Z0ofhZ66Hl3/AC08ipKYsGG8qrMNoHOAMVPtfZH4ZUqLqWobIzWvnmaL/rlLNVf+zZpovP8A3f8A3+q7Hp8hA2jtT/7M/wBqtlUos5XiRdN8H+ItZtbi40nQ7m5jtf3l5LDD5nlVSm02fGcRVoHTZfL88VXnhm6j+VafuxU8TqVzD5P7gf6yI1Y+2XEPb95UYs5zHitnw14V1DVphZWUB3yn5giV2U6cUvaBVxNGEeeoanwz8L6t4v1ddCsYZZI5Zv8ASPJ/5a/88q+z/gn8NtD0HXrOx+zf8guH/Xf9Na80+BXwm07wVBHcIvmahL/5Cr1fWtf/AOEW8O3Gh6XNjULqz/1tebjalqJ+a5hj8Rn2cQw2G+A+oP2b/inpWpapqn9k3H7uw/0KH/rrX0B4J8V/2x5lvcNHJ/12r4P/AGV5tuvW+hwTyxW+l/8AH5/09XUtfXngnxVYwxef59finFWMpyxHKj+hOH8iq4DKvZ1UfDP/AAXC/Ylg8EIP2nvC2k5i1nU5Y9ZEX/LOTyv3Uv8A5Cl/79VT/wCDbT9q7R/hl+0BrH7Oni7VnjtvFUH2rQRIf3S3Uf8ArR/20i/9FV+hX7Tnww8OftLfs06p4B1WDzY5YYpIf/tVfz7eOvDfjn9mT4+XOi215LY6/wCEdcElrdx9RLFKJIpf/QDXo5fjKWe5T9Vn8Uf6Rc8C8umqsPgP7CfFU1jr3hLR/EcE/wC8sJvLm/65S1+Qv/B0x+wvpetfDPwv+3X8OvC0cWoaPdf2T48mgi5ubWXyvsMsn/XOTzYf+2sVfW3/AAR7/b68Nftnfs72FvqfiKx/4SWHR4o9e0+H93JHcxfupCI+4I5/7bV9eePPhX8Ovjx8Ftc+GXxb8K22r6PqlnLbalp2of6qWKvKy6eIyqty1donXKnSxlL2iP4wJcDiOUnPaun+C0c8vxI0uOJcMLivo3xv/wAEp/2gofjz44+Ffw78KzXll4Y1m/i0+8uJfL+1WsUknlHr1ki8s/jXz14Vj1fwh46GjajbyR3EV9HBdR9JIzHLkx/XKfpX3WGrUcbD3JnzNTE0Xzwi7yifvZ/wTx16DxV4Ss7G+sf+PWz/AOe1fYHwr8K+d9ox/q6+G/8AgnJ/oXw+j8Rz/wCs/wBX5Xk/uv3VfoB8DZoLzwbJ5Hm/vZv301fn+Zc8Mw5Ee7ksY1KHPI4P48Wc+neCLzVdPn/1Xlf+ja8P+GPxy0rxJLHPY6rbSeVN5c00U37qvqj45eFYJvhpqE88H7v9153mzV+Dn7DH7UGseHv2ivHHwa8TXhH/ABOL46b53/TOWWOSKu/DUXWpSn/KGJxP2D9i7z4qQQGOCxn83zf9TXqHwg+Klvr3l/v46+F/hl8R9V8YWselT+ZLJ5MUf+ur6A/Z18YWMM37/wDdSed/qa83GVNDroQ9tRK//BaP4ej4sfsDfFDwfBY+bJdaP9ps4f8Ap6tZYrqL/wBFV/MACVPIr+t/42abB4x+DeoQfYYrnyv3k0M3/LWv5QPil4QvvAnxI8QeC7638mfRdYurGaIj/V+VKY/6V9Vw5OVTDSR52Lp+xqn0t/wSW8MQ/EP9rHR/Btxa+aJdOlkER/56RV/Qj8PfgbY/D3wvHb2Nj+88mvwA/wCCIuqSeH/24NG8RP0g0y5TH++tf0R6D8SP7e8ORwTmvLzunOni1OPwnjYvPZUKVSg5/CvzPl//AIKI/EuD4VfA/WPFl1N5cdjD5gr8CL/Wrn4gfEqfVrqUyy3moBpJT/00kr9Ov+Dhz9owaR4L0X4JaJqBFxrl8bzUIoT/AMu1t/qv/Ikh/wC/Vfmz+yt4ai17xj/a2oR+b9l/1MWf+WtfQ4TFLB5VzVNtWfMcKZHUx2KqYm3vVHb5I+w/g1o/9nHR9E0uD7TeRQxeTF5P7qL/AKay1+iHwH8N+HP2b/hVrHxw8cQS/wDEh0eW5/s//lrLdf8APL/rrLLXj/7BX7Jd/NH/AMJ/4jsZP3X7yHzYa9U/bL0fxVZ+CNL0qxnuYtHi/ealDaf63zf+WVfO5d7HPs4g3P3D6/iXMXw1lU1h6fvI/Nz4k+GPFn7R/wASRq+saRGLvUNYutW8R3cX7zzbqX/VRf6r91FFF5cXlV9KfBv4P/2Ro6eHfDgH7v8A5awjzPN/dV8zfED43+B/hp8T73RNQheK2+3eck8R+SKT/CvrD9jP45fDrxVqNn/Yfi/Tbn/ntFFN+9r9nxmOlhsKqdKFmn+R+U5NiMyznMI1MdC8Wmo9tep0Gg/sZ+MbzxHZ/E37BJbeV5tteRSw/wDH/ay/8sq8f+Nfwgh/Zu+KHhv9orwrockdvo+pf8TiGKH91Lay/upf/Rtfqp4V8bfDnXtCjsft0Xl+T5dfNf7dXw9sdY8Jah4c0K+jljurOX91XzlPijF4vFeyqxsj9DxWSVnSp8nvcp+eP7VPxW8M/HbxNJ8JvEGpRzaToPm/8K+8TSw/vdLil/e/2fL/ANOv/oqvjD4k/B3xp4f1qS+fw7NLz+8MJ8yvrH4G/sx+Kvi18R5NE+wyxRxXnlzTV9iQ/wDBOvw5eaXHpV8f9V/z1r7mrxDlMMvp4Wtuvtepy08Jm2CnKvCHyf6Hzt8Ev2+tO/aS/Yfn/wCCZ/7Vuq2VpBb20Ufw18ZahjytMmiH+jW1y+P9V1i83sPXGa/PL4ufCjxZ8KPFVx4c8V6PPaXUUp3QyjH/AAMflX6bfGb/AIJU6ro8seueHIPMjl/efZJf3sVeUeLf2ckisY/C3j3wjHJBa/uoYpbTyvK/65V1Y3L8oznARlh5WnH8T6OHFWHx1OGHxcOSf83b1PzwNuCDuUsR3Bq5Y6NdTXa2M0bB5P4NvJr748M/8E9vgj4phkv0+KMXhuTP7k6xZy+X/wCQopYv/Itcd+yH8Efgf8I/+Chel+G/2kL3TvG/gXwvfXOoatJp6yS2OsiGGWWKL97HnypJfKEnFfI4jhjG4aEakl7rPTw1LB1sVClRnGbfb/gnhnxt/ZC+MHwI0Lw34i+Jfw81XRbPxXpP9o6HPfwmP7VD/wA9RmvL7bQJJ777KwIRj/rPWv1//wCDgD9u34eft0638N/CXwigcaNpWkTahdGSExy/aZpREYv+2ccUZ/7bV8N/BL9nbS9c8eaZb+MZhZafLdxf2ld/88ov+WtcNXLpzfLTj/XqfR4jK8Eq9OnP3b/F1t5adz5t17whrXh+KzGq25VL23NxCOn7vzDH/NDVG+8O3dlbR3gBMUnJJTG3619tft4eHPhN4h1LQ/Fnw58KTWWm6NoEeiw4P/H0YpZZYpf+unlS/wDkKrn/AAUS+C3w48B+G/AHwj+Ftli98KfDnSv+E5fbEPM8QXvmane4x/rfK+2xW3/br5X/ACyrxpKvCN0rxTOnEcK0aLmnKz5XKK62Xf1PgFySxzSgODjGa3vEfhm80a+a1mt/Lyd8Q9qzptKurY5mikWkpJnxM8HXh0IrS5nt5hLGQGHTmvqP4ffHr4heCfBtjq/hjxTdaZewRF7SWIfu5f8Arr/yylr5Yhj819oGc1738IPG3wps/BGqeHfiEupR3BH+iLaXdrFEP+mvlS2Ev73/ALaxV14ai6rO7KcVOhX3/Gx9C3//AAUm8dWvhO30rw/4J8PabZ20nnS6TZz3Vva22qf9BS2ihuovJll/5awx/wCiy/8APKvlX40/HXxP8b/H13468dy6Y2oyH99LpOhWtlFL/wBsrWGIeZ/01q34o+FHiXy5L7wtJHr+nk+YuoaVFL5Q/wC2csXm1xV94d1TT5BdavpFzbxj935ssNe/hY42VP2bl7p0cSZrHEtaW/UvrZsJvJArW0nSzLKFkipLOz/efuR89dDZabNLH9ngi486uapqfkeJxXKitDYw+laTeFs+WSP+WNTW2gzLHyEH73vVi6b+y5ZLSebzJP8AlrRSqHjVMTKT9xmHeWCh/KMXOfWqxsIohnyY5JPTNaF7fRxceTmSTpXTfDX4b65491qDRdNs5Gnlb5ya7KftpK5rPEPD0uebMXwR8NLzxtfx21vbnZ/FIRXuvw/+DmgeDxHemGTz4+f3teweFPgl4f8Ahx4ejjVo/tH/AC2rkfiFr0FnF5EPm/8AbWpp49T/AHaPkMRWznPMW6FKLjAqQ6/b6dLJ9hnljkl/5bRUl75/nR+I/wDj5ktf+WP/ADyl/wCesv8A0yrk9NvLi9v5IIP3lx/yx/661ueG4b6G1kmnn8qSKvn+IM2WFwp/Rvg/4TyzXG06svs/ie0fAH/iQ6XJBYCSW4lm/fTf89a+iPB955N1bwTz/wDXaL/nlXyf4b+JGleA7D+1dVv/ALTcf9Nf+WVc74v/AG/bvQ7u7sPDdrbm3SDyxLKOtfj0sPVzXGc5/TPFHAn9l4eC0UT9AvFf7SHwI+E3hL/iv/EcVt9q/d2cXnf8ta/Kr/gsrp3wC179oHTPi38AvjDoviaDxNpEaarYabLmWxurcCI+b/10AyPxrxz9ob9p7xh8ZPEEl1qFwZFhc/ZxGvC19Gf8Euf+CXHjD9qHxdp3xk+P/hyaz+HlpILiG2uf3Uuv8f6qPH7wRf8ATUf9s8mvrcqyn+yp+2nLlifi+ZfU5wnhqXvS79EfXH/Brt+yd8Q/CWq67+1/8QbG40nwtLoFzp2gfaofL/tSW6uYfNlj/wCmcX2GPPvLX62a98Qtc8SX8nhvwNYf8fX7uz/6a/8ATWsv4WeD7H+y9P8At2lW1tpdhZxW2j6HaQxRWtrFF/qv3VdZ4l8U+G/AWg6hfWP2aK4lh8ybUbv/AJZRf9da4M49rmVb918J4Klh8vpcnxSPnf8Abc8bfBf/AIJ//sreOP2hdRsLa51yw8N+Xpss0P8Ax9apL+6tf/ItfzO/Bqw1j4t/tBaOtwHuJ9T10T3nv+982WvsX/guB/wVRf8AbM+IkPwP+EWpwy+A/CF/NJLqNswH9tX+PLMvJ/1UQBEX1kl71zP/AASn/Zku73xF/wALb8Q6ed8sPl6b+5/5616uWYd5Rl8p1Pjf9I+WhhKc606kY/EfoX8DR/wqv9n241X/AFflXn/Lb/rlX3R+wqdV134S/bdUg/eedLXxH+05/wAW9+EvhvwDb/8AH5fzWsfk/wDPWXza+8P2ObODwr8FrOxg/dSeTXzuOjOfLVl8R9Hk1Llw8oo7Dx5DBd+DdUsc/wCt8r/lj/01r+U346fEY/Dv/goR4/8AiD4bkKQWnxU1iW2Yf88f7Ql/9pmv6ote1L7ZayQQH95LNX8h3xY1S5174l+I/EM5+fUNdu7j/v5LIa+nyKlKphnz9Tz8dpX5D9uf2QPG1j4k0a31zyIvLl8qT/2rX0Jpsx0HXo54PLk83/lrX5N/8EpP2w7DRW/4VN421WO2e2h/4l0s0hHmR9x+FfqBo/iqx1i1t57e+8z9zXz+b4KrRlY6Mpq6+zmfVHw31L/hJPDlxpV9/q5bOWOv5l/+CnHgC5+G/wC3T8RfDc1n5Rk1kXwi9PtMUc3/ALUr+lD4A6lCbCODPlf8s6/Dj/g43+Ddx8O/2/LzxlBZmKz8UabFLAR6xQxRSV6fDlV0cR7P+ZGmawS1PJv+CUGqx6D+0Amqo372OzfyxX70fB/xJ/bHg2Of93/qfLr+bj9mL4g3fwy+Ken66k5jj+0BZgP+eZr9+/2OfiFY+KvhrHcWM8Uvm+VJXq8TL6vRp1OT+rn4znsatHP7yl7lRW+4/IH/AILg+Ite1n9u7xFo+qTyyQaZZWcVl/0ziMIkx/39llpn/BNu3+Gnh/Vv+E1+Jd3GbaKb9zDND+7r6x/4L8fsFeJfEmj6b+218K/Cl1fhJfsPjEWcXmeXF5X7q6/65Zikj/Cvzo8E6V4m0TwrLq0FwbZLaL99HmvOzemszyZUIS5FLsft3h7h6FGUH/Kmfs78Mv8Agox+z/4TtrfwhomsR+X53lwxWkP7qKvZviR4w8K/Ejwb/ZX/AEGYZbb9zN/qv8+bX4DaN8VPFGlzB2uDLHIelfWH7M3/AAUJ0Hwp4luLjXPBVzJbzS+b5MWo+V5dfG5VleN4YrKrTcpw9T7PijhrAZ9gWqPxs8z/AOCiH7OHxK+GHxAkvPEkNzcx/wDLDUDF/wAfUX/LKWvm/wAPeJ/EPhu9XUdEvjbXMH+pli/5ZV+003xO/Z+/bg8CT+A9IuI7i9uYZZZdP1CGLzbWL/Mtfmt+1p+wj4u+CfjKQaDBLc6fL+8hev1vK+LMJma5JfxOx+DTwOLyCq8NiqfLy/C+h2v7Mv8AwVh+Nfwvvo9K8c3EOt6fFD++MsPl3P8A39r7n8K/tUeB/wBqP4ffb/A+rW39seT5kOnaj+7uf+/X/wAar8X4rK502+aKeF1eM7ZQ9e6+Cvj9Y2ngCDwdqng22ufsv/HnqEM3lS2v/TWvanldDG07r3ZnuYDPJ0K8I1I80D9b/wDgl38E7j/hPtU8R+MfK+0S6lLJ/Z9fcHjD4D2OpWvn2FhX4x/8E2f+CjV98PfiXp+h+Mdc/wCXzy4bu7m/1v8A0ylr92Phv480Px54Ss/EelfvY7qH/ntXyec5NmOC5a3NzwPuHXw2YK9LY+b/ABh8Pb6ztvsM/wDq/wDljXjfjH4eeHNYm+w6rpcXmf8ATaGvvDx58N4NY0rz7G3/AHleB+MPhvBqV19hnsPLk/5Y1vl+e4qhTtSPCxfCdLFy9oj5H8Vfs02P2W4/sqx/1v8AyyrwP4hfsiznxJ/asGgyxXEv7vzvJr9SPDf7LniT7BH/AMTW2ljl/wBTaS/62s/4j/sveJPB8X27XLG2/e/9/a9v/WvN+TknA8+jw1icLiV7HmUj8i4P2Fdc1jWZJ76C5/df6mauo1L9lfXtB0b/AEeC5/dQ/wDPH/W1+ln/AAozzovsJsY6p69+zTqs0XkQWNfIY3jerQr8svdPqKWUZnBp1Vr5n5l6P8EvEdno2oX/AIp8KyS+Vpsv9j/uf+etrLF/7VryPxV8N/HF5zfaTc+Z53mTTS/8ta/XDUv2db7RtLuIJ9D8z9zXlfir9nvw5fSfZ/7K8uStKXF2GdPl5fd/U9yhSx1apz1Xd/D8j8tNW/ZEuvHHiqz1ho9lvFD/AMeghq7/AMFIf2OdE/ZF+Enwu8Pa9bPF4t8U6Pda1rUUo8v7NEZRHaxD/tmhr9Lvhv8As92Pw31SPXJ9D+0yWs3mQ+bDXxP/AMFwPEviX9of482fxEurOSIWulRadZxf88oov/tvm16mDdTNJxnRh7iPp6mTOhlc3G0uaP8Akfm5pGnE33k9U71fvJjB/qBW1qXh3+xrG3uJ4ZPMlh8zj/nlXO3n/PCvt8Lgfq9H2h+O42lLD1OQP7Sm/wCe9SfbL2aX9/PVeiGGq9pWPIlOU/iPV9H0oSyoYT8n/PSWu88C6K9zrJtzP81vF5/m2o8zy65jSLxIrA2tsHknuI/L3/8APOOu18J3th4S0u61DXH8y7mhlji0mWH/AFvlfvfN8zzf9V+7/wC2vlV4VRv23JTPzmvCtiFJIueLLj/hG9E0LU7ae2e+vWlvo7aR/NxFFLL+9ufST/WfuvT97/y1iryvWNahM22GGPio/iZ8QbjxR4t1DX7iX95fzSyzSww+X/5Drlv7R/eda9/L8JH/AJeHp4XKpKipM774aeEr3xn4ittLsIvtMhm+UV9ofBn4Pab8NtC/tHUB/pAg8wSgf6yvCf2M/GHgD4exSarqulfbtQuof3M0037qKvZPEnx+0rU7X7D9utoo/wDnl51YZpjKlJclCB0UOHZ5hi+arO0InQeMPG8B8yCCDzZP9X53nV4X8VPEkFnF+4/1n/XGtzWPiRYXkQgsZ4pfN/55f8ta8r+JHiSxhl8+afzJP+eVfPYNVlKVRn12EyjLqWJVGl8Uj1D9mrwL4o+NXjDTPAXg+2i/tTVJv9bL/wAsv+msv/TKtn9p7TdY+CPjrUPhnqut21zcabdbJrq0h8rzar/sH+Ok+HnxGi8eaZqUVtcWunXUrTSxfuvN8qWvF/2nPijqHi3xLeeJr+9aa41CXzJpvU181ntOGOjyr4rn9ucG4fDcG8Iwxr5fh+dzB+IPxsvJzIj3Z4ryTXfGl9rtzJAJpR5stZevavcXMxTzOvvXp37DnwCH7TX7Tvg/4PzNKIdU1gf2k6D/AFVrF+9l/wDIUUlTgsupYCl7Q/CeLeO804lxv1dVLI+0v+COX/BJnwx8eBB+09+1H4dlufB1t+80Hw9N+6/t6SLjzZf+nXzOP+mtfsh8K/BFjeapHfW+lW1tZ2sP+h2kUPlxRRf9Mqj8K+AtC8B+CNL8D+HNJtra3tbOKOG0h/1UUUX7qKKuki8SaH4D0uSfVb6OKOL95NLXhYnGV8XXs/h7HxmNq0ctpeype9N/FI9QhhstM0aTVdc1WKxt4ofMmmmm8qvwf/4Lj/8ABbI/HLVtT/ZM/ZP8QSx+DLaUweKvFdpN/wAhuQdYov8Ap1/9G1S/4LP/APBbPxT8fl1P9mX9nDxDc2/g6Kb7Pr2v2k3l/wBqS/8ALWKP/plX5s/CnwKnj/x7YeG7guY7qfEpFe5gcLCjS9rUPAlCpVd0eofsTfsg+Kf2m/i1pGgJavFpU935t9dSDpax/wCtkr9p/wBlH4D+HPDd/JfWOleVo+lw+XpsP/PWvD/2LfgpYfC3wRZ+HND0uOPWPEcMUd55UP8Ax62v/LKKvrzXdY0L4b/DS4g0q+jiuIrPy/8A47XBmtSdRxn9gmlXpy/2eHxyPD/i1qU/xs/a+8L+ANJ/0mPRvNvZvJh/1UXlfuv/ACL/AKqv0g+G+jnQfBFnYieLy4oa/P8A/wCCfnw91zWPiX4k+O/jGx/0jVJoo7OLyf8AVRf5/wDRVfeHxI8YW/hX4dXE/n/6qz8v/trXj4yV1Bn1eFoLB4SMKnxni/xy/aFg+EnwW8cfGPVYf9H8L6PLewxf9cq/lg1K4a7vpJ5B99+fzr9qv+C4X7WEvww/Yyi+Cuj6jGdY+JWpiO+hEv72KwtT5sv/AJF8qvxOB3SZJr7rKqfsMvhHvd/efJYtXxU5FvQtc1Tw3rUGt6LdvDc20oeKWM8g1+r/APwTg/bG/wCFm+Erfwp4j1WKW8ih8vypf+WVfktEMhmNet/sxfFS++GPjrT9Xg/1ZnijmFVisu+u4exnCfsasJH9K37NOvWOpaX+48qSSL/ltXxn/wAHO37N8/xB/Zp8L/tG6HpXmXHhLWJY9Smhh/5dbryov/RsUVewf8E9vj9Y+MNG0+f7d5tfVH7QnwZ8OfHj4Ea58NPEelfbdH16z+zalDLXw9CpUyzMry3ie5XhDE0T+SjSro2WpRSgfdbNfph/wSn/AG3oNAvF+HPibVPL2rmzz/y0TuK+Hf2tf2XvFH7J3x98QfBTxJBL5dheS/2bdzf8vVr/AMspa5Dwd4u1PwlqkOoaZNLFNBN5kUoNfo2YUYZrlsJQ2Z8BnWWRxO/xw2P6iPhj4w0Pxh4Sk0M/Zrmzv4fLmhmh82KWKvjv9vz/AIJAeB9R8G3nxH+CfgCGOO1m8zWND07935sUv/PLyq8d/wCCV3/BRA+Kri3+HvjTXYo7yL/U+b/y1r9ZvBPjyHxJo0YuP3nmw18c8NWwv7uR7vC+bzwUOV/EfzEfGL4B+KPhhrl2DYz/ANn2s3/H08X+q/55+ZXH6nonijwdqcaa1YtZzSw/aIo5h/yyr96/+CkH/BNrw98XvAuqeLfhh4Wji1jyZf8ARIYf3V1X5geLPgJc/FjwxeeCtf0uO18U+HLzyvtfk+V9qi/55f8AbL91Wc67o8sanvR7n7BgMXSx2H9tTfLKNrx7eZ4L8N/jr47+E3iS18W+Eteu7S4iT96RLz/1zr9G/hd+1T8EP27PgZb+APFXlaT4qtYfMmaT/Wfuv+WsVfnFD4CvPD/ii48DeOY5LVb3zI4Vl/5ZS4/d1gx/8J9+z78Smiv7Jo5bC68ieLzf3cvNcFfAUcRU9rh5clSOqa6+RjnuAweYUF9YhzKW/wDmey/Hz4K+Hde8W6ovg/Vba5vLC8ltpZbT/VXXlfuq8Yu/DeqaDfnSrmHy5PSuktP2kzN44j1siS2gMUUUMMp/dxRV9T/Cv4DaH+0R8P7jXIBH5cv73/RB5tzFF/y1li/7a/uq++ynPvq1KnDGe6+5+M55kWIyxe0wnv0/xj/wD4n+132m8/8ALSv0A/4JX/8ABYDxH+z3rVn8OfjF4luZfD91N5f2u7m/1X/XWvmX40/s0+Jfh/fS2d9pUsnl/vIZYof9bFXj8ui3FhN5RiMZim/e8f6qvvoYnCZlg/ZL4ZHjZTn1TCVdT+tL4J/tCfCv4v8Ahy31zw54ysb63uof3Pkzeb5tcH+0vo8+j+Z4x8Hat5sdr/rrSv50/wBl39uX47/sr6tHfeCPFNz/AGf/AMttJmml8qWvvTwh/wAF8fC3i7wn/YPjjQ5La88n99DL5teRguFaOFzCFWL5v7p+p5PxPgXXhOpv/L0+8+9Phr+27b/D74gWXjLxGpaznT7LqMef9V/01r279o/9pT4P/F34CahrHh/4gafbT2tt9phuDcDdHX4u/wDDcmh/EK/uLGCCOKzuv+ePm1nzftIQeG/+KW8Sa3JLZ6p+7/7ZV+nYrhHKcfglVjeMz9Yo1eEM4xVLEqfJUhy3S1T1P0E+Af7UPirXvFEkNnqEd7bxdxX0HffHOODSHu7zTLf91FzHX5YfDX4val4As4/Fvh6WP7NFN5desWn7aE3iaw+yTsU80dYjX858X8ASrZnGalpE/YqXCuT58qdWi4yifb2mftO/DjXk/srXreSzkl/hY1yOqeJfgjrXjD+zNF8T20l7LH5mN2a+dvAPjTQ/il4s07w/FJtL3flyyiard5+zl4xl1zxV8T/C15JHaeE76JJLov18z/V/zqI8I4NRhDa54WbcMZDljl7SfJ/w9j7X0L9lbwd8X/ht9pg1+Ow1ACXDw/8ALKvzB/4KhfsUeKfBfmQa/of2nyvNk027ih/dXUVfSF1+1zr/AIC8MQ+OvDOs/YriwaK38R2kv/LGT/nr/wBcqwfin+3/AG/7SvgM/DzxxZ6ZIftPmQ30MXz+bFX6lwhk/wDZ9P2C96L/AAPhHga+BxjTqKdKXfS3p3PyJ+Lvw2+B0X7Plzrt/wDEl7H4iaZrAjTwvd6RMLbU7CT/AJaxXMUeIpY5f+WUvlReV0/e5B+Zb/TNxwT+NfoX+29+xzPZ+F5PiZoeleVp8s3medD/AKqvg/xJZ/2bdXEE8H7yL91X6Fm3DkcLgY1Yn4ZxhiEsylGnHlRy/wBj9v1qSGH97ViftUf7qvz+rT9kfGe0Z7J8K9Fn8RT3Fx/aNjZQWVrma71Cby4oq574rfFTxb478RXWseKdTN7cyiGzhu5v3ksUVt+6rAvPGd3YeGz4XtZZIoJZvM1Bf+eksf8AyyrLslM1rJez3H/LavHjhvZ1bnHg8tVPmqyDz/aj/lrUc01SQyRjmf8A5a9K9zDG6VY3NN16+0E+TYT+XVj/AITzVYf+W9d98P8A9lnxr8Tv2afiH+1Ro+u6LbeHPhne6Paa9a6hdSx311Jqc0sNt9mj8rEv+rkllHm/yryXUbS4gPnCGtansHTNYrFQlod5oXx3svDelyQf2H5lxL/rpvOrjtc+JOteIvEiazJFFFAgxDaW9t+6/wDtv/bWshLS+1V9tvp7yVoab4VvtNi8+eCTzK+ex1XCUqfJTPVy6lX+tKtye8db8OvHWuaBHcWyXDbrmL975h61z/jfxZfaxBJFKvfpVa9vPsdrH+48uuf1fV55/wBxXi0MDRl+8P07HcY42WWQwUp+6jEupvNmwR3r9Av+Dd3wBbeI/wBr3XviBe2xe38L+CZpIv8ArrczRW38jJX58SkfeP8Aer9I/wDg3W8QRaR8SviVpjf6y/8ADdjj/tnd1yY2DjQlFH5/TxEViozfc/YGHxhPrGvR2P8Aqo44a+J/+C7f7Wn/AAh3wq0/9mv4c+KpYtY16HzPFU1p/rYrD/nl5v8A01r6cs5p7PVJL7z/APltX5j/APBXrTZ4fj9Jqt9BL5d/ZxSed/1yir4PA4atVzH3vsnViMbhK+Zez/u3Pz/8R6R/o8jQLXW/skatpfhb41abqOuJ8mZIxv8A+emKy/EViWjwP+eNc1eQ3FnL9tgn8vyq+5q4Cq8Lb+YvDZlg6mI5Ox/QR8AfCkFn4Dj8f5/0i/hijs/+mUXlV1GseG5/iRqlv4cnPmW//L5DX54f8EkP+CiOoeI7u3/Zt+MvisvGDjw7eXcv73P/ADy82v1f+E3gOCz17+1W/e+b/qa/NcyxGNoYv2NWPuRPew+RYXC01jKcubmvr28jU+GPgODwRpf+g2P7v/njNDUf7S2sX3/CESQwfuo/Oikmr1ibw3BZxR+RBXk/7XXw2HxT+A/iTwNpU8llqF/Z+VDNF/rYv3Vb4SrRxFdRlL3ThzPE1PqvPCPvH84X/BRP9oy4/ab/AGpvE3jWLVDc6PYXkmneGwB8gtIv3cbD/rpjzPxrwCuq+KXw/wDFXwv8dan4A8b6XLY6to15LZ39pL1ilj4IrmgpY7QOa/S8PCEaEbbHy8Z+0hzsWG2Y/L0rc8PpcWN1HcRH/VvWbZ9cV0mm6xY+VH+4r3cD7H2Jw4mpUtofo5/wTY/aKvfB+qafDcTxfZ5fKj/11ftJ8B/i1YeMPC8cE8/m+bX81/7N/wAVND8Na9bwX19JFH537n/prX7GfsB/tLeFfEnhy30ODVYvMi/5ZedXwXFGVVnV9tTR6uU4zn9yoZf/AAWS/wCCf3hX9orQbfVtPgjsdV86WTR9W8n/AI9Zf+eUv/TKWvwq+KXws8efCLxteeBfH+iXFjqFpL5c0U0X+tr+pH4nQ6V8QvhpeaVe2H2n9z5kPlV+cfx9/Zk+Ff7d/wBs+Gl8IrbxhoP+pm/1VzVcPZpLD0HRrax/I68bgqeIXtKXxH5NfBr4h+Ivhx4wt/EuiXMkU1rN1r92v+Cen7Xsfxp+FlhqMl5GtzDD5U4r8tfHH/BHL9sD4ca48ei+HLbWrP8A5YyxTeXJX2V/wTj/AGeP2jv2edNMni3RP7NtD5vnWkvlS+bXVj8ThMVHlpyPj6uCxlDGRqQjqfrH8PfEmleKtG+w6qP9bXw3/wAFCP2NJ/BHxLt/2jPBul+bb+d9m8SWkP8AqpbWX915v/XWvaPAXxgn0aWMX09eyeG/EnhX4waBceFdct4rmO6h8uaGb/nlXztWnONOUH8J95k+PlhKsefrufkB+3V+xTY+JvA95478KW8n2zS/KuZpYYf3t1F/z1/6614Z8T/hAn7QXwgt/HFvYtHr0unxR3X/AE1v4ov3v/bKX/ll/wBda/Yq8+CelfCua48K+MdK+06XFN5dnLDD/wAuEv8A8ar438b/ALKM/wAJfEmseB9IMdzp9hefZrOW0m/dXVhLF/ovleV/36/7ZV4jxFWnH3N4n29WvKE4VF70H+T/AMj8XNZ0260a/wBkx8oxy8Cvp39g39s3Wv2fvE/9o3mtD7DLaS21zaXMH2iKaP8AdcY82s39tX9lzWPhn4vfUIdOkFnezyyW8yV88wSS6fL5cabNv8VfSRnh82wFnuc9fASoYjmf8Kf4n7ReFl+Dv7bHw+ki8HT6bJqFgPLmtLSbzJbWvjz9q39jrxN4OlvPEek6XLJJF/yErT/2rXE/8E8/20fEH7NXxJg1VCJLO6i+zXkMsP8Ayy/66V+rv/CN/Dn9qj4VXnj/AMK332nULrypPOh/1sX/AEyrXIM3xWUZgqFefudLn5ZxfwfUwd8Zg4c0N/8AgH4T6mJ7G68jFRxXh8rz4D5clfUf7b/7Iet+A9Xl8YeHdBkjs7v95NaRQ/6qvlC6S4iTZnAir9ow2Op14+1pHyGBxMpxtszpPDfxI8R+FZY/In/d/wDPKavRJvj9B4psLe3vtKjjuIv+W1eH+bN61JDqQhl6V6NPN8ZGnyc59DluOxOFq86PuTwH8ZrfWPgjrGhkRyahF9lks/8Arl/y1/8AaX/f2vP/AA38ZtV0fXo4J55f9d/qf+WVeX/Cv4wf8I3pWoWM+kxXPmw/uZv+eX72pPFXiTS9Rh/tXSp/+2X/AC1irxse6lX95M/WeGOO8Zlcmo1ZLqfbHgP4tX3hr/hH/Eek6r5VxLeSyQzed/qvK8r/AOO1+nP7OHxw+GEX7G+ifD/xpqEcer/FK21O5tJJYPKBlimMUXmf9dfL/dfSv57vBPinVRrNxPquufZrOwhllmllm/df6r/Vf9dZf+eVfoh8QviPYXf7J3wB8Q+HPGq3N4nhDXtFm8uf/j1v7W/luoov+uvlX3lf9+q+RxNSrDF00+rPpcw4uWfuDrPTm/LX8zL+OXj2DUrGS9gnlijv5pdJ16L/AJ5XX/LLzf8AyLXyPD8YNc+GPiOO312/ufLtdSlsry0/9q13Hxy+OWh6b+0RcT6qZf8AhF/iDo9re6xaf8tbW68ryvN/7+15p+034O13SNTl0vxJPHc6hDBFHe3cP+quv3Xm2t3F/wBdYv3tfW4HGVKVePJ1R89n+dyng3OFT4H92qsfot+yz8Yfh9+1H+zv4q/Z68W3FtLeXGhy3GiSy/8APSL/ANq1+PXxk0/+yPF2oaYR/wAet7LGK6r4e/H/AMY/CvxRb6roeqyxSWv/AE2rg/il4wPi/wAX3niNbcxx383mV+hVc4p1MsdNz1f+Vj4XOcwo5phIVPto5iSXNJD/AK38aV5NxwaYxIIYcGvz2pVvVPlUhst5511/pH/bathrP7Po9vrKXcUgmmlj+yL/AKyLyvK/ey/9dfNrD8n91XWeD/Cv9v8Alwf6qvOwVP21b2Z9Hl+Cli5ezMuzs/Ol/wBRW5oPgLVdYv47EQ/vPO/5bV6p4V+DNjpsUeoXx8qP/nt/y1ruPAfg/SodUjuIIP8Av9X1eIhgcroQnVmfp2QeG1XG1eev7sD1T9j/AP4Ja+I/2kPh9rnir+1vKs9Gh+0+TLN/x9Sxf9Mq8X+Kn7OuleCNUvPt1j5vlV9ofs6/FTxH8JdL+3+DvEdzbXH/AC+S+d+6lir54/ah8STXnirU7+Kf/RpZpcw+d/y1r884o4mpzcaeF2P0aHhll1BSlUlHk5fi/wAz521LTbHQbDiD/W/66s+8nsJtLkg8/wD641n+PPFVxeS/Yf8AVeVDXHjxUsI8iCD/AK7V87g/rWJkqlQ/NM3/ALIymo6VD3ix4q/cxeRP/rP9ZXF3l750uMVseI/El1rl7Jdyr/rf3k1c9N/rvxr6KdW0VCmfmuKq+3rkc3+u/GvpL/gmp+0h/wAMz/tH6P4y1O9Mej6mf7N1r2il6S/9spfLl/CvnOC2a4kJCHA74rX0stZXAYN0bNKmqclzVDzMZrScUf0yXmg2954Nt9cgnjk8395+5r4T/wCCw/wx/t74Z6X4/sbD/SNLmljmm/66123/AASC/bZh+O3wKHwO8caoBrfhWGKOGSSb97cWP/LOT/rrF/qv+/Ve1ftUfCWD4kfBvxB4Png/4+rP9z/11/1tfGTSwma37nyGBzj/AG9xre7Ne6/Tp95+F935F5bSYh/5Y/8APGuX1my/1lv5Hl/9sa9E8eeD5/BGvXGh30HlSRTVyevabbzRefD/AKyv0Gj71BHsQlKnX9pE4rR9Rv8Aw7qa6ppbSW9xbzeZDMhr9qf+CN3/AAWR8KfEzS9P/Zz/AGodVtrLxJa+VHoPiG7/AHcWqf8ATKX/AKa/+ja/FS+g8mSVhbHGfWrGnXs9nLHPYzyRSRf6mWGvFzLh2jmVO3U+7yrPqmEiqVTWEt1+vqf2N6PZ2XiTS454J45I5f8AUy1y/irwHP8AvDbwV+Rf/BGL/gu1N8N5tL/Zy/a28R/8SeWby9H8WXf/AC6/9Mrn/pl/01r9zNM03SvFehW+t6FPbXNndQ+ZDNFL5kUsVflmZZLjsor6x0PWxPsMVDmpyvE/D/8A4OBP+CbFj4u8ByftjfCfwvL/AMJDo58vxhDaw8X9j/z2/wCusX/or/rlX4tTRGFtpr+yn4tfCux1/RrzSr/Sorm3uofLmhm/5axV/NJ/wWR/4J46l+xH+0E+qeGdNkj8F+J5ZZ9GMX+rtZf+WlrX1XC+cOq/q+I/7d/yPlcThJUJWj8J8ZQ4qxB3qPyPepIYa/TsNSSPOepo6beTWcouLefy5PO/dYr2/wCAP7ZnxT+BviOz1zSp/tPlf66Kb/lrXhcK/wAVXIO9b1MNQxGlQ4aj10P1A8Hf8HCHiPR9LjsdV+EnmSeT5f7q8r5I+MH/AAUY+L3in48f8L38D+V4f1CObzIfslfPQmz2qneZPU1xwybLqMZWgbUsTioz+M/W39ln/g428O6jYWfgf9rXwB9n/wCWf9uadZ/af/ttfdfwr/ao/ZQ/aD0H+1fhZ8VNE1e3lh/1NpN+9i/661/M6Y2HJ6Vt+DfHfi7wHqkeu+DvEd7pt7F/qbrT7vy5K+cxfDWHq+/R909WlmEov3/eP6O/HnhXSvtUg0TVo5P+uNc34J+IXiPwH4jjnN9LLbxTV+S/7PP/AAWE/ar+Gd5b2ninVbHxTp8X+uh1aH97/wB/Yq+zPgt/wUl+Dvxwu7e18R6HfeH7y6/56w+ZF/39irxK+SY/DrWPNExxOc4SjP8AeH6ofCvxt4N+P1pceFdVg/1tnXzX8Wvgz4q+APxfuND8Y2Mt94D8Ww/Yhdzf8wu//wCWUv8A0y/6a1ufsu+MDoPiiz1XS9cjuY4pv+WM1fUHxy06Dx58NLyDXNK8y3lh/wBTL+8rw8Xg/qdWMpL4j6jIOIKVaDoP3oyPzs/at/ZAg+LPwv1TwfNYxR3nk+bpt3/zylr8TPjJ8Mtf+H3i+88Parppie0ujbzA9petf0TeKteg0fRvInn8y3tYfL/ffvP3VfmH/wAFUvhx4P8AFF8Pir4asrazJP2bUUh8r96f+WUtcGHqVsFjLxj7kj9Ey6pRxuG+qTl/h/yPzt05Tby+Ys3TvFX6Hf8ABIz9uaD4LePo9B8Vanevp+pwxRXkMs37uL/prHXwDfaVNpty0QUoAfLkNdF8HtcPh/xzazxTyRx+dXo5nSp4rD86+KOqO/DZapVPqdf4ZaM/oQ/au/Zq8AfGHwHJ448OTxSR38P2mGa0/exS+b/qpa/E39sb9lfXfhT4uudXtNN8uzlm/wBV/wA8q/bb/gm/8TtK+JPwHs/hzqsMlz/ZdnF5PnTRS+ba/wDLL97Xj/8AwUs/Zkgu9Bk8V6Tpf2mSKH7NeWnk/wCtir6bg3Oq0GqNXaR+CcccMSyTMKlWjG3L+KPwn1Oy9/pWfN/yzr334hfs/XOmzatcW+r2xsLG78u0GoTeVJexZ/1sVePa74b+ySeRPB5UnnV+pTpOCvI+Xy/MaNenYw7PUp4Zf3FWP+Eqnh71Y03wrq2pyyQ2Njc3MkUPmTeTD5vlRUWfhuA+Z56/u/J/fVy1ZfubnvYSftcQoo0Ift02lxz+R+7l/eV1kP7QniqH4Z6f8OYL+Xy9L16XUbPzv+nqLypf/RUVfTnin/gmBdaV/wAE8vDn7YPgH4hvrUOp3O/V9JisuNNHmyxcf9Mv3UVfG+veG57OW4gn/wBZFXkfV1KrCb9T63EZbjcro+0eqkeiftCeNf8AhPrTw344gH7yXR/s15L/ANPUUsv/AJF8ryvNrYHxf8OfEP8AZu1Dw3421z7N4s8JXlh/wit3LD/yFNLl82K6tZf+msUv2Hyv+mUt1/0yrxP+2Ptmjf2UZ5v3U3mQxS/5/wA+VWp4b0uxvIrgz33lxxQ+Z/2yr08PhXKpeB8tVxtVKcZ/aOb1HU55pZPPrLmmrQ16HyZfII61lz9q6ttDkphRCT53Wo6IO9c5JJ/y1r3X9l34P6x8WvEn/CGeDpI5b+KKW8iSWXyxLHFXkcegynRZNTFxHi1mijnh8797+983/wCNf+iq7f4GeKdT8C+KrHxFod9LbXdtceZDLDL5ckWKWW5fjJYz2Z+k8HSoQxkKlb4T2j4kWfirw0/ka7BJ9oi/d+bLXN+D/GGq2es+fPPLLHX3L+1j+wz4kn/ZF+H/AO2bovjN/EmmeIdGgl8TxxadDG2nSzSf6wR2n7v7OP8AVGXHm+aR5hPmnyfjK88EQQ3VwLK+tovK/wCWs03lebW/EGQ4zE0faQfMldfNbn9D4DNsNiH+62Og1L4w+KtNjjuIL6WKvJ/i18Tv7T8yCeDypIv9dXQazr2lWfhaSCf97ef6uGL/AJ5V4P8AELWftt1IPO/5bfvq/MqmT1qU/ePE4o4o+p5a6FPrcz9Y8ST6lLJ59Yc15P5vFE01U5pm8ryvSu/D+4fznjsTWxVTnJJryq9FJD/rvxrdy5Vc84+t/wBjH9nK3+Nn7HXxc8S23g+O41fQ9W0uTT9S8smSOHyrrzoo/wAojXgE/h+7spRaSwyF/wDViv2W/ZC/ZfP7L/8AwT38L+D9XsfK1jxlD/b3iP8A56+bL/qov+2UXlV8Mfti/s6WvhXxA3i/Q5IorPUrzy3/AOmUtefgcTUr4t0ZbPY+SzDMKmFzKVLpK332PF/2cPjP4l+AHxN03x14RvHins5/MC+b96P/AJ5V+6XwP+MPhL9pP4L2vjLw1LtS5s/MMOf3sUv/AC1ir8DrjSEsZz5qZkI4NfXf/BLj9rm8+DvxLj8B+J9SkGha3IIm87/V29z/AMspa1zvLJyoXj8cdj43iHDOpVhjKPxR+LzX/AM3/gpx8H5/h78ZbzXbex/0e/8A3n+pr5fvfs95FJBX66f8FJvgD/wtr4LyeOPDkEdzJaw+Z5sNfknrOgz6bLJAv+r/AOWNejkeLWLwXJL44H1eVYyGOwcJo8716Hybr7PPBWfDNXQeNoYPt/n+f5nm/vPNrn+Ipq9tVGj6Kn79I2LO88mv1Q/4Iof8FzPEX7I19p/7Of7SeuXOr/Du6m8vTdQl/eS6D/8Acv8A0y/5ZV+UdrLhMZFbGkXmZowR+77UYjLcNm2H5Km48PmFXB1LrY/tM0G98K/E7wjZ+MvBuuW2paXqlnFcWeo2k3mxXUX/AD1ir5D/AOCoP/BP/wAK/tk/s9a38Ldag8q4kh83TdQMP721uv8AllLX5if8EL/+CxHib9kLxRZ/s2fHrW5bz4b61d+XZ6hNN5n9g3Uv/LX/AK9f+esX/bWv3/1KbSvEmix31jPFLHLD5kMsX/LWvxrPMkzDhzMbtabxkfRYfG4bMYWjsfxQ/FD4Z+Mfg/8AETV/hj460qSx1fQr2W2vYZR/y1irFhgwPlr9rP8Ag5Y/4Jg/6L/w3r8I9C/eWvlW3jy0tIf9bF/yyuv+2X+ql/7ZV+NVtZSyYwK/VeHcf/aeEhJf9vep4GPthqnIUIYaseX/AMu+PwrVTRSIv9T1HWn/ANgTxV9P7I8r65SMv97VeaGtk6RceVkQGqzafM38ArL2YU8QuhjmA55P61Lbp5sh4rQi0eSc7VgJeut+H/w21LxZqUel6XEPMP8Az1rmquhQXtKo62Op0qepjeGdBZ54zL/q699+FEMunPaw2k/lntiuO8R/C7VPAvi648Ni8juZLS9lthdwxfurqWL/AJ5V0Xw28QHSdcs7jUVP2SKbzGi/6Z1zfXqValzUT4jPJ1sYuWLP2B/YnvNV1Pwlpc2qz/62H99X3JZ6xpOsfD7yPPi/e2dfJf7PfxU/YC0f4YeH/EeleFb3UtUurOKOHQ/7Yl/0qX/41X0x4b1Kx1jw3JfQQxW0d1/y6Wn+qi/6ZRV+XZ/icRiYuc4OPK+p+hcFYGnhKcPf5pNHg+sQma6vLCeDzY5YZa/KT9oT4j6P4P8A2ofFnwC+JcscmjaxDL/Zpl/5Yy/582v2T17wFpWpafcfZ7iW2uPJ/c/uYq/AL/grb4t1Twr+2Tq/h690aA6hZGK4N3dWwbdHJEDGNh4HB/lWmVRhiIuM+sT9Chj5YPEqpH7MjivHPge40yS40eG281M/upsVy/hrTbjTtRhmit/3iSjFWvgx8cmu79PDXja0tZ7WQ7I7hv3Zif1x/q/0r6517/gnP8R9H+D1n+0N4c12xltpYPtkOnRTfvRF1il/6a1x18NiKEpQtofu/DlTD8SYSOIpfxIaf8E/TP8A4Jy+G/Dnwx8OaH9h1z7bb+I9Bikhu5YYo/3v/LWLyoov3VfQHx58N2PjDw5eaVBB/wAucsf7qvzL/Yo+P3iPxX4n0PxH59zbXmjeVZa9p/8AyyuovK/4+vK/561+qn9oweKtMt9Vn/e/arOKSGWb97V4HCypSVSB8H4kZFWdHmqfFLc/BX9r/wCFeq/Cb4qy2s1hOunapH9ps2uj5vlyf6qUeZXjnibQtF1Owkhn0TZOn/LbH7yv2h/bS/Yt0r4qRWeu2MFt5kX7u8tPO8r7VFXy/efsQeDtNuvsOq6HZRf9doa/S6XEkKOGhGpHmP4/zTAZnl+Y+zw8JS9D5N+G/wCxpq9/4As/it8N/GURvtp/tLT7i3imi/1ssXlSxy/8sv8AVfupa4L4w+APDNhZ6hN448FX3hzW/J8yGfSIP9Buv+2X/LL/ALZfuov+eVfpn8E/gRB8JdQkvtDgtrm3l/dXmnf8ut1F/rf3v/fqrnxU/Z78AfEjQZLKfQ5ZPNh/c/6H/qpf+eX/AFyqsBxBh6tbknH9UephqHFGCX1mesO2zXztqfmP8H/23vjV8DfhJ4g+D2lTx6l4f8R6DdaTNp+ow+bFa+b5XmyxRf8ALKX/AKa/9Na8f1jWNK8SWvE8Udx/01r7I+Pf/BOaDT4pL7RbG6sj/wA9rSH91/36r5b+If7LnxN8HyyefpUlzH/z2ihr36MMDiZe67eh9zlnGc69H2eJd/J3OD03wrqs11zYSV0E+g31np8f2a38vzf+WP8AzyqT4e3firwDd3E8EEX7r93NaXdn5v8A5Clr7M1S1/Yh+Ov7IXgvw74AsF8DfF3QkkPiQa0JRY+Kx5ksvmR3PleVFL5flmKKWKLrjzZcecfUp5di41IKlE7/AKpRxuHlVpvbU/PvXYf3vMNZc0PY16p8U/hjqugXUk88Hl153eWfk9axxWFrU62p88pThKxj0sR3HOKnmhqv5bebivO9kbn0t8c/2fPCOneJYPEXwksr6Lw5renxXul21/N5ksS+UP3Ukn/LX/69eZ3fhjWPBeppFd6TPFIOglhxX6Of8Ezf2hf2NtM+PPgzRv2s/AFveaNbzS/2BqmoKDY6fdS/6qW5iPEsf/oqvtr/AIK5fsDfsuftEfFvS7r4f/ELwr4d8S3/AIb+2jQIofKl1nyv+WsflRf63yvLr9QfEuTwzil7PDv3vtefyP0Sh7F4WKopx8/Q/EnQvjz8YLHwc3w50Pxjq8Xh+Q+ZNpMV5L9ml/7Z1DeeJNcvLXyJ4Iv+/wBX0h4J/wCCb/jjx1481jwr4AglvbzRv9d+5/8ARtef/GX9lH4qfA3WfsPj/wAHX2k/9hCHyopf+/tfp2Pz3I80w0MO6MfusebHOs1yrndOctTyfxIdWvNA/wCJfoclzb2H+umhs/8Aj183/prXhfjaf/iaSL5H7z/ltX354I/ZX+Kfjb4V3k3gHwBreraXfzRXt5LaabLLF5sUUvlfvYv+ustfGfx48K/2br940/7uSL93ND/zyr8E4/y3A0few8OU5v7exuZw/fnl8/amTQgAc1PBASfIau4l8B+GbT4LP43vdTuBrFzq/wBn021A/dyxD/WGvyH+GGHouakeb19hf8EYf2Gj+3F+2ponhrxFYzf8Ih4Rg/4SLxrKycG1t5B5dsP+u0vlxfQyelfH7oGkxiv6H/8Agg3+xdf/ALIH7DMnxF8ZWMdt4n+L01rrV35v/LrpcUX+gRS/9/ZZf+2tc2Y1pUsHNo5qaXteU9L/AGxrye8ik8mDyrfyf3MP/PKvzr/bA8Nz6z8PryxvoP8Alt+5llr9DP2kLy31K6kH27zfK/54/wCqr85/21/i1YabbSeFbO4xJL/yyri4Up4irVvM+Q4lqUaOLhUUbnxBLrlzq1yfts/+kR/+Ra09GaS3ulkjl8v5uxrhdckNvqT+SOsvFaej6/eg5M1feVKEqj1PIxOEdWhzQ6n7Sf8ABOf4qWn7QXwHn8FeM7n7dc2sP2PUIpf9bKP+WUtfml+2x8Mb74KfG/xJ8Mr2xli8q88zTf8AprFL+9ir6l/4I5fHzRPCkOqaL4yv47aO68r+zZpj5f2qXzZf/tte5/ti/sjeB/23bGO/0PVbGx8SWH7vTdRmm/dS/wDTKX/plXxUYVskzKdaLvCXQz4TqYbB5i8BjPdjN6SPxg8aK1zCmB+8hHl1yDzgMCW4PavoP4+fs4eLPCfjnUPh5rkPleINLm8ua0rwzxp4Q8ReCtbuPDninS5LHULWb99a3UPlyR19BhszhjaftIH63mXDdXKIqa96nP4WZovSOQf0q7p2t+Sw45rG8/2ohm9K76ONVJnztTDUqmh7/wDCa6tfEs1vZRzZnll8uGGL/W+ZX7l/8EQf+CgPi5dJt/2OfjPrEl3PpdlL/wAIfeah/rfKi/5dJf8Atl/qv+/VflT/AMEBfip8KfhB+2/c/EL4xaVZz6To/gq+mtLvUYonSwuzJEI5R5nHmeX5uK/aDxV/wUC/ZXzHNoeh2NzeXX7uzl8mKLyv+2tc/EHFGFzDA/UatCMn9mXVfgfLzwmZ5fmqqUf4f4M+sPiFo/hz4neHLzw74j0O2vtL1Sz+zXlpLD5sUsX+qli8qv5vf+C0f/BOrW/+CaHx6t7rwpZp/wAK/wDHMl1deCJvO8zHleV9qtJP+uXmxf8AbKWv22+Hv7d/wW8NxR/8JH4j8rzf9T/qpPNl/wC/tflp/wAHO/7d/wAM/wBqnxP8LvgR8Kb9tSk8Frql/qd3DGcebffZYoov+/Vt/wCRa+TyGGIy6talL1Pr8S4YmMPaR1PzQ0v46alaWEmmS6NZXCSxeWJZoOlJZ/EXTb0Rw/YPLk9fOrz6bGeRRX3FPNaz+I4/7Ow0vsnuPhy38Pa/o1xfHxHFbXFt/qrSUS/vf8+XWPZaPYXk0kVyskcn/LGuK8IeKtV8OXcer283/TPyZf8AlrXWf8JJqtno1nPpV/J5drD5f/TWLza5qmNxBz1MpjP4Hymr9ksdNmjFvP5knp/01r1f4CfHaD4eeKtL8VaTfW0WqWs3m2c13psVz+983yv3vm/uvKrw6y8YDUNQvL3WpEijezljk8qH/plLFFF5X+fKpui+KJ9PnkWCKPzI/wDl7mhilll/7+/6quKvW+u/u5nHLKYwleoz3/xp8X7DxjbyTQeD4h/x9XM0XneV5Vr5vmxRReb/AM8opf8AyLXlfiL4lWj2v2bTJoy0p5/56VwV94t1WxllGlX1zElz+78rzv3v/LL/AON1zt1qVxcTYBrow6WFhyRIqZTRxE+c+x/+Cdnx+8TRftIeCfhdouqvcSa94otdJtIJP9V5t1NFFF/5Fkr+iSHwefB/hKPQ4LiS5+yw/vpf+etfgD/wb2fs0618a/8Agoh4c+I17aSS6P8ADS1l8RalNL/qvtX+qsYv+uv2qWKX/tlX9A3xC1L+zfDkdjAPM/5Z18RxdmFWo4U/sr/M+ryDLaOFk5x6nn/jbWPDfgnwRqHj/wAcarHpuh6XD5mpajN/qrWKv5iP2xv2iNd/ar/aU8X/AB61u5mI17Uz/Z0Uh5hsIgIraL/tnFHEPwr9Yf8Ag4Y/bx1P4c/BSz/Yt8Daz5WpeN4Yr3xXHF/rIbCKX91F/wBtZYv/ACFX4iHcCCeldGSUFCh7Tuehj6i9pylyxmkt5/lB4GflNe/fsp/txfE79n7xRp08mtyXmlW0u2XSrsl4WT0//VXz2jyKRKrkMvTjpT/OlVeQcZyGNenWw9PEQ5JHoZFxFjsixSrYebi106Ndmup+1X7FPxe/Yt+Jfiu08T6BJfaHqkk3/ExigvM2pi/6aR/601+j0fxA+GR8GWdn4J8R/wBptYeVHNcQ2vlxf6qv5U/CvjnxJ4M1OHWfD+s3FrdWzeZBc20xjkjNfYX7LH/Bav8AaW+AWopY+K1sfF2lD/XWuojEh/7axV5k8JWow5YfZP0PM+NcHxPhUq0eSp96f+R+3XiT4kfbJfIvx/qv3f73/llXlfxb8M+HIfDmoeKrH402OiSWv7ya01byvs1eI/CT/gqb+yr+0vozxazoWs+FtTuYv3y6pLHJaR+4lMoNcb8ZtHg+MF/qg+FfiuXxJJa6b5l5aaJeRX3lf9NZYovNl8r/AKa114LCf2lONPm5ZHxGKwVHKZrEYmk3CX2lqR/CX/gpB8K/+EjuPB2ua5bW15FN5dndzfurWX97/wBNa+hNH+LVjqVrHqtj5Xlyw+Z+6m/dS1+L/wActHn8K+MtQggvvLkim8vUrS7h/wBVLWh8H/jb4j+G9rHrlj4jkto4v9TDFN/ra7ZZU07R92xNTMMrxXuQp2gftpP42sfGH2j9/F5ks0sl5af89f3tZ5+Bvgfx3YSW8/hyyij/AO2VfAfwB/4KWeFZ9LvIPip4cuYpIof9D1GKavoj4Gft1/A/WLqO+1zxzc21vL/0x/1tcUqeYYSXPTkN8K5ViowqpRPVNa/4JO/DD4q2H9rW9jbSXA/5Y/6uWWKvM/ir/wAEhdb+D1hJbWWhyX2ly/8ALH/W+VXWeKv28fhzo/i23g8G/EWKX/Q4v3s03leb/wBNa9d8C/8ABUa30LSbOPxVqmk6jHHD5hiuJI5JZYv9VX6Xw/xVjKVDX3+U9LD5HlODd4T2+yfnF8bP2S9V0exk0P7Fcy/uf3MM3+tr47+LXwm1TwffyWOraTLbSf8AT3FX7v8Aj39tz/gm1+0NL9g+Kng9tG/5aTXdrefZv/RMtfnx+3H4w/ZCOqR/8M9/EbUvEGkS+bHDpPizTft0UX/XKWXzZa+8pZll2a0f30OWfmcOd5BllXBfWKT5Z/h8j837zTjBVPyf3tdp4kOlXl/cT6VY+Vb/APPGH/llXL3kUEMv+v8A3dfJYqklW90/MV7srH//2Q=='}}]}], 'model': 'qwen3-vl:8b'}}
2026-06-26 15:29:13,544 [DEBUG] ThreadPoolExecutor-0_1: Sending HTTP Request: POST http://localhost:1234/v1/chat/completions
2026-06-26 15:29:13,574 [DEBUG] ThreadPoolExecutor-0_1: send_request_headers.started request=<Request [b'POST']>
2026-06-26 15:29:13,637 [DEBUG] ThreadPoolExecutor-0_1: send_request_headers.complete
2026-06-26 15:29:13,653 [DEBUG] ThreadPoolExecutor-0_1: send_request_body.started request=<Request [b'POST']>
2026-06-26 15:29:13,715 [DEBUG] ThreadPoolExecutor-0_1: send_request_body.complete
2026-06-26 15:29:13,731 [DEBUG] ThreadPoolExecutor-0_1: receive_response_headers.started request=<Request [b'POST']>
2026-06-26 15:29:21,078 [DEBUG] ThreadPoolExecutor-0_2: receive_response_headers.complete return_value=(b'HTTP/1.1', 200, b'OK', [(b'X-Powered-By', b'Express'), (b'Content-Type', b'application/json; charset=utf-8'), (b'Content-Length', b'3378'), (b'ETag', b'W/"d32-SEICAEaa6ixu2uRuqlfKnI5zago"'), (b'Date', b'Fri, 26 Jun 2026 12:29:21 GMT'), (b'Connection', b'keep-alive'), (b'Keep-Alive', b'timeout=5')])
2026-06-26 15:29:21,093 [INFO] ThreadPoolExecutor-0_2: HTTP Request: POST http://localhost:1234/v1/chat/completions "HTTP/1.1 200 OK"
2026-06-26 15:29:21,109 [DEBUG] ThreadPoolExecutor-0_2: receive_response_body.started request=<Request [b'POST']>
2026-06-26 15:29:21,124 [DEBUG] ThreadPoolExecutor-0_2: receive_response_body.complete
2026-06-26 15:29:21,139 [DEBUG] ThreadPoolExecutor-0_2: response_closed.started
2026-06-26 15:29:21,155 [DEBUG] ThreadPoolExecutor-0_2: response_closed.complete
2026-06-26 15:29:21,170 [DEBUG] ThreadPoolExecutor-0_2: HTTP Response: POST http://localhost:1234/v1/chat/completions "200 OK" Headers({'x-powered-by': 'Express', 'content-type': 'application/json; charset=utf-8', 'content-length': '3378', 'etag': 'W/"d32-SEICAEaa6ixu2uRuqlfKnI5zago"', 'date': 'Fri, 26 Jun 2026 12:29:21 GMT', 'connection': 'keep-alive', 'keep-alive': 'timeout=5'})
2026-06-26 15:29:21,186 [DEBUG] ThreadPoolExecutor-0_2: request_id: None
2026-06-26 15:29:21,202 [DEBUG] ThreadPoolExecutor-0_2: Raw LM Studio response received for F:\kuvat\test\89a2b4b4055943e8a232001d82ccd83d.jpg
2026-06-26 15:29:21,557 [INFO] ThreadPoolExecutor-0_2: Successfully tagged 89a2b4b4055943e8a232001d82ccd83d.jpg with ['Artwork', 'Distorted face', 'Psychedelic', 'Deep fried', 'Trippy', 'Creepy', 'Vibrant colors', 'Glitch art', 'Weirdcore', 'Surreal']
2026-06-26 15:29:21,572 [INFO] ThreadPoolExecutor-0_2: Processing c1684aa9e2cc4c61a47adf3563317fdc.jpg
2026-06-26 15:29:21,682 [DEBUG] ThreadPoolExecutor-0_2: tag: Software (305) - type: string (2) - value: b'\x00'
2026-06-26 15:29:21,698 [DEBUG] ThreadPoolExecutor-0_2: tag: unknown (40094) - type: byte (1)
2026-06-26 15:29:21,713 [DEBUG] ThreadPoolExecutor-0_2: tag: ExifIFD (34665) - type: long (4) - value: b'\x00\x00\x002'
2026-06-26 15:29:21,900 [DEBUG] ThreadPoolExecutor-0_2: Requesting tags from LM Studio (qwen3-vl:8b) for F:\kuvat\test\c1684aa9e2cc4c61a47adf3563317fdc.jpg
2026-06-26 15:29:22,010 [DEBUG] ThreadPoolExecutor-0_2: Request options: {'method': 'post', 'url': '/chat/completions', 'files': None, 'idempotency_key': 'stainless-python-retry-9028c1fd-ee06-48b2-ae79-bc6cae8174a2', 'security': {'bearer_auth': True}, 'content': None, 'json_data': {'messages': [{'role': 'user', 'content': [{'type': 'text', 'text': "Analyze this image, which could be an internet meme, screenshot, artwork, or photograph. Extract 6 to 12 highly relevant keywords. 1. Always include the image type as the first tag (e.g., 'Meme', 'Screenshot', 'Artwork', 'Photo'). 2. If it is a meme, identify the meme template/format, the main subjects, the core vibe/emotion, and 1-3 key words from the text. 3. If it is a screenshot, summarize the main topic or software shown. 4. All tags must be strictly in English. Do not use any other languages or alphabets. Return ONLY the comma-separated list of tags. No introductory text, bullet points, or quotes."}, {'type': 'image_url', 'image_url': {'url': 'data:image/jpeg;base64,/9j/4AAQSkZJRgABAQAAAQABAAD/4QBIRXhpZgAATU0AKgAAAAgAAwExAAIAAAABAAAAAJyeAAEAAAAAAAAAAIdpAAQAAAABAAAAMgAAAAAAAZKGAAcAAAAAAAAAAP/bAEMAAgEBAQEBAgEBAQICAgICBAMCAgICBQQEAwQGBQYGBgUGBgYHCQgGBwkHBgYICwgJCgoKCgoGCAsMCwoMCQoKCv/bAEMBAgICAgICBQMDBQoHBgcKCgoKCgoKCgoKCgoKCgoKCgoKCgoKCgoKCgoKCgoKCgoKCgoKCgoKCgoKCgoKCgoKCv/AABEIAaABoAMBIgACEQEDEQH/xAAfAAABBQEBAQEBAQAAAAAAAAAAAQIDBAUGBwgJCgv/xAC1EAACAQMDAgQDBQUEBAAAAX0BAgMABBEFEiExQQYTUWEHInEUMoGRoQgjQrHBFVLR8CQzYnKCCQoWFxgZGiUmJygpKjQ1Njc4OTpDREVGR0hJSlNUVVZXWFlaY2RlZmdoaWpzdHV2d3h5eoOEhYaHiImKkpOUlZaXmJmaoqOkpaanqKmqsrO0tba3uLm6wsPExcbHyMnK0tPU1dbX2Nna4eLj5OXm5+jp6vHy8/T19vf4+fr/xAAfAQADAQEBAQEBAQEBAAAAAAAAAQIDBAUGBwgJCgv/xAC1EQACAQIEBAMEBwUEBAABAncAAQIDEQQFITEGEkFRB2FxEyIygQgUQpGhscEJIzNS8BVictEKFiQ04SXxFxgZGiYnKCkqNTY3ODk6Q0RFRkdISUpTVFVWV1hZWmNkZWZnaGlqc3R1dnd4eXqCg4SFhoeIiYqSk5SVlpeYmZqio6Slpqeoqaqys7S1tre4ubrCw8TFxsfIycrS09TV1tfY2dri4+Tl5ufo6ery8/T19vf4+fr/2gAMAwEAAhEDEQA/AP088OXn9saDb6rB+6qT/r4/GsT4M69BrHwv0e+sf9XLpsVb95CPKr5+lVPzv2hHRDNUdHn+1d3tQLHn+1XIby3z0rL87ze9Sed5XetKZn7U0IZqJiZus9Z8OpQTd6l+2W390/nXTS2D2o+b9x+4zWfUl5N5x8/FV/3/AJP+orppVQqVSvN5Hm1H5HvVjyP9YZ6z9Smn02WOfH/LaumnVOapVI7u7Oj6DcTz2MUsn+s8mWvmvwU3iT4zeN/EkF9ocsWn6N/pNnDXsmsWeh+OP2pdL0K+1aKXS5dBlkhtP+essUVc/wDHLwR4H8SWEn/CD65LpP8Ayymmhr5nNMzdKdpnbTp0qtEsfD34kaHo8f2efSo76T/ljWX8QryfUr+TXIP3dxL/AK6Gsf8AZ18BwRXUnnz+bc6XZ/8Af2Wtj4qeG9W0fRvt03+sr2Mor+1hznlVfafw6hz/APwld9ZWkmK5+fxtPNqEcHkeX/02ovL2f+xpPtH+s9Kw9Hm+2apbwTn9551d9Wn7F+0pnLVqe0Xsz3j4G/Bm+8b39vrlhqv9myfY/wDTJv8ArlXk/wAQfj9rmj/tGap4V+GUEkWnxeVJNNF+682Wtjxt8ftV+GPgeTwPof8Ax+XX/LavD/8AhJL6fxbHPY/6yWHzJpa+bzXG+0qHTSl7GjyRO88eftIX3xI1+T4cX0Hm6hdfu7zyofLiiqvo+s/2PFZ6VY6r5eoWv+p8msPX9BnN/b+I9K/dXkX/AB+f9NYqx/ipBfab4p0vxFpU/l/aoa8ipt+7Mv4lPnPVNY8YX2pXUf8Awkc/+qrc0H4teDv+QH5H+kVw8PjbwBqctvP4xP8AqoYvOm86ug03wtofiS//ALc8AWPl6fL/AMtZpv8AVVyYLG4jD1jiqU/anonhW8ms4pJv9ZHVyabSbw/uIJfMrL8K+f8AZf7KE/8Aqv8AXV1E+gf2PDmD/lrX1+Gqe2pe0D2Rx8M19ZyyWNjB+7rQ0HQdV021k8+x/d3X+urpNN8Kz2d/9u8j/W11Hk28Pl2N9BHHHXTSxNP+GFPDHF6PoBvJc/Yf3dbl5oU8P/PPy60JvtE0v+gwf6P/ANMa5vx58QbfR7COHyP3lFTE+yD2djQ8NzWVmZINW/1ldJBBBeWvPmyR14Xr2sX3nf8ACR2M8v73yv3Ne+fD2aDWPDmnwGeOK48n9951c1LHHTSpe0MfUrz7ZF5EEFcfD9u8N69JBPB+7l/5a/8APKvVP+EV07Upf9H/ANZXP3mjwXl/cQX3/LKu2WOMquGrGf4b8eeI9I8T6ffzmOXT4pv9M/5619feBPij8PvE/h2DUvD2rWi2zxZVAwj2fhXxLqkM/hXVJJ74+bZ/8sa4fx38VNd0HRbzxH4AufKvLX/Xad/z1rpXs6y989HL82nlytA+3fg38NtC1n9pLx38e0NleRazpumaXaHyv3kRtvN80HP1i/Ku68N/Ar4N+FvFL+OPDvwy0ey1cjY2ow2UYm/77614j/wTS+P2tfHrwHreq61pUVsthew28MMXr5X7z9a+m65q/wC7nywP0LK68MZho1ZHn/x7+LWj/BHwTeeLvEdi89gPM/d28fOPKrE+EN/YTfDHQ/FvhjQo/s+oQ+bdqI8S+bJXffE74c6F8VPCVx4Q8RW/+h3X+up/hDwro3gnQrbwroqeXZ2MPlwxe1FKp7InG4WNaXvHB+Pfg5o3i3wfqGgabotrZ3F0/mQz+SP3UvmZ82t/wv4N8SDTfs3i/VLbU5P+Wc32XpXXGW3HR/yo+02wODMar2tZvQ8qnlmDg/fkeRaf+xR8DdPTVIbvwwlyuqav/aUgm/5Zzf8ATOvAtW/4IF/sH658bLz47XWj67Fql/N5s1pBqZji8z8q+3IdRgi6EfU043cJ6yn862WMxK+2dtLB5V2PiX9oX/ghT+yv+0HHZw3GuazpEVp92G0aKSui/Y7+CPx7/YS8HeOvhjq9jH4p8KaUftPgi7hi/wBKl/c/6qX/AL9x19eia2l+7T/k9qieMxFRcs3c9KnhcIl+7PhP9jf9j3wP4u/Z2uPip8Qvhh/Z/wAUvFF3fXs9/r9nLFNYXcp/dRx57D91Xh/hj/glN+09ofxguPi58bdMsfF0lpP5mnTWZ/0ry/8Av7X6keIPDOieKbL+zddt45ovOSXyj/z0jORV2OVZ/viT8a6KGOrYf4TGeDpOXxnyh+zR+318F/iB8Tr39n/UdH/sm60Gby7OHUIfL8uX0r2D9rnwT4R+Kf7PHibQvEOmxXtnLpEskUTn/lpXF/tifsHeCf2j9Jj8R6NO2j+KNLPm6bqOn/uvMl/6aV4v8Pf2qPinqXwg8YfsvweGo9S+JGg6PdWWnec37qXyvN/eyyVfJCvL2tPfqZynKnHkmeff8E2fFX/CB6N8L9KvdKltrfWdNl/0vyfKi83/AFUUXm1+iglPlR+f+7kr88fht8UPF/i/9mDwZ8MPFXwyudI8W/Bi70+88YzXcPlW0oH7rzYv+evm5r7a0HXpvElrHqv72KO68qSGH/nlRWpupucFWpTowPk/9iDxV/b37NPhvVZ4P+YbFXqkt550Wa8//ZF0ex/4UPpekwQeV+5ik8mu487/AEqOvgqj9nVPmKkPZFio4f8ATP8Aj3q5eal4c03S7jXNV/1dhD++rxPTf2wPhl4k8R3HgDStV/dy+bH51a0hnrkE0EMv7+rH2OCaKO4g/wCulcXrGsQeD4bPSoNW+0+b+787/W16R4b0WDTfCVvqp/0mTzvL/fV6VMDizr0GseLv+Ec08/62GtCab+zZfsM9aEPg+x0fxHH4jsbH95LXQaxo8Gpf8TWe38r/AK5VpTx1Gn+7D6v7SkYem6b9sP7g/u6j+MEMHgn4X6x4/sf+YNZ+Z5Nd58ONIsbuK4M8H7z/AJY1X+LPgdvE3wI8Y+GLe3Es97ps0R8r/lpxWq1f7szSvocb8NfBl748+Fvhv4g+HZ7eK41nSYtRvIb9yY/3v0qHQ9F8H/GDxBcz61pXmW+lzfZpoopvL/1VY37MXxAsPil+ypp/hzRLqW2vNC0GLSZoT+7liuoof/tkVdd+x/8ADjx94J+FdtrPxLt5E1ySDzL+0B6GvGqZpiKWL9moA6Sr1YRgcV8Yfgz8DNGtf+FpaRLeRa1532LTfJ1T91F/yyrwe81nVfCt1JYa59mit/8AltNNNX1B468Iaf4NhvG8dadFL9vvP+Jaf+eUssv/ANtrxP48fBmxvfMg8YQebeS/6mWGvh8+4jVDGclaBeJqPCMx/hjrHhXw3rNn4jsdctrnR7qby7ya0/e+VXqnx/8A7Kh8ESWMNjHJ5UPmQzV85+FfB8/w30yPwrOP9H/57V6x438YX0/gPT/CuufvI/J8v7X/ANMq+s4e4joVaOh5tWt7VXPG5tYn1KX9/BFFHXL6xNBZXdxe+f5flf6nya6jWPP1PWpLGx8ry4q4P7H9t8W6xpU8/wC7ih82GvXxvElGlROKpiTl9T8YWWpapJPfTy+X/q4Zqjh87+1LcQT4rDmmvdTvpLHMXlxTfvqJtY/4mkcEE9fH1c/o1pe8FKr7U9M0zxVfRS+RBb+Z/wBsa5+bxvfeNov+EOvtCk/137nUf+eUtdp+zqdK16/uND1UebJLNF5Pm1yc1nfab4j1Dw55/wC8sNYlk8r/ALa06ua0KFPnHSXxHN/2P+9kM9/9p8r/AF3k16Z8GPFU958Jby4/58Lz/VVh+D/Ctv4k1m4/cfZo7+b99L/01r1Dw34D8OeA5bzSrGxubmO6h83yf+esteIuKsspV/fmXyHcfCuaDWDb2N8PLkuv+W3k16pr2gaFpujfbr7XI5JP+WP76vE/AfjzxHqUV5BB4bkiki/d+d5NYfxC8YX82jXE9/qvl+VX2GFzuhi6H7gj36Z3niT4wf2bdR2P+tjrUsviF4OvYszz3MtxXzHZ/ELVZvMnH+rrU0H4nX02qR8xRx1nTzFqqKoz6g8HeMPDlno1xpU99+8rz/WLOfWNe/56R1l/DfyNSsLi+gn+0ySzV6ZZ6ZofgLQf+Ej8Y3Hleb/yxlpYnNpyl7MKX70NG8H6Fpttb+I/EdhJLZ2v+pi/561xfjz4/QXnxR0vw54V0r7Np8UP+meTXF/FT9q+DUvM8OaHBJ9jim/cxV5XrPjzXLzxH/athcRRSV1YGdasdqqeyPrTxV8SIdG8vyNcliko0f4neDptBk1XxHq17JeRTf6qKGvlvQfjBfaxf3HhXxVP5Uktn/ocv/TWvUPgDDzeeHPGN9HFqH/LaGau6tTrfYHGo6vxnSax8SIPiFdfYbKwlis4v+Ws37qvL/FWvX2gazJZWMHmyXU3leTXWfEj4tWP2r/hDvDmhxRSRfu/tdcPrENx+88VWP73ULCGWTyf+ete1galWrT984cQqKmfXf8AwSNu7E6X4y0zTb+N5FvYpZrTzf8AVS19mpqNt532Fr2PzkHMfnfvK/Pb/gkt4UbV7r4oSy65d6be6xZ2sbyW74kto/K4kjr2/SPgL8e/DHxAuB8E/iTf2mnRiKO81fxwZdTubv2izjyoq1xUnTmj9ByTE8uAiqcT6am1OASyZqjqOuRQwkluKzIhrOn28FjrBFxL5P8ApN2g8sMayPEl59i8yx82ub6zYWNxOLsW5fFwk6CoJ/Eg6weZXPzTTw/8t6jm1KeE5EFZfWud+4eB7TEVJHQReKpyKsf8JR7/AKVz8U3nWtFneedVqqapVzoP+EkvoZf9fVyHXtV83Pn/ALuub/febVz7Zceg/OtqVX2p00quKpfbOks9SnvP9fWnAPKfzYx2rnNHvD5XkVsWc3lV0KFWx6tCrL4makInaKvg/wD4KnzeNv2S/E3h39sj4a2lvHaw6xa6d4liih/1sUssUXmy194Q3kezOeK4H9oz4P8Ahb4/fBDX/hX4+sxLZ6pZyxnn/lp/yyrXC1nh6p616Venyny7+2h4q8KeJPhpqnxt+HOpW1zZ6z4Pi+2f2dN5ssvlS+b5Ule8fs0fFPwh8VPgl4Y8f6HPJ9nutNijlhl/1sUtfGfwM/Zd8Y/s+fALXP8AhYGqxXOl2v8AoVnp0s372WKL/VRV6B+z7+0F4b8FRXkHwysbb7Hqnlf8SmX/AJcJfN/e13fV/baKR5mI5Nzc/ZXht7z4QaX5E8VtJ9j/AH3nTV6J/Y9j5X26C+j8yvjv9hv4heMfG3wLt4J5pftlr5VtX2B4D8O6pd2EgvjJJHa/67mvzLm9pW/dny+IjG5Y02z8Halpd54b8V2Mklvdf88v+WteV6x+xb8FYPtmh6vocmkSXXmyWd3aXn7397XrGvefoNrHP/x7fvv3MNed/HLX/irrFtnwroX2mS1/5bS/8sq6VmNHDS9nUNY0v3JH8Df2aYNGks9D8feJJNb8N+HP+PK7m82O5ll/6a16h4ks9VvPEdvBpXlR6X5P/Hp/yyir53/ZR+M3xi1L4g6x8MvibPLfafdQyyWdp5Ply+b/AM9a9s8S+JPFXg+10+4ng8z999mvLSH/AJa+b/y1r0KmIjVo/uxT/hG5NqV9pv8Ax4mOWiz8VTzS+RqtjFHWfeal4cvLCTXPDk8UskX+uh/5a1J4bvIPGFr9u8jyo4v+WNfNzqVadfn5h0va+yNzTvEdvocnnWUH7qvUPCMdvf2CX0SY82LmvH9MmnmN5pU/73ypvLhr1H4Y3Svo0dkR+8iilr6rLKvOjfAUoTxVj478H+KPB/8AwT28FfGb43/GS3jtNJuPifKfB2jzSiOS6HkxRRCLPr+8/I14N8Zf2/f+Cjhlk+JPwp8S+GtD0u/zc6b4U1bTf3sdqYsxxf8AXWuP/wCC0PxE1b40/wDBR3wv8CJr7zPC/wANNBl8T6xp2P3UsvmxeV/5Firi/wBsb4u+OdG+L+h6r4Vgtv3um/ZprSX/AFUX7r91LXv4LLaNafPUPXp0KOGdon1P+yF/wU0tP28tFk+Cfxd0mLQ/HmlzfaZh5PlRXXlf88q9JE0/iXxHJYa5Yxy3Hky/Y4pv+mVfkf42s/FXhvxRpf7RnhzVbm28SeF7yK91LyZvK+3xf88vKr9OPhj8Wv8AhoT4LeH/ANprwB+71iwhistSi/6epf8AW/uv+uVflvH3CsatT2sDxs1wzqr2kSv8TtNvrOwj8+3/AHkv/LGufi8Yf8JVoMmh+MbH7NHa2fmQy16Z+0VeeHde0aPXdK1byvsEP77ya+f/ABVr3+jf2tb3vm2d1Z1+eZZ9cwFKdOmfJVL0qpT03WLG8lkvdK/5Zfu5q1PB/hXQvEl/qGueR/rbP/XV5Xo+vf2PfyaVBffu5a9Y+Et5b2fhK8n8+OL/AJZ14Wa51mtN8hn+5PF9A02xs9Z1yf7P+8imljri9HhE2vSQeRJ/rq9E8V6Z/Y8Vxq3nxeZdTS1xZ1K3nlj+wnyv+e0tedg8fm2Iq/CdFH2R6J4Em+x6zHceHJ5ftkU3/kWqfhvxT/bHjPxRfX0H/Ew/dW3m/wDTWuP+GOs303xpt4LCf93LeRRw/wDTWWtDTden034q+JNK0nypdUtdS8y8/wCmUVfZ1cNmVbLdTpqUz1Cz0C+0bw5b+ffeXeRfvJqp/wDCyNcvJZIINV/dxf8ALWs/x58VLLU/CUd9/wAvkv7uauHh1Kez8Jfbs+XJLDX5VUyjHyzL35nFznqGm/tFar4J8yCe/i8v/Wfvqk8eeNvAHjbw3b+KtK8yTUJf9dD/AMsq+b/Enn6lrMn26f8Ad+TXSfDHXvJtf9R+7i/deTX7nw7g61DBxPRw0uY7jTf31r/0zo8kfarf7DR/af7rp+7+tV9B1Kea6rrrYnEUq3Ic9S1+Q+hPgnZ6V4J8L3HivxhqsltbxfvP+mteP/Gz9rO++J2syCfzZdLsP3cMMtZ/irxvquveFv8AhG76+k8v6153DZ2Gj3Umlz2P2mP/AFnm16eUYatWre0maxpUjQvPG1xNa/aPsMUUctc3qXjCxm/cHzfMrP8AEuuwandfYbH915Vc3rF7BD/oNjP+8r9IwmHo06J0fVjvPB/xT8OeG7+3g+w+bcRXkUk001eifFT4nW83xBufHGk/aYpNZs4v9T/yyrwfTbMQ2Ek/keZXql94kgm0vR/+efkxVjV20CmekfDHR/FVloMnir97cyXX/P3DWpZ+Pv7Bv/8Aia+HPLk/1cP/AE1rPs/2ivOij8N6X/q4v3fnVT0fxlB4k8ZWf9uweZH9s/czVz4Z4qk/fPLxlOl7Y+hf2U7P45XniLxbB+zVrmgab4sTT7W41AeILcmL7NLzF0+lfXXwQ+PfjbWbT/hWfxr0oab42tofNudtnLFY3Sf9MpK+ZP8Aglr428N69+0b4xurj91qmq6HFbiE/wDPK1l/+219r/ET4ZeE/ifo62HimLzDF+8hniby5Yq1xFWpbmPvMjjbB3gYV98X9c0O/Nr4v8G/6Lt+W50yb7R/5Dre1W18N6paHW0k8yPGd8LVzGmx/DLR3k8OXGstHd2EP777TN5RlrU0rStC0yCTU9NWSyWX93NYyf8APWua86tI3nOrb94cVNqX9sfaL6DzYvss3lVcs9S+2nM9beo262v+g3tnFHHL+8rA1Oz8OdfPli/6bV4lSp9Uq+/M8mPxGhD++l8j/lnViaHyf9RPWPZ6l9s/4lMH72tCz/49fI/5eP8AnjXq4bGqt/DN/Zlz7Z5PNSRaxb/6jFV/9Cmi/f3H7yo/trf6jyP3f/PWuwPZmxZ6lBDLXUabeQXlrH59cHo83+sNdZo83kxR16FI6cPubEP+u/GotehvZfDl5BBOIrj7JLJDN/zyqzB3qxZ/vosTmtD1cPH3z4D+Bv7VPhv9rr9nPxZ4c8caVJY+MNB+1ed9rm/1vlS/8sq+f9H8B6roPjzS/FWh6rJH/pn77Tq2JtSg+G/7aXxQ0OCxitvNmikhiih/deVL+6rQ1Kaezlj1UHzZPOr18LTPPr/Eex/8E4/g1pGr+CLPxO0gt7TyvtF3AP8A0VX17rHge9l0eSy8G6rFp8mP3c+PMr42/wCCbn7Pnx38JWJT4pfEXOjyWXl/2HaQ+V+9/wCetez+K/2Z/DuualINd8UeLNQzLwbbxddW3lf9+q/OMCsPSRwzq0KVL95AwfjR8XNO+H3iCy0P4iy21zqlrN++l87yopauf29rnjZo9c0vTLb7P5P+qimqT4ofs0fAL4q+GIPA3xV8GassVvD5dtqsOrSyXL/9ta5LTP2A/FHwpsLjVf2efi3czx/8sdP1e4llk/65eb5tebisAsVifaRLpzoVY3pnMeJ/iN8LdO+PHhz4p3er/wBiR6NeeVrEX/LKWKvpbxHF4XvLeHWrgxyR6ja79Klil9s/1FfOf/CB/s3/ALSPwv8AFPwPsbfQpfHkQlj1G01ab97YS/8ALKWvV/gN8Or7wD8JdB8EeP8AxRNrc1jDLb2lrLb/AOr/AOeVejTw1aELEOn+5LcV94Vx5E+lSW0ctZc1nffD3VP7V0OD7bp8v/PL/llXUXnhuwtIrixvYZI7iLv51Y+g3sH2qPSrGbypK4adO9bkqHkuVbk9mdJ4V02DWJY/EljBH5cv/Tau5+H2oG51eS3MHl/JLXk0+m65Z6/Jofgf93JdTf8AEy/6ZV3vh/UNQ0jx3omlRt5kUlrdfayP+etetgatGliPZwO3LYulVhOofjN/wUp8aw23/BQH48eIYLjzbiWXw5oH/XKL+1fNrL/4KEalP4V8b+G54P8AV3VnFJWX/wAFjPCs/gn9qn4uarPB/pl1rGjat/2y82o/25dSn+Kv7NPwr+OGlfvbe6s/s001fc4Kr+7PpP3NY8Th+M2ueG/iXHPqsH9reV/rtOih/wBbFX2R/wAE6/jxpfwN/aC8Ufsyky3Ph/xvpstz4b/6a/6r/wCO18n/AA3hsYtZ0PxWbHzf7Us7qymm/wCeUsX/AO9ruIdevvg94y8B/FyCD/SNL1KKL/prFF5tcWe0aWLw1jKrT/c+zP0g1iGxs9LuPCuuWMv2j97J5X/bKvmf4k6lcWfhe4gEHlxxTf8ALWvsD4heKrHXtL0v44aVP/xL9e0eLzpv+esstfFf7VGpWN7a3GhCf/j6m8yvx+jl9KljZwmfHYnDUadY8ng8YTza1bwW582Tzq9w+EnjyDXvtnhyfy4pPO/c18l+FdSns9ZuNKgnk8yL/UzV6h8GfFX9m/G/T55/3lvLN5VeFnuWUJv3DhWHpVKvKeiftFXkGm6xZ6JokH2n9z5leT+G/FUHlapPfTxxyRTV6h8efDc/jzwHcT+HJ/K1C1ml/wC/VfNZs76LwFJY31/5dxLN++u/+etd2TZBGpyM6aeCOs1j4war4Dls9d8OCOS4sLyK587/AKa1HefE7UJr/UPibBYxW2qXUPmzSwzf62vI/Ek32O1t9K8/zY/O/fVoXniqezij0qCfyo5f3c1fodTI6MsEel9WtRPZPh78QrjxV4Ys59c/49/Olk86u01K8sdY0GOCCeWKOL/ltNXj/wAH9e/tjwlJ4cg/1dref8sa9g1PR57PwJb2+PLj8n99LX5HmuU0qGYngVaRyc0ME0v/ABKrj7TJFUnhuafR7X/nl5s376rEMNhoNjHfWP8ArJap3k0/2rz4P+WtfaZRWf1P2cIHRSq0aVE7zTdSgmtMTz0C8gg/1E9c/D580UfkVch/0OWOud0L1v3hzanSWc0E1hH9vgri/EesW/2+48gV2GvXn2O1xBXk+sal5GqXE99/y1r38tlRpUzb2jMsf8fVxP0kquPCerf6+CCKWSX/AFNalnp2u3kv2ex0qW5k/wCmVeufAD4M+KrPXrfxl4ysf9DtZv8Aj0mhrtrZxSo7TOyn7aXwnmep+G/FXhvwl5GrQeXcS/vP3v8Ay1rLs9Y1U+EdP1WcfvJYfLr2D9q7xHqvjbxvZ/8ACK6HFF9lh8uGH/llXP8AwZ+EHinXftEHjGfTdN0+1/ef6WP9bWuFzal7L2jNfZOkHw202c6d59/+7klrrLPyNNu44L2fyo/+W0uK0IfDfwx0G68jXPipbXP/ADxhtIa5v4keN/B1n/xKj5tzHFD+5/6a110swp4tnm1MNVlWPav2JdS8G+Cv2jPEnxO13WLiKPRvhjf3v9n2115cksUXlf8Ax2vStC+Jsvwg0qP9rTxPe+MfCceqXktnpvg3UdYluYpYpf8AVS+VL/z1rzj/AIJyfsEx/tbfFG//AGjfiB4s1Kx0nQof7FGkafN5X2+L/W+VL/0yr2r9qH9nP4taj+1J4f8AiT8UfANlq/hOLTf7K0fSdJvJZIrCWL/VS3NaY7DzqUPdPqMupYjD4TmPSfhZ/wAFAIfE9hHN8Rfg7eC3A/4/rSz80V7TovjLwT8ZrL+1fBOpt5kUfmSWUkXl+b9a+cvh7rOq+JL+80L/AISnwtY2+jfu9Sm86vS9Ai+DWi6v/wALA8CfEq4vJfJ/1NncZilryaVathaP702w9bEYmp7OaPXL3S9W1DR5GuDgzQ8Qn/lnXjmveJf7Hlkg1zzf3Vc7Z/taeLfEmvXmh6Zq8UccUfl+dNBXG+NtSvpopL/XPEcv73/njNXgY/FUalQ7YZfUqfCdpD8bNK8N6rHPYW8sscteueD9fHj21j1zwf8AZrmTyf31fLdpqXgfTbXGq3Elz5v/AC286s/4ffGr4p/CH4vWfhT4BaHFqWl3/lR3kUv7zyoq6spxEKk/dO15X7On+8PrDUptVgupILGxjkk/5bfvquabeTy2HkX0H7yKtTUpvtlrZ65caV5eoSwxfbP+utU7yaDzf3H+rr7PD4f7Z5tShSpVSTTO9blneViQ/wCp/CrdnN5MWSK7RnWabd57fWtCzm86uXtL1fK6VuabN50UdVHc68G/3p+YX7ZPhs6D/wAFAPEc9pB5aXVlFKT/ANtaZpogvLXz5/8AVxTV2n/BRSyuNN/bIkn8jy47/Qf9dXF6DZf8SG4sV/57RV7tCpagRVp/vj7P0my1rSpbf4lav5VlcS/8ukQ/561dtNfsNck8nSp5ftH/AE2rzuz+J3/CVeI5PCv9q+b5UPmWdbmjzTzyx2ME8UV5LN+5mr8Kq4jHUvgPla0niJcrNjXtS1vTv3GtmTy6x7bx/wCKNFvtnhnU5I4ov+XOYV0Oq/Ebw7fWzaBNex3N7bTeXu/561x3iTUtC02P/hK7GeLzLX/XWktYYbF4+nV5+YqXLhlyQPnv/gqf+yT4j+KXhmz/AGif2XdKubL4maXeRSXkun3ksX2+L/prXT/8Ewv22vFX7Vug+H/BPxQ8J6jaeI9GgurLUr/7D5cXmxf9NP8Alr/qq7n4wfE648H6NHrngC+ll/tnytOhitP3v+lS/uv/AGrXd/BL4aeB/wBn/wCHGjfCzxL4q0yx8XQQf2teXYxGJZP+Wp9/+WlfXxq4ivgvaM9bAVIzjyM7nUNKvFvvL1OGRnb92GFed6l4bvfC3iiSe2/e3HneZ5Nbvhr4u+OPG73Fx4c8P22raLDPLF/ben6hFJnHtWdo/iRNcubg+HmkvdYi/wBfF/y1r43E5tjVV5IQLq4anDY0vFum+LJPCTeJPAUw/tJv+PoHvVDTP2grDw1qOieGdYsfN8T3/mxQ2ma9K0zW9DlvP7Ciu41vMEyW4P8Aq6+d/BngzxN47/ai8deJprCRdDsF+zQap/yz83yv3vlSV6OAjXeKhUOOSqU0fEX/AAWB8I/DTxZ+1feeGNSa5l1TXfh7dXupWnk+XHL5Vr5sXlV83/s7ePNV+IX/AASruPAEHmyyeCPG0XnRf88rWXyq90/4KT+IX+JH/BSb4b/E7R44pPD8vh2/8KTTRf6qKWWKKKvA/wBi3w34x8BxftAeDr7Q5LHwv/Y/l6lLqMP+t8qXyopYv+/tfrGGl/sp6+CnSjSM/XvCt94DttD8K2Oq/wChxeKor2aWGb/W17R+0t+zGJvDn9q6H4qiubeWz/fed/qoq8r+OWm/2P8AD63gg0r95FNF5P8A1yrvNN+M0+u/Dmz0q+n82P8As3/UzVw1avtf3Zl9d9pVPrT9l3xhY+MP2MbPQ/EfmXMejalFbfa/+eXleVXyX+1Rr1jZy3l9BfXP7rUvLh87/nlXon/BPH4heI/GHgjxZ8JJ9c8q3/tL7bDD/wA9f+eX/oqvK/2x4Z5tZuMf8vWmy3P/AH68qviq9Kn9e948jG06PtTzvwfps+sRSeI7H955tdx8GbPzPG/n33/LKuD8B6kdN+H2n2MA/eS/vK7z4M2U82v6hfQT/wCqr53NaPtK1zzcHH/ajqLzxJBZ/ELw/PpX2mSzutYtbbUoZpv9b+9rD/4KEWfhTwfFpek+HLGOxktdSuo5oov+utcv4V8Rz/8ACUaPpNxP/wAx6L/0bVf9vbXp9e+NusQefF5cWpSyfvq+zyHDQhhoHrfuTxO88Sf2lL599B5VV/El5P5sc/26KOsfxVNP9qt5yP3f/Lao9evP+Jpcef8A6u1m/c19ZKyo8p2Knz0T6I/Yns/+Ew1640qeb93/AKyaavZP2ufGFh4P1nw34A0KfyvKs4pLyHzv9b5tcX/wTl8Hwalp+oaq0Hlx/vZJpv8Apl/ra8r/AGqPHkHjD4+6pqvnyeXFD5cP/bKvy3FYH61mUj5mrS/fHWa/42xL5EMFaHg/4naHeCPSp/L+2Rf66vE/+Eqn82OCuk+D+j/294ykEH/LKbzJq9Wpg3g8H+7IpYJ1Kp9EfCvTRr0VwYJ67Cz8N6HDayefPLLJ/wBca4PQfG0PhXxH9h0qDy7eKtSb4nXs13IIBH5dfA47F4723uH1+Gy3Cex/eGf4k1jVZpZIND/8jVn6B4bn021+3eOJ4/3v7yGtTUoRrDf255//AH6rn9S1iCa18jVYZJa6cFWzCroZ1MDgzcs/id/YP+g+HLH7NJ/z9w0al8VPiNqQ8ifXbny/+u1cfDZwf8f1jP8A9sar3mpX03lwV9PhMtdWHPVOKp7GidB/wmGuePLqPyJ5I7ewm/fV3mg6bBB4Skn8R30lzHL/AKnza8/0HUoNN8G3mq/6qT/V1sXniS+vPAVnpFLMl7GnCnTOb6zRqsw/Eup6Ho9159jB/wBtaw/GGj6rr+q2euaHffvIofNvKj8SYhv7OCf/AFcX7ytTwH9umtdYg/5aeT+587/nlX0uV0IwhBxMqdo1j9Rv+CCviC+139jrWfE2rvH5l342uwJIu8cXlR/0p/8AwWM/ap+Ffwr/AGfz4M8S+MdQ0HULqaK9tZrS28wyQxebkfpVH/ggRbpP+wfd2cA8vPjC/wD/AEbXz5/wW217Ste/ag8J/CTxHYxSWd14VupP+2vm19BWnGOh7+IxFSlh4Rh8J7Z/wTQ/Zy8MftNfsZr4h1rX9ZsYde1GWQpE0X/f2ov2hP2B/wBoP9nDwPdeM/gR8TJvEmn2S+deafqFtFHLFF/0z/569a3/APg3z8UXmp/sW3nhvV8+Zo3iq6i/eV9y6j5F7avbzReaMf8ALWsKmCw9aGp6ODnRhh41Ptn5cfDj4d/tTfFTwNH478G/CfzEM3lzQ+fL5vm12Gg/BX9sSaKSXxV8EpLazih/fedNX0t/wTl+J+qfED4f+J/D3iWaOXVNA8b6pZSyxQ+X+680yRfoa+hpSssPkGvL/sDCTO+Feo6PtD84/BH7EPxp+OM0niOfxV/wjdvFN5c1pN/rYq+oPgn8B/Cv7OugY0qxtr3WP+W2rSw/vZa1vhNIJPiF8S9OSf8Ad2OsWscH/TL91W9qUM8MXkV6GFyfCYQ8atjq1Ur3msT3kvnzz1X8/wBqrz9qj8/2rv5DmLkM1XIZqy4ZqsQzUGh0FneVsaPeDzfIrl7ObvW5o8w+1R4FBdL+KfF//BUSGCH9oLw3fQL+8l03y/8AyLXmfhrOfP8A+eU1esf8FULP/i7/AILvsfu5YfL/APIteV6PDmx+z5/1t5Xt4b+Ea1Kf742PB+sfFvTfiNpfjHSvgRbabpcX/H5NFN5v7r/rlXafE39oTxH5Uc+h/DHUrKSKb/nzl/e17xLr/hzR7aTVdKvbaK4/1cOk+TVPX9Y1zWNGuIILGOLzf+eUNfkdfkpy5ZnydSrRTPnfwf8AEf7ZL9u1zStXtpP+e0Omy1uTeMPA+peMrf8A4SOfW5NP8mX7Zd/uovK/6616552q2fl2M89jJcS/89rOKSub8bfAfwr4q/tSC+glttPlh/4nEMM3+trKnh4MmnXpzqnm+j/tdeAfhV+0ZGnj/QNE03wXa6bLJo+oyXnmSxXX7r975X/LKn/HH9tX9kHxBZ3nxm8O22rfFTX5YZdN03wl4Ht5ZL6X/rlXwZ4a/YJvtN/4KHW/7PH7W/xG1K98D69pt1r0Oo2mpS+VFF/rYoq++Ne1zxx+z58ctLvv2NfAGgXPgOXTYrK98mzi82WX/nr5tfR06lKlg+Q+qwtCi6Nzhv2aNL/bD/aK+Ct38Pvh34N0T4J/8I5qUsum6dc6jLLqcvmy/wDL9F/yypni34Rf8FcvBM9lpFt8TPh7q1xPd+X5sUssUv8A38r6u+Fl78M/EfiPUPH3g6S50TxNf+VHr2n6gf3svlVV+M3xr/4RX/ih/AHh2TxB4o1T93Zw2n737B/01l/55VwUaOCqKUpGWIqL+HTPlP8Aax+Pfx2+HOl6H8FvhPrmm+HPihdad/xUl3eTS+Vdeb/y182uz+D/AMJP2gv2av2f9L8S+P8A4s+JPElr9s+269omkwxXNtFF5vmyyxSxf62tn9qax0P4U2vws8R+P3j8R6pqXiWK217UbuHzP3X/ADy/6ZV7h43+JHhr4WaPJ54uf7PH/LpDN+68qumhgY/FE5sRUpUj4K/4KAa5qHj/AOE/wx+PMXwUtvDejnxLFqV2LSz/ANRFFdfupbn/AKa1U/bqvfCt58G9cgg0OWS48UQ2tto8sUPl/uv9b+9irzv9s7446Xrv7TPifxxaWcd34c8R2UUcOjajN/qv3X72uo029g8efs++B7GfXLbUv3P9kzahNN/x6yxfvYvNr6DDyr0oEUnD4jxebTYPGHhLGqQf6qz8vyq8r028gs7qPS4PN8vzvLr6A8VaDB4burzSjPFJJFD5c1fP/iuaf7VeQfaP3kU3m1w4CpUliZ+0N6FOFTmPUP2Odeg8BfEvxRALjzZLWz+0w2lp/rZa7D9pCz0PxVqFv4q0qeW2j/4RvVJJrTyfMlirxf8AZQ1ifQv2x49cgn/d39nFHN51esftaaRfeCfCWlwWF9+8/se/tppv+evm15+Ow6jjoyPNxFL98fL+jeK/7Smj8if/AEO1/dw+dDXunwkgv7P9n3XPH8Fh/plrrEX/AH6r5n0GYTRW9vY/89vLhh/7a19ueItTHww+A8fgDw3Yxy6hrNnF9smlh8zyoq4Mfgo1Ga4ajSpzueJ+A/P1L43aHpV8PMt5bz7T/wB+v3teb/tX/EL/AITD4q65qsFj5Uf2zy69M8HwwD4q6ebH/WWGj3UleF/FD98dUuJ5/wB5LqXmf9da9vJ6fJDkD9z7Yx/J+2eXBPPWHr15/pVxY+f5sktdRrAuPNjg+z/6qrH7Ovw3n+MHxut/DZsfMjsLyKS8/wCuX/LWvYxk/ZYfmPSq1KVOifYnwxvLf9m/9kvWNdv4PKvNU02L+za+O9Y16fxJqlxrc8H7yWbzPNr6E/bY+IUGr+I7f4O2N95mj6NZ+XDXznoNnqupeZBPB5dv51fLYSFH2ntKh4vIjH+2X39sfYfPl8yX/U19Cfs9+CdV8K+EdQ8Y65B/pEs3l/8AbKvJ/wDhG/tvi3R/IHlx2s0XnV9kanpulan4It/CulX1jbR/Y/N87/lrWOb4uHsrUz2sHTo1eWJ5nrN5BL/pHkeV5X/LWuXh8YT2WsyW/wBo/d16R8SPB5m8L/brGDy5PJ/fV836nPBZSyef5sklePhsJQrw1OzGUvZI+mPAfjDQ7zRvIuJ4v3VY/iryP3l9B/q68b+BvjWc/EH+y77/AI94v+WNeyeMJv8AiXSQf8tK76OXUaVQ8qpV/dGHZ6kLOKS4/wCetZ95rHnS/uLjy5KsTTQTWscE/wDrKw9SvIIbrr+7ir16WGPFqfvaxsXus+To1xpUN9L5ktdJ4J177ZF9hnn/ANVDXk8Pir/iqLzSftH/AFxqTw348/s3xRcaVPP/AMfX+pp18D9Zjychp7KJ6Z4ws4LyX7d9ui8utDwfZ32pWFx9h/dSfY/L86uPs9e1XUrD+yrHSvtPm/66bzq9E+HsMGg+HJIJ73/ljLW+HwOIoNHHUlWps/TD/gh7o66N+xfeW2/93L4wuv8A2lXzN/wV78J2Hjn9u3wvbWWrW1lcWug+XD5sPmfuv3VfSn/BDu6Kf8E89B1C4b7S95rcuP8ApqT5VeAf8FSobHR/24dP8VX2rSWOoRaD5cPlQ+Z+6/dV7lP+IlUifTU5e1wsPaHsP/BEO0tvDf7Pni+8hvkk2+MLqOaJYv8Anl/y1r651342/C2z0GXHxB00CWXy8+d/q6+L/wDghld6dp37NHirxhrnxSmNrL4zu5dRs5RF5VvL5sn/AEy/6Z/pXrn7SX7XP7BesaHrPh7U/FugavrUVjLgWkX72L/tpiuPHyqwn+7O/BwpRWpwPwH/AGg/hh+zt+3D4o8LaXrcX/CMeNjFLbzed+6iuq+85poGtI5wfM83/VV+CHw3+OXhWz+PviD+3Iftuhy6bFJps03/ACyl82Wvvz9i/wD4KxeENakg8G/FPX4ns4ofLh1GL/ll/wBdaeHbtqej7Sly+zPpP4e6baaP8aPiVZW2oRy3E81heyxf88v3NbuvXkE1rXwef+Cj/wAK/wBmP9pvx54/8f317faf4jniks/sk3/LL975UVdpff8ABcL9m+Kzjm0r4I+KdSg7RWnlS1VWqebLBVpL3D6c87zparzf678a+Y/+HvXgfXv7Pg8Efsy+Lbb7fN5f/Exhi/e/+Ra+lNB8SQeMPC9n4jt7D7NcX8P76H/nlRSq/vjmqUq1H+IXIZqsQzVlwzVchm/dV01RmxZzd66DQZm82OCuThmroPDc37yP0oOilTPl/wD4KozW83iPwfPn9553/tWvG/Dc+IvP/wCeU1eyf8FVoP8Aio/A5P8Ay1mrxeGH7HpcZz/rbyvbw38I0qU71T6/+IXw+t9S0v7P4STzr6xnikmlzWj4bm/tKxkggsP9Mih/fQ1hav8AsV61p2nXGo+DviVex61dfeurueWWJ68K13wV/wAFN/gtfX2jfDHT9D8UXd4fl1bUf9VFFX47iMBXp1ueoeA8FyfHA991HwlrVk1xr+q6KuyL955nn1u+DPCdp400mPXJNTjbSpQPPkEv+t8uvkq48Y/tzaP43h8F/tbeN/B3hLw3fw/aZtatbj/VxVU8Vfsx+MdY+KNv8OZ/2ktb/wCFb6po/wBps9QtNSltpbqX/lr5X72vUo5fz0+cMFgYwrXqI5P9sD45/B74b/FXVL7xJpMXi3S7+b+xdBtPD3+k337391/yyruPBXxA8f8A7Fuh+G/hbq/hW+8SeE9e/eWerQ2fmS6DdS/6r7T/AM8ov3v/AJCr3r4G/sL/ALLn7NOi2d58OvDMWpXcUssst7q159tllll/5a+bLXE/HP8AaE8K6BrN54A8K/DK+8d6xfzfZteh0maL/QIpf+evm13KM1R989epVo/w6Z5X8XP2v4PgnqHiDwr4p8PWXii4+xxeTd+E7zzZYv8Arl5VaH7Fv7Vn7OXh3wlcW1n4q8R+EvFmqQ+Zea58TrP7NFf/APTKKWWq/wCwV+y7+y9eaPqnxFtrux/tSw16607WNE1HUv3sV1FLXrHx9+G+h/EiO3n+K/wK0258J6DN5mmwy+Vc3Msv/LKWvNo0orm5jGnTVGZ8d/tUfE39qjXfiPpfw48ZeDdNl8D2GvRalD4h07UopP8Alr5sVfUHxU1LXPEnh23n8R2P2bzbOKTyvOrP+OU+q+MP2UPElhfaVbSSfuo9N/0PypbW1irm/FXjy+8VfCDR/Enn/u5dHi8n/v1Xr5bGcJnDmHs5Uz85/wBtL+1dH/aM1DwPBBL/AGf/AGb9ts7v/nlUf7Lvx+g8HahefB3xjcyy+H9Zs/N8mH/Wyyxfvf8AW17p8QtIg8bfEGO/8VaHFcxy2ctt9r8mvmebQfA/w9+KH/CD+I4Ps2qWF55mm6t/yy82X915VfXe7UommBtVpWPozw2b7xVF9uvoP9Huv+POab/nlXzX8YLy+8N/EG8t/I/d165+xbD+0N8Q9e1z4R+HPhJ4k8U+VeeZpuo2mm/6LF/0182u38Vf8Eh/+Cjvjzx1Jr/hv4CiKCX/AJa6trMUVeBCk6eJPQw+CrXPizwf8Wp/DX7QX2Gx/wCPj+zYpIZf+mtfZH7bPjCxm+Gmh+RYxf8AHn++mmm/561yU3/BBD/gqDpvje4+IE/wf8P3NxDN/wAS3yvFcXmiL/v1Xov7WP7F/wC3NJ8FbPRNa/Zm1/VLu1hi846dDFLSxeH9rWi4nLictrOr7h8h/CvwrpUPxB0/Vp54v7PivP30M3+q/wC/tfQHxU+M2lQSxwQeV/qYo/Oiri/+ED8nwHb+FfHHhy90S8sJorm8tLuzltvK8qsvX7z+2Nds7HSoI5Y7qHy4f+utcWMpRR51RVqNTlZsfCXyLHxb4w1y9/eR2um/6HN/11ryefwf/wAJJqkkF/P5VvLN5vm+TX0h8GvAf9pfBvxBfeJdK83VIoZY7yXzvKirD+JHwx8OeFfhLofjix0v/TJby1jm/ff9/a6MtxNGjpUMqWJo+2Pl/wAbXn9j+I7zSp/+WX/kWvWP2b7Of4PeA9c+KljBJFrGqfu9N/c/8sq8z8H+G9V+LX7Tdx4a0uDzI5dYi87/AK9f+WtfVnxJ8HWN5f2/hXw5BHFo+gwy6d/11irPPsypUqOhriav/Ls8L1jTb74kWt5fX1jc/bJZv+PurH/CvdD8NWEf2H975v8ArvKmrsBBY/YJNK0OD93FN++rP8SXkENhb2MH7qvgHnfLU5DyL1qtXkgc3ptnB9vjggsa7i8s/JtY559c/dxQ1n2ejwabF599P/rf9TWX4q1iGzi+wj/lrWf1uWKO7B4mthq/IeoeG/GH9saL9huL6L/U1438QvAf2O+k8RwfvY4qp+A9Y+x+PI/PvpZLOvRPG2j/ANm6NJ5H7yO6hr0cNKeEl7Q+zjVpVaXPUPO/hjpAvNZ/tUW/lfvq9km1n7bdR2/iSG2ij/5Y+TNXF/D3TYLPw5IJ/wDWRVY1jUvJ0aPxVPB5slrDL5MNOjmnt68j5XNavs5fuyPxTZ2Om+I83199muJYfMs4v+etcv8A8JV52syeFP7KudWvPJ8z/iU2ctz/AOiq/Sf/AIJ7/wDBNH9k79o/4Fw+Ofj7qE+p6rqudhj1P7N5Nr2ir7b/AGXP+Cb37F/7H2myH4FfBjTbGS6/12o34+03Mv8A21lr7XLYT9iqkzoy3ATxdL2h/ProPwT+O/jy/jsPhl8CPG0kl/eeX9r1DQZbaLzf+ussVevfEj/gln/wU68BeD59SuP2a7S5S3i+0XGoWmp+ZLHH/wB+q/obi0yy06JILS2iih/55RQ+XVCddTOpanLeCKaza2jFnC3rzmvZhjMPTkezSy6NJfvD+Xb4FeBP2x/jdf3/AIc+D/wQ8Ty6hZS+XeQ6hpF1bRf9/ZYq6PUv2G/+CsugxXH9h/sy+Lb24l/10UN5F5UVf0hfCrTda8O+BreXxbpWnR6vLLLJeS6dbRxRf62usm15IYj5o8zPYCtq2cYWHu2MXgadTc+Cf+CAn7Mv7YX7Ov7OeqeGv2qIP7N0+W8iufCuh3f+ttf3X73za8f/AODgT4OeKNP8eeCPiZ4auP8ASNYvJbL/AF3l+VFX6ha149Tw5bLf6kIngb/VEV8X/wDBYLwxb/HDQvh5oefsMcesfaZrv/nlFXmxzCGIq80TtdGiqHIfFP8AwSN+BHxA/aQv/EH7Mo8f6longOLWJdW8Yf2TN5d1dS/8soopf+WX+tr9PPhf/wAEpf2IvhJp0kGhfDSS5P8Ay2vNW1aW6ll/66SS18E/8EjNO8T/ALJ37bHjDwlqGsxXHgTxHoUksOrRDPlXXnf89a++te/ai8n/AI8dV8q3/wCe3/PWs8TjEKjVw9HeJ09l+wf+xjpttJBZfBDw/bCX/XcVwFv+wh+wl4F8Q6hcaV8PrKK4v5v9MEUP7qvN/G37V3jjWNekg8Oa5/o//Paqej+NfGPiT/SL3XLnzIpv+WVc1XE/uzqnUgvf5Cx8SP8Agnj+z14r1n+yvDk/lRy/vP8AS4a5fxh+wfrnwr8yfwPBbatHaw/8tq7j/hZGq6N/x/TyyfStzTfjxBqVrHY6XfeXcVn++q0TWli0eD6Dr0+m+ZY+I/DltbXEX7uGGvXPhV+0idN0uPwd4xgito/O/c3cU1bGv/CWx+NlrcX2qwRW2oRQ+Z51p/y1r5r+Kmg3Hgm5uPB3iufy7j/ljL/z1rDDxxFKZ01qeGxcT7g+2WM1rHfaTP5tvLD5nnVYs73zosYr53/Yz+M19r2l3Hwy8VX8kn2WGWSzmr6Ahg+xw/Z69SnifaHzeJw9OkzYs5u9bmgzf6VHXNwzfuq2NBm/0qOuqnsFM+c/+CqGqQT614Hgx+8+2S14/Z5/saP7R5f+tr0z/gqJcGb4hfD/AI/5bS15vrH/ACBreD/ptXv4b+EdEfZc+p9X+Gf2l7Pxzey6FqevvbErLJEYYeaxIP2hPDkPii40rQ9V1e+ki/6Yy+VXy3Z+FP2qPCnxBkg/sPw/pFnYQ/vovtnmy3X/AFyr2DwfrGleMIdLt/h/f+VeWs0Ud5p93D5V19qr8mwrxNXF/vPhOB+1b/ekemzeB4YvEHjH9svxH4f8bfarz/iW6TqE0X+gWv8AzyiiryP9mn9nX4SeKv2m/Enxp8V+Mb7V/Bdhpv2LwT4Y1DWJf+JXF5sssv7r/v1Xj/xyvPGPjfxlqlj4qhl02Ow1jy/+mX+try/4Y+MPGHhD9obVLC/8cRWOjxWcUUPmwy+VXqyVVvkpyO+lS9sj9VPFnhTwFq3hO41Twn4l1XSktYfMj0/Tbz/Wxf8APKvIrD9pbwL8LkPhW7/Z18SeCbOWf/S/E11bxXsV1L/z1lli/e14xoP7Qnj/AOBssfiPyIvEGj3X7u8mi/5ZRV3Hjb9ur9mSz0a38Rz+OJdSjls4v7S0S0s/N8quenhsXblnLmOKvhXQnzHQfCD4P+Dpv2jNU+Ivg7xXpFz4X1TTf7R1j7Jef6q6/wCevlV6Z481KxvNLjGh6rL9nim/c+TXx2P2kPhZD8ZJL74S65Jbaf430eLSf7Pmh8qLzf8AW+bXuGj6xfeG7WPQ/Ec/7yL93N++rycxwmMox54GsrxonceJPGF9rPgjUNKvrGOWSWzlj87/AKZV8x6b4wn/AOFaR+FfI/d2EPlw/wDbKvTJvidPNc6xBpV9FJb/AGOWOvC/Dc2q/ZZIJ4JZfNhuv3sX/LKvq+HI+1o2qHkYz95Ejh8VWNnayWV9/wCQa9c/Zp/4J1/Aj4zeLNP/AGjPj7of2nT7CbzLPTpof+P+6/6a/wDTKuD/AGb/AIG2PxI8byfEbxUf+Kftf3cMPk/62WvtDwfrA+zfYYP9Gt4v9TFDXVmWOeE/d0z2OHsqlVq80z2fwT4n8K+DtMGl/DrwHp2gWf8Azx0+0ii82tmz+JGqzy/v5pPL/wCuNeV6DeX3m7jcfu66T+2N0X7ivnY5xilV5T9NpZRFLY9EPxNt4eMZ+tSD4qaSOg/SvH9Y16+s7r/pnLUem69Y3k3kfbv3n/PGvSWYYrl/hnfDh7CVaPtGd/8AEL4d/BX41eHrzSfib4B0nUre6h8uaaazi83/AL+18G/tH/8ABCnwx4hn/wCE4/Yy+LFzomoWtx9om0nWv3sUv/TKKX/llX2HDeX1nF+4nqnN48vtHl8/Sv8AWVgsfVl/Epng5lwxCrT/AHR+XfxJ8H+JPhL8OfEngf4q+HJdE1yX93NFd/8AL1/01r0D4b/CX4Za/wCA5PBvjERRyWum+Z52ow+VFFL9l/dfva+uP2lPhH8Pv2y9Ak8KfES3isdQ8n/Q9Q/9FV8v/EjQfiBeazrnwHvrGSXT4oYrb7XFD/rYov8AlrXz+PxlV4iDon5dj8iq5fXvI+I/2Y/BM/wH+IOueKtc0r7brF1eXVtoPkw/62KvRPHmj6H4J+H0fiPxxrljFeSzS/2b4eh1jzZZZZf+Wste6ePPhX4A+Bml6H8JPFWuxal40v7y1ubOWWb979g83/Veb/yy/dV8n/Gy8sdZ+OeqQT30Ukf73+zYbS883/VV2YudOph/3p4EViq1Uy9HvJofMg8iPzJf+m1dJpHw91XX7qQeRbf6LZy3M0PnVx/g/wA/TdBuPEd9b+bcRf8ALL/nrX0h+yL8Er7WPCWsftC/EbzI5LWH/iT2n/LLzf8AprX59m+JwuX/ALyRcqn1aR4X/aVjqUtxY31j5UlrXm9nPrmveI7ywgg+0+VN+5r7Em+BvgDwfqn9q+KvDdzfap4jmlvftf2z91FF/wBcqj8E/s0/CvUte1y+8OaVc232qby4dQ+2f8sq86jxVhqMYSsd2Fp1q8uaET478Vabe+FbrT559Dkto5f+W1e+abqUF5LZ6Fc2/wC7ls/9dN/1yrqPjlZ+CPHvwpj8D+I9DlsZIvNj03XJf9VFXP6D8H/H/iTS7MaV4j0Syt9Lh8y8u9QvPK+1Rf8ATL/prX3+GqxzTBRqUz6ClByo+zkcn4qh0qztbixg/dSRVY8K2eleJPC8llfeX5f2Py5qjOj33irxdceHPhlpUV99q/6bRSVX8eQ6V8FPC/ka54jtv7Qlh/fadDefvYq+dpYbGQxklTPFxOFbOP8A2xv2uvi3+zfoGj2Pwd+I+paTb2EP+ptJq/WP/g3v8QftX/Gz/gn4nxr/AGhfiFqGpaj4o1m5uPDn9qjzI4rDP7qWP/rpX4UftjT/APC7vFPhP4SeBx5mqeI9YtdOhEX/AD1llii8qv6pv2Tvglo37Ov7NXgX4EaJaRx23hPwtYacsYHTyosfzr9cyulVpYCPtT6fKMIqOGM3xV4F/aOl02aPw58XdItrg/6qW70b93HXz/41/Y//AOCmviXxTJr0n/BQXTtJ095ONP07wt5ccdeu/wDBRL9sHSv2I/2W/Evx8vVEt1pdmf7ItfI8zzZq/Crxh/wX4/4KP/H7WdP0rVfHGkaJocusRedaaTpvlSyxebW8MDCq+c7HSjUP6BvAXwt8e+HPh3p/hHxH8WrjVtUtf9drc0Efmy1zfi231Tw1dNY6f8Q9O8R64IvM/sSfUYrWWb/tlFX4G/8ABaT/AIKQftNQ/tQW/gDwP8cPEGkaf/withc/ZND1iW2/1sUX/TWvbP8Ag2Q8HwfE79ozxR8fvi38TfEGt+LLCz/4ls2raxLc/uvK/exfva2nldGK9oTUw37k/UD4eax8d/EnjeTW/jHc6bpuj2v/AB56Tp83m+b/ANdaz/jvewfF+X+ytcsY5LOL91XtHjHwTBeQyarpf/XSavJ/Emm/2Pa/boJ/NrzalehSnCmjwq1LG09jh/DfwZ8Oab4X1DQ/DnhyPzPscvnV8l6D+0tB428R3Hwy0O+8y4imurab/plLF+6r9NPg14JsY9Ct/Fd5exxx39n5cwlr8o/i18Mf+GP/APgpZrlj4x0qX/hH/FFn9ts5YYf+usv/ALVravWhy35DqwVOv7P97E+iPhL4PvtB8OW/9ueZ9ol/10M3+tr1jw3N/Zth+4giirj9Y8Y6V4ksLfxX4V/eR3Vn/wB+queG9S8RzaX/AMTyfy468z67Tc4+0gdMlOZoePPjBpXhvy9Kv7GO5kuv3f8Aqa+e5vjxpWj/ALTd58OdVsZJbOKz8yG7tP8AnrXrnxU8KaVDoMl/9u828l/1NeF+CfhvPN43vL6/gllkuv8Al7rvqZnhYR9w64+yjHkPqD4M/HKw1jVP7Cg1395a/vIfO/5a1j/tveCbH4heCJPH/hy38q8sIf8AVf8APKub+GPw20PQde+3QQSSSRf8ta9IhvdV1LS7zwdNY+bb38P/ADxry8Pm6rVrE4RqFXU+b/2UvHk+m/FbR4PI8qS/h8uvvyb7RD+4vv8AWV+f/wCzf4V1yf8Aav8A+EVvrHypLW88yztP+eUVfohrGm6hqWsyf2VY/afsv7yvTo+zlVOLNv8Ap2V7Obzpfs9aGm3nk38deX/tB/tFaH8K/DkljY+Xc65FD5k3lf8ALKq/7Fvx41342+DbjW/FVjHHcedFJD/21r1qVM8yFU8//wCCld59s+IvguAQfvIvNrzuabzrCOvQP+CjUNxN8ZvDc5/5ZQ15nNP51rb25H/Lavfw38I6aexJN8YNd8YftLf8LU1XSrG+s/Dn7zytJhliilr0j4qQwftLeF/+Fxfs2a59h8UWtnLLpsMX+t+1f88pa+W/hX8QvCmm/GnS/hzofir+0rz/AFepQ6fDLL9l/dS/63/trXsGveG774VapH8W/BuuXPha4iml/ti0u/3cV1LL/wAtYoq+Bp4KnTq+0gdy5PhqGh48h+H/AO0ZF4T+Fdj4qsdE8QWGm3V74wm+x/vZbqKuH+JH7K+q694Xjgtp7K5/ff66H91LLXmfhX4tX3wr/bcs/DniSf7Tp+vQ+Z9r/wCest1X2JqVn9juvsME/wC7i/11LEpqN4Gl1/y7PmfU/gDqvhv4cyeDjPLHHf8A/Tbza8zvP2IfHH9jY8Oa59m/feZ/roq+pPGE9jNfyWP/ADyrm7y8n8qSDSr7y68bCZw1ivZnNU9tWPH/AAf8KvCusa9Z+DvGUH/E40v/AEnTbvzov3ssX/XKu0+IXirxlfapJql/BL5kX7ubyqsaDpulfb5J4LGKK8/5+/JrY8VeNrHTfDskFxcRSXEs0X/LGrxeZfWoSpnX7KXsvfOL8K6xBZ3X9leRL5n72Sbzoa3P2b/hLffFqXWPCsF99m0+1m83Upf+esVYdlqXk+DY57+f/TJZvK86vrT4D/DHS/hL+znp9jBYeVqGqebc6lN/z1rsy3E1MLhTyqVCniK+pnwaD4d8Kf8AFK+FYIotPtf9T5X/AFyrqNBs/Ovo7eC3l/e1y9nN5Os4gg/d16h8K9Ssf7et/t9ciq1cXi/3h9nllL2MvcOs8OfDLxFq+mefDB5Xl10Xh34P6yJsao3lx+leoaK1jLZRm1PydqvCFSM7jX01HLsLFXPTnnOJj+7PLfFPwYiGi3X9kkyXBh/dVy37OfwOu9D0+SfxjA5vPOlz51e8MkauMLxSrbwQAhRiu+nCCpmUc7xXsJU7nOal8PtIvrchYUWvHvif8NLjwmd2mIXjlPQ19Ayrt71wvxe1Oyl057PP3q5cVhlVoGmU5jipVuR7Hyl4rvJ7O68iefy5P9Z51U9R1LVfGMNxrnhXSrb+3PDln9p/0v8A1V1axfvZf+utdZ480ex/eTzwf62vM7PUp9H1SP7DPJHHLDLbTfvv+etfnGJ56GLObiCnRrI8n+FXw9+HPxs8W6p8cPjT4/02x8SXUN/babol3eeVLFF/qoq+M7z9mS+0D4jax8RtW/03S/O8uGLT7zzZfN82Wvsj4nTfA74G+N9Q0rxH4dkuft8PmWd3DD5ksX+fNrxP4V/8LF0b4jap440LwdFomhywy/8AEw1v97Ldf9Mooq8irjK05T5j8qxPPRqfuzzvw38Kz428eaP58H2Hw/LN/rfOr7A8HeMdK0fwvqHg6+sdNj0PS4ZZPOl/55eVXh/iT4n+FfipqFnP4x8OWOgSRf8AINi0mz+zSyy/9NaNN8eX15YXngf+yornUNe0GXTrOLyf+WtfGYzC18yr+zqHlYqnVlWR3H7V2g6rqXi3Q9c+HOhyXOhy6b/36/dRS/8AfquP8Ew+Mrzw5earpWlS/Z7X/U+VXzf/AMFCP2hPjv4J/aWk8G6R4quba3/4RWwtvJtP3UX/AB6RVwem+JPFWkaDH/bnjfxJbXH/AC28m8r7zLPD7D4vDQZ9fliqUqB90Q/tCfCTWPgvcfDL4mfDm2trzzpZPOu/+etfGfjDTZ9S0G88OeKtV8P31n/aUtzZ+V+6li/e15P43+LVjN+4n8R6lcyRf89a4/4z+ML3QdVkn0qx/wBHlhi/1tfpWAyLC5fhPYHdT/jH0Z8B/wDhRHw9/wBOvtD83UJf9dLaeJPKrrLPw3+wHN4yk8Y+OPhl4p1K4i/1P9neKv8A0bXwvoPjbxVPL58Hhy2+z/8APWty88ear4b0uTVYII/3sP7/AMn/AJZV1YTKKFCVzOdKpJn2p/wRw/Zb+Hv7Un/BZODXfDnha5t/Afw50+TXodPu5/Mk+3xeV9mr+ji6lgt4ds1x5X/Xaav4q/hv+2P+0Z+zr8RtY8VfB34jal4fvL+HyrybTpvL82L/AJ5V2Gsf8FAv27/inaxweKfj94tudPuv+WsOseX/AOiq9J0pS/dnrUf3VE/Zz/g5L/ap8Oa94Q0v4A6H43029jtbyK51i00+88yUV+Kem+PJ/wDhY3h+Cfy7aOXWIo/+uUX/AD1rh9Ys/ibrGvXmq654jvdSs/8AWTS6hqUssstE03hWHy4BBLHcXX7uGqp0vZGXtPZn2p/wWS+Ev7KF7+0Fb+KvB37W1tqXiDVNBsJPslpZxS21rFFF5Xleb5v+trrv+Dfn/goR+yr+wV4q8YT/ALTnjv7DHqjS/wBmzRf8tf3XlV4T+yJ4w/4J+eFPjLpeq/tGfDK+1vR/7Huo9Y8nypf9K/5ZV6Zr/iv/AIIcXlhcXvhb4A+NtS1C6ml8mWa8iiii/wC2XlV0ezVSkOGJsj9ctE/4OOf+CUMNm8Gi+PdVlnupoozpot4pP61R8V/8F7P+CcM1pJfHwd4tvbSL/W+VptfkP+zr+zr8D/iF4tj1zw54V+zWdh/pEPmw1j/FT4zeKviF4p1jwdYaHpFlp+g+bH50NnF+98quKeT0Z/vDL67Sry5D9TJf+Dmr9lGCH+w/hn+z34t1K0il/df2heRRV8z/ALdX/Bar4m/tLfZ/Culfsq6bpNvdTf6H4hmm8yWKKvivwf4Pn1L/AInkHiOOW3i83zoooa6C8/tW9sI7HQ77zfK/561p9Voh7X96e+fso/8ABZPxH+yv4pt/Cvxh+EkWv+E/+PabUZvN82KL/nrX6EeD/wBt79k/9pG1t7f9nr4jR32oX9n5n9kyw+VLFF/y1r8R9Y02++Ievf8ACAaHYxfbJf8AnrX3x/wSp/4JmfFT4G+KJP2k/jFoepaTp8Wm3UcPm+b+9/55V5mcYbDUqH7sKh9aQ69BNdST65PJcx/6vyf+eVXNN0eDzfIgm8qSWuH1j/kbv+JrBLHb3Xm+Taf+iq1LzxXPptr5/wDy086vzqvUrPSBn7Q9YtJp/Cujfv5/MrP074n+KtNluLHSr6S2juof9DrPg+IUH9l2/wC/to5P+W0VU/FWvaVNLZ65Y30UkkUP/LL/AFUVcuGw9fD1faGVSnofS/7Knwu8B6d4k/4Wvr1zZyeIfscsU0r/APPKsL9qL9sJ/C/ieP4SfBG2hLXU/wDxN9WEPmRRCU/vK+ff+EwE1h9un1WW2k/55Vh6z/b15N/amlTxxx+T++8n/lrX22V4ht6nNUrfu/Zmf+1RN/whMkc+h6rc6lJLNF+9mm8yWWvUP+CZnxz0qHxbqHgfVdDjtpLr/SfJ/wCeVfL/AMWtT1zxL4j0/wD07ypIpq7z9i3WDN+03pZz5Unk+XNDX1za5fcPn6VRvF2Poj/goFeWOsfEbS76wMn+pi8mvL9Hmt7w/v8A/llXr/8AwUS0+20/4n6PZW8Xlx/Y4v3QryDwrZwQyyWOP+PqaKvRwn8I9ep+6PpT9iH/AIJwfBX4D6f/AMJ+2hxal4g1n95eXf8Azyruv24P2QPC/wC0f8DNb8J2NpDY63/Zvlabqvm82przX9jT9rXxJaWb/A39qm21Hwz440v935Oof8e11/1yli/1tet/Hn9qfwD8G9Mt9E1W/kvbzWLOX7HFDXzeEhH2Wp6EMTSqQ+A/JT4P+G/Ef7Qn9oeDvFVjFbeIPBt5LLpuo+T5Ut19ll/1X/kKvpjwH+0Bqvxg0uz8DWOk+V4g8OQxWWvWnk+V/wBMvNi/561n/FS8+B8VhceKrDwBrekax+98maK88vyv3ted/sr/ABI8R2Xxp/4XF4qgil1iWHy4ZrSHy4v3X/PWL/pr5tcePxGF9j7OnIxX7n95I+gNS+DN9+78geZcXVeP/wBm6rNFqE888UccV5LHD++/1te6ftOfEL4t6l8IJPEf7KFhY6trks0UmpWk0P8Aqpf+mX/TKvhv9iz4/jXvBvizwd8VILm28Wf8JhLZf2tN/wAetrfy3flRRV8lSyqtKXtIG0XUrTvA+gPB/hXVZrW41yex8uOuD+OXhvXPDd9bzXv7qO6h82GvfNH+CfxH8Ki30qDVY/EHiT/VzRad/qpa8v8A+CkE194b0bQ9K8VW/wDZOsRWcXnad/21rPCYGvCrP2h6EP4J534J1ex8VeI9H8KwTxS/8TKL/wBG1+hnjAWMPhLT9K/1X2Wz8qvy7/Z71iwm/ab8L2Vjrscuny3lr50MX/LWXza/TT4kabcXmqSeRceVb131MPWpUfcFhsMkcXBZ/wCsP+src8NXmq6bNHPBpMv/AExqvpsP9m3X7+vRPB/iSxaW3g8iP97/ANMaME6tSpy8p7mGxUcPodv8IviH4quZP7K1ayl/7a16SviifPzWVJ4R0zQ20uOeyt/mx/ra2PsVu648nFfb4Veyp++VUxGHqv4Tn4fHLTyYkhArUs/EdlfjCz5qO88I6TIHmaHr7VyfiL4i6J4R/wCJYmlSSTf3YUrtn7Kqv3ZUaNLFPkpwO8llRoic15n8UPD99LBJc6eMViT/ALQcoufs0KfpXY+EPGun+KbNvNI3d6HRm6PunoU8vxGW/vJRPCte02eaKT+1ofLrxfxrDY2d/JBDP5flfvK+y/HPwssNcsZ5YJ/L3Q8V8mfGDw3Y+Fdeknn/AOPyKGvzjNsFClX5zDG04YunzxOL8WeAtC03xp4D+MXirQ7a40+183+2Ptf+qupa8H8YeJNW+Knx91CDWxpGk+G7Wzv7mzi8797+6/1VegftUeD/ANoz45fsv2+h/B24l+2aDr3mQ2lpZ+ZLLFLX5x/GbQf2tvB+sx+FfGHwI8d/2of9dq39my+VF/36qMJl2DxZ8JmGXfvTuNH+NnkfF/xBqv2eyuY7CaL7HF51emeGv2ivhl4q1TT7LwrpUtl4k+2f8fcs37qKvk/xtDpXhXS7e+sb77NeRf8AISim/dSy1x+j/HjwRZ6r5FjrnlXkU37maGGvWXDGCkvaI876j7Q7T9qiHxjr/wAX7z4xeOPEdtfR+TFbeTD/AK391Wf488N/HDxJ4S/4WN4V+HN9/YfkxeTdyzRf8tf3Vcv4VmgvLq4/4THVZL2OW8lkh/65V7p4P/ac8OfDz4aXljO32mzihij037XD5kUXlS+bF+6/7ZV9PgY0cHh7HRU9tSXs6ZqfBP8A4Iq/twfEnw5/wlXiuDQNNt7r/ljqPm+bXn/x+/4Jm/tC/wDCXSeHL7xV4btpLWzi/fTXn7qtz4kf8Fh/jF8bLr+yvEf7QtzF5v7v7Jp8P2b/ANFV8p/tK/GHx/4w+IEmhweP9SluJbOKSz/ff63za0pyo1ZfGGDw2Nqe/M+jPhV/wTH+LesS/wBhz/E3wlbeb/qf+JlFVzx5/wAEYf24Ztft/B3wW0qx8bXF1D5t5DpOpRS+VF/01/55V8Z6D8Q/HHg/U7P/AISPxjqVtJ5376WG8/1VfsF/wbtftu+EvhlrHxk8eftA3HiOXT7saX/Y/iaLQpbqKK1jE3m+bJFF+6/5ZVVep7Kn7h69KnVp/wAQ/N34S/8ABMf9s39orXvEGlfDL4LalcyeDdY/s7xV9k/efZbr/nl/qq9I+LX/AAR+/bn+GPw+vPin4j+En9geG9Gs/tOpTXf7qv1I8K/8FPf2M/h54P8AFHws+HXim5srjWfG1/rV5qMM32b7V9qlll/e14f+3h+3t8K/jZ+x54g8AfDL4qx32oXU3lzRfbKyw2IlVPOq4yt7b2cD8k9InvobC4mx5lvL+7hrn7yHStS1W3gnsYv9dVzXteg+GNrJZX0HmyRVyZ+L8MN/58FhF/12rt9oejSpO3tGcv48hlm8UXljZTeX/wA8Ya0PAfiS+8Ky28E88kkfnf6mqepXulalrNxquq6r+8l/e+d/zy/6ZVTm8+Gwjnvv9Z/yx/c1N7Ho8lF0bH2Z8E/2x/Dnwm8OZv8A/lrDLH/qa4P4hfGbwrN4X1jVfCt9/pF/N++8r/W1458M/hH8aPjRfSeEPAXgLVtXbd9ollgtLk/yjpNdsNc8JRfbdU8HajbSWs32eb7ZaS+VT+srY8n6pRoz0Poj4b+MINH8IefBqHm+b/rq6Sz8eaHNLHYwX0UUkv8A02r5z0HxVcaDFHpV8Zf9Kmik/c16p43/AOEVh0vHhWxl/tCX/lt/zyop07j9mdZqWpar8JNU/tyxnjk1C68q5s5q/oQu/Gh+Jv7F3w88Y66/7y/8HxSTeV/y1lr+b/4fHVdUtdQHiqfzJLCH9zX9DnwHm0rxt+wB8J/Ivv8AR7rw35f/AJFry8/p1fqf7s6KdM8jmm0nX/C8d95EUUlrNXD6uL6a/j/sq+jkjirrNS0Gxs5bzQ7Gf/R4pv8Av7XD6x/xLbWSCx/1lfkmHxdT6/7OoZ+zJP7evtelksb7935X/PGug0cT6BoMcHkSyxy/89a83s8wy+Rn95L/AMtq9E8NTfY9Gj/tu+8yP/ljDX0FeUXDQxrfvPcJJryC8/cWPm/aP+eVV9S8e32j6N5E9j/0z/czVc1K80PzY4NDPlSVx/jaYza158E/7uKGvUymspfGeNVwxw/irxJ/xNJJ/wDnl+8/65V6Z+yv5Gj/ALQ+hz+R/pl1NFJNL/0yrx/xtthtbjXIP9ZLNFHXrH7Pepf8ZB+E54J/3cU0Uf8A5Fr7GDpcpw4anThjD6//AOCi8vmfEnTwIv8Alzirxzwf9nm1SOfH+qmr2X/goy7J8SNPwP3d1aRV4l8N7OCa/kg/56zRV34Z/ujtqxbqSPpr9v8A8N+CdZ8Ijxpotnc3+o+Fz9pvdU0n97dWkcdfLvjH9qH4qeNvFPhvXPDl9bat4P8A7Blk/tHULOLzYrrzf+PT/rrX6S+Jbbwk/hea7ttP0+WzSE+dsA8vyv8Alp09s18TfHz9kuGaK48R/AG+istDsNS/tG80OWHzYr+Xzf8ASvK/55f/AGqvlsdKrRre4dWJqU6U7o4PxJ8edV1LwvqF74qsbb7PFZ/6q0s/Mr53+Evxs8KXnjHUNKsdDitrf97J/pcNfVHw3sv2a9SsNQ8AfEDVotN1jVIfs376H91FXzH8SPhh4U/Z78W3lgbCO5vIppZNBitIf+P+KvmalSVHEc1SPxGlCt9boezPZPgP+0h448H6N4g8Y+HPhz/a/h+wvPs32v7Z/qv3X/PKvjP4D/FnXPBPij4kfCs+DpPEFvr3iS68V6P/AGTZ/bbqK6ll83/llFX1B+zH+w38Yv2ivG/9q/EbxVc/DfwXdf6TrHhnzvs1zf19meE/Bn7O/wCznqsek/s6fCyxsbxofs8Oty6b9pl/7Z/8ta+gw1enOPunTTthKWp+abWv/BXj4lrpem/BP4E6kLi6/wBfPq15LpssX/kKs/4hfsQ/8Fq/iddf8XA/ZXsrmOKz8v7X/wAJJ9pll/8AIVfrhrV9+1Hotp/wlVn4/wBOvo8b/wCzzpnl8VneDf2rvHevXv8AZup28VrPD/x+Qy2dFPF0qmI9iVSzClCB+FH7MesftJfBP9sPw/4H+O/wO1LRNL0vXovtmrTQ/uvN83/nrX7aeNtYghlknggk/ewxSV0H7amgeE/2kv2YPFmiW1hbx6zYQ/adNeaH97DLFL/ra4vR/Elj42+F+h6rYweVcf2bFHeed/z1irDNvaSp8lE9TCxVd6GfqV5B/wAt62PBPjDSrO6j/cf6quTvIbHy5PtH7qq9neW8Mv8Ar/Mjrhyj21Gt+8PSjgj7A+FvxNs9as47CYxV6BDNDNH+4NfH/wAN/iR/Y8X/AEzr3/wV8WNKvbGOEXHNffQwzrUeeBrUy6skegzE9xWJ4g8IadqZc/Z8mTqa0NO1qy1SFJY2696tLIGGAfwrn/e0jhp1K2FqnCxfCSDyPKvZI7hPUw1at/h7Bo9y95Zj/WD99zXYM6r1NVdUciBpA3HpWtOvUT5Ynd/aWJry9nKRw2p+OI9IjkiuJo+OlfL/AO1F5GpX9xqv/LSX/U17J8VZvsV1JP59fO/x9163m+z30999mjta8HinLakcN7SmfT0cDShg/aM9A/Z2+JukfD7S7e3ntvLkuv8AXS/88q9mvPiT4B8YL/Y/ibTrLU7KX/n5hr4V0H4kX02iyT2J/wBHl/5bV0Hgn4wWN5ayQa5rkcXlTeXD5tfiqx+cYGv+7PBxOGwrqn03q/7MP7GHxAWceJP2dvDcscvUmyi5rk73/gkj/wAEzPEi/br39mLQbdv+mK4rzCf9pzVfBN19u8+KW3lml/5bf8sq3P8Ahq+e8l0vXPt32G3v/wB55P8Az1r06fFGeUl8JxfUcIajf8EW/wDgmNpuoPfJ8B0t5pevlXdV7j/gi1/wSzuLlr28/Z0sbxIv9ZFNdExSfqM1l6P+1R8VNe8R6p9h8HXOpaX5MXk/9Mqr/E79rrxH8K/CVxB4qt47aT/lzmmmrKrxLxDXXuRD+z8GesfDz9g3/gnT8JIzY+Af2TPBtl5v/UMi/e/9/a+Rf+C13/BLv9ivwV+xJ4l+Pfwl/Z80fQPFWizWtxBqGnOQYovN/e/u81tTftaeP/id/Z8FjY+VbxQ+ZNqMU37qrn7Wnxyn/aE/Y8+IHwI0qCS51S602L7HaS19NwzmWa1cTD6xEzxFClSX7s/BOz8H6HrEseq+Mf8Al6/1P7791X6m/wDBuv8AtjaT8Mf2dPFH7Kd58NU8aG+8SS3NvYQajDGRF/01yP8ArlX5NfE7Xr6DS/8AhGxBc22qaXNLHeebD/ra+5P+DdfR9D0H48af8TvFUFzFb2EN1HrEP/PWWWL91X6vifY+wPHrSdI+6/28P2Afgt+1N4VuPEfg39ieTQfGPk/6HNo/juK1i/7a+VFX5AftP/8ABPz9tH9nr4fXnj/476HZaBo/9pS2Wj/ZNY8zzbqL/MVfuh42+M3hzQNUs4PB32ny/wB7500s372vgn/g4e8Xv8VP2L/hveaDqsltp9h41vxeWk03+tl82L97Xk4Gqz53DY6VXG+zaPxZ8U+JvEni5ri/vbmW4Qfu5TKax4buCCOOCASy+bWh4k8iG58/Sp/M0/8A1dZ8V1Fo93mzg82vX9n+6Pr1/APpz/glP8AvhF+0h+3f4E+BPx00i8uvCOqal5eo2dqZRJ5f9K/URv8Agkt/wSE0b/gqd8NPhp4W+Jur22i3ekapfXnhnVj5cQltfL8qHzZe3Mtfnz/wTI+Ffxp+CfxF0P8AbM0TWrbw/wD2DDLLZz63ZeZF5v8Ayy/dVk/HL4keMte8b2/xWvvEdzq3jCw1KWT/AISGb/VRfvf+WUVc1SnWPLqVZOpof0U/HvV/gB+y5+zt4g1L9m34Z+DtAk03QpTBd2+hW0ksv1/dc18y/sx/Eb4D/wDBSX9kw/s/fGLwD4K8P6xqsPlxahNpFtp0ksv/AD1x/wAta/KD/hur9pPWPhfrGleMPi3e3tvdQ/Zof337quH1L9oT4xeMPDujwX2qxx3Hhzzfsd3L/wAta872GK9rznm/7VOt7xwP7a37NPjb9h/9o/X/ANn3xDPFe31hN9otJoR5sUsUv72L95UPg7xtqt54IvNWn8qW8io+MHxU8f8Axn8UR+MfjFrlze6x5P2aG7u5v3vlVJ4V+DMEHhLXPEf/AAtuysv9D+0/2dLD/wAfX/TKvaw2x7VL+D+8LnwT1Lxx8WvFP/CKaHPY6b9l/wBJvLuab/WxV+wn/BN/9sa++JH7Mlx+znB5cuseEoZZNNh/5a+VFL+9r8v/ANj/AOGPwk+MHxz8J+AIPEkXhvR9Um/s7WLuL/pr/wAta/oKu/8Agkr+yrpPwU0zwt+zFrWgeFfGEWjxWV54x02Lm/i/5ayy+V/rZZf3dZ46Pt8L7Nmp8y+KvFV9qU0Zg/dSRTfvov8AnrXP+KvEkF5Fmw8uWSvpbQ/+CKvx/k1m3n8Vftp6fLZxQ+XDFp3g/wAuX/v75tdN4g/4Ixa5d2ufCv7Skdtcf89ZtG8z/wBq18BT4Z/fe0kT7/srHyHo8MH2WO+vv9ZUniPXv3UZsYJPL/6419N6L/wRw+O2lzSLcfHbw5e2/wDyx/4lcsctV/EH/BM/9pHQNPlnePTNbx1tLSfyvNrnxOTYynU/dnF9Wk/3kjwTR4ftlrHPPBLXN+NvP0G1knvv9XLXt7/s/wD7RHhPQbi/8afBrVdOitf+WQbzYv8Av7Xzp8Wte/t7S7jS/wDmIRf8un/LWKsqFDG0a3vnmVE1uc/9sg1K18jyP3ddp+y7rEH/AA0Z4b0P955n2yKSvO7OaeHwvHPB/rPJrpP2P7yDUv23fA+lQCWW4l1KLzoYf+WUXm1+hYWn/sdzxaN6mMP0L/4KNWL3nxE0eCA/vIrVK8Q+GN79j8SefP8A6uKaLzq9z/b8F9L8Y7T7BFGnlWUX+kT/AOrjrkLP9m/VdN+H154xn1y2ubz/AJYw6dN5vm100qtE9esvZzkex/FKDQf2dv2ItZ8OfE/4oHSfK0m5im1gn95mQnp+deWfsbfEr4fftM/s+W/wy0v9qHSdSvLWG6ivPJ8q2uorXzas/t5f8E3L/wCO/wCz34r1pfH+ual4w1OKLUbsTaj/AKDL5MX+qitj+6j/ANWK/HL4Y/Af9prxV481jVf2CvDni3+0NG1L7F4qm1G8/wBGiuvN/wBV/wCja+fxrp/WuaodUKcadDlqH7QXX/BKzwC/hPUNC0z4w3NzFLF+5a6giPlf9tBXj3gb4IaR+yFpsOt6lqEXjbxh418SS2Xw4/tb97/Y0UX7qWX/AL+18seG9H/b8+Ceq6XoXxp+P3hu51jXpvs1nolprEv7qX/prL5teyfH74hfte+BNB8P+P774Sf23p/g2GK9+16d+88qWKXzfKrxswxOEqz9nTMqeJo0V+7PcPGGpeMfh94j0vxVquuyeJNUl/ef8TaHzYov9V5sXlV6h8Pv2l/hJM327xF4Ui0248nzLy7tIfMr4v8Ajx+358DvEngjR/jh4A1W51e8urPy9S0OL91Layy/62tz4P8AhXx/8QvhVb/GLxxrkfhfwnf/ALyG0u/3V1fxf88q8KNHMKFa6lzQBc+J9+ofYmg/tT+B/HnijULHw54xj8uKby4az/iFZ+DtSl+3z+K9I0m8i/efa/7Sir88/id+0VD4P1D+w/hZocUX779zaWn+tuv+ustc3efH7W9Mlj/4Tj4SeG9Sjv4fMm0mXUrq5ll/66/va97DO1TnjE6J4alUp8sD748R/HL4Y6FaR6Hqvxi8N315dQ/8sbz/AFtc/wDB/wCJ1jZ+I7j4f3Hl+XL5tzZ/9Na8b/Z1+MH7L3k28/8Awz1beFryL/njo8vlf9/a6j4kfGbwr4p+z+OfDelfYdY0ub9zD5P7qWKt3XrVpaxO7Kb4er7M9c8YaP58Uk8E9cHNr89mZIAP3ddB4V+KelfFrw5b65of/HxFD5c0NU9S0exmtJPI/wBZXJQdWlXtI+7wsabKej+Np4f3/n/u69I+G/xbsZrr/nnHFXh94YLPzIIJ6j0fXp4R5NufLr7zLcxjTjY96nhqNWifd/w/+MFu1tHZfaY5K9J0bxrY3gxmP86+E/h78SJ4Yv8AppXvHwx8bXE1rb+d/wAtf+W1e7OjhcTTutzycblNGx9Ftf27xeef9XXMeJfF8Bi+zwTVzevfFKys7XybOcbK8/1jxt511J9hn/d0sDlv/LyZzZbkn772kx/xAvBq99JbrP8AvK8o8efDD/hKvMsdVP8Ao/k/66vSDmaXz/8AnrWx/ZsB8v8AcV7NTL8Pi6PLUPqMR7GlR9mfC/jb4M/E3wrdfbvB0H9pafazfvrSvP8A4zfE7SvDf2OC/wBDktrz/lj+5/5a1+kE3gqD7V59vB5Uctcn8ef2Ufh/8fvDf9larpUVteRf6m7ih8uvj814Vy23PSgfDY3E2rH5f3nx+EHiOTSp4JZdQ8n7T5N3NL5Vd58PfjlrmveDdD8R31vFZRxTeXDaajD5XlV2H7Qn7Ov/AAo3S5NV+I1j5tna/u4bvyf+WX/XWvI/Hk3wd+MHgi30K+vr65jtYfMs7S0vPK8qvhcTk1OjiPepnkfWf3x0F5+2bB4b17UPB3hyC9/tSWby4ZYZv3Utal7N8TfFXjO4sP2hdW0DRNPls4r2HSf7Sik+1V43o/gnwd4VEeq2E8cWqWsP+h+dN/qv+utY/wC0t4k8f/GyWzvr6x/tfxBpflfY9WtIYraKKL/rl/y1rSjkNGNQ1dUPiP8AtgeI/hVpeqfDL4O2NzeyfbPLs7Tya9Y/Zj+Knx3vLC81y+sLGW4utHlj86H/AFsX7r/lrXyfqWveK/hhrNn4jn0O+i1j/Vzaj5P7quw179pb44TRafpXg3/iUeb5Uk2o6TD9mll/6617FPLqNHYVeryI+R/ipZ/Eabx5rH/CRwX1tJdaxL9jm1az/wBb+9r6U/4Jg6l448N3/jg67P8AZpLWGL99/q/Nr0z9q7UdV/au8ERz29vbS6hYQ2v2PUYof9VLFF+9rtP2dfhj8HPCvwl8P654qn/4SDxRLDF9shmm/deb/wBNa9CtV/c+zOGXsqqLk3xs8ValrX2e31u5kji/55V8J/8ABWn4hePtNls/h/8A8JVfXOh380tzDaSzf6qX/lrX6iQ/AGDxV4ck1Wx+JtjFH/rIbSKHyvKr4T/bY/ZF8SfHjQbzVYPG8UuqWF5L9j0+Gz8v91/11rxcC2q542Ewqp4zmmflvLP+6+w+f5cdSaD5+j6pp+q5jl/ff6qvaNe/Yb+P3hvzP+KOluY66D4e/sc+KdN0GTxH4q8AXP2zzv3M13N+6r6OFZbSPf8AaUDsLz9uT4m6x4N0/wCGOueHLGTS4oYo7SH/AJZRVn/EHxVpM8VxpU+hW1tcSw/8sv8AVVzcXwH8Y/avPvtWi+zxf8sYoasf8K91UeI7Oxnnlkt/9X+9oq1qVjm9gzD8NaZP/wAIHear58stnFN5cNpNUepQ6rDFb31jPL5fk/voa+gJv2b9c/4ReOfS7GP7PLD5n/XWvI/GGj+I5tLvIINK+w+VXnU8xpc/KJf3zyPX9Yg1iSSe+/5ZVnw3kGpXUk8F9J5fk/6muwvPDdjN4Tk1WeD/AFU376uT1KH7Za+fpUEkX/PHya9GnqdNKnzkfgPxJ4q8N6p/avhXVZLaSL95+5r9LP2Dv+C4XiP4AS6fYfEbw5F4kt4rOWOa0u/+WUvlfuv+Wv8Az1r8z9Cs73SIpJ76DyvNr0D4b6PpV55eqzwfvP8AljWk3GmKur7H7GQ/8HO3xb0e6/cfs96Jex/6uGGa8lrzvw3/AMHFH7Rn/C+NQ8Y33w6ii0eWGWOHRPO/dRS/9/a/Ovw3NrniqW4t7GCT/Ra2IfBPjGby/wDQf3ks1clXH4alsc9/sH7NeBf+Dl7SofDd4fFX7O0skun2kUsx07Uf9b+9/wCutejeFP8Ag5Y+B+seWb79nnxbF5v/ADxmilr8f/AfwlvodKk1yeD/AEiKH9zXeWcNjFr39h+FNKl8v/ntNXl4jPcBTNf4dI/WPSP+Djb9mvXtdk0nTPhZ4gmji/d+UIf3tfD/AO0p+1pF+03+1FceKfhb8JtX8Epf/wCjf8TuD91L/wBtIq8c8E/Ay++1XGuX0/l+V+8/c11k174j0ewjsbK+uf8A41XDLOMJiVy8papUaq/eGxqUt9oN1Jod9PHHcWv+u/ffuq+gP2CvBHhz4TeLvEn7cGuaXLq15pdnFpPhvSYf+Wt1LFL+9l/7a1+bf7QuvfGrRvFseq6Hq1zLJ/q5vNr9rP8AglJ+zdpnwD/Z40u+8Y6hJr//AAmVnFc3kWofvfsssv8A+9roeY0adHk5jjqZVhaUvaUzyPxh8cvjT8X/ABHb+KfjhpPlWd15Vt5sMPlVJ4Ws/EfwZMk9h4q1K+0eWbzPJ+2V9QfGz9jOC80W8g8HQSW0cX/LWb/VS/8AbKvN9H/Zj17UrqO3vtVubbyv+eX+qrzFm9CM+Q8fHKocj44/4OEPCfw/023h0L4OnW4PO8r9xcVzPxa/aZ1Xxz+wrb+Nf2NvhhL8PNU+IPxClt9bvorIR7vNuv3s0n/PX/W1+Y//AAS7+GXxG/bA/a40v4P65fS6l4f0uH7TeQw/6N/1yl82v0o1j4Y33xa8R+H/AIceHNWk0Twf4c1iW91LSfO/debFXjcZZ3DL3oRm2IeGpcph/BP4D/CT9l2b7BcaVL4t8QSzf8VJrl3N9p+1S/8ATKX/AJZUftRaD4b8YeHP+EA8OfFvxb4f0/Xv9J+yafqUsn2Xyv3XlVy37Tnx+8O/CKy1PRvhdcRXMdtqcskN3af6r/rlFXn/AMIvCfxT8X+EdZ+MPxSuLktfwy3Nnp/+qzX45Tz/ABdXFe3dTlhc+bWJnKHMdT8Tf2cPgR8FPG2j+FPiZfavc6hf+G7WTwrL4es/Miv7r/llFL5X7rzf9VXf+EP2C/21vjALfxB+0Lq+paB4fih8uzhhm+zRWsX/AE1irzz4p6d+0Lef8K/1WCxvdbk0HXrW9hltP3UtrF5sXm17Z+2l8fNY8P8AgDWfiJ+1P8WLm90C1gtZNN+H2h6x9hllll/56yxV+q5RmVbFYf8Ad++e3luN9qvZmfZ/Df8AYQ+DMUnhyf4xa3/akX7vUtR0nQf3sv8A39qnoPwl/wCCaV5rMeuW/j/x1Y6h/wAsdR8Q6bFHFLXxPN/wUm0uzi874H/sk6boEf8Ay21DULz7TLXkfxm/aQ/aM+PGvaXrsGqxRSWH7z/RIfK8r/plXuYajjfikevSpVj+gDwp+wf8Ode+E23Stbivft8PmWc0P+qrxP4nfsK+P/AUUk8Hl3Mcv/TGvn/9hX/gtt4c+Ffw0s/hz+01/bctxYWflw3enQ+b5X/XWvoSz/4LJfshfEL/AEHQ/jhJbSf8tv7Qs5f3VdP1fGf8u5HrUHTpLU8z0Hw34j+D1/8A8JJpUPl/8s7zTpv+Wtdxo+sW/j2xkvvDmqxeZ/y2tJv3UsVcf4q/bC/Zl+JF1J9h+OHh+Xzf+W3nVn+FbPzr+PxX4O8f2P73/lrDVYZYl1OSpA9vDY32S9pE6i8s9cs5c3GlSy81Thmn+1cWPlxy/wDTGvWPBPxysdHsI7Dxx4dttSji/wBdd/8ALWtib4/fsoZxq3ge9i/7bV6MadalVPbw2bcx5n4PhvvtX7+CvWP+Ew/4RvQY76e+8r/njFDXD+Nv2nP2dNHv/wDih7H955P76vM9Y+J2lalf+fBfSSRy/wDLGvrcslPqe3hJUcX8Z7RZ/FqbUlkHn/u66DQPEk8wjH/PWvA9N8YQQ+XbwV6J4V8YW81r+4r6qh8J9OsLQ9j+7PdNH1KCY+RXYaP5Hl/NXjfhvXv3UfkT16h4V1KDyrbnrXVLY+czLD+zO40ezgvP+WH6Vcl0GxN1nFSaP5E0UfkV0cWhW0sQMIrwMRiZU5Hx2JpUlV984jxt8MvB3xJ8O3HhTxxoUV9p91D/AMtofM8qvgP9rP8A4Jg2P7N+gyfEz4O6V/a9vLeeZNaeT+9ir9N4dEms5POgNS/2bZG0kgvIfMjl/wBdFLXj4ipSqvU8PEU4wfPE/nv8YaPpP/CW6xqt9fRW2oS6b5cOn+d+982tTXte1WbwRb32leDo9NjsJv8ATJf9XLLFX6d/tF/8EXf2Zvjj4yk+Kng+2l0DxBKfM84TS+V/36r5Y/av/wCCcPxi+CfgPUNUvr7VvFOnxf8AQOs/M/df9cqw9nRqnl1KlZM+Sx488GC0/fz2Nz9qh/5beVL5VcX4g8bQaNdSX0H2by4of3M0MP7quw8E/AD4Sa94XuNVvtD1KKSL935N3ZyxS1z/AMZfA/gCH4X3Gk/8IrfabbxTf9tZawpYZwqlrFQmrM8/8B+PD4b8UXEEGqeV5tnL/qpv+WsteieCftGg6VHe/bpfMlm/57V4nZ+FdDhv/t0EH+kReV+9r3T+x7GWK3I/dSf88q3xNKnynTT9ieieGviRq1lNJP8A8JHJbVyfxO/aK/4V7YSa5PBbXMlV59Avru6jIn/d/wDTKvJ/jNNALC4gnt/9VXi4PD0vbc0iDH8Vft36reyyT6Vodtbf9ca8/wBS/ad8Y+NuRP5kf/TWuH8YeD57yX7dBP8Au/8AnjVjwf4bgsbu3sFg/wCu1ejOhGHvwMuSkeufBmzgmivJ/FWheZ9qh8yGLzq6C8+HvgfWL+PXNc8228r/AJZVj6Def8I3af2tP5UVZfir4ka5NqkljYzxV4GJnifa+6ZLE6nrnhvxV4V02/8A+JUPtPlfu/KlrpIdB+HPjC1vIPEfg+28uX/llDD+9r5z8H6lfWevZnvvM82b/U165/wsmfTZf7Vg8vy7WGvmarxlLG8x1fuTx/4n/sr2E0159hvoraOWaXybT/V14nZ/s0a4NZuNJsJ/3dr/AKnya94+J/jzxT4k8Wxz2MHmx3UNbngPR/FWjXVnPBBF9s87zJpZof8AllX01HF1oUbzOylTPB/+GadWvDH/AKDJL/2xrsPBP7MfiqH/AEC40K5treKHzIfNhr68HwZ0rxJFHrlj4jitvtUP76Ktybwr/wASa30qe4ilktf3fm14mL4jlS9056l6R4H8JfgDpOjxSfaIP9b/AK6vWPDfwm+Feg38YvoLm9uJYf3Ndx4P+G+l6bYSTz30Usfk1jw6ZpVndeRP/wBsZa+PxvEeJnP3InmVapX8N+CYLy+uNJEH2a3lroNN+DUGj3fnwQRS+bVjQfEljDdSCfypY/Jqxe+KtWm/cWP+rryv7UxlZ/CcftpljQdNOm3UkF9VzUrzw4LWT7fB5Xlf9MaseD4YNeikg1Wf95FXSaboWh+K9Z/smeCP/QP3flf89a7KGLxlPWR6uBh9aMfQfgP4c+JGtW/iqDQ5dSt4v+XTya+lPB/xs+Kng/xHbweP57a28Jxab9m03SYZv3trL5X7qWsvwTpniPwHpf27SrGK2t/9X/qaz/GGpaHrHheSCCfzNQ87zPNmr6LBY1VqfvHv08A2j0SH9rrxH4J1C3/4SS++3afLN5cM0M3m17Z8Kv2lvhhr1r5/26O2/ff8vcNfC+j6nrhv4/t2hx/Z4v8AXXf/AD1r0DwH8TvCmmxSfbtDil/1X7rzqupS5KntKZ4GNy+cPjPzD/4Jiftwan+zb+09qHjjwX4a+zR+KNBlsryGOHzfKlr78+Cfxyvvh78KvEnxG0ODRPEHizxHrHl3mkzfvP8ARf8ArlX5r/sT6DffBn4v2elX3ha21K4uvNjm/tCH91FXqnxCvPHHg/xHb+OPAM//ABMNBml+x/uf+Pr/AK6138R5Th80XvHkY3BfWtOY+nNe/aRvvEstxqvjjwr4b/0WHzP+Ee0+zijlll/65VuaP8SdK8beXb+FYLnUpLqH/Q7SL/l1i/6a18f/AA3/AG0viN8WviNp/iP4m/BDTbLULC8/fatDpvlyyxf9cqw/EXxW8f8AjXx14o+BHwij1Kys9Zm83+1p/wB3LL/21r81q+Hntp+4z5z+yayrezPpz9sb9pGx+D/wakn8D+OLbV/FkV59m8m0m/49Ypf+WVfDc3xm8R6loOoeFvi3BHq+qeI5v9D1G7m82W1/e+b/AO1a94+JP/BK/wCMXgP4D2fx3+Dnjj+3/wDiZRad4q0+GaK5ltZZf+WtfOfxO/Z7+Jvgmwt9V8YT3P8AoupfvppYf9VX6zwxw9HLcHCB9Rl2Co4aiR3mgz6bpckFhqsltcRf8sqr+CZtc0eW4/sPSo5byWqfxa8YLD4X/wCEjsZ/9bN5fm1l/DfxJ4j/ALB/4SO+n/eS/wCpr62phoKjznT/ALR9k9E0288ZaBcyXHiue2luLqH/AFMP/LKuH+IWg2NndSQaVBH5cv8Ay2rrNNh1WfVbfVT+8j8mWSavL/iDrFxr2vXFjfebFHa/88ZqxwdKm6vORTqOrKxyf2yfwrqslh4c1W58yL97/wAfksdfQnwN/bY/ah+GOjRiDxxqUkcVn+5tP3UsUtfO/hvWJ5pZLGCCL97eeXDLNXWWevQWelyfbtVj+0RV6zp0KZ2OvUpe4fWFn/wWY+Kmm2vkeP8AwN5tv/y2mrtPCv8AwWH/AGZry18/xj4H8U+Z/wAtvKhir4Xh14eNtGuIDB/291Xg8YeHP9RYw/vP+uNc9TDe1NY4qSPuzxV/wUm+CHiSwk1X4c+B9Si/54+b5Vbn7On7bulfFS1ksdV0O+tri182T/U1+deseMLmzl/4lVjHH/1xm8uu0+AH7VHxN+APxG0/XLHStI1bS7r93Naah/1yrWleie5gc39iz9ZPBHjyDxJFHPpU9emeD/GM8Mv2DFfF/hX9pb9nLx5oEfiQfE3UvDeqSw+ZNpNpZ/6N5tWPCv7dXhWz16Pw5f8AjGOOT/lj5v8Ay1r0sNjmfZ5bxJRq/uz9DPAfxC8n/lvXqng/x59s8vM/lV8h/Cr4qaT4rsPI0r95+58zzvO/1teueG9eP2CP7PP/AK2vo8NV9qfT2wmNon1p4V8d+TFH+/r1Pwj4usLiLHn18meFfGE8MVvBXqng/wAbeTF5Fc2NwPtqZ8zmeUKx9GRXkM4/dzfrUd5D51ed6R8QFjijghn/ADrqLLxVDNFn7RXzdTLqtE+OrZbWpEl5r39m3/7+x8z/AKbVbs9S0vxBFJAy+Yn/AC1iliqrJcQap0ap7Kygs5MYrOUIwgY1KNL2X948y+Kn7EX7O/xehkl134eW1tcf89dOj+zf+iq/GD/goR4Kn/Zv/ak1T4LePrGX/hH/ACYpNN1GWGXypYpa/fiGzgh/fwVxfxm+AXwg+P8Aosnh34q+BLHVrfHEk1p+9j/65yUqWI9lL3zyp4aifzF2epaHqXxG8QX3hy4+3W8VnF5NpDD5de2eDodc8V6np89xpX2aOKHy5oa/RH4//wDBu38KxC+o/sg/EK+8HXl1e/adTi1ueW+iuf8AplH/AM8q89+NH/BL/wDaK+D3w6u/FXg7RZNa+w2f/ExgtP3ks0X/AC18qt8XKjXo2pnNJVqZ4BpGkWNna/YZ/Kkkr5//AGkPB3lR3FsJ4opJZq908K/b/wCxo77VfhxqWiSf9RCzljry/wCP+gz6lL9unH7uvnqGGrUq3KZVKh81/wBg2Nlax/8APSs82c+jj7RYz+bcf89q9g17wR4dvNBjvvs/m1x954V0qzijvrGD93XpGdOoU/iFo99qXg2O+gvv3nk/6mvP7PU76DWfsM8HmyeTXWalNqupeLZNKsZ5I7eKs/WNMg0zVP7Vn/dx/wCrrhq0jTkVM0Ph7NBZyyatfQf9cfOr0jQfElj4kl/4RXz7bzJaw7T/AIRzTPh99u1XypJP+WP/AE1rUi8N6t42urPXdKgito/J/wBVFDXz+JhT5+dmf8WscX8VNe0rQdUk/sqCT+0LCby/9T+6rc+GPjD4gQfaPFPjGCK5s5YYo9N/c/6quovPgnN/bX27xjP5sctesaP8MfhzeeA/sP8Ax4x2sP8ArZZv3VV9boxo+zPbw1M8v034tXGm+XPY2MVzJL+7hhrsPBPxgvtH0n7DquiSxXF1N/y2qTwr8JfhzptrJ4qg0qK5t/8Alzu/+mtV/iF42sdB0+OCeC2ubyX/AJazQ/6qKuN4DDYv7BpU/dHpniubXNN8uCD7NbRy2fmf8flc3e69Y3mlW/kfvLiKvB/CvxI8R+KvHkl9rljLLZxQ+XD5037qKvaPDP8Ay7142J4finofP5gbEMwh0aOfyP3ks1WNO8SeTN5H2Hzaj8beJLHTfDck98I/Mimi8mKq9nNf6lD59wIo4/8AnlDXF/Znsjxaftqh2Gj+MPsd159jY12GjzeI/wC3rfxjpUEUf/LSaLzv9bXkfhvU/wDiaSQf8u8U1dJZ/Ei+0eXyLG382umnljZ7eW1fYn1Z4a+OU8P/ABJPEZjlt/J/11Sa9qXgbxLpck+hzxeZF+8m8qvlfwT8Tr/xVqlx4V8R3/2aP/WV654J8N32m+HLfVdEn82O6/d+bNVrKXE+oo4r2huaP4ksbOWSxngklj/641zfjDQb7U7nztD0qSKOX/ltWh4km1zwTLJcTaHc+ZLWP4J1Lxlr8skGrTySW/8ArPslOmvZHn4mnWq1T5r03w1qv9ox+P4NJtovK/1NdZ4b0afXrqS+1zQ4vL+xy1X8YXl9D/xKYIP3cU3+qrQ03xhcWeg/YYPL8yWnj8Ti2/3cTx/4Zxdno+lQ6p/ZU9j/AKr/AL+17p+zR+zH8HfjZ4oj8VfEbVf7Nj0v93DDFeeV5teF6lNew+Lbe+t4PNuLr/Uw13mnalP4J+C1xreqz+XcWusfvof+WtLC1McdlDDRrTPRPjZ48+Dvg6KTwr+yv/bem6pYXkUkPmzS3NrdXUVcX4r+Kn7UPxb+Bsl98Rv2SrbUtQutY+xf2tp9na+VL/2yrwvWPidfabqlxY319Lolvdf6TZ/9Na5ub4zfGj+y/wDhG/hX8VNb02SW88zzv7Slr63B4mtSo8rNcXl9v4ZyfjD9nvVfEnxG1j4c+KvA9zpOl6XD9tm8qH91FLXF6B8K/Ed5JJ4OsdLufL879z5tesa9+058TvHnhyP4LTX2pf2x53l6x4n1GbzIpa6jwqfDnwl0u3gvvHEWr3EsP+urnq5liJfu4RPNqyxGFicH4b8B+Kv7L/ceXHb2sPlzebXzn421KeHWbie3t4v9d++r7A+POvQQ/DTXJ9K1WOK4uoYpfNr4f1iafUrWOfSv3lxLN/ple/lN5Uv3hGCXtP3jO8/Zz+CPir45/GPwv8CPhZFJc6x4y1jy7zyofN+wWv8Az1k/6ZV+00X/AAbzf8E+fhP4Xs/DvjPWdfudblh/0rUYT5v73/pn+9r55/4Nj/2e9K1LxH8TP2xNcsY5JNB02LSfDc3k/wCqllr9JPF+vwQXVnP4j1yOKOWHzP303+qrPHZjSpVvZyMsyrex+A/P/wCJ/wDwbqfD/wAReHNTg/Zm+NMsVwf3gtPE0v2bzf8AyLX5n/H79jn4/fso+LtU8K/EbwdeyW9hN/yHIrPzYpa/oE0H42fAfUrr7DY/E3SZLz/V/wCurpPG2j/CP4qfCq48K/GrQ7bxBod1N5dn9khi/wDRtVQx9LrI87BY+vVdj+WPXtSNndXH2+xlkklm/wBDi/561+lH/BJH/gkv4V+LXgO4/aa/ao0q9udPlmi/4RXw9DeS232qL/nr/wBcq8d/4Ke/sHSfsj/t3+HNL0FY5PD/AIw1K1/sGL/nlF5tfs9/wmGleCfC/h/4V+DtD+zW/hzQYrKzhtJvLiii/wBbXRisTz0f3Z047HOjTPjf9sf/AIJ1fAjwf8JdY+I/hXQ73Tbywh/cxRXn7qvzD03UvA8PimM+I/7S+0SzeX5Pky/uq/bT48fEPwpeaDJ4c8R+MdN8yX/XQzTV87/8K9/Y00fRpIL/AOEmm6lrEs0vnatXJgamJ9r+8JwGbVKUz5v+AP7UV9+z3r1nofje+ll0O6m8uHUYf3vlf9da/Sj4e+K7HXtGs/Eeh31te2d1D+5ltJvNr5/s/wBj79l74hfDSPwpB4GvbaS6m/fTXd55sVYfw38K/GL9iHXrex+HOq/234Tlm8u807/Wyxf9cq+mw2bQpfuz9OyLPo1HeofeHg/Uvtlr5/8AzyrtNH1791+4/wCWVeR/A34keHPifpXn+HL7yrjyf31pXeWc32OXyIK+ho4n2yP0WliMPi6J6Z4b8STwxf8AXWu40Hxh/q4PPryuzvIPssdbmj61/qxAK1q01VMKuBoVaR7po2vQHy4Aa6iGbzrSO4nry/4f3H9o3GZl/wBVXVxeKyJPIB/d18/icMp1fcPhcxwX7/kpnU+d+9qT7Z5PfNY0GsRSx/Mau/bP3XSuGph31PIqYY1PPB6CuP8Ai/8ACfR/ir4T1Dw1fXMlu91amOG7thiWGT/noK6jT/O6jpVgjPWuNN0anuHNpTqn5O/EX4rftyfsz+JLz4eft5/s+xePPgnLN5Wm+LND0mKW+sIv+etz5X+qrnfjZ/wThsf2hPhhb/Fr9hj4jab4s0uWH7TLafbP3v8A1yr9ctc8O6T4h0yfTdYtI7mKdNkkckeUce4r4d+M/wDwTh8cfs467dftBf8ABO7xLeaTrQu/tOo+AJrsyaPf/wDPXyoj/qpa9NVcLiY2kuWZ0+yweMXJL3ZH5X/Ej9nvx/8ADew/4Rz4t+Frnw3ef8sYpoa8zh0Ge8v4/B+laHc31xdfu7OKGHzfNlr9FP2j/wBtf4H/ALe37N3jj4O/Gnw3/wAIT8ZPCUP2KG0u4f8Alr/0yl/55eb5tdx/wR2/Y1+F3wC+C1n8ZPH3ijTde8UX5ltkmlvIpI4pP+2tebiKVXDnzeZYZ4Kdmfmf42/YU/bS8B+HI9cg/ZQ8UxW91N/x9/Y6y9e/Yh/ao/saSbXP2QvFt6PJ8ybyrOv37+LPxk8JeH/h3qnjXWvFtj5el2cskVpaXlfN2j/tzeJ/iF4AtNe8HfF6K2Q+b/xKf+Wvlf8AXWuH2lU8ZY+LPxp/4V7rn2W30Pxj4A1LTZPO/c6dd6bLH5VdhZ6lPo8X9q6HP+7ih8vyoq/RzxV+27rnxU8SR/DLw58OdA1aO1/d6ld6joMUssv/AG18qvC/jl/wSp+Itn8JfEHxw+FerW0XlebqN5pN3/rYv+evlVM6NLEfHA9HC1faHzn4b+OWh2WqR/8ACYwR3Mf/AE2rtLz4wfBbxtYXGlW9jFJ5X/LH7HXhfjzw3Yw+HLPxVrljc237n/U2kP72X/tlW58K4Pt1rb654A+022n3/wDrppf9bXLUymjfnPRlUaXuHsGpeD/hJ43+HFnYfDLxVJFcRf660i82KuDs/gP8TZrr+ytK8D6lqXlf8tvJlr6k/Zj+DPgaawj8R65+8j/1f7r/AJa19SeA/wDiT2tvoek6TY21n/z2lh/e1vhqmEor3zzqmY1mfnPoP7K3jiHSY4P+EGufM/1k37mrniT4YeP7PSv+RAvrb/ptFDLX6SXmveFfDckn27XIpJK5PUvi1ocOvSWNjqsUtv8A8sYfJpfWcHVOL2rrbn59z/De+vNLt4Nc+3fuu0sNXNH02ebzLfyJP3X/AExr7I8Sal4A8VS3Fh4quJJI7r/n0s/LlirHs/2Yz5fn+FZ/Ns5f9TDN+9lqYU8unWMz5X1LR54bDz7Gxl8zzqp/Y/Ec3l+RY/u/+e1fVl58E7GGKSxuLHyvK/11Yd58N7D/AFEEEXl16Esvwzj7pNPE8x8xzTT6brNv9nsZfM86Lzpq+uP2ddemvIv+J5pVtF4fl/487vzv+WtcH/wp+eG/uL7yPMj/AOWNamp6Dqt54bj8OWN/9mjrhxOCo+x5D08NjfZHsGpQ6FeXUkF9qttLH/z1mmrPs/CvgDUrW4n0PxjbW0kX+u86vmPWbz4geG/FH/CK6t9plt/+evnVJZ+MPGOmX8kH2HzdP/5bfvv9bXyssok2ejUxxh+CbOx8VeMriC4g/wBH8n/Wy1n6l4bGmeI5LaC382Pzq9kh+GP/AAit19h8j/ttXUf8K90r+wZJ7HSo5dQih/5416tLLlJ6Hk+1PnvR9H87xbZ31jpUv7qH/ltVP4/fsf8Axw03wlJ8U7HVft1vdTf8ekM3mRV7xLo99o91HPPY+XJ/1xrcm13ztMjsTff6P/y2hr1qWST3NaWZUsM+c/Kf4tTfEb/X3EH26T/V/ZJbOu41jUoP+FfaPrn/AAh1tol5532a8u/+WXleVX6MWfw3+C3xClkn8VeFYpZPJ/10P7r97XJ+MvgD8I9S8OSeDr3wrY/2XLN5s0vk/va744JfAdNTO6PxnwH4Di8Nw2EmlarfSXP2r/U6jaQ+ZWXr2vX2jj/hHLHw5Lfeb/qbubza/Rjwr+zF8HfB2lyX2h/D/wC0xyw+X53nV4H+0XeeDr7VLfwP4c8ARW0lh5XnXf7quZYL2b2PMqZ3RrM+N/2hPjlBe2Fx4d1ax+zahFDFHNFD/qq+fzqd/wD2NcTwT482H/VV9EftpeA7G88UW/ivXIJYri/vPLhii/1UUVeB694VuIRceRB+7i/8hV30rUonpYGpRdI/dz/ggP4CT4b/APBLiPWtQlki/wCEy1j7bk/9Mv8A97Xpn7TupN/wpHxBfaFY3Mcks3l2c3nfvZa6P/gi/wCCfC/xI/4I+fDe90s/vLWzuo/N87/lrS/tCeFT/wAM56x5A/d2EMtfM4mrR+u/vYnjZnhqjre0Py7m8jTbv9xqtzpv/LSbyZv9bX0R+xD+1dquj/FHT/gr4wvrm9s9e02X+zfOm/5eoq+Y9e/4TfUte/0GDy/Km/5419Kfsf8AgLXP7e0/xVPpUVzeWupWvky+T/qq2xVLByo+0pyPOpU+Sv7kjD/4LPeG/Ec2vfDv4t+K7GKOPQf3ej3fnf8ALWKWKvmv4qft4fHfxJpX2G+8cX1l9q/dw+TX3Z/wcFeG55v2NvCeuQaVHbR2uveZNN/21ir8k/FU0/2rT/t199p82b/XV15b+8onsLBQrI7Cz8Va5r0X27xH4x1K5uPO/wCW15XD+JPiH4/0HxHHcWPiO+i83/U/vq7DUr2DTYtP0qx0q51LWL+by9N0nTofNllrtNS/4J7/ALbPiTQY/GNj8D5LaP8A5Yw3c373/wBFV6ir0KWkjrpYXD0iP4S/t4fHD4YS2/8AauqyXtvF/rvOmr7Y+Cf7XfgD4zeF7efSr/ytY8n99FNXw3rH7FH7V/hvS5L6++EctzJF/rvslV/hl8QtV8B3/wC/g/sjULWbyry0qZ0qVT95TNIVOSX7s/Szwf4q0qbxHJ4q0qD+zdQih8v/AESby4pa9k+G/wC0IPEl/H4b8Y2P2K8/5YzeT+6lr4P+DP7RXg7xf5cH9u/6Z/zyr3jQfiF/bFrHoeq/9sf+mVThswxOHq8rPtcnzaVJan2xpt5P9kjrc8J6xD9p6V8/+D/i14q0fQY54P8ASbeKHy/Kr0D4S/Frwr4q1m3gvr77FJ5377zZq+io5kqqPvsNiadajzn1T4OT/hH/AAhceIb7q0Oa5az+JBnupAD+7qX4pfE3w5D4IGj6LqsBWWHyxtl6V4dN428mWOCCf93XRh4fbYZLlUsbKpUqo+lNB8bf6vE9dnpOvwXg8oS180eFfiF50Ve0fD3z7y1roxOFpex9oedneU0cKeqabefbYPlFXIO9ZWj3kUNvGT0rR+2wGTANfKVafvH55WpNVSxUc8PnRcCipK5jPZn5zf8ABZD/AII42/7a2nQfGX4L62dC8aaVD/pkdhiP+1Io+1fHHxI8efGL9hv4A+F/hJ8d9Dk8JW8upeZpv77/AI+pa/dO600zyRyx3EkflelcH8eP2dfhZ+0f4Vm8DfF7wfZahayRyeRcyWmZbb/prFL/AMspK66eJ54ezqGOJpfWqVqh+FHx4+IXxb+Knw+/caVqWm291N5nkzfuvNiqx4P16fwfa2dv5HlRxfu/9d/0yr2r/goN/wAEgPj/APss/BbXPGH7Nvx01PVvDH22K91LQtShlkujF/zy82vnn4J/sxD9pDwbqnxH1bxzfaJ4f0Gz8zUtR/1XlS1tGnGXwHif2bRomv8ADf8Aaon+D/xj1S+0qC2ubyXzY7PzofNii/6a16ze/tgeP/jNqmn3HxN+KltY6f8A6uz0nSdNli+3xf8AXKL/AJZV876Dr37E37KOg3nxb1Xxxq3j/wAYazN9m0fQxZ+bbWH/AE1lr2T9kT4kar4k+Mln8TvibpVtFHdXkUdnafY/Liii/wCeUUVOVoz5OU29lCS/dnoniTw3+zLrAkvrH+wLK8v7P7FN9rvIopfKl/1vlRV5P4C/Zd0PQfjnrHwI+C3jiy/suws4tRs9Qmm8z/W/62Kvl/8AaP8AjwPFX7V/iDSfDnmfutSl+xww/wDPWsf9lH44/EbR/jxo/jjxxPLbXmqax9i1L99/qrWKlicLVcf3Z0U6Vax+jngPw3rnwxubyD4V32m/2pa/8fn9rf6qWtTQfjPZfELUNQ8D+ALi5l8WWv7zUtO/5ZRf9cq1PFXjb4SWeofbvDdjZXscWj/abyWX/llXkfx4/aE8H6b4o8QePvgD9h/4SjRtN8uz/s+z/wBb+6rwauWVWvfPKo0uXF8p0mv3nirWNUjg+3xeZF+7mh8797Wf4b03VNHurj7D+9uP+m1cn+zT+0J8OfjB4H/4THxjpXla5f3l1ZXksP7rypa9I/4RXw54Om8/xJ4p0iOP/p7mr5/E5di6X8M3xNK1Q6CbxLfaD9ng1z7N+9h/feTDRoXxs8VeGxHrljpUkdnFN5f2uub1L4h/DmH7ZqsHxG0S+ki/489OtJv3tZ95qWqzRW8/iq+trL7fD5lnaTTf62L/AJ61yUsNjMO/aHOe6eCfEnhz4zaXJBbzxWWqS/8ALG7/AHXm1nw+A4dNuriDVTF+6rxOz8R/2DdSQarffZriLypLO7hm/wBbFXrngP4tWPirS4/CviP93qksP/Etm/5617uGxOIsR9TpFe8E9ldeTB/q6k/4Rux1KLyINK8uT/ntRqX/ABLdej0qc/u63If+JbF5Gf3kVdtLEznvAx9n7I87vPBPk+JLifW4IpY/9XVOb4b6Hey+RBBLF5tdprt55wknqvZ6lB9gkguP+Wtczxn733YHRS2NiHTfCmpeHLefxVffZrjzv9dVf+zfCt7a/Z9D1z7TJ/0xrm5/I8VaXZ/2VfSyxy/vK9A+G/w3sdNNvP5HlXH+tmr1sLTpUvfR4mIq1rGXo9nY3ktvY+I9Kl+z+d5cMvk15XZ69pdn+0ZcfCTVdKll0/8As2W5hm8mvozWPDdjZ6Vca5N/y6w+ZDXkevaz4WvNfuJ9dsY/7U8mWP7XD/zylr2vrKPKp+3raEcPjb4O+Gr+40mC48q4/wCW3mw/uq8/+MHxO8OfEiX/AIVJb6re2X2r93Dq1pZ+V5UX/PWqdn8BtJ1HXrjxH4xgudS0eL95+6mliqT4qax4AsvDn9h+APCvm/apvM0e787/AEq1/wCusv8Ay1qKdT2p0ewdP4pnF6l8eP7B8ER/Cv4SarLqUeg/u5ru7m/ey/8APWvm/wCOXxy/4SrWI7KCH7Fef8tpfJr6A034Y6TNo0l9pcEum6553/Eyhu5v9bXhf7Qvw98VQwyT6V4V8y8lh/13k1nUn7X92ddDD4VS5rnz/wDGzTvGWsWtvfa3rkWrx+d+5mi/5Zf9da8/PxU8Ea98Obzw5BpUkuoX8Plw+VD/AMta9Q0HRrH+y7fwdPoctt/b0MtlNL/aUv726/5615nZ/Df/AIUb4zvPCvnxf2po3+um/wCesVH1b2VE+mwHsT9mv+DUr9qbwn41/Za8V/sQaxqk3/CSeEr2S7hhl/5a2s0YGY6+lv2rtNn03wvrngDSv9Gjuof3Nfzb/sr/ALY3xi/YJ/amj+O/wdvootYtZpY4ftf+quopf9bFLX9J/wCyx+1D8Dv+Cq37Muk/E7wU9jbeLv7Ni/4SfQ4ZvMl0+Wvks1wNWt+8pnVmOG9tR0Phzw38Gf7B8L/btcsfMuPO/wBd5Neyfsr6bfaR48jstKg/0f8A5bQ16p8Qvg/rlndXlvBpXlW9rD+5/wCeUtV/2P8A4S+I7PWbzxH4j0q5to/O/cyzf8ta8TGU44fC/GfIU8LWp4nnPM/+C/159s/4J96Xqt9Y/u/+Ek8v/wAixV+I8OpQWc1vP44/0a3tZvM/dTV+xH/By94qn8KfsleE/hJPNH5l/wCJIr3yf+2tfif428jU7TULHVb7y5JZovJr6jJKd8B7Q+vwVP8Acn7Gf8G/f7LvgDXvBnxE/bt+Iuh22r+ILWaLTvDf2uH91axeVXvHx+8eeONYikn1bXP9Dim/cw2n7qKud/4IPzWuvf8ABMDxWmlQf6rxHFH/AOQq6b42eD9chsI9Kt/3nm1hKUPa++ZYn2lKieNzeNvFQl+w2PiOWKOX93/z1ri/jN+yX8OPjB8NNcv/AA3P5XiS1s5ZPO8mKLza9A/4QnVdNupIL6rHw9s/7N+KP9lY/wCPrTZY5q3i3D4JnNSh+655H472fhX4x/DHwlH4k/tW5spL/WJbbTbv/rlX0R+yL8fvibo/iOz0r4m6rZXNn/y2llm8uWvTP+CpXwfg+GP7KHg/xH9h8ryvGEscMP8A21ir4/1jxJBDFHY+R5sfk+ZXpQ9lVpXOuhiatKB+jGj/APBQ39mXQdUuPBuq/Fy2028im8uaK7mrrNT8b6H4rhj8V+B/Fdlq9n/yxu9Pm/dV+Ld5oEHxC+Ksnn2P7v8A57f88q9E+A/7V3x3/Z78UxweDr7+0tP/ANXNpOo/vYvKrTDxpqqfX5Jn3sJ++fsR4V/aY1Wzijsb7/V16p4P+Kmh69FHB9u/eV8B/CX9pz4LfHjw5HPY+OLbRNc8n/TNJ1aby/3v/TKu48HePPEng+6z9v8ANj/5YzV9BSxJ+q5TneHq0fcP0g+GMP8AaV1HBB+9jr6G0jxNbeEtHjN3LH5jw/voq+Cf2b/2itV0fRo77VbGX/RYfLmlr0C8+P2razf/AG/7dJL5tdKxP1n92cePtmNbkPsPTvigHP2jzv3f/PKup0bx5b3gwJ/pXx34b+MFxeWkcGK9I8K/E4QxRwef+8rsnllGrRueXicgjY+nNN8SQTf664rUg1KC4lzDXi2j+OBPZxyfaK9F+Hs39pRefMK+fxuW/VqXtD5PMsp+q0/aHWUVS1nWbfSrN5riQRp6muM8OfE7Tvinc3Fp4Tv/AD7GGTyru7t5eYpPSvGhS9ornkU6FWdPn6HZanpmkarp8mlaraxXFpNHsmgmh8yNxXLaL+z/APBDQNBuvCnh/wCFmgW2l30vm3lhFpsfkyyevl4xVzWvhrp2uwx293qWpRpF1EN5LH5lXPBnw+8PeBrLyNGWXy/+msvmVpeNKOkjKdOkonM+IP2T/wBm/wASaVcaHrXwE8I3FvdReXPEdAten/fquc1f/gn5+yhrFzZ30PwlsbKSwm8yz/s7915de0fuqkrNVa25koRR+a3xg/4NrP2SPGHiy5+JHw68feJfDfiS5vPtP2s3f2iLzf8ArnXxh8Uf+Dcb9q/9lnU9Y+Lvw5+JsnxDs4pvtNnpNpZ+XdS/9sq/fSo/I963o46qVM/nP+LX7V2ueD/gPrnwX8R+DtS8N+ONe03+zvsmoWcscsX+tirH+G82h/B74Qaf441zU449QlhljvJf9Z5t1LFX7k/t9fsAfCP9vD4Iax8LPGNnb6bql3BnTvEtrZRC6tZR/q8Sda/Br4w/sB/tNfsN/FX/AIUv+1f4j/tfwH/aXmaDrcP+ql/e/uv3sv8Ay1ranL2tXmPNqUvZP2h7p+z1oGl/Cv8Asuew0uLV7j+0vtt5pN3/AKqWKWXzZa9U+JHw4+En7Y3xf1jQ/Dt9qXha8lm+02ek65NLbeb/ANMov+eteX69438HfAHwvH8TfDfj7wvqWuReVHZ+Hrub/ll5VaE37RX9sWuh+MfH/gex1vWLW8/tGbTrS8ltpbD/AKaxS0YmlRX7wzh/tB7Z4P8A+CUfg7wTp95PqviqW21jyf3PlXkUsVeb/tQ/s6j9nvxJod9ffE2XxJql1DFH/Z3k/uoopZf/AGlXvH7Ot5f/ALTl9qnxw0Px/LHJ53mf2JdzS+bF/wBdYq8H/bAn8VD4gyeKr63ub6zsIZY7y0h/1sUX/PWvNp1MHVqezPNqUsQqxj6zPffDf4q248D6V9pvP7NiuZptc/eW0v8A39r3DwT48g8e6NHofjHwr4O03XJYfM0eLSdSiilll/6a/wDPKvjf4hftd+P/AIV3VvpPjHyr3S5f3ug6j9j/ANV/0ylr0j9g/XtV+IXjfVPjF4/12P8Ati6/eaDaRfuopZf+eXlVbwNP2n7s6Je2PrDwHpuh/E6LUPA9vfeb440GHzJtP/5ZSxf9Mpf+Wtc3rx1Q3f2H/V6hL/roq8D8d+PPGOg/Er+w9D1W5sry/wD9N027im8qXyv+WsVcX4w/bw+O/wAJvEdx8Rr7wdYy6fLqUWi2cM0Pmeb/AMsvN8qqlgv+fYfVtD60hsoJrGSCeeKWT/pjXNm8t5r/AOwwH95Xk+jftjT+KbCTxVrnhWXTdLtf+Qxd6fD/AKqL/nrXoHg/4nfBb4j+F7if4ZfGPSLnVIpv9dd/u/KirxKuW1ub92cbw9aFMk+G9nqvwB1nT5/jV4V1LQNPtf3c1pdwyyV75Nr0HiSL7d8P7GW5jlh/c19rfEj4ceAfiRoFx4a8YaJZ3MN1DLA0s8UZ8r86/OT4k6dZ/svfGqT9mX4e/Eyx1LR7qD/TdQ1Cb/SbCX/nl/ra7vq1b2xjicEqVI9J+M2pat4J+Esn9q6VHFcS/wDLHzv9bXxv4k8bT2f+nQWHm3l/N5f2T/nlXcaP+xP8afid8VY7fXP2jdNudLupvMs4bTWJfN/7a/va9w1f/gmb4xaGzsZ/H9lbSWvlSTSxQ/62vWpYZngYmp9WR896N4q8Z+GtL8/XP9Jt7qHy/sks3/LKtTwfr3gDw38S5J/GPgC++z3+m/adH+yWfmxRS/8APKvpiH/gnvod35d94j8YyeZF/wA8a0PB/wCyv4V8K2vn+KvHGt6tJ537mGWb91FXpYbBezPJlmUZPkkfG/ir+yvEnje8vvDljqUf77zPK/s391Vjwf4r8Y/HnVLfQ9c+HP2KzsP3c0t3o/leb/21r740fwT8HfCt/wD2rBpWm23/AE21Hyq5P4zfH74H+A/L+0arpMUf/UJhirT6sqbOCpWxDl+7Pzr/AGiv2Lbj9or4tR2PwW+HNz4W/wBVFNLqMP2aKXyv+favlf8Abe/YD8f/AArv49WOq/af3PlzXcX+tlr9OPHv7bHg748fEGz8OfCTXLmT+wZvM/dfuq8j/aF0698VWsn9uT/af33+q8mirSuezgcwxVE/D/xVoP8AZl35HirS7mWOKb9z5X+tr0j9hX9vH44fsE/Gmz+JvwrvpZdLsJv+Jlp0037qX/tl5tfTnxy/ZjsdeluL6Gwi/wC/NfJ/xO+APirQbqQ6VY+b++/fV5tXDfYPvMtzajXVqh/Qh+yB/wAFmP2Ef28PDkcPjHxVpHg3xBLDF52neIdYiiiupf8AplX15DDYzeHLf/hFZ9I1LT4v3kN3aalF+9r+OOWz8R+D9UkGqwSxSRf6n7J+68qvSPhj+2B8VLHSrzQ/+F4eKNJt5bOWP/kMXX/x2vmMVkKq1fePSqUqFXWmffX/AAWo/azl/aY+NH/CqdRvIpLzw5eeXNNaTeZFFFF/yyr86fjZDoem6pcQfbpY7yKaKvRPhX4k8VeMdG0//hKtDiis5byWOHVv9bLLL/01lrj/ANpDwTfQ+I9Pvr6Dy/tU376vewmGpUMP7MilT/en7o/8GrfjnRfGP7J/xb+FMF0L260zxBFceTMP+etr/wDHa+i/idDP/wAJ5HpV9pX7v/nrX4//APBs7+3V4d/Zi/buuPhj4nv/ALD4U8eWf2K7lu5v9Vdf8sq/fj4//CWA38euaTbxfZ5f3nmxV8rmmGqe2ujPMcO/YnzX428H6Vpt/wDv7GvM7zR9LsvG/wDbljbyfaPJl/fedXtnjazvtSupJ5/+WVc38H/g/qvjXxvHBPY/u/O/54/62oVB0qV+c8WleNWx8T/8HC2oweCf2PPhv4VmH+kXXiT7T5Mv/TXyq/JPUvHk95qv2G4v5f8AU1+gn/By98bLHxV+0to/wd8Oar5ml+HNNtf9V/yyl8r97X5j+dP/AGzearYQS3MkX7uvpct/3U+hw+H/AHWp6h8DbOfUvFtx9h/eXF1+78muw1Lwfqug3UgvtLljk/6bQ11H/BMHwTBrHxks9cng8zytS/fed/1yr0j9suzvvHnjz/hTvwq0OW+8SSzfufskP+to9py1jmPkvxJ4q8OeHPFvn2F99mvIv3lnLD/z1r6Y/wCCcn7ZbeMf2o/B/wCz1+0X4pto9D8T6l/Z0Wuf62Ww83/VebWx8MP+CKvxGmi/4TH9oyeXRJJYf+PT7Z+9ruJv+Caf7PXw38vxXY6HrctxYTeZDqH72Lyq0qY72ex6GFzethD9WPj9+zT4c+EvgjT/AA34A1yO90+Lyvtl3/z1rx8TT2cXkQDzLf8A561+U/xa+PH7Xv7LvxGt/HHwy+Jvii+0/wA7zJrTVtSluYv/ACLLX2x+xP8A8FOPg7+0tYW/hTx/PH4W8QeT/qtQm/4+pa9LLcdRmz7XKc8vA+pPDesTw2vn16R4b8VQQxx7Z/3lef3lnY6Ppcc//LOWpPDeoQQyx30FfW0sSj7TDZlRxMf3h9GfDfxJcXcn2GvpP4YyiDTo55V8oyw+ZLXyR8Jdegl1SO98/wD1Ve6X3xi07SfCdxc2n+sjs/LirxM6zGHJ7M8HO3DFL2cDw7/gpX+2He+ErST4f+DJpP7Qlh/5Yzf6qvcf2AvC1x4c/Zw0SXV1zfalb/aryST1lr89/iF4b1X4tftm6XZXx82z86K5m83/AJ5V+qvwv0uHRfCkFjbw+UluPLhFeIqi+rnl5rQo4XLYxidTI4UcjOa5z4jfEnRPh/pv9q6pcxxBRyxrY1m7jsNPkvW/hr4W/ap/aMk8V/FSPwdp0/mWejn/AEzyf+ev/LKjBYaNar7x5/DuT1M1xOvwI+vvAvxesfFsUYmaOAyDzBGZM/uq39f8Uab4X0qTXddvBHZxDzPNrwD9mj4Ya9pCR+IvGtx5+tyw+Z/rP9VF/wA8q43/AIK2/tWaB+zn+y7qAuNV8vX7povsen/89Yq6MTh6KrctMjO8HhMHi+SjI5345f8ABXq+8E+KLzSvhl4GttX0+wm8ubVrubyoqx/hV/wXB0nxL4jt9D8b/CqS2tz/AK6706bzIoq/Ifw3+2B4q8YeErweI9Dj02z87zPsn/LWWWs//hoXxzNLHY+f5cf/ACxiih/1tRSw1J1T5upifZH9KHwN/aE+Ff7Q/hX/AISr4W+LLfUoo/8AWxRT/vIj6SVyX7bv7Gvwq/bl+BuofBb4lweWko8zSNWi/wBbpl1/yymjr82P+CLv7U1j8P8A4y/8I1rl9Ha2/ij93eebN+6il/5ZV+xg8iaLz4P0rCrT+rVfcNpw9rA/k3/bG/ZY+Kn7EP7TeofBj9pOC+1K8sJvN8N+IYv9Vfxf8sq9U/ZF+PFjBY6fP8TYI5byKa6im86byvKi/wCWVft7/wAFff8Agnp4e/4KJ/soav4C0m2s7bxppgF74V1uaH/UyxfvfJ8z/nnJX84w8N6pptrqFhfX32HVNGvJbLUv7W/56xS1rP2uLpWpnIqXsj9ZP2b/APhVeu2txB8FvEf9keJNUh/c6t/b37qKWu0+JHgP4m/FT4aeR4Vn+G8njSKby9S+yeNovN1S1i/5ZeVX5r/sB+MND1j43af4A+I19Lc6XdXkX/HpN9mr9fPHH7KPhbUYtP8A+EAg+wxy+V5N3oc3ly+V/wBdYq8WrhqeCftKhB8N+A9B+EnxO8Z6p8D/ANoX4ZS2UksPmabqNpeebFa3VcH8VPAfxU/Yl+IOljwP5d7b2GseZptpD+8/1X/o2v1M8K/8E6/2UPBHhyS/vrHW9SuLqbzJv7QvPNlil/7a1ctPgZ+znN48t/FXir4V/wBpXGjf8gf7X5X7qsnndKnS/dnJUqH5f/E6H4qfHj7H/wAKW8Hal/wmH2Py4fNhlj/1v+t/5ZV1Hw3/AGG/25/El1Gf2hvhJbf2HYQ+ZDDafvJfN/56/wCqr9PPDth4b8M+NP8AhIPBHw503w/JMPLhm+yRSSy13+o+IviEmj3F5rF4BJ/yxAh/dV5y4oox0M/rKPzo8N/tLf8AFG3nwd8SeB/C/huztYfsU0V3oMX2qWL/AL9fva8X8Vfs3/s8+NtG1D/hVfxw1bRNYupvLvLS70G6toq+8P2kP2Y/gD8Z9Qt/ib8d/tPh+S6hijh1bTv3cUUv/TXyq+W/jZ+z34//AGe9M1Tw5pXjj+37fVP3nhXxDFN/x6/9da9LDZnCep0YbEUap+mPxN+Meix3Eeh6bKTLFLzNF/yyr84vjZ+y5qusftL+IP2hb2eXzJf+e3/L1X1odSvvB+sRwX1jHLb/APPb/prVM+f43trjw5rsEf2OXzfJmrXBYt1q3JM+Jq4usp/vD570DR4NN+z/ABG8D+HP7N+yw/adS87/AJaxf8ta2PFX7afiOYyT+HLGWOzi/wBT++rtPh7oMF5a65pU/wDx56NpsttNF/2yrk/CvwTsbP4X/wBleI4I47y1/wBdX0eFt7U4qvspUjHg/bf+NXjCGO4gnl8uWtDWPi38Y/EkXPj++tpP+mMNaHgn4M+HP7PjsPPiirtNO8H6Vo//AB717NHc8SpS948rvPDfjjx54S/srxV4ql+0edLJ5sv7qvE5v2S/GM+qyX3/AAkdzcx/88pZq+vNesrCzi8iCubm02xh8w+f5VXXw/2zRS5jxf4efBPwf8JZpL6HSoo9Ul/100X/AC1qTxVo/wDaUUnnweb5td5rFn/pX2if95WPqMNvMKwrWgjqpUzxPXvh9AfMzpP7uvH/AIhfAHSdSupM6VFX2BNZweV/qK5+80GD7VIfsPmebXl1TupQrUn7h+d/xI/Y40PWLqS4nsZPMlrye8/4J2WM2qfbpoZfLir9VLzwJpU0vnzWMdc3r3gPSv8Alwsf3dQe1SzKtTpH5j6x+zT4j8BxR31jqt7/AKLN5lnaf8sqj+J3wf8AiNr3w+j8cfEbVYrm3i/e2fkzf6qv0E8d+CNDOl4/sqKTyv8AllNDXxH+0J4cv5vGf9hX88sWly/8sYZv3VTUpnpZbmNSrV/eHyHZ+KtV8N+M7fxVof8Ao15YXkUkPk/8spYq/pe/4Ic/8Fe/h9+3n8ErD4C/H/xTptl8RNJs4reK3nvPL/tm2ix+9i/56yV/PL4k+GN94V1nULGfSvNkl/1P/TWKjw34V+KnwTlt/ib4VnvdN+yzeZpuoWk3lyxS/wDTKvJxOG9sfW/uaqP6zPHn7GcGveI49csfGMttbxTf8elrDXmX7an7V3wW/wCCcvwE1DxX4h8ReZ4guYZbfR4f+Wscv/PWvw0+GP8AwXz/AOCjGg+Eo9Kg+OGpS29r+7/0ub97Xz3+0L+2B8Tf2rvElxfeMfH8ut6pdfvf9Lm/1UteEsFVdf3zz/qVKFY4v9ov4zeMfjB8Vtc8VeMZ5JZNUvJbmab/AFtcXZwT6b5gnn/4+pqualDrms6V/ZU8Hl3FR+Kh5N/Z2I/1lr5XnQ19LhtKNjoPcP2XfipB8E7DULG/1X7NeS/6T50Vfrx/wSR/Zo0nwr8Frj9svxxpX23xJ4o/e+G5buHzJYrX/lrX4JzXl9488Uf2VY+ZFJql5FZV/WJ8P/hDb/DX9k/4Z+DtH0z7NHo3g+1i8r/rrF5v/tWvJzapVpUbk/V2fLfxUvb/AMSapJNfT/vIv+W1eT+N7y+m0aTSb6CX7H/z1r6U+Kvw387VPsGh2/myS/66Kvi/9uT45eDvhL4oj8D/ANufaf8An88qb91FXzuGxuKq/BE5KmHp1Tz/AMefCuD4naXcaFPY/abPzv8AW18V/tafsueMf2afEen65fWNzY6ff/vNH1aL/nrX2p8Df2ivhJearcWOq/Ea20i3/wBZ/wATCH/W19Aal8K/hj+2p8L9c+DvjGCLUo/J8zQdQtP+etelhsZiaFb34DpXo1PckfHf/BP3/gp//Zusx/Bb9qHxV9h8qHy9H1Cb97FL/wBdZa/RDR/FVvZ2sfn/AL3zYfMs5v8AllLFX4X/ALSH7OviP4S+N7z4f+MYZba8sLz/AEOb/plX0x/wTK/b08UaVrEHwD+NHii4vbOKfy9Hurv97JD/AMsv3stfVf2lW9j7Q+mwOZS2P10+GPjyezuvPn/dRxV3mpeNv7StY4IJ/wB3Xz/oN5PDYfuP9X5P+truPCupfuo/tFfMYnMq2KrH0ODX1ireodp8FPDcGvfHO3v54P3lr/y1FfdHw91uYJ9lz8lfIf7MsEFrfSapPB+8M1fTHgLXjDH5Fet9Z9nhDuznCqphPdNr9oTxzY+B/hXqvii9m8v7Lp8sv/kOvzr/AGbNZ0/x/wDEDU/jPrk+3SmuftFxHOn+tr6S/wCCnPxBuoPgPqHhuyn8u41S38ta+Y/h7ow8I+A9C8HeR+71Tyo5v+/sVduCrczij6ngvKo0soq1J/aPtXRvi4ngPU4PHPihv+KOutN+0W2obf3lhL/zyk/661+NH/BWb9tiz/ak/aQ1RLK6ik8P+HLM28MPk/626i/1VfcH/BWv9prSvgd+ytH4E8NarDHf6pNaxTaZFX4m6ZN/aWvXljPBLLp/725mmm/5612QtVqH5fndGnSr1LG54V1LVfG1r9t1WCOOOL/pjWxDDb2d1HPP/q4pqx5tSn0HRvIsIPL82o7PWL6aKPz5/Nrel+6PiuarM9I8K/Ej/hXus2+qwT+X5U0UkM3/AE1r9/8A/gmX+1dpv7UX7O+m39xqgl1nRoIrbWIvfyhiv5sPOnvL+SeeCS5t/wDW+VX6l/8ABvp8TtW0L4p/8ImDJ9j17TZfOi/6axVljaftIHvYNe1oH7E3n7nrX87f/Bw3+yNpXwa/4KBWfjDRLiOysfipZ/bbSK0/dxWssUsUUv8A21lr+ijUMS2ciivxr/4OpbO91L4YfCf4qeHLGP8AtC1muvJ/65S1lltX2NYZ+a/7K/w7+JuvftQeG9Kn8v7Hf6l9ihm/1cvlf89a/fz4J+G/Ef7N9rp/gD7dJqWh2Gj+XDLLN5sst1LL5tfz3/sreMfHHgn9oLwf4rg1yW51C61KLzpv+fWKv2Mm/a68VeJBZ6V5/wBpuP8AltXznFE62Ipz9keTV/e1j68hvIPt8Z1bxj5sn/LGGKo9Y02xmsI7+/8A3t5FN/oflV4P8N/iboepaz9hvr+2j/c+Z9r87/lrXeQ+PLHQf+Jr4j1Xy/30Uf8A39r86pYbMeQyq/uqR0l5rvjKaGQ33hz/AEeKH9zd1T8K/Ejx/Zy241yCSXT/ACf9bNXYXnx++HOm6pJ4O8i5vfK/13kw/uq5nXfh1qnxx8XQz/DrXLi20C1EUk6Hjy/NH/LKohk2LrVfdOGNKFTYm8eTeFfjB4C1TwPfWFzJZ3UPmTfuf9VXzX4U+IV94J8L2/wyg+HNle/ZdYltptQ1uz83zYvNr7X8Bfs9eMPDl75+p+LoI7fyPL+yWlvXWQfAf4WTQyi58IWsnnSfvTMP9ZX2GU5ViKP8Y6qeGq0vgPkSbUtVmsJNV/5Z+d5dY/8AwsnVdB1S3/taxij/AOeNdR4ws/Ctn8L5LGxvfLjupov9d/ra87s9CvprG38R+Kp/s0f/AC5wzf8ALWvVw1Llre4fC/V3ig1L4nX3lahrkEEVt5s3+mReT/rax/GvxO1XxJ8WrzVYIJLbS7+GL/RP+uUVcvqWj+I9f8T/APCR6t5ttb2v/Hnaf89ajhvLjWL+8hvoP9VefuZf+mVfRKtCidFPC8lE6yz8YeTqn2mCugm+JFj5X+ork5tOsZv+PL/llVyzs7HP+oo/ttUTm/s25sQ6xYalF5809Z95eQTS/uKr2cME9p+4Wj7H5PFH9t+1HHAop3k1j/qIK5+aGfza6SaHyqpzf9cKz/tE0+reyMOaGo5oYJhyZauTQ+dLijyfK7Vl9a9qa0qZzepQ/wClSAmsfUoYPKrqLyHzpcA1j6nZe/0rWlV9qaVKftDzvXtN86WSCvmf9qj9n/VfEg/tXw7BH5kVfYmpaZ6W9cX4k0fzrWSDyP8AW10+1R04ap7E+P8A9mnwVpWpS6x4O+Juhx3OoXXlSabdzQ/8esv/ADyr0z4kfs66TrHhGPwdPoX2a3tYf3MM0P72u48K+AoPAfjePxXPY+ZHXSeL/jlpPiSX7DcQeVJ/q/OrxsRVq05e4fSYHE398/Ofxh+y7faxLcf2HPJFHFN5deb/APCh9c8E/bDBYyeZ53lwy1+gmpad4V8q4t9KnjluJZvMm8quP8YeD/Dl5a/YZ/LrjljXCqe3ufEej6bBo+sx/wDCR/vP+uVcn8ZvsNnfx65AJY5Lr/U19Wav+zrrk9/Hqs/lfY7qb9zF5NeR/H79nn91b+I55/8AiX2v7uau7DYm5n/y+PF/hTqx0jxv4f1u+Hl+V4ksJZpf+mXmxV/Z7eeGofEXwY0DUrO3EkH/AAi9kYZfb7NFj9K/iu8SaDqug6pJ59v/AKP5P+h1/Wz/AMEYP22PCP7af/BOXwZ4jvfE1lHreh6aNG1+KWb/AJbRRY/lj8qMyp+2w/KachhfHjz/AIV/s++JPjHf2P7y1/dwzV+E/wAYP7V1i/1T4gfYbmSO61KW5mlu/wB5/rZa/pA/aW+Fdj4w+A+oeBvI83S5Zv301fD+g/sK+B7z4jafoeueHI7nQ7WGWSa08n/Wy183gsbHAV+SUDzatT2VTkPyH8H2fhy8tZL6/wBK83zf9d5sP+qr2z9hv9sz/hnv9qDw3YweKrmLR7D/AJh0sP7qX97/AKqvrT42f8EnYNB8UahfeDv3cd1+8htK8T8VfsEz6BdW+rQeHP8ATP8AntDDXvVcXhMTQ52c31mj7b2Z6R/wXI/Yhg179l/T/wBsvw3oXlXn2z/icf8APKKKX/lrX4v6lrHjHwp4ut/EfhyDzJLCaK5+1w/8ta/qC/bb0eGb/gjj4j07xVZfafsvhq14u/8ArlX8tvjbXoLPS47G/wDM+0f8tq2y6Ea1E9PB/Gftx/wTf/au8Ofti/Cq30mDW7L+3NL/AHc0MU372vqC10E2R/cD/SK/mg+EHxo+I/wD8XWfjn4XeJbnSby1l8zMN5LHHLX6x/sC/wDBdnSfim9v8Pf2obHTtI1jMUWm6tp4/wCPquKrl6nW5on1mWY2j7ZXP08+EviqDQf3F9P5Ve0eCfHkF5FJOa+Q9M8YW+sWv9uWOrR3Mcv7z91XoHhX4hQWWlx+TP8A62u1YanUpezP1nD5bhMwwJ1f7W6QfEiLRIRN/qq5jUfh7qf9maXP9j/eWF7FJCP+ev72tvUNVtvFEVrfTf8ALsf3NWvEfjJ9L8No1vP++MvFeth8tUaHPB+8erhsNLD4L6vRPzS/4K3+Nr34kftBx6H5/lW9rDFH/wBtf3VfKd5pv2O6+wwT+b5X/TGvtD9sD4Y+HPiF8S7zxJff8fks3medXz/8SPg/qugxSarY2Pleb+7rjp+2pT5D8a4qybEUcRc8v1fUv+JN588H+trHh8iY/uIJPMrrLzQdVvLCOCex/wDINU9H8N67eXX2Cx0OT/rrXo0qcmfDU8tncx9A+3Q+ZYz2P+t/541+rn/BDn4YX0PibT/EbWXlR2H/AMar5L/ZL/Yn134ha9p8+rWMnlxTfvppYf8AVV+xn7DvwN0X4P6LHb6fZeX+5rpxNKdOlc+jy/B/V6EnI+l9TvY7aANMeK/Hz/g5e8beFvDf7NPwnm1b97JLqXlww/8AbWKv1b+LWuDRfB13qiy/6pa/Cz/g50+KlhJ4g+BvwR8Q2BkksYbXUZv/AEbLXm4amYzoJ4fmPmvwT4P+HPhXx54bnnnudNvL+H7TDd+T+6l/6ZebX1JpvxC8OfDy1s9V+Klve21vf/8ALW0/eyxV5vqX/Csv25PBvw/8OeFNWsfDeseDbyK2hm1GaLyvK82v0U+Hv7E3wx03w3o998Rv7I8U/uYv+QdXNjfYqpqfOVubDTOH8E/DfxHr3wpj+KngDSpJdP8A9ZZwzfupZYv+evlVyfhX9qjwr8Wov+Eb8ca7LptxYXn7n/ll5ssUtfcGjzeDtBijsfC2lS22nxQ/Zvsk37zyoq+R/wBtn/gmz8K/GFhqHirwPBqUV5L/AKTDaafeS+b/AOQq8zEQwVaFqZ5CxiqP94e+fskar42+IPxG1DwdqDxLo/8AY8Wo6l5U3mebFLL/APaq+xF8QeBvhx4dj8torWzi/d/uY6/P/wDYJ8BeKf2b/hpqHh3xxqkv2fxHpv2Kb7ZN+9i/55fvf+2tfTGpaPfaB4S/4Q6fVZJft/8Aqf8ArrWeH9jhKJn/AGiqP8M9Luv2jPh5GuLTU5J/pFWrpnxd8MX2nPqj3flxRS+XL50XevnvR/BHjjTdVt7K/MUlva/67yYa6zXodV1KK3/sP91HFeeZeQ/89a58Pmv1iv7OmclXNcXS/eSPI7z4G6VZ6Xb3/jjxjFbR/wDPH/WVx/xJ1hZtUt7g65/aVvYfu7OKWH/VVj+FfGHiv4h6/HfeMtWkk8qHzJof+eVamsQwaafI+zxy+bWVPHUaX8M29lRpfwzH1LWJ9SlxPB+7/wCmVYf2Ox+1eRBW5eabfeb+4/1dZd5Zzw3X26D/AJa0VM2VU4qpYtIfsZ88VchigmFRw/ubCPz6k/5ZV4mJzKsZEcP7n/U0VHD/AMtKseT+6opY4CnNDVeaGtCaHzv+WFV5rP8A6YV2rMzX2Rl/Y/3vWqf9m395/wAsK3LyHtWfNDNDL+4/1da0s2omRj3ln6wVn3mm9/IrrIYajms7fPWvSpY5M1pHD3mm9/IrPvPDcE3/ACwr0A6bBN/ywqneaP38iulYvzK9lE8vvPBP2zzIJz+7rz/XvgDBrF1JPB+6r6I/4RuCaLz/ACKrzeFdK/5+PKqqmNo9Ttw03SPj+z+APiPR9UuL795LH/yxrD1j4P8AiOz1DzzYySx19kXnhXyf9RB+7rHm8K2/iS18iCCvKq4nCwfNKZ71LF1GfJ95o3iSzij/ALcsY47eL/U1zfx+0f4V/Ej4X3nhaxsfsV5F+8/1NfSmvfA3VfFV1JBP+6t4v+mNed+PP2P9cg8Oaxrk9vLLbxf6manhsdQnU/dnoQqp/GfmX4q8V+FNB0u40rVfCtzfXnnS23nQw/6qKtr9kL9tH9ob9g3xHf6t+zb45EVvrA8rUtOkUSf+Qpa7742fCv8A4Vj5n9h6H5un3X/IS82vm/x54I0rRr/+1YJ5fL87/UxV9IqntaRt7Q/pT/4N7v8AgpDq3/BQf9njxL8H/jh4lttS8Z+F72WS4hx5cn2CWX91+7r6t1f4YHwrrsmuW8H7uKHy4f3Nfyl/sE/tyfFT9gL9ofS/jv8ACvVpIo4poo9S07zv3V1F/wAtfNr+qX9hn9vD9n3/AIKXfAvTvHPw88XWH9py2edV0P7XFJdWkvvHXg5jgfaVec4sThva6nBfE6fXP7Z8i9vopLf/AK4/6qsf/hD9Kmm+zmxiufN/1NfRHiP9mqxmuri+nn+0x/8ALnD/AM8q5r9nb9l/xX4c1iXXPiJcjybW88zTbT0jrypKtD93GJ8+svr1MWeLf8Fh7mb4e/8ABJPxpa6rN5ZlgtYs5/561/KT4ws77ypJ5/Lk82b/AF1f09/8HRPjW68Of8E138J6XANms+KrCNpR/wAsoopa/nE+LXw3ghsLOfStciit7qH/AI9IYa+qy2m/Yn0tKl7E8bh/tzHkeT/21rqPAGnX+l+KND1S2srm9vDqUXkwxQ/8tf8AllWpZ/De/m8ufVf3dvF/yyroPAfxO8R/Bnx5p/irwdof2mTRtSivdN+1w+bF5sX/AEyrU0VVx/hn7sePPBPxU/ZY+APg/wCLfj+wtraz1TTbWOa0im8yWKXyv+eVcP4b/bw8D3utR2N9qv2KP/rjXz38B/8Agq78W/8Agpzr0f7PXxxntra4tdN+02csNnFbRebaxf8ATKuL8VfDeCz8RyWWuwebJFN/yxrx62IrYWsfbZJxRVwi9nUP00+HHx+8K6xFH9g8Y2Usf/PGabyq9AuJ4fHcMcGhz/u5f9TX5L6br0/g+L7fBfX32eL/AF376Wv01/4I9eNJvjrBeaFcH7SdMs/3/m/8sv8AnlXvZZip1T9BwnFOFo0fbHiXxy8E6r4b164gnsfN/wBM/wBbUej+D/DmvWn/ABVUHm+bD/qa++P2mv2U7e9sJNWsNL/1UP76WvkvXvg/q3hC/wDIvreTy/8AWV72GwlOszepUy3iSnzLc4Pw3+yv4O1KXyJ/K+z3U3/kKvUPBP7E/wACIbuOf+ypbmT/AKazVY8H6N9s/cefJHHFXrnwwhsdN/fz/wDLKvWw2B9j/EPEqcJRo7HSfBL4S6V4b/48dDitrf8A55eTX0R4b+z2drHBY/6uKvL9H1ixs7WOCCetuDx6NIhFkp/1tYY6mpo8vE5JUjE6L4p65b6/pcfhCa68uO+l8zzf+mUUsVfzlf8ABbD9oH/hrH9v/WLjw1qltLp/g2GLToZv+uUXlV+wn/BT79tKx/ZE/ZZ1z4qarqsVtrmqWctl4VtJv9b+98qKWv5z/BXjDXPiRNqh1yx8rUNevJZLy7l/1tfP1KlOkfFZn7Kk/Zw+ycfN/wALO0HxbJ4c0Pxjc+ZF+8hlh8391X6uf8EVf28Pib/wm+l+APidfX2r/wCh39tN50PmWsXlRfuq/OPQvDd9qWs3FlfQSS+VD+58qv0g/wCCP+g6H8H/AAZH8TvHOg3Mf9qTXVl5P+qlirzcbL2yPmsRVVVH62eA9Sn+Kvgjz9K0PTbbUP8AltF9s8qWqem+DvHGj6zJqt95UUn/ACxh+2ebXz38K/Dfg7xJ8S5PG/gf4jXOiaha/vPsmo6lLc/aq+nPhv4w8K+Ntd0/w54x+xRyWv8ArpfJ8uK6r4+WFxFDE80Dw8Tg6VRmX/wpM+Pbq4n+IuqW3meT5kP2S88r/rlXR+AviNo/xX0b/hItOsZIv7L1KWymiu4fL/1X7qu98YfDH4faxax+QBbSRfvIZoa8u8R/B7xp4Tk1DTvDOt+fZ38323/Rof8AVSxfvaqvUrVf3Z5ssG6R6D4h0SPUbK41O0b/AEi2/eCqfhXx5od5a/6fpUkVxFNVgjVbz4c2/iS/v/LvJdHiju/J/wCWstY3gr4f6prmn2+t6q/lJLN/qa5qOErYar7SJjXjzRPnybR/Cs1//ZPhy+l/tCKHy5pZf9VWHrH26HULexqnoPiTQ/h7qlvBfwSeXdWf/H3NVzUvFUGmiO+sRHc+b/zxr5/E1MVS9ymevUpUiTUryezj/cQRy/8ATGq8E0Gs2vkf2H5Un/PbzqsalZ6VZ3f26+/dSS/8sZqp2dnfQ3Xnz33lf88f+mtebTxdak/ePIqkej+fqUUlEM3lfuJ63LPR/sZknxVezh0qa6/1FCzHmlYzpUyPTdHnvP8ASIDUd5D5MvkVYs5pppbi3t/3UcU1RzfuZZDXd9Z/cno8tEr+T/08VHNDViftVeaasvaVjlKc0NV5+1XJ+1V6z9qyPZFeftUcMNXPsft+tSeT+68jyK7aeOrUwp0yvDDB1qx/xI/+eHmVH9j87ijyfK7Vp/a1Y6ynefYZpZIIKy7zTfOlrc8kQy/8e9V7yYeVXHi83rVTenUMeezsbOL9/wDvKy7zxt4H8H3UlvqvmxRy/wDPKGugm02CaLz565/WPhVY+MIpJ57jypKWCq+2n+8O6lUOb8d/tCeB9BtY54BF9j/5bTVHeftUeANT8OXHhzSdctpdPuv9d5sNcv4k/ZFFna3n2iaSX/lp5M01eD+KvBM/hzVJLG+8OXP/AExr7vAUsJClzHq0pUWcn8eNe+GXxC8R6h4c0qD/AIl/73/lj5Xm18d/Ej4caVDrPkQQfu/O/wBVNX1Bqfg+CbXpNV0rzI7z97+6mmrz/Uvgx4k8VeI5INV/d+V+8r2qOJw0EdXLSgfJfi/4e6HZ/aNVsZ5PtH+r+yVofs3/ALRPx+/Z28b2/j/4OeP9S8N6pYf8ulpqUttFdf8AXWKvqDwr+yX4Vh1S4g8Vf8fkv/Lasf4kf8E0/EfjCW4v/Cvm+Z/rP3Vd3taFYOc+qP2Xf+DtD9tL4e2sehfHf4O6J4ts7X93Ndw+bFdf+ja+wPBX/B31+yJ4ksI4PFH7PfjK2vP+W0VpeWstfhX8Wv2Xfi38JfLn/wCEVudS0+KH99d/9Nay/B+p6V4atbfXPEehxWNxL5v+ph82svq1IOc/QD/grD/wV617/gpxf2fgbw9od74X+GFhN9ps7TUPKklurr/pr5VfA/xI02Cz0z+1TP8AvIv+POs/UviFB4k1STw5+6j0f/WQ3dY/irxh/on9lX199p0+1/1NaRp+yNDHvPFWufZY4Pt37ys+fxfrsNrJBP5X/TH99Ud59h1K1kvtC/0byv8AnrWHNZn7fGYJ/Mjp8gezPWP2NfjVq3wi/aA0TxvYNJHcXWpRW03/AFylr9VPjZ4PsbO/kvvI8qSWGK5r8Y9F1S/stZt9bnXy/wCzLyK5/df9Mq/ag/F/wB+0h+zT4L8Y+HIIo7j+zYrbUofO8yXzfK/5a152YUrw5w5PaHj8E1j/AMv0HmRy/wCvr9HP+CDlh4c8GeJvEF7Y3MnmX/8Arof+/VfnfrHhTN1HBb3Ef/XWvUP2Wf2qPHH7K/jKPxhocEvlxf8AH5D/AM9YqrA1VFHpYerB0fZSmf0GzQWGr232O5tB+97GvIPir+y5pXiMyTWdqg8yvBf2b/8AguP+yF8Q7W30P4jfEbTfDeqS/u/J1H935tfWfgf9or4H/EWwW+8D/E3SNWt/+e1peeZXuYbFVaFTnpl4LHY7LK3tKJ8keJP2dfEfhu5uIbCD/V1n2eg32gn99BL5lfZmsWPhbxWjrZ3ltP8A9cjXnXijwV8K/Dwkn8V+NtNsY/8Alt9rvYo6+kjmkatDXc/QcDxfGdH/AGg8c0ebVbzy7GCx/eVY8YeIvBvwf8BXnxi+P3iqLRPDelw/vprv91LLL/yy8qvN/wBq3/grt/wTa/ZE8KPquk/ETTfGuv2v/Hnonh6882Xza/Gf9s7/AIKPftC/8FKfHX274i332Lwfazf8S3Q4j9mi8r/prF5tePicV7Q8DOuKva0+WkWP+Ck37aXjj/gpZ8bbjW7ewlsfB/hyb7NoOnf89f8AprXz/wCG/hvrv9vSa5qtlJbRxfvPJr0DwHef8IrdXH2Kxi+xxf8AHnLXUQeKoNem8i+sJZY68v2iZ+cVcW69Y4Oz8S6r4U1Sz8R28Ft5cU3mf6mvsD4b/H7xV8cvC8f2eCW2ktf3nk/8sq8b+HnwTt/G9/Hb3+lf8fX7yGGvozw38N9K8E6Nb6VpWlfZvN/dzfuaupBWJqHaeD/G3iLR7+OeCfzP+WfnV7BoHxJ1yb7P9hg8u4i/5bQ14vpvhS+0aKPyP9XXQWms6rDdRwaVceV/z2rzqlK7PJqe25j7A8E/tUeONNuo/sNjFe28UP760u/+Wtet/DL9srwd42Etl4j8Kal4Lk8n/kKzw/upa+JPAfxCgs9Zt/EdhcS+Xa/u5oq7Dxf8bPEd5F/ZUH+k6fdf8sq4amX1OhnNVj7p+E8fhlbi/wDEXg/xRLrcGqczfaJv9VXbXunXl5JHcaRqXkpFx5QX92a+EP2e/wBoq++Ht1JB50cel/8APGvrj4T/AB48DeMoI00rXI/Ml/5Yy14tSji6T+IyXsvhqHxGfiF4A8SeHI/Dl9octzeWtnL9j/66/wDLKvE4fjZrvhv4jW/g7SrG5ivIv+WM0PmRV0msadpXwx/f2Oq/adQim/fS+dXD6P8AFTxH/wALGt/FXhyxiuZL/wDdw+bD5v72KsqtLDP3KZ01Kih7h7po/iS3lPn/ABNnubbVIv8AXWkMPm12H9vT+KbC3uPsPlxxfu4az/AfjzwcZZNc+LmhSxapL/y2/wBXUfjzx54c1LXrex8D/wDHvL/y286vicywNb2vuHk1aZsf2lPDL+4nqxD4ksYf9RB+8rm73UtDni8+C/qxZ2c9n5c888fly14tPL61Kp7RnKbE+r2M3mXFjBUfned++xWP9snhuv3H+rq5/b//ACw8j9a9ql/BOn2pcn7VHN5FU/tnnc1HR7Uz9qScSzURWfky4qxDNB0omvK0LD7Z7/pR50E/Sqfnfvak8/2rM29oSVHR5/tUfn+1Zh7QP3VU/wDlrVjzvK70ef7Vy1PbGlMrzTW8PU1Xm1LQ4P8AUeZ5lR3n+mS1Xs9Hn+1UYd1qVQ6qewQzfbIZPPvpa4/WPCsGpfaP7VsY5PN/5beTXpkHgnVfKzY2/mVT8S+G9VBjt/I8ryq9/DZtOkjtpU2fKfir4A+AP+Ejk1yeG58z/njDDXN3nw31az8Ryar/AGFL/Z8UPlw+dD+9r68/4VKNei+3T1HN8E9c161/5ZSW8X/TGup51+69w9elSbPgP4habPo9/JrkEEnmf8tqPCvxa8f6lYeRY+G4/wDRf+W3nV9UXnwS/syXUIPFWhxXPmzfuYfJrj734D6VqUVxPodjLZXH/PpXoYHNajO72R4vD8WoPGPwuk8OeMdKtrbzbyWTyvJrxvxt8Mfgfr9rcTix82T/AJYxRfuq948d/su+KfN/0G3klj/6Y153o/7MfiP/AISj/ToLn/41XuYfO47GXsmfP8P7Mfg77BJpXkfvPO8yGaKvO/FX7MdjZ3VxPfzyRR/8sf3NfopN+z34c+Fei3GuT30V9ceT/qpa+T/jN4wn8YX8mleR5UcX/PGGu+nmCfUy5D5LvPAcEOqSWMH+rirPm+GMH+vgvvMr1DWPDc9nqnnwW/mebWXqWg6rNYeeIfKroWLpmh53Z+GtEm1SSC+8z91X0R+yv8ePHPwTsP399JJ4ftf9dp//AD1rg9H8EwTS2c/2H95L/rq7S88HwaPFHP8AZ/3fk/vq7PdrIzmfSnhX9pDwP8SIcWPl20kv/LKauwhzeR4+0faY5a+LzNf6DdRz6VB5f/XKvSPhj8cvGOm/v7ifzI4v+WM01clfBW/hnlVJ1aVX3T2zx54C8AalayX2q2H+kf8ALHyf3dfPepf8Lp8E67I3gD41eINIt/O/cww69L/8drtNY+PF9r0X7+xji/57TVx80Nj4qlkvq0w3tqR2U8yq2JJvip+3Bpn+p/aa8SeX/wA8f7euv/jtYesf8NQ+PIvP8R/HfX5I5f8AntrF1/8AHa6TTfB+lQ3Ud9cT/vKr6lD4qvL+4n0O++zRy/8APKvRVeoH9oYg4fw18MLHTbrz9VvpJbzzv303+t83/v7XWaN8PbGa6knM9z9n879zWppvhvVbyXN/P/qq7zw3oMP2WOy+3Rf67/ltQc1SrVqlfwp4InmsPIgsfMjrqNB8EeTrMdgNKl+0Rf8APH95XqngT4S+I9Y/0LQoIpY/+evk16ZZ/DHwb8K4o/GOuX/2nVPJ/faT/wBNaz/cmfsyP4D/AAkns9Z0/wAVa7fR21vF+7hi/wCeVe2eJPh7PqUUf7+OS4i/55Q1438LIviNrPjiTxj44nltrP8A1UNp5Ne4eG/EmqaPqn7/AP65152JrNfwwqHPweG54bmS3nh/d0WWm6HDL/x4fvK9Ivf7K1K1khgg/eS1T03wpYTd4vMirhpYmz56hy/9PDzfWPh7f6b9o+w337zyf9VWH8MZvHGg+HNQsfFVjJJJLN/oc3/TKvYNd+FU+vX/AJ/2+5/7Y1saD8PdJ0eLyL6CW5/67V00syomTxkaZwfhXz5rWP7dXSWfjCfw3dRwaVqtzbR/8tvJrY8VaPpUP2eex0ryo4v+WUVV7ObQ/wDnx/eV0TrYSqcf1iizwf4nePIPiFdeR4P0qSLUIv3fk+d+6rn/AATNfeGzp9v/AKrULWb/AEyH/nlWHZzf2P43j8AaFPcxXkUPmf6mvSPBPwf+Jv2CPQ9K0qTUvFmszeZDDFD/AMuvm/va+ZqYjB0ZmVSp7I7jSPir44vPM+32Om3Mf/UQhrP/AOE18HQ69cX1jqtzbXH/AC2tIYa6zxT+z34j0GW3vvGN9LZR2sMXnQzVz/8AwoHVf+E8k1XQ/wDj3lh/7+15+Nq0Kq/dnN9ZND4cavBNoXni3uf3s0v+th8qu8hvNdvdPt8f6urmg+FYNNsPP1Xy/wB1D+582jUpp54vIsbiP/tlXi1aaOb2oQTQAZnqT9xNVfyf3nk5qx/qq8mpsc4UfuqKK5/3wvah51v/AKjNHn+1V/8AlrVyGGuinsdPtSOo/P8Aarvk2/8AzwNRTeRDL/qK6DTnI6rzTVJ9s/e9KjmvPJrOYe0DzvN70efBj7P5/wC8qnPNNMPIg/1lYc+g6rNfyef/AKuj2R1UjoJoYPO/cX3mVYs4PEVn/pBsf3ctc3FoP2KWMY82StifWPEdnFmCeinSPWw1WlSJNS8R65Zy/uPNqOHxhrkMvn31jHJ/12rLm16+likn1WD95WHqWsf2lF/o88lafU4HrUsTQOo/4WdPFf8A79ooreugh+JFjDa+fpXiOL/rjXg+pf25PfyHz5JI63NH02fTJvPn/wBXWc8PSUT0sNjaJ6B4q8VDxJL5/wBh/ef89qw7TR9VnurzXLeDy5Jf3fk1uWc080Uf2Gw82tjTbPVdHiknvv3fm159OrWpPkgev7WjOkY9nZ6HBFjxHcR23lf9Ma4P4nePPAEMVxYwC2+0f6v91ZxVY+MGsW95dXFhYX8lfO/xC8+z1SPyPNk82uzC1q3tfePGxuY08P8AAdB4w03wP42sP7Pg1z/TJf8AllXzP8Sf2dfEej+ZPY6V5v77/U/89a9whmsdB1SPVYIP3nk10mpQwa9FGdKn8qT/AJbV61PHVoVPfOCnmXtT4rm+DF9Df+ffaH/qv+WNc/pvwlvtYlvM2EUUfnfua+9NY8N6V/Zf+naH/wAsf9d/z1rx+bwdBrGqXEOlQeVbxTV1xzqDZ00qvtj5jn+Hv/CK3XkX08UsdbnjDw3od5oP/Ep/e/uf+eNeoXvwl0vRr+SDxHBJJ5v7yGGs/wAS+FYdO0aP+yrHyreWavr8sxH1lXA+c7O086W4+2wf6qj7HBB/rzLF5teyax8N9K+yyeR+7rl9S+G+ual+4gg/49a+ghI4an71nJ2ehXGvRefpUEUsf/TatDw3o8+m2HkT2P8Ara7Twf8ADcXmq/2Jf30VtH/y2r0Afs3295aY0r4jWUscX/LGtKlRUzOdOB5H509n5cHkf62tDyYNNl/caJcy/wDTWvTLP4Dz2d1+/gik8qb/AF1bln8MTefuLGfzbf8A6ZQ1nTqmnszy/wAKabP5UlxB+8rqPDfhXXdYuo4LfQ/+21eweA/gDPo9j9uuNK/d16BoPgmeby7GDSoovK/6Y1p7RmJxfw917xz4J1S38+eOKOKvYNH+w+KpZNc1Wx824/1n76uf034e/Y9UuJ9VsfMj/wCWNdZpsPky/uP3dZ1QNzR5p7wefPYxeXF/yyrYghgml/f1Thm/0D9xVyG8861rwsRU/ekVTc0e80qyuo/P82ukg0bzv9Osf+XquL0ez84xwTn/AFs1eiaDd/Y5Y4Mfu68rGVdP3ZzVapc0bTbizhwB+8qxew300X7+fzKsTXnnf6ipNIg/0r7FOf3lfM1MTilWPFqmPNZzzWskF9BXH3lnB9r6eVJXsF5o3/LDyPzrn9R8B+d5lxBB+8r18DmU72Mfcgj5n0b4e+I/Dfxut/jFN4VkubeWz8uGLyf3VfV/7N3jbwbZeO7fxebSMaoYZY4drfu/3teSeJP2nPEesXX/AAg9hqukfZ/+W37n/llUfg/TYP8AiYa5BqsltHa/vfKhr8pzrG5r9dhyHTS/e1j6U+OXwx+HHxIupNcn8VRR3l1D5c1pXF6Z4Vn0e1j+wjzI7X93Nd14fZ+PPFXhX4tafYzaVLc3l1D+5im/1UtewabpHxU17WfsN9YXMVnLD9pmmh/1UVfTYGhjK1D4wxOFdSpoWPEmm+Gpoft1/wDvY/8AplUfhTw34A1PzD9vltvK/wCe0NSQaP4H1+L7RpXiq2vo7Wb999kmrn9e1jStYik0rw5PeySf8sYpofKrojDlnyTmcX1asak3g+eHT5L64sfK/wCeP/TWKufhvPOlkrY17WPGP9i2eh31lLHJFD/rv+etSaP8Pdc1LS/P/wBVJ/zxqMTT/wCfYVMNWMeDvUcM372vQNN+D2qzRf6+iH4P+TLJ599XOc/1VnBzeRVizmHlV2F78K77TYv9H/e1yc1nPZyyQX0Hl0va8mwvZ+yI/P8Aal+2W390/nVabyJosQVXm/dU/wB8c3tWV5pv9KkqvNNUkM3+sqOftWZMapHDeRfaq2NY02D7B+4rn/8Al9roLybzosgV3Uv4J7uCMP8AfebUvnW//Pc1b8mCaKqf2KbztvbFYKrVLLHk2E0XkTwf9tawz4bEP+ogrc87yu9E2pQQ96PrNY66dX2RzdnpsH2qTz4K0INNt5pfPn8vy6km1KCs+81Lzuayqe2OmlifZHSaPr0Gjy/uJ461PiF4qsZvDkl8LiLzK8zhl825yP8AV1T8Va0YYvsOP3cta4bDe1PWWZ/uTD1jxJBqWoSXwg/eVy+pQ6Vefv57GOWSKo/EmpfY7ryP+WdYej6zfWeqXE84/wBb/qa78NgmjyK9V1qpT1LQbHWJZPt37qT/AJ5Vz/w31ia817UIJ/8AVxf6nzq7zUtHuYbqO+vv+eNcvN4Pgs1uL6x/1ks3/LGuz2KlpUM6WlY6TR/+JlLcebqtt+6/5YzTV0Hw9g8Aa9a6hok8EVtcS/u/Nmhrh9O8K2Nn5l9q0Hlf9MaPEuseHJr+OeASxeV/qfKmrT+wo1NaZ7dKr7Ix/wBoTQdK0zVI/Ig824ih8uHyYa83l0HXLKxj+3WMUlvL/qa9E1Pxtcalqkn7iOWPyf8AltWXqWsTw2v7+xjkjr67KMNWoUbB7Q8z1KysftUdlceZ5dV/7N8OTeZBpVvc+Z/y2rtJtBsPEmmx6r/qv+WlRz6BpI8u4t5/Kjr6SlSM6Z5XNoA1LX/+JVBJ5kX7uavTPhL8E4bzWo9VvppPL/6bTVY0e3g03VJJzb/9cZq9M8H6bP8AYOZ/L/57VzYk6aX75m5Z+FfhzCfI/ey+V/yxqxo/gPQ/Dd1mD/j3l/5ZVseD/B8Hiq6xY/u44v8AXVHr+j+TfyQTX3leV/qa5vaHrLDKx1Gm2eh2cXkTz/6PWpDP4Omi8jSr6WWT/ptXBw+fefv4L7/VVqabZeTLb33+roVfnOapSR2EPhv+0ovIng/eVw+sXk+j6rJAYP8Alt5degf2z9sit/sA/wBV/rq5vxJ4cnmu5NVg8qXzf+WVdHtdDhq0yxpk0H2WODP+trY0Gz87zIP+eVc/oOj65Na/6dY/6RFXeeFfAeq6lp8k+hwSeZ/y2/c15/sqJ51T2RqeFdNg/wBfj/VV0H2O+mi8+CD93XN2epeHPCt9/ZV9qsf2j/ltFWprHxDvrSezsbGx8yOX/UzVwVcGctWHOd5o+jmG1jvr638qtzw3oNjeaz5/kf8AXGvP4PG2PL/4SPSr791/zxhllqnN8Wb839xffD+GWWOKH/VfY5a8mpluvtDzap7hDPBo+qc6V9pruNHh+HXiTR457iCK2u/O/fQ5r57+D/xU+I3xCsLi+1WC+tpIv+XSWGvVPh7oI161kvvFUFzbfvvLh/6a1xVMBOn79My/fHwX8bNN8K6l4c1DSvAGq+bqH/LG7ih8v/tr5teqfDHxLYeCbXVPB3jLypbe/wBH8yHVv+mteiQ/sZ6F8QvDlvc2PirTbaSWHy5ofO8yKvM/2g/gD4qs/h9/YcGq/aY7Cb7NDNaf9Mq+fr0KeKr++d31b2X7wseKviRpVl4SuNV8OaVbXslrNF5M03+ti/6a+bWfr/7S32uW8n+Feq3MdxLpv2a8tLub91/qv3teJ+A9B1zUtZvPB19rkltb2EPmXkv/ACyqx+0tNrngnWtHvvhz4c+zR3+mxR/6n/j6lr3KdKNGhy0z0qVRexvUPoj9nvUoPAejWfhzSrGK5+1ebczXcv7z/W19GeG/CvhW80aPVv8AQvtEv/Lab/llXwn8E/jlPZ+B7Pw5B5tteWs0sf72H97L/wA9a+nPhLqOq6lFbwGeXy/J/fV81iadak/aHP7SjUPRNe03Q/Ekfka5P5lxF/qfJqvpupfY4vIg/wBXFXN3viT+x9ek+zwf6P8A8sasTaxpU3+j288sUlcX1nGVTKp7E6z/AISOH/n8qP7ZpU37/wC3153Z3k95fyQefUl5eT2cv+vrn5MZV985qh3n9vQE/wCj3H7uuf1jR/DmveZB58UXm1z9neT3kUkHn/vKx9S16fTZfIg/7/VdLDVv4hx4gr6l4VuNBlkgsf8ASax5v9Mi+3V6J4P8e/Dk+G7yDxlBF5kXlfvvOrz/APsG+037YTB5cfneZD/01ir1vZ/uTGpguWj7Qr+T5H+vqxDZwTRcT1X1Kbz/AC/IqxptmfNzT9mjhp0gh02CaWqfnT/apIK2J/8AQpetZc0PlTSGtJndT/clizqx5MHlf6+sfTZv3skFaE03lVzfwjT2jMi7/wBbJ9aypv8AXfjWx5P+srHvIZ/tX7is/wCKP2rM/Urz7H5kAqno2oz3kUnn1sXnhXVZpvPqxZ/DG+mi/cT/ALz/AFk0VdHsvao6aPtTn/O/e1HqVnPef8f1j+7rsNB+G8/myefUmvaP/Zt19h/5Z+TXVhqn1Wnqdnsz5/vNN1W88UR+RY+Zb10n/Cn57y1/ty+guf3X+pir0jQfDdhoOqefPB5taHiDxTfWcP8AZU8HlRxUsRm3sv4Z6eCwq/iHlepabpXiS6+w65/o3lQ/uf33+trn5vB3iPTf+QVYxXMf/XatT4heG5/7UjvoP9XdVc8K6Pq3hu/+zz65J9nl/d+TW+ExqnLmkdM8NSq7HH69pF9e2sn9qrHFJ/zxri7PTf3Vx58Hmfvv3Ne+eMPh74O12LyPCuufvJf9dDL/AK2uPs/gb4js4vI/5af88a+3y7HUbWPJqU61KseVzeG/Ji8/yKptZ+fLJBcWMn72vWLzwFPBpcn/AD0i/wBdWHNoMEMX/HjXu0sTRpGlL21U4Oz8NwWdr9hsT5cf/PKpNS+Ceq3kX9q2N/5cYrUvdH1WHWZJ7eCSuo0D7dZ3Uf8Abk8slv8A8+ldP1o9LDGH4W+FdjZ2Edvqt9F5laH9l/2Pf/YLE+bH/wAtpq6jWNS8LabL5Fjof/bWuH1/Xp/7Qk8g/u5f9TXL7Q7af7k9Q8KeJIPB9rbzwzxyebN/plZ/irUvtl1cTzwV5n4VvL6a6knmn/dxTf8ALX/lrXYeJNSnmljngrmqnV9Z/clzTcada+fB/wAta2IdS879x5/7yufmvIJtL8iD/WVX028n+1fuB/22rn9np7Q5qj0O40bWP7Ouv38/m11mg6bBeQefPB/rf9TXlcN5P/akc/8Ayzr0jw3r0H9gx2Pn/vIqyqYky/d/8vDYtPiF/wAIp4j+3XsEckcsPl+T5NegeFfFfwW8e6X9h13VbmyvJf8An0mliirw/UrOebVJLC4b93L+8q54Ds4NB8UfYZoI5Y5fK/11c2JxPsqPtDhxFJHsmm/D3xloOlyeHPhLqum6lJLeSyebq00Uv/kWWvQPhX4D8f6bLGfjTY+H5P8Anj/Z80UvlV6R8DfFXwfvbCPSpfB8UNx5Pl+bXoEngX4WNceVcaPps8h/5axTV5P16tVPOr0/5Dl9B0fQ5tLjsfs9j5f/AC2/c1sab8KvhX5Uk+leHLHzPJ/5Y/u6uab8N4Idek8jyvsf/LGKKtyz8H6Hpsv7ixiqsP8AWavvc5zfV2Y/hvwr9j/fjQ7G2ji/1PlQ/wCtroIdOklMe/TLYR+d/wAsoa1PJgz5FhPHLH/zyqOGCeGX9xP9a6v3tM0+rH//2Q=='}}]}], 'model': 'qwen3-vl:8b'}}
2026-06-26 15:29:22,025 [DEBUG] ThreadPoolExecutor-0_2: Sending HTTP Request: POST http://localhost:1234/v1/chat/completions
2026-06-26 15:29:22,055 [DEBUG] ThreadPoolExecutor-0_2: send_request_headers.started request=<Request [b'POST']>
2026-06-26 15:29:22,117 [DEBUG] ThreadPoolExecutor-0_2: send_request_headers.complete
2026-06-26 15:29:22,132 [DEBUG] ThreadPoolExecutor-0_2: send_request_body.started request=<Request [b'POST']>
2026-06-26 15:29:22,148 [DEBUG] ThreadPoolExecutor-0_2: send_request_body.complete
2026-06-26 15:29:22,163 [DEBUG] ThreadPoolExecutor-0_2: receive_response_headers.started request=<Request [b'POST']>
2026-06-26 15:29:35,597 [DEBUG] ThreadPoolExecutor-0_1: receive_response_headers.complete return_value=(b'HTTP/1.1', 200, b'OK', [(b'X-Powered-By', b'Express'), (b'Content-Type', b'application/json; charset=utf-8'), (b'Content-Length', b'1629'), (b'ETag', b'W/"65d-f/uSQG8FAlD2Lh8MTzMHuen7eas"'), (b'Date', b'Fri, 26 Jun 2026 12:29:35 GMT'), (b'Connection', b'keep-alive'), (b'Keep-Alive', b'timeout=5')])
2026-06-26 15:29:35,597 [INFO] ThreadPoolExecutor-0_1: HTTP Request: POST http://localhost:1234/v1/chat/completions "HTTP/1.1 200 OK"
2026-06-26 15:29:35,612 [DEBUG] ThreadPoolExecutor-0_1: receive_response_body.started request=<Request [b'POST']>
2026-06-26 15:29:35,627 [DEBUG] ThreadPoolExecutor-0_1: receive_response_body.complete
2026-06-26 15:29:35,642 [DEBUG] ThreadPoolExecutor-0_1: response_closed.started
2026-06-26 15:29:35,657 [DEBUG] ThreadPoolExecutor-0_1: response_closed.complete
2026-06-26 15:29:35,672 [DEBUG] ThreadPoolExecutor-0_1: HTTP Response: POST http://localhost:1234/v1/chat/completions "200 OK" Headers({'x-powered-by': 'Express', 'content-type': 'application/json; charset=utf-8', 'content-length': '1629', 'etag': 'W/"65d-f/uSQG8FAlD2Lh8MTzMHuen7eas"', 'date': 'Fri, 26 Jun 2026 12:29:35 GMT', 'connection': 'keep-alive', 'keep-alive': 'timeout=5'})
2026-06-26 15:29:35,672 [DEBUG] ThreadPoolExecutor-0_1: request_id: None
2026-06-26 15:29:35,673 [DEBUG] ThreadPoolExecutor-0_1: Raw LM Studio response received for F:\kuvat\test\b727ba523e4f45169d592679f3bde056.jpg
2026-06-26 15:29:35,981 [INFO] ThreadPoolExecutor-0_1: Successfully tagged b727ba523e4f45169d592679f3bde056.jpg with ['Artwork', 'Psychedelic', 'Trippy', 'Cosmic Horror', 'Monster Face', 'Neon Colors', 'Space', 'Abstract Art', 'Glowing Eyes', 'Surreal']
2026-06-26 15:29:35,997 [INFO] ThreadPoolExecutor-0_1: Processing dd1e94f69213468d97e12c29f8bf123f.jpg
2026-06-26 15:29:36,106 [DEBUG] ThreadPoolExecutor-0_1: tag: Software (305) - type: string (2) - value: b'\x00'
2026-06-26 15:29:36,138 [DEBUG] ThreadPoolExecutor-0_1: tag: unknown (40094) - type: byte (1)
2026-06-26 15:29:36,153 [DEBUG] ThreadPoolExecutor-0_1: tag: ExifIFD (34665) - type: long (4) - value: b'\x00\x00\x002'
2026-06-26 15:29:36,338 [DEBUG] ThreadPoolExecutor-0_1: Requesting tags from LM Studio (qwen3-vl:8b) for F:\kuvat\test\dd1e94f69213468d97e12c29f8bf123f.jpg
2026-06-26 15:29:36,432 [DEBUG] ThreadPoolExecutor-0_1: Request options: {'method': 'post', 'url': '/chat/completions', 'files': None, 'idempotency_key': 'stainless-python-retry-13ee8cca-ae58-42a8-95dd-8b3bacc5458b', 'security': {'bearer_auth': True}, 'content': None, 'json_data': {'messages': [{'role': 'user', 'content': [{'type': 'text', 'text': "Analyze this image, which could be an internet meme, screenshot, artwork, or photograph. Extract 6 to 12 highly relevant keywords. 1. Always include the image type as the first tag (e.g., 'Meme', 'Screenshot', 'Artwork', 'Photo'). 2. If it is a meme, identify the meme template/format, the main subjects, the core vibe/emotion, and 1-3 key words from the text. 3. If it is a screenshot, summarize the main topic or software shown. 4. All tags must be strictly in English. Do not use any other languages or alphabets. Return ONLY the comma-separated list of tags. No introductory text, bullet points, or quotes."}, {'type': 'image_url', 'image_url': {'url': 'data:image/jpeg;base64,/9j/4AAQSkZJRgABAQAAAQABAAD/4QBIRXhpZgAATU0AKgAAAAgAAwExAAIAAAABAAAAAJyeAAEAAAAAAAAAAIdpAAQAAAABAAAAMgAAAAAAAZKGAAcAAAAAAAAAAP/bAEMAAgEBAQEBAgEBAQICAgICBAMCAgICBQQEAwQGBQYGBgUGBgYHCQgGBwkHBgYICwgJCgoKCgoGCAsMCwoMCQoKCv/bAEMBAgICAgICBQMDBQoHBgcKCgoKCgoKCgoKCgoKCgoKCgoKCgoKCgoKCgoKCgoKCgoKCgoKCgoKCgoKCgoKCgoKCv/AABEIAaABoAMBIgACEQEDEQH/xAAfAAABBQEBAQEBAQAAAAAAAAAAAQIDBAUGBwgJCgv/xAC1EAACAQMDAgQDBQUEBAAAAX0BAgMABBEFEiExQQYTUWEHInEUMoGRoQgjQrHBFVLR8CQzYnKCCQoWFxgZGiUmJygpKjQ1Njc4OTpDREVGR0hJSlNUVVZXWFlaY2RlZmdoaWpzdHV2d3h5eoOEhYaHiImKkpOUlZaXmJmaoqOkpaanqKmqsrO0tba3uLm6wsPExcbHyMnK0tPU1dbX2Nna4eLj5OXm5+jp6vHy8/T19vf4+fr/xAAfAQADAQEBAQEBAQEBAAAAAAAAAQIDBAUGBwgJCgv/xAC1EQACAQIEBAMEBwUEBAABAncAAQIDEQQFITEGEkFRB2FxEyIygQgUQpGhscEJIzNS8BVictEKFiQ04SXxFxgZGiYnKCkqNTY3ODk6Q0RFRkdISUpTVFVWV1hZWmNkZWZnaGlqc3R1dnd4eXqCg4SFhoeIiYqSk5SVlpeYmZqio6Slpqeoqaqys7S1tre4ubrCw8TFxsfIycrS09TV1tfY2dri4+Tl5ufo6ery8/T19vf4+fr/2gAMAwEAAhEDEQA/AP1U8BftyeB/GMP2f7dbR1H49Phz4nWsk8F95f8A1ymr8r9H8SeKfhvfxwTeb5n/AExr3z4S/taa5pt1bwT337v/AKbV6WMy2lWpfuz0sNmSonqHxC+EviKHVJLHSr6Xy6878YWfjj4Sn7dpX723l/11fQmj/GDw5420bz/I/eV4v8bfFf8AotxYWM8cn/PGvlq+Cq4WsfRYbHUcVE8H+JH7SF9Z3/kT15f8SPjx/aVh59jcRS+b+7q58SL3SryWSDXNKj/7ZV4n8Qvh7feVJfaHPLe2cv8Azx/1sVetgqVOdI48TVjT2mY+pfEKe8luNDvoPK+1V4n8Tob7FxPBP+8ir3Sz8E/2lYR2N8PN/wCm3/LWKvI/jN4D1yziuIIIPNk/57V30v4J8/VftTy/4Yw6teX2Mf62b/XV6xN4J1XTbCO+sf8AllXnfw48/wAN6zGf+Wfnfvoq98hvYLywjGlT/vJf3n76s/aHGcfDZTanbfaJ/wB35U1dh4J1jydU/wCEcv8A/ll+8hlovLMzxSQX9j9muKw9Bhnmv47j/VXFr/z1qReyR9QfDfXhoMtnfTz+ZX0B/wAJJBN4XjhzF5kv+pmr5L+EviD+0ovsOrV7h4a8YW8NhbwH/WRfu5q1pfwTOp+6OH8a6DfTa9qFx5H7vyf31eJ+KvCu3XrfyZ5f3U3med/zyr6cvPsWpaDeXwni8zyfNrx/xh4bns9Bk1X/AJ6/u64Paf7QM8L+JF5BZ3X2GD/WRf66vE7zUrmbxbeT/wDLP/VzV7B8WoZ9Nl1Dz/3VxdTfuf8ArlXkc/hu/s7rUJ/+Wn7qvYp1TMj8SaZ9j0GP/np53mVH/bE8MsljB/rIq2PEkOfDkl8P+WsPlQ/+Qv8A41WXo+mwfYJL7/lpdQxV1Hnrc5vU/P0e+ksf+esNY+saNNN4XjnJ/eVueJLO4vPFsfkf6u1h8utTUfDdx/YEdx/yzirM61seLz+f50kFSeFbjyfEcc4nqxqWjmG6uLj/AJ6/u6r+G7P7Hr1vPcf8spq8vY6T7o/Zv8Nz/wDCuf7V8j93FDXnfiSG+/4WD9oz+7ir2j4A6/BZ/AL9/D+8/wCe1eV/8Izf694jvJ9Ln83zZv8AU1rCo/bHRh/+nZ658N/EvhXwrpdvqt9PJLJL/qYoa6y8+LX/AAlXmQWNjF/zz/fVwfgP4J654ktY5/Il/df8sa908N/s3wTWtnBBBJ+9/wCmNfS5bgsViz6DDUv3Jx/gmDxVpl19unP7z/lj53+qlrpJtY1zUrqOxuNKljkl/wCeM1esQfBqDQdLj0S+g/6aedUngn4D+JNY1SSCCxluf+eNe1Ty6VA9XDYelUJPgnDfWcv9h6rY/vJf+m1fQHww/ZSsdS1SPxVPffZo/wDWTfua0PgD+yB4xvJI5/FcH2aPzv3Msv7uvrn4e/CfQ9J03+zNR1qyuP8Anr5c1P67Rwm53VZww1P3Dx7wdeeCfAkv9leFfCsl7qF1+7mu/Jrz/wCNn7H/AId8X/2h4jvtK82S6/eTSxV9dH4E6JCJ7vR5PL82L/WrXiutfCzxXpPjGTTbLVJlt7aXzIYf+WUtTRr4PGVPdnymFCFDEqVpH5P/ALSH7GU/9s3k/wBhuY4/+WNeV6F4P8VeG/tHw/8AEehxRWd1D+5r9X/jv4R1vSPEf9qeMNEi/se6/wBd+5/1VeGftFfs3+HNe8Of8JV4OuP9V/qfJpY3h6lVoe2pHj43LvZ6o/OPxJoN94C8R299PYxRRy/88a1PGGm315ax+RBFF5sPmQy17h8SPh5BrHhfydcsv9IsP3nm/wDPXyq8b1Kb7ZoMcH/PrNL+5/55V8bUw31RniVKR4X/AGbN/wAJ5JY33+ruv3c1fRH7Jemz2fi2OxngP7qvB/G2m3H/AAlFxfQD95/yxr6A/Zc1jyfEenzzj93LD5k1eHjan7o4l/HPcP2otNnh0u3/AHH+th/c18f+FZp4fEl5fT/6uLUq+xP2rtTsfEmg2cFhPH+6hr4/s4IP9Mg/5aUYKp+5Lq/xTpPibi9utP8AIn83zbzzJq6jwFrEEOqSWME3m+V/y1/55Vwep6l9s0a3mt/9ZLef62vQPhX4VspvC9xfWM//AB9TRfvq9alV/dEf8vzj/Hni/wCx+LfsNjcfu5fN86us8E6xB4b1m31y4n/4+v3cNYfiTwHPqXje88R+R/o8UP7msvxtDfeFdG0O3uP+WU3mfvq7aVU6Kj9kcH8fteXUvGVxpUH/AC6/vK8z+Ffhu+mluIL7zfMupv8AljXYXemjxV4t8Sa7PP8A62b9zXafCv4ef8VlcQf8tP3Uf/bKs8TU+2cPtT6I/ZX8B6Tpmg3Gqzz+XHaw/wDf2Kqfiq0g1jVLiwg/dW//AKNr0TXf7D+G/wAPre30nyvMurP/AFU1ef8AiQ3GpWGnz6Gf+PX93N/01rioT9o/aFLU6j9nvR72CWPybHzI4v8AXV92fAez8OS2Ef8AbkHl3Ev+pu4q+K/gzN4j0C/+0f6r/wBqxV9IfD34hato8vnnQ5JNPuv+2vlV62GqM9ClTPM/FWsaVrH/ACFYP9V/y2rD8nSobqOex8RxRyf+ja9U+P3wS0qzh8+xPl2/k/uZoa8XvdB8H2cXkarfSxSRf8tq1qUvZx/dnFUw/wBs9g8BeKtVs7Xz7HVvK/66zf62uos9SsviCJLGc/ZtQi/5Yy15H4D8SWOgy/6RqsV9by17h4Dm+GPjAxwW+qfZpK8TGL/n5A1o1ZRPk/8Aaj+HvjjwpdSapBpUkvlf+Ra8/wDhj48gl0u8sb6CW2kl/wCWMwr9TPEfwB8OeKvA/wBg+3RX1v8A6zzv+WtfH/x4/YmgvLW4n8Of6NcVNKWGaOxclU8D03WLGG6+z6pPbfZ/O/1v/PKpP2ivhLD/AMIHH4qsYP8Alj5kPk/8ta4O88NeK/h74tj0rxJB5n77y/O8mvbNH/0z4c/YLif7TZ+T/wB+q76dOLpe6RUpw+wfFfhXw39s1OS+nsP3n/PHya6yz02CG/t7795FH53/ACyr1DWPh74Vhik+xfupPO/czQ1wfiyGfR9UjuJ/+Wv+umi/5a1zVVRObkPWLP4b6V4k0eOf/WebD+5lrx/xh4bOm+I49K/1Vx51d5+z34wn1/xV/wAIrPNJFJ/yxrc+IXwxvofG8eq30H/L5++rlA0Phv4BnstG+0CD95L/AKmushtL7TbrNjBLL++8uavZPDfgPRNT8GWc8EEUclrD5c3/AH6rDs9Ng/4SL7D5H/Lb/v7XP7X90c38ZnB/bINN0G4g8+uL+IXiSxitbPSjPF/qa2PiHZz+G5dUsZ5/+W37mvkfx58VL688b/YZ7+X91+7ow1H2tX2g4rl5jtPG39leJPFsc9x/q/8AVw1Xs/hjcTXUhng/eVzc3jCxvJdP+w/6uKvZIfF+h2drp85MUXm+bXt06ZhX2PnvxJo8Hmx+HJ4P9V/pM1cfdzGz1SSCwh/0e1h/1X/fr/7bXUfELx5b/wDCZahqsA/1vmx153Z6x9stbyCx/e3Et5/qoqKpxunqGmwz3k0dj+9lkurz99Xtniv4b+T8MLeD7D+88nzPOqv+zf8AAfVfFXiO31z7DJLH/q/Jr7Y8Vfsr6rD8ILi+/sr95Lpv/PH/AFX7qtML8R6Xs6f1Y/J+HQf7Stbzz4P9VNVfwd4bnvPFFvB5Fe2ax4DsbO1uLGxt/wDl8rpPgP8AB86l4t3f2V/qpq4q9P3ji9oegaPZweG/hLo+lQXHl+bDXcfAH4MwXt/599BJJ5tSeKvB8EPijS9DNj5skX/LKvpD4e6RY+GtAjM9vFF/z2/561EZ+zqHvZZCEiP4e+D7Hw3rMcFjpUccn/PGvrT4Y/A3/hJbW3sdK8K/62H99+5rwv4P/Yde8eRwW9j5sn/LHyq/SD9m/wCFY8BeDY9W1C4k/ew+ZNLN/wAsoq+uhmv1LCKVM+pxFSjgcIeR+G/2JdPnHn+I4JLaOKH/AFs1fOf7Tv8AwVu/4J6/8E95bzwr4O1W28deLIv3f9n6T+88qX/prLXzl/wXk/4L06lq2r6x+x9+x34t8vT7D/RvFPizTpv3ksv/AC1tYpK/Fgf2rr2oSXs9xJLJL+8mmlm/ey15VTNsbi37x8dic/nBfu/iP0T+O3/By7+2V461yS9+FOhaJ4Ws/wDljEbSKWWvOIP+Di3/AIKQadqkl9qvjDSb6Pzf9TLpvl18j6b4Dvry68jyK6T/AIUbfXlh9og0qX91XNWji5rSR4k+IsXJ2lM/Vz9ij/g6yP8Ao/hX9pr4cx20cv7ubVtOm/1VfrZ8Nvj78Hv2ivAen/FT4ZeJLbUre6h/cywzeZX8dHjHwXq3hW6+z3FlLF5klfXn/BHb/gqR45/Yq+N+n+GfFniq+ufAes3kVtrGnXc3mRWv/TWKjC1kqnJL4z6HK82/mP6W/jdomh+Ivh3djWII9vk/PX556x4k/wCEb8UXnhz+3PMt/wB7+6r7k8VePNI+JPwc/tDwrNLLb39n9phr80/idNqvhT45x/2rB/o8s3ledX6bw9K2EnSqdT7vCKljcJJxNTxho9jrEv26Aebb+T5n/XWKvmP9or4VwaDFJquhj/ppX2JoPhuCz1S30qaD/R5YZY/N/wCutcX8fvhJ9j0aSwnsfK/0OWOGvlc3wXsnU5D5WvQcJHwPZ6D50UniqeD/AJc69I/Z1mg+3/uP9X5NbHjDwhBD8OZIIIP3kX7uas/4P6P5sVvcWH7uOKH99X5zjup4lTQ6D4qeNv7S+z2Pn+Z/yzrxu8s/7Hl5H+t/d13Gmwz6x8Ro4J/N8vzqk8Y6DD9pjnuLf/ltL+5rTDfwTppKnV/eHlc01vZ3VvofnyeXF/rq+mPBPhWxs/gtb/2V/rLq8i86vl/Tf33jy4gn/efvq+uPB8MGg+DY55/9Zdf6n/plXQZU6f740NB8BwXnmWM8H7vyYv8Av7Xzv+11qUGm6pZ6V/y0im8uvrzWPEljpul2cHk/vP8AWTTV8V/Fqf8A4Tz4yfYf9b++8zyq6qdT2RnUdMp/D3wIJvBEf263l8y6m/fV65+zHoEHiXxvJrl9Y/u4v3dU7MwaboPnN+6/5doa9g+DPhuDwT8L7jXP+WksNebjsTW5vZ0zi9n7Sqef/tReN7G81m38KwTy/wCi1l+D5sxW88/2nzP+WM1cfrBn174l3F/ffvI5Zq9s8K+G7e88Jf6Dex+ZFXp4Gm/ZHbSpeyKej69faPqkZsv3nlf67T5Zv3sX/XKvfPhj8VNJmsPPsJYo/wBz++tLuvC5vB2qzSxz32k+bH/z2hruPh7oOlXn/IVvv3lfQxpL2J63sF7P2h9OeFfifofxm8LyaVrk8fmRf6maGvlf45aDqvhvxRcf2VBLLb+d++rm/wBl342QeG7ryNV82KSL/XRV9Qa/4Vsfij4SuPEelQeZJLDXHTxHs6xw4apc+Q9Su/EegWH26xuJPL/1nk12Hgj4qX39nx+I9K1WW2ki/wBdDVf4n+Ff7H0a4nnsfM+y/wDLH/nrLXm9neX81rHqk8/lR/6ua0rsxGGWIhc56sPZ1dD7Y/Z7/bw0qbWY9D12+jl8r/ptXvHirUvB/wAWvDkniTwd4qjjuP8AnlNX5Bw69/wh/wAS4/In8qO6/wBTNX0R4D/aK/4VL5d9qo+02cv/AE2r5fG5ZJfwzTD4ml7X2bPdPG3wl8OeNrqTRPFUEVjqH/LGX/llLXifxI+GOufDG6k0rQ/9XLD/AKqWvTJv2nPhz428Ofbv3fl/+iq5fU/ifofjDVbfSri+ikj/AOWPm/8ALKvH+sYzCnbUpR+wfMfxC17VfCvma5BP5X7799FWx8N9Gn8eeGNQn+wxS+V+8hr3j4nfsK/8Jh4Xk1Uzxy29/wD6nyYasfA79j/XPhvFJpM+ufZo/J/541yYrPaKVucj6ujwv4P/AA31XR/G9n4jNjL9n8799/0yr6I+M02h/wDCLyX1lBHJ5sP+t/5a10E2g+HPh7pdxpN9fW3mf6zzoa+c/jl8YNKvIrjSodVj8y1oweKrYp832TKpTPTPhj8Wvtn2ixgn/dy+V51dpCPN8W2dxYz+b5sP7n/rrXyv+zf4knu9U/sqevrT4d6DcQ6Nb6tu/wCPWaX97/0yr217L+GTR/jni/7V2ZtLk/0fy7jyf31fmv4w8SX39vXk+lT/ALy1vK/Vz9orwHPrHhz+1RB+8lhl86vzD1Lw3Bo/xQ1Tw5PB+8uvN/1tdVKXsvcIxNoVTH0f4hX0NhcT/wCquIofMroNN+Nl9rHhyzvrif8AeRVYs/hLPNL/AGV5H/H1DL5MteP+PNH1X4Y3UnhycSeX51HtKxx1Ie1NzWPG0+pWFx5H/Pby6+iP2Ff2S9c+KniPT9W1axuY7f8A1nmxQ181/s66ZYeNviDb+G74fu5byv38/wCCb/7Meh6D4Ns77+yo/LihrKpjfZF4aNN1PZmh+yL+wfocP2PzvDkVtHF/0xr3j9sz4b+FPh5+y/4gvvIji+y6bL/39r6E8K6Poej6NH/ZVhFF5VfKf/BXT4mz2f7N+oeFdL/5f/Nk/wC/VZYPHe0rnTiKX2D8L9T1KxvNe1S4t4P3ct5LLX2B+w18EdK8V6X/AMJHfW//ACx/5Y1+e/8Awm09n4okgEHmR+d5dfoJ+xP8ZtK8N/C+TF9+8rrqVOZnley5axJ8VIdK8K/GSSATxy/Zf9TDXSaB430rUtL8++83/tjNXlfjbXdD8VeN9UvrHVYpLyWb/W+d/qq9E+Euj2GpxRzz+V+6rU+zymhRhTvM+1P+Ce/wx0rxv4ts/wDQZfs/+s/fVc/4OIP+Cj4/YS/Y8i+Gvw21qK28d/EEf2do8IP7y2sIv+Pqb/2lXu//AATm8L6VpmlXGrWVx9pk+x+X51fz0f8ABxL+1lJ+1R/wU38aWOk639p0PwG//COaP5J/d/uv+Pr/AMi+bTp1frE/KJ4me41uXsz4zgmn166kvpzJL++/fSy/8ta7Twf4bgmuswQVxvh5ILYpbzf6uSvUvAn2Hyo4bf8A1ktexhsPSq6nwVfENP3D0T4Y/Df+2JvI+w19afs3/AHSvGHl6HfaH+8l/wBd+5rh/wBnXR7G90a3nggi8z/ltN5NfdH7K/hvwrZ6pp8/kV7MaVGMDzaV3XPjv9sz/gmz/wASu81zStKl/dQ+ZD5MNflx8aPh/r3wt8W/YdVsfs0g/wCmNf2d3v7NPwm+KXw+/srUfD1tiaH/AFv/AC1r8Q/+C3n/AATCg8N6XqnjHw3pXlfYPN8mWGH/AFtfNVqlCtiP3e59LhKeIw755/AfVH/BAH9p7XP2nP2DrOfxHP8Abbzwl5uizf8APX91FF5X/kKWj9pzw3oepfEGO+vrH93FN++r5m/4NQPipaeE/wBn74w+CppPKvP+EqsLiGb/AK62sv8A8ar6J/aK+JEGj6prF9feVJZyw+X5tfV5LjvYxk6h+qcMYqkoSTNDWNHgh8OWc+kj93a+VJDW58WtHsfGHwq/tX915kVnXkej/H6y1LwHHBiKL/ptWHr37ROlaX4Dksf7W83za3z3GUauG56Z3Y+nQ5+c8L+OWvQaPot5fT+VH5umy1x/wT1KCz8EW98J/wDj6s4q4f8Aac+IVjqV1HocE8sUfneXNVj4e6xBN4cjsYJ/KjtfKjr8qxl3I+OxCo+2PTPhL4V87xHea5Pb/u/9ZVjxtoMGpaN9vgg83/W12mjQwab4EuPIg/eRWflw/wDXWWrHirwr/YXwvt554P8Aj6hlrvwNK8TooUl7Kcj5H8H6b/aXjy4nsfM/dV7hp3iSf/iX6HfT/u4v3n/XKuX+HvhWx0261TVfI/eRVX+IXir+x9Ljn/5eJa6f4JzfuoHWeKvjBP8Aav8AkK/8esMteR+FftGpeI7jxV/rfK/1MtcfqXiqebVLyCf/AJa/66ug/tK+8N+CP3H/AC1hqTLkompD48nvPEcehz33+jxTfaZq9g8VfFT+x/h/Hb6VqsnmSw18z6Pez/b7i3/5aS/vJq7z7b9sit5764/0f/njXIqfta4Womx8N9Y8nVI59VsY5beWbzP3te2Ta9BNp8d9oV9F+6/10Pk+VXh9nef2bLHB5HmR/wDLGtibxJfH9/Yz+VX0mG9jYz9p7I9w8N/FrSrPy/ttjH+6/wBdaV1nnQeKrWTVvB/iqK2k8n/lt+7r5ns9Y1WaWOe+glj/AOeM0M1dZ4b8VT6bLJBPB+8l/wCev+qru9pROipiPdOD0HxVB4V8UR+fB/o/+rm/6ZV9qfsl/GfQ9Nuo7GC+lubfyZY5vN/5axS/6qvkvxh4DsZtQ8iC3+zXkUP+q/5611nwT8VQaPrNnqulQf6r/RpoZq+fq/Cc9Jo+qNY+HsE1rqk99Y/aby//ANTF5P8Aqq+T/wBovQf+Fe/8Sqe4i+0f8+kX/LKvszwrear4k0H7dpVx+88n/Xf8tYq+N/2qPAd9D43vL77fJcyf6yavbpYm+F9nAJfvfgPmf4hfELybW3vv+Xi1mr2Twfr0Hjb4c3FhcfvJIofMhr5v+Klnqum6XqE89j/pH+s8quw+Bvxg/wCKds4P+mPlzV5rqclU8qppXuaHhv4n32g+Mv7DgvZfs8s3+pr1jR9S8RzSx32lT/6RFNXz34806ez8R3Gq2MH/AC28yvSPDfxUn/suzvoB5Un/AC2rGtGhVpcp6NGsfenwB+KnirXtL/sO+nk/1P8Aqf8AprVj48fELx/4P8Of6RB5sf8Ayxmrh/2LfiFYalqFn9u/5azfvq9s/bM8BwQ+A5Nc/wCWfk18NjsgpOt7XlPUWJo8p8D/ABs/aivdSsLif95H5VfPfir4wf2nLHqs/wC683/XVJ8bde+269qljP8Au5P9XXk+palNZxR2OPN+y/vK9rB0qNGhY8+rVPrT9m/xhYzX9vfm+8vzZq/Sz4A6l4c8e/Dr7DB5Ud59j8uavxX+D/xI/se/t4J5/wDl8r9IP2RfjNYweHI9Vgn8ySL93eRVM/4wYX4tT3Tx5psGvfCXULGAf6ZYTf8A22vyL/a6vNK8K/tIxzwQfu5Ya/XDXvFWlTfDiPxVYz/62GW2vK/HP/goRMNM+K0l8P8Alr5vk16UK0GaY2n/AM+z6c+D+m6H8VdGs76CGKO4/wDatcX+3t+y7BrHwtj+I/hux/0jyfLvPJ/5615n+yJ+0vpWhWsdjf8Al/8APT97NX054k+OWh+MPh9rHg7z4pPtX7zyavDTTckcypqx+a/wZ8bQeD/iDZ3F8fLjivP31f0Yf8E/f2ivB03wW0ueefypJbPy5pvOr+cP4qeFZ/B/i28n+z/u/O8yvvT/AIJ1ftdmbwHH4VvtU8qOLyv33nf6qvIzalV/5dm9KNFPmP3AvP2qNK0e6/s+DxHFJXyX/wAFaf2kPDmm/C+Tz9VtoriWzlj/AO/teT6x8bND8H2v9q32ueZ5tfFf7dX7Tmh/EnxTp+lfbvtP76L91LXnZRTqTxH7wvE/wjH8HfBr+3pbic2P7yWzlkhqn4P8beKvhjoOseFYJ5ftEU3+pr3D4P8Aivw54l/4ReCA+V5Xmxzf+Qq3Pip+z3Y+G/iN/wAJx/y76z+8r6ipUVKkcPJ7Wkcv8K4b6HQZNWm0qS5vPJ8yuk8N/ELxjpuq/v7G5ij87/VRQ175+zT8B/7S0a41wW/mx/8ALHzqx/ip8H/Efg/zPs8H+kXU3+t/55Vw/XOY2w2IxMIHon7Lv/BYDwR+yjoPjT/hYuqy+ZYeFb/UdHh8nzfNltbWXyov+/vlV/P/AOIvHuseKfE+p+Mtcupbm71TUZbq8ml/5aSynzJa/RT48fsl+P8Axh4ts4L64/0PVP8AQpruGH/VRS18i/8ABRv9g7xl/wAE/wD49v8ACvWtSn1PR7/TodR8NeIBaGOO+tZAfU/6yMkxn3HatU/Z0vcObl+szl7U8qtPFYnj6V2HhXx/cabcxsP+e1ePQXk8PStGy8SFDjPNdWGzKtSPNxGUp/wz7r/Zv/aK/s3/AEG+/wBX+6/7ZV9qfAf9pDQvPt/s+q+VJX45eDfiXLp8oKyOE74r07w1+0q/he38211OSOSvXp5r7WB85WweLo19IH9Hf7N//BTLQ9B8SR+HPGPiP/iVy/u5rv8A1vlV9CfHP4Yfs+ft1/Ce40rSfGEV8Jf3cMunzRf62X/VebX8pmhf8FE/id4Nuc2OoCWP/prX7bf8G3HiP4t/FL4N+PP+Civ7T98dN8MWUMum+D4pYfKtlsLX97f6h/7S83/pldV49WrS9pz0/iPo8FPF1KXs6sPdPkP/AIJq/DrXf2Hv+CkXx7/Ygttbg1Ky8JWEtxqWoxxeX5ssRtYov/SqWvRfjz4w8VTeDdQ1UwSy291N+5r4g/Zr/a78VfG3/grf8TvjvoN5Lax/EXxHrN7N72Et35sUX/oqvu+8+JHgfWPC9x4GvpvNj/57VpTzGS0PqMsrwwUJXPE/BPirVf8AhCLixgnl/wCuM1cXN4l1y80u40q/83y4v3n/AFyrtBr3hvR4dQ0qGeL7ZF+7rz/WNH1z+y7zVft3l28v+u/6a1z47Mq3suU6MRmVWseF/ELXr7xV8QbeCx/5ZTf62vTPhvDPZ/Y9D/5Z+d/rv+mtcf5MHhvWo57mDzZJf9dNXUeCfHn2Pxd9unhjl+yw/uYf+eVeZ7T2xxUql6x+hHwZ+Cdj4ql0exvv+Pf/AFn/AF1lr0T9pz4EDQfC8dz5H+jxWcv2OGvA/wBm/wCNnirWPFOn/wDCOwSSyeT++mr6w8SeKp9Y8ORz/Eax+0yeT+5tIf8AllXuZTCJ7tKVGFE+K7z4PT6P4Skg+z+VJL+8mr5n+M3iSxm1mSxgn/49a+9P2kNTsT4S1DVbGfyo/sf76WvzH+M2p/2bqlxYwj/SJf8AXS10408bE1aPIZ/hua317WZJzP8A6P53mTV6hrENjqVrHBDcf6PFXzv4P16CEf2FBP8Au/O8yab/AJ617J/wkh03QPIg/wBZdfu682nTOKnUpFzwFptjeXVxqs9dofDf2zVLf99H9nih8zzv+WUVcX4PmsLOT/hHLcf9NJq988EfCr+3rW30PSvNkkl/eTf9Na0VP2R0TOLvLOxh8sQDzZP+e00NRwaxod7qkcF9B9muIv8AltXtGvfA2DQrX/ToPL/6bTV4v4q8H6rDf3k9jPF5f/LHzq9KlVonGGp6xPZ3Mc/2CKX/AJ4/uf8AW10Gj/E7Q7y1kt9Vsfs3lf8APb/llXn+j6bPoEkn9uX0vl/88Yasfa/Dk2vx2EA+0yf8sf8Aln5VaCqQ9qeqfEPUv7R8L2/irSoPLuIvKkhm/wCmv/PKrmm6zpXhW6t/H/8AZXlaff8A7vUof+WthL/01rcm03Q/Cv2iDVYJLnQ9Uh8ubzv+WVZepf2VDF/Yk/8ApNndQy232v8A56xf8sopf+mtebyeypByf8vD6M/Z78YQa1/xK/Dmq+VHdQ/uZqk/ac+Cc9n4X+3TwR20dh+8mm/5615X+yjqVjDrVv4cvhLFcWs3l+V51fYHjzXr6z+H1xY/8Irpur/uf3P9ofvK6sFVOnDexPxv/aQ8SwaxFqGh6Vof2GP/AK4/62vB/BPjb+x/FlvocH7vzYf31fVn7YGj6VrF/qF9pWlSabeed++tJf8A2lXxX+/s/iNHPPb/ALyWaubG1P33Oc2Jp/vT6Yz/AGzotx5/+s8nzIaw9Nm/s3VI4ILfzbe6rvPB1nB4k+HEd9Bb/vIv3eIq5ubyNNtbf/R/3lrV4fUdP+GfUH7K+vQeG9Zs/Pg8399++/fV9sfH7xhY69+z7JBBY/af9Dr4L/Zv1KC81SOeD/Vyw19afEjXr6b4ISfYf3X7n99XPib1aRc4H5F/GzUoP+FjahB5H/LauH8SQ/upJ4IP3ldp+0LZwWfxFvJ7f/lrN++rk/EnnzaX9ug/5a15v8Mxn/ERz/hvWPOEk8B/eRTRV9Sfsr/H7+wfEfkTz/u5YfL8qvj/AEG8/s2WSD/nrN5leueD/wBzfx31j/y1h8uiZufox8GvjPb+JfC+sfDi+uPNkl/eWdfC/wC374D1XUrCTxHBYyxyWs3+ur1j4P8AjC+m0u31yxn8q8sP9dXYQ+PfA/jCLUPDfimwiuY7/wD13nVFP2tOXOdNONJ0T8v/AA34qvtBv478mvcPAfxmnmit54L795XWftFf8E3/ABVaWtx4/wDhlB9ps5f3k0MVfN+m/wBq+FdUk0LVoJLa4i/10VOnjaVSfuHNU2PTPidef8JhFcat5Hm+bDWH8HvFd98PfFFvYwebF9qrsPBN5oepeHJIP9ZcRf6nzq5/xVF593HfQQeVcRTVv098ypVD7Q8YT65qXwqt9d/ef8edfA+veJNW8VfFuMTz+b5V5X1R8Mfi1rmsfCS48HX8/wC8i/dw18x6no/9g/Fq3nnH7uK8lkrLDRqUnc6auq5D7A8LTap4V8B6P4j/ANXHYal9pmlmr708N6bY/Hj9l+48RwQfabzS7P7TD/1yr89/iF48sdY/Zf1ifSp/3kX7yH/rlX1R/wAEo/2i/tnw4/4Q6f8Ae+bo/wBivPOmr16VL26ObDTp0Ze+egfsdftIaGb7/hB9c1XypLWby7zyq+2L34S+DviF4Xj1XSZ4rmT/AJ6y1+Q/xz0fxx+zT8ZbjxxocEn9l3V5/plfYHwH/acnm8EW+qz6r5lndQxSeTXHnOWVKFSnUh8J69B0GeyTeJPhX8JddksfiN4Vtrm3tZvNmll/5ZV8af8ABfz/AIKwfsPftb/D+z/ZY+Anwas/Gt54cu47i0+JoX7NFYSY/exWOf3ssf8Az18391Xiv/BVD/gonJ8SdT1T4MeArC2sbOwljt9Y1a1/dXN1/wBMf+uVfBujT3viVvs0Ntsiz++NenhcFTqUYKXxHzWPxrhVm4/DE5PxF4E1bSrSPVJNOMUEvSVJPMBrnCWQ4YV9eeHf2XtY8VfD038Xj3Q7aHP7611VJIpIv+2mK4K7/ZY0x53Sfxppu8f88Zq6MRkeK/5dxOHC8R4W1ps8BieWPmF8evFON1Mx2+bJ+Br79/Yc/wCCAf7Xf7fUt1rHwon0DQvD1kwF34g8S3U0cUp/55xRxREy19WaR/wbEfAD9kDwDD+0D/wVU/bk03wr4ZsJZJL3QPDEEUdzdkf6q1iuZv8AltJ/zziil64H/PWvFqYarhq3s5ntUsXhsTDngfCP/BJb/glX8bf+Cpn7Qtn8P/B9m2meENHeGfxx4vuIP3OmWmeI4/8AnrdS9IovbJ/dgmv3T/4OG/Gvw3/4J/f8EWpf2Vvgdax+G7XXorDwh4e0i0n/AHv2CPypbqL/AL9RfvZf+mv/AE1r8mPiB/wcE/HD9nbV/wDhS3/BJrwnoHwP+EOjS+XpWiReGrXUb7WDnm/vrm7illlllHl19A/8Ex/2pvix/wAF6f8Agpd4If8Ab68GWvjHS/ht4blvdO0jSNJittEtT5gzdX0MvmmXzZfK/wC2vlf8s81zy9w113PDP+CXv/BNL4t+DvAF1+2H8S/Ct5p1ldaVIfDlpc2hjkltjz9p5/56dIvpXA+JfjZq1n8bpNDF9LFH50sc0NfvR/wV8+Nng74M/s+3nhXw7ocVtcSwxRwwxfu4ooq/mj8beKr69+IOoeMfP/0j7ZLJXLh6/tq3+EipDmmfQGg+ML7X/EeofYf+fyKKvoiHQb7/AIVf5F9pUXmRQ/66avk/9l68nhvre+1aDzJLqbzK+tPi14knh8GRwaHceb9qhrhzGpUqYmPKM+T/ABhNqs3iOTyII5fss1anwN0C+8U69ceQf3ks377/AK5Vcm0fF1eaTBiS8lr6I/Yt+BsGm/Z5/I/0iWby4a9KC5aB0Uj6s/4J+fA2CaWOeDSvKjr1j9rm9sfDdrH4b0qDypJZv33/AE1rtPhjr3hz4PeB47DStKiiuJYf30v/AC1rxv45eJJ/GGs3Gqz/AOstYf3NRgsZWpVTWnV/enz3+1F47uIvCUfhU/6yX95ef9sq/Mv4zePLjWPFF5PB/wA9q+4P2itN13TdLvNV1WeX7Rdf89v+WVfA/wAQtN+x6rcWMH/LX/lrXp1K/McVSF5GH4JmvtS163gt/wDVxV7hoE0+vXUc/wC9/wBFrz/4S+G8RfuIP3ktfanwH+A9jq/hy30Ox0qOP/n8l8n/AFtZe19kYqpRVQ8f/Z6+G/irxt438+exk+z/AGyv0E+Bvwf1TR/LnsbHy+f9dNUnwT+Bvhz4e2H9qz6THFHF/wA9a7DxJ8coNHiksbGx8z/rjXFVxNar/DNZ4mizD+KmpeFfB8X/ABPLH+0rzya+a/iRqVjZ2smqT+HIra4l/wCe03+qrvPi18YdK/eX3kRSXkv/AJCrxPUvt3xU1/7DPP8A6r/XQ1rhfbX98wPL9SGq+L/FvkaHBLL5s376avbPg/8Asx/29LHBcWMv/TavRPh78KvCnhuGOD93FHF/rq9Ah+Klj4Ui/sPw5pX7v/nrXqqpWN6R5fo+saH8VPBF5odj/wAfFrD5k0X/ADyrxfwr42g8N+M4/B3iOf8A4l+qTfZvNm/5ZS/8sq5v4M/FqfwfrEc8H+jXkX7uaL/nrFXUfEjR9K8R3UmqwQf8S/VP/IUtcXtf3wU3St7M9E03WL7wH4p8++H+maXN/pkP/PWL/nrX2Z4a+OWleMPhV9usbG2vfKs/Mmml/wBb/wBda/O+88d332XRx44n/wCJhpf+hTah/wA9Yv8AllLXqHg/4wn/AIRazghnljji822m/wCmVelhvZezNKWx5X+074l/tjx5qFj4jg/0OWb/AEO78n/VV8t/EL4Y32m+LY9VxF5f/PWvrD4qeMNK16XUNK1zSf8ASIofMhu68f17w1calYSaFAf9Gl/eQ/8A2qjGfwQq/wAU3P2UNe/tjw5eWM8FGu2cGj61JP8A8fNv5376q/wC02fR/E8mk+R9m/ff6quo+IWg/wDCN6pJPP8A6uWb/ltWWGMD0j4VkaBYW+uaVfRXNn/rPK/5axV7BrnxssbzwJJpUJjl/c/6mvkeH4kf8Ir/AKDBffu/+WP76jWPizADHfQTyyf89q2/5cly988r+OUH9peLby+gt5P3X7yuDh/4nGgyQf8APKvpT/hA9J+IWgSeI9Dglkkuof30Uted2f7IvxptPtmqWPg65ls/J/1UMP8Aqq8LE4mjS/iDXsT5bvNSns9akt69k+BuvfbNG8iaCvI/iH4b1Tw34tkgvoJY7jzpfOr1z4D+G/3X/Lz5f/LGaH/llTh+9XMjQ9U+EviuDQfEkelX0/7u/wD3fm1qeKpp/B+vefqo/wBVN/rqp+JPhuNNit9esf3v7799VPxtrH2yw/fz/aY/+mtdNKx206dH2J9Kfsi/tOaVZ6pcaHPBbX1nL+7mtJa6j9q7/glf8K/2nPBFx8W/hJoctlqkX7yb7JXxn8JfGP8Awh/i2O+/sqSOOWb/AFtfpZ+yV+0todnFbwX1jHfW/wD0xm8uvnswwtXD1Pa0dzSn7GJ+P/xI/Zu+OH7PeqSWPiPwrcyW/wDyxmihrn4bzVdSsJJ4LG5+2Rf9Ma/oU174e/s9/H6aS+8R+HPs0kv/ADx8qsvwf/wTl/ZXn1CSfXPDljLHL/qf3NYU81xDjacA+r0D8V/2V9N8R6xYah4c1zw7exR3UP7mWWGvP/i18K/ibD4tuLGx8DX0v779zN5Nf0qfDH9g/wDZJ8KxRwQaVbeXXSan+wr+yFrHmQQQab+9/wCevlVP9s4mOnIcX1bzP5s/hL/bl58FvEGleKtKuba3tbPy5vtcP+troP2Lf2hIPhL43j8+f93LD/36r94P2hP+CRf7Nnjv4Lap4H8AT2VtcXUMvk3c1fzr/Gb9nv4m/si/tN6h8HfEcEt7/ZepfuZrSHzfNir38pzd4itr7plUwR+1nw3+A+lftvfCW80RrOO51SWz8yzl/wCetfEf7VHwk+O//BP2K3HiPw5qVz4burzy7OX/AJ5S/wDPKvsz/gkF8aYPA+h2F5q08sUcXWK7hr74+OPxS/Ym/aE+GWofD740eDtN8SaXqkP+mafdw/8ALX/nrX2ma1vb0aaXvRM8PVS5oM/kC8ZeLdR1rxnrHiPU28ye/u5pZv8AtpJmuj+H+pQ2WjXHii5Ak+yzRxxW/rJJX6p/Hf8A4NbPiP8AGHxT4j+IP7Gfjnw/HodzqXmaZ4e1bUv3sUUv/TSvyu/aL+Bfxa/ZW+KWu/s+/GrQJdJ8SeHbsW+r6YZd+Dj93J6d/wDyJXz7ryw1TSRliMFDEw5STU/i/wCI9bi+xJfXH2fzP9Usv7uOpfD3jTXEu91klzJJF+8+X95XC+HtX0p544bjT49oP7ySWWrPiXxYl7M8Gl2UdtbE/u7WKvRpZviUuaUzyJZRQ+BQPvL9gP8A4Lt/Hv8A4J06+dI0jwzbeK/DkGn38EPh68vZLeMXVzLFJ50v/PWSPy8fjXzX+37/AMFK/wBp3/gox8Vp/iV8ffGktxAh8vR/D9oTHY6XF/zyiirwdrrU2hMcEci+V/rpRX09/wAE1P8Agkh+1J/wUn8WPH8L9BOm+E9Pn2a94x1GAi1tf+mUf/PaX/plXj4rFTr1vaSPZwmCp4enypHjH7Nn7MXxp/a4+L+kfBD4E+CL3X/EOszeXZWdpD9P3kh/5ZR+shr+r7/gjt/wSs+FX/BJP9lWTSJ72C+8Z6zDDffEPxOePtN1FF/x6x/9OsXmS+V+Mv8Ay0Nav/BLz/gmL+yl/wAEwvhZJ4c+EeiR3viS/hi/4STxlqEP+nX/AP8AGov+mUVSf8FCPjx4qvfh/qHgfwrYXPl/8tprSavLqVObQ7Kn7o/IP/gvv+29B488eah4c8K6tJLZxTeXD++/1tfmH4Vs77xj/wASqDzZP+Wk01fUn7Tn7PfxG+P3xbkv7jzY9Lim/wCW3+tr2T9nb/gnVpVna299BpUnl/6ub9zVUKc8KryOKnUZ4f8AA7w3/Zpt5zB+787/AF0te4eJNSn1jy7GD/V/8tq941j9lGxhsLexsdKi023tf9dN5NWLzQfAHw9tY7Hw3pUd9eeT/ra5P4lbnkGG/jHifwx+DOh/2pJrniOx/wBb/wA9q+jPh5/wjnw9h/4SM+X5kUP7mKH/AJZV5vNps+my/wBua7+7/wCeMNcX8Qvi/ObSPRIJ/Kjl/wC/vlV6VKlWqLmOmcNT6gs/j9PrF/JPbz+ZHF/y2lroPhjqVj48urieCDzf/jtfIfhX4taHD9j0Owvo44/9XNLNX2Z+zfZ6HeeF44PDk8n+urzcZ7XCGi9l7U8D/bM+Ht9N4c1D/Qf9I/8ARVfnP4q8Hz3mvRz/AGH93F/y2r9sPjj8PbG88I3Glf2H5vmw/vpZf9bLX57/ABm+GPhzwra3k89j/qq0wOOqVtOUwqckD57+CfhXQ7zxv/0zi/100tfop8E9e8K+AfDlv/YVjYxfuf8AWzV+bfg/xJ/wiviSSwsf3vmzf62voTwr49nmsLcX2q+V/wA8YfOr21T9scFSn++PrDxt8fvDnlfYftHmyV5f4w+KlveS/Z9KuP8AW15X4g8b2PkyfZ7/AP67SzVyc3xUn837D4OsfMkl/wCXuWtI4b2R0KnSPRNem0rUr/zr2f8A67RQ/wDLWtDwf4PvtS1WO4M8ek6fF/zy/wBbXk/hvUhpt1JP9u+03Ev/AC1ruJtegm0v/ia659mrqp0qQ6R65eeMPA/hu1j0rSp/Nj/8iy1JD8SLGGOSx0rSv3n/AFxryPw3/ZWpXXni+lto/wDntL/rZa6yz+J+h+FBJpWh3EUlx/q/NmrTSnSO2NKjY+L5tS1XTb+3n/eRSed+586vYPhJ440/x34cuPDg/wCQh/y+Wn/oqvM9YvP7Yik+HPjGx+xXkX/Hnd/6v97Vj4Y2d/o+oRz33+jXlrN5c00P/L1FXgVTi9nynca9ZXHjDw5qHhy+n8rVNLh/8hUfAHx5BrOl3Gh6rP5WoRQ+XeQzf89f+WVdB42hgm1TT/FOlfu9Q/1c0v8Az9RVz9n4P0rQfihb6rb2Pl2+s/u5v+mUta4fE2w50UqtGaPZPDfwxn8YaXqF9fWPmyfY/L82svw38Df7B0SODVYPM/feZDX1J+z38K4PDeg+frt95tv/AKzyZf8AlrXH/tLal4c8NWslx4b1WK2uIv8All/yyrm/tF1f3ZzVap8z/FvTdD8K3+n+K9D8uKSKb/TPJqx8WptL8X+B7fXNJXzJPJ/feVXkfxb8barNdXH27/Vy/wDPGrH7Ovxmsry1uPB2t/8ALX/nrXq0v4Jn/wAuzy/WZtcvJbix+0/vIpv3Pm1lw+KvGWgRf6iXy/Or2z4heA9K0eWS+z5kf/TGsey8EweJIvI0qeOTyqjESfs9DSFU+mP+CVPwxvvjx8QdPsdTMnly/wCui8mv2Y8Lfsr/AAj8H+DJNDg0O2/ew+XNLNDX5P8A/BPvxhP8B7+PVIIIrGSL/ltX25eft4aVqVhH/at9JF/6Kr8n4jjm9XGctH4T0sNSo/Gz8t/+CyP7EI8K/GC88f8Aw58OeVZy/u7zyYf9bXyP8HvHv/CHzfYZxLF+58uaKWv3c8e/Gz4O/FrwnJ4V8VWOkX0cv/PaavzX/bF/Y/8Ah142164vvAFjJZXEU3+uhm/dS19bw3jMVGh7LERCr7G/7s87h+Kuh694cz5/lf8APaKuL1KCbzfP0rVfNj/55Vj2fwH+MfhuaTSobH7bb+TVzwf4J+I2m3/2HVfCtz/rq+m9rRMzuPhjNqumt/p2h219b/8APGavoT4e+JPDmj2seqweB5Lb/tt5cVeb+Gvh74403S476DSpZP8ArlDXYeD/AAt4y1iXyNV8OX3l/wDPbyaKcqMzPU9g8K/tm+APCsX2GefNxRef8FFfEemRyS2Fjc/Z/wDntFNXB3nwy8DaDa/2rfX1lHJ/0915v41hsLy6ksbHxVpv/gZWn1Gg18BnV9r/AMuz0jxJ/wAFdPiLDf8A9k6Ubn/v9WXqX/BTj4+69LHBod/5UleN/wDCn9Kmuv7U1zxzZRW//LGK0h82WWvTPhL8E9c8YXXn6H4OubbS7X/mI3cPlyy1j9Qw0n75lPEVKZ3nhv8AbS/ah8VWv+neOPs1v5P/ACyrm/8AhD/CvirxHJ448VT/AG7UP+W013Wp4k03wr4aik/tyCO2t4v+WX/PWuTvPHnhW8tfIsp4oo5Zv3NdFPCYOlsc31rF1Nj0DTfGM9pFJ/wjk/lRxf8APKqdn488VS30edcll/7bVz+g+KvB2sWsmlQX0Xmf8tqz9S8YeFfBMv8AxNtctov+21RVxM1pA4ZutfU+2P2P/wBsv4t/CW/jsbGeKW3l/d+TNX4o/wDBX/4/3H7WX/BRX4mfG37FDF9r1iKyxa/6v/RYorX/ANpV9FfHj/go3Y/DbwtcaH8K72KTXLqH9zdw/wDLr/01r89L3UrnUr+e4ubqSTzT5k0v/PWtaKhW+M7cLVrW5jOs7P8A54QVHND+95rctIJ/suIIfxrE1FhHJuNOrS9lS0NqVX2tY/QP/ggP+1b+yr8JPjX4s/Ze/bT+Huian8P/AIz6XDot7qGrWccn9l3Xm/6NL5h/1UeZDmX18uv1Q0j4w6V+wTpkf7IfwlsrbQPD/hgyx2Z0+H/j683/AJa/9tf9bX8zkUzxS8fjX6wfCL9rq7+P/wCz14I+I/iTWprnX9B0GLw5rss7fvbqW1/1Uv8A368qvOtesdGLrVqUP3Z9r/E//gq7448Ey2c8HiKW+t5f9d5M3+qrl/Ev/BTKx8VeG5Pt2qxeXLD/AM9v9bXyX42+JHw58bWskE/2GK4/6a15v4l/4RzR4f8AXxW3mj/UxTebFLVvAr2vtDhjUxFb4z6Qh+PGla9r0muz2EXl+d+5r0zwd8ftc1Hy4IL6Kys4v+eNfBc/xs0Pwf8Av55/Nk/541l69+1d4x1K1jstDnltret6lONvfOn36fuxP0k8SftFeHfFUsehgxx28X/PWb97LXP3nxO8HaZayX0E+m21vF/y2mr8z7748eMZrr/QdVkrc8LXfjjx5fxw+I9Vk+xxf6m0imrCnSolH2R4q+NngDWIpJv7c/tL995cMNp+7irwv4n/ABE0OHVJP9I824/541zfiTx5pXgmw8j+3LbzIof3MMMNcn4Vs/FfxC177BY2Nzc3F1N/rvJ/1VdPtqFCkX7U7z4JTeI/iF8WrPQ9KEsn77995X/LKv2M/Yn+Fc+g+Eo76+sfK83/AJ6/8sq+f/8Agmb+wTY+HLW38Va5pflyRQ+ZNNLD/ra+7PEnjzwr4D0H7DY2MX7qH/llXy2Y4mpicRyUzpwdK9bnZ5n+0JrGlaDo1x9unj8v/ljX5p/tseNvCs1hcWOkweV5X+u/ff62vbP23v2itVvNeuIfP/ef8sYoa+G/G2p32sazH/asHm/apv3/AJtevlmW1FH2hpmXsf8Al2cX8MfB/wDwlWtef/qvN/ef6mvozwH8AYIdL+3ef9puJf8AlrF/yyrk/hBoNhr3ii38OaVBFFHFNX6GfA39mPSodGt4NcgjubeWH/ljXsRqex+M8n2h8P8AiT4MQQWEg+3fvK4uz+Ht9o1rJBBPF/1yu5v3tfqp4l/Y58HXlh+40O2jjrxPxJ/wT28OaxdSX1jYfvK6vbRq/CaU6p+d/iS81Xwpef6DB9puP/RVbngmHXdY0v7dfWPlSf8ATWavqS7/AOCdeq2etSX0FvcxSf8AXGtC8/ZX8HeHLX/io76+kki/55VrywmdUalE8P8ACunaUYvsN9ff9dpvJroNS8E+B9NtPt373zK7iH4QaV/r/Ctl+7i/5bTVT034b6rNdf8AE88R21tHF/qYZZq56nLA6OQ8X+M37PVjrw+0aFPHcx/8sbuKuHh0fUIbqz8O6rb/AGHUP9XDNL/y1r0j4D/Fqf4Y3/8AwjnjnRP9H/54zV6p8Tvhj8K/jxoP9ueANctrbVIv3sNpNXzGMVeg/wC6Z8lOr7kj5r8Sf25oMMnhXXYJI7j/AJY0eEPG0GvaNJBrg8rUNL/8ixf89a9I8SaP/wAJJ4W/4Rzx/B9m1zS/+PPUf+eteH+MYYIb+Tz7j7FqEX/LWL/VS0YabjH3zzamHVE+3LL48X158DLfVdC/0mSwh8v7XD/y1ir5/wDHnxV/4TCG4sZ5/s1xL/z2/wCWtan7B3xPsLy6vPhJ4q8vy7+Hy4a1Pj9+zHBoF/cTwfuvK/1NaYanqHs6dQ+T/ipDrmmXUk88H7uWvKz4wvvCvi2PVj+7jlr6I8baxpUNpJoeq2Mf2iL/AJ+4a+f/AIkaDBN5nkf9+a9L99SNKdI+jPh78TvB3jbwvHBrk8f73/UyzVsab4V0rTdU/wCJT4jjjr5f+BviqDw3qkmh655stvL/AKnya+mNH8H65rFhHP4Ovra+t/J/1M1IKEFTZ2ms+JNV0fRvPg8VRSyRf9Nq4/R/2kPEf2/yNV8R3Pl/88q87+JGg+ONBlkg1Xw5LHHLXmc1ncTap/o9/LH/ANdpqxqUaEmb6fzn15/wvjybTz4J5Za0NB/aW/dSQXuhfvP+es0NfOfg/wAH+Mdei/4lWrRyR/8AYSrrP+FS/Fvyo5/7V/8AJzzK1pYZCXsT3Twr8Tp/t/7j/Vy16RoPxC8DzX8c/iPwPbSSf8/c1eJ/Bn4e/Eab9wLD7T5X/Pb/AJa16ZNo/jGGL7Dqvw//AHf/AD1/1dVTwxvSVV/wz3Dwr8Zvg7o8scF9Y23l13mm/E74LalYfuPEcVtHL/zyh8uvh/XvDfj+HVfIn8OSy2f/AD1irpNG+HviqaaOefXPs1vL/wBNq7qWBmdXs6x9EeJPDfwA8SN9hvvEdlJJL/z9w15f4k/ZX8Cw6zJqvhzVLK2j/wCe1XPDfwNgmMeNK1u+k/56xfuoq9Y+GHwA8Kw+Ze654cvrG3i/10ural+6/wDjVdFTD1qR0ezo0qPPUPO/hv8ADEXniOOxuPKvY/8AV/8AHn5VfXngn9nv9nrRvCX/AAknxi8b23hLQ7WHzJtR1a8itoq+F/2rf+CznwC/Zdlk+Fn7GvgbSPG3iiL93eeJ5of9BsJf+mUX/LX/ANFV+d/x0/ab/aM/a68UyeMPj/8AEfUtck/5Y6f53lW1r/1yii/dV5ten7XY8TEZphqfwQP0s/4KQftLf8EjPDfgi40P4D/tKXPi3xRFN/x6eHtHlubb/wACf3UVflneftb6jqOuyWmi+FZJAZv3EXnVznjO3u9H05xp0McIih+Yir37Nngn4calLqmu/EPWLmOaCOIW9pZ/62XzaulRqfAedHE+3p3Z3MPxy+KsNrHbeHNKi024l/57TeZLXN+PPBPx38R6N/wkfjjXLn7PLN/yy/5a19SeAvC37Ofw3sI9VsfDn2mSWHzPOu/3tU/jl8SPhzr1rb6VBY+XbxQ/uf3P/bWvRWEope+ZU4VD4D1eS+s4pIAklYcF4YW8qA16R8Wf7D0+/uBYz/u/O/5ZV5n5M1ndRzzwfu5a8yVvb6HdhaXNS1Ot0cQSWBlJ7VyWsSma6kArek1BbTRj5R/1grlpn85g3aujE1F7LkFg6LVSUyMuDyF/OvrH/gnE134i8O+P/Arzfe0KLUrOL/prFKI/6ivksAq2D3r7D/4I8fCXxz8fv2jtR+Enw71S2sbzVPBN/FNqF7H+7ii82KvJmdtelUrU+SG50/iT4M+OLO6t8X0Ukkv/ADxm/wBVVz/hCb7TbDyNVvopJIv9TX1Qf+CNv7cHjDT5J/B3xO8LalH53lw/2fN5n/tWuD+IX/BIX9vz4b2H9q+I/wCzb63i/wCes3lV69DB1qlHnSOOVHF06ns2fM+veAvDkMvn6rqvmSVlzaBYzRY0qGWX/pr5Pm16hr37N/xw8N38k+t/D/7T9lh/5Yzfuq8/8VaP8avEtrJBpXg6LTY4v+m3leVWdTD1oq/KaezrHPwTaV4bl/fwfvK9Q+GPwT+MXxmtZB4O0O5/s/yf313R+zF+yXrmva//AGr4x/4mVx/yxh/1lfoR8E/hv8VPhL4X8jStD+zW/wD1xq8NhnVNcNhva1j5f+Ff/BPbQob+Ofx/BeySRTfvppoa+rPhL4V/Zs+CXl30+lRS3EX/AEx8quf8V/FvVdH1SSfxVfy23m1z+vfG34cTTfZ59Vtpf+m00NehLh6nOH7yR6iwUISPpz/hvbwBo9h/ZWlTxW0f/TGuD+JH7dXw5vLXyIPEcUckv/Laavjf4tePIdY+0W/hW4ii/wCuUNeH2fg++8Va9/p3iOX/AKbfvvM8qso5Tgo1eXlMalT2R9aeKvjB8HfEmvST/wBq/wBpahLXz/8AHifxXDf3HiODSvs1v/y5wzV6p8E9H+FfgPS476Cx+03H/PW7rD+JF5ffGbxbHpM9vHHp8X+p8qGu3FVKGEo+zpxPPqe0fvnN/sW6b4km16PxHrkEnmed/ocNfph8H/jxquj2EdjfaHc3MleD/s3/AA2+HPgnS7fVNVEfmRQ/uYa9cvPjxpWjxfYfCvhz/v1DXxuJxNVs5PaHumj/ABa12aL/AJAf7v8A6bTVYvPiRB5Uh/0a2/6418p/8LC+O/iq6kg0Oxkto5f+e1ZepaPfeG4pNV+MXxilso/9ZNFDeVx0quIp1NDP2bPbPHn7SOh6bdSWM2uebcf9dq8z8YfFSfxVD/oPgeWKP/n71Cbyoq8T8d/t1/Bb4YyyWPwW8N/23qH/AEEZYfMr5j+LX7Tvxp+LWs/8TzXPsVvL/wAsbT93Xo0vrVX4i/3v/Ls+sPid8bPhX4DsJP7V8f232z/n006bza8H8eftCaHrH7jwrpV9cyy/9Nq8DOm/8TT/AFH2mT/ntNXWWevf2bYeRBY+XJ/z2rp9mzX999uZ6BqXxI8OeMLCOA+XHcf8sZZpqueCfir4cs9Uj0PxX5ukXkX/AC9wzfuv/wB1WHo8Pwc1n9xYz3Okah/12rj/AInaD4qvIv7DuJ7a5ji/485pYf3v/f2rsmv3h6VL92fRHirWLHxhaW9jqt/H5kv/AB56taTebFL/ANtYq+d/jlpuraFrP2HxFb/9cbuKq/wZ8Y/EbwJqv9kz2P2mzl/d3lpN/wA8q9k/4RXw5480aTwp4qEkX2r/AJBt3N+9ii/6ZVjUwzNvZ0ZSPC/g/wCNr7wH48s576eXzPO8yzmhr9SNes9D+OX7Pun+P9DsY5fNs/Lm8r/nrX5vzfsx/Ebw3fyaVPY+Z5U3mWfnV+gH/BOW8vtX0G8+GXiOxkto5f8Al0m/561jDDWZwVMNZnyH8YPgbY+KvtH2GDyriKvmv4hfDbxV4PlknvtK82OKv1Y/aQ/Zvv8Aw3rNx4jsbKT/AKbReT/yyr5/8WfCvwr4wsJLHyPKq6tWrFB7T2R8d/su/sx+OPj/AOLZL7wPof8Aqv8AXedXvk3wT+LfwZuvIvvB0lzH/wA9f+eVfan/AATl+G/gf4J6zHfQX1jcx/vfOtK+oPid8Mfg78TYftFhfRWVx/zyr5DE8WLB4v2NRHR9T9r78D8r9S16DxJoP/FR+HY/3UP/AC2hrw/xV8N/AGvSyTwX0UVx/wA8vOr9RPiR+xP4c1iwuPIg/wC3uvi/42fsK+OLPVZIfDlj9p/ff8sa93C5ph8ZrTOb6jI+U9e+D/jHR/8ATvCuqxSeV/zxvPLr1j9lfw38TvGGs/2Fqpto/wDln50t5FJXtn7PX/BOWDVLn+1fjT4ksbHT/wDp7vP/AGlXrGm+MP8Agn5+zTLJY+FfB3hu5vLX/XXcv7uvosLgMZidYnpYLLlJ81RnUfDf9l3xVZ2tnfXHjGxi/wC3zyq9g034M+dpfkarBbal/wBNvOllr5nP7eHwk8VXXkeFfsMcf/Tp5teieD/jLofiXS4/P12S2/54+TNX2mD4fjGj7SR9LQoZdS+0d5o/w20OC6k0qfSpZY/+fSjXv2XdcvJf+JH8P44/+nuWauL1Lxh5PEGlS3P/AE9xTVJoPirxx4a/4nsE17Lb/wCt8mab91FXRVpUaNEqrUylfBM6ADwB8DdBvPFXxi8cS6bo+lwyyXnkzfuv3Vflz/wUO/4K3fED9rrUX+FvwmmufC/w/tZvLAtZvKutU/66yVzf/BWD/goH4u/aV+IU3wm8P6x5XhrQptksWnj91d3PrXzD4D0qW7njuJV/6418XjcZ7at7OmfE5tiYupen8J1ngPwrBeXccBsPLt/+/tdRqXkaD+5g/wCWVGmzDw3pfkfuv3tcf488eQfZZLC3g/ef8sfJ/wCWtY1KlGkfM0qVXF1jD8YeKp5r+Sef97HWD4U8S30Pjy31LS0kiklb7nl19OfsUf8ABIn9rn9unXvt1h4RvdB8Pxf67Vruz/ey/wDXKKv2O/4J1/8ABCD9nT9lJI/HHjnQ7bV9ci/5e9Ws/tMv/bL/AJZRV5ksS76H0lLCUaVHkPyj+HvwH/a2/aEsLeD4c/A/VpLeKH/j71GH7DF/39lr1zw3/wAEVf2mvG1hHP8AE34m23hvzf8AXWmk2ctzL/1y82v6ANB8H/Cvwr5eq+FPB0f7r93513+9/wDIVWLeaxmu/P1SwsYo/wDnlLD5Vdcalasa08BTpe+fjH8H/wDg31+Dtn5c3iv+29fuJf3nm6jD5cVfPv8AwXx/ZL/Z6/Yl+FHwn+Ffwy8GxWPijXtS1TVdYuzB5cn2WLyooov+/vm1/Sl4V/4V3NceRLpX2a4lh/5bTf62v5s/+Dtr4gL4i/4KiL4KsZc2fhfwFpdtFHv6Sy+bNL/6MjrKVKVL3zV1oez9nTPy9vb6ZokhDfdHSl0rSbrU5xFCPpVUhp59u2vSvhhosMELzz8SOvFaYejVxVQ8/F4mGCocxwN7pV5ZP5kyZPuK/Yn/AINm/wBinxZ4n8L+Mf2uQ1tNp81nL4Ys7Mf6yT97FLLJX5beL/C8Jj3W9v8AhX0J/wAEwP8Agqb8Yv8AgnT8QJNM8O6vcy+E9VvP+J9ocs37qT/pr/11rlzTA14Uv3Z15Jm1Hn9pOPMfvP8AAH4D+B7zxdceAP8AhXMWm3sU3+utNelirrPi1+yj8TfDcX/Ejvr25s/J/wCPS7m+0xVwfwZ/ai8AanrOn+OIIPtseqQxajDdxf6397X054a/bd+GWpWv2HxJPJH/ANdoarK8yxGFo+zqSPRxePoV63Oj8/8A42fsl6rqVpcX0GiS6Tef89rSaXyv/Ivm15GfCt/4N8NyeHPib8HdN1a3l/d+daWflS1+pnjz42fs9eMLXyYNc02P9z/y2r5r+J2pfA+9kkg/4Sq2/wC2Veh/bJw069GrUtJHzf8AA3xV+zZ8PdUzB8JJZLfzvMmhivP3sUv/AFyr6csviF8CPiF4Sk/sq++wx+T/AKnUIfLr5v1iH4H6P4nk1SeeSWSKb/Ww11mm/FT4A+VHBfQS3Mn/AE1hirvoZlTivaOJtTnhKT9wz/Hnwx8D/EL7RBBPHc/vq8f17/gn7Y69qnnWNvc/9cYa+hP+Eq+C2mxfbtD0q5rU0f42QQ2kh0qfTYv+m3kyxS10rP6NR+/EHi6b+E+Y/GP/AATl1yz8OY0qCWL/AK7TV4voP7DfxUh8RyaHBYxxW/8Ay2llr7E+ME3j/wCJ2jXEGheOI7b/ALfPKrzv4D/sxwWmvSap4x+Kt7LJ5377/icVniM2w9704HO1GrG/Mc3pv7Jd7pth9ivp4pf+mUP7yWrEHwB8Yw/6DpWhxWUcX/L3LD+9r7U8E/8ACiPB9hHBpOlRSXH/AC2mmmrj/jD8ePhzplheQQTxW0n/ACx8mvBxOMeIqe4eZ7R+1PD/AAH8DvB2g/8AI465q97ef88oZvLirYn+J3wy+G9r/wATXSraxki/5YzTebLXkfxD+M2ueJIpD4cvvs0f/Pb/AFVfO/iXwr4j1LWZL+98Yx3Nx/02vJa5PqVSb5ph/FPoz4tftp+MdSMlj8K/Dcscf/La78mvl/4qeJPGPjDVJJ/HM+pXP/XWtjQfFXxc8N3XkefHcx0eKviFPrEXkeI/B0n73/ltFXZTwy+yaezODs7yxgl8ixgiljqve3mkzS/uNKjkk/5bVof8IrBrF1JP4Vn/AO2MtSeG/gp8QNe1T7DPpUvly/8ALbyaireiRTpnP6lNBDYSX1jB5dxF/wAsaz9N8b/vfIng/eV9KeD/APgmv8d/G1h9v0mCXy/J/wCW0NV9Z/4Jp/EDTfM+3aVJ+6/eTeVDXNTxKqnX7CJ4X8Qten8N615Gq6H9pji/5bQ/62Ku48B+MPhz8QtGt/Dl95ttcf6yGWaHzK+tPjx/wRn+Lej2sk+iT/aY/wDnlqMPly14/d/8E3viZB/oOlWP2a4ih/5ZU51fePS+ozOD0fR59N1mPSp7COWT/ljD50UkUv8A1yuf/jtfRnwrg8ATaXHpXjKD7NJL/wAumoWflS/9sv8AllXB/Df9m/47eG7+48N+P/Bsl7bxf6mX/lrF/wBta9Mh+G/9j+HJIPEc/wDof/PpdzRfuq643ki44ZpnaeEPHngCz1S38OeP/C0Vzo/neXDqPk/vYq+xPgz8Jf2efFWix3vhXxHbW1x/rIZZa/MefxJP4V1Tz9JvvtNv53l+VD+8r0zwH8bP+EcurefQ/FUmm3Ev/LL975UtbRp+1pEzw3tap+hnxJ+HtvrGlyaVrkEVzJaw/wCti/5axV8T/Gz9nu+0jWZL7Q4P3n/TGGvZPgD+1dY6ndW48RnzI/8AVzf6ZXvmp/B/w58WtL/tXwdfW0n/AEx87/VVwV8NVpT98zqYX2R+a+g6b4/8N6pcaroU9zFJ/wA8a9k+Evxs8f6x5djqvhy5lki/5ayw17h4q/Zd8nnVtDkiki/103k1zem/s0eONSv/ALd4Vn+zW/8A0xm8qvnMTw/hMfX5pm1C/Q5/xh4p+Ld5p8n2KePTY/8ArtXm+sfEj+wY/wDio77+15Iv+WP+sr6M0f8AZdvvNj/4SvXLaX/nt9rvK7iH4G/s5+Cf9O1zxHolfVZZk2DwXs+SBph6FbnPhPXfiRqnjywk8/wrfabb/wDLGK0s/Kr5z+Nng/wcdV8+D4ZalfXH/LaWb/lrX6IftB/Ej9mXwhaf8SPxhpsVx/1x8yvj/wCIXxI+GesapJf3/irUr23/AOeMVnFbV+o4XG0sPg+XkiOrSqU43PK/hLo0+my+fY/Dm2sY/wDntL+982vfPDWg+I9StY70QRRW/wDzy+x/uq87s/jB4V0L9/Y+HI/L/wCWPmzeZLLXqHw8+P19qXl/2tpVt9n/AOWNp5NZU81dQ8f986h3ngPVxpp+w/Ybm5ryj/gqp+0C/wABP2PdY1TSZ/sWsa9dxado/wDz1i83/W/+Qq9vg+Nmq3thHY+HdK02x/7YxV+Xv/Bcn4qeJNe+I/hP4f6rqpljsLKW9ltB/qsyy14GY41+ymKdBKR8M6Yj6hf/AL0df3lekeFdN+xxVyfw30j7ZfxzzwebXYeNteg0CL+w7Ex+ZXysPc/eHj4qp7XEeygaGsaxPqUseh6HYy3N5LN5dnFD/wAtZa/Vz/gid/wRu8AWdrH+0Z+1R4cstb8QH/SdH0nUIfMisP8AprLF/wA9a+I/+CYPwNsfFXxf0/xj4qsYpJIpv3P/AEyr+hz9l3wroejeDY9KsbjzfN/6bV42MxMpy5D6DL8LSw1H2h3HhbQYIbCPw54O0qLTdLtf9TDaQ+VXWWXgnSoLXOuX32GP/ptXUf2DY+HPC8YFl/qofMmlr4X/AGiv26oNY+I954U+GM8epXFrNLH53/LK1r0ctw6ktTPEYz2Cuz7EHiX4ZaPYyWN9BF9n/e/6XNN/ra8X8a/H7wPo8X/Ej8SRXPlf8vfk18r+JfjxP9gj8Y/FPxJJcyeT5kOnwzeXFFXy/wDtC/tgeKvGN/JofhzVPs2n/wDLGK0/5ZV71OVGgvcOX21fF0/5T7Q8eft1fCTQbqT/AIST4jS/uv3k32SGv56v+Cn/AO0Hpv7T37b3jz4y+GtUmvdNv9SFvpt1dj95LDFGIh/X9K+gv2vv2rL7wJ8P7zwpofl/2pqkPlmaYfvRXwXa27XV351yPMrnxNX2q5CqVP2LvzXLPhLQ/tVz59wvyV6l4b0HybDz64zw3amJI2x2rt9N1Kf7NHB/yzzXbgKXsT5fN69WrVsGpWYm/cZrzPx1Y/2df+eP9ZXrk00ENrXl/wATZYJ7jzlFGaQTohkNaXteU/Sv/gmP+0d8TPFv7NOn6BaTveyeHbuTT+IfNkEUYBi/9G17r4k+M/xi+wefPfS23/bnXwX/AMEsvjbrfw38Ha1odhJsjl1YXB/784r7I1j9rU3h+wQaVFL/ANNq+OqzpUz1as/ZVp2I/EnxH8Y6zYfZtV8VXPmf89Yf3VYf9veI9Ni+3T+KtSl/6YzTVJqXxgn1KLOlQWNtJL/0xirzP4keMPHGPtGqar+7/wCmP7uua3tao6cpNnYax488RzfuIL6L/trVzwHefE3XtZ/s/wAK2Nte3Ev+u86b/VV816/8YL6a6+w6VY3MtxX0R+xbN8TZ9et7iCxubbzZv3135Net+9o0TRylH7J9UfCv4Y/E6zsPt3iP/lr/AMsYa7zTfgncaldfaJ572L/ttXUaP4q8caPYW9jPpUkv7n/XV0HhrX77zc3s0vmf9dq8mpjOSsc3PW+yeb+Mf2V9UvP3/wDy0l/54zV5vrH7N/xN026k/sqe5j/7Y19eQ3niOzi8+xgiij/67VJqXj2ezHn65BH5n/XaKu2niVPYFHFwifC/jD4V/tCw2H+j332mT/nl53l14/4q8H/E3QW87xJ4VvraT/nr+9kr9JNevPA2u2sl/qulRyyf9+68n8Y6DpWpGT/hFtV82T/n0ms/MrtpTpnTh61b/n2fmH4w17VYdZkg/tyTy5f+WN3Uc2sarZ2GJ9Kilz/y2ir7U8YfCXQ9X1ST/hYHgeykt/8Antaab5dY/iv9jP4Eaxp8f9h+I7mykl/1MM0PlVtUqncvZHxfD4q1X95fWE8skdaGmfEITf6++ktpP+2VfQnir/gnX4/8N6DJqvg6++3W/wDz2h/eV4n4w/Zv+OGjyyf8U59p/wCuNaKoP2FM1PB5g1K6jn+wxy3Hnf8AH3aQ17J4D8a+KvhX/wAVHfWUVzZ/8/fk14H4D0fxT4b5v9Juba4/5bed5teuaDqWuf2N++8zy5f9dFN+8o9l7b+IXhv3R9SfDb9uSCzht54NVtvL8n/nt/qq9Y0H4s/8LUtfJv7GK5kl/wCXuKavzb1PR54da8/+yvs377/W2k1eieCfiFrnhW1jg/tWXy68/E4GFP36Z6lKvRP248R/sm+CIofJ/wCFpXNjH/0ymrzvWP2WPhzo919pn+NEVz/01m/1tedzfFqfXrDyPFXjjUo5P+eMOm+X5v8A5FrY8IeGvhj4q0uSxvvHF9FJ/rPOr0KWCo/8vD6OnThH3pyOs1j4S/A+z0z7DPrljqUn/Lb99Xmfxg/ZK+C2veHJNV0rULG2j8n/AF1aE3wf8AQ6z5Fj4q/tf/rtrEsctani/wCA1jZ6N5E+h+V5sP8Ax6Ral/6K82tIYNU/gkOdKhCV+Y+N/wDhm/Q9C1mSDSp7bUo/+mNXNY+APh3R/LvoNKikk/5413niSysfDd/JpOharbRyed/qdQh8uWrh8Yf2BYfYL6wjlvP+fvzqftPZHl1a1H6z7h5/oOg+HNNuo/7cgj0jyv8Al7r2D4M/E7/hCde8jQ/GMV9p8v8Az2/1sVfPfxH8eX2jXUl9fXH+jy/9Nq+c/iR+0V4jvLqSDwr4jltvK/5bf6qpxFb2qLqYjDxR+zGu/HL4V3mg41v4xW2m/uf30N3D5tfN/jf9or4V6DrMkGhftCx3Mf8Azxihr8k5v2hPHF3qv2HxV4xubn/prFNXYfDfxj4V83z9VnvrmT/plXJSwyTvzHPRzGhR+GB+gGpftOfDmDWv9I+IGpXMf/PaGuf8VfGz9l7xVLJ/wkeueKL7/uJRV8p6l8QvhlN/qLGS5ki/56/u5ar6P8bLKGX7DY+HIv8At7/1VezCdNL4jqp5nKfwQPoTXov2Cr20+0T6rr8dxL/z102WTyq8n8Sfs9/A/WdU+3eFfH9zLHLN+5+16PL+6rLh+IU+vXX2HXL6ytpP+eX2yvSPhvr1h9qSxvr62kj/AOu1R9fnHQ5a9SNf4mcnr37OvirQdB+3eFbHTdbk/wCmMMsUtef6l/wunwT/AK/4cy23/PaWKaWWv0E+EHxD+Emj2vn6r4dlubj/AKYwxeVR8SPFXwV8Yy/ZoPCscX/bGr/talH3Inn+zf8Ay7Pz78N/tFXumX/kX2q21tJ/zylr4T/4KMfEWf4hftNahrP9ofaI7bTraKEn2H/16/WD4nfsu/A74kapJPY6r/Ztx/1xr8kP27PhbL8MP2pta8G2zSSx/upLWeb/AJaDyh/hXFjcb9YhyGNTn5veiU/hTJpPhrwxL4h1N8zyxfuIqv8Awo+GN3498RXfiLVLXzbeIf6JFFXP3kM9nYR2P/LOL/Uw175+x9qVjZzW8E/l/wDH5++rinU/c+zPEoU1CvKofTH7EPhzVfhvo0etwaV/pEs3mfvq/Zj/AIJ+z33iSw+3a5Y/8sYv+WNfFfwl+EtjNdaHBpVhFLH9jir9OP2P/h7B4V0C3nuNJ8qvEn+8rH0lKpRdE9Q+IenT6l8OdU0PSoPMvLrR5Y4f+/VfzXn9rq+8E/Gn4ieDrix+zXml+Kr+P99/ra/pw1iaez8u4gP7v/ltX80f/ByB+x94j/ZG/bSvP2kvA9j9m8L/ABL/ANJm8n/VRXX/AC1r38LUdOgebicNf3zl/Fn7RWq+L/Lvdd1Xyo/+u1ef+PP2hPDmg+HLyfSoPtNx/wA9pv8AVV8tw/GzVdY8v7dfy+X/AM8aw/iP8RP7QspNLsZv3cv+up06vtNTmc6nwGR8WvidqvxM8W3GuX9x5n/PGsKz/wBb59ZjHcxNW4JWh/cBaXtP3xtKmlSOw0e8g71uwakv+oPl1w1negR1cOseTF1r16dWx4GIwTqyOpuvEQiBhJ/CuH8eakLy+8oHvSalr37qTP8ArO1WPhT4F1740/F3w38LNCH+n+KNetdJss/89bmURR/rIK4cbifbfuzuy7LVRqc59ffAf9lD9ofwF+zv4c+IsPhO5ks/F1nLq1mIYf3nleb5UX/orzf+2tVdYPx+8N3cnn+B73y4pv8AnjX9Uvhb9jnwB4Z+Dfhr4Qy6NZXtn4Y0G106z82zi/5ZRRRf+0q8i+LP/BOjwN4s0+487wBYx+b/AKmaGH97XnLD4epue1VwOFlLnP5u9Gh+KmpXX/Pl/wBdpq9Q8N+A/tlr9u8R+I/tP/Pb995tfpZ8YP8AglH8Mob+4n8VQS6T/wA8ZobOvA/GH7EPwk8H2FxY+DviNcxSf8tvJh/1tavBRpauJjHC0XVPB/hx4V+Elnf+ffX9t/12mr6s+EviT4EeG9Gt/wCyvGNtFJF/0xr5X1PwH4O8E3dxpWqarJL/ANdofKqTR/Hnw/0biy0PzJP+u1dCwirUjo+oUf5j7sm/aK8K/wBjf6Dceb5X/LWsP/hq74c2X/H95stfI8PxgH2T9/8Au44v+m1U9Y+NliZfIsbHzJP+u0Vc39lUWEsNRR9aax/wUC/Z6026/srXPHFzZf8ATaaH91W5oPxO+Ffxsijn+HHx40TUvN/5dPO8uWvzj+J3iSx8SXMlhPof7yX/AJaww+ZXm+j6NP4J1mPVtK1WWxvIv9TLafu6zqZPzfwzP2SP2Q034eeMZrXyYPEckcf/ACx/55VjzaF8RtNu/wDX3Mvlf8tfOr4v/Z7/AOCmXxa+Etrb6T44/wCKk0f/AKa/62Kv0U/ZL/aR/Zs/au0H/ijvHFtHef8ALa0mm/0m1l/65Vwzp4nCz5GZ2qRMPw3rF9Z2sc/iPQ47n/rrD5taH/Fq9e1OT/hKvAEUX77999k82L/yF/qq948S/DHwroFr5+hzyySSw/6qKHzK8v8AFXhXwdeyyfZ/t0Vx/wBcYq0jUvVHTpOXwEem/Bn4Lal+/wDCt9c20n/PKL/Rv/Rv+trH8Yfs6/A/xtpdxANcvrbVIv8AltLZyxeb/wCQqr6D8MZ7yX9/44sbb/nj5s0UUtaGpfsx/Fv7fHfeHPHFt5cv+plhm/e11U9ztp4GtVR8X/tIfs0/EbwrdST+HL77dHF/z9w14nZalPoOnyDxJpVtpuoed5fmxV+lnjD4J/tNz38cE9vpviSz/wCW0P7rza878ef8E/L74hRXA/4Qe5+0eT++tIofMlir1FzyomX9nVqfxHw3o+vTw2vn/wCjX0f/ADxm/wDjtWP7Y8D+JLWSCx/4lt5F/ropq7zx5+xb/wAK91S4g8G65J5kX7vUtPmh/exVw+vfD2DTfLn1XSpP3X/Lbya5feiZ1MNM/TTxX+05e+PNLkEHgjSNSuP+WM32OKSuX0b4zQXkUkHirwdL4WuP+fu003zYq8D1j42fDmGw+w6UZIriL/lr/qqp2f7Y194P8zQp4Jb6OX/nt5Utan1lOVFP2Z7h4q+P/jjwdqEZ8D+OLbUvN/5Zf2bFHLW5o/7UXiKXwvJPrnhzw35lrD/qdb83zf8Av1Xj/wAN/i1ZePI5LefwP4gijl/1N3FNFLFFL/1yrzv9p2bx/wCA5ZIPGNjFbW/+shu9OvP9bF/1yqalUzxNSiiv8c/234PFXi24sLLw54biuP8AV/8AEv02sf4b/FTxjNN/wjnhXSpZbi6/1P2v95FXi9nNY6l4o/tX+yvs0cv/AC1/1ssteseD/jN4k8EWv2HQ7C20iP8A5+7uHzJZaz1qr3DxKmJo+2Os8Sfs9+MNS/07xxPc/bJf3nled+6rw/x5+y7Ab+8vvIkj8r/XedXonjD9q7xjB+4sfG8kUn/LaX+za8/1/wDaLnu/L0rVZ7m58395NNN/y1pe/wCy98yq1Lnk83g/wP4Pv/3NjcyyRf8ALb7H5tdh4V8EwfFS7t59K8RWMcdr/wAunk+VLLUmp+D/AIga7NJq2k+G5Ps/+s/fVz/hvTfidD4oknsNC+w+V/rpruGp9rS9mFP2J9IfDf8AZGsPFUv/ABPLCKWPyf8AXQ1oa9+yL4b83yLGf93F/wBMax/hX8WvFWjxRweKvHEvlxf8sYYf3X/kKu81L4zaVeaXH9hsNSuf+uVnLXHTqzp1D0ViY+y5IHk/jD9nXwr50cEGrW0Xlf8APW8ri739nXxHNr0f9h+I5PL/AOmN5XceNvDfjjxVL/avhzw5qUkcv7z/AFNdJ8DvgB+0Lr1/HBN4VubaP/n7morZlGmvcMakv5DoPhL8Jdch0b+ytK+Jt9H/ANMvO/1tdRo/gnVftUelz30Xmed/y1/ey19KfA3/AIJ1+LNStY9c+I2uSxxy/wDLGWvXLT4G/AH4Y2v76COS4i/5a+T5teL9ZrVJe0Ob2OMq/wAM+Q9B/Zug8V6xGfIvvtn/AFx/dV8cf8F+P2d/gv8ABkfC/T7CG3k8d6hNdXupeT/rYrD915X/AJFr9e/if48+Ffwr+H2ofEaDzPL0uzluZpvJ8r91FX85f7bH7dXir9t79ofxZ8afFf8Aq/3VtoMP/PK1i/1UVelhvrFWpzzNa+HdPD3qT948b17/AEOwuJ60Pgb8SINH8ZW8E5/dy1j69rH9peF/Jg/1lcPpt5PpuqRznzf3VelUnc8KFN1IH7yfsc/Gye80HQ9Vgn82OKGKOav2A/Zv8baV4r8J288H/PGv5u/+CbP7UWlXnl+B76f/AKaQyzV+4H7EPxg0q88OW+lG+/eRV4lvZVj0sH71Ox9sedDNF++FfH//AAVq/Yy+Hv7af7L+sfCzx9Yx+Zaw/bdB1CKH97ayxV9YWd5BqWjRzwVk6i1vrRmSSGM+WP8AVy19Dl9SHtNTpp03VpzifxXftNfst/E39nLxvcaT4kspZLPzvLs9Wih/dS15RfvOz4H4nFf07/8ABSf/AIJSy/EjWbj4w/CbQLW6uLn95qXh+7s/Mtr+L/pn/wA8q/Hn9oL/AIJreHX8RT6f4UtLnwvq/nfvtN1b/VV9XiOHYYrC+3wk+b+71R5qpVqXxR0PgHcc5qSG4bGcV7V8X/2Df2hfg/vvfEfw7vpLH/llqFjD5sUteNappd9psv2e8t5I/wDrqK+Vq4PE4V/vUOM6VTYmhvKP7T/2az/P9qZvb1rD6wNYdD7y78+vrL/ghhpHhbxB/wAFYvgnF4zsJbmwtfFP20xRd5ba1mmi/wDIscVfJNdJ8I/ip40+B3xL0T4tfDrWpNO1zQNRivdMvIusUsZyD/n1rP2n703R/bvZ/tLeCLzWI9JuDc2Uksvl+bLNF+6rutK8XaZqdsDZaxaXkZ/5axTf4V+Xf/BPP9tb4S/8FIvgnYePPB/iW203xRZ2cUXirQ5ZvLlsLr/nr/1ylr3eGz1bw35k9j4xjl/67Qy13YLLvrR10o0Kh9OfGHwR4B8eaVJpWqz+VJ/12r87/wBrP/gnx4W1PULzVPAHxLt9N1CX/ll9s/8AaVe0P8bPEmj3ckt94csriP8A57Szf/ba5fxt4i8A/FN5IvFnwM0a5/c/8fcN55cv/kKvr8vyecYclT3olQwy9p7sz8k/2kPhj4w+D+vSeHPibcRy/wDPG786vnv4heNtD8Ky/brG+k8uWv10+IX7Meh69LJ5/wAHZdX0OX/U+Tr0tzLF/wB/a8j1j/gjP+zJ8Zpft1jqut+Frj/ljDdzeZTx/DFel71H4fU46tL2Ts5n5nzfE7XPsv8Abl9PLH5v+phrrPh38QtV1iKOA2MUUf8Az1u5q+2PiF/wb3/HfQbX+1vhl4403xBbxf6mGaHy5a8P/wCHfv7Rnw38R3Ft44+GV95cX/LW0/e14eGwGK9t7NxMFTnLY3Phj+zf4q8eaXHPoPlXMkv/AC2hrH+JH7NWu+Fbr/ia6HLLJ/y2r60/ZLvNK+HlpHpXjHxhomgRxQ/6nUPN83/0VXqHxV0D4SePNB+z+G/EdlqUn/TGvv8ADZBhlhPf+M7KVCXIfmvN4I8OWdrH/oMlcP4k17XPg/r1v4q8Aarc6beWv7zzrSavrD4tfA3w7Nf3Hka59is4v9d+5/1tfM/xg0fwRZxSWOleJJLmSvlMyyv2cvgOWpTPsT/gn7/wXs0ObxRZ/A79q+CKx+1f6NZ+JvO/deb/ANNa/SC0+A2ifGyL/hKvCviOxk+1Q+ZDLFef62Kv5i/ifo8FmJL/AMiv1I/4N+/+CmmuzWEn7K/j+++06haw+Z4b1C7/ANb5X/PLza+AxeGqYPE850Zbi1TrezPuTXv2PvGOj+KJILee9spP+mM3mxV6Z4D+FeteCfL+3eDba+t/+W3+meVXr/gTWfE/iw/8hvTr2Qf8sbm3/wDalbfiNb7S7D7R4t8I/wCj+unzV7GGqYWuj6mPsLHnv9peDtBv8weDrK5/646l5vlS/wDTWjxtPrnxC0GT7D8M7KS4i/1M2k6la+b/AN/fNiqTWLP4FXv/ABNJp5NNuP8Alj5ted/FT4b33xC/c+G9UsdX8r/Uyxax5sv/AH6lr0Pq9Ox00sNhp+8cXqXwx1ybXo5/FWlaJY3EU3+pm1KKSWX/AMi/uqw/iF8B/hJ4wtf7J1zSYrG4/wCW1p5Nbmm+G/H/AIDl+w6tocVzb/6ub9z/APGq9M+G+jeAJdGk1y+sZZbj/n0mm82WKuGUqkDLE4Si/fpn4t+N/ipPexSWFx4cl+2Rfu4bub97XDw/GbxjDqkelar4c/7bQ+bX3R8VP2dfhzoOlf8AH95cf+s/e/uq8fh8BfDma/kn8Kf6TeRf8sv9b5tc9SrSPlKk6n8RHD/DHWPip43lkg8HQXNtJdfu4ZvO/wBbXpmsfAC30HQbfxl8YvGMsWoRQ/8AL3N5tdR8N/gzPNdR6r458VXNtb/9A60h8utj4nfD3wdrNp9h0PwPq99/09yzf+iqyqfvTK9Wt8Z8x+JPip4Vs9Uk0PwdpUsn/T3XD+JPiRrkMsnk6VF9o/6a3nlV7xr3wG8OWcX9leHPAGr/AGz/AJbfua4ub9kX4jeJLqT7RpcWm2//AC2u7uHzJZa0qVPY0Ti+rvmPF/8AhMBqV3JPPfRXOoRf8ukNd58GPAfxU+JGqeR4V8AXP2f/AJbajd19GfA39i3wr4Otf7c1XSraWP8A5bTXcNeqf8JINH/4kXhy2itreL/n0h8qKuL68KpTrHifhb4eX3gmaOfxH4q8q4tf+WMX7v8A8hVJr3gPXPFVrJfWPhWW583955vk17hpvhXQ5tUj1XVvEcf/AF6Q2ddBNrEF5/xI/DkFzqV5L/z6WdedVxr/AJAjTrUz4nvf2dfjv4k1n/iV2P8AZtvFN/yxmr2T4A/s6/tGf8JRjQ/GOrSyed/qvOl+zRV9UeDvg/44vbaO+8RaH/ZFv/z1u5v3stegeFdB8R6PayaV4VsvKj/57eTWPt69c9PD0P8An4U/hX+zrqmgRR6r8W/H/myf8tovJir1iHxt8HfAeg+RocFtLeRf8tq8D8eeCfH+sapHBP4jvvs8v+uiiqPQtBsdB1SPStK0O91K3i/10t3NXdh8HRa/eHtUoYKkj3Sb45a7r1hHB5Hlx/8APbzq5/WNY8O6ldRwfZ5L28/8hVXm+H0/iTy/IsL22/6ZV6B8PfhjceG7Xz/7L8z/AJ7TTQ+ZXR9So/8ALs6KeY4JfAeJ/tsfCXxx8Tv2HviZ4V8DwRf2xqnhW6trO0i/e/8ALKWv5adDudW8M6/ceHdUsJI7sy/Z5YZv+WUtf2VXvxT0/wCHthJBpWhy/aLr/XebN+68qv59/wDgvt+yN+z78J/2h9M+OvwG13Torzxpdy3HiXwnaT+ZLY3X/PX/ALa+ZW1Om6R4GZ1aM580T8+9Bs/tlr5F9VzUvh7P9gkn/wCWlSCaCz1STyIP9VN/qq6TTfGBmm+wzj/v9XRTpny9TE1aRzfwx8beI/hL4ps9VsRLHHazeZX7SfsB/tUa5rPhfT/EmlXHmxxQxed5NflXpvgnw54ktZJz/rJYa9I/Y5/bM1z9i34g/wDCK+MbHzPDd/8A8tf+WVcWYYaShzwO3B4r2lQ/po/Zj/aK0nxhpdvb6rP5cle6QaDY6l/p1jPH+9/11fkn+y5+2Z8LPipotvrnw/8AGFt+9/eQxRTV9yfAH9p2+hij0rXL7zf+21ebhsRWpM9jnT+A+nJtF08xeQbWMx+pr5o/bO/YH+EPx88Nz3niPw1ZJdxrxd+TX0PpPi+31rSvtsFvL9IqzZLrQfH4j869i8iLraCX97X0OWZpicFiFUhMUatVTsj8RPjv+xf8W/grdXFh4U125k0v/ljDqMPmW0tfnZ+2L+y9468Q6rcatL4IsormL/nzhiijlr+qL4y/AvwJ8QdHOn39lFs/5Y+VD/qq+C/2oP8Agm14L1mXUJtNWUMf+WvmxV+tZdjck4iw/ssRDlqdwWFc/wB5yH8uniPw1qPhzUJdO1KyltriOT5oZayyJI3wzYOK/YX9rn/gmp8LbLTLyHxTqEQk/wCWN3DD+9ir8+PiV+xdceHtYkt/D/ja2ltx90XcP7yvhM/4dqZdjOWj70Tl9pOlPkmfP1FfQXw7/YT8R/EK8exsvHNjbziLMSzRHmm+Ov8AgnV8e/BEJuIY9N1JP+nO8y/5V4k8sxUKfPyC9tTOb/Y3/bL+MX7FXxetPiv8I9YMUsfyXunyn9zfRf8APKT2r+kX9iH9sz4Ff8FFPgtYeOfht4xi0jVYIYotf0m6vvLubC6r+YfUPg78TtIv30u/8A6qJx2+wyf4V3PwS+Lnx3/Y28dW/jfSLPW9De+h8uWKUS2wu4ifw8wUqVXG4LWCE5r7B/Vzc/sv+KdQ0rNx49sr7zf+es1eeeIvg1/wiGpyRT31l/26TV+N/wAMf+Cw3j/V/s9j/wAJxc20kv8A02r3zwX+2p8VPFUXn2HxNufMl/5bfupK+hyziqrF2qxKliWfop4Qvfhro1/9o8RarqX7r/XfZLOL/wCO17h8PfCvwi8d2nkWV69zJF+8/wBLh8qWvzL8OfH74/Q2H26DXNN1KP8A55XcNSeCf+Comh/DHxvb6D8d/C1z4Wklm8uz1b/WWstenjM3niKfPSciPb0cT+7P1Ih8E6r4VnjOjX0nl1D4q0PSPGGgyRarpMcdx5P7m7ihrJ/Z7/ai8D+PPC8eq2OuWWpaf9j/AHN3aTeZXsFn8RvhJeaPu+0WMcf/ADym8qvFWbVudVOU5qEPZ1ZR5z88/wBpf9nXQ/FWl3FvrmhxSeV/qZf+WtfI9n8PPFXwT8W/aIL65ubP/n0u/wB5FX6WftaeN/hJDdD+xJ4o/wBz/ropq/P/AOO/xPsvt9xBB/pMf/LGvoocTVZRQ4Vp0K3M5non/CH/AAP+Nnw+ksZ9Visrz7H/AKr/AJZV+bf7SHwlsfAfjK8gsNVjkj86vSPEnxm1zTbqT+w55bbyq+f/AI8fFm+1O1k+3QebJ/y2mrkxubVMUj1frOGq0fdPL/iRqVj9l+z1wfw3+NniP4D/ABq0P4m+DtVlsbzRtSiufOhqx4q1ixvP35ry/WLzzr+SevjsfP255tJ8k7n9Un7H37QniP48fC/R/ibpWqy+XdWcVzDNF5X7qWvqjwR8a9b1LS/I8caX+7i/10tfkH/wQm/au1b/AIYut/B1xqn7ywmltof+2VfoJ8Pf2lvDgtpLHVZ/+u1fKRqVsLiT6TC1oVKX7w+kNSg+FfirS5DfWNt9ni/7+15vN8K/g7/bMl9Y+I/s3m/8sZq4PUvi1bmL/QYPtMcv/PKavM/iR8bNchHk2PhyKWzl/wBTdw3n72KWvr8LifbUT0sNUmlaEj6w0f4V+FbxfIsfFVtc+b/y18797WH4j+Et/ptz59jrkUVx/wAsZYYfNr5Ds/jP8RtNP7jVrm2/6YzV0mgftp+P/BMkkFxbxXMnk/6m7/5a10/UsVV+A64U2/tmf4q+AHw58r/io9VtpbyX/njD5sVeZ3ngP4c+D5biDStWsraPzv8AXeTLHLVjxV428f8AjD9/P/oVn/zyhh82WWuLvPAc+vah/aviPxHbabZ/88fJ/ey14Eqep8p/y5/dmpNr2h6NL/aHhzSrnUrj/nt53lRVHeeMP7Y/4/p/s1v/AM8bSGKWX/yLVibUvhJ4VsJIILG51KSvN/G3xOuNNurjGl3P/TGL/VRRV0xqcpmqbOw03+ytCv5L7Sp76xt/+W3+mfvZf+/XlVsWfxO8EaZdeeYP7SuP+eU03m18v/8AC4fFWva9JpWleHL7Uv33+qtP9VFXoHgSbxJoMv27+yovtH/P3d/8sv8ArlFWf/XwyqVD3y98Sf29YfYdcmttIt5f3kNpDD5ktcX4r17w54Jl8ifXftMn/LnpNpD+9rmz/wAJ/wCMNUjhsjLHH/z2h/1stewfB/8AZv0LTb+PxHrn7y8l/wCWP+tlrKpR9qaGH4J8K+OPHkUd7quhS2Nv/rIbT/nrX058Dfhj441O1+0QQRaJHF/zyhrqPhj4P+HOg2v9q6rfW3mRQ/8AHp/zyrU8VfGbQ9Bl+weHPB1zqUn/ACx8masqdIz+s0aT5DYs/BPgCzv4x5EmrXn/AD2mrrJrj4f6NpXkaqbHSP8AplNXznq/7QnjjxJrNxpWq2P9mx/8+lp/raz4bzVdS/cX08WkWf8Ay2u9Rm82WX/tlV+wowCeJhLY7zx58VfhjZ6hJY6FffvP+mNcHpGveMde17z9JsIorf8A6410mg+G/hzZxfYdDnkluJf+etn5ssted/tFf8FAv2dP2LdGk/4Sqe2vvEEsP+h+HrSb/SZZa5J+1fwHF9eVP3Jn0Z8N9XvrPyx4jnijt/8AptVz4nfts/shfAfRpLjx98abKyuIof8Aj08797X45/GD/gp9+1t+0VrEn2G+j8JaH/yx0m0m8yXyq8nvPDd9r2vfbp4LnUbiX95Nd3c3m11UaVZI5vrMbcx9yftgf8FetE8baLeaX8AbH93L/wAxGWvzL+IWpa38VPFtxrnjHVft1xL/AM9a9U8bQ/2bL/ZWh6t+88n995Nn/qqw9M1LwdZ+Ydcgi+0RQ/66az8rza9CdXko6nDVnWZ8d/tLaDY+CfihcaXYweXJ/ZsVzNXnem69PNL5/wDzyr2z9vzwRcab4y0f4jkS/Z9es/Lh87/plXz/AA/uJf3H+rrnjU9p+8O2nTTo6nqGg+PJ9Nljgqn8TptU8SaXJ5H73/2lWHo837qP/npXaaaPO0r7Pt82OWun+McfuYX3zkP2df2m/iV+zJ43j13wzqEklv5v+l6f537qav2r/YJ/b88LftLeHLefwr4qtv7UtYf9M0mab97FX4r+PPhkZxJe2MHmf9Nqw/AfxB8d/A7xfD4i8Haxc6bqFt92aH+OuGpRO2OIjiFz0/iP6yPgD+1d4j8Nyx2Oq/6uWvqzRp/hl8WtG8+xni8z/p0/dS1/OJ+w5/wW30bXEt/BXx/tTbXUX+p1KK7/ANbX6T/BT9tKCzij1X4c+KvNt5f3nlQzVhGnGnU5jWnjZU6v7w+3/iV8APjBeaZnwB8U5Mx/6m1uxXyB+0FpH7V/w+FwdV8D6lLbxf8ALa0m/wBbXuHw3/4KNQfZY4PFcHmf9Na9U039tL4IeKrXyL7VYo/N/wCWMtfSZbnGJwc/3a5ju/tJW+I/CP8Aa0+IXirWP7QsdVg1K2k/6aw18L+MIdcm1mSCCC5uZPO/541/TR8cPBH7F3xljuJ9XuNNjkl/100X7uvlPxV+x/8AshaNfyX1jrkX/kKvp6mYxx9H2kpe8c7xdCr8Z+Y/7Pfg/wCx6NHfWOlSRXEv+u/c16BqXwZ+IvjC6jgsdKuZP+m1fZGsab+z18MTJ/Yeh21z/wBtq8r+LX7UVjoUXkeHLG2i/wCuVclTHKlH94eXWxNNfwzzfTf2e/8AhW+lf25441WP/rlXxf8A8FGPG+h+PNG8iwsY/L0ub9zNXqn7Qn7S2q+KpZIDq0sslfHfxy16+8SWsn/XavHxuPjUp8lMxwjlUr8x5p4T1AQN5P2jEkUv7mvrv9lH42f2D9nnuNV/d+d/y1r4rtZmil3YjxXrHwTvL77VH5H/AD2ryKSvWPYxFLlj7Q/XD4G/E7w54w8v9/H5dcX+3Lo+h6l4SuNJ8RWUVzby/wCplrxP4JzeMfDdrb6qYJIv+ms1WP2ovjxPrHhyPQ76fzJIq+qw1WFOhY8inGP1n2kTw39mn/gpd8ef2K/iMdI0LxHc3uiWs3lXenTTf8sv+mVffehf8Fl/B/xF8MJqdn4hlEskWJ4CK/Gb4p3pu/GN5eZ/5bd6xdN1zUdKuftFncyRP6xGvmatZ08TNxPTlhlW/eI/Xbxt/wAFCIPEl/8A8f0kkf8A12rPtPjxoXiqL/X/AOt96/NTwv8AGu/AjivzJ5kf/LbNfV/7NOsWPirS/Pn/AHknk/6qumhX9qebOi6VX94dp8TvP18yfYf9ZLXzv8SYtc+1f2UfMkr7Qh+GU82jfbrDSpPM8n/XV438R/CsGjy3H+gfabjzv300telUw1b2JfMqWtM+R/G1ncWZ+w/8tK8/1iZvtUk5r1T4zXljDqFxbwWP7yue+A/wl1b4x/Eyw8O6XYSS263fmXkvtXz+Jp2O7DTv78z9Lf8AgjDpuqeFfg5b2N9pPmyXU32n/tlX1x4w+IUGm6pJBBBFbSRVJ+xd8E7L4V/CS31WfSfKk+x/uYpqy/iQbjXtUvL6C382OL/ltFXiYmactTp9r7M0PDf7Tlif+JH/AG7/AKRF/wAsZa6TxJ8W/DevaN9u8OXsX2j/AJbWkv8Ay1/7ZV+Z/wC0V8cvEfwZ+PtvBpU/+t/4/Ia9w0H42eHPEvhKPxVoeuRR3H/La0mr3Mvp0/cPbwGNontHib4wTwy/b7Ge5spIv3fmzQ/uv+uUtbGhfH4axF/YfiPQ/wDSIv8Al0lhr57vfip4G161+3T30llcRf8ALbyYpP8Av7/z1qSz/sK80vyLGfTdS0//AJYxadeeXLF/5Cr7mjUopHr1Yx5faH1p+0V8WrHQbqSeCwitrPyfMm8mby6+S/GH7V8+vX/kaHY/u/O8vzYv3tewal8HfGXxs8z/AITeeWPzf9TaWlegfDH9kvwd4JMd/wD8IrJc3n/PK7hr88hV9lufN1Kn/Ps8H8H2fxb+IWlyf2HY3Nj5v+pu5f8AWy13EP7Ivhuz+z678RvHFzq0n/QOlmr6Es/hvfalL5F9B9mt4v8AllFD5VdJDoPw58B6f9pvdDtv+3v/AFtZzxlNmXtT570f4b+I9YuvsPhzw5FpOnxf8sa6CD4V+HbO6+Wf95F/rru7/wDaUVdp8R/i1Y6bpUl9B/oUf/PGL/lrXzX4w+J3xV+KGvR6V4O0qW2s/wDVzTVpS/efGZVap9EQ/Gb4V/B+w26HBFfah/z2lrPh+NnjnUtU/wCEx1yeW20f/V/ZP9V5v/XKuP8AhZ8GfDmm6zbnVZ5dS1SX/UxTV7Bafs6654q12O48UwfZrO1/1NpDXT7WMPcic31k9A+D/iPVvG1rJ4i+w22keH/J/wBbdw/6TLF/z1/e12ll8T/AE1rJB4Hn+0xy/u4buKz/AHstcX4q+Ht94wutL8AeHIJLbS7CaW2vPKr3z4M/AHwd4U0uPw54Hsf3cv7y8mmrmq/3Dyv32JrHk9n4JnmupJ/7D828l/1P/TKrnhv9mnXdY17z9dn/ANIl/wCe3+qir6os/g/4V8N2vn+R9puJf9T5Vfmn/wAF1P8AgsB4O/Yy+H158Afgtrltc/Ey/h8q88qbzP7Li/6a1xezrVToV4VOSJ5//wAFXP8Agq58Of2J9L/4Z6/ZsvrbW/iJdQ/6ZqP+ti0uvzD+Eusar438byeP/iNq0niTxBqk3mXmoajN5nlV8x6P4k8V/Enx5eeI/Feqy3t5qk3malqE3+tllr3z4Yzz+Gh59pPFc+VXbhqfsqJpUw3NM9s17xVf6DqGLG+itv8ArlZ1GfjZ4kiiwNcuZbf/AJ7Wmm153rHjCfxhd/YbCD/iYRf8svO/dS10mmfDHxz42+zz6tPc6bJ/y2tLT91FXQdNPBfujQm+IVl4w1SOx8KmW+/7YyxS17Z+zf8Asx+JPjB4js/EfjGxl/s+L/U6f5P72vTP2J/2DtPvLWPXJ9K+zR+T5t5dyw/6qvpT+2ND+H1rJpXhWxitpP8AnrXgY/GVXL2VM5qlOkqp8V/8F1PgDodl+x54X8U+GvDdtbSeF9Y8uaWKH/llLFX5H2cvnRSQfyr91PjxqcHx++F+qfCT4gQfadPv5pf3tfiH8W/hvrnwZ+JmqeANdt/3lhN5f/XWKu7LnVhT5Kh0qmivpt5PDLHXceFNeg/1AFcP5ME1rGYD/qq6DwrD+9/cT169M86pTVU9M8iDUbUWFvB+7rk/GHw9gxITB5ldx4P03yfs/NeoS+CLHxXax2HkfvK7fq3tTh/g/AfG+qeCrizl/wCPH/VV1Xwo/ah+NvwKvo/+EQ8ZXsFvFN/x6Sz+ZFX0NrH7Lmq6z9ogsdDk/df88oa8r+JH7LvjHR4pL6fw5c+X/wBca5quAqUwWZUKkvZ1D3X4V/8ABY27SD+zPiYuoQP/AM/dnN5te1+Ev+CiPgnxZHs0f4lWzyy/8sZpq/LvXfh9qujyyefYyx1zl7a39nLgt5dcNq9E7oUMPWX7uZ+xY/a08VTxYsdV8ziuf1j9pbxxN/x8XstflVoXxc+JHhcY0HxZewJ/zzE9dfo37Z3xf04/6df217/13hoVfERF/ZVaOzPvbxV8cvFOsL5E9/L/AN/q838YeMb68i8+e+l8yvEvhr+27ob6rb2/j/wZJ5csoSW7tLsjyx+Nfqj8Df8AgnZ8K/i14S0/xJpWuXN9Jfw+b5U0MXlU6mOcV+8MVl1ZM/NPUvtF5FJ5HmyyV5n8SNO/sbRrie+g/eS1+5mpfsEfB34b+F5LH/hB7a5uPJ/fXcsNfP8A4w/4Jy/CvxtLcWM/hzypPO/1sNb4etRrIUPbUanvRPxEOYJcHpXuf7KNlPeazHcQW/mfZZv31fo74V/4No/C/wAYvFn2ux+NcuiW11N/qfsf+qrr/wBpX/g1Z/aM/Z18JSeK/wBkL44ReMvKh8ybSdQs/Kupf+uXlf62inKjTl8R7ddVcThdD5f1P4hWOj2Hkaprkf8A1xr5j+Nnxsg1jWriCxuP3cVavx6+Bn7a/wAH7q40P4w/ATxJoklr+7mlm0yXy/8Av7XgWpabqplk+3QSRyf9Nq39vOX8M48PhYx3KGsXrajPJP3kqlW5Z6RYzRfv/MrPvdNghMmZ65alDEX1R6NKpBe4UIJhBJkCvrj/AIJ96jL4w8Raf4VtVxcSz+X5pr5S0rQNV13UI9N0XTp7u4l/1cNrCZHP4Cv05/4I5f8ABJL9u74leLx48vfgLr+ieG8f6JqOuWf2H7Uf+2taYSMlVu9CMTRp1Ye8fc/g/wCGOl6b4Djg+3R3Nx5P/XKvi/8AbS1Lwr4bivLGwgijuP8AltDDX69+G/8Agjh481XS44PiJ8XYraOKH/kE6TD/AOjZal03/gjD8B/hvp9xqut6VbavrF1N5nnXf7yvpY5lRcPZwPOqUqsfhgfzp+CP2M/ip+0FrX2/+wbnTdHlm8ya7mh/ey1+gH7EX7C/hD4K29vrGoaH+7tv+Wt3/wAtf+utfop4q/Z1+FfwrsJP+JVbeZ/0xhr5n+OPiqezlk0rwr/z2/cxRV8tjsTTT9451VrUvjLHxC+JxvJf7D8OaVH5n+r/AHP+qrh9e+OXg74V+GLzxHqvlfuof3MP/PWWs/Uptc0Hw3car4jni02z/wCW00v7qW6r5b+MuvX3xm8WyQaHPJJp9rD5f2SvLwOBq4vEc8ti/aOrM+c/jP4q1z4wfFW88fzwf8fU37n/AKZRVofDf4ha58NvEccGq/6TZy/u5oq3PGGg33hv9x/ZXlW8U3/LGuT8R6lB/rzby+XF/qa+vlhqeHonfSq+xPqCH4V6F8VPDn/CR/DnVf3n/LaLzv3sVV9H8H+I/AfmfbtKlikih/4+9O/1teX/ALMf7Qk/w98T2995PmW//LaKv0g+Hvw9+Ff7VXhf+3PCt99muJYf332Sb97FWVKpW+M+iwWOqVY2PoDTPEvhXw2JP7K8ORRfufL86s//AISSe8uvO0r/AEH/AKa1T13xJ4H0H/XzxXMn/XavK/iT+0J4c0GKQfb4/M/55edX59Cpi8RI8X2p65r3jyD7LifVfK8qvN/iR8YPB1na+fPPbS3H/Pa7rwfXfjx4j8baziHzYrfya2PBNnbnVI72D95cS/8ALWX/AFtexhsNTpr2khezO0spoNei+3T/AGm5839552rfu4v+2UVXLPwt4j1LVLfQ/DljJF5v/L35P7qKtDQfDc80skHhyD+19U/56y/6q1r1T4Y/De/0Kw/tTxHrn+mXX/Laur6yc9Q1P2e/hLB4JurjxHPAZbi1h/5C0v8Az1/6ZV9AeCNHn8SXUc8GlS+XL/rpZaPgn8MdCs9PjvvEZ/0OX/nr/wAta9gs/wCw9Hl8jSoIpY/+WPk151WrVdX92clLDc0vfI7T4Mwf2n5+lQeXJdfvJq6y80HQ/hj4d8+D/j4l/d/vqseG9Yt9B0aTVb6fzZK8T/bE+M17ovwv1jxvpNt/plrD5dnXtZfltbE7nfVVKjT/AHZ8xf8ABYz/AILFQfsc/CzUPg/8Hb46l8TNUg/cwxfvf7L83/lrL/8AGq/nA+MNp8cPid4j1T4qfEYXupahrN59p1LUZf8AnrX258fryb4nftS3F9qt/wDafNmlvdSmu/8AWyy16JrPwG8G+NvhzeQaTocUVx5PmTeVXc8BKjSM8PCHtPaH5r/CvwrffvLjyJf+m1fSnw9+GIm0aS+g1X955P8AqvJqnD8H9V8H/aJzpUv2eK8/fS/9Mq6yz8bQGGOCx8228r/UzeTXF7L9ydtKn7WsZ/hXwrpX9vRwQaVHcyed/rpYa/Qj9i39nuD4wf2f54trbT7D95NNNDXw3Z3ljZ6pZ6rYz+VHdf8AH5L5P+qr3T4K/wDBQz4Z6Lo2oaJ4H1zzJI/9Hlmj/wCetcOJoYv2X7s1zHEUqNH2aP00+IXj34L/AAk8Lx+DtKvv9H/54wzf62vi/wDaQ/ap8KzapHofhzyo7j/lt5U1fMfxa/au8f8AjzVJL6DXJfL/ANX51eF6l47n0zWvOgnkuZPO/wBdLXDhsFW5/aVD59U61Y+nPG3xs1z/AFFiZa+R/wBurwfP48tf+FjfYYotQsP+Pz/prFXpF5+0VpWg6Xb+f/rP+W1eJ/tFfFqD4nH7DYX37yX93DDFXpeytPnNaSqwrHh/hu8t76TyZ/3ddhpujXGgXcdxfwfu5f8AltWXZ/BL4m6bayeI/wDhDr6Sztf+PyaKz8yKKu0h8VaUfCUljqsEhj8ny4Zf+eVaYaqGIVaFT3Inpnwkm0PxJdW9j5/l19WfAf4JaVq9/HP+6kj/AOWNfmv4V+LU/hXWftEN9L5cVfYH7KP7ctl4Vls/7Vvv+W0X/LavXw2JPKxlKvE/Zz9jn9grwdr+g2//AAkelRSeb/rv3NeofH7/AIJOfCvxV4NuBpWlR/aP+mMNfP8A+yj/AMFbvhzpul2cE+q/9dv31fTk/wDwVQ+Dmu+HZLHSZ/MvPJ/5azUp1atWt7pyU6ODdL3/AIj8a/2rv+CbP/CN6pqEEGhy/upv3P7mvh/42/sl33hQef8AYZK/eT4//Gz4ZeNrW4nn+zf6V+8r4L/aul8HTRXEA8vzP+WNds6dFxOKnUq0Zfu5H5J+KvAc+j3UkFxB/wAtq4+8tDBJ14r6Y+P2g6VFf/6D5fmV4J4k0oxXUh/jrxcTT7H1OV4+VbSoc/aRM0v7oV+1f7Cv7TnxG+DPw90fSvEd99pt4oYv3M0MX7qvx08Baab3xDp8Ai/1l5FX6Z+A/FUH9gx2PkfvIqdPBUsRDlqnpVMT7Ksfp54D/bA/Z6+MFp/ZWueI4tNvJf8AntXWeD/h74Oluvt1jqtlfRy/8ectfl3/AMI3qt5afboJ/Krc+E3x4+MXwlv/ACLHxJcy2cX/AC6TTVz18ldL3qMwqTpVT9ZPDZvvDd1+4hj8v/pjX0h8JfiR9s0uODVf9XX5v/Ab/goR4O1j7HpXxUh+xSf8truvsz4PfEj4c+KrCO+8OeMbG5jl/wCm1LDQ9n7lYyWJqUqZ9Ea14V8G/EOw+z+I9DttSjl/5Y3cPm15D8SP+CWf7C/xbaSbxx+zN4WuJJf+WsejxRf+iq9G8K+NtDs4o4J566yz8S6V/wA/sddE/aUZ/uzoo4inVXvHyPN/wQC/4JXzmT7b+yf4elz6+b/8dpPDf/Bv3/wSj8K3X27T/wBkTw/JJ/0282vr298a6FZQ+dPe4rg/Hf7RXhzQfMt4NQ8unCri6mjka1PZezMT4UfsC/sSfs/3Uer/AAt/Zl8HaRdxD93d2+jxeb/38lr1efWND0iLrHFXzP48/bAsYZfIg1z93XjfxI/bMhhik8i+8yr+rc2rmcMsaqXwn2R4q/aE8KaB5gFx5kleF/Gz9q7zopILERR/9tq+J/Hn7UXjjXpZINKn8qvI9f1L4qePNZ8jSr6SWP8A5bTed+6ipv8AcU+eJwzzKtV9w+hPir8eLHxVdXEF9rkX/Tabzv8AVV4fr2sWMN1cT2N9LL5X+uu5v3dYcOg6H4Pikn1XxJbXMn/LaWX/ANpV5P8AtLftFX95ax+B9K8K3um6f5P77UIbP/W14csPWxlb3iKXvB8ZvidofxN/4kVxqsX2eL93++/1Utef/wDCsPEtppUl94WvrHV7P/Wedp3+ti/66xVyfgPR9c8SXUdiILa5ji/1Mtp+8r6U+D3wNvrSwjnvjLFJLD/y6fupa+pwUI4SnY9bDUqVL4z538bTaVeaV5GuaV5cn/LGbyf9bXz/AOMP3OqSfYIP+/Vfcn7UWg6V4b0b/TvDkl9J5P7mX91FXw/4r1KCb7RBpNj9muPO/wCW01dmMqqpSK5KJn6bNY6DdfaL6CWLzf8Apt/y1r6o/Yz/AGnP+EJ8RxwX19/ZtxFN/wA9v3V1FXyfo2gz3l15+qTy/wDXGu88H2cGm6pHYzwf9cZa8uliS6TsfSHjD9sa/wDEmoR2+kar5X77/XUQw/28P+EjGrSy/wDLSa7u/wDVRV8x+FZrHwfrPkX1jL+6/wBTN51e2eFdYOpWtvfX1/5Vn/02ryPZKiFL2J7J8PfEmk6DdSQWGlfbpJf+Wstd5pniuGbVI/t08Ucf/PpaQ14fpvxI0rRv3Hhyxj8v/n7mqPUviprk0X/FHaV5Vvdf667rM1qVD7M0f4qaF4Vit54dWttNt/J/1MP+tq5r37S3gDR9es9dgFzfapL/AKm0mvK+F9N17xHeap++1y5l8r/lj/yyirqIdS1Wzl8+y/4+P+W003/LKs5exF8HwH6kfCv4zeI/iFoGn33iOeK2t4v3nlQ/62Wvoz4bal/oH26efzY/+W3nV+bf7GfxI1XUrqz8K300Usn/ACxhm/8AatfdnhaHXNN0uMX0/l6f/rJv+WdLD0qjkFOL+2dZ8QvHk81hJceDp5JbeL95eRf8ta+e/wBpb4/aH/wpbXIJ/K8yKGvRPi18QvCv/CI/bp54rL/lnDqEM3leVX5//tXfE6DxfLeaFBrll5lr+8vPsk37q6r9By2jWpYXmH9X/mPgu81+fWP2kNQ1XEUnm/66vsD9nXR4ZopJ7HzZY/Ji86H/AKZV8l+JLOez+L+f7Kkjs7qH/Ww19yfsZ+G9K1iG3P26Ly5Yf33nQ/6qsqaqRqfvjOnGn7b3iTWf2Y9K1jwR4g8K/wBkxS3l1/ptnN5P+tir4b+IPwx8SeEPHH2GxsZZLf8A9FV+7Hw3+DPg3XrCz5/0ywhljhm/56xS18h/tLfsoweCfGXiC+vrE/Z7D955v/kWscZh6VT+GerL6vhlzyPyP/bL+Lx+Gfwr0vwNpV95XiDWfNkvIv8An1tf/tteUfsnadPPeRmYSeXdTVwv7R/j64+J/wAate8WRXXm28upSx2g/wCmddT8DPGM/hWWOeCvn+e1ax4uP/eo+iPGHiSx0eKTSp4PKjirh73UYLz/AI8f+/tc/wCMPGE+vS+fVfR/Enkyx2/kfu/+W1P92csdKRw/xC8VX0OoXE8Gqyx/9Ma+kP8AglT+yjcftFeKI/iB4qsftOn6NNL5P/TWWvnv4weCfO0uTXbGDzP+WlfoB/wb0/tFfCTwpo2sfDL4jWEkvm6l5kMsX/LL/prXm42pW9l+7PVy1UZVNT7k+D/7K3gfQrCTw3BoltL9q/d3nmw/62vlP/goF/wQH8cQ6XefEb9nOC5/0r95Np0MPmxV+vmg/D3wB4ksLPxH4G1W2jj/AOe1d5oOmzwjyL+evJwdHEe21mepVw+FZ/G/8W/gR8Vvgn4iuPDvxI8IX+kXEP8Az92fl+bXL2Ovanp0v+h3Egr+zD4hfso/Bb4zWGfib8OdJ1u3uv8AXfa9Nilr5D/aU/4Nkv8Agn58e9IvNR+H3hy98Ja5J/qbvSZvLi/79V9I6apU/iPNq0o9T+cjwt+0R4u8NzRT22t3MflTf8spq9L8H/t1eONGjxP4xvfLz/qpZq+vv2o/+DUb9t/4QC71f4O61pni3ToTmKLz447o1+ffxs/Y0/ag/Z31uXw38W/g3r+jzw/60TWMvl/nisadSc37h5NXLcFJ6nvUP7fniO8sP3+q3Mkn/Xaub8VftUT68JJ576WXzf8AntXzDImp27BZIpE49Ka02oyH5i/4iuinVnT3OT+x8MemePPiTDrF1+4n/wC21cHrGsedJxWf/p0/WL9KgFnNv2nr61NSo7nfhcHQwx6h+zL4Um8U/EazP7sQWv8ApM0sv/TKv0H+DPg/StYikgnvoq+BPg7rGq+AdPt9bvrCWKzv4ZY4bv8A5617f4J/ap/syWP/AImksX/LOvVw1Sj7P3zzca6v1jnifohpHgPSv7KjgE8Xl/8APWuH8YeG9K0e/wDPnn/ef88a+d9O/bS1XTYo4NK12KWP/nl51V9Y/ain1KX9/P8A6RL/AK6bzq39rRLp4ipM+gJryCzi/cT+Z5v/ACxrqPAfxg1zwTdRz+HPElzY+V/yyhmr5fh/acsobX7BNVO8/aKg/wCWE9ctRUapye1rU5H6afB//gpZBZ3X9leP9cubb/p78mvojwf+2BpXiq1+0eFfi1psnm/8sZpq/Cu8+PGqzD9xceZHUc3x+8Rab/qJ/K/64zVyuH8h0rEzR+7mpfHnxxefuP8AhMbL/tjNFXB694w1XUrqS41XxlF/3+r8T7z9pz4tzeZ5Hj++j/6Y+dXP6l+0T8YZh+/8f6lF/wBvktEqbmKniax+0GpeJNKmlk/4nsUkn/PXzq8/8efEj4c+HP3+ueKtN8z/AKa3lflPoXxy+Jt5Lifxxeyx/wDX5LVfxJ8VNXll/cX0ksn/AE2mrTk9kS5wrSP0E1j9q74ZaPfyWOlTxalcRf8APp/qoq0Ifj9rl5Yf2r9hi/svyf8Ant5UUtfB/wAGdH8Zal9o1Xxlqvlxy/6m0h/1stfSnxO8H/tGWel6X4cg+GVzZeH7rTYpbOXyf/ItcEqOLxNXkOvDYWPtNTy/9pf9pC+8YeN47jwBZXttbxfu5rTyf3UX/XKu4+GPjbxx8YLCPStD8R2XiDVLWHy4dJu/3VzdRf8ATKKX/Wy1T8IfCvxlqUn2jxx8Mrm+ji/5iOnf63/trFXsngn9mn4Zaxax32uW9zY/9RbT/wB3La/9dYq9Sll2IpI9aOEorY8z8K+D9K1Lxl/pHhS50nWIpvL1LT4f3UsX/TWKL/2lX0R4POuf2N9h0qf7TJF+8hliml/e/wDbKX/VS/8ATKuX8YeJ9D8N39vofx3/AOKg0+1/d6D8QtJ/dXNr/wBfMv8Ay1/65S1saP4wg16wk8OaVfW2pXl1D9p0fW7SHypbqWL/ANq0ezcdzOphpo4v4/fEODXtAksbieKW4ih/fQywxV8J+LIdJ8S69eX1vB5flTf8sv8AllXvH7RXxCOvXUmrTz+beS+bHNLF/wA9a8L8K6PNZapJB5EktvdTf66uarVM5ezsWPB/hvVbO7jvp/8ASY4v9dF/0yr1iy8EWOsxf6D5X+p8yGqej+G5/Dcsf7j/AK410GgzXH2C40PyPKjl/eQ/9Mq5S1SOL8YaDofnR/uP+WP+urHs/EsNnfW9j/a0kkf/AD6Tf6qu88SeGdD0e6+3T/6TJL/y2rxv4nan/wATWSex/d+bVVCPZHpGpeJIIYswfvbj/nl51dR4H8YzzWEk2uaV+8/6/K8v+GPxC8N+PDH4U8ceXbXEX+pu/Jr2D/hTWuRWsc9jrljJH/yxlimrzKlQ1XsTU02aDWIvO8iSKzi/5Y2k32aL/v7WxD4jg8r/AIlXge2/df6n9z+6/wC/tbnw9+HsGjxf2rqurWVzJ5P/AC1vPMiio8R+FPFd7f8AnweVc28X/LGKGs4WgNbnYfsx/HjVf+FjWehweVFeRfvJprSHy/Kr9FLP48eDtS8Gx2N9PLc3nk/vv31fk/oNnqvwltbjxjqs/wBhuJZv31eieG/2op73Rrex0ofvLr/ltNNX2OR4KjiZ+8ddLEUj6E+Lf7RVlZ6peaHbz/abOWH/AI9POr5b+JOg295qlxrng6CWW3l/5dJpvMqTxhrB17VJNVsYJfMi/wCWvnV1nwyh0rxJdfaJ4PN8r/llX61lWRKvR5T0qVOjL3jyPwT4PvvFV1cWOq2P/EwsP3sMP/TKveP2S/Hn/CK+LfI1aeSL/pjLXrnw3/Z00rxVLJfWFj5dxf8A+ulhh/1VZ/xf/Yo8VeG5f7d0nzbaS1h8zzfJ/wBbSzTJcLRh7OL98lUsM2e2H4/f2DDb6roeueX5sNeX/wDBSf8Aaj/4ST9jH4iarbzxRXkuj+Z50P8Arf8AVV4f4b8Sa54b0u30Px+fsVvL/o1n53+t82qfxO02x+J3wR8UfDLxEJfMv7P7N53/AD1ir43HYGrQjeMNUc2Lw8HT94/Dfzv9L969A8HzQQxefP8A6uuT+IXgnVPh742vPB+qw+VJazeXWh4b1PyYvsOK/Pa3PHE/vDxsQuWmesQ/YZrXz/PrLim8m6rHs/GHk2v2H/lnUn/CR2Plf9NKPaHFyVT1TwpF4c17Rv7J1X/lrXJzf8J/+zr8Ro/iN8Mp5Y/K/wBdaQ/8ta5/TvEk/wBr8/z/AN3XWWfjCfUrWOx1X95H/wAsa092qbUqjw3vRP0k/wCCdf8AwVc/tI29j/wkcttefuvtmk3c3+tr9WPgz+1d8OPifaxzz3EttcS/8sZa/mLm8FDzo9V8OTy21x/rPOtK98/Z1/4KQfGr4DX9vofjie51LT4v+Wv/ADyrzq+GnfnpnofXPaH9RngnWND1iw8j7dbXMdbE2jwWcvn2M/7uvyb/AGUf+CmXhzx5o1vquleI/tsf/Lbypv3sX/bKvuD4S/tgeAPFWlxwT+I/3kv/AD2rooVP5znnjIL4j3jUrKe8i/56x18d/t+fs0+HPid4buJ9V8NxyyeT/wA8a+qNH+IekzWv/Eq1WO5j/wCu1ed/Hj4kQTaXcWM9j5fm/wCpruwUY+1905sTVp1aJ+Af7Qn7E2h6Pql5/wASOP8A78183+KvgPofhvzP+JV/qv8ApjX6wftjal4chv7jyP3dfn/8bdYsLzUJPIt4/Lr1qmGifIfWK9OsfK/irwppVm3kGxj/AO/NcP4q0exhi/1FesfEKaxmuv8ArlXl/iO8gmikzXm1KR6mBr1pVTpfAetv8RPgXrnwinWOO48Oeb4h0i7/AOuX+ti/8i15Ha6veQ/KjeZHXR+A/Ef/AAiniL+1YF823+xyx3kX/PWL/lrX1r/wVZ/4Jb3v7LOoeHPj5+z34Zvr74T+PfCljrWhXUXmyixMsMUkkUsn41w18RCk43Pq6WG9rGVz460/xfPB3krcs/Hmq9ft0tcH508HSrFpN5nMzeVUU8TVbOWpgacT0j/hYV95X+j31WNN8eTzRSefPXB/uIYv9fUh8+E8T11e2qHL7KiemQ/ELyfL/f1sQ/EixryOGaeaLpWhDD/03jpe0OX6qeif8Jtb/vIMVj6xr32yXMBrm4T9ji8jz/8AW1YOpQabF5/+trT2lYqNKUTci1iezh8j7R/1xr7g/wCCVP7CvgD9pHwl4k/aF+NM99/wj+jeVZaP9km/4+rr/lr/ANsoq+K/gV8I/Hv7VHxK0/4SfDOxlubi/m/4mV3D/qrCL/nrX9BH7Fv7K+h/CX9lCP4LeDvKls7CHy5vK/5epf8AlrLXl4nFvnjE9XA4GlSftah8H6P+xB4H0f40yf2H8VLmxjlm/wBDhmr68h+LXxi+Euj28Hji+0TxvpdrD5f72aLzfK/79V4f+0J8BvEmg6zcT6V5ltcRTeZDXkep/tReONBsJPDnj/SpdS+y/wDgTX02AxDVG8T6OlWwEkfZnhv9pz9jTxJdfYfEfh220S8lm/5dJv8AVV6BN4D+Enjy1x8MvibZSySw/wDHpLNFX5f+I9N8O/E/RpPHHhWC21Kz/wCXzyv3V9a/9da6z4A+KtV8H6pbnVb7UtW0uL/nteS+bFX0WBzelNWqQPPxccP8cPdPrT4zfsc+I57C8n1Xw5H9j/562n722l/6618V6lear+zH4tksYNKvorP7ZF5PnTebFFL/ANMq/TD4P+KofGHhLz/hz8cNS0m48n99aaj+9tpf+usUteR/tFfAe++IdheQ+OPCum22oS/8xHQ4f9Fuv+2X/LKuPG06WM5vZxPLp4j2r5ZyPzP+Nn9rC/k8VeHIPtNndXnmXn/TKqfhCCey1S3uL2Dy/tX/ACxrvNY+DOr/ALOnjLUNK8Yz3P8AYeszf8tv3kVcv8Qh/Y8scE8/lSRfvNNu/wDllLFXzWIwNbD/ABwNjpNY1KeHy76xuP8ATLX/AF1p/wA9Yq7jw34q8K+KtG+zmCK2k8n/AJbV4nPrP/CYRW/nwSW2oRf6n995X2qu0+G50PWLW4+3QXMVxF/yxrkp+xuaVNivrHiqw1fi4g83yv3deP8AxCh/eyT28P7zzv3NekTaPY2cf2fSr7zZP+es0Nc34w02DR7SSe+/eXHk1lV3OM878B2d9D4yj/c+b5U0Xnf9Na+9P2Y4dV8VS/2HqulW0Wny/wDLW7hr5H0HTP7H0a3ng/4+LqavsT9kvWNUh8Lfv7H93F/y93c1eRmHtIwMXVtWPoDUvg/4H03S4/It7by/JrU+Hvwr0nRtBvPH99B/odrD+5hlrl/CsOrfEjx7b6HpQl+xxfvNSm/561H+3V8edK+G/giPwP4bv/K/c/6mKssDSxVY9zDRo8vOfI/7XXxasfFXiOSxsB5UcU3+thryP4b/ABmuPt/kT337vzvLs4q83+MHxgn8SazcWMEH7v8A6Y1h+A7yD7X+/t5f3v8Ayyr7LJsS8LiuU5dPbH6GfA3UvCuveFo76+n8z7V/qYf+etesfDfwfPN4yjn0qDy7iL/ltDD/AMsq8L/Yns9K16Wz8/8A4+IpvLh/6ZV90eD/AAHY+FBJqtuP+u0tfvWS5tQpYLnPSw8qVj63/Y/+HnhSLS7OS/somk8vzJojD/qpa+hvEfw68B+INIk0zUdNjkt5Yf8AnjXx18HvjPYaDa/aNKvvKk/5bV7p8OPj5/wklrJpcM8f72H/AFwr834gp43FY/29KqY+yjCtzxPl/wDbE/Y7+H1zqf8AZSQxm3lm/c/9Mq+U9e+Es/wyv5PDmqa5HJp/+r83zvM8qvvr9pP4FfEXx8JNU+Hl7LFcR/vP9Km/1tfLnxB+FvjTx7aS+Cvjj4cm0LVo4fL07VdP/wBXc/8AXSvtsrpYPH4GEKtROfXuj6N4PDYuhF858A/t1f8ABKXwH8RdIl8a/CL4kade+I7b/j902E/vDX53/Fr9nj4qfAyaMeOPC0scX/P3F/qpa/Yu7+FvxZ+BPjJ7PxhDLfWf/LG7z/yyqn4w/wCFVfGDRpPhl8VNKtpbeX95pt35P72KvkeKuD6lFfWMN7yPnsTl8qT094/E/wDtifyelH9sTzRV9qftTf8ABMHRNBjk8V/DbW44tPlm8uG7/wCWXm/88v8AplXyf48/Z1+Jvw9lkt9V0rzY/wDnrafva/L3Sq05anmclJGHZ+JJ66jQfG37ryJ687/fwyi3ngqSG8nh/wBRWQvZI+gPDfxC+x2tdJBrGh69F5E995v/AF1r5/8ADfir/VwT12mj69n/AFEEtdNKocf1ex6xo9n4q+Ht/H4q+HPiSSyvIv8An0m/dV7x8B/+Cuuq+A9Zt9D+MVjLbSRf8xG0m/dV876DNqo0+OfVtJkijl/1M1c/8Q/BUGvWHnwfva6J06M0aexVRe+ftR8Df+CqHgDXrC3OlfEaWPzf+m1ekeK/25ND17T5Li48R/aY6/nHs9Z+I3w3v/P8Oarc21eieCv2+fiboEf2LW765Nc9Kp7E82tga7j7h+ln7Tnxy0TxHLeCCf8A7bV8R/FT4lWOpXUkEH7qvP8AX/2xr/xJYSf6dL5kv+urzPXviRPqXmGCeX/npXq/XIezPOp5bWv+8Og8Y+K4POkt/P8AMrz/AFjUvPu81XmvL/UucVXvJvJiyf8AWVx1Kp6tHBeyJNH1KCz16OCcfu5f3df04f8ABD39oL4V/Gb/AIJVeC/APxbstN1v/hEhdaBeWmow+b+6i8qWLzf+2UsVfy6Syb5vP3fSv1g/4N7viKbT4ffFXw9quuS20YvdGuIv+Wn+tiuov/baKvJxn72Op9blMU60KU/tH3P+2x/wQK/4J8ftc6neeLvhHFpvgDxBddtD/dWvm/8AXKvy2/b6/wCDeT9tX9i3Rrfx94Wsbb4h+F5jJm78MxebcWH/AF1iFfuD8N/jB8FrPRotJ1zXfNuP+e3k/va1Lz4zT6bayf8ACAeMZLmzl/5Y3dcVOrWp7H0GY5Kofwz+S++g1XSb17TUreS3mQ4lhkj8s07+3H/55/pX9O3jD9nX9lf9pC/kn+NP7HfgTV7iX/Xat/Y8UVz/AN/Yql8Nf8Ee/wDgljqUXkW37EHhf7RL0+1+b/8AHa6aOJVV+8fO1MraqcrP5jLXxFHE37yE/lW74U07xr491JNK8D+C9Z1q7B/49tJ06W5l/KLmv6pfgn/wRJ/Ym8FTf8JJ4d/Y1+Hksn/LH+0dBiuf/Rte2Q+B739nzR5LP4V/B3wv4bj/AOpe8OWtt/6Kirsp+0q/AY/2dh+b4j+YT4Hf8Egv+CnP7REKXHgf9knxLZ2f8OreJbf+zbWP/v8AYr1SD/ghL8RvhV4ot7f9r34v6HptnEPMm0nwdqUV9cyf9tf9VFX7P/GbV/EXjvWLi38U+ONShk/6azSxf+ja8P8AHnwN/tm1knvrH+0o/wDnraTVhV9vTqe/IUcNhqfwyPm/9lf4e/CT4HRSeDvhJ4H/ALE0+X/XXc37y6uv+ustfeHwT8ST6bpdvquh+XHcf8trSH/l6r5X1n4ez6PLHYWN/LLbxf8ALHyfKliruPhLqWueD7qOex1X7Tb/APPKalWp0+S5yV6lR6Htnxa0bwp8W7qTSrixistQlh/c+bD/AMta+F/2rv2UfEem6pJBPB5WoWv7yGWGH/W19keO/GGleJNGt7+x/dXkX+pu4Zv9VXL/ABI8VH4heCY/DniqCOWSL/U6t/y1rtwON9kjGn+6+E/Luz8bQfDLWft0H/Et1iKby5v+eV1/11r2j4G6z4c+KmvW/wDwh99Y6bqF1N++0+7m8u2upf8AplL/AMspar/tOfs62WsapJB5Mf2jyfMhl/5615f+zRpo0Hx5/YcEEsX77y7yGWvSpVb/ALyB2+y9vSPtw+Fdb8KSx/YftOiapa/67zv+WX/XX/plX0Z8EvGEHjDQf+EH8caT/pnk/wCpl/1Uv/XKWvJ9AE/jCws/B3jm/wD9Mtf+QPq3/LXyv+eUtekeDvDf/CExW/8Aatj/AKPL/rof+eUtelhMU7mf9n046SPP/wBoT9lH/hMNGuJtV0L7d4fuv3dnqPk/vYpa+C/jZ+zH4q8CX/8Awh3iOxuZdDupv9D1CGHzPsv/AF1/5a+VX7IeG/iRpWg2EkE4jvtHuofLvNPmrj/GHwM+HPjbRpDB5f2O6/1P/TrX0H1vC4qn7KpA0pUoe15T8U7f4G+OPCuvSaHq2hyeZF+8s7uH95FL/wBta3NH1/7HrMdjfWMkV55P/PHy6/WDQf2XfCln/wASPxjpVtJp8v8AqZfJ/wBVXlf7SH/BM7Q7yKTVfBw83zf+PO7hr5bMspUKv7s1qYedM/Nv+wfFV54o/s/w7of2n/rlWp4q+DPxH0ew+36r4HvvM/1kPnQy194fCv4S6VoV/H/xR0dtcRf6mK7/AHteyfEKHxHrvgiPQ9b+HGialpf/AC+RRQ+Xcxf9NYv+eVeJUp8jPM/h1eQ/If4e2cFlYXE/iS58yT7Z5c3nf8sq+pPgbrFjZ6X9hh/eSf8ALGHyax/2pP2Lb/ytQ1zwB9pit7r97D/9tqx+xB4P8Salr32/XIP3dhD5U0VebjKftjOpTp+1PrTwfeaH8E/hpeeKtcg/0y6h8yvzT/bB+Od9488b3gt/tMfm+bHDX1p+2B8Zv7S0uPwr9okij/54xV8l3nhWx1jWfP1Wf93XdgaXsqJ0+0pLQ+a/+EV1yaWSCCxll/6bV6B8NvhXqt7N58+lebJXtGneFPB2g/6dP5cslZ958SLGzl+xaHY+VJ/z2rSVX2VbmRhUqP7B6R+yv4kn8B+PNPsf3fmS/wDLpX6Aal8YNK/4Qj9/Pbf6n9zX5Z6b42vvDevW+uaVY/6RL+783/lrLXsHiT9oSCz0Gznn1X95/wAtof8AnlXt4bO8XTj7M3w1Wn/y8PqzwF8VPOu7ie4n8u3r2j9nT4wWNn4ojsb7Vf8AtlXwHoP7RWhzeZ/Yf/f6voD9lzx5pU2qR+cfKklm/wBbN/rZawebYpPU7qVS5+vnwg1rSvGOnx2tvPFKnY1F4/8A2etM8YXFxY3thFJaSw/8tYa8c/Z7+MFj4O+zzzz+Xby19QaD8YfB2sRE/wBqxx1hSznF4at7SkzSlXq0Kvunyj8Q/wBl/wDtjS7nQPEumeZBbf6lv+WtfAf7Xn7GNr4HkuNQS58u7tf9I+yf9Mq/aTUvEng7xBa/btLntrmT/wBFV8h/tJ/s7weNdVvNasNYjkEv/PX95+9r9P4V4mq4qfscb/DZ7uDhVxsJdD8Yde+Kn/CNy3HgDxHpUv8AZ+sw+X/pf+qil/5615Po48KfE+a88Aaqf7N1y1m8uHzv+WtfoR+0V+xnfalayf8ACceHPLki/wCXu0h/8i18N/FT9lfXNA8b+fYXsv2iL/U3cP8Ay1ry+KcioLFe1w0vckeDicHVjV9nKJ4H4k+Cdj8PfFv2H4jeFfN0+WbzPtcUP+troPid/wAE9/B3ir4cx/E34D+I47mP/ltp8s3+qr2zwf4kg8K6pJ4U+Kmky6lb/wDLG01b97+6/wCmVemeD/2e/A/iS1/tz4O/E2+8N3kv/MPu/wDVV8K8srJ+6ccKXsj8u9R+APxU0iaSBvDksslbHhTQfH/haWM654Vvo4/+m0NfpRqXwH8f6bfx/wDCY/D+21fyv+YhpNdRD4V8KTWv9k+KvhXc3Mf/AD9zQ/va5auHrYcy6/vDwf8AZp8VeAPiR4cj8N+K4Lb/AJ5fvf3csVanxC/Y587/AE7wdPFc28p/5ZTV7h4V/Zj+C32uO+0rwBZRSf8AfqvTPDfwxgs/LMEEcUdawp3gc1TEUo/CfA+pfsi65NF9hvvDkn/Xbya4Px5+xD/osl9Y2Mv7qv1w/wCEP8Of2f8A6dY20teL/GD/AIQ3R/tFv9nto/8Apr/z1rKnS/fHl1K7v8Z+Rfir4D3/AIbupP3Fc/8A8ITPZ84r6c/aDvNC1PX7j7DPFFHFXievaxpOmxeRBB5nm10/VyJYuqzh5rOCGLyfIrn9SmxL5BrZ13VoppJI4B5YrmtSvO2PpXPUO/BKfUglbbP5NftV/wAEAv2f/B2lfsa61478YiOGfx74xMemSy/8tLWxsIvMH/f2+lr8XNC0e917VLfSrKD95LNX9QH7KP7EQ8I/scfAPwjYXdxbW+l/B/S7ibyYZf3t/febf3Uv/kWKufDwjUq8jPq8rpXxUbs1Ifgb4Us5fPsJ9Nlj/wCesM0X7qqfiXwf4j8N2sc9jofmx/8APWL/AFVemeFfgNqvg+aS4vvA1jqUf/Tb/W1uTeFtD0yWP/im76L/AKZfbP3VdVSnRhH4D6HFV7P+IeP6R42vrOwksb7w5Lbeb/y2irc8CfGDxV4a1CP+1YPtNn/12r1iGHw5PaRwf8IPY/8Af6s+8+G+h6xL58Hge5/67RTV43s1Sq855jxNLqeifBP9qjw59vj0r7d+7/5bQzTV654r0Gx+Kei/bvDuqyxySw/ufKr5z0H4BWMMseq/8I5L5n/Pbzq9Q8BaP4j8Nyx/2VY2X/baGvSpf8/IHi4ith+bQ+Z/2hP2e/jTpviS41WD/TY/+msP+trhxNrnhvS47HXNDksZIv8AXV+iEvieW7sY9N8U+HY/L7+VFXn/AI8+GHwd8YWtwJ54raSX/llL+7oqclX4zzZwPzr8Y3k+pXUmq6VBFcx1w8Ou+ddyG3H2G4/54/8ALKWvqT4hfsr6Fo9/cT+Fb22uf+uNfOfxn8KwabLJoc/lRXH/AE2mrl+rVjVQgtzzfWfi1qug395b6qZYo/8AnlUngr452PjWwk0q48qOT/nlXjfxy17XPh7a3E99PL5kU37mWX/VSxVxfgn45eFdS8u+sbD7NeRf8tadPDWonLW/untGveMLHxVrNx4HvT/pkUPmWctU/g/8AfO+I3/CcQaV5kcU0X2yL/tr/raPgnDpHxC/aH0fMHmyfY5ZP+utfVngPwdceG9Z1CeDSvs0csPl+V/21rswnuOx7eVctZWNTV/hvmKO3sYP3lrZxXtn/wBsv9bFXUTal/wlWjSaVPP5VxLZ+ZZ/9Nf+mVanjy8g0FdP8Vf8e0fk/wDfrza4fxVrGlf6RfWM/wDo/nS3Om/ZP+WUtfVYXLZ1V7SB9B9SpTUZT6HlesfGzVfDev3nhWa4/eRQ+ZDDXSfB79qLw3Nd/YZ55Y47r/nt/wAspa8/+PGneHPEt1J4isYJfMl/5415n4Jlt/7Zk0O+hkiuP9Z50X/LWt8fg69Olzw+I2o5bRlieY/ST4e+KvCvjzRZfDd/fR/9dfOrH1jR/HHgOa4n0mf7TZxf8sa8P+BsWqxX9vBfTy//AB2vqzw34kg1jQI/CvjHSpJfK/5a/wDPWvLp18W/4p9jLIKE8NGUTyv4nfYfFUX2HVbGxkki/wBTdzQ+X/5Firh9YvNV8N2v9lTi5ik/6B03+ql/65fvf3tfSGp6l8P9Stf7D1TQ/wCzdQ/5YzeTFF/5Crw/4t6DBMbjwr4j0SS2t/8Aljdw/vIv/tVfN/wj8S9nyPnPH4fGGh+HNUuNKnnjk0+//wCPy0u4f3trWX4w+AGqfCXQdQ8VeALLy7PWf9JrP1j4b+I/CviOPJjubeX/AFN3/wA9a9s+G3iTVZvBsngDxVBFc6fL/wAef/TKspwv8BdadG3tD86/GMPjjxVrF59um8qSKb9z51eb+JPBPjiG6/f/APo6vtj9qP4M32g3/wBun0r/AEf/AJYyww14fe+D7jWLD7PpM8Udd0a9L2Njn3988fs/B9jeaXJBrl9/pFcfrPgLyb/7PpU/mx/89q+lNH+A8/lf8TWeKP8A6ZedWfr3wZ8HaPL9uvtc/wC2VcoU6p5n8Mfgb4j1KX7dP5UX/tKuH/ao8N6r4J0v9xPL+9m/1NfRmgfEmw8Hn+yvDmleZ/19zVwfx/hn1jy/EfiO3ikjirqX7so+d/AXjzxV4cht/wB/+8l/5Y19+fsWzT+PNLtxA0sUn/LaavjPQfhXrniTxH/xKrH/AEeWb/njX3J+x9puleA/L+3Qf6qH/VTVliakuX92b0sSfZnw+nn0e1jsRffu4v8AXVH8VfiR4k8HWHnwarc/Z/8ApjVzTfip4H1jw3HPPocUXlf88a8f+Nnir+2LW4sdD1WWSP8A54zV4EMTiVW9nOJpUlocv4D/AOCil98OPiXH4Vnv7ny7qby/N86v0U+Cms/8LN+HMmq3OhyyW91D5n2uH/llX4d/GDR77w34pt9cmP7yWb9zFDX6cf8ABPz9vHW7L4e2fhPxZoMv2e1h+zQ+b+7r6Wjjq1KMEe/k2OnJezie9+JLfSvFWmXHgjxz4di8uL/l7l/1vlV8pftN/sA6DqSf2z4V0vzNMuv+WsMP72KvueKbwV8XNPGp6fdxwyS981lax4amtbqSAz/9dovJ/d3X/XSvuMrzWEopPU+lr4TD4mOnuzPyD+IX7Pd/8PbqPStV8ORa3pdr/wAtpYfNlirPm0HSorWOfw55cskX+utJYfK8qv0o+JvwBvhcyarotv8AbbO6/wBdaXcNeD/Gb9lb4S6xH9u/sO5sbiL/AI/Iv+ev/XKvp6uDwONo81E+VxOVV4VT478U/Ejx/wDDGWP7FpV9fR/88a6z4b/t+eFbPy7HXPDn9m3n/PpqGm16RqXwH+Dv9jXFh4c+I0tjef8APpq37qKvF/En7PfjHzpMWP26P/ntFNFc189WyGvN8skea8Ml/EOw+JH7XXwq1K1jYeFdNtrz/ntaf6qWvH9Y/a60rTdUkggm8rj/AJYzV5/8QvhX4q03VLjSr7wrqX2f/ntFDXifxm/Ze+OMMVxq2h3vlyRf8w6X/W14lfJMfF8lOB5VbCxrfCfUGvftsaVDYSQf2r/rf+m1eH/FT9q7Srz7QYb7zJK+Y/GHgP8AaF8K6X9u8U+B9Strf/ltN5NeZ6l4w1abzPPnlrw6lDEUPjOKGW62Z6Z49+MH9sSyQQf9/q831jxVNeS1z8upTTReRUEazzN5Uf6Vx/WTqpYCnTLk2pyTHye9QxW1xduESDce1bPhnwTf683lWNrLJJXuv7P/AOz3pOq+I7efxGf9Gim/fS+TRGlVrPUWJxtHBIPgZ+zdqWm/ATx58aPEERiuE8NSWXhuGQ8yy3J8qU/9+vM/7+V/Rj/wRV/4K6fs3/8ABSv4CaX8G9ftrDwl8SPCej2un33hS4u+LqOOHy/tdj/0y/d/6r/llX4m/tCeNtK03w5H4H8OQeVp8UPlwxQ/8ta+bNQm8WfBb4g6V8UPhfr19ouqQS+ZBd6Ve/ZpYZP+evmxVpUwdSGtMwy/OKlWfvH9jfiTR7HwHpfkwWMt9H/02hrg/FV5PrFr/wASrwrZRyf9NYfNr80P+CRf/ByvZePoLH4D/wDBQe6gjuG8q303x/FHxL/1/Rdv+utfsFbxeD9T8Px+LPCEtlcW91D5tnqFpN5scn/XKuSpPEwPZeKdSj7p4B9i8VWf7+++zRf9MooauWfjbxHpn7iDSv3cX/LWavWNS8B6TDa/2rPBHHeSf89Ya4vxjrHgfQYvPvdVi/64+TUezucXtZf8vDH034zarDdf8eP/AJBrYg+MEE0X7/w5H/11/wBXXlfjD4kaVDLJBpV9HbR/9Nq4PWPFWq3l15H9uXMv/PGGGGtf4Rl7N/xD6kh/aL0KzixPB9m/8i1x/jz4/fB288y48R6r5sn/AE1s6+f7zR/GOsS/bp9c+zR1z/iW78OaDdSQTwXtzef9dvNirSFal/KaUfaG58SPjX8MprqT+w7CWS3/AOev2yvD/HnhDwP8Trr7f4c1y5tv+u0372o/G15/Zksmua5r0VjbS/6mGKz8r/2rXyv+0t+2zY/De/uNK8DyxS3n+r86GtPaVapcqqjVOH/4KHeMNK8B2v8Awg8Gq/2leS/+Qq+J9S+IeueG7qOfSbjy/KrU+J3jzxV428TXHiPXb6S5uLqb/lt/yyrl9e0bUJpY74f8taf/AC75Dnq1P3p+kn/BJfUrj4heOLfxVPY+ZJYabFc+b/n/AK5V+kGgzaVe/DnWL6f/AI+PO8zyq+I/+CFem6TZ/D7WL6CD/SPsfl+b/wA8q+1NY8K6ro9rearBffaY7qH7NeQw/wDo2ssN/vUOY+04ewtN0PaGH8QoP+Eq8GXmhH/nz82zl/56183nx5q2gz3Hg7Vf3UcsP+ur3TR7PXLzwlb6VP5sV5pd5L/21iri/ir8MYNXuv7VFh/x9f8AkKv2jKI0LU7n1+DoUJcyqHzvqXja+0HxRHY64fLt5f8AlrRr2jmz/wCKj0O483/lpXonxC+Cc81rb/uPMji/e1zej6P9jtZLGeD93LN/qa+6nw/hMXh/aQMXjMNh6vL1Oo+Bv7Qmh/ZbfSvEc8VtcRf8ec1fUnwr/aK8OeJPLsNVmtv3Vfnf8TtB8m/8+3glj82b9zNUfgn42eKvBOqyWN/Y/vP+WMUs3+tr4HO+G2q0YRPUwGdx9p+9+A/aT4wfBmC8sJPt0EVz/wA8bu0/5ZV4feeRZ+Z4b1WCW5t4pvL82aH97a//AGqvZPC3xm8Aa9pn2H7RHH/01h/dVn+KvDfhXxhYYhntpbj/AJYzV+Ae1rf8vD8dqYaR8v8Aj3weuj3/APo9jHF5v7yG087zba/i/wCmUv8AyyrQ+Ht54c16wuNK0mDzZIv+PzT7uHyrq1/65f8APWuw8SaDfabYXng7xHpUWpWcv+pi/wCmv/PWL/nlLXF+G/hj4Vnv476w8R3NjqkU3+h/a/8AW2v/AMdp/WfZ0zKrhv3JT8bQ2PirS5PDmq2Mv2f/AJYzTQ/vYq+X/jZ8K774Y3X9q2Fj5lndf88a+8LzTb7QIo9V1yx+228sPl6x/wBNf+mv/TKvJ/GHg/Srw3EFjBHc6XL+98n/AJ5VeGxKjUOH99hj85/iF8Tbezikgsb7yv8AntXm+pfGzSp7qOxg82WSvsz4zfsHeB/ib9oEE9zpFxL/AKmWKvDx/wAEnfHHgnxRJfX+rS31vL/qZobOvRni6d7SO6l7KovaHicPjbxXr11/xI7HzJP+WP7n/VV7JoPwA8V69pen+MfGM8sln5P7nT/+WVdpafs9/wDCB6V/YcFj9muLWb99NNDXWQ6lfWel2/hyDXIpI5a651Yyo+6R7WnU9wx/hX4P0Oz1m3sYNDtov33+q8mvaPGHgPStB0b+1YP9GkihrD+GOm+HNNuo54P3skX+umlruPjDNP4k8BSQ2H+si/5bVlSqfvDqpYaFP3z5X8Sftaf8ITql5od7fSyWfnVJZftFeFfGEXkWPiOWK4/5Y181/tOab4j8N+I9QnMH/Xb/AKa1y/7Pfwx+I3xa8SR/2V5um2fnfvpfO/e+VRUw3taxVTY+wPBPgnxV8YPijbm4Ml9p9r/rpfJr6s8N6l4P8H2tn4c0PSpLm4i/11eR/A3yPAejR+B/A/8ApMn/AC2u5v8AWy17Bpmgz69F/ZVjY+V/z+TVniP3QUW8O/aUz3j4A/tCf2DdfYb6fzI4v+WVfVXhjxR4J+JGnR3ekalbrP8A9NOtfDvhXR7DR7COe+/dxxUeJP2l9J+EtrJfWN9LbSRTf8sZqWFrYqlU9w+jw+a05Lc++J9Jt7C2kTU7HzP+m0Qrz7x/8LfC3jSCSA28n7r/AJbQ/wDLKvkj9mr/AILp/s/+MPHn/CD/ABG1u5triL91DLNNX3J4Q134W/E3Q/8AhKvBvjy2kiuv4rS9ir6jL81qUPek7Hp0cVSl7zPkP4kfs6/DLWIrix1yw83/AJ7XcUP+q/6614fF+xT4d8P+LpNQ+HPxflsZJf8Al0u/Nr9JNZ+DOlala7ZZo5TL/wAtfJrzbxp+xRoHiaH7DpupSRfQ+X5Vfe4TibCOlacjSrh8BWjecuU+btF/Z3t9CspP+Es8WeGdfj8n/l7ufLlrzH4q/szaF4w8Yf2/odtbR6h/zyi1KKT/AFVfSnjb9iH4jHQZLGy1WW+t4pv+2tfJfxm/Yh/aa8K69ca54O1W5l82b/j0u4a9nLcwy+rV5nUTZ4MshwcOacKj97sy/wDEbw3qWm+HLfVPjP8ABOwv9PsP3f8ApeneXF/218qvLNf/AGCf2H/20tLvNK0Pw3pHhvxBLD/ocPk+V5sv/XWu4v8AXP2t/hR8OcX3gG+1fEP2bUdEu4vNiuov+mUv+tirH+CfhXwP4mv7fVYL/VvDd7/aUvk6fdw/6TYS/wDXX/lrFXp1sryfF4abkoJ+X+R5dbK6WGnGfO5H40ftofsc+Ov2R/jRqHw28Y28hjWaQ2d0R/rRXJeA/h7b6yfPvvLijr9jP+DgP9l2DWP2ZfCf7UEHlSXml6l/Z2sTQ/8ALXzf+Wtfkf8A8JJY6Pa+RYwf8fVfhucYOhhMbOEdjw8TiKvtJQR0mjtofhq1jgsbDyv+m1ekeD/HsFnpcdjBP5X/AC0rwuHxJPqUv+gwfvK7DwfDY2cX27XNVj8yX/ljDN/qq4qVQ8aphq1TWZ6ZZzX3xC16O+v/AN5Ha/u65v4zW4hi+wTwfvIq9M+GMOhw+HJPEeq+VHZ2sP7mH/lr/wBcv+msstcv8d/Dd9oOrW82uQeXqF1D9tvLTyf9V/zyiruqVF7Eyw1P98fPfhu8vrPxl9h8/wAqPzq/Tz/gmD/wWG+Pv7Bf2PwrqurXPij4f+d/pnhnUJvN+y/9NbaX/llX5j+HIbjUvFtxff8APKb99XvGm3kFnpcYH+rlhryIe9ue5Oo6S9w/po+Hn7fvwB/a0+Gkfj/9mfx/Y6tceT/xMtOlm8u60uX/AKaxV5P4w8Va5r2qyXEF99puJf8AXTTQ/wCqr+d/wr8ZviN8E/iDZ+P/AIV+Mb3RNUsJvNs7u0m/8hS1+sH/AATw/wCCsXhX9rTy/hl8Yv7N8LePIofLhu/J8u21T/rl/wA8pa83FUq3tOamaKpzH0pLCLLVMT3Etzef89q3LPxV9kl/4kVhF5n/AC2u5v3tanjCbwPoGgx6HpR/eXUP767r57+LXx+0rwrF/wAI5pR8yT/pl/y1rj/fcxk6vs6vIekeNvi1ofhu6+z38/26SX95+9m/dV5H8cv2xvB3gPRpL6xntrK4ih/57V8z/tFftXf8IrDJPPP/AKZ/yxi87/VV8b/EL4neKfiprFxfa5fXMWj/APtWvRoYX7cjX417h7R8fv2/PGPxgmuLGx1WSS3lm/101eF69583meIr+/8A3kv/AC2l/wCWtV4dH9YPs1nFVfWJoLyW3t5vN+z/APPKvWp/uznvTpsx9A0G/wBSuZL69/eR/wDTarl5DY2cUn7j/VVqal4q0nQbWOCGD/tlXQfsrfAjxV+1p+0Z4f8Ag74OsZZI7+8iudYm/wCeVrXNVqeyp88jPD0qtbEH6Mf8EpPDd98Pf2PP+Ex+weVcazeSyQzS/wDPKvePAXxmng8Oa5feIp5fLivIqsa9D4O+Ffhez+GPhzy/7D0aGK2mh/7ZVzekTeDvHfgjULCCeOy+1fu5vO/6ZVvlNL6xU9pKJ+sZNGlh8P7OZ2njbxVP4b8W6XrkE/m6fdQ/vq0PiFeaHeaXb65oZj+zyw/63/prXkfhvUr+awj8G+MZ/Nt/+WN351dRoUN94r8G3mlT/wCrtf8AllFX65llTDUowlU6H0k8PRSjNdDn9S8bWN5ayQatB+8/1fk1j+JNG8K69o3+g+V5nk/uZq4fxhZeKrPWZNLvoZPsf/LGasP4b69rl7df2VqvmRf89vOhr9MwWZYd04U6Z4NbLFUxPtmbGpeDp55f7Dn/ANJj/wCWM1cvr3wx0rWZZINVsfKktf8AltXvGj6PYw2FvPPB/rYf9bVzUfCGhzf6OYP3ksP+trqxdKhOpc54qi5WI/DWveMYbr7D9v8A3f8Aq/3tdZpvxg8Y+FdUj8/zPMi/5ZedXpnxC+CeYvt2hwVw+veCZ7zS/wDiawSxXkX+plhr+OfZUqrPAp1KMjoLP48Qalfxz6rY/wDXatjxJZ/DPxJL/aulatFFcV4nqV5qnhv/AJC0H/bbyar6l4wns7qSCx/1f/oqtKmXUao1TwzPozR/idocOlyaHqsFt5fk/vofO/1teV+KtSsYdekuPDn7yP8A1n2SavH9S+J04vPI8VQSxf8ALPzYaz7Pxtqtnf8An6HqsVz/ANdpq8mpgf3py4mjBux2HjD4hX39qeRBYxR3Hk+Z5Nc/efta65eafJ4Vv9cvrKSKH/U+d/raj1n4heHPG0X/AAjfjjSvsV5/y56hFD+6rz/WPBMFnr3/AAivjG+sbmOX/U6jaTf6qsfq0/tHlfVjP8YeNrfx5FcTm+uY5Iv+W0M1eb/8JTqtnqnkarP9pji/5bV6ZN8AfH/hrXvtHhX7Nq1vL/rvKrc079j/AMY+KtV/07wrJbW8v+umrvwtStUVjT2VGief/DH4/eHNHupPDl9B+8/57f8ALWvcPhv8N/H/AMc/FtvofhzVpf7P8nzJv3NdB8Gf+Ce/w58NeLPt2q2P9pXH7qSHzf8AVRV9ufDzw54c+Bnhf7RpXhuOO4lh/wBdXXh/bOv7Mxp1KTZ8hj/gkL8OdH+0eKvi3rn268l/eQwy14/8QvgP4H8Ey3Hg74c+G4raOX93NND/AK2WvqT9ov48arq+qSaH9u8q4i/1P/XKvI9Bm0rUtUknv7jzY7r/AF0tfYPB0aWG9p9orGYqiqXIiv8As9/BqezsJL6DSvL8r/U16po+g3EP+gzweVbxf66auw+Htnoem2EcEHl+XFXH/E74hQabf3mlWZj8vzq+XxVL2tU4aWJPO/2ivjBY/D3Rv7Kg8vzLqb9zXwX+3h+1dPpvhe40qxvv9M8mvQP22PjZBZeKLifzvNuLXyvJi/55V+f/AMSPGA+KnxQksb+fzI5Zq7KVP2RrOTND4D6lfWfxk0/UNVEksl1NFJX7wf8ABPH/AIRzXtGt59c1S5trfyf3MsM3+qr8K/h7N5PxVs9V/wCeUMVfqh+wf8eL6z0uPw5/rP8AtjXnY323/Ls7cuxtakfq5P4a8Y6dFHeeAPHFjq3/ADxtNQq9beOfiXpl/GPEXwk8/wD6bWn72vmnwtqfirXoo9VtvMjj/wCm1eiaF8ZvFWjxeRBey/uv+m1dOFdapS949d5nFq01zHtcPxV8AQxf2XeG40iT/WzRS2daVtr/AMNPFFv5M+uWd1/vweXXhOmftbyjUvs0wtriT/p6s66jSf2h/BN9GD4g8AaU2P8AXSww/wCronKtRl7rMfrVGctFJHp0/wAMvAPiS0ks5o7e5jlrz7xF/wAE9/2fNf1iPxJdaP8A6RF/qTDX5tft8/8AB078EfgXreqfCP8AYF+Edl4u8QWU32a88Y6t+60eKX/nlFHD+9uv/IUVfmH8fP8AgsH/AMFLf2ttXe8+Jn7WHiXTbIDEPh7wfP8A2LYxf9s7X/Xf9ta2oZhmi0hVODE5lCjofrz/AMHGn7Pvhz4Sf8Eo9Yk0DxB/xL9L161/dXc3726lll8r/wAhV/NH519eSxz/APPKvc/if+1v8VNT8F6v8EdT8fatrWl63Na3OuXOt6lLeyyyxSyyxRxSy/6qL97F/wB+oq881iGx/sKOCxg/0iWuWXt6tW9WfMcEqim+flOTs9Sns5f3FdJ4Vh1XU7+OeCD93/zyq54V8BwTRfaL81658H/hNfeMNUj+z+XZW9hD9pvLuWL/AFUVUc1avT+yeufs3+A7HwHYaf44+I0/9pap/wAfum6T/wAsrWL/AJ6y/wDtKub+P15BN4I8QfHHxV+91TVNS+xaDaS/5/5ZVcs9e/4SqW8n0m4lj0OKby9S1C7/ANbdSxf8sv8AtlXUaP8ABnXPj9Lb+OL7SpP7D8OQ+XoMX/LL/rrXQcWGw79sfL/w88B/2Ppf2/Xf+Pi6m/5bV6heabbw6D9h8j/ljXUePPhLPDr3+ol8uKuX16G98vj91HXOejUqL+GcPewzyzZ8j93XPy69feG9et77Sr6W2uIpvMhu4v8AllXeav5H2CP7P/z2rzvxJeWMN/IJ/wDllWZkfqJ+wT/wUn/4X94Nk+B/xb1zy/FlhZ/8S27l/wCYpFF/yy/661xf7SHx51zR9ZvLGx837Z/q/wDrlX5v+G9e13RvFtv4j8OX8lteWs0Vzps0X+tilr708E/GDwd+1R8P/wDhKtWgtrLxppdn5esQ+T+6v/8AprXE6VT6xzGuGp4epV5png/jDUp7zVZJ9dvpbm4uv+WNaGj+G/OkjmvYPLt7X/ljWXeWc+m+KLi+sYJbm4lm8uHzv+WVSeKte1yytI9K+3+bcS/66vpKeGp+x5jXE/uv3dMk8Sa9YTS/YIIPK/57eTXF+JNesoJf9Bqnr3jCCz8zyJ5P+utan7N/7MXx+/bM+INv4A+B3g6+vZJZv9M1Dyf3VrXFVrUaNHnZzUsM6kjD8N+G/H/xa8b6f8MvhXoVzq+uapeeXDaRQ+ZX7sf8E6/2CdE/4Jy/s5ya54kgiufiB4js/MvLub/W2sX/ADyr0T/gmD/wSL+Ef/BPHwB/wnPiOxi1fx5f2f77VruH97a/9cq9E+OWpaHqUtx9u837R5Pl+dFNXw+LzDF4rGwpQ+A+7yTIYVF7SZ8J/H74teI4fE95cW8/7v8A5bf9Na8r039oWfTPFt5oY822kl/1P/PKWvZP2i/h7Y6bYyTef5scv7z7XDXzPo/huC81SSx1w+VcRTeZDNX9AcCcP/XPZqZ9EqCp1D6M+GPxUnvLWSC+t4pZPOr2jwf4bnhupNV0PVY/Lv8A/XWlfM/wr006DdW99PBJLb/8tq9cs/iF9jm/cQRyx1+mZ3whGlC0T3MPiaNalGme0T/B/StYu7fSdVsIovNqx8SP2IP7Ytbe/wDDkMUdxaw+XNNFXifhv9rSDRtUkg8R38tlHF+7/e/vK+jPgn+294OvIo9K+3RSx/8ATab/AFtfnOOoZ5lGJhOl70BYjD+yl+7lzHi/iTwT4j8H6DJpV9P/AKRFD+5/6a1w8PxO0kWsljff8sv+WNfY/wAefhdafFTwpJ4g8LReYZYfMAiNfBHxO/Z7+Knhv+0PFX2+202S1/5bat+6ilir6jA8UxlTisSePisDRoU/a1KnIfcH7Fvxy8OfFrw5/ZV9cRXMf/Lbzv8AllXpnjb4Jz3ktxquh/8AbGvyb/Yt/aSn+BnjazsdVn/0OX/Uzed+6r9iPgP8cvDnjzwbb654b8uX/nt/01r+fK9Krh63Ofl1O9I+f/G3wx/tK1kg1zSfs0kX/LWKvE/GHgOfQZZLGeCWXzf9Td+TX6Sa98JvB3xD0b7PYn/W/vK8j8Sfsxz6b5kH2H/R67cNiKTOynXpnwHr3g/VprXz4IPNt4oa83Oj341T/US20n/PKvvzxJ+y7BaWHn+HBcyeb/roa8f+Knwlnmh8i+0OSx/541006FHqdNNqpTPO/gz8MdK8SXUlj9vjuZPJ8zyppoq9wh/ZL8OalYW+ueI9Kikjih/1sVeF6b8K/GPhvWY76DzZY4v+WsU1fTnwf8Sa5o+nx/Yb6O5jlh/0y0u/+WtebjsMqa/dnLiH7Je4U9H+HsHhW2j/AOEcgjtrf/ljL5Pm1Jo82qaxdyWF9PJ5kX/LL/nrXrn/AAhJmsI/Efhz/kH3UPmXlpNDVfwf4P0PRvMvp4Io5P8Alj51eJz4j/l2eVU5qpX8BeG/7Ntft2uQRx/8tIYf+eVcP8Zvi/fTWEnhzz/9VN5k0v8Azyq58Zvip/ZsV5pP2793FN/rof8AlrXifirxhBe3VxB5H7u6h/fTV9BlFKtWrQOinSseL/tFePNWs5f+Ejg1X/VTRfvq8fs/2tLGz1m4sZ54raT/AFc0P/PKWj9or4q2Oj6XcaHq0H7uWHy/N86vgP4kfGC5Gs3nkat5d5a+bX0mZVHRj7M5/Z0arP0w+Bn7eEGpWuoWM+qx/uv3f+urP+IX7VFjeWt5BBf+bJLD/rfOr8p/h78ctW0GW4gnvpYvNvK9E1H4/X3lfuJ/9bDXiU6lEyqYY3P2nPjZPr3iLUJ55/3kVeH/AAw1L+2PGf26fy/+elY/xI8Uz6lLeXBP7y6m/fVY+D5hsrW4vv8Alp5Nc06l6p0z/d0D0z4e699s8bx+f5X/ADz/ANTX6GfsfzaHZ61bz6FP/pFr/rpZvN8qvzr+BGjz3ni2Pz/9X53medX2J+z58SNK8K6r5FwP9bN5fnf89a0qL2tI7sFT5oe6fqp8Mfid9r0XyL7XPNk/5Y+d/wAtaseNtY1y0h/f332G3uv+WX/LWWvK/gneeHP7Lj1y41WOO4lh/fXfk/vak+JHxm8K6BH/AGV4ag+03F1/y9zfva5qT9jVHTpR9sdBpviqxs7r7DY2Mv2iWvkj/guT+3trf7P37KCfs9eAdWFt4w+JUv2e8u7Wb97a6XF/rf8Av7/qq9n0Gbx/rAknnn+zf9Nv+Wtfjd/wUh+LF9+0T+3brUR1U3Nh4dJ02z9MRf6z+v5VC5nUlM1qyhSo2+0eOab4b/s3QfPuBWpDrH9g+F7i+/6Y1qeKrPzrWOCxrm/iCJ4vCcluprelU5EfNuDrV/3hxHhxrjU9VkvCvmSV3/g/7dNfxwfYftNxL/qYq870G4+yxeTDFnNekeFNev8ATY/JsJ/sPm/667/5a/8AbKopbnZVcFKx6J4b8HTzeI4/DmheXqWuSw+ZeSy/8e2jRf8ALWWX/rlXceJPHulaXo0fwy8IX0ltpfneZqWreT/pOqS/9Nf+eX/XKvJ5vjDZeD9B/wCEc8HW/wBmjuv3mpSzf62X/rr/AM9a4TxH8Qb/AMV3T2WnXflW+Myykf6sf/Ha0qbnOqLqHuej+L/+FweKI/Dnhwf2b4X0b93eTRf8vX/TKKv1I/ZF8HeG/G37NUnhzQ9KjijupvMvIfJ/1UUX+qi/7a1+Uf7NRa9u7fS9LsfLjim8uGKv1s/Yn8S6H4D8L2/hyfVYovN/5dP+ev8A11rT2h2JexOX+Kn7NNjDo1xnSv8Alj++lr47+MHwrn0eX+yoLf8AeSzeZN/0yr9VPiR4x+HMGjeRPP8Aabj/AJ4w/wCqr88/2nPEljDrOsX0A8yTzv31ae1Ry/8AL4+R/idPpPhv/QoJ/wB5/wAtq8P1LUp9d1mS3h/5azV1Hxm1i+vdeuMeZ5ktU/hj4J8m/j8//WS1x+0N6dPlNzwf4Vghij8+Cug07WNV+G+sx6rpU8sXlTf8sf8AlrXqnhv4S6VeaXHfQTySSf8APKWsfX/hv53mWV9B+8/5Y12UqVy/ZeyPqD4b/s36H8VPgDp/7SnhURXNvdebHqVp/wAtbC6i8qvks/D34t/HL4tah8Ofgt8P77X9Y87y/K0+HzfKir7Q/wCCKniDwtN8Z9Y/ZK8f6rLp2j/Eaz+zfaxN/qr/AMr/AONV+1/7Gn7AP7Lv7DPgz/hDPg94Nto7qWb/AImXiG7h8y+upZf+estZ4rNaGHoezfxHfRwjq++fkZ/wTx/4NuPFXiq6t/ip+2JPLHZxfvYfDEM3lebFX7I/B39nf4F/sm+CodC+A/wr0jRLeSD/AI+bSz8qX/trLXpesaaDaR2M0H+q/wBT5NUF0y8eLfPLJKskP72Y/wDLX/tnXxmJx6xEz3MNhqMbXPHvHev+KtThuPDuuX0nmf6yzu7SHzJYv+mUlfL/AIk8YeJTf3Gh65+9uP8Alj/01r7X134R2/iIOupTiK7k/wCPPUIa4j4p/s96Lr+lfZfGukebfY8uG9tB5fm16GU08O6sJVT7nLMxy+jBU2fAfjb+w721vIL6D95/y2hmrxPUvDcN54tjGlWPmW//AC2/6a19ufGD9jPVbO1ksTfSyxy/8tvJ/e143N+y7rfhrRryx+3fvP8AljLNX9O8DZpgKXs+QjG/V6inKnI4bw5DBd3P9mLB+7P7v9z/AMsqXXvhZrl5df8AEpgk/dQ+Z51XPBOja54curwat/q4p/L+1zV6Z4U8VeHNXsZNKguI5Hl/1wr9OzbH0qsOaJ4NHFSwqtc+V9Y8H6rNr0kGqwf6PLD++lrL8NeFfHHhvxvbweAJ9Sl+1TfubSaHza+0NH/Z1vvHuqeRoelSSyy/88ay/jz+058Af+Ce0P8AwjmhaDpPi34oeT+5hmm8210v/prL/wDGq/EOJ+L8HgeejH3pHPi+Io0PeR2ngP8Aac0P9if4Jf8ACVftQ+I/s15LD5mj6JaTRSXV1L/1yr8v/wDgo1+3x8Y/27/EElz4vnk8JeA4v3dnoekzeXJL/wBNZZK87+P3x++KnxV+NN58Rvid4x/tvWLqb/lr/qvK/wCeUX/PKqeqfYdY0aTStV/487r/AFN3/wA8v+mVfjeIx+Mx1SVT4D43Mc7xuYT974DtNB8bWX9vR6Vff6uX/pj/AKqvsj9hT9sW++CnxGj8D+I9ckjjuvK8nzpv3UsVfGej6bY6xFGdKsfK1zS4fMhh/wCev/PWtiGzuLy10/VoL7yo5bz/AEOb/n1uq75Jypmcf+fcz+gD4b/FrSpoo/EWhzxyW8v+uh86vZNH1Lw58Q9H/cH93X5N/sH/AB48VHy/B2q6r5eoWEPmw+d/y9V+iHwN+I/hTxJa/aBe+XJ5376vAqe2w9b3hey9lUND4tfBme80+S/0ueWLyv8AU+TXjc58VWcEmheKvDdtqUcX/PaHyq+tLOWYx+VPN9ptJe9Z+seA/Cupfv54Iq7o4yNSGp1U/ZnxfrHw98mX/hI/BEH/AC2/faf5NbGj/DHSte8u+1Wx/s2T/ljNFD5f/f2vbPHln4N+G3mT/bopf3Pmed51fPfx4/ac0mC0s/7KEUnm+bH50Nc1SrVq0jXkpI9Am16D4e2tvYz6r9pt7qvP/jB48sZpfsNj5ltced+5m/55V4PN8VL2fxHb/bdcl/su6/0aHzf+WUstdJ4qvIJoo5/Ed9/pH/IOvJf+eUv/ACylrGkYVUvaqxwfxD+J3iPUodU0q+g8ySwvIo5q5/8A07WNL+3Qf8tYa7Sez/t3VNQn/sryrj/j21KH/nrLVjwT8N/7B0G80ryP3cv7yGav0DhOlSrVTtpUaVVHwf8AtdeGx4l8L6xBpVvL/aFh+8mir8v/AInTX0WvSTz/AOs/1c1ftJ+054DsPDnjf+1f9V/aln5XnZ/561+Yf7V3wf8A7G8R3luLH7Ncf6z/AK6163FeArU9acDzHhpYetY+e7O8n82Oetj/AISSeb9xWfeQ+TYY8j95VjwfZwalqscAr89pbk1Cv4lmn/5b/wDLWtTwFrAg0byID/x9TeXUfjvwrfXl5I1hby/Y/wDV+bXrH7Lv7N99r2qWfiTxGPs2nxf89oav99SM/wCNSPZP2UfhVcalpdx59j+8uq9Qh+GPiPwdL/wkU8H/AB6zfuYq9I+CXgjwr8PYo9VsZ/Nk/wCm01dR428VaVqVhJBfQRR+b/zxrOnXqnpUqtPDUST4TfFrxHZ+F/7V8R33leV+7hiir3T4DeD7H4k+X4j1W3ufs8X/AD2/5a18J+NvHmueD9LuNK0qD/SL/Uoo7OGvrD4Y/HLXPB/gi38HWOq/8etnF503/TWliYOrG6OTD4lPFI9g/aW+Kng74YfBbxJqkEH2a40bR5bn7X53+q/dV/Pl8Mbmfxn431vxtqALy3N1LI2fWUmv0p/4Kt/HPVdB/Y41Se3v/LuPFGvRabD/ANNYov3sv/tKvzc+Bensnh6S6fkyzVFCVb2cec9PM+SpP3PhPS9B8N/bLXz565/4keHMaPeaWIPN/wCeM1d5pupWFnoMcEJrPmvNL+3/AL+DzI5Ya7aaqHi+wPmuGefTJfIx/qv9dVybxVBDFH5H+srrPiR8E9cs7W48VaHBLc28s377yf8AnlXm8Om6reS/uLGWuap+6NPY0qnvEl5qV7qUvM//AF2rqPAeg6rql3bmxh8qOtXwN8Ib+Q/2hr/+jRekv+slrs5prHR9Lk0rw5pUcckv/Lbyf3tIj2qT5InYfDHxvY/De/jsfDg+03kv+u1GX/ll/wBcq+lPhv8AH7VdGij+w332aOX/AF0v/LWvjfQdSsdI/f3vmy3H/PH/AJ5V7R8DPh944+LWqW9/5EttpcX7ya7/AOev/TKm8SkXU2PrSb9pDVdSsPsOlQS/aJf3cP8Az1lrLs/2b9c8eaNca54xglij/wBZ5X/PWvdP2S/2RbHR9Mj8ceK9K8qP/ljNdw/+iq+gNS+HulaxYfZzocUVnFD/AKqvJrZkr8hzYel++Pxr+PHwZg8K695H2H/SJZv/ACFXN6DoEHhWX9/DFX2B+294Jg03XrjxVPBH/wBMa+Q9e/4mXmTz/wDLWb/v1Xq4X4Tp/dnSeD/G39j38f8AzzruNYng16wjnuP3X/TWvF9NhvobryJ7f/VV3Gg69fabFHYifzLevXpVAqU7kh1jXPh7rNn4q8Oa5JZaxpd5Fc6bqEP/AD1i/wBVX9D/APwTV/bt8Pf8FAf2VdL+J8U0cfizRli07xppn/LSK6i/5a/9cpa/nk16GC8/cTweb5v+pr1z/gmP+3Jrv/BPf9r7S/iNfX0n/CF+KP8AiU+PNO/5ZeV/yyuv+2VfOZ5hPbU7o7ctxPs6lpH9Idp4jn1rTzf25Hm292Y0i/56Rf8APKuh0bVdL1yxQwniTpJ/zzkrhobvwvrHh2z+I3gHXLa+0fWYYpVmtJv3UsX/AD1iqDThrfh/VHtIZN5k/eGXH/HzF/8AHa+Cp06yq+8fVLD069L3GeocXnlwX0Ecsf8A0yqlqEV3M+Y5YrmHH7q7kP8Aqv8ArpWZoGsTwj7BOfMjl/1NbEV4LPi+vYo7j/nr/wA9a+hwP988ypQq0qpia1p+kalF/Z1zYxJJ3xD+7kryf4rfBxr7TZNUkgjjhiH+r8795Xpeu/2RrLSyXU9zbz2R+aCGb/W/9/K+P/8AgoP+2v4G+Bnw+/4SL4p/EyLwlo/neXZy3c3+nX8v/PKKKvuMpzWvl070zpqYp4bD8x5H8Zv+Ec02/uLCeCO583/l0tK8r0e98K+G/FtvqvirxjpHhvS/O/fS6hN5dfFfxP8A+C1Wt69r2oWX7MvwWtoo/O8uHxN4r/eyy/8ATXyv9VXx38VPiT8Yvjb4t/4Sr4qeOLnV7yWb/Uy/6qL/ALZV62Y8a5zjl7Kk+WJ8jWzDEYmrzW5eU/Xn9tL/AILnfD7wH4RvPgD/AME/L6OK4lh+za98TZYf+/sVj/8AHa/Pbwf4q1XWJLz/AITHVZZbi/mlk/tzzvM+1S/9Na+d/Dniq+vNZk0m+g/1X+u8mvTPBPjC+02a3/1dzby/vPJr5DEQqSl7Wo+dnG/bVv4h1HjyG+htZINVPlyf62z1CH/VVh+FfiFqtn5mlar/AMfkX/LGb/lrXUajZ/2zpXn+Dr3zbiL/AF1pNXD6x4Ctte0v7dYwfZvsv/H5aTf62L/7VT9peid2HpUfZezPdNRm1Wz17T9c0Of7Nced9p0e787/AJa/88q7C38V6VNdSaroek/6HqkPmTad/wA9f+esX/XWKXza4vw3NB42+0eAL6eWLzYf3N3F/wAspYv9VLVyHxJcXmiyWM+leV5U3+mTf6qXzf8AnrFXd7UPZnqHwr+NniPwr4js5tKuPL+wTeZpss3/AC1/6ZS19weA/wBsyCbwvZ/EbwdP5cf/ADGLSb/W2t1X5T+JNe8SaFqlxfQiSSOXypIZa9Q+G/x4n8K2seq/vfsd/D5epWlLEU6NU0jU9ofqx8K/+Cw9joOvXHhzxjpUklv537mau417/gp94O1KWP8A4Q7XYpfN/wBdF/zyr8k9XgnM3/CR+APEcUtnfw+ZDp00372X/wCNS1ufDf4wX00X2HxxpUWpW/neXD9r/d3UX/bWKvN+rU6U+cJ+/wDAfcnxm/ac1X4kaDeTm/ubG8i/eWf2uH/W/wDPXyq8T8E+PPG8PmaX8RrGKXR7qb7TpurQw/6qWjTdY+EmpeDLPw5pXjG+02SWb/U6t/pMVrL/AOjfKq5oHhuf4b2Emh65Y/adLl/101pN5sX/AF1io/ihKrz0uQ6CbQf7S0GPxVqsHm2//HtqXlf8tf8AprFVzwTr3iPxJYXHhzxJP9p1iws/L87/AJZapYf8ut3/ANdf+WUv/XKo/CvjzQ9B+EuofD+eeS5/tTUvMs7v/VSxfuv3VY9nqWuaxo1vqulX0dtZ2s3lzf8ALPypf+mVOhhnTMl7WZ6x4JvPDn9vf25fTxyfb7OKPUvJ/wCesX/LWvpTwV8K9D1zwli3g8yTyfMr4bg8eWPg/wCIX9q/63S9Us/9V/01r6s+APx+sZorfSYJ/wB3/wBNZq+xyKdShrT+I7sPV5Tw/wDaa/Z2vry+vNLv7GSS3im/cy18R/ta/sZ6r4mtLieeykl/c/66v26+InhPw/4x8N3F59jt/L+x/wCtr5x8T/szanqlpeaK5jkEv7yGav1HBZpgs0wbp4rSaPVnVwtWl7x/Ov8AHj9kXxv8MbC8137DLe28v/LaH/llWH+zp8Adc8eXUf8Aathc2Wn+d5k03k/62v1U/ao/ZM+Kng/U7iDwPBpt75v7z7JeeVJFXF/Bn4bz+G9Ut9c+MfgfTZfN/wCWUMPlRRf9sq/LuJsJRwWKvRPGq+xpngdn8Pfhz4V0u3sdD8ARfuv+WssNZ+va9fQy+RYQfZo4v+eNfo5/wzf8HfGHhy3n8K32kW3m/wCp0+7h8quP+Kn/AATT0qfRvPg0qO2uPJ8z9zNXzf1v2lM5vaf3D5L8K+JL6z0H/Tr/AMqqf/Cb3GpX/wBngn8yuw1L9kvxze3VxoWlTySRxf6n/prXL2n7Jf7QGg69GYPDd9J++/1P2P8Ae0e0FVp02vjOw0D4e/8ACYappfiO+g/d2v7yauL8SfH6x8N3+qQCf/SPtnl+VX054P8Ag/8AE6H4S+f/AMK51KLUIoZY/wB9ZyxRV+YCeP4fD/xT1PW/HsxNpo95dXl3DL/y9yxf8sv+/tFT23sjmwy9nWJ/+CoXx+v/ABv4q8OfBKwvvOs/BmmH7YAf+YhdCKW5P/oqL/tjXlfgOb/hG9Bt4J/+WtXfh9+yl+2N+1Xr134/+H/7PvjXxSmoXkt7eavpnhu5ltpDIf3n70ReVXsd5/wSv/b8vIo76+/Zy1vSbOL/AF0urWf2ain7asdtXEUI+7UkcXNrH+gfuP8AWV1nwZ+CXir4zazHY6FBJX1R+zf/AMEefiNDpdv44+MM8UUksPmf2fDX158Pf2b/ABJ8E7W3nsPB1lpvlf6n7J/rf+/tae1q0SKlSnKH7s+Z/gz+wfpWmxx2PjG+ivpP+gdafvP+/teoeJP+CXX7OfjDw5J/wjngePTfEHk/vrS0/wBVX2J4W/Z1/wCEwlj8R6r4xjso5f8AXWksPm1oeJvDfwd+G9//AGVYf2/rf/LTydPmitoov+2tebPE0ZVvaTNI0qlOPvn4h/tC/sQfFT4DxahBPY/aZIpv3Pk/88q8X07wr4j1If2VY2MVtH/y2u5q/bj9sDwrqvx+8JXHg74ZeDvKs7Wz/wBMmu4fNl/7+1+YfiT9nTVfAd1qkHjHSr25/saaWO8ii/dS+bXd9Yo4pfuzNU0tZnL/AAZ+APhT+04/7V/02Sv0U/Y5/ZXn1i1s77VbC2sdLtZvMhimh/8AaVfB/wAGfi1oej6p9ug8Ofu7X/jztK+yPhv+3JY+FdGjm1XSpI/Kh8z91N+6rmqU/anTD3/sn6IeD/gxoflR3uuX3/TOGKrnjbQdD0fS/wCw7H7N5l1/qa+H/Df/AAUgg8SSyedfeXHL/qfK/wCWVcf48/4KfW+g6r/Yfhye5vbiWby5pa876lSuaVKRl/8ABTLRzo/mQf8APL/ljX59i8b+1JNKv/8Alr/qa+oP2tP2qPA/xC0u30P95Lql/wD8fkx/e18t/FTR777Lb30A/ef8sfKr2sH/AAjmqUivqWvfY5f+mkX/AJFrY0bxtpV5a+Rb2PlSf8topa8/s7xtYtfs+qn95F/y1qnDeX9ndfuBHH5VdNOp7IPZHunhub+14vIn/exxf6mb/nlWP420c6xayWN9B+7uv3fnRVl/DfxJPZ/6f/yzl/10VdBrGpf6VHfQQSf9+aKlP2xxVFasfc3/AAQB/wCCpmr/AA28Vz/8E0f2mNammjv4pI/hxqNzN1ll/wCXT/41X7GfDj4iz63bXPgXxpB9g1zTpdltJL/y0/55NX8uHxS+CHxT+I994T8afAnw9q1x4rh1iKLSItEhl+0y3P8Ayy8v/pr5tf0WfsJax8V/2nP2XvDGt/tM/CPXPhr8W9E0S1tvEsGuQ+XLdGL93Hfx/wDTOXy5T/0yzLXxeZ5ZiY1/a0fh+0fWZNmOFnS9jUdn3Ppuzv7HU7eaPVCLe8s5M3Jhm/1X/TWr+qaRearpskF7PlI4fMtdQWuA+H/xN8B+OlsPEvhPxppt75Vx/Zt35s0X73/lnXo+j6TY2k3/AAj83i+ylt/J8z+zzNF5v/7qnhfacnwnXiansKiOf+Hl5p3jwm9uYJJbW2mlg+1Z/d1/NV/wW2+Nmo/tgf8ABTvxRoek3MsnhPwRNFpOj2n2zzIv3X+tl/7+1+9f/BR/9s74PfstfsCfEj4s+E/HuhrcaZp1zo2mw2V5FL/xMJP3Xlfuukv7ySv5jPhjrF94w1TVPGOueZ9ouryWSbzf9bLL/wAta9unUqU6dj5rOsY5w0Ogs/h7pPhXQZL+4to5Lfzv3NV/7Hgmi/0Gx/1v/LGtD4kax9j0qz0ODzaNHsxo9rHfT/vfN/1PlVUah8/hW2ef/wDCBW02qXGq6V+7uK2NN02eG1jsZ/3Wof6ytTUtHvdG8vVbE/u5f3lWNemsddhtz5Eltef8sZof+WVdB61Op/y7I9B1Oez1SOeCf7NeRf67/prXqk2g/wDCbRR32lT21jqnk/63/lldV4vo8082qf2VfCX7RF/y2rrPDfjDXPB8slj9oiljl/1MP+soD+Cf/9k='}}]}], 'model': 'qwen3-vl:8b'}}
2026-06-26 15:29:36,448 [DEBUG] ThreadPoolExecutor-0_1: Sending HTTP Request: POST http://localhost:1234/v1/chat/completions
2026-06-26 15:29:36,479 [DEBUG] ThreadPoolExecutor-0_1: send_request_headers.started request=<Request [b'POST']>
2026-06-26 15:29:36,479 [DEBUG] ThreadPoolExecutor-0_3: receive_response_headers.complete return_value=(b'HTTP/1.1', 200, b'OK', [(b'X-Powered-By', b'Express'), (b'Content-Type', b'application/json; charset=utf-8'), (b'Content-Length', b'2345'), (b'ETag', b'W/"929-o7XgvkgfY+rmhcLa+9+pZuZpcxs"'), (b'Date', b'Fri, 26 Jun 2026 12:29:36 GMT'), (b'Connection', b'keep-alive'), (b'Keep-Alive', b'timeout=5')])
2026-06-26 15:29:36,525 [INFO] ThreadPoolExecutor-0_3: HTTP Request: POST http://localhost:1234/v1/chat/completions "HTTP/1.1 200 OK"
2026-06-26 15:29:36,525 [DEBUG] ThreadPoolExecutor-0_1: send_request_headers.complete
2026-06-26 15:29:36,540 [DEBUG] ThreadPoolExecutor-0_3: receive_response_body.started request=<Request [b'POST']>
2026-06-26 15:29:36,586 [DEBUG] ThreadPoolExecutor-0_1: send_request_body.started request=<Request [b'POST']>
2026-06-26 15:29:36,632 [DEBUG] ThreadPoolExecutor-0_3: receive_response_body.complete
2026-06-26 15:29:36,725 [DEBUG] ThreadPoolExecutor-0_3: response_closed.started
2026-06-26 15:29:36,725 [DEBUG] ThreadPoolExecutor-0_1: send_request_body.complete
2026-06-26 15:29:36,740 [DEBUG] ThreadPoolExecutor-0_3: response_closed.complete
2026-06-26 15:29:36,786 [DEBUG] ThreadPoolExecutor-0_1: receive_response_headers.started request=<Request [b'POST']>
2026-06-26 15:29:36,848 [DEBUG] ThreadPoolExecutor-0_3: HTTP Response: POST http://localhost:1234/v1/chat/completions "200 OK" Headers({'x-powered-by': 'Express', 'content-type': 'application/json; charset=utf-8', 'content-length': '2345', 'etag': 'W/"929-o7XgvkgfY+rmhcLa+9+pZuZpcxs"', 'date': 'Fri, 26 Jun 2026 12:29:36 GMT', 'connection': 'keep-alive', 'keep-alive': 'timeout=5'})
2026-06-26 15:29:36,848 [DEBUG] ThreadPoolExecutor-0_3: request_id: None
2026-06-26 15:29:36,879 [DEBUG] ThreadPoolExecutor-0_3: Raw LM Studio response received for F:\kuvat\test\a79f1691d70c4e5bbbc023a32085c1f4.jpg
2026-06-26 15:29:37,172 [INFO] ThreadPoolExecutor-0_3: Successfully tagged a79f1691d70c4e5bbbc023a32085c1f4.jpg with ['Artwork', 'Robot', 'Mecha', 'Biomechanical', 'Sci-fi', 'Cyberpunk', 'Futuristic', 'Metallic', 'Debris', 'Abstract']
2026-06-26 15:29:37,188 [INFO] ThreadPoolExecutor-0_3: Processing ec43a2a4cb184f419b36730749ba7108.jpg
2026-06-26 15:29:37,250 [DEBUG] ThreadPoolExecutor-0_3: tag: Software (305) - type: string (2) - value: b'\x00'
2026-06-26 15:29:37,250 [DEBUG] ThreadPoolExecutor-0_3: tag: unknown (40094) - type: byte (1)
2026-06-26 15:29:37,266 [DEBUG] ThreadPoolExecutor-0_3: tag: ExifIFD (34665) - type: long (4) - value: b'\x00\x00\x002'
2026-06-26 15:29:37,406 [DEBUG] ThreadPoolExecutor-0_3: Requesting tags from LM Studio (qwen3-vl:8b) for F:\kuvat\test\ec43a2a4cb184f419b36730749ba7108.jpg
2026-06-26 15:29:37,468 [DEBUG] ThreadPoolExecutor-0_3: Request options: {'method': 'post', 'url': '/chat/completions', 'files': None, 'idempotency_key': 'stainless-python-retry-896a5fda-4fcc-4684-a599-a79f8ee023a0', 'security': {'bearer_auth': True}, 'content': None, 'json_data': {'messages': [{'role': 'user', 'content': [{'type': 'text', 'text': "Analyze this image, which could be an internet meme, screenshot, artwork, or photograph. Extract 6 to 12 highly relevant keywords. 1. Always include the image type as the first tag (e.g., 'Meme', 'Screenshot', 'Artwork', 'Photo'). 2. If it is a meme, identify the meme template/format, the main subjects, the core vibe/emotion, and 1-3 key words from the text. 3. If it is a screenshot, summarize the main topic or software shown. 4. All tags must be strictly in English. Do not use any other languages or alphabets. Return ONLY the comma-separated list of tags. No introductory text, bullet points, or quotes."}, {'type': 'image_url', 'image_url': {'url': 'data:image/jpeg;base64,/9j/4AAQSkZJRgABAQAAAQABAAD/4QBIRXhpZgAATU0AKgAAAAgAAwExAAIAAAABAAAAAJyeAAEAAAAAAAAAAIdpAAQAAAABAAAAMgAAAAAAAZKGAAcAAAAAAAAAAP/bAEMAAgEBAQEBAgEBAQICAgICBAMCAgICBQQEAwQGBQYGBgUGBgYHCQgGBwkHBgYICwgJCgoKCgoGCAsMCwoMCQoKCv/bAEMBAgICAgICBQMDBQoHBgcKCgoKCgoKCgoKCgoKCgoKCgoKCgoKCgoKCgoKCgoKCgoKCgoKCgoKCgoKCgoKCgoKCv/AABEIAaABoAMBIgACEQEDEQH/xAAfAAABBQEBAQEBAQAAAAAAAAAAAQIDBAUGBwgJCgv/xAC1EAACAQMDAgQDBQUEBAAAAX0BAgMABBEFEiExQQYTUWEHInEUMoGRoQgjQrHBFVLR8CQzYnKCCQoWFxgZGiUmJygpKjQ1Njc4OTpDREVGR0hJSlNUVVZXWFlaY2RlZmdoaWpzdHV2d3h5eoOEhYaHiImKkpOUlZaXmJmaoqOkpaanqKmqsrO0tba3uLm6wsPExcbHyMnK0tPU1dbX2Nna4eLj5OXm5+jp6vHy8/T19vf4+fr/xAAfAQADAQEBAQEBAQEBAAAAAAAAAQIDBAUGBwgJCgv/xAC1EQACAQIEBAMEBwUEBAABAncAAQIDEQQFITEGEkFRB2FxEyIygQgUQpGhscEJIzNS8BVictEKFiQ04SXxFxgZGiYnKCkqNTY3ODk6Q0RFRkdISUpTVFVWV1hZWmNkZWZnaGlqc3R1dnd4eXqCg4SFhoeIiYqSk5SVlpeYmZqio6Slpqeoqaqys7S1tre4ubrCw8TFxsfIycrS09TV1tfY2dri4+Tl5ufo6ery8/T19vf4+fr/2gAMAwEAAhEDEQA/APi79nDxTeeDZbzWvBN5c6nJqF3dabqX2SaX7TF5X737VF5Uv+fKrz345xpqXhmfWNYaKLTNa1Ty7TVbuWSQ+bH5v/LPzf8Apr/ra8r+FvjL4w6D8TX0vwzrWp6Vr91NL58tpD/z1il83zY/+/tWvG/xT0bxF4cuFutA0e3W01KO3nltPtX2mQmWTy/Mjlm8r/llJ/qqhZdKpiqdSR/R2G8SMBi+E6uHq/H9nY9S/Z3+POv6DfaT8OdXn02TU7CeK2spTeRSxXX/ACy/1vm+V/yyi8r/AK5V9OeHfAPhHx58M9b+LWn+Iryx11d0Nxqd1d2qfaobrzfMi2Q/6397u/exSy+VFFJ5sX+t8r82P+Eg8OwyTXfkPciP/U2lpF5cX/TL97/n97X05+xl+1lo2lXGo+D/AIl+JZY47aSW5jmZbqL7VdeVFFx6yxfabnyvN8r/AJZebL/qvKxzzIOWX1qn8R8HwdxpUWN+oVf4c5HqXiv4W3tjfRwarpd79nl+1SaxNp80Uv2q1iillliil/65eb/rf+2v/TLA+InhJdX8Maf47tdP06PUL/UpbeK0lEsflReVFax+bL5vlfvZbWWKKLyvN/0X/lr+6r0vxT49+FcNrHYWF9balZ3/AJv+l6fN/wB+v3Uv/bL/AJZS+V/zyr5c+OHxp164m1GG1s9O0uHxNexST2dr+8+yfuv3V1H5X+i+VLFLL/qv+eX/AH9+ZwaxGLxUadX4T9qzytw7w5lk8RQl+8nqbmh/E/xhP4o1TwP4Nnl/4Rv/AJY2k15FLLFFL9l/1X73/S5f3Vr5Xlf8svNiir3r4A+C/C3iPw7rvjG38X3lnqfhCxzdaxp959nkjuvNi8q1+w/62X97LHL9q82KL91FL/y1/dfKnwy8LX0119pN9e2Ud/N++lm02X/lr+6/5axfvf3ssUX+q/55V9QeCfBOq/DHxvH8Ab/w5q1jceHLP7NNd+GNSuo/tV/LFLfyxXMXmy2uofurm5/e+V+9itYv+WUte7neCwWGpQbPxPhbj/Mqea1FGbtKXysd1dfEXw34o1QeG/jH8ULyazis4vJltWlvZJfKl/1UXm+VL/qvM/e//HZZaf4313wD8P8AWv8AhGL+zj8u60j7ZaeHpp5XllsL7ypYrqX/AJZRSxfu4v8Atl/qoq4Kb45aV4N0G48RW/8Awj+m3HiPUv8AW6hpsVt/ov7ryrqKK0iiii/exSxeV/0yii8r/lrL8m/Gv46+LvGvjjd4divP3Vxj7dqzSyn/AK5Syf8AfuXyv+mtePg8vrY9+78ET9DznxQy7KKN8M37WXxdj6tm/anvf7fvPBEGqalq2ly6x+5i/tHyvsFrF5vlReb/AKqX/W/uvK/55S/89a5zxV8QvEfxC0vWNDsdCtorfzv3N3FNayxRf9vMX+t/df8APKvmv4WXmralr0djP4qvbm3is/33kw+X5UXm/vfK/wC2X/LWXyq+oNF8Ff2X8NrjXp/GElveSzS2VnpP2OLzbX91L+9l83/lr/zy/dS/63/nrFWeZPDYGah9o/Ac64szLPMY6053/I+e/FUOualFcaH+7jj8nzfNh/56/wDXWvF/FXg/VYZZJ577yo4of337n/VV9Oax4Jgs7WS4g1TzfN/6Y/62vF/HlnY/Zbi+vjHc/voo/J/5ZS17mUY32qXKfM1MS2zxDXdQsrS1jsh+8uP+WxNc1XQ+NbOGHVZJ7eHEcv8Aqa58jBxX0lT94dNK3KJUsURnlSKLqaiq1bR3BR2hhJA/5aeVRTpmhuGGDUVs9ATSvKvIjLHLMJv+PmsrUtH1LRrt7G+gMckU3lmtfSNHmm1SPz4f9b+886vcb/wHL4r+EFpZ2caTmx1aae9mBxdRCaGIRjy/+WvEcsvmxeb/AMsvN8ryovNJ1FhjL2p82KrN3NWRbSyWrzLE5SOTJl9K9GvPgfc2MG2eCSK48n9zx+7lrX+FfwB1XX7/ABqsEkUfnVr9bwqpamX1qkjg/BngvVvEV35FvZSeXHXomhfA7VTH9ogsb6Tyv+mNfTHwr/Zv0P4e3Mdx4k8v91D5nled+9l/6Zf9dZaueKte0qCW40qDVZY/3P76bzvK83za+ZxGfupiPZ0onFVqv4z5n0f4Y6r9qknnsZf9dLH5X+rirH8X+D77TfLg8iS2kl/5azTV9GazP4O161jsf3ljJ/rIfK/5ZVy9n8H/ABH4q16OxsYPtsks0Xk/ZIf3vm/88vKroecU8Ph3UruyRx4b21fEWPL9B+Cfiqaw88Q/aY/Ji/1Nc34k+G+q2UVxPB+68qz8yaGav0b+Ga/Ab/gnXd2Xi39oT4bW3xD8QX+j3Udn4ZmlljttLl/df62Xzf8Atl/qpf8AlrXiPxgu/gP+0V/wkHiv4SeHbHwtqkt59og8J2l55lt5Uv8Azyll/wCWv+f3VeHheNfrdbWm/ZraXR6/1qe7Uy2thv3h8XeG9O/4meNct5fs8X+u8msO/wBD1C006LWJbVhb3M8scUw7yR4yP/Ikf517ZrHwl8m1/cf8fHk/6ryf+/teW+KPDBlu5PsP/LrDmaLzc/8AfuvrqONoYunzU2YUqtqtjjSSepphdj3qxJZTxn5oZBW54a8E+KPF+naxc+HNGur2DQdL/tHWJ4I8x2Vr50UXmykD93H5s0UeSQPMljHcVNT2jZ6CaZ1f7OHg34b+MPHZg+K2q6raaBZ6Xfajdvo9uDJcm1tZLr7L5hz9mEvleV9p8uXyjLnypRxXMeLNS0jV/FWpXnhzRjpOn3N/LLp1j9qMosoTKTFH5pwZPLH7vzD161EPFviyLw03gmPxHqCaK939sfSBfSfZZLgDy/OMefL8wDjzMdPyrnxnPFaLblJ5Vz8x75+yt8eNb/Z2+I+keOPDuuR2P777Ndyw/wDPL/nr/wB/Yopf+2VfuZo3x4g/a0/ZGuP9Hil1iWG60nWNOi/5dZYv9b5sX/PX/Vfuv3X+tr+cazmmSIonCf8ALX930r9Pv+CZP7QPhyXT7/4Z/EbxLFb+dZxR3lpd3n+sitfK8r97+9/5ZS+VL5UUssX2X/VRfuq/PeNeHfrHssZR+OGp14V1J/u/sngH7T3w+1HRvGFxpMM8u+Wb7RZ+bD5f2ryv+WX/AF1q38DPH+k6bYXt/qFpZXNlYadJdXlrKY/9Nj/1fk/8f4l8uTp+6/e16X+2Z4J0Oz16TXINb8PyyS3ksn2vwzNa3NrYfvYv9V9kli8q6i/55fuv+mv/ACyrwX4e63P4J1m40W81r7PHL/o81l5371Jf+eUsVr/6K8391/0yr2MBicbVwFOT3PlM0ymFXEclT3j7G/4J6fBqz8Z+GLf4k6todjbXmjTS3tnqOrf6NbWsvm/uvN/6dYovN/dRfvfKill/deVX0Z8ZvFVjqX2f7B4q1e51y1026ks7TUfK025ii82LypbmKWXyorDzYv8AVRS+bL9lry/9jO80PTNBjvtKvraKTRvtVtNNoemyy/ZZZZf9Kl+0+baxfuooovKli82Xyr/zYvK82KvNP2y/E+tNrd1ajV725j1VvM1jUjD9mur6X/lrYeb5v/Hz/wCQovN/56xSyxeeqtbF5hy1JfAfuPD2S0MDw59Ze2n3+ZW034q+FdN8Wx6r8OdKudft7q8sNOs/30UkV1debLL5tjF/rf8AVeVLL+98qL7L5Uv7q6ili9s1LwTpXjb4cyeIvHHhy2vreKzi0Xw3p8P7qW1lii/e/wDXXzYv3vm+V/y1/wCWUsvlRfLmheFdX8FX1h4l8Z+G7zQ1tbWO33izOm22j9PK0+2kuvKi8weZH5sskkv7o+bF/rZZa+h7P4/aHZ3Xh+3n0qL7HLDFJZ2ktndfZotL/wBK82WLzYpZbuKK1tvNlupbXyv3Vr+9iii82vsMRT+sYTkpfa+L5H5/heJ5YXiTXe9rdLM+c9M+DP2Px5qmh/ECwk1e48n7T9rh/wCmv/LWL/prWp/wyXYalpVvb2N9ex/8tPN+x/8ALL/ll/7Vr0iKbVdG8UXHjGCxll1CXWPN/wBLvPMlv/8AW/62L97/AM8v+ev+qliir0z4S+Nv7ehkvtVn02y+wXkXk3nk+VLa+V/zy8r/ANFV8Nmeb5pkdaKpP3P68j9Azfh7B8RXq03ynzP8Sf2UbGbRo59D0r95FD/39/66/wDbWWvC9Y/ZX8caPquoTz2Esskv2XyYfJ8v/W/vf/jVfqR4Q8K6H8TrT/iU65pvl/uvOlu4f9b+6li/9pf+iq6CD9lETahJquqeKtIlk/1nkzf62WX/AJa12YTjepWj++h7x+f1uAs1wr/dPnifjn4k+CfjGztZIDodz+68rzpv9b5Vc3e/DHxHDLHB9n/eeTLJ50v/AG1r9rPG37PXwy8N6f8AYdV8R6J5n2P/AFv+q/ey/vYv/Ivlf9+q+X/HnwN8HQ/bLGx8R6JJcS/88byLzZf8/wDtKu/DcYYfns4nm1OHM5wy96nL7j81/FXhXVdNupILb97H/wAsf+mtc3FpWqjU5POgl8v/AFcP7n/W19KfH34P38HmX1iP9V/x+f8Axqsr9lD9nO7+JfxRs4Na1CK0s7C7iuNS1bUP3cVrF+6/9qyxf9/a+jqZ/RjhPbx+yc1LA46D5alMl+Ff7PetTeF4/EeuG5i+1f8ALXyf/IX/AF1rjvjRqOl+G7VNGtbPzILiHzYf+mX/ACy/ef8Afr/yLX3L+0j8Zvg58GfCUnhXQ/K1u8lhi877JNL5Uv8A118r/rrX5z/GLxlL4n8UyXcmg22nP/z42k3mRW3/AEyrgyPM8xzKrOu4ckTzpZbWoV+aUv8At027m7+HPi74X6xqOr6NqdtrWk/YLbQ5rDyZLC582WXzft3/AC183yv9VLF/zy8ryv8AlrXnl5DfzXUmqAfu/wDWTfvq0PF+jS+H9ak0pFj2RyeXuz/zz9f3nlmufmhmh8s5/wBbX1spqZ6VOdorlPWfB/xm+IXwKtLjwvoPh610HWAR9p1STRgNUtx/rY8TSgyQHH/PIR+bF61wMOs6o+uSa7fCSWS88xxNdnzPNl/66Ve8KeJLfwnYm6tdO3aza6hbXWjaoZuLAxSmSXEf/LU8RH94SIx5n7rMnmR83DrM0V0j/ZeYq0anVo8kmVTlUoVfaU0eu63dfEnwLYeH08b6J4k0SSaz+06UNQsZYpbiLyvNiurbzf8AWxf6qtL4K6dc+Mry68P6varI80TmaaV7iQy+TDNIIoo8Sxy/6uXy/wB3+7m8omWOPzaxPhR8f7z4TSt4q0nw3Y3GuDWYLvTtbF3d219pc1tmWKaIxSxRf62SL/Wxyf8AHrFjyv8Alr3euft53N94et9M8P8Awj0TSZWg1SyvZNPnkIv4bq0hth9p582byvs1t5f7zyh5P7qKL975vyGJwuKjW5aVP/t7Q68RmOPxS9nWqS5PU7n4/wCleJZ/HWm+HfAvhnW4ba1/4l0l/rmjy2X2+6i83yv9Blll+y+bFLbeVaxeb/yy/wCetdfceMbb4V+B7ef4m/H7/hJZLqGXzvDFpqV1J9ltZZftXmy+b5XlSyy3P+tilll/dS/89a+bH+O/xk8c2974b1DUIrnT7+38uWJdNiPlHzbXEscvlebFL/ott5ssX72X/Vy582XPpfwM+Fdj8VIo77xxfXN9eReVbedd/wDPKKL91FF/36iirx8yoypUo1MRP4fmcv8AaMMDT5Ka/r5Gt8RPj1Y/GPw1ceG7T4cXqaxql5FqMOrp9ltrW1i/dS+VFbRRSy/urqW5l837V+9/dfuv3Vee+CPgn4x+J3iO4vr6xuftEs0skNpaQ+XFLL/7Sl/6ZV9of8M36ToMWj+K/B1hHqWh2ENrJeRXc3lyxXX7391F/n/v1XN/8Kx1W91TxBPfX1zpFvf3kVlpv9nXkXlReb5sv/LXyvNil/e/9+pf+eVeVHiaHJyYf3TyJ1qtbV/5nm/wm+Hs2j3VxqsMFz5drDL9ji8n/Wy/88v9bVzxtr1xNLHpWl67c3Pm+VJD53/LKWX/AK6xRf6qXzYv/ItbHiT4w6roPw+uPCljpWpf2f8A2xFqM13p/m2MVhfxSyxReV/2yll/e/62vK/EnirW/Kjn0qx+zSS/vNNm/s37N+9ili/0qL/llFL5UX/LL/nrLFXNRwtbHVva1go1OVcoeKvGGqw3UnhWeeKWOXyo/Km/6a/vfN/+215f8WrP/WeIrHVf3n+rm8qaX/W/5/8ARtamvTQWd1bwWE8ksn7r99ND5X73/lrF/wAtf3UVcneaDqsOl3E8/wC6k87/AI9PJ/1sVfY4DDUaOx1ez5jzjVbSS7S4vpET91F0EVYEkRiO2u+8X6DfCwjMCykf6yuMvdPuEMk8drJ5fm19BT5bHTh6mhnVc0ibyrrP2eKT/rrVcxGPrWhai/df7LtWk/0qSMeT/wA9P+eYrSnSOk7DQrzyYvPt4f3kX/LL/nl/z1r2jwF8Tv7AsI59KsbG2vIoZf8AiY/vfNlili/6a/uv+evm/wDXWWvNPh9aeDb/AMcvZeJ9SlTTzCT9p0nTYvtIlji/dYiP7vHm483/AKZebW/qXjt0ij0qw0m2ss+V5P8A06yyxRRS+V/0yl8r/Vf6qL/llXHLDur7rPPm7Q5j1DwHrFjD9osZ4LaSSXyvJ8793LL/AK3/AFX/AG1ir0jwHqXhzTZbie+8K21z/ocvnfvv8/8AXWvmfw58Q47Twxb+Bbi8Mdtu8ydJYfN8r/ll/qv+2sv/AH9r2j4S6lbwx3HneV/rv9TF5X73/lr5v72X/Mv7qvls3wlfDw56czz4zftbzO88YeJP+JXHpU0Escdr+7s/K8qKXyvN/wDIssVeN/EL7fDrMnkTxS+V/wA9f/ttdZ4817ztU+w6SPt0fk/8fdpD5UX+q8qXyv8Apl/01rLnsjAZLHVPDkllcRf8sZofK8r/AJ6xS15GFxSoayRs63tZfAHgnw351rHqviSw8q3i/dw+dDLF5v8Azy/e19a/8E/PDWhz+PdU8fX1jFc/2DpvmQxS/wDP1L/qq+XptH1zR/C95Y+RL/Z9/Z/uYrSbzPKl8r/0bXvf/BMXT9aW4jTWr6ONL/QpY5vtcUsnmyyyy/8Ax2OX/v1XyHHmOqyyOo8PPf8Apo+q4bwkZ4y84bHMf8FM/B+rzarb+JDcS3P2Wz8uab/nl+9ll/8Aav8A5Fr5P+Hmp6ro/iPT763sZP3t5+5i/wCesVfo5+2lpvgG08Pf2Tql9Hc3EsP/AB6Rf6ryq+BvhJ4RtPGn7QWleFox/ocWofbbmX/plaxeb5X/AJCj/wC/tc3h9mbxuQSo1o/CvwPp84o0afvyPddS+MFj8E4dQHhXS9NlvLr/AJDEOoQ+X5sX7q6iil/6ZebFFL5X/LWvjv8AaE17xHqXxBuPiAftMd5ql5LezS/9NZf9bXaeI/G0174o1Ce+sP3n2zy/3sP72KKL91XM+PdZm1A/2qdH82P/AFc1v5P7r/plLX65kWXRweHVTrLc/NsXi4LE+5E8k1fXdU1E4vH+T/nliqS306b44DsSSPyyD3Fei6u/w51rTpBaW13Z6gfLEMKLmKWvO7lQkpj2/Svo503LY68JWVWPw8pVYDggdaAxHSu2s/hbrV98Obz4nLf6UllZavBp8lpJqcRvpJJYZJRJHbA+ZJFiKTMv+rzxWXdeDjZWEV6biKTzf+WYlpKjVsaVK1NMjvfFuva5aWmkar4iubm00/8Ad2VrPcySRQx+kcZ6Vs6R4p8T6SLe+0rVI7e3RzJs8yKTp/z0j/7Z1zBtp448+TJHHJLW9b33h6HTbyMaXeNet5Q066F0git48HzPNiMR83P7vH7weV38ztboRqR/eF063s37ha0v4l+J/wC1bPVJ72Xz7WHy4f8AP/fuup/tGRLCPVdOsbWxt5TLFp0f2zzJJZIooZcyReb+6i/6a/6r/v1XnMMF9iS48j93XRXl5olna2qaHqFzLL9j8u8jl0yKP7NL/wBMv3svm/8AXX91XTh8Lg6dH3zKtOVarzbnuXwg/bG8cfDzUNP1S3v7a3F1ZxRaxFFB+68qL915X7r/AK5eb/21r7wk01fDfwOt/iP4n8XaBresa9ZxRww+GD/oMUUv72L7NY3drLa6hdf9NYpf3Xm/uoq/IGS7a5ndRbyec4Gdp5fP0r6w/Yn+OOv+E/ENn4N1rXP+JHFDLGbLUIJbmL/v35X+t/1kUv7r/VV8lm+T+2l7bDafqfd5HxC6OEeDr+9H7Ouifme1eMvHWkeOL/TfCaeF7bQR4b06WyNxaw/bb62/ey+bL5v73/Sv9b+9/dWv7qsP4uaponwa8Gvf39rY232+aL+0rTT5ov3VrFLF+6lli/5CEssv72X7V5v/ADy/5a16R8SPiF8DvDfhe88VeFdVtov33mTTf6BY20X/ADy/0aK1i83ypYvN8r91/wBev/LWvi/xh8QvH/7Qnxat4NKguZY5bzzP9T/rf+mvlf8AtKvSymrOjgpyxC5VE+RzHJaEMw+sfza73/pH3Z+ztZX/AIp8CaR4+1XQ5Ln+ytB8ybydTlj/AOWUX72X91LL5UX2mxtf3vlfvf8AnlLF5teN+JPG1joPxC1Tw3rk8ltHFN/yDofN/e/uv+eVe+Qw6H+yx+xvZwar4x/tKTVNS8ybT/tkUv2CXypZf+Pb7V/rfN/ey/uvNi/df8sv9b8J/Gf4taHr3jKTXIIP3n/TK8r5inB5ti5yS5oE0s2zDLcVyQnKz1PsT4A/tUWOjaz5/hyx025kuv8AQpv7Q1KKLyv3sUv+qr6Uh/aEvtY8EXFjquh2UtxLo/lwzWkP72KXyv8Apr/11r8k/AnxU/4R+6t9dspv3kV55c0M0P8Azy8r/W/9/a+1PCf7QngefwvZzz67F+9037TNFNDL/wA8vN/zL/01iqv7Do4eUpyR+q5VxrQnRpwcdviOg+JGvfEC80GP7dfSeX5Pl/a/+uv/AO9r5z8bWfxU02/8++P+j/bP30U03+qi/wCeteueMP2jNDhu/Oh0KLzJbP8A0OGGzl8397Fa/vf9b/2y/wCuXm/88q83/wCF2eFNYv7jVdV0OXy4v3dn+5ik/e+b+6/65fuvN/1tcdLCw9rrTLzvjKnUo8tLl+88z8RzeI/7U+z6t9p8vyfM/wBT+682uL8Van8TdAtLe+8N6rc21vfzS/8AEvivJY/N/deV5v8Azy8qX/2l/wBcq9A03X/7Yu7zVRYyeXFZy+dDafvf+WUvm+bL/wBcvNl/7+y/8sq5fxv4r0PUotL0PSrGSOzsIbXyf7Rhi/1v73zZfNii/wBV5tfRYbC0Ixuz8wxPFE6y5Lf16ni3jTX/ABDqIuNO1j7TLHFLF+9m8391L/00rBsdcHhW7nt49KtGlEckcz3Vt5n/AJDlr1/xXoujXuj3vibw9fL5l1NFHDpE0PmS/wDLX97/ANdP3X/PLyv3sX/LX/Vec694LmbUY7aef9/L/rpJf+WX/TKvdo1IQp8sDw3j41Z81Q+mv2x/hX8Mtf8AEeoa58HbKWLQ4ryXyfK/5axf8spf+/X+tr5d8XeDb3w9cx28qyZ8r/ltFX3VrHg7+zZf7V8D+JLmTT7qHy5obvyv9V/yyri9T+DNx4qnksoNFjubhdYlvZvOh/4+pZYrX91L/wB+v+uX72vmMr4lSVsQb1shzLKlyvVRPkz+zfDqeEbg+Xef29/aUUcEW3/RfsvlS+b/ANNPN83yq5KWGfzulfUHjz9mOfR7W4vtK0LUrKSL/ljdw/8ALWs/4OfsxzandSXHiKeL/MVfR1s8wFDC+25zlpYqadqh4l4R+HPivxXL9n0rS5yAP3soh6V3kP7N93FfWdib25k82aLzv+Jf/qv+etffv7N3wl8D/B/Qbjx/D4ci1LyrPy/Ju/8AVf8Afr/trF/39rxf48eMP7euf7F8OWN7Y6P/AMfP9nQ6l5UXlf8Ax3975VfIR41rY/F+xo0/dj9oVV1Zw5lI83+B3hzRfAurR66bfUvs8WpfvrS0m8v/AFX/AF1/7a17p4P1jwR/wm+oarfaH9p0+ab/AEPzpormXS/N/wCWsUsv/LX97L/yy8qvA9C1i98rUJ/EV9Fe/b/N8nUbS8itrm1/exf63zf9bF/yyqxo/wAc9c8K38dvALG5t4oZZZofJli8qWWLypf9V+9i/dfuv+/tYZhgMXmHvc55MKcpVtT6Q8VfGbxHNLp+h+HPH99cx3V5FJo8sU37r7V/0y/55fvfNqv4k8barqXhG30oeKraXVP3sn9n3emxRRWth5UV/F+9/wBb5vmy3Nr5UX/PWX/nrXzvP48n1OSz+wwRxSfY4pLy787/AFv/AEyl/wDIX/kWtDUfF+h2kml65feMYpfNg/faf4ehl82KXyv9b/zy/wCWXm/9tfKrkwvDcaSud1NTiGvePJ9S0v8A4R2xgubb7VN++mhml/1UX/o2sObxJYeJPE8llB5cunyzeZ/xMPN83yoovKi83yv+Wvm/8tap68L6HQP+JVZfu5f9d5P+f+utY/naHDa3E+lX0tlqF1eS/wDEuu4f9Fli/wCWUUX/AD1/1X/oqvpKGW8kbE06aqS903NHh0rXrWOxsZ4pbiL/AFMUP7uu0s/hvpWseCY/Edx4qi/tyLUvs1naeTL5t1a/62W6/wDRUX/7rza8L03X/seoSQQQS+Z/q/tfnf8AfqtHWfislu0d5IJSZRmbzv8AW+b+6rr/ALNxFT4Jcp6OGSp83MbfjbwTBNqkelX0Hl3EX+ui/wBVXP8AiP4TfbNI8jQ9VivZP+Pn7JD/AMsvNl8r/v7+6i/dVl6l8WtK1KL+xJ4PtMcX+pmrc+FHjOy0/X/7a0zW5bC4i83zruObypYovJ/e+V/01/1tdPssXRh7hz+zq8x5JqGhm28wTiWO4jHmHzYqrabpt9cXfkQD95/z1rvPGsGh6n4guPEOh6V9mt7qaX9zF5slamj+BLGG6/fweXJL/wBNvK8quyOLtSNJ4iNJamd8N/DUU+qXEmqW8yR20MskRe383ypY/wB7FF/rYv8AWy+XF/21rPbVbiG8k0q6glS4i+7L537r/Vfvf9bXrN58N4dBsLO+0rVvKk8ny5v+msv+tl/df+Qv3tR6D4DvprySfwrY3NlJF+8hm/1f2X/rlXm1M1p0ZWlLQVNVK/wLmOL8K6Bf3mvfYb4yxSWvmyf8tfNi8r/llXsGgw32m2H+gwRXNv8A8sftc3lRf9cv9b/01rL8KaDoem20eNb+03H/AD1lm/dVY8f67DJocFuTc20ksPlzRf8ALL/pr/6Kr5rMM1hi8RGjA9jCcMYyuvb1FywDWPibYabLb+R+8+yzfuZYv9V5X/bXzf8APm11Hwr1Lw38QodYvoLi2/ewxSQ/a5vK82WL/VeV/wBNZfN/9G18z+ItcaO8uLaYRypF6V6T8JnvvBd+fDPiHSJNJv4tNikmjuYfKkPmy/aov/IUsVZ5ll9KOEvCXvHVDB0cPO/JzHtfhXxhBD5nhzVfL+zy/upvN/8AatYguvHXwz8cRap4V1a5s4opvMs5Yf3UUVc/d31/Pqsk9lp8vH+u8qH/ALZf6quj1jxIBp/kap5nlyzf5/8AatfDSpyb9lKN+Y7ZYuGXVPaU9jW+N/7Ymia54Snk0uyjl1i/h/4mN3d+bLLF/wBcv+/VT/8ABOfwrouoReP/AI3eLcfZ/B/hc3CSi1hlMt1JLDFHFiX93/qo7n/WxS+V5scvleb5VfMXxU1DTH8TR2ukDy/Nh8zivsS48Lat+zL/AME1tG8JXE0VtrHxf1KLUJrS7mii/debF5X+t/5ZeVHF/wB/a9lZfhsowUKNFWnUkkvS+v4X/AuWZyzWE6k4+5FHyn4whsf7ZvL6cR/8fnm/ufK/1stSaPo0Goy+RBb/AOj+T+582HzayviddaNf6vb3fh/UL65t2t83n2ubzfLl/wC2X/XL/plXS/Dezg1LUI7Ce+trGPzv30v/ADy/661+m0JqhgUux+d4+lPnvGRTm+EljeTfv7GSO4/6Y1yHi74DaroryCxsLmXzf3nm+T/qq+o9Bs/Dmg6NJm+tpP3P+t+x+XL/ANcv+/tcH42+M3+leRYiL7P9s8z99/n/AKZVwYbN8VWrSUIHBhcbioVuQ8o+G/7Pmqz3Ud/qs3lyed+5i/5a11+p/s965NFiCx/7/Q/62ug+DPxah8Na99h8SGyudPi/dw+b5sssX/bWvqTwFD8OPG1pGdJ8SWN7H/rPsn+rl/65V5OY8QZngq3vw9w+i5FiI/GfCHij4Uata6e1rL4ck8y2m/4+4v8AWy/uv/RVcFqGl/ZZs30Fz5fneX5s1fpZ8SPgP4ch0HFhPLHeS/67/nlF/rf/AEb5VfM/xV+AFj5VxBPY/ZriWbzP3X+qlr1cp4nw2N93qYyjVofEfP8A4V13wro1tqD634Yj1OS60uRNPMt5sitZZB5fmyRj/WeUP3kY/dfvfLz5sQ8qSLSfCcviXxTHo/haaW9kurzy7WHb5lzcRf8AXOL/ANFUzXvBOq+HLq4nvII5Y4pv+W1LZXs+jP8A8JFpGpQSS2t3F9miiml82Pyv+Wv+f+etfUc1OpA6I1eZe4egXXws8L6a8+iWOt3kWvqxSDS/7Pljlll83/nn+Fz/AN+oq7Dwr8MdPh8Caxod9pWrW3iD+2Yo/sl35Vjplr9lilililll/ey33myf6ryv3XlS/wDPWuF8K/tF+K/CsEdrYQ5jihitv3s3/T19q/7++bFVfXPiR42+L95ZzLeWyXssMVkbXTvKikkiightseXF38qOPMmP3uJZZa5owk4fFymuHm8Prv6nU6b8OL/WL6TSr7xhZW0ml/8APa88yWKKWX/llbf/AG3/AJ5V9WfBP9le++Hvwv1jxV8JLG+1LVP9F867/seXzfKl/wCWvlf9/f3X+t/deb/z1ir5s+BvwT+MOja9b6rpN9bWVx/q4fOvIvKl/wA/9da9f8H/ABs+NHw30bVLLw58YvEljZyzfZpru0177NbXUvm/62X/AMixf6qvDzBVK79mpe6KeJr163uy/Bnm/wAU/hj8QLzzJ9c1y5uZJZv+PTzvNrxvxJ4PvtHv5IJ55P8Ann+9h8qvbPFXxn8VabdRwX1j9hki82Sb/VS/vfN/1X/XWvN/GPxan16W40TXLG5uZJZoo4YfO8vyvK83915UX/TWunLoyw0bQgc+KnXqNHEWct7DLHpXn+Z5v/LpL/qv/tVd3ZyeKofDkdyl/LHp91LF+6tNY/1vm/vf9VL5Xm/6r/ll/qq8v1jUvth+0zwS/vf+W1M0jU7FJ0a6uJIo/O8tsw+Z+6r06tJVyKTr0tj2+18WeItXP9nnUCbiXyo4fNm/7Zf+RZZYqwJW1WXSrqK/8cXvly/6n/TIrmL/ANG+bFXFL4isRBJcxWkEeyH99m06y+b/AMsv+eX7ry6z5tZnhm+3/u445axhlvtNjmnDFVHe57D4cbxhe6DJpNhPKLe6h8ubyv8Alr5X+q82Lzf+uv8A11rT0DwdfWVjeXxt/Lk8ny/Nm/5Zf8spZf3v7r/lrXlfhv4heI9H0+Sx/tWKWPzv31pdw+ZXqHg/4weFdYlt9KvvsWkSfvftk02mxSRf6r91/wCRa8nGYbFYaehjVw1aELROd8dabqnhtJJ4JI7fA/5e/wB5+6/1XleV5ssVRWr67qGg/wBqW325rNpvsrBni82X91L/AKqL/np5Un73/rr/ANNa9n03wr/ws7/ia65BolleapD/AGj9ri+yxeb5sXmxRRRfuoov9VFF5UX7391Xmniz4e6L4R1C7h1a5lk/sz95Np8X/PXyov8AWS/8tZf+WtZ4PMF7T2dT4jF050o/vD0P9l3UvGPxO1TT/AHgfSb7W9Qls5ZP7OtIf3sUX/LX/wDdV9Aab8E/GOmWGoC+vv7Nk8mX/j7m+zeVL5vm+VL/AM8v/jvlV+fuga141+FviyM2y3NtfxQxSeVL+7/deV5vm/8AfqvctS/bk+JniS10ee+t/wDR7XTYrKHyrP8A1UUUX+t/6ay1Ga8NxxFTnoM/YMs4pyt5fyYuHNI7zx7qXiqzikg/4TjUrL/ntFNNFL5Ved+FvG2h6bf+RAIvMlvP3Mv+r8qWvM/G3xqn8YXfnX2lXP8ArvMm82z/AHsVcjea1cGW+g/tWL5P3n7qGX97/wBMv9V/nyqyw3DbnR9nVPg80r4bFVr0kfU0/wC0t/ZtrHY3E9jL5v8A0EZvNiiry/4nfHLQ9eupP+EVsbaK4lm8yG707zf9V/zy/e15Gra1qRjvnklMcv7zzpYf+eX72WrXibQNW8Paxc+Hb9fs1xY+V9rilhli+yy+V/qZPNi8zzYv9V/2ylr1sDw7gcH8J5sY3LU3jyfWL/7RfGWWP/V+TUl5qUF5qHkaVfSy28s37mb/AJ6/va5+aW4021+zz3Ekscs3mXn7mrn/AAlUFn5Yggljk8n99NL+882va+o0YEz/ALh0l3r19pl1pek30FzJb2vlSQ2kv/LL/tlWjr2v2+o6db+IvCvw4udE0O1htdOvLuWa6ltbq/8AKi82WWWX/Veb5Usvlf8AxquKm8VWNnDbz32lRySS/vP9d/yy82ptS1qNPDNnoL2ptpIrq6uZZC372fzYov8Apr/qv3f7r91/y1/5a1tTwUB06Z0WpfE2c3Mel6rqsskn7qLzvO/e/upauan48+FP/CNahZaVoupRa5/b1rc6DrcWpf6LFYRRSxSxS23lf62WXypf9bXkesTzGTE999p/5Z/6n97VzQZvOv7ef7dJF5s3lwzSw1X1GkaxocvvnSaR/wAT7VLOC4sZYvN/d+dLN/rZfN/6a1ieNFtI/wDQryCTzBN5fnV3egau9l4elstEtFD3U8VzqN1LBFLjy/8AVD/VZik82SX/AFX+t83/AKZVyfxSv9F1i6j123gj8yXr++/5a1rCl+5HGnP21zj4dC1D7bIpgj8z61seIvDPjj4fa9J4X8XeHdT0nUohExs9RtJbe6i/debF+6l6VX+HfxB1f4X/ABG0f4geDZ1h1PQdXtdS02WWLzP9JtpYpYv/ACJHX2H/AMFfv+Cl+j/8FcPjP4A+L3hv9n1fCXijRPAkWieK5Ibv7SdYuvNll/dD/nlH5n7rzP3v73n/AFYrz6lWpCPLE9Dlsuc+UPCs0/7uxnb/AJbV2GnePPsd/HcCCOL/AFv+q/1v/o2qepeA9V0GX9/BL5n+rrD02GD94M/9NP8AXV5eJlanc8TTF1j3X4byWdrpeufHDx+8sul6P5X+tH/H1fy/6q1/9q15pqvx48X6x4mk8RQXvlf8tJrWL/VRf9sq+p/2mvgevgD/AIJBfBXxvYWJjfxN4t1zUdSmiMv7yXzpLWL/AMhW1fFHhXwhrniXUPI0qC5l8ryv9TDLJ/y1r5LL54fNOer/ACya+52PvstowwdCPKjotA8bX0Mv7+eOStTxL470q70eO8gmjEsUPl/vqj8YfCXXfh7r154P1Yxy3ml3ktlefZJvMi82KWWL91XB+L9GuNH/AHt/N5cctddPLsPKtzxPp3ncVl0qLie2/wDBMT9li5/bO/bw+HHwIu4vMs9d8RRya7n/AJ8Lbzbq6/8AIVtJXo//AAVY11NO/wCCn3xnura3jihtvF8llaCIfuhHFFFFH/5Cir3r/g0u8F6T4l/4KM6t4p1GDzJfDnw9vrnTjJ1ilklitv8A0VLLXhn/AAWn8JXOl/8ABQb4oxg+X5/iP7ZN5v8A1yirwa2YqXEjwU3oobed0/yPEUFPCTcPL9TlPBOp2Wv6p5E9lbRx3X7zyYrP/wAi/wCqrH8e6wLOKQfu4/K/eQ/8sqxPAV6stlBqC2UkscUMXned+7j82tXRPhF40+PPxf8ADPwW8BwyXWpeJLqKxhH+t8v/AJayXMv/AFzj/e/9sq5XhabxU603ywhv5W3/AAPBpUpYt+y6nXf8Ez/2K9c/bf8A2odOg1i0kTwnpEp1HxDqHk/u/ssX73yv+2v7qKvRv+C1fx20vxl+0xJ8MvB+n20Wh+C9Hi0qztPO/wBVL5UX/wAa/wDItfrL4N/Zk+DX/BL7/gn/AKpH4Zs5bK8XQornXtWu/wB3LLL+683zP+eX/wBtr+er4i+Orr4j+P8AXfiZ4ga3jm1K9lkhieH95+8l/wDaX/tKvH4TzKpxfxNUxK/gUVyw9Xu/Wy+R7GbU8PlWURow/iTZy2s6vYiTyRY23l+dFJ+5Mv8A6Mlrp/B/iSx1i/jg0r91Haw/8svNrzHXtVudT1N725n/AHlzL5ktejfs/wDhfVfFevx2OlcXEv7zzZf+WUX/AC1l82v2rFSoYbCycj4R0lGHvnaax4qn/suSe+v5Yo5f+eP/AC1rzPzr69177DP9pkkupv3P7n/W11Pxr8axP4mk0JPKljsJv33H7q6/8i/6qsKHXZ7ea3n0L7NF5XlSXnlWfleVL/0yrjy1zVPnUDnhQpw1Og0fTb/Trv8AsO5gmtpJf+PyGaHyv3v/AE1irqP+El1zwfd29xod9fWNx53+p/5dv9VUfwx1LQvNkvtcnliuIof9daQxR+VL/wA9a6Txh480LxtqlnoV94c02K4l+1R/uryWO1iil/e+V5sssv72K6llqKrniK3s69P3DGlQr83Mj0H4QftxeHprqPSvH975f73y4buWGX/W13/jDw3ofjzQZL7Q762vreKGKT9z+882L/nrXz/ZfCDV9X/1Gl/8SvVP9I020u5opZf+eX+t/wBV5sX/AH9rtPB+keI/g/f28Fvf3MtvLN5f2Sb/AFVfOZlw/So/7Rg/dkd9N15e5M5Px54Eh1O2uND1zSPM/wCeM3k/va8E8WfC/UbL7RqWl2Nz5cV55fm+TLX3HqXhXw78Q/Dkd/4V8qW487y7yLyfL/79V5/r3w9v57C80kW8ltHdQy+d5P7qnlXETi/YYn3ZHPUpVsP78D44m0yzu7K4uZNQ8q4E3lw2vk+Z5tbngy3tZ4rV/wC1bWJxeSx2unzGSSOWX90PNk/5ZxRfvf8AW/8ATKvQ/HfwT8OaDpkdxBNc215LN/z2/dRVyes+D/B0Pg/+1dK8RXMmry3n+maTNZfurW1/5ZS+b5v72X/tlX2dHEUqi5jejioTXIzIs/iDc2ktvo1vfx21nLN/pkVp+78397Xpk37U3xNs/AmoeDr2fSdSs9U8PxaVD53lXEul2v2+K/8AKtvN/wCPSXzf9b5X/PW6/wCmteLQ6PPDdSNcWMUv7n/ltXTW3hfR47BLg39rJJc/6iK1vIv3f+t4k8397F/q/wDyLWs6eHqam6qQpLQtQ6lqusfaL3UIJPL8n999k8391/qv/tVZ97oPnRfbhfSSxy3nlw+dU11qDaSI7G2hk+zy/wCuHneX5v8AyyrautY0dkW4ja+tru1ilkctJEY5LmWX/nl5X7qLyv8ArrSX/Ts8/wBpWqy5jj9R+wzzRwzQfvP9X+5h/wBbUep6DPDFbzweb5d1+7h/c/8ALX/nl/5Fq5rEM95L5EEH2b9z5nkxVY0HQYJZpPPsZPtEs37nya19pSR005ezRT1jwV4h8N2FvPr9hc2P2+z+02cM0Msf2qLzfK/9pS1TtLK4n1n7FMf9Il/55fvfN/e13fiT4O+K/Cui6frninRJLaDU7P7TZn/p1/5ZS/8ATL/7bFWBNouiwzyajBrP7+I9Ipv3tEMVF/AL6xIb/wAIxcQ6v/Z2ueZYm1Plzeckv7r/ANq1YhhY6clra39zHNL+7m83/VxRf9dK7XwlpvhDwzoMfjfxHPpniDzXv9K/4RmG9ltrmKX7J+61DzfK8qWKKWWKX/pr5X/bWo9G8b6OjXtnqdvbQ/2iv76VIIv3Esn+t8uL/wAhf8sv+Wlcyr+0fvHLVniYe8XvD17eeCNLf4naZqltcxnXZbKC08n7NLH+682KWLypf3Uv+t/df8sv3Xm/62Kku/GNj41tfsWkaXYxXEsP76086K2iil/5a+V+9/55VyfiZfC1n4hvJVvr3ULCLn7XdWflSyy/8tf3f72L/npVCbxrosngaTwtNpVtJci9ll/tA/63yvK/dRRf9Mq56uAo1Wqp6uBlRrxtX+Eu+N9X8P2FzBB4Wvp7mC102GSf+0rWKPyrnyx5sUcXmy58qXzYvN/5axYl8qKuf07WYNWt4/D9npvyibzITj/pl+883yovNljrdl8GaZq/gkHwtrjy3jXcUVxpLp+9upZfN/e2sUX+ti/df8tP+esVchqkM+jyRWsU4ikuopF8hZJP9G/eyx+VL/00/d16dXSr7OmZQpRivdOx8N6FY2qSa3Z3snlxQxfY/wDprL/z1/5Zf6qss3ES+IvM123udSi8n/ltN5f+ti/dS12HgW60Ow0i2+InhDxBDYeNNK13S/7B0m7s4rm11KLypfNupJZv3UXlSxRf63/n6/5ZeVXC+L7jyLWCez0i3s7S6ll8iKzvPtH7vzf9VL+9p4eDpfxDmowm6pHe6150Uejw6rL9ntfNMMPnfu4pP+mf+f8AlnWhLqttH4Jm0C18c6l5f9pRXEuktF/oMv7qX/SvM83/AFvMkX+q/wCWv+trzmUzpM8JGZO9WIBcRSRzzL5cda2pTOz2PI/iOnhvP9AknvoIpf8AlnD51Z+oTLPNGLSDt/qqz21m7imjSCENDH88MU0fmCo1vnnj8m3iPl/8tqZEcPUuakN5Yzxf6dB5cn/TKGvrfwV+yL8PPHf/AATF8bfto2Px/wBBsvFfgXxrY6F/wgd0IftOp2Fz5P72P/nrL5sv/PL/AFVpLXxZkxfxf9NK2dPur7VhJZ2MFz5nleZth/eV1UakXKzZVSlYtw2MF5NJBj/pnDWfdw+TL+4g8ryqsXbebZR3tpPFFcW3+ujH7uSsf7XcQiSL/v7XZP2MBU0zqdFs4L+y1TU9U8SpbSWFl9ps4rvzPMv5ftUUXlR/9NPLlkl/7ZVyWr6lNNNJCelLdTDzfO80fvP+ef8AyzpfIspbLG6T7R/yxjrzsRXdSFoHTTVhmlWV3d3EVvawebJLL5cUfvX0L8MvhLBo0sd9PFcyXnk+XN+5rF/Yz+G9r4s8Y3Hiy+hWUaFaeZaD/p6l/dRf9+v9bX0PrV1c+DrGTU7Ox8zyofLhi/5ZV+dZ5xI8Li1hKXxiqU/aI8y8VaxYfZZNDvYLaOSL935M37vyq87/ALHsft9x9g/1fneXXYWPhXVfGGqSQiCSOPzv3000P7rzaz9e+D+u6Df+fBfRfvfK8kf5/wCuVejDFKWD9nV6nlYTDSp4k/Tv4gfCP/ho7/ggv8PrTw0iS3Hg/WLnMEUP+ql/tC/jl/7a/vK+MPgP+x3YabqVvofiLXLm2kuv+Py706byv9b+6/1v/XKWWvsz/gg1+0t4Vvo/EX7CPxj1LbZ+MNOubnwx513/AMv8UXlXUUX/AF1il83/ALda+kJv2StM12+v9G8PSWVl4p8P/wCjmPzvK/7a/wDfqWSWL/rrLX8zZlxjmnBWZYjBVU/Zzk5Ql5N/oz954cy/D4zL+acNYnxn4I/YO8HeJdGkvtWh1vUvNm8yGW7mlkli/wBV5Xm/+Rf+/VfNv7bH7Bt38OILy+s7e9ltfJlk02WaKv3J8PfAmz0fS47DW47CRYvNj3JD5n/fr/v1FXiv7cnw58ESfCPX7fVNRsnki06WQRRTf6r91/8AavKr5LI/FjN1xJGjGTnTkz6L/V2GYUlTjTPi7/g0oi/sz9vnxlpc4lDyfCu4+7/q/wDj/ta8k/4L8abDpv8AwUR8fmD93JLeWsvleT/06Rf8ta+hv+DX7wRd23/BR34j+J7fTsWVn8MrqMSkfu0llv7Dyv8A0VLXk3/BZnwXrPjD9u7x5rsVtc/2fDc/6Zcww/uv+PWXyopJP8/62WWv21YinW45hVv8dNfofE18qqYZ1cP/AC/5s+UfAd7ZQ+C7cG4/d+TL+9h/55f89f8Av7/yyr9Xv+CBn7Gd1o0d7+1N8TfCxj1O9iMegCSL/UWcvleWR+Un/TWLzJP+etfDP/BPv9krVv2oPi1p/hWay8zQ7DyrnUv3PmxS+VF+6i/8hRV+yX7XP7Rvw0/4Je/sK3PjC706P7ba6ZFpfhDRTL5ct/f+V5UQ/wCuUXl+bL/0yir5jxHz7FYnGQ4fyj+LWl7/AJL/AIJhlGWRwNGeIrrf4f1Z8X/8HGf7eXhq5js/2Fvh/wCIo7i/vFjufGbwSf8AHjF5sUsVr/118qLzf+/VfmB8ePgNJ4N8Bjxr4J0vUpvDct3axyXl1cCTyZvKk/dGWIRRH/rr5VcH45+JXjz4zfFTV/in451m51HXdcvJdQ1S/m/1ktzL/rK/XD9kvwP4D+Pn7C1v4Dm0qKSw1K1l86IQ/wCqllir6SGJp+FuR4aFOHOuZe0fm17z/wAjwcThKuc4/wBm/wDt0/EldGv9S1S30/T7WSWWY+XDFF/y1r2vxHr9j+zt8KD8PtNn3+MPEUP/ABOJl/5hdr/zy/66y19T/tCfspfCn/gnz4FvvjD4gsItS1+8ea08L2hm/wBZL/8Aav8AWy/Wvzo17Wtd1/WLvXNcvTNfXM3mTSzf6yU1+pZRmy4tpxxVJWpfm/8AJHlZjln9nP2VT4h9/rsuoQCKO3hzFH+7lll/eRiqceu6obkefe3H+t8yXfKeaZq2lXelzm1v7CS3fyYn2S9vMAkjP4xkVa1W90a4tLGPSdJ+wyW9n5d3KLoyfa5vMz5n/TPjH/fFfX0oqnpE8v2cQn8W3627QWV5cR5PrW9F8Q/7NngutEtnilWaQTXUV5KDLny/9V/zy6VxMLTMfJU/6ypZfJjbEEzvXRzQluVGCPWYPjxreg+I7fxXpOrXP2yWaWSbyR/z1/z/AORa+xPhL8YPgf8AGz4X3mlfE3XI9N1SKzlk/tCaaX97F/rYoovK/wCWvmxS/wDf2vzhEjkLvB4/1deifCP4gL4Im/tVIsyWs3/LWX/Vf6r/AO2Vx4rBQr6wlyl0+VVOZn2l4J8baV4ViuNC+w/afEFref627/1UthLF+9/df9Mv+ev72WXzYv8AVf8ALX0zwHpHg74qzSQX0EUtx5P+p/1Xm18Z2fxS0q7v/t0FxH5l/wCVbTeTN+9l82uw+DPxy0rQb+PSoIPK+yzS+T5X7z91/wCja+G4h4eqTXtqPxlQs6/JU+A+gPjB+yXBrHhfVLe3gjvY/wC0vLmu4f8AVV8n+Kv2evFXhDVJIL7w5LLJL/39r9JP2afHmlfELS/7D8+2/wCfabzbzy4rX/pr/wCRa9g1L9lHwPqUsljrljFH5sMXkzRQxS+b5v8Ay182vl8sz3GZdW9hij3anD2X16HtKcj8ULz4UahPYiafRZvtFzefvf3P73yv/atdRZfDf4j+JPBMPgHwp8Jba2+yzS/2hrUOly3N1deb5Uv+t/e/8+0X+qii/wCWv/TWv1vh/Zj8K6PLHPBYW1zJFD+582GL/nlXefDH4S+HLPUJL7Q/Dlj5fk/vppof3UsX7qLzfK/6619V/rFdfu4nkQyWiqnK6h+Reg/sB/FTV4o559Kvov8AVed/of8An97XH/Ej9nvxH8MZf9O8uW3i/wBTX62fGy8vtBtbjyL+S2jls/LvIYZvK/dS/wDPL97/AJ/7ZV+ef7Y3iqx1iaPSvs/mfZZv3PkzRf6r/P8A7Vr08txuKrHh5hhqOEnZTPl/7HPNrMc/kSyR/wDLaKtTTdB/tK/8i3gltqjvNXsYbDyPIj8z/nlLD/rf+mVaHhvXrGGKT9/5sn/Lbyq9ec6x5vtCxrNn4xFr/ZU+u3Mtva/u/J+2ebF/n97LXmfiSzhs7+Sewnlik87/AFVemalZz69LH9h8rzP+eUM372vN/GHhzyPMnxJHJ/y2h/55V0YaaTsaYaVX2mpmafrMsLPLd6nJ5cX+pz+882pLnVI5eNO1LP8A0y/zFWa8Zk8+KSeP/npFLJ5v73/pl/5EqhDfwxS74YP3naumpFHqeyiekWfhWfUvDkk8959hvLXyv+Jd5Mvm3UX/AD1irj9Qcy3H2f7FHJJF/rpYa9E/Zn/ac8Vfs0eOH+J/hLQdGvb2bSL7ThD4h077ZbRi6tTF5wjP/LSLzPNi/wCuVcXqV3Zajax63Z/Zov33l/2dFeVzUXW9q4zj7hPsrHY6X468W/DD4gtqnw61u+sbiPTJbMS2E3lSxw3NrLDdRDyv9V5sUkv/AH9qt+1x44+F3xR/aC8YfEr4HeC7Xwl4Y8Q+Kr680HwhbeZjR7HzsxRHjH/fv0rb1PwGdO8U6RNYGS5s7uaKSCXUh5fm+X5X+tl82L93+9rifiC0F9eiHStPt7MxAyS7rcRebL5Q83/lnFj96H8uLy/+Wtdvs4VK3tIjw9SnLY4i31LVBCLCG8Ply9Ys13Oiv4Ki+Gl/rF1q9pH4pg1a2Om26/aTKIPJl82XIi8rPmfZ/L/edpf+mVcRdaXPHPIs8P8Ayy8yrNtos0Uf2638uSOKLzJYpafX3zaXsjsvht4A0PxRaar4k8V+MIND07SrCX/TJbOW4jl1D7Lcy21n+65j+0/ZZP3napPj38WLL4t69pur6R8MfDvha30rQLTS47TQbR4xfxW0flx3VzzzcywhPNlxH5pj8zGTXM6r8SPGWr6bqOg6lqsrWWqauuo6jHJyJbqMTfvPr/pMv/fyubih84/LFJvqKkdfckVCPvc0hPMl9/8AvqpYb2UjyMR7K1LDwpqF3Y/bIbK5Mf8Az28r91Wr4R8D+IvEuoJo/hXR57i7mEoihgi/emLysyf+Q/MqPakyrUUcrNd/6v8Acx10OiavYX+s6fD4unuIdLtZQJhaRebJDF5nmSeXHLIPerH/AAiE+q2s+pJrltLdQzZurSSXE3vICf3cnU/8tPMzXLTQ3NndeQadJ8xadKbO/wDjw/wbX4ma9D+z1Lrx8HprF0nhWbxOYft8un+afs32nyv3XneV/rPK/dZxiuBnmmMf70VreE/BXjHx3rMHh3wloN1qV/LJiGG0h8wmvrf9nf8A4JHeMfiZexSfFXx1Y+H7eE5vY4jGfLi9PM6eZ+FYY/OsHl1G9adib0oHxtGJrw+dM+X7Vcm06bPnGDy6/VPw5+yx+wX8CB9n8EeFb7W9Q8njVtRvPM/9pRf9Mv8Av7Xi/wC2No/g74heEZND8K+HLaxuLX/SbPya+Ro8dUMTjFh6VNuP8xFSNS10eefsD6P52l63YQD9559r+687/rrX0h8S/AcGj+CrTUJ4P9IuvN/6Z+V/yyr5f/YV1u40j4sf8I5f3P7u/s/L8qX/AFXm+b/9tlr7z/av8B3PhT4N2euQeV5cUP77/ln/AO0q/KeLMe8BxdRl/wA/Ge7k2DeNpTifEfirxh4b+Ht1cQfu5byL93DD/wAtf9VXon7NH7Nvjj4/yx+I/FX23+z/APVwxRf63/8AdVyv7Jf7MfiH9qn9oa4j1SG4/wCEc0uU6h4hlZM+bFHL+6tf+2svl/uv+un/ADyr9Z/gf8GBLeQeHPD2iR2Wk2Xz3MKRfu54o/8All/01/55Vw+JfiHT4cwMaVKp+9tf/Cv8z9Q4M4Dw1dSxWM+CJ8zwfsNeDbHQbeHwXa6jp3iDTbiK803WrD/j5sbqOWKWLy5f/atdT4jf/gpLF49g8XaFpmp6/OsMVv8AbrfRP3n7v/V+bX334c+FFtoFvGBaeaP+es3/AH6rxL46f8FXv2cfgFqU3grwpcyeMNdsZvLu9M0BPN8r/tp/qv8AyLX88ZZxnxPxXivZ0cN9YXXm1Svbr0XzsfoyjleXq2EieVav4y/4K3eItKt2sfgrZW1zDL5Z85rWOWVJP+en73/c/wC2stcnB+xF/wAFKv2n9Zt9C+L3g2DQrIvFHNdmeL/Vf8tPM8qsLxN/wXb/AGoNU1aSD4bfADw5psX+shi1G7luZP8AyF+6q+//AAXJ/wCCi/lW8ml/s2+E4o4ofLkuxZ3EsUn73/W/6391X3mHyDiegualhKFJ9+Zc0fxaOerneZ4Wly0II/Sf/gnt+wz8Mv2CfBOraf4cgW51XxCkP9sahHH/AKyO2il8r/0bJ/39r4d/4Km/8Ewvip8bPjPF8S/hLpsV5Fqk2zUoZpvK8r97+6l/79f+iq8g0r/gvV/wUA0wxatr37Mmm3Cxn91LG115cnlf63/lrU9p/wAHLM7TXOjfE/4EajYxFgiLZ6nHJJFH/wBtYv8ArnVYfIvEfD4761RUasl2mn+p8fSp4hYmdeu/j+I+2f8AgnT+xJ4D/Y88AXGoeI9Tt4HWziufEGu3M3lRp5X/ALSr8tv+Cv37RXxA/wCCi37aX/CM+B4L23+HfhqT+y/BMPk+XFLb/wDLW/8AL/6ayiT/ALZRRV9u/BX/AIK1fstftJeEbzwTqHxH0+K41LypDpWtQ/ZpP3f/ACy/e/upa7XxV+zt8KviDp2keK/DllpvnyXflxTRf8sv/tvm+XXnZVnuc8J5xWxmcYSXtp7Tl9n0NMTl1DGR9oqm2kYo/Kfxj+wrY+A9AjsTYSfuofMm/wCWlan7CP8AwUa8DfsT+C9W8BfE7wLrOq3Ju5Lizt9MMUfm/wDTL/plX6eftCfs3weJfCv/AAkeh6VLLcaX/o0Mvk/63/PlV+UHxx/Z7hs73VLLVdDO8XktxDN5P72KKv0rh7irLuLKMsNmD54OXez/AOGPg8Vg8Zl+K9tA8V/aK+PvjT9vj4wXviLxvrX9k6yZ/L0bQ7mKT7DYWvBFrHjMnm/9s/3hFeO/Ef4SfEX4T63L4d+IHhe+025WUoEureSPzcAEnn2kj/7+V3ev+A/7H17+yfEVj5n/ADxu/J/1teufs7eN/wBmrw14O8b/AA4/aj8PRX+l+JPCwstA8RTWMtzc+Gr+KX91dW2P3v8A2yi/dS+V+9r+h8ox2AwWDp4bDwtBbJHxeY4upWxTlUfNJnyLrOsXOqXPnXtzI7iKKPM8m8/u4/L/AKcVR8j3rYupY7LSHex1iXfdEx3drj/ll/yzrEMZLeVEc+tfTRqt62MTcGl6fPp6T2evRcSiMWsjfvM4k5/658D/AL+Vu+Ovhhovgfw9oevWnxc8Ka9ca7ZfabnSdAvLmW50Y4jPk3PmwxR+afMx+6klH7uTJFcLBDPL/qhUhs54+fIkoQnsShoZJo4piQn/AC1q3qmmPpbxxx3lvcebFHJmGXzPK9qy/P8AajzT5eKfPSGd5pkx8PXVzpusav5klrZw/Y4LSbzY5ZfNizF/36kl/wC2sdSaR42uIfFMd99o8zyv9dXJadbC7s5JzdxRmIf6nP7yStrxd4X1rwR4gvPD98Y5Li1/4+vJi/d/9cq0/c1aWpm51HofXf7H/wC1RfeCde+3TwW39nxTRR6lD53+q83/AJaxf9Nf3Vfbmm/tsfDLUtHjvoNd8y4/6ZTeV/n/APe1+O/hB9WN3Gbe3li/cy/8ekP/AC1rQ1LxVqsOjRz2N9JFJF+7mhh/5ZS18DmnCWHx2L9pGR2wxOJoUuSx+sk//BQjwB/wlEfhzVZ/M/49f9L87/Wyy/6r/v7Xqnwl/be+BPlfbr7XLKKSL/n782TzZf8ArlF+6/7+/wDPWvwkvPiP4q1TULi91TVLmWWWH/nt5flVp2+veM9KuRcQ+JltUjNt51zFqEfHmfvf+WX4/lW9HhenRjpI4EqnteeR+wn7Zn7Y3wP0fRv7D8D+KpLnULrypIfJ/d3X7qL975v73/lrL/6K/wC2VflP8SvjpdeNvEdxqrJFcebNL2/5615pea5fajJJqGoXNzLJL5sm7zv9XLVdra+uDJLbiSTyofMlzF/yyr3cDgVhaXKc9XBQrVednX3msWM+rWmnWOtxRW895FH9ru7by/KH/PWT/P8AyyqM/EFofEe83UMsUUkkf2y2g8vzYzJL+848v/npXJWmnRzX0dnYy78+XjH/AD1rpfib8IPGnwe1S10H4g6Hc6bcajpGn6tZxXdrJH51rfWEN9bSj/tlcxf9/K9G0UaQwtD4T6F/ZS+LvgS61i40Xxzqmpal4btfCt/Zf2TDDFLL/rftVrFF5v8Aqv8ASvK/e/8AXX/W/wCqluftc/sw+Ifhj8Hfh58Y9d1PTNTg+KPh3+29Mk0m8NybT975X2S5/wCeVzF+6/df9PX7397XyVoOoanpupR6ppc8kcttJ5nnRS9K9VsfEGhTaDpGq+Te3N5Fdyx3kU1n/ovleVF5Xl+VL+9/1Uvm/uv9V5X/AGy5vqFqntYyFVpRpxsjzrWy85VZU/1cP7qT1rG1KzuNPuPInmjP8f7qXeK9X13wlpl3OsHh0+f9p82TyceZJ5WPN8rj/wAi/wDPKuH1bw9tsI9civrV3ku5k+yR/wCsi8oRH/V/88z5nH/XKStPaCwtWm1Y5GrMdzFDNiBcp/00p9zbTxkM8f8ArIvM/wBXTLaJTKPOH7vzeadNyOw+97XwR8OfiTa2fg7SoNSi0+102/ks7vyYvNlli0/zYovK8391a/avN/0r/nl5sv8A0yr5m+LOhXHhDxVL4Xu9OtxcaWn2fV5rQiTEn+qx+6/dn93j97/y15/eV9w/GD4e+Dtf8G3lh4O0qPTZPDl5L/b1pqNn9htdL83915X2bzZZZZfNil8r97/qvKr5K+NXgTWfDXiPW9Cvra9i1uI/ZtStLuH/AEnzYv8AW+b/ANNf9bF/2ylrkyvE+1nKD908OlUhS+E8wk0S4sL2ONWi8u5MXlXV1D+6/wC2nm1vW2seAm0a4sL641HTp7qC/E3kxRTQmLEUlrbRZ5/4+Y8yy9ojx5n/AC01rVPDV78NdXttQF+2qyX1idJ+y6dayW0VtFFN5vmf8tTJ+8H7qPEX/LWXpEa5vSfBg1q4Q20Ceesgjnik/wBZJJ5sv7qPzZf+ecdepOCjUNqc/dvI4zV9E1S0uruz1DS/KuLGbZcQyjy5I6XwzYvHfjzp5Y4/N8ub/rlXpOveArLQ3SbVR9sh1CHzIb7Pl4i83/W/9dP+en/XWun0L4Ef2/8ADTV/iivjHS4v7Kg/fWs2q2vm3cuYv3UcXm+b/qv3v+q/1sUsVcVatCm7yNfrSqw5YFbwZN8NopbexvRfXFndSy/6JLD5flf9+v8AW/8AkKva/BM37PWm/wCnQT/YrzyZf9L+x+XLXy/ZQ6VeX/2Cee5+x/8ALHzf+WVekaRo/g291D7OviuPy/8AsDxeb/3683yv/Iv/AH9rycdRVvaKTPGqYP2lbllOR2Pi3TPh7omsz6F4X0DT5fIH+lTWEP2mKTyv3X+t/wC/dcx4Q/ZW0Dxx4rk1O5ik03T4v9dF/wDG67rw3rHgfwrpcn9lTy3MeqQ+X513N5t1LFF+98r/AK5f9Mv+mVST/Gb/AIRv/Uz/AGbypv3MPnV40sfmUo+yoQ/7eNqkXgPhqcx6p8N9N+Fn7Olr5/w58OW0VxLD/wAfd3+9lrn/AIg/tOaVN/xKoNVuZJP3UkMVp/qoq+e/Hnxsn1iX+yrK+lik8799NFX09/wTn/Yrsfizcx/GT45aH5vhyL/kD6JNN5X9uXX/AE18r979l/8ARtfO57HDZLgZ47M6vM+3/APSybL8VmWI0Mb4deEv2iPjbpkmt/Df4Z6veaZ/q/7QmmitraWX/nlFLL/rf+2VXPGv7G/7Y2maLceI9T+EcUUcS+XDFFq8Xm/9da/XP4M/Ai+1jQoPFN/b22k6Raw+XpsNtZxR/uov+WUX/LKKL/rlXJ/tIeNvgf8ADeW38OX2qy31xdQ+Z5P+t/8ARVfgsfF3G1c19ngMNHk9L6ep+lU+GcOqPK5M/DOO81n4M/FLT/iPp1jqWm6xpesWtzeaTdwy+b/rfN/1vlV+mWlfFr4b/tufswX+h/DvxLHcaqdHi+16XLL/AKTa3X+t8qXzf/RtZPjb9hbVv2ovFEniKD4ZfYreU/6H9rm8qXyv+uVedfEH/gjT8WPgZqFr8SPA/wARtT0CRP3hudNH721/6Zf62v0PG4zK+KaVKtiv3daHwvdE5JhKuX41rl9w94/4JYfA+XwT8MdYuNe037Pfav4j8uaKU/vfKtov3X/kWWX/ADLX6Z/CT4N6doOiQR2+nCP7R+8kir4B/wCCeHwg+Lnw78Qa34m8Zaxfah4ZurO1vdYk1bTfLltbqLyv9Lilil/1UsXm+b/1yir9IvD/AMT9Et9Nie0njdgPMgH/AD1r+c/EnhHOs24jpVZT56Umr8t/I/UcZmdb+zI0cLoup+en/Bdj9s7xf8OtS0b9hr9mzWnt/E/ii0+0eMr+xm8qTTrGX/VRGX/ll5v7yWX/AKZf9da8b/Yy/wCCXej6/wCFI28eiS5lZvMvD+9826/56/8Afr/7bX1X8cv2OLL4rftR+IP2hdS0OX+0LqKO+u8/8tY7a1itY4v/ACFF/mWWvq/9m7wpo1l8NdPGnQRZurbdNNFF/wAtf9VX6PTg+HsDh8py2h7OMtXPrJ/8A46GLjgcBzT96Z83fDH/AIJ7/CLwRLHfaV4HikktZv337nzPNiroPDf7Ivhy7h1CxvvB8VzH53lw+dZ/+Ra+xrTwZbxq8UFj/rTxWjpngiw0xPsVlZfu4v8AXS16NPhbNK2JjUnUlI82txUlDkPz0+If/BP7wrr2mXmlaH4H+zeb/o1ndww+X/y1/wCWv/x2vgz9tH/gmDq3w8u0gn8O/aLM/vYpoh/y18qv351HwHZ3kkczSyf89Bj/AJ615R8bvgj4d8a6f9i1eyiuY7WGX99LD+982vcqZfj8oi6tFtSKwOfUsT+7qH8wHxN/Zs17wV5M76SRHJNL/qG8qX/lr/0y/wCmVepfsZf8FLPi3+yVrNv4T8X61d634UkvPLk0u+z5lrF/z0ik/wDaX/oqv1C+P37FPgfxJp9xok+h+ZH5Plwzf8tbWKLypa+Av2i/2BNT0a8kjh0GO4t/O8ziL97LF/rYovNrvpcQZfmuF+q5vS92X8y/HyPQdCVOp7Sifq1+y3+018F/2kvh5JrHgPxFbataapDLJNL/AMtf+uXlf8sq+a/25P2XodG12TWfDmlyYlP/ACyr8/f2b/iR8W/+CfPxa0/4iaHb3dxoEs3la/pSyS+V5Xm/+jf+eVftzqt14F/aP/Zt0/4oeDNTsr6z1nSIrjT7rzv3Uvm/+1f/AGr+6r8oz3IJcJ4j65lz56M5XT7d0ycTQp1ZpVftH4V/Hn4Y6VZ2ElxBYy/6LN5fk/8ATKvm/wAbQ3+m3cljBbxSx+T/AKn/AFn7qv0I/bB+HsHhu51DSoIJJI7qby4fNm/1v/PL/lr5VfEGoabN4jj8iUSf6BZyxzeTN5UtfvnA2dyx2DpVX7x+XcSZVQwuKtE8ZsPElz4dv7jVPD6R2V0sUltLDNFHKPLki8qT/WfiPxrmIlMsvPl11t34ei0bUHi1vS5ZIBN+++yfu/3VcndRhLySK3Y+WD/y1NfttPEx9lE+TgaOqa/rF+bf7ffy3LWsPlw+bJvMY8wyn/yJI/5mvoP43/8ABRD4hftCfsQ/Cz9h/wAU/CjwbFYfCi+v7rw74rt9KEWrm2uQc2ry8DysyGSTH+uMUMkmTFz8xVpxrpkrRxXVw8X7tzLIRvzJW1PEe0NOQqeV5lLFZzSSoFgk59q6m9n8NN4Z0tdO0maHUIYJU1KUS/u5f3kp8324ljj8v/pj/wBNay1uYYLMW/8AZgzGZBNN/wA9KdWxlzMh02KGa6jsf9V/01mr0iHQZ4dUj0LVtVvotQtYYvsdpd+V+6/5a1wWmaHqmv3QjQSXM/kSSTZl/wCWUUPmn/yHGa6W7gvtK0ePwzoP+k/2hN9phmtLXzPNli/55/8ALWs/aG9L2cZe0PUtI+LXhW7+BP8Awp298AabbXH9pfaZfEMU372XyvN8r95/0y82X/v7/wBcvK8u8a+AtS07SrfxXPq9tsvryX/RPO/0mL/pr5f/ADy/6a1yUOo3ENz5B83zIv8AllV3XNVnjljt/wB1JbyCM/6mtKeEhe/MejiswhXocigU0sj9r/07zfL/ANX+6ravvBuoWOhz+JI5PPsIpoovtZgm8uSWWOXp5sf/AEyl/wC/dYt3qn9oS28EKiPy/wB3iKuw8N+E31jRz4i1PxZo8VpDMLf7JcasDcxfvYv9XF/rD/rf+Wf/ADylrOpU9keG/arVnJXF/q9/YwWFxftJb2Ik8mGWT/V55k8v+dVLMW6zPPeweYldN4q8HPoMvkMZD/z2MX+rrnTDMTJbiCXzP+mVYfWYVGEKjmSxCyuInMWYvKi/5ZS/vJa6qf4WeJdP+GenfGCfSYDoesavfaNpt68u8G/tYrS6lBjzx+6vbbmT92f3v/POuV06xuJp0m8iQA/8tZa6TV9OuLPTrCS5ni+y3SfaIYrS88wxf8spP3fmfuj+7/SKrX7waqckjk59QjEkcsNlHG8Q8uUD/lrXT+F3kXWrWxRD5VxPiVrIeZLKJP8AlmQJY8fx8Zj71ha/os+j3/kQf8tf+etTR6re6ZJcTaS8kcF1ayW8scp8zEX+Y66p1Kap2KlarDQ9T+J3iG7vdEt9LtfHFzfRw2kT6R9qluZftXmS/vYovNj/AHXlS+b+6/6ay0/wt418GeIvAd34a8ceD7iK+kvfM0zxBp/myva/ZrWbyrT7NLLFF5Ut9cxebLJ5vlf8sov+WUvOeB7nRLyd4vE2vXNpZiyltprUL/q7X/WgR/62Q/6T/wAs8DP/AD1i61tXPgu01Sxm1hpZHk+zRf2eLGAxwy3Pm/8APPyv+WsX72L/AMi1x0vc+I5uWlRR5LqlhqD39xA1nL5iTfvIpR+9jrc8E/DzWfFWoyWnh3TZb2e2h8yaO0h8z91/z1rYvl0DQZ7eZ9Ijv5JYYpMxHy/Kl/55fuv+2deo/s9fDuHxLcjSbfzbaGQfaNZuvO8vFpFF5svleb/0yj82L/tlRi8THDUTPEYtU6HMj0r4J/tI2N5Lb+I77XJY/ElhDLJef89ZYpYvKl/0nypfKl/dRSxS+V/rZZZZZf8AVV2HiT4J6V8ZfBFnqvgiCP7HF5Uf+iXkssV1LF+6lupf+WsXm+VLFFF/rf8AVf8APWvivwHearZa1HBpX7qTzvL/AHsPmRReb+6/e19kfs9Wdv8ABm/uJ9VnudN+36P9ms5ZfKtpbqKXypYv3Xm+bL5sX73/AFv73zbX/llL+9481pfVPfov3i6mAq1KPPDY8q8b/Avxw+s6ZZb2hjuoP9Dln/dxS+V+9l8z/pl+9rqfHP7Mtxofw9s/H+haZexXksP+hwxWUsfm+V/x/wD73/nray/62L/Vfva9c+J3jbw54wl+wz2P224lvIpJtW1Cb91dS+V5X73/AJayxeV5v7qL/llXP/Frx54j+yXGleHLG5+z3/latD9rhiludUlsJdQltbr97FFLL/rfKlii/wBbLFLLL5vlfuscNiMTiacb6SMI4KVP36k/dPk+98ST2ep2fhXxGPtOn6X5scMP+s8rzZfNl8qof7D8N32m6lqfh3xNMt3FeRf2bp/9nyx+bFL5sUv7z/pl+7/8i03xtLY3mvSf2Hpf2mzvv3ln/wBMq9I+AvwhuLjUrOTyY47j/V2cUR/e3Uv/AEy/7a/+0q761SlSj+8I5qKn7ph+FvgD4j1i18+exuYpJf3c0U0P+qq5rH7OviPR7WPyJ5I/Nm/cyy/u/N/7a19VwePPB/g+1/4o63823+xy+Td3f7vzf+vmKXzf3v8Arf3Xmy/upYq8Y+OPx+OvaXJ4bt7Hy7O1m/0OWWb/AI9YvN/1UX/TL97XzEcfjK+L9nGGh6ChSpUOeW552fsPhXRvIvr6W51CX/ll53/Hr/rfNrg/FXja+nl8if8AeyVZ17XtDNr50Il+0S/89Zv3dYegaPqnizX7bw3oUP2i8uP/ACF/+6/1tfSclPC4f2lQ8nDUni695RPS/wBi34Bt8c/iVHN4ispbnQ9L/wBJ1L/p6/55Wv8A21lr9rf2Qvhrp9jc6f4i8XeHba20ywg/0O0uofL/AHUXlf8A73/trXxl/wAE9PhV4f8ACtp9vsbaOTT9M8qO383/AJerr/pr/wA8pf3vm19OeN/2i7/TbS80Pw59pkkls/Lmu/8Alr5UX+f+/tfyR4qZ7js+zNYGh/Difq+R4fD4DC3+2z1j9t79thfh7pGn+APBPl3OuazZ/wCh+TD+6i/e/uv3X/LWqH7Bn7FuqanPJ8W/jDqsuq+JLr/Sbu7u/wB75X/TKL/plXjXwY8Hz/Gb9qCz+I/jKxllj8L6Pa2UMX/PKWX/AFXlRf8AbK5/7+1+onwMHhvRfC8emweHraKO1/eed53mf+jYq14e4cweTZWqlvfl8R6FDG1akp8hb8HfAXQNBnkmW0/eWs3+piPl+V/qpYqz/ju3gKz8J/YfFYtpP3P7mW7hqL9pj9sD4Zfs9fDm58X+ItVt7a1ghlkmkmh8v/trX4i/tif8FMv2gv21PFNxD8OdQ/4Q7wV5/wBmtNT1M/6Tff8AXP8A+NV9Xh8pWMlzLb8v+CTLHRwMfa1j9TPCvxC+HOj+HP8AinL6KW3uvNtvKi/e/wDPL/47Wx8JfB8Fn4j8+DzJI4ryWOGGX/lrF+6/6a/5/dV+XX7Nn7a2l/CPwJpfhj4kfEa21IWU/lyzS6bLJc+V/wA9Zf8Apr/2yr9VP2N9Zg8X6bB4k83McsMUlnL5Pl+b+6r0J0MOoqH8osk4jWY1KkF0PoHwr4DspopL64sf3ksPl/67zaZ8DfA0XhPxBqnhKSHEMcv2i05/5ZyV6h4W0a3ttItjOpzjJkavM/ib8TfCPw7+Mfh7QNU1+C0vPE0UtnplpN/y9eUPNk/8hVGKoYSdSlWqfYZP1+vi6lSlT6/oev2Whgw9Os1WJrOo9IvBd2uIlo1jUzZWknnjzK+2wVfC1KHNTgfK1fbe2M/UpoIR/wAs65XXHsrqTyJf9XHDiaty4nku9Na8RJY3jh/dxV5v431PVrrzLHTYvLuJJv8Alt/zyr5/PsR9Xpc9j3spoOrU3OX+JXw70XW724tre4PmSzRSmKL/ALa18+/HL9nWxmuo7+4sf9VZ+X5tfSPgXQtVguGttQ8Qx3snb95Wn438K6bNoskWqHzP+XiTyoa+Er1cLm2GnGceQ+4wuOWErwpy94/J/wDaQ/Zi0PU/CeoadPpY8z7H9o8qaHzP+Wv/ACzrO/4JffHO8/Z9+KN3+xX4x1qT/hGvFcMtx4WMx82LTr+X/WxSf9df3v8A218qvtH41fDK2uJHs7ayzcRfvf3U3+q/zLX52/tZeBdT8N6v/wAJX4YvZLa/0Gb7Rp13/wAtYpYpfN/9GxV8Rl+MjiJ1ctrTvT/J9H/Xme3j6UK9L2tMxv8AgpZ4lhk8eahZW8EfM0Uk03/LL/VV8NeELOHUvEeuXwg/0e6vJfscP/TLza9x/bm+Ld78TBaeP7KARHxNH9o8mCb93ayy/wDLL/yL/wCQq82+HsOh6Df/ANq6rffZo/8Alj/9t8qv2XgvLnlOWKEl73+R+Y51L63j4Q7nF+NvB9ho+qW9u0EX2eX/AI/PJ/8ARteefGj4Z+G9D8Kaf4i0tJY57vzZEx/q8V6/8TfEGk+Kpo49D83y/wDV+dNXQal8PdL8beErPwrqhuYpJfK8nyYfN8qX/trX3GCzWtRxEPafaPKzvJ4YCmqkT4fn7VGCR0Nd18WPh+nw+8Ual4Wg1Q3Umn6nNZz/ALny8eXxGf8A0Z/36rihCPLfP36++jPmheB8zTd0aui2Av8A7TM8QEFtavM52SbAAOO/GZDHH/20FZv2z/lj/wAs6vDR5Rof9uGWy8r7X5Aj+2ReZ0znys+Zs7eZ07dayaFsBsDWri0R9Js7uT7JKYvtcPm/u5vLrrvB/iLw9f2tzB4i8NyXV2yiSCb+2I7aIRxRSHyv3sUkv73kfupI/wCtcLp9jearcx2FjZySyyHEUUMeXkr0747fswftFfss6jpnhz9ov4MeI/Bl5runR3mnWXiXRJbN5rZyQkv70evmD2wfw6aUVMUzjNRvJLxxqaW8v2eOXZL50sUn7yotSnsNQ1Hy9O0y3tvSKKbzI4v+/taeheIfDmkajb3mq+HZXktrS7EV1p2r/Z5BN5X+jS+xilxL/wBNa5q8vTN/qII4o/8AplVe0IJY9RmhuhDNMd8c3+uire1KXULO6g8aT6Nb2Ntqc8lxYwwDy4sRyH/Vx/8APLzccf8ATI1yUUUxZx5ZzGhyPSvRPG/iSbUfhX4M0CfxNe30mkx34h02czG2sYZJfMHleZ+7EsknmmTy+OIv+Wvm06fK1+8NB/hj4i6jba1JrUltHcpdTfvvO/7+16XpGh/CzWbuQz6XLonm/wCuu7Q/6qvniCWe1uJLct5nua9F8MX0CWsdvHazSRxReZ5pm8zyov8Arl5X/kWvLzDL1Nc9J8sgpTo06t6h29r4K8HxWsnw+g1y5Fnqk32mGaaHy/8Anr5Xm/8AXLzZf+/tcl4m8Da7oun/ANlta2dzHFeeYk8kPl/uv+mUv/PKtjw3MYdU8nVbGLzP3X72b/nlXrmpTf8ACbWFvoeuTxW0lr5X2O7mh/1X/XWvL+tYrCuKfvG2LhhaqvSPny3tYrrR/P1rTJbiSL93DF/11rPuNI0KWa6istZcxqd+nTahD5eYov8AP+qr2PUvBPhTXtGuILfVf7O1iKaLyYYof3Uv+t83/P8Ara4fw34Sk1if7ZYWsf2yKaL995P73zf+/tepDE05K54dKpKJh2emz6lL/bc86f67y5pZYf8AP/PKWvU9K174i+J9Evtb1HQ7m90/S9Ni0lteW8urg2Nr9llsIoov3v8Aqv8AnrF/zy/df6r91XffAv4FyeMJY/DGpWctlJql3ENSu7yz8v8Aey/uvNlll/56/vf+/v8A11r6r8If8E2v2efAeqR+ONU+JsdjJFD9thi0nWPK8r915sUv/kLzf/jVeRis7oYb3Jm8MHWru8T4o8G/BC/8YXenzNpttbR3UPmeVD/qrX97L/y1/wCWX+qjlr0f/hW/hbwFFear/o1tJ9jltpruX97/AMsvK8ryv8y19MfEL4PeAPhXYR6H4HvpNS0v7H/nzf8AnrL+9rxP4waDrnjDQY9KgnlivLWGWyh/5+vK/wCeVeVh83o46sdUuHcTKjzuRb/4JVf8E8rD9o34/RarrNxB/wAIvdWct7qMCReZL9gi/wCeX/TWWX91F/21l/5ZebXmH7XUI+FfjLxJ8MrEW1tH/b0tlZ6ddw/aZbCKLyvKiil/5ZeVF5X7r/p6lqv8Nv2pPidoXjaM+HPGOpaBJf8A+ja9D/aUVlbSxfuov+WUUUX+t/8Aavm11nx18B6f8VPiFb/Ebwvo/wBi03VJv7RhtLTzfKi/e+VcxReb/wAtf+WvlReb5X7r/W/va97E1J/Xb1Je6fT5lWwmHyvkoniejeM/GMfiHR5da1SOOSS8/wBE1G7m8uL/AJaxSy+b/wB/f9b/ANNa7r4vWV38QvCV34q8PapJLHpcthoum6JNDF9ultZbWKXzfKi/dRWv2qSX/VS+b5t3+982XzZZc3xh4D1CDxP9ut/AEurR2vleTaed5UUUv/LKLyq+hP2b/gbqum6Nca5rniO50nT4oftMNpaebLF5vlf62KKKXzYv9b5XmxS/6qWnXzLD4Ol7Q/O/rFfE+6eN/D74S2F4bfVfEcEf2i68qOGHyfKi83/lrLLLL+9i/e/62us1jTdDGjRzwQXNtrFrN+51CKbyopbX/nl/01/56/8AbX/plXsmsfCW+mhuL6fW7aO3/tL7FDqMt5FbWt1L5v8Aqv8AW/62LzfKlii82vK9e8YaH4Vtbew0qeS51C6/1PlfuvK/z5VfPf2tWx9X91E6o4OOGtVnI4PX5r6HRrjUJ7eX/lr/AK7yv3sUX7r91/21/dV87+O9cn1/Vrie3n8uOvRPj38Tte1zW5F1Ge2jt7Wz8uGHTvK/e+b/AKrzfK/5a14nrHjDzovKEEf/AH5r6/LKVT6v7SpAmU6uJneJci1PS/Pxe6VFK/8A0x82Pza9Z/Z38KabounL4l1sN9u1gfKph/1Vj/8AbZf/ACFF/wBNa8Y8F6Nf+MfE+n+Grdf31/eRRCb/AJ5eZL/ra93GpwQeN7yy0qD/AEOw/wBGh/6ZRRReVFXhcSYqq8L7Gmejh/3NaJ9p/AHWIL21+w654ii02zl82SaWX975X/XL/wBFV6hrH7Zvg74Z38mh/CTSbHzLrzfOlu5v3ssXm/8Af3/yLXxv8PpvEXjXxBH4O8OX0ttb/wDMS1aGb975v/PKKvon4b/sv2mseN7fTfhnpF9c+XNa2U0sfm3Mst//ANNP+/sf/wBqr8CxmUZbgsb9bxs/l/mfWYenj8yhyUvd8z1v9lz4tT/D2W8gsbG5+2ap+8ml86WTzf8Atr/5Fr6o0H4/T+FbCO+1W+/dy+VJ50U0teR+CfhB4G8E/D7T/P8A7S+0XUMV7513+7/1ssvlf+Qov/ItYfirXoLKK80Pz7LzJYfs0MV3NFFF/qv9b/0y/df/ABr/AJa17CxOFxOBdSkvc/yPby+hVwcuSXvHif8AwUW/amb9pyeTw/aaZfSaR4XvLW28qGaXytZll82Xypf+WX7qWKL/AMi15v8ACr9lLxx8QtPj13Vbe5trOWby/smnQ/8AkKWX/wBpV65D8JfCtnrPhvwP9hluY4ryXVoZrubzfN83/lr/ANNfN/56/wDTKvtDwr4bsYfC8djBYxxeVpvmQxRQ/wDTKXyq+VzzjVZDCnRowvKfc8KvlGP4gxlSlGXLCJ8j/An9mzQfH/jK3+BNn4XAj/s2W41K08n/AFVr+9illr9Xv2YPhrBpsGn2umWUcVlp1nFDb/uv+WUVeN/sK/A2W0bWPinr+h/ZtY8WP5ssX/LW1sPN/wBFtf8A2r/21r7d8G+H9O8J+H/LBj8z/ltNF/y1r18trYrNpQq1Pdiejg8pw3C2DnRh79We7NjULuDS9JecnYEXLDNfmqnxrtP23/8AgrLZ23gt45vBHwI026t73U4v3kd7rt9F5Xkx/wDXKKOX/v1L/wBMq6X/AILLf8FJ4/gB8I9U+E3wv8VR2Xi/UrER6jrXnYi8O2Evmp9qkk/56y+VJ5UX+t/5a/8ALKvz3/ZR/wCCvf7Dn7BPwxfwl8OtR1bxPqcs8Ums6tZ6fHHFJLz5skf2qWKWX/WV7VbCYnEe9RpSqW0Vvxfb0PXyrDUsJhpVq75Zy29Op/QL4PJurIQfaRGYz8kf/TKtNtNtlcxTNnNflr+yZ/wXx+EXx68Na34q8P8AhDU1Xw3PbR6vE1vFIYY7mYiOX/W/6r90R/37r7/8MftFeD/GuiwXXh69kjuxD++tr393La/9dI69vC4ytgMF+9p8jh/MeHissxE66lSd4yPSb2zghi8+eavIfjlq1l4P8Hap43azM39l2cs32T/nr+6/1UdZ2m/Hu71Lxdd+HNUlSK4T97DF5vySxf6vzY64z4/fECLXL7wv8LzP5b+JvEltbzQxTf62L/Wy14GYcR4LN8NyUlaX6nqYHLMXgvfqHwfY/sgf8FLH0qz/AGhLb9sPXbbWNU/4mOpaRtupLbS5Zf3v2WO2+1eV5UX+qrQ1H/gpp+29+x7EbP8Ab6+A0viTw9DB5Z8a+ALP91H/AKr/AI/raX/Vf9df3VfqRH8PLR9H86Gyikt5f9dF/rI5K8q+Jnw18PeKNH1jwtLZQ+XqmnSxm0uoMxJ/z1/6Z1x1cuqww3tMRT5qb30s/k1+WqPZw2Mw2KrWfQ8Q+Cv7RHwP/bj+G83in4B/EDTtVYdVYeV9ll/6axf62L/VV8zftmfD06bDJBNBL9ouv+XSWH/0b/01/wDttfHnxz8I+Mv+CQ37fnh74qfBhrmy8K+KbzZeaL50nleV5sX2m1/8ixSxf88q+7v26df0LxJ8NZPibpU/mx3UMVx+6m/df8sv3v8A21/z/ra+Bzbh3B5NmVDEYVuVOs7x7+cX6Hqf2jOFOpTPyl8W+HdI1jxHafDea5jI0maXMUX/AEylli/9pVm+MfAhNtLZWIi/df6n/P8A2yri/BHxGs7/APaa8RXpn8q3/ta6tofOn/6a/wDx3/0bX0xpvwxvvFVh/atjB/ocsPmeb/21ir9hxdapkcITqdY/8OfC4WX1zMbHz/oPw8uJ7uOCe3rrPHq2Xgmy0/WtWt45LP7ZFJNNNN5UXlRfva94l+DMGgaXHcf62T/lt+58uvlv/gpD4ottC8HaR4b07Ubb7ZqSyx3tpDLmSKKLyv3v/bX/ANpS1zZFmGK4gzimqa/do9HPUqeEtUPlv4vfE5/if8RfFfjKDTUtLbxH4iutTitZV8yW1EsssscXme3mEVx0UMJZ1llX7nH1pkkRB5NaUGj3K6HN4jS9tAkFzHCbc3H7yTf5hGE7p+7OfqPWv3mNB06fKfnxf8R+I7DWiG03wtp+lxixs42t9Nlm8t5IbaOKWf8AfSyHzJtnmy4OPNlk8sRx4iHNU6ONs8LTpR5ZwKr2b9mB1/wo8deJPhT8Q/D/AMUfBFyLfWvDmvW2paPcSWazeXdW0olj/dSfu5P3gjPl817H/wAFGv8Agpl+0Z/wU4+K+kfFz9o19Ei1Hw94fj0jTrXw9YGztkiSSWWSQxmST97JLIXJzjoAMCvnWzs5LydATH+8fjzJAldr4u8OeAdF0vQB4L8YS+IZ9Q8OxXmuRJpk1vHpd/5k3mWf73/XeXFHETNjyv8AWY3+XV0iHucN/wAtf3EFT3GoXeoXf2u6lluJ5D+8M0nmGStW6GiQ6DbzWN9c/wBoS/u7yGliv7W18NT6fDp8hu55cXVyLk7DbcFIxF2HmfOSc5Pl48vB8zVwijNSuYccluZU86L93/y0EVd/rXxx1rV/2etN/Z5uND0U6Zo3i6+1+z1b+zf+JmJbq1tLWW1+05/49vLsopPK/wCemTXCeTc3RckY/e/vf3lVGjZH2Gpdyy7LezXECPLs/d/J5g/1ldP4RvY7YSOTbSvGcfZbmX/ln/z05/dyVzOm2NveP9nkvUik3fu/OP7s1JZ2moRNvbzUTPl5ip9PfMqtOM6Z7Z4Gmg1G42wWEfmed5Vn++/deb/0y/e/+1fKr0iDWbH7Vp9ufLjjls5fJl/zF5sv7391/wDaq82+DSfCy0kvbDxDr/lW99pslvFeRQyHysS+Z/x7+bF5o/d/8tZfT91Xc2I0rXr+40Pwdrn2mPzvMh1G7h8qW6/66xRS189icTTpVP3kDxp/WFU9nTJJ9NOjy/vv+e0scM3nf8tYoovN8ryv+WX73/trWfpsFho+qyXFhpP7uLyo5oYZvK8r/rr/AM8q9M+EnwH+LfiSwkggt9NuY5f9C82b97LFF+9/1X/f2Wu8039iHxxqVreatocFtL5Vn9pmhtLzzfKii8r/AFv/ADy/1v8Ay1rx8TnOX0vd5vxOihgMx+Kxn/Df4tWNnpeof2V4OsftF/o8UflXcMUkX/PLzf8Arr/8drQs/iFrl5DZ6Hfa9e3Mn/HtDaSzfuv+/Vc/efD2fwHpcdxqmlavLJdQ+ZDqPk+ZF5X/ACyl8r/ll/8Aba8/1H4nW+j3ck+mNbXPleb9jtJv3f8A5Cl/dV4mIw9LHLmpvmPdwGYVqD9nyH1ppvjeDypP+J5bW3lXlrHN5Wpeb9ll83/yL5v/AC1/65UeFfjx8HbzVP7K8caHbWN5Yf8AH5532WOX/rrFLF/qpf8AtlXz/wDDDxhqupaXH4c/4SO2is/tksn+u+0+b/z1lli83/llF+6/1UXm1c8VaD4bvWuL6D7Ne/ZbPzIbTTrPyopZYv3vlS/8tYoov/jteXgMEsHVnzyO/HLG4qjFKLXn/wAMeT/si2eq/wDCUXniqCa58v7H/pn2SaWP/W/uovK8r/v7/wB/a+6P2LPhjb+PfG/iTVfEeuW19HoNnLbWerXepfabb/Rf+eVzF5v7r/nl+6/e/uq+EPhB470LwV4QuNI0VZ5bi/lzDqMMcX+gfupbW6lij/5ayxRS/uvN8qL/AFsv/PLyvt/9l2zsfDfw5vL6x8f6b4b82Hy/3MMvlf63915svm+bL5v+t8r97/qv+mVfYZ5TqOsuRiwjp4urChJGp4w0fwPpuqXHg7wd4G02LWJZormzu/J8qWwtfNll/wBJl/65eV/36rQ+PE1j8MdLs7GDxje/2p+9+2ad+6+yy/uovK8r/pr/AK3za8Lsvi1BoPje41afXJY/st55dnNFN9p+1S/6rzf3v+ti8r/v7/6N4fxh8W5/GF/HpWh6rJex/wCr+1/bPNlitf8AplF/y1/56/uq4KmGljacYv7J7eN4eweW/vZ6X+ydZ8T/AI/WNno0ng2CCL+z7qaK5m0maaX7N5sX/LXypf8Alr/36r5n+NXxHnvZbi++0ReZLD/x6RQ+b+9l/dV0kOm6tr1/cX2qz+V5UMvnTeT/AK2X/nl/39rz/wAVeEotOXULSfUI91rD/pmoQzfvbr/lr5Xm17GW4TCYXY+HxE6OIxHuR0OP1+8Njo899rl1Zx3t5ZeWlpar5nmH91L5snP7qSvPLm8PnZAj/Ku/k+G+q6xoX/CVQT3MtnLefZobuWH915tcVqmkTWepSW84EbxTYl/55ivtlWo1sPGFIzoKkqlj079jzSYtX+M1pLcgeTbabdT58vofKlii/wDIskdavhfxBO2q6hJbw5kuzLJ/rf8AVVi/soa5beHPjJp05bEd1Dc2X73/AJ6+V+6/8i+VWpeaC+hfFb+xYfL8uWaL7J5v/LX/AJ5V8FnEXDEzi9+U3wi5sbr5H6Kaz+z/AKH8AdE8B2mlGKT7V4VtbnUpf+WX2qW6li/e/wDLWX/VS/6rzf8A0VX17+y5qeneGvgFbsp+zS3UMtxNdxTfvYpZfNlll/z+6r4m+JPxisvHP7NNt498N6/HdXvhXypJJV8391bfuv8Anr5X+qlljlr6o8KaZ4i8N/BW4sreDy8Wcsfk/wDPL91F5sX/AF1ii83/AL9V/NfGVDG5hTg63u+/y/d/wGftGUrCUqPLD+U2PB/xt0P/AIXFb6FffvZP7HupPJhm/dRRebL/AN+v+Wvlf9cpf+mVSfEn4VX2pS3nj8XPl/2pN+5tIf8Anl/rf8/9cq+Y/wBm/UNc8bftH+I9YnuTstdL0uOH99LJ5Xm/b5f9V/1yir7oms7Gb4aXk99Bc+Za/wDLWH955UVfVZbl8sNVWGg7x5I/5nRSwkKi9ofC8uvar8Pf2h4572C2l0+WGK286L/ll+9/66/582v0b+EOs6V8RtT8P+F4Jo/s8n728hl/55f/AL2WKvhj9pr4fQWV5Z+Jbe9tpdP1maK2vPJvIopbD97+6l8r/nr/ANMv9bXqX/BPb4u2afHnUdO1m4lk1PRswwxSvL5flS+V5X/or/Vf/HYq+T4pymGIxccTNaUjycJP6jj5w/nP1j+HvhPS/CGlRz3F19ok/wCWeY68h/4KVft8eAP2H/gYfFet3n2zX9al+xeGPD9ofMudTuf+eUcf/furPw5+Jl7468eaf4Z02dxGbT7YJfO8z91F/wDvK/nq/wCC6n7c+t/tKftrfEjR9P8AFVzLovguQ+EfBdp9lEkflRS/6dd+b/z1llik/e94q+64NoviP3aa5aa0v3tvb7zyc6UsJW9pP3pb/wCR82/tv/tdfE/9o34t67L4w8WRXlpbapIEbTrzzba6kizF9qEg/wBb5nznzO/mV8/tcSbwd+DimE7m+7n3zTTw5DL+tfu2EwNHB0I04RtGOh8hicdicTPmlK7LEWoXEJzFK49ga+mf2K/+Cnn7R/7GviOz1PwD451CSxilAn0i6vjJbSxf88zGa+YWKnCsuDQhbfgnHNZ47LMNj8O6VaClFmuDzDFYWqpRkf1Cfsv/ALXHhH9v/wDZ2s/il4DAOqaFqEcjRAhJLaT/AJaRAjiOTyu4qX4d/FjxHq//AAUH8A+H/iCgVNL0e/vbOFpopPN8u18r/wBq/wDkKvzv/wCDWzWPF918SfiL8O2gupdHv9Btb85udkX2m2kkiH/kO5J/7Z17p+3T8YJvgp/wUK+EXxE0+b7NYX1pdadeeVN+6li82Kv5Yr5L/YXGtfBUJ80EnOPl7t+U/UsFmH9oYSNOtDl5v1P3ItPGunav4YE6QxfaJV/dRS/89f8AV14n4/1i20bVm1GGBoI5Z5ZG/wC2X7r/AJZf9c6wfg58SDq+iWWoXt75sZ8q4i/6ZS15b/wUQ+Ouo/DTwLbzeANGk1jWbr93HaR28sv2W1/7Zfvf9b/6K/6ZV9lh+LKWc5RKhU9ycOhw4DJZYDMbbwkfGv8AwXb8K6B468KaP4q0u0R7yHXopF/7+xRS/wDo2t7xtrN94w/YKuLK9Efl2H2WOab/AK5SxV5DY65p3x/+KekfCTxLrP27XNG+F/izVfF2nfZ/KlttZurWKK1i/dfupfKluYpf+2Xm/wDLWKu2+B3jCy+LP7MPxI8G6YIv9A/02z/0OKL915Xmxfvf+2VfMZ/RqqeEjL7ElJ+jf62POzbG06OLlSpn4u/CyG4j8cNfTz9bjzJq+2/2d/Hkfgr4T6x4JFlLe+bexXukN9s8vyv3XleV/wBcv+uVfNel/CLXvCnxAOk6jpVzFu8qSzhm/wCWsX/LKvZ/B955EUYnMsUkX/PH/WxV+w59QjmeBg4R0sj4qhmFTCY1T7HeeMPiF8TfiFo32GxvrbSbzyZf3U0Mvm/88q+X/iF+zT8RrK/vNV1zw1c6lJL/AK6bzpZfN/66y19keA/Emu2fH+jX1v8A8tv+eUX/AGy/5ZV6hoNpD4wEf27XNNto/J8r/pr5VfI5Vn+M4Ur8kaKUX/W57+Jw8M0p83tHI/Ijxj8LmivPtWoaLdabLL/y6/Y/Liirk9T8P2lolvD5MscmfLl/6aV+1fxO+CXw6vdLksdCt5bmz/ex/a5f+Wv+fN/8hV8X/H79iG3s5bi+8OQSxSS3nmeV5P7r/wC1V+hZd4hYHF1/ZVpL5O54lXJcRBcx8c+DIvCmj6hcXfivwzeX8UunTRWsQvfs/lyywyxRSn91z5cpjl/7ZVk63pmjW+pm30PUBcxbYv3u2T/nn+9/WvWNX+EvjHQLqSDVdDuZY4v9d+5qv4C+DJ1LVc6r4cl8vyZc+d+68r/pr/2yr7anj8uqw9pCp+J48/bUpWZ53qEHhA6DFqOkNqMd/wD2hKjWU/lyxLa+VCI5PNGD5nmeb/yz6eXzWR4f3rfedNBGY/7ksPmV9F/Gb4N+HNR1rUPGPh3wpFpOnS+bezadp837qw82WXyoo4pf+eUXlf8ALWX/AKay15nqXwys7uCTUtK1aOWTyf8AU/62WX/v1XVhsThqzvFmLrST5DY8B/BnwB4ptIx4j8V/2bced+5hhmtZf/RssVaWp/s1eEbjxldeHfC3iXMEFn+6vLy7ili82L93L5ktp5sQi/7a1W+G/wAG/H3iZryx0LTpftFqPtE13+9821i/65ebXo/g74M+OPCtr/wnH/CHXNz5sMvk/wBo/wDLWX97FLL5v/PXzayqU/f5ozudOGwGKrv3Df1T/gn1pPw08PeG2+I/jWw0uXxPZf2jrGki083WNGtfK82KKWx/5ZS3UUkXleb5Xleb+9/5618o/Em08N2Xi69svB8ZGnxXkscHmTeZ+78zj95XqfjaGf8Asu48RnTPL0+Kby4fKvPs3/kKXzfN/wBbXjOrW0wufPnX5Jf9Ua7cPh3ThzzlzM0xD9m/ZuJnXcFxamMt/wBsq9V+Df7QX/CuLfxLZ+Ivh7o3i4694K1PRrOHxEZXisJLryv+JgI4z+9uYhH+6z/qpYopf+WVcH4smtrxbTVIYpEWS2SKU+UfLMkeAOskn/LLy/8ACqdg2m2V+k7pNNGh/erHJHF+Un7z+VTUvKoc/LCUdSSKfUZZpLe1m48nr/z1rtvh94j1TQLqPVJdDNtJYf66WKH/ANG/88q4U3k1vqscrzmSTMfkyS/vP3dd9o3jexEMcF5BJHH/AKuHyv8AVV4+ZwcqfKocxthlCFTnsfZn7K/x3M//ADHJIpP+W0M03mxXUVe+TeLNJ82SczxRSSzRSf6XX5p/DHx3Y2evR2M995fmzeZDN50tfZHwT0e+8SaDH5H72P8A5Y/vv9b/AM9f+WX/ACy/+NV8DiuHJut7Z/CfcYLMsu9n7OpD4j0Dxh48g1i68jxVpUdzH5MUf2v/AJaxeV+6/wDaVfPfxm+AOn69/wATbSp5PL87/W2k3+q/6616h4qvP+Eal+wz2Pl/9NfO/dV5n4l+KlhBLJpU9vFFHL/roa9HLstxEPg0PKzWpk2H1oy948n8aab8RfhzoUfhTyZL6zlhl8kzDypZf+evlVqn42eKZfhXb6evh+KPydSupdSuJYZfNuov3X7qWLzfK8qL/pl5VbevaxPqU0k8EH2n7VD/AK7/AFkVaHhrSPCsN1carrt99mkis/3M1peeXLF+6r2oZbUqz5ZwRxU+IsBhaN6t5fd+hl/A34S+I9S+KF5YfCS+k1v+y7yKSzmih8uWX/tl/n/VV9Aax4k0PR/gZ5Hj/XJP7cv7y6k0eG71KWS5urWX91FF/rfK8ryvN/1v/LKX/prXJ/8ABMjwGPiD8UPD+lQarHHZ+dL5Ok+d5f2/zYvKlill/wCuVeif8FDP2dv+Ec8bXkF7cyeYdSv5dHnu7zyvKi+1fvYpZf8AplL5v72vFzXH0lmMKB9hlmVYPAYCOKlvc8H8VeMPDepaXHAbGL/XeXqWozfvfN/65Rf9Mv8A2rWH/wAK9+2eLY59K8Rx3Nn5MX+lxebJF/1y/e+V+9/7ZVy8+pWOm69H4V1yb95YTeVNDdw/6r/yLWx43+LR03RvI0P95/z2l/7Zf9Mq9R0pQwlqf2mfHZ7m1fMMytL4dj1CHwf4AmtfsOq+I7b/AFP76Gb91FF/9qrg/ir8Pfh1DayQ6fcRSRy/88ZvM/8ARted6P4w1XXpZL6+vvK83/U/vpa9Y+GPiTw54V/4ms+hS3tx5PmWcv8Ay1i/8i/6r/W1m8FWw9H2kby8j5yo6eHq2UvdJPEvjfxJ4w+C3gv4O6UNNt9L8G2d/wDY4tPhiilv5bqWKWW6uf8Apr/qov8ArlFF/wBNfN+WPiP4FI8QXlxb3GI4ZvL/AHte1/Gz4qf8JVf+Rofhu2j8r/U/uf3v/bWX/lrXgfjPxHrlnP8AYbmCWP183/lrXr5S68VySXL1HL2dT3qTKPhfUtX8PazZ6npbFJ4buKWGTH/LWKX93Xs/jvTofF+lR+L9Dn/eWsP2n9z/AM8q8m8OaXY6hFcanrd8YXjh8yHy4fM82WvYPgR5/wDwiV54k8VC5ubP9753m/8ALX/Pm0s8owpOFWXUx9o/be0h9k6v4eftYS/AfWbP4ifDPwNPqSRad5eu6b4hEUlj9q/1X7ryoov+eX/PL/lrLF/01l+i/Dn/AAUA8Z+PvAui638DbmS51HT9BtbfV/DVxFm6+02vH2ryv+Wscv8AqvNj9vN/emvnX4EXsHhDx59p8KwSavpd1Zy6dqWnzf6q6tf+eX/kL/yFXYeG/wBj/wCHNn44uNK8R2Ot+ZfzfadB060/eeVF/wBsov8A41/qq+QxuSZRmS5a8Fprf9GfUZVxHUjV5D9Cv2Q7jwrFBB42t4bK2n8cWfmXWkxSS/8AH1FFa2trF/1y/dS/9/f+mtfa3hvwrB4w8GxwX2lRXNnazf6n/nr/AMtf+eX/ADyr89f+Cf37NHxG8JeI7g6/pnia28L6NefadN0/WrD979v/AOmUksXmxf8AXL/rl/qvK/e/pD8K/iFc6bp9v4an0W3to7qaWSZPtn72/wDN/wCWUXlf9cpf9V5v/LWvnMoyJ4TMJtT513/urZH6Phs1VXD2UT5M/ac8BwWejap4VvrHyrf97HDNDD5v/kWvm3SvE9x8J/iz4b8V6fqf+l61D/Y2uS/Y/wB1a+V+9tpZf+essv8Azy/1tfpD+058GLLxP4KuL2Cx82/ls/Lh8r/lrF+6/wDIv+f3VfBnin4H+KvEN1qHha8g+w/2XDFqN5qN3qUVj9g+zSxeVdfvf+uX/oqo4gwWDq0qkeTcvM4UFh4VYfGfd37E3xE1rUviJ4X8QMM29/cXNleS/wDPL/RZf/asUVfhx/wX+/ZMm/Zo/wCChviDw3oWiy22heIrWLV9CvHi8uO6luR5lx+Uvmxf9s6/VT9jPxz4T0vxbq3w08Y+L7grdax/o3iA6bFa/vZf+PW6ij/56xf8tf8AllFL5Vd9/wAFO/8AgmvP/wAFJ/2eLP4a3ut22n/ELwwDe+BvGDRmSz1KOXy/3Xmx9pY4o/Ni/wBbFLFFL+9H+t+M4EzXEcM5h7HEL9y5P3v5b21flc8TOaUcZSjOL1lH8j+Y/wAbeA9Z8DXdpbasnF5ai4gb+/GehrCKkPtJ4719SftQ/srfGz4RLdfCT9onwDqOgfEXwfemIW2pW8v/ABNtL8qKKL7NJzFLFF5X7ryv3XlS181roWpSTGCG2dj5nl9O9f0dSxuGxEeaFS8T4WphK1N3toVkgkeYCFC/4V3ngr4Wa38SvE2ieBfCumS3WpX4it4YrbnzZZJa+kf2Xf8AgmH8afivoUPizV9Aj0TTdUEoh1nWZpY/3UX72XyraL97/wBtZf3Vff8A/wAE/P8Agmr4W+AksnxN8RySX+sCGW3m1C7h/dW0X/TOOvz3ivxKyPIsPKnCrz1dlFa+902/4c+syDhetjqntavu0zvf+CQn7NUn7IfivVoYj5smnfDS6uZpBZYklurm6i8qXA83/nnJFF/z18qvHP8Agsd8PPir44/Ze8CftGrA9zaeDfF2vaNrE37qWWwludQ82283yov+mXlV+g/wk+B/iLwlpfiT4keN7SK2uPFn2D7HD5/mSRWEXm/ZYv3sX/TWWWX/AK6/9Mq8n8O/tA/BDwL4v8efszftMeCI7jwn48825m/0Pyra683/AFvm+V/y1/6a18DluBxLl/btaPNUdnJeT3X4nuZvONGuvY/ArL7j4D/ZD/4Kr/G74E6JpnhHxHrkV5oNiYo/9L824uYoovNr1Pxn/wAFevh1c2N3dW2najruoSw/LJJ/y1l8qL/WSy/vf/tVeleJv+DdX9nH4/3EviP9kn9t86dY/wCs/wCEe17w/wDbfK/e/wCq82KWKX/yFXqnwJ/4NufgB8J4otV+PPxx1Pxv5D/8g2GH+yLGSX/prFF5ssv+r/56xVljKPDEqn1y0ubflin+On6lYXiJQdj5I/4Je6Br8Hg/4uftx/FBpYmvbWXRrKW7m/dX8tzLFdX3/bLyo9Pi/wCmUXmVyv7J/wC0JY/B7xH4h07VbG5ls9e8E3/nRWln5ssX/Evlltf+WX/PWKL/AL+19Zf8FUfFvw4+FPwy8L/s0/DnT9J03Q77TJdV1iztJoraKLS7X97dfvf+WUt1L+6i/wCmstfmzo/ivXNe8R6p4wGleXJfzeXDD+9/deb/AMsq9LK8FU4hc8ViIWjKyjF9FHb9WfF5pjYfWp1GfaHxI/Zv8HfHL4N6H8VPhX9il8SeHIfLm+yTf8fUUv8Ay6/9spf3sX/bX/nrXzH8SPDf9kxf27Y2MkUdr+61KH/W+VXefsr/AB/8R/CXVP8AhHIL+T7PFN5f76aX/tlXYfGb7D43u7j4qeFGsdI1yWbzNStIYf8ARbqL/rl/y1l/dV7eDxGPyqt7Cuuen9l9vU4nHCY6lan8Z4PoPjzxFZ232jQx5nlfvPJ87y5Yq6Dw3+1DqpH/ABNZ7aOT/lj+5/e1cm+A1j4k8OSeMvAH2aK4im8ubw950X2r/tl/39/1X/kL915teZ3mg2OvXXkarPFHef8APaabyvNl/wCmv/7r/v7Xu0/7HzKMqc/eOCjHEYaX7uXvHvFl+1pqugRRwTQRXP8A0yl/5a1HrP7QkHiW13WWhy/9cv7NljrwvTfCv/CN3/2C5EkX2r/l7/6ZV9GfDDSPA8Nrb+f4V+3RxfvJvOhlrz6nDvDWGq8/L73kfR5LUxuaVfZSlaPdnFw6lfeNv9P0vQ/9Mi/5e4Yf/tX73/llVzTf2M/jFqXl2OleDv7J/c+ZD500sX7qXzZf9V/21r3zwT/bc3jeTVfB3g6KLyofLm/c/uov+ev/ALSr1izm8VQ6zp+reP737NcRQxfbIruHzf3UXlfuv3X+Za+lw2FwdLD/ALpH1FDhHBe19pUqcx8n+K/hL4k8B+EvI8VaHpurWdhpt1beVLeRRS2sUsX+tl83/WxS/vf3UUtfE+g6xB4V8Zx3GlQSWUdrN5kPnf8ALr/01/6ZV+un7b2j/B34kfCC88VaHf6JpHjDS/svk2kt55cV1ayy/vYpf/Rv+q/5Zf6qvyD+P39lTaz/AGpBY3Nt/rY4Zrv91+983/nrF/rf8/6qveyWnhfaPl36/wDDHw2eUYYTH+7H3T6Q+HnxDsPDfiTT9c1zVrG5t4poo7yGGHzP7UtfNi/0XyvKi/ey/wCq/wC/v/XWvuTR4fhX+2b8K9L8Aat8QJfEHjC6s/L/ALQmvPL8q1ii/wBVFF5vlRReVLL5v7r/AJ61+H+m/E7xVPLbwz65c20cU0Utn5s37qKvXNH8bQeFZNLvtK8f3P2PzvNmm+2S+bYebFF5v7r/AJZf8tYopfKr7LDYCg9T1slzjDUpfvIK56x+05+xn4x8H6Xrk+lX1lq3hvw5qX2LR7uL/l6/5ay+VLF/rf8AW+V/11ilir578a/s++P/AA3KlrP4JMUlsPMvbTzopfsv+Yov/aX7r/VV9mfs3/EK+il0PStVgsb3T7CH/TP+WkUv/LWKWX97/wCRa9w+PEP7LvxE+Etn8Mv7Uj0nxJqk3mXkNpD9mi/56xah5v8Ay18rypa5cVz0qmkTtzLK8PjH7Wjsfj3rHhozaXcT6rBcxx2vlR2f7mua1Dwzf2yu0VqJUX/lrF/q6+2fid8JPh/D4Xt77wrfW17p8sPl3l3D+68qXzfK/df9+pf9b/z1rwfx54V+xxfYfIltvK82Oas/b0T4fHYSeEseFwieaXyPJ/6aVcs7yH7T5NjPLF5v/TapLrTruymntIRGfM/dzfuf9VRNas2jC9MPl/vfL/df8tf8+XRUtIypVStJq07XKXsJ/eeV+896+kv2Tf2w7nwVqtz4S8aTR/2ZfWnlETeb5Ym/5ZS/uq+X5i0cjrmmKZDyuayrYWjXpchr7V9z9HvF/wAVND1jwv8A6BBY3NvL/wAvcV55teL6vph1K68+D97++/5a14X8MfEn2PW7exuJ5fLlh/7+17Z4W1OxFt5FjPbX0nnfufO83/0VXPTwX1WkeFj8NWnrE1PDemzQ6p9n+weXH/zxrqLzw3BeyeffaJJ5n/PXyf8AVV6B8H/hvPqVp52uWPl6hL5X/LH7N/21rqNS+Ht94k0vyL/zZNPtYfs3+p/1UX+tlii/7ay15/8AatCFfkkeRSy2pV+2fLvwZ+N+n/B7xHbT+E9Q1PSY5LqKObVoP9GurC68qXypfKi/6a/5i/1VffvxD8a2H7ZvwYt/CFtJJpvjbwvpEWo6bFD/AKN9qi82KKWWL/Veb+98397+98r91/z1r8mvh/rizeKLazjtrTzM83eojzYrX/pr5f8Aqv8Av75tfZ/7LnibwxrGt26W8dvbXsUP+hXdpDF5sv8Az9fvYov3v/LL/tlLF/y1r5Xi/L403HFQ+KP9f8Ofq1LMpvBxoz7/AKHmXhX4P3viv403GlePzfXv2qH/AEPUJvN83zf+WXm/+iq5/wASeD9D0HVJPDmq/D/Vv+m01pD+9/8A3X/x2vvyH4G2Pg+KTxVY30Vzqkv7z7XqMP8ArZf+WVU/ht8JfsfjO88U655t7eXU376WX/v1XwtPxGw+DpunU3PBxGCrVavtEfn3qPw91aHRZPH9/Y3Ntqn2yWSbT5bPyrX7L/n/ANpVT1LxV4whsI/I1W2+zy2f/Lb/AJ5f5ir9EPjZ4cyJPDmq/YbnQ9Z/4/Iv7Hillil/6ZS/62L/AFtfLfjT9hyw8VW1wfCvjy2t44pvMh86z/1UX/PLzf8Alr/36r67J+OcDjcP+8904JZfVdLWJ4L4A1m1xd65rMscvlf6nyjLHL/01l/9G/8Af2sHxf4ksvEF5JYWHhyWS8upvLhtLSGvpz4b/wDBPdtShj0rW/iJqUtv53/HppNn/rZf+2tfQvwl/ZS+C/wU0mPVbHwtHbST/u/t9/8A6TfXX+q/dfvf+2X7qKqx3iHk2BV6Xv1CcNllapP3Ynxf8Ff2G/iX8VL6PxV8S4JbGzl/0ia08n97L/11/wCeVd38cofDfg7Qbf4ceFYYo/3PlQxQw/6qL/nr/wBda+kfjX8edEHhOTwfo5isUl/1MXnf+ja+apvCt9eX8niTVIJfMl/dwxf9Mq8LLc4zTiPG/WcX7lOPwxO3HYelgsNyx+Mx/gukPgexuPEN5NHby+T+5llH/Hraxf62X/yF/nza/UD9ijRtK0fVdO+O+t+Fra5uIoYrLQbS7/e5l82L97FFFL+9lll/56/uvKi/7a1+a/iPwHPN4D1jxHfeI7KO3i02W58nyf3vlRfuov8Atl/y1r9lPg18PfAvin9lX4X+I/AIitZL7QbCytJj+8liiurWLypf+/UUv/XWWX/tlXqZ5ilSjD+SR6XB2X0cbiva1fs6fedB4Q8Va54k1681afVZfLi/4/PJvPKii/7a+VF5vm/vaueI/wCwpr/S4NCvraXVIryKSz+yTeXLdfvf9Vc23m/+ioq9f+HH7PVl4d0mO1gTMflfaPOz/wAtZf8AVf8AkLyq+dP+CmWo+JPB3gS3vvDmmR2XiSwmlk03xDaQ+XLFFLF5UsUtaYOuqdL938J9vDARq461KR9UahrnhGLQ7S88T+WJPJiuLyC0m82K1l8r/Veb/qv3UsX+t/6a/wDTWvy//wCCjWvaXN4u1DxH5EdlZ2t55lnL/wA+tfT37Al7/wALc/ZJ8D/EG28ZTalP4gWK2upb6LH9l3XlXUUsUZl/1slzdW3lf62L/Wxf89a8N/4KKeAF8X+AZPh54TvraTVNa16Ky+1xD7TF5UX+tlik/wCWv/LWL/v7/wA9a8fHVqVLE3rfAa42ElltR0veqQ6HxmPjnpWvWlnrlj8RvFFl4ksJornR9Dh037Ta3Uv/AEy8qLzZf9b/AM9f3v72vtv9gb/guf4Hskj+GHxxEhto5zEGuYTi2uv3X7qK5i82L/Wy+V/rf+eX/PWvENH/AOCfEHgrTbeyub25vY4rTy4ftcP72KL915svlf8APXyv+WX/AE1/65VzPgj9irTvhrp+j6trXwssdYvIruS4/tDVIZZf9K82WLyv+WX7qLypf3UX/TLzfN/e1vicvyHMsF+5vt/SPgMBnea1Kvsa9NRR+tXjH45f8Ewv2/Ph2uhfGXXfCniKxjk32d3eTx/abCX/AKZSf62KWvmP4vf8EcPhnL4og8b/ALLn7SWgaoljdw3EWk+KoLWSWLypfNjMd9FF/wBMv+WkX/bWvjfxV4V+JvjDxbrGueB/APiC5vJdN/4mUWh/D211KLzZfKliil/1X+t/1v7rzfK/6ZRVxc2o/Hv4e/ED+yk+HXiCK3sNYl/s3VvseqeH7qW6ii/ey2MsV1LFFLF/5Fl/5ZV83/q/msaXJGryLz3/AAerPcp5rSwk+Zr/ALddmvuZ95+BPhZ8bPAuvx+AvFfwZvNNk8r/AEPVI7n7RbXUUX+t/ef8tfN/9FS19ffBb4CaNb6BBr/jK3iksdLhilDy/wCruLn/AON+ZX48/D79pf8A4KD/AA6a5+M37Pv7THiXX9I8Gyeb40+EnxYmluZbCwll/wCPqOTyovNtZfN/1v8AossX+qli8qLza/aj9iP9s74bftlfASx8f6JoMWkRfY4o9S0SaYSS2svpnHlSxf8APKX/AFUtfHz8NY0M6hjq9X2kVqo2e/nc+ixHGUsZgFSowUf8JQ+Ifi/+3pby+/eW1vaw/wDfqvzj/be8EeKvi1r1vBpVjH/pV55f7mGL91/21/5619p/tf8Axb+Hlvqkfwg+ANiNT8WX93JHNZabNF9lsI/+WstzJ/yxi/65f9dfK/1Xm+Ma98LL7TfCXkT31tc3ksMss3/LWWWWX/W/88v3v/PL/pl/qv3tfr2HvLCexprQ8LMsUpYS7ly6H5zzftKfG/8AY58R6fq1xPcy6fL+9s/EOkzfZrn/AJa/62vpzw3/AMFgPiN488L2/wBh/tu9vBDF5N3d6b5X73/ll5v72KvK/wBtj4S3HgPwReat4q8OeXb/ANmy/wCqh/1ssUX7qX/ll+682KL/ALZSy/8ATKWsfxV+yjffs92Gl32q+P8AwtLpes+V/wAI3d6hr1rpst/+6il82282X/pr/raaymhQ/eKnzH5zSxmKVTmgzyv9sH4k+KvjZqsnirxHP5mqSwxR2fkzeZ5VrF+6iitv+esv/PWWvO/hjqc+g2skE8EUckv/AC2/e16R8cbz4czaXpdjYa5FFcXU0sl553+qi/df9Mv9b+9/55V5P+41jS459D1Wyvo/O8uGWGbzIq9WlFVKNlS5DLF1a+Kqck2dxeeFdVvNLk8SWNjLLZxeVJN9k83/AFX/AF1/7axUaD8ctVgsLOw8ZzyXPm/6N9rh8rzZf+mv/TX/AKa1J8Afjx4c+FeleOPB1/4GkubfxRpsWnQzXd5F5Vh+6li82X915sv72WKXyvNi/exRS/8ALKjztD+IUVxYweX/AKf/AMsZf+WUsUXlRRf9sov+Wv8A9t83gxCjFfvPhPQy+dTDVOXePcPh78Wv7H8R/brG+/efuvO/c+V5v/f2vTPiR8N/DnxU8OR+K7L/AEbUJf8Alt+9jiuv+uUv/LWvB/B/g/VbLxbeeHJ4JftEU0Utn/yy82L91/8AGq9w+FU2q6D5elarYyxyS+VbXkX/AC1l83/llL/0y/8AIVePPD4ejX9rRmfQUqftJ+0gc38PZhDqEfhXx+Jf+nO7/wCmteyfs6WfjHXvGUfwd8VX0t7b/vZNH1a7h/e+V/zylrj/AIteCf7N8U2+B9pjv5vLhu4f3sUv/wAd/dVqeFbzVvDJt59Kn8uSL/lt/wA+tebjcZ7Gr7SpE9jJnGliuf7PVH6n/s4fsgeDPBmh/ZNX8Rabe3Hk/wDLp+7i/wCmX/XKuU/a6+DPhzweJJ4B5n2r95D/AORf+WX+f9bXwfpv7VHxw+y/Yf8AhKrn915XkzWkP/22rng/48eP9Suo576fV9Sk/wCPbzdRvP3t15UXlS/5/wCmtdWD4py6hCTlM9/E4i3O6BofH7R/EepeGP8AhHLDzJY5f+m0v7qKL/llX5rftJfDXWPhn8UbnV9c06Sx07VPtX9j3U1t9nGIxF/y1ii/e/8ALWKX/rl+9r9Zde8VeHPG2g/YNd8yyuPJ/wBbaQ/aYq+S/wBpD9jOx17w5qmuQeI/7XuJZvtPnQw/+Qv+mVfVcPcUZXVq8yn8j4TM3i6r5qkT859SvPsmqST6VbyeXL5v/LH/AFv/ANtr1j4faN8XPicNQ+LmueHNSvbPRvstvqWrRab5Vra+VFaxReZL/qov+XaL97/rfNi/561H8S/hL/Y2jx6VogvJdQih+zTQ+T+9l/65f9NareEPihrHh34W+JPB9x8TtfsbfUobCCHwnZ4/sy/i+1fapZb797+98qWKPyv3Uv73/lrF5XlS/q2GxsK9K9I8mlUUKnKeq6N8ZvEdprNn8OYNDj1KPyf3N3DDFLLaxReb5stt+9/66/8AfqpPi18cr7TdK0PxV4c+xS6p/wAfMN3NZy/apf8AVeV5vm/upZYpYv8AyLXieg3kGjy2/jLxHYy6lp/nRRXmnw/u5ZbX/plL5X7r/rr/ANNabrfxV0C50K6gs/CCtqF0YriG61K8j8qKX915sscUMUUXmy+V/wAtfNiii/6a/va7ounKnK57f9pV6VG1OZ6F4P8AidPeaDcaVq8H2a4l/wBJ/ffvPKl/7a/8tf8Alr/21rg/iP42n/tO38ie2/df8tof+Wv/AEyrD0fxXBBaSX8F9F+9hljm8mH97F/n/plWPpusWN5rUc58vzP+uNeNUw3748CricVi637w6Xwx8KfEvxGGoT+EbKLzLDR5tRvIZpfL/wBFj/ey/wDXX/lrL5X/ADyilrzLzv7RjksfPj+zxf6nzf8AnrX0z8Ef2zNT/Zu/Z6+Nfwl8PfDvStUf4xeD7bwzNqmoHzP7JijuopJJI45gfNkkjMkfbypRFLn91XgHg74Zan4z0DxP4hgu2gTwxo0V9PF5fmeZ5t3a2uP/ACZ/8h06FGrOvY1cVShzTOJ1KXzZeIMVuaZ4Vh1PwZqPil/EmmQmwvLS3GnT3g+1XJuBMfNjjx/q4/s+JZO3mwj/AJaCsjWIohJGAfnI5p+nYhTAMhk/55Vp7JusKPvG94W8PXw0q88RDU47ZrXyvKhH+tl83/nnXffCW8+1apZ2+o30XmSTeZ5tWdR+GWk6Z8G/CXxRh8Z2V1L4oudVsr2wjvfMltZLSWH95LGf9T5ouYv9b/11qlqWj/2PL/athY+Zb/8APKb91LF/21rtjSdWjqenLBKrh7w3Psj4J+JINN1SPVdK+zXMkU0VzDFqMMvlS/8ATKX/AJ5f8ta/Qz4M+Jf2Xvip4DjsfGPg620nVL+G6tvN/e+VdebF5X/LLzf3sUv/AGy/dRf6qvxf+CmsXn/CR25vtDljklhl8nzpvNi/df8AbL/W/wDXXzf+2VfeH7HOj33jfxHofhXVtcubaTVJorKz0/7ZLbebLLL/AMtf9b+6/e1+f5zk/tZ86PK+rSwUOaaPyb1iy87Wc+HPtMkf/LHzf3UtfSHwT8N/Eyz8SaXq3xHGrRXHneXDqOuQy+VFF/11l/1sX+t/1X/TKvHE/wCEbs/DtxY6JPcy6n53lwxS/wDLWX/7V/8AGq+g/hbD4Gt/hb5Ek/mXfkxRzXc0373zfK82WKL/AFXlRRf/ABqsOIK0vqfJudTq+ynZn2J8E4odXlk0P+3LKLyv+WV35sf7rzf+2sXlebXsuiz+ENC0uSbWtUspPKh8z91NF/2y/wBbX5yeG/iN4j8C6z9j1yaW5t/O/daj+983/v7/ANcoq76X9oSx1Owjnn8RXMkks3/PH/W1/POd8IYrGYz2lM+qws8B9W96eh7h+0t8ZtCm0+TwNoa239sSzeXo8sU37qw/dRf63/41XkPwZ8D/ABB1G8XxV8QJzFaWs0Udppcv/LXyvN83zf8AyLXlPxI+KulGb7docFzJJawxSTXcsP8Ay1l/5a1nx/GfxwX8nW/FFzFHF+78mX/ll/6K/wCmtfb4fh7FRyyNCklH3dZdTzJ5lgYS5H8J9s/8Lx0nwrp0kOk6XZWVv/q/tYm8v/P/ACyryb4ofGzxZ8U5Libw7cS30lh/x+at/q4rCL/llFLLL/5CirwebxXBrkseNYvtSkih8zUppf8AVRfvf+eX/fqj/hYcE0UdjBPFL5XleTDF/qv+/Vc+VcEKhW9tX98xr5rhqcf3R6B9i0Pw19o1W+vrbVtYlm/fXcU0v2a1/wCmUX/x3/MvP694xsdNlkvtcnjj/wCWk0s0Nc/rHxB0Pw/a/br7XY/3UPmf67zJf/tVeWeIPivDPp93rF9Z3Enl2kos7U9P+eXm1+hZZkVZz29w+VxmJrYmR0/xQ/aJsz4S8QaTPbxyxXOmS2cVpLDF/rJIvKi/79/6z6xV99/8G+P7dVv8S/Ctv+xx8UvHckN94elhvfCg1W8/4+rWKXzfssX/AFyl8z/tlL/0yr8Y9d1u+1y/ku7ybLHrW18MfiZ40+E3jjTvHngjXbnTdW026E9le2smJIpB3Fe3m2RUcXl0qEf+3fU+h4exDyysn3P7OdK8feHk0xdOtNS8yeW/l3CL/wAhRf8AoqvKf2vvhvpHjDwRcNc6NDciWDy4T5X/ANtr5n/4I+ftmS/tyfs8aP4ptZo4Nfsrn+z/ABRZxSS/urqL/lr/ANc5YpLaT/trL/zyr7t+I1tpA8Iwaf4qeSOULv8ANhMv/o2vyajUzDL4VqWJ93lP07CSw+GxVOrTfNzn4K/ssftdeKP2Sv2m/iP+wjrcm3R9X8fWE/hWz1Gb/jyupb+18218rsJIsS/9uvlf8vRlH643fwv8B/F3UNM+KpmV49P8mRYv+WUt95XlW1r+9/ey/wCleX/zy/8Aatfkz8Nv2SvFX7Rv/Baf4i/Gi68OXD+GPCnja6mguvI/dzXMUX+giP8A65Yil/7ZR+tfsx8A/gA/hjwbDqGpXks8i6etvDAU/eRRf8tP+Wv/AC1/1X/PKvUzGFHMHShT96ThHm+45a9T2bmvhi5P8zlZvhtpWsa/bz2NjLFb2s3med5PlSxfvfN/7+/8sv8Atl/0y/e6P7V2k+Bvhp+z7ea1qdhpttcaXby3U0V3+7i/dRfvf+2X7yX/AL+17lbeC/DHhvQpL+8jX7skZ+Xy/N/7Z18WePjpv7b/AO2lpf7NejeLY7nSPDs0uq+Klgm82LzYpYpfskv/AH9i/dVGCpTy9+zh70znjhsJVvWt7sep4foP/CxvjBYeKIL7wPpMWj3WvSyeG5rvw3a3NzLYRf8AHrLLFdxSxRS/62L/AFXm/ZfKiri/AfgP4jfBP4jR+KtV+GWm6l4fupoo9Y07T/DdrZS/ZYv3v+qtIoopf3v73ypf3UUv+q8qv2L8CfssfDnwJpcdjp2nKw/56y15h+018FfBFppUkNlbRxXF2JY4YT2/6a10Y/M8XT5faROKgsoxNbkcLyZ+a/7XU3gf4JaV4H/a9/Z6vraS3tbz7FrEUP72XRvtX+ttZf8AplL+9ili/wCessVeE2XxD179iv8A4KceIP2aPg74mfTfA/j/AMPxa74X020n/d2ov7T7VJFFJ/yyi/1vlf8AbKWLypa+rviL8NvgL4Jsr/wb8WLK90jQ/iDoMunXWrWk0XlRX8UsUtjLLF5Usv8Ayy/6ZV+fP7Z3g/TPH37UXhvUtIvob5/h54CsNIOolQY9U+yxynzhnpHFFJF/rIv+XWvTyvEYLG4KfNL3jxK+Gp5TXl/LJ3P0O+EvjHwP8MfC9xPYrHJrmqTfadSltLy1klll8r/VS/vfN/dS/va1P+FzQeJPEcn9qz232e1/13mzReVF+9i/e/8ALXyv+WUX/fr91Xxn8PfjNfeA/BH9hW/7uT7H5fkzTS/+ivN/df8ALL/41Xpnw98SeKtN8G3HxN1WeW2t5f8AU3fnSxRf62KX/lr5sX/PL91+6/1sX7391XpZdh3Rpcx85nWPdSUaa+0dB/wVK+OXwyu/g3p+h65PHbapYab/AMTKa7h8r7VFLL5sX/TX915vlf8AbKKvyz+PHxs+P3xs0bw/Brnl6bp/g3R4rLQbuazliufssX+q/wDRsX+q/df6qui/4KNftE+IfiR4qTUIppEH9oG2s4Z7T/VRW3/LKTza+YfDF94lhln0iPVbw2d/5f8AaMVne+XFc/8ALXypP+WctfZYDBUHGM6m5wYal7ODbNDWNf8AG+jyfZ5/HGtx3H/LaK7mli/z/wAsqXwP8X7/AEDUoxfXluMf64TQ/upP+/VfXH7Wn/BJ74l/DH9nHwh+2H8OPiponxJ8DeMtCOq67r/hazlji0a++1xWstrJHNHEcebL/rT5X72K6/dReVXxcfh7PNLJ+/ii8r/nrNXs1MNgaukYhSlSqs+wP2Xfid8Ofipr154O1X7FFJf6bL/rbz/lr/11l8quk8bfDHXPgb8VZPDk2qxXMlreeX51pN5kUv8An/nl/rf9bXyF8O9AgsfFv2LVviNLoktrF5tpPp8X2nMv/PL/AFsUcX/2qvonw38WrH4kWEfw5N7YxappemxSWeoQ/u4r+6i8rzf+uX/73/nr5VfBZ1kvsqvPB+7LdHsYJRa9meyQzWNn4j0vx/5H7y1m8yb/AK5eb+9r680Hw38Mvjb4I1jQ7+G2i1TS5rqSGb/p182X/wAiy/6qL/rlLXxf8LLyw8RyyeFb6CSOSKH/AFN3D5sv/XLypf8Alr/11/dV9SfBn4A+Mv8AQ76DXI7K4ih8uGKabzfNi/8AaX/kX/yLLX5vOKhi/Zz06f5H1uBw37vT7Jl/8I3rmpaNceDvFXhWX7RazfZpvO82S11SLyvN83/PlVj6P4b1vw3LJpV94H1LUtPim/cy3fm+ba/9MvN/debFF/01lr6Y0f4efFv4e3/9q6r4bi1aPyf303neb+6/zFXrHhbxvBqVhJYXHg7yvNh/49JtNl/561VWk5y9nP3onp1cFCqvaRj92h8v/BnU/wBnqbVP+FZfE2/j0SSX/U6tq2m/2bF5v/TKX/VS/wDXLza9c8e/soXHhbR4/FU/2K90OX93DrlpN5vlf88vN/55f8sqk8YfBnQ7zxVJqvg6/wDLt7qb99aRf8sv8/8Ax2sf4V/tCfED9l34jx/Cvxzf/wBr+D9e/dw2mof8svN/55S/8tYpf3v+tr4viHhTEp+1wpFNql7jPN/HnwZ1XwrLJB5FzbXH/TavO/DfxV8R+A/FP+vkijl/dzQ+d+6l/wA/+0q+vPEviDwdo9r5EWif238P5Zv+Qf8A8v2g/wDTWxl/55f9Mq8D+P3wN0TdHf6fexXNnfw+Zo+t2n+qurX/ALZf6qX/AKZV8Zg8ZmGV1+StH/t41rYajUo3RofDb9g34Af8FC7fxJ4XGt2XhfxpFZxajpuq3UP+jS+V/wAsv3X/ACy/8i/9Mq/Mv4+/Av4cfCzTvHGh/F3VdX0D4n6NrFrbaD4Zhh/0aW1/5fpbmXyvK/deV5UXlf8AXXyq+1PhP8TvGHwl+I9ncW+q/ZtQsJvMhz/qpYv3v/tKvOf+C13wLg8Y6Pof7XOhKPtus3v2LxTaH/lr+6i8q68z/nr+68rza/p3w/4hjjXDD1H0PzzMsH9UrX7n53at4/hjkfSL2wjurM+VIIZZuv8A20/65VWn/wCe+hwX1lHLD/qZZv8Av7/zyrnNQD6fqG+e3l3yRfuZvJ8vzY/+ev6V1PiT4q6z4ntdL8OfbtS/sbQbP7NpmmXd35gt/wB7NL/6NuZf+/tfr9OkctLYb4b0CfUr/wCwzz+XJL+7hlm/1X/bWpJtB/5b/wCtk/64/wCtqXQvGGpw6fPBLFGY5Yfs7cfvZf8AVebSa942gvNLt4PI/wBVS9mz1sNh8Lb2lSRj2d4dSuo4L6fzI/O/10372WrmsWdjNN9hsZ5fM8n/AJbVh6veYTMMH7uX1/5ZVBDeB76SGCeSP/prTpe6/fHiJ0KsPZlgwWc2rxw3/wB+L/XS1bvPDFzB4it1g0vy4/3X+uqXw5Z308semWPmyPL/AM8f8/8ATOun0BtNn1mCx1C3+WA+VHPL2i/56/8Af2Tza7KdOlULw2A5mkZfjbwRqfw/v2sV1CORNkUj+Uf9UZYvNi83/pritT4e/Ei5s4pPt0/l3kU0Umm3fneX5Utffnwz/YYi/aJ8CXnw6tNGk03VNe+y6j513D+6l8r/AFUv/fqWvnf9o7/glx8ZP2d/Hlx4C1ux+0XMU3lw/wDPKX/nl5UtZqpGL9lI+kxHC+Y4aUPY+9pzaEng+Hwr4s0G8+Kk9/JLqkV59p1K7mmii/7Zf9NZfK/9FS/9da+qPCsPiTwf8AdL+J2ufEaS28T+HNYisvBNpNp0UVtLpdr+9liluf8Aj6l83zZbWXyv9bF/1yr88Ph5oOuaZqi+G7PxDLZeb+7uMReZF/5Fliir0/w1N4q8VaNceDvHGuX2mx6X+78mb93+68ryv+2v/LKvJxOX/WJ6S5TowFDD1v3OIp3k/M0Ph78AZ7y18aa54V8K3Nz9g1K1+xy+T+98qXzf3X7r/lr/ANMv+mUtcn8QvD+q+D9UvIIJ5YvKvJba8imm/e+b+6/+1f5ir64/YK/Zin8SeKNP0mfxHJbXksMscMs3+q8r/lr+6/7ZRf8AfqvpT4yf8E/vhz48sLfwV/wh1tLcX/7ubUYrz91F+9ii+1RSxf6r/lr/AN+q/M8XiqEajlOeh9fmHAVGnlHK+X2m5+Tc3xO1W7uv7Dn8r7RLNF50Uv8AyyrsY/Gnha90fUYPCEeparHpdn5l5qFrpsv7qL91F9ql8r/VRebL/n/VV9X6/wD8EGPiBDr3nz/E6WS8im/c2n9j+ZL/AOja2P2e/wDgiH4jvfEf2j4jX0dlo8V55fk6f/x9ap+683yv+WsXlf8AbKX/AFVcFDMcqrvlg9T8UxfDWY08ZyyPivQrP/hYGjXGq6VpOpSXEs0vkyxWfmRf9/f+uVed69/wkWm38ljYzalHJ/zxls5a/ol1r9mb9mT9nX4Y6b4j8NeCdNWSXSZY7i7u4vNltZf9V5X/AH9/55eVF/0yr84v25P+FL+KrbULDw5BbS6hdalFJDFaXnlxRfvf9bLWmFzZxxXs/Z6HvrhLC/VfaVJ8p8T+A/Dfj/XrCS3nvpfL/wBX5Xnfvbr97/yy/wCWtSTeA/Ec919hgnlj8qb99N51dJ4wvNV+y/8ACK/YIvtEU37678n/AKZVc+Hus6XDFbwX1/F5nneX5Xk+V5VfUulJ0faUz85x9WWErclLU4Pxj4C/0C3mmsZPM/1nmy/8vX/TWvGdU1yyXWby01aOOdZbbyzJLbeY8T/9M/8AVYr7G8Y6P4O8a+G/7K86KxvPJ/czQzV8t/FX4O65pus6hdxw+a9rP+8aJvM3172Eqy+qxZOAxlL2tqjPLJQd7Yoijd2xup09u1vKUY19T/sNfs3eB/iNd3Pjz9pbRr22+GvggDUddi0n/R9T8V3U0ObHQLaXqDc+XJL5v/LK286X/nlnlxFanRpOrUdkfS0rTkkj9Ff+DYTRPFHwW+HHjX4neKFhitvG2r6NceGLK7GJbmxtf7Vtbq/jGMCL7V/o3mD/AFkttIP+WVfqhpnj7x98QfE+rwxXqQ6d5UtqHk58v93/AM86/Oj9gvxZ488YeINY+Ifibw/pum6nrP2WODSdJh8qx0a1ii8qw0qxtv8An1tYv3UUUX/TX/nrX6m+G/AEOleHdK0eO2VUsLOX7fqBlPmebJ+9k8v/AFXmxV+A57jMTnWcVI0v4cfxP1zAwwuV5ZSc/fnL8Opg/AX4G+EPBS29j4P8OfZrOwhlj82H/j583/nrXsGv3OheG9Nk1G9hitki8ozeV+7jlqS91zwV8OvB8t9KYraOKHBMk3/x2vxx/wCC63/BalvhNoN7+zz8CvE6t41v5Y/tuoQeXL/Ydl1x/wBfMn7s/Qeb/wA8q9LJaMqlWOGpfF5fZ9TxcVVliZzrVFywieu/8FY/+C8/wE/Za03Uvht8GfEkPjDxyPMsotKib9zpTR8ebdHtzx5X+t/d/wDLKn/8G0vgDWviZ8JPFv8AwUD+LmvWst/4n8T6nb6YkF7FJ9mBlEt7NJjmEmU+X5UvIii83/VyxV/N1darqGt6k+qahey3FxNNvklkO93f696/fz/gip+wdrXhX9j/AMOaj+0d8UfiDZ6b4ijvtVtfhR/wkUunaZMt1L5Uf2mKH97+9h8qST97/wAtfKlHavsM0y2jlGWe2jL95e/MzzcNj6uN/wBmh7sPzPvX4x/8FiP2cPC/jaT4beAP7X8a61HNLHPaeENHn1Ixf89P9VXnPwf/AOCiP7Keo+NJH+Jd1e+F/Fd/+8/sr4g2d1psssX7r/j2+1yyxS/6z/llLXd6P+zx8JfhT4Lm8TW3hy20HTh+8S00+Hyrb/v1X5k/8FYP25PgYPs/wn+HPj6Wy8URala3kM9peS/6KfN/8hV+V4LOMdm+a+ylTc/63t2PrqGW5XhKTaem1z9DP+Cif7Kfgb9qr9kbWPEnwb1W2xNZxXNnLpMsUltcRf8APWP/ANG1+PHwQ8Y6voXxBuL74weGZY9Q8G+V/wAJhqMX7y6utGllitbW68ryvKiiill/e/8APWW6sIv9V5tfrD/wTE+NHiv4ifs7+HtV8S+FngutU0KO5unuAYhfebaiWXyov9Z5f+s/1f7r/V/9Mq+Lf+CmHwV8Sfs7ftRaX8adH8H3N9pOqWl/4c8Vafp03ly39hfRebF5X7rypZfN/e+bL/y1iir7XAQpwlOjKPLzX/r5ng5pgo1sNOHxcvw+hy/x4+GPw4+GOvf8JHfT30lvL/pP2S0/1V1+6i/e/wDTKX97/wBMv+ev7r91FF3njD9orwpN8KtY8OeB9DsbmSKzltv9TLHF/wBcv9EurWXyv+mUsv8Ay1l/df62uL03x5+zn+0V4cuPg74q+I2m6bqGlw/YvCsVppsUsvlebF5X2mWX/Wy+V+9/5axf63ypfKii8rwPwV8Aftl/9u1X4jRWMdheS+dd6HefafN8qL/ll5UsX7r/AJZfuv8Alr+6/ey/upfscuhbCRjP4on5hUy2tWxSTPnz4heH9U8XXlvLc+CbmPUNLh8vUtEi1KWSLS/N/exWn7397F/y1ilil82WKWKXzZf9VXIaf8OfHOn3sniLXPA/+jS+bHC4i8uWKX91/q//AI1L/wA9a/Zn9iX9ij4L6B4K1C/1i003UNQ8a6PdaTaat532aK1/exXVtdSeT+6m826trbzZfN/1Xm15ZZ/DHXfix4D1z9nrxV8MbHSfFmgw3X+l6dN/y1lupZYvs0Uv/TX975v/AEyr06WeVlW9l7P3f5v+AfS4PhrE4lSt0PzL8B+KoNe+LUmh+IrGK50eK8lubzSbu88uL915v/kXyvN/7+17Z8Qvgz8Ofjxpcc/g7w5L4b/sGGW51KWKz/0m/l/6ZeV/qvKi/wCuv/xrpPhj+x94/hutL+Kk/iPSLaS6vJdOm0/97F5sUsstrF5vlf6qKX7NLF/2ylll/dRebF9Wfsx/Af8As3wbZwf8I59mvLXWP+Jldy/vJZbqKKL915vm/wCq/wCmv/LX/llLWWY5vLDT9pDdG9Lh76o/3qPg/wDZv/Y60P8AtmTXIL6TW9Uih+0/ZJrPypYov+Wv+jV9EfDf9l3wN4qv7fSdD8OabYx3X+k3l3DZxfvYvKl8r91F5X+fNr6E+KnwN8R/CX4gx/HDwPpUcUl1N5l5FFD/AMsv+WsVR6x4V0qzuo/iN8MrG5ls7/zbmbRIfK82wuov9b+6/wCmvm+b+6l/9q152GzZ5lWvVIx2UVcLS+sUX7p5fefsW3+j38eq/DnXJbHVLX/U6dNN5sUsX/LL97/yy/8ARVekaB8VL74V2tnofj/wt/wjeoS/679z/wASy6/6axf88pf+evlf63/nlXpHg/4t6Hry29jfz+bcWH7v7X53lS2sv7qL/tlXaXusaV48sJP7Vt7G+juofLm/tGGKTzf+eX/xr/lr+6i/dV5ebZDLF1fa0dfLr/wTTAZxClH94R+A/wBpW+stB/4muhy6vZ/9MtSi/wA/9ta6S/8Air8NZoPt0ujXMbS+bk3cNrJ/y1/5+f8AVf8ALL/n1ryPxJ+zH8JPssn9lQXuieV/y6aTeSx/vf8AnrF5Uv8Anzf+WvlVwevfD34jeFdUkvvCvjq21Kzim/5e/wDVS/8AoqX/ANFf9cq8KOSZjRkevSz7CP3JSPaPFP7SXhzR4o7j7DbXMkX/AFEpf3sXm/8APXzf+uX/ACy/5ZfuovNrwf8AbJ+I+lfEHw5od9oCyW2of2xa2VnDNN+9illl8r/0bWHZ/FTwbD8QrPwN4r0LRNN1i6m/cwy6ldW0sv8A1yili/0v/lr+9il8qsTUdSsPHvx4j8PWVz5tv4c02XUZoYv3n73yv3X/AKN82vBxeKxuDk/bxcUeVjMU6mMpqlL4j7T+GN5P8QvBsnhzXNc/eaNefZvskWmxfvYv+evm/wDPKuD8XWDfB27ksvG2iXMngjWdS8yb/qA3Xm/8fUX/ADyi83/P/PL1T9j/AFiDTfFEc+uQXP8Ap8MXkxSwy/8AbKvcPjZ8K9D8baDeWP8AZEV7b6ppsv8Ayx8uX97Xj47A0czyz2qifVwlGMlSmflJ+2B8PZvhjr1vfAeZbyw+ZDdw/vIrqKuk0HUo/wBqv9k3xB8ANV1WxtjqflRw63rt5+6tfNli/ex+dL+6iil/e/uv+msv/TWKl8f31DRvB/iD9l34hX1tZ6hoMUt74MzDLJ5XlfvZbWKX/llF/rZfK/1X73/v14V+yL8UrOfWpfD73Evl38X2abyZvLl8rzf9V5sX+q/exf8AkKu7hBYjLqsKq2i1f0PieKI+zT5T84PGM7xzxwXlrH5sUXl+X/zzrDS8MJbciPvTq/WvVP2zNButD/aD8VR3i7TfavJfx+VJmPFz/pP8pRXkAzwCeK/p6jmMauGp1af2j5zCNSoxkdFefYoPD0N7H4jtZJXnkxp8Il8yAZ6/6ry/fiQ1lJq07IY5ZPMHlf8ALSt3xj8NvFPgTSvD2teJ5tLFv4m0n+1NKNnrVrdSfZfOliPmRwysbZ/Mhk/dSiOT25rlZYjEEPrT+sVzpNCbUYv3cEMpkrZ8UeKNN1fXJpfDXh630S1ls4YPsUNwZBxDFHLJ5kuDmQxmQ/8AXU1yNFR9YrMD1/4JeLtG0DW0v/FdhJexvZnyYov+evm/8tf+2X/tKvRZ/hNJ43+IWltpd3H9mv54pJtQ/wCWUsX+tl/e/wDTKKvAvBOlahqviKw0uzgeWW6nii8uJsGTzJMYr3bS/Hc2i+Eo7HSLmKXzYIo7PyYbr/Rf+essXm+V+98qL/ll/wA9f9bX0uCSlhOZHt4DGpR5ZfZP0P8A2G/G2u/BPxHpfiSCf7doel6DLe+Vd/u5Yov+eX/fqKWvS/8Agpx8abz4y/A/w3qGs6HHHd27yo19FMJPtSeV/qpf+eX+til/7a14J8MfP1L4cah4x8+2spP3Vt/Z3nfurr91dfZf+2sUUVcP+3J49g174X6HqsFjffY5YZfOmtJv3tr/ANda4qEqNXGKSP1jB53hsHkbxM/ene3pofIeveMJx4okv4IIvMim/wDAqKvsj9njwr8G/wBqf4Xx/AO6kls/El09zcQ+L9d1iXy4pfsv+jReV5UvlfvfK/8Aavlf8svgDVtXv/DfjyWcGPZYXnmL/wDa67P4V/HnXfC1jeQWN9LbXEs3medFN/yy/wD3tb4+j9Yf7v3T8+wOd0vr7qVvhlc/av4cfG34U6QumX3wp8E6JpNtokMtzrGpzw/vbq6/1Xmxf9Nf3v8ArYv+evlf8tYq1fFn7Ympxa9eanZS5/svWIo/N1GGKOWL97F5X7r/AFsX+qi/e/8ATWvz/s/jBYTaNqEH26yufst5LL9kl1L7NLFFFLL+9/1v72LzfK/dRS/8tYv3teQfFn4s+N/Hni63g8ITXV8L/wAq2026uoov9P8A+uvlS+V/z0i/df63/tlLX4J/ZFbMKnPP3T7HPuLIp8tCMn67s/SPx3/wUC8Vabfx3HiOfV/tEtn5kPkwxRSy+VF/yy8391/y1/8ARVcPN/wUa8c6zqmoaJ4c0PW/Ml/dzTfY4vK/55fvf+eX/LWvl/8AZ7+J3hzWNGk8HfFTxV/Zsl/qX/Et1H+zbq9tYv8Alr5ssvm+bF5Uvlf8esUv7r975UvlV6p8E/hVY69f3H2HSo9Is/Jlkm1GXyrn7L+6/wBVF/qopfNl/dRf9NZbX975UUtedVwTwFZqED4jD5pmOY4iUqlOUeX7n6Mr/FT9pD44eJDJZX1jc/Y7ryrnWP7OvJfNtfNuvK8397/11/1v/TWL/plXgc3wT8cXmvapP4ksdSjjsJv313LDLFL/ANMvNil/1X/LKvaPin4jPgO6j0P/AFVnLNLJ/Z/7qX97/qovN83yvN/7a/8ATWX/AJa+VXh/xy/bH8bwn/hG7GGSOOK8+0zQ+TF+9l/e/wDLWL/WxfvZf+/tfQ5VgsZiXz8h87xFnuIkvYx+I4/x74w0Pwf5n9h6VH/zz82azillli/1v72vH5tY1XR9Z+3ef+7lm/7ZVo+KviTdeMpJLq8WODyv+ekP+qi/7a1y/h1dd1e6fVjN5Udv/wAefnf6qL/lr/7V/wDItfe0KM6dHkZ8pRpuUXOoer+G/HkGI4L6f/W/67995tbniHxz8OrHQpNOvfCZu7i6/e/2jHPiT/VRf+Qv9b/zy/1ted+Cfhj4q8UTRywDyrP/AJ6zf6qX/rlXrnh74WaJ4c8PSQ6H4Hi1vXLqb9xd6t5skVr+6/deVF/y1l82uTE59lGXx5arOCjk88biv3crnjWi/BOH42fFaw8MfDfRgby/Tz5vO/d21rDFzLdSf9Mq+6fh78PYNB0fQ/hJ4OgudXuLW8lufNu/3f2q6l/1svlf8sv/AI1FXR/sj/sdt8H/AAnHaWtl9u8V+IoYpdYu5f8All/rf3X/AEyii/eV9vfsl/shWdrrMettpn+med5l5qBh/e/5/wBb/wB/a/FOKePf7Sx/1TBL3Pz/AOAfr3D3C7goTxUvhO7/AGHP2ZU8CWOkaj4jNsklpFLqt5LLF/rYov8Alr/01/8A3X/PKvoXxD8UrG71ePSNIv4o7PS4ZZJvKlik8r/v1/qv9ZXF/tA/GT4efsnfCXUviZ8W/EMWmQJaRf2ZazXf2a6it48y/ah5X+t82WP/AFX/AEyir82dX+OH7UP/AAUP13/hU2lX2oeF/A2swx3evReHvKjub/zYv9Vcyxf6qKKLyopYv+uv+t/5ZfM1cPXpL6xUn7OnH4/+AfeYenh8VOdvhj8PyPdf28/+CxXg+98M6l8DP2NpJfiP8UdZl+xab/Y0f2nTNHEnlDzbmX/VN/rf+uX7r975VfHvjL/g2v8Aj14x+E+qfFV/2hYde+I04ju9S0i70kx2s11LKDcj7cZjJLjfIRL5X73v5dfoN+x//wAE4/h38L9Ht9I8KaRZWcf/AC2mi/1sv/bWvtT4F/Azwx8KdLa4s4oRIf3l5fXcXmyy/u//ACF5dbcOcb4GpiHQy6PLFP3py3l/wDzMxwlKlT5qkub+6flx/wAEr/8Ag2p+Gv7P/ii1+Pf7busab4617TZftGg/D2xt5DpkUuf3Ut6ZR/pX/XL/AFX/AF1r9Y/7O0/Q7V/EPi+SzttkHlwW0MMUccMX/PKOs34j/Gf4ZfC+NxfTQyXM6fuYov8AW3P+Za/Jb/gqp/wcB+B/Cf2/4TfB6VNa16OaWOcWr5trR88l5B1k6/6v86+hzTMM14jrfVaMOb0+H1bPPwuAo0F7Wp7ke739Ee1f8FmP+CrHw5/Z5+Fup+BvButWN/4h1SGX7Jp1vP5nmjH+tljj/wCWf/TWvwY+BWk+K/2jf2mNOvdWmTWNVvtYF3c2c+ZPtQiHnSD912McZT8a4r4pfGv4hfFzxLfeKPG3iOS+utUn865mJwemRF/1zj7R9K/Qj/g3H/Y7vviZ+0TB8TvEBuLe2+x3VvpjwxnHlCLFzL9P+WQ/6aGvrsp4fo8MZTOTfNVnpf8AJLyRyVcdLMMbGnRVqcNf+Cz9d/2I9Fl8D/Caz8M6zqlle6ve2f2jWJUmi/0/VPK82WL97LL9qiilll/8hf62vEP+CslxZfFX4Xt8HdL0a5jvLnzb2zu5pv3trF+9i8r/AKZfvf8AP+qr9Hta8MeFNK8JXbXFy1jp1hZbJrK6jtpBFFF5v72PzYpf9b+8r8+v2uvELeJfiV4X8MXNreR3nivVvs1nd6TaRRS6XYRS/vYpY5pYv9K8rzYopYv9VLL/AKr91+9+akm8dBt+9/kfU5BFZjUqRdM/Ov8AZR/Zi+I3x48EeOPgf4q8D2N94ksNH+2+G5tRvJZbrS7qK6il8r/W/wDLX/Sf+uUv+t/5axVk/sZ6x49svg9qiXjzWviPSvF8qSTavdy/u4fssUkRklili8qLyxLL/wBcof8Ar1r274HeDvFfw6+NHif426x4S8QeG9G8P+IHs7+5+GV55djFaxeVLFF9p/ey3cssVt+9lupf3UsUssvleV+94vwN8HtH1P8AaU8WR+AvipY6PpGnWtm0uvGD/Qbe+jlFzay+XKM+VIVjil583mP97+9Pl/oeEtCmm/tG+D4Mq43MZOnD4D3nw54Wm8M/CzV/H/8AwtlNSvbFJk/tyXRpYxLdCKSWWKO2/wBb5XlR3MUvm/63/pl+9rqPg58S9PGveGdetfGnifxvqg1GaO6v4ijWsvmfvYo49Six5Uv2X/ll5v7qXyvN/wBV+9+Z/Aca6/8AAnxt4x8UfEOWyttAeK5jaF5bax1m1tZYrX93L/yxll+0/wDTXzfK8r/llX2r8PtJ/Ze0n9izSvhV4e8bLpt34j8NSahpEd9deVHLc3NpDLcS285/d+WIo+3+qi82vZw9DDyV+5+mVsroYONOiqWrtGVlsreXrufP37VXwz8afAn4o2mheD9eNs+veJf7Ms2sPNiivrC6upYrWKX/AJZSyxebFX018L/h34K8IfEvwr+z34h+J8eo3Uvg+KyntdPthvs7+xhtI/s8Usv+t8qKW68r/nl+7i/6ZRfOWofDbxxpn7TXgv4beJ/gxp154g+HMstxomqrZSzwas1zF5tjdf8APXyrW68z915vlRf9MvKrM/ab8T/Fv9jj9qhfi18SrgzX1/q8Go6DqcEEVrbTxxS/vYJY+/meb/yyl/1Xm/8ATWvmeJKCng6kqfxI5854fw+MpU6VPl+F9V73mfozD4V8HeJLq8+FXiqx8z9z/qYf9bL/ANcov+/VfNf/AApqfQbDxBpNjBF/aFhqX23R/K/5a/8APWKL/tr+6/66+VX1bpHgbwP+1R8K/DnxS+G3iCCLUNT0KK9069vIfMlufNiilill/wCuX7qXyq8+hsv7e1SS31WxubbWPscvned/rf8ArlL/AM8v/wB1X55l2IrYVcz+I/LHQpxlVw1T05T4/wDG3wlEUtn4q+GVx9p1SX7VczeHpf8AW38XlWt1/o0X7qXzf3vmy+V5X/PWL915vlHwr+M1jNL/AGUZ76K4i/efurOWT/rl/wCRf+uvlV2HjzTdc+BvxKk13Q/Nsbi/+1R+dDN9m/5axS+VL/0y/wCWv/XX/nr/AK2tTUvG3wP8eaNqFj4w+HP2bVLq8iuf7Q068/49f3v72KL91L5X+t/5a+b/APGvusJmU6jUkvdPzTMcA8HXal0OT8b/ABb1XzY4NK1b7Tb2v+pu4Zv9V/y183zYv9V+68qX/rlF5vlRVxfjf4mXH9jSTz/YbmTyfL+yXcMX73/rlL/rfNi/66xf6rza5v4tXeh+G/GUeuX19LJbxQ/vofJtf3X737V/rfsvlWn72WX/AFVrL5ssV1/oEUVed+MPiF4V1m1jgg1TzPNh8vzoZrDypf8Anl5UXm+b/qov9bLFF/16xV9RCD9h7b7J5FB0b+8cHrvxT0uf4zWd34iEUdnoOm39xZwyw/urWWL975v73/VeV5X/AJCrq/8AgnJdXPxJ+JGqfEjVhFFea99quY5bubyooovKll/1v/TKL97/ANsq+LvjZ8S4LjxJqGhadcSRSXt59nm8qb/VRf8ALWL91/yyr6g/ZG8YHwN4YZNFn+zXEumxW3lD/pr/AK3zZP8Ar1juf+/v/TWvzvjamp5e1FfEe1kqp1cwhz/CfqbqfjbRBrn27w7YxR2drNLHZyyw+XL5UXlf63yv+mUUX/bWKX/VeV+99R0H48QTeHP+JrfRxR2sMsd5+5ij/dRXXlfva+I/gz8SL7xJYST6r+78ryvOu5f3cUX/AC1i/wCWX7r/AFv/AE183za9Ms/iR4A03Rry+1X4qabY/ufMs/332mL7VFFF/rZf3X7r/Wxf9MvN/wCWtfEYXMKNHL44fkPvcR7BVuY8n/4KiaD4O8eeN9L8VeHIIvtFrNLbTRWl5+9i/wCeX+f/ALVFX5k+DvFWqeA/jlqXgHVT5UkV5/qf9XF/nyq/Ta9+IV98WvEf/CY33hy5is7CGWy02aazlliltftV1dSy+bLF+9/4+f8AyF/z183yvzh/4KR2X/CCfHiP4l+AYI7aPyfs1pj93/n/AFte7wtNYrGTwlSHLzL3T5niahCth4zgzyH9sPx54f8AHnjg+IbKeaPV3mupNd83/VR+af3UUX/bKsWz+EPwRuv2atY+M2oftM6TF45i8Q2tjonwrstEvZb24tZRcm4upbry47aGOMRxYEXneZ5mCYjwfKru4uL2d5rqSR5OspkPNFnBcTSeRBCJD6V+64Gh7LC06K+yfH0qfsafKiOVgHxRCPPkSHNe6/ta/spaD+zxpHw98T+Afi1B450Tx38PbLX31/TdCms7G1v5ZrmG60qOWb/j6ktpbciSX92ckjyo/LrxCMWWJDP5u/yv3f8A10ru9mac1ys5KyEj1r6g/wCCbP7O37Nv7UPxZ1/4c/tNftH6X8LPDVh4D1XV4vE2piE+bf28IFtax+b/AK0+bJ5vlR/vZYopYx1zXy6Rg4NdP4D12DQ9Rt9RQRCe3vIpQJf+WnPSuacKkoSUJWNKdnLU9h+B3whbX7WTSbh5bK8HlXtnd+V+9i/df/uq6SH4P654lutL0Ofzf9KvPs00vk/6quk8N/EnQ/iFf6XfeHNV/sjVPJ8uGaXzf+/Xmxf8sv8AVf8APKvsj9l34Jw+ML/+yjY2MV5/aUXkywzfaYv+/sX+t/1v/kKvOlxb/ZVH2NWJ7VLLnL95T2NDTfB+uab+zdpfiPXILmL7VeX9z500MX+leVLLF5v/AKNr4X/aV+MFp4x1DUJ9N0YxWejL/rrr93L5sssX72Lyov8Arr/ra/ZD9rr4J/8AFltH0PSvNufD8WjRSQzed+98qWKKXyv+mX+t/wBV/wBNa/Kf4zfsT+MJteuL7wdfR/vdS+2wzRf62Lyv+Wv/ANtr18jz3AV6fttNzlxkswo0vZzl7h8keNluYtavwYo/MivPL/4/IrmKL/pl5v8Ay1rOs/F+oTCOG+m837LD5UPm/wDLKKvTPF/wH8caPYfbr7w5eyR/6vzfJ8zzZf8AW/63/lrXm9/pcGk3v9n6tZyRSWv7yaJofKllr3KeMo4qr+6Z41Osm7H2v+1X8GPGnwP8QaR8VvB39oaPod8uqad4cv1v/LlNtayy2t1/qvK/5ax0z9nv4e+Iz8KdQsZ/DkljJqmjy6j/AGj9s837VLFdReVdfvf9V5Xmyxf9ta6Px38R/DvxJ1y31zxpfw+JI7OzutK0vQY4/KNtb/apbjMf/LL97I0ktfXv7PXjz9nrwF4N/wCEVn8HfaY7XyvJmu4Ypf3X+t/1sUXm+V5v7qWX91+6/wCWVfjcsyjhaUec/fc8w/D2XZrJ1KinzX0jbT7/ACPl/wAKfs665Nr39q6rBLHHFqX/AC2s4ov+/v8A36r608STT/AD9n3T9c8HX19beLPtkVz+6s4pYorWX/WxXMUsX/PKWKX/ALa/vf8AnlFJrGpeG/FQs9V8OeDraxs7CaKyvNO87/W+bL+6iiil/wBbL+9li/zFXjf7SHxPH/Ctryx1Dxx9mktYYrazhu9Hluf9VF/y1/0qKXzYvK/1v/TX915X+qqFUp5hWhM+Q4gzjLaGX8mEPlf45fFrVfHni24sbjQ9S+x2E3mXl3p2pReVL/yy/dfuvK/1vlfuv+uv/bL5X8Val5PmQ+f5v/TavTvG16NK0G1nuodOurjUBLe3VhCssZg/55RSRSxf9dZPKj/55/62vJPEuvC8luPOhH2mKWX/AEuPzf3vmSfvJf8AWV9/llO1HkifjsebF4n2tQ6bwzPodn8PtVutb0OC4n82KPTpZjLFL5sgl/6a+V5X+r83/tl/01rqf2X/AIdT/FbxVHobIYtJsB5t/N6Rf88v+/steGyyeSY7cT8/6yavsj9kPRI9E+B954jjuTHJqlnKOW/6a+V/6Ki8r/trXHn2OllmAnKPxFY2j+75IfaOp1+fS11K30rSRFFHF5UcMX/LKL/plX0N/wAE6vCHhT4t/tcR+BLh/N0fSdDlvdSlim/e/wCtitYvK/5ZebL5sX/bKKWvlG+13/hHNUGvTzxSXFrD5kMsvm/9sv8AlrXa/sSftp3n7L+gfFP4raPolvqniPwzFo0mm6dqAzHLFLLdRSyyf9M4pbmL/v7X4/isvxWb4WpKPvSa721bsfQ8N4alhcVTP3i+Fv7Bei6Q08UOq7oftcsunvLH9+P/AJ6y17RZfCDQfh1pclxLYxSxxQy3M3/o2vxt/ZL/AODmP47/ANvWv/DRPwu8NN4evLuK0OoeFba5judO82X/AFvlyyy+dH/0y46V+uPw41Hxx438JxaV4qv/APSNThljtLuX95XzWHyOXDtPmnDmn33sz9IxlPHUJXk7Qkr+qPyo/wCCxnxO+IP7UfjLW7O50KG50TwJrEv/AAiOnwWX/H/+6/dS3P8Az1ii8ySWKL/prLWN/wAEofit4504aRaaV8P9G02wuJor2XU9b8W/6Tfy+VL/AKV+6tf3sv73/lr/AO0oq/VH41/sYfDzxh4FuI4PD1jHe3UMX2weTF5sssXlfvfN/wCetfgP+3FfX/8AwT11vxFotvqcdp451PUbm38OaLps2LfRLGX95JfAxSECX975cUR/1WD3iArtwdKXEVGWXz96UnfX8epjl9ZRUq0vdhBfeft38K/iL4O8LRx6dcfEPSfP/dRw6faXnmyS/wDXOvl/9sz/AIOQf2O/gDo8/g74U6/f/ELxAY/Lkj0GbybWKT/ppdf/ABrza/nim+K3xAdpHXxhqA80OkmLuQbw/wB/v371zc8s08hcZwf4jzXucPeD+VZNiJVqs+a/RaL82eZmHE8av8KP36n1Z+2V/wAFbv2rv2xNbv5PEviddD0W6lPl6NpB8pRF/wA85Jf9ZL+Jr5WnuHnmM01yxZup610fw/8Ahr4s+Jev2nhnwnoNze6jeXsVtZ2dnAZJZpZf9XGkfck5r768C/8ABvl8fBpC3fxca90T7UBFYy2tp5ts8vtJ/wAtf+2efz/dV+mUYZZllP2VKCj6fqebChmebNSbv2u/yPgX4a+GR4s8a6bo0kUksMkxkvAgIK28eZJX/CISGv3u/wCCXvxP+GHwe+GusfGjUtFjsY5bCLQfDek2tn5Uvm/6qK1tov8AWyyy/uvN/e/8sq/G9fgr4++DXxuf4c618NbnTfEnhs3Wj6zp14wke6v5ZZY4sDoP3VzbdP8Ann5lfrD/AME0PgB44+KXiWSbxVeyf8Ih8NNHiuJooriLzdT16WL/AFUssXlf89f9V/yyi+y/89a+f4oc5Qpy5uWP+eiPquGcHQwqmq8dZaem1z7j1v8Aaz8O6j4QvfBOsQPptrffLZS3OoxXsunyyjzZYpYvN8yX/lp+6i82L91XxD8QfipZeG/209K+JOt3K+IfhB4W1W10vWvEd59misrC/lh/dW/+k/vbqWLiXrL5Wa0f22vGHj/w4/hOx0fSJ75/Hc8cnhuJ/wB3FdRyeVEen73y/L8uX/rlLF/ra/KG+tPjJ+0F4C+IHxA8Pvret/8ACOSx6jrBtY/9GtbUy/63y6+ZyTLK+LxftJy+E++xGJynh7DKdG8ue/w/iftN+xH+1R8Avhn4kj+HPj/X7gJ4v0iwvrO/aXdbQWUt1cXUUEn/ADxMlte2dzc/9MrqKOWofjj+w18K7jUb74seCvjtpXh3VfFl3eSWmj6VcLJb3FpMfNlaVvM+TMUUfm/8sv8Allz+6r8jf+CfenftL/tLftD+CPhH4J+IusH7VenzJrjU5jbrbWthL9pH+qlH7uw8yH/Vy4EscX+rlAP358TLL45fAv8AZY8Q+FfiV4hsvCU/hHUok0EQ69/pmpT3Ev8Ay1f7TLJL+7lEsv8Ao1snlf8APIDj9Ew0aUF7Op9k9bhjHLH454qhN0+bl5r2fN8unY779gPwb8I/EHiS/wD2a/izHp97oOnyGwt7e/HmwXV5HcJN9jkkP+ujzYxS/wDfuL/plXjWjfsga78Nv267qx+HurNPo3/Ce3en+HLKHzZ3MA8q5nijj83zJYora4SKXzP+WX/PWsj4o/GnwF4Z8DfAr4vfCHT5GtLjR9U0jWri0h/eySRm1eQSf89JPNe4l/edetfTv7M83g/wn+3x8OP2fH1bX45tL0I6gtxqsUSPc3l2Zbm4GYsRk+WI48xeZF5cXldqyxeLwmHhyrp5n6Fms/qk6uYwle8H7ltFZPX56H1z+z3+xVdRPZaj4k8batf2ml63JfWcs91FJc2lxL/y6DyrYeXbf9M/9YN3/XLyvOf+C5n7K2n+Mv2a9Q8W2+oTOmmaFqGpfYJZZJreC6s7KS5Esfm/6r93HJF/21r7h8S2Wm/B+OPxDoNhDaWGo+Ymp3MMPl+V+6/dyyf9tP518mf8FTNc8Z/EttN/Z78OeLJLSw+Jlvb6ZdPBD58lra+fL9q2dojLFLHF9IpP+eVfP1syjVw9RTjZH4TkmcZlmnFFKu52p3e+yXXTy3Pnb/ghh+1FfXvgCy+EGqavFFLpOm/brCGK78yR7GLyo5fMH/TKSS3/AO/tfe3xY+A83i3ULf4s+DRaxh/LkvIZT/rYhwf/ACF5lfA//BPD9kP4rfsg/EzxDc/EPTis0P8AZml+E72Nf3Wr299exC62e/7iJP8Apl5tfor4R8SSfCe3g+Gni7XJZBc6fHHY3csPlpJL5cWfKr5jE4GLoKtHeX9I6+N/qcs758A1Lbbrtc+fP2hP2aLH4teDbixgn8r/AFv2OWL/AJZS/wCf3VfAfxg+EvjL4Va9H/av2nzIof30MMPm+b+9/wCWX72Lyv8Anr/8a83za/R7WP2gNA+C3xLHgn4i37aVZ3Txx6HquqXUXlXyR/8APOTzf9b5X7v97XfeNvgZ8C/j/wCEZ7gNp4m83zLR4nikjta5stzapg63sqq0Pls2y2tUpxnOl7svtH5D+foevaD9ovp/Nj+x/wDLWz/55Rf88vN/1Xm189/tFaBrmm6DeT6VeyfaJYf+PTzv+WX/AF182v0g+Pv7Iuh+CPtllY+I4/3U0scMMU3mxeb/ANta/Ov9uSafw3oOoeHL7zI5PJl/e+d/y1/6ZV95geIMJjqf1ajM/Os34fxOCj9YWx+f/ijxFc3XimXxE6+dHazRR+b53+tlr6B+EnxY2SxweHZvtP8Azxx/rf8Atr/zy/debXgPjv4c6j4Tlt3mO6C6hiuYXx/5CqbwXNp0tncW958QpdJf/lhaWumeZ/5E/deVXs5nkMMwwyhM4MBjKMf3kWfbMv7YHh7wU3/CJQJq19rH2Py4dP8AJ/5ayxf9Mv3temfs5fD34y/tFeMLfxB8WdIltpLWGKOz8Nadpv2a1tfKi83zZYov9bL5UUv7qvjX9lHR7HUvEkeq39x/qpv30vk/vZa/Xv8A4J3fEDwT8M7/AO0a5aanqsl/aWtlZxX80X2aLyvtXlf8sv3UsUsvmxV+dZlgsBkf7uNPmkd1PN5YzGQpKZ6DZ/Cux8H6PHYweG7GX/nt9rh8rzfK/wCmv+f3Xlf9svzT/wCCqnwAvb3xBqEvhTSZfLv4fMs4j/rYr+L/AJZRf9da/azxvD4O/saSfSriO2t/scsflWmpfuovN/5ZRebF+6/1v+qr88/+CingODXvDl5Pofmfupv+fPypf8/63/v1/wBsqw4fxmH/ALSVTk5ZH1+YYeKy4/Cqb/XfjVyOKUPHe2doUXIjBz/y0rT+IHg6/wDAfjDUfB2pITLYXRjBCf6wY+T9KvaR8QTpPw41XwBb+HdNlGrX9ncT6pNDIbm2+zibEUR83YI5PMzJmM58qPpjn9xw75oe0ifBnL3l3POcTVO+n3TWa3Zs5BFJKUilP3MjBP8A6Gn51FGLczx/a0cR/wDLXy6s3Vxby2lvFDZeUY4iJGDn94cn5/5f98V1OLqgZhBHUVbbTb5Y0lNnJ5cn+qk8rrVWQhTk11vhv4gX/hrwbrXhDTbBFXXYooL6fdKHNqkoufKxv8vDyxW7nKHm1iI75wjOlccrnR/CHV72y1W387yyIofMs/8Arr/yyr67/ZL/AGwNV+FfjOOefXPKt5Yf31pL/wA9a+K9A1GG0sJPOn8uTyf+WsX/ACyrrPB83k3/AJ8/lx/9dq8DOcDQx9O0oH02S4mS/dvU/UjxV/wUHv8AWPDkdjY/bb6zih8v7J50UsUX7r/nl5v/AF1rxPx7+2lBoFrcT33hPUvs/wC686H7H/1y/wDjX/kKvm/wH8Trez1D7dBP9m8393/2yr0Aab4P8YW1xfT65Y6JJdf8tf3vlRf9+v3v/kKWvnsKqWXfupw0PfxvDqx9PmpVL/oR/Hf/AIKM6t8RdB0/Q7+xvZNPsIYraztPJ8qKKvlfx34k0nxXqv8AaulaTHZSS+b50P8Ayyir0j4tTTzaNZ6VBrtzLHF+8/4/P3Xm/wDXLyv3UteI6lbRadqj294ZJMfPLX32URw0afPT0PzmrlzwGInF/EfT37N+g33iXWbPXJ/tPmf2l/yy/wBbdS+V/n/VV9cWc3hWbWbi3n0qX/QP9GmmmvP9V/8Aba+Q/hj41vvDfi2PSreCKSSw/wCPOL/nr/5Fr1jXvjZfQxR+RYxeZLN/rZZvK/5a/wDXX/nrX5rnGCrVMR8B4eNzDMcRU5k9T6Q8H/EKaHVPsM8H2n7V/pM0MsPmRRf5iryf9t+z8VabeW+t+fbS6Xqn+m/ZPJ+0xRRReV5sVz/qv9VF/wA8v3Vcv8LPFetzfY9cuII5Pss3mQxf8spZf+Wv/XX/AJZf9+q6j9paG++J3wquNVgv7aS48JaPFHDNNDLJ9qtfN/4+v+/v+iy+b/z1iirXLMNyVuU9D2jrYHX4z5Z/aJuLzTUNhYxxmzi8qSGW01Hzba6i8r/pr+9/7Zf8svKryjVvFng6bw7NoEvgnTv7S+7HrEVzdCWMebn/AFfmeV0/d/582vZPE3hpdS8IHxZ4heOyuPswkj+16lDHJ53lRcxyGT7SR5n7391HJ5vmyxfuvK82vnzxVawQ3ZvWeV5JZTky9/8App/q6/ScFS9hS0ODLoxfuzeqMGa6nD+WfXpX6M/8EyPhNrv7Qf7Pup+H9Lhtov7Jt9TMHlRSGWWW2h+1S9P+mUv4eV/01r84nQBcA9G61+m3/BBLxPBr3hrxt8G2jtxeXV5FNos048zyprmGW2P/AKLir4TxB9tLJKlSn8UbfmelXdGDhKeykjzD4p+DNd0q0lSEeZ5v7zzYv+WtfP8AoXjb/hUnxzOteJfDT6zoF432HX9GuJTGNR0+WLypbbzBz5o/5ZS4PlSxRygcV+2/x2/ZG0n9oH/gn98O/wBoTwF4eka80zw3FZa9FBN5snlf8spf/RkUtflP8fP2X7IaZcHEltqFhDLIZf8AprXwnBnEdGrL6tW+P4T1sRT+rezxNP4SPU/2dfGf7O9xoP7THwunb4ifCVtTjudL8W2cQktoZYhHL9j1KMc2NzGTGPKl/wBbx5ea/V79nT/g4k+D+veErOL46eFdbsr6OPAuLaOK4t5P3Xlc/wCq/lX4wfs4/taftQfsCeNrvWPhbrJsLPWYPs2s6TqunRXOma9bf88rm2l/dSxf6yvo/U/27f8Agk5+03cT6v8AtG/sN+MPhlrtxATcaj8DPFFqbKWXH+t/s3UIoo4h5n/LKKX1r6XPshqZpDl15e8XZ/Ndz7vJ+LMvjg3SxsOf+XuvR9vI/Qb9sn/g4y+AnhH4fXEHwd1++8Qa7JB5dnp8UXlxQyf9NZT/AO0/Mr8K/j/8bviX+0P8Q9U+MXxN1mS81HWLwyzXEgPPX5EGfuAenpX1pb/DH/gibr6HVfDHxq/aGju8RiK11XwfoVx+8P8A29eWa5TwH/wTt8SftHz3Hj7TPidrUuim6mttCtU8E38t9LFGMRReZ5UWmRcbP+X4Ef8APOseHMuyDhiM3zPn6yle/or9Dz85zSePpKGGgow7J6/M+M7SGWadggbnsB1r2P8AZW/Y5+M37VXxW0/4V/DTwje3V7dnzHDwyCO1t/8AlpNKQP3cfvX6X/sif8EifANjZxfD34f+CoviD46vIozr/ie6hl+xeGYjz5UUf7qOKX/llLLL5sv/ADy8qv0P+Dv7M/7Pv/BOLwRq+upd2w1q/wD3+u6tN+7lupf9b/37rxOJvFCjg4yo5fSlVqP4eiudPD/DlCvKFatK7/l/zPhn/gkr+yV8Evhl+0v4T1X4g6JHoGs+DNavrXWNN1O1l8yW/uvstrYyyebL/wA9Y77/ANFf8ta/dDxInw/8ZaJL4YvrhESS1KQiKTy5IR5Xl/u6/A74/ftt/Ar4sftsQfGjwV441az0zT7WLTru28PaJLcx6zLF+98rzIpYvN/eyf8ALL/nl5sUv/LWv0c8P/tGeCL/AMKW3j34qv4/+G+jNPGNXufG3gSbTvs0sv70SyyEeVF+8j/8i1pleIzOvg/b4hfvJLWMunX8z7biDJ8vTpVaEuT3fhj0fl3ueb/HT9mDwP8AtB+NI9C8DfCTRNJ8b3hGn3HiiXS4vtCJFE0VtdSS/wCsiliikk/e/wDbL97/AKqui/aJ/Zs+Ivh34c6J+w1+yPa6fpOlzavs8R61fQZx/wAvV9ff88k/1sf/AD0/55fuvNr6M8OeGfCWpRHxP8JvjBY63cS2a3EX2loZI72KT97EfMi/5ZV8TePv29PjL8YPitJ8Pf2Svh5qepeL9dtjplxIbPzRpNxFLdRSGWX/AFYi82K382WXyv3Xlf8ALWvEjic7x+LjQrQ/dx63vtsiqNCWPa9laEIK8ubTV9XtfyPH/wDgon4rt/g94K+N3xi8Z+N1u7Hw/o0Xw6+Aby2MEMSXN0v/ABUM9tb+WOY/LltvOi/1Qmli/wCWdcb/AMGr+j+F9V0/9oK78RWFnqFlP4d0uz1O2u4d+beSW7MnB/dyR8dK7/wj/wAG0sHjPxZJ43/bm/bcfS4769eebSLTyri+uvNk8zzpbqaXyoppZZJcxeVdR5/5ay19X/DD9gb9jD9kr9nfxl+zd+xfpviGLUfE/g+403XPH+rqzx6mH+1eVLcXTCK2PlfaTxbeX+78v2r9Hy6eHwWHcftHi1an1nMYUI+9Tv8AFrbpd9F0Pzc/ZV+E2n/skf8ABT+9+Bfw/wA3Q0GXyfD2sZAeK3k0qe5ubaQAfvI5ZJTyc+X/AMssebz+gv8AwUg/ZJ8L3/7J/ib49zeFF0/xhb2msavJqM0skmEthL9l8y2l82KXzYora1l/6ZSy15t/wTk/4J2SfscfFaf9pj9p/wARaVfC91mw8N/D+50vUFvUv7nUJPK+2b05hKR/uo/+2vtXuP8AwVm+P8LeCfir8AL7xHZaXGvwxkudPsppvLlljKS8wjZ+8Ejxyxf9sq7Y4iEMBOc17x9r9aw889w2Cyx+7H4pLS97XWm9rn5j/wDBGT9nfxT+1J4l1z4Lanq2oRaF/ZOo39h5V08cUVw8UdnKx/8AAi3uP+uljFX6IfDj9mu0+LP7Znw/v5ryUaV8FYo9I1PxRcnEur6mkiCC3jk/5a/6uXzf+u1eZ/8ABAK48HfCb4RePfF50Jm1uC1R8CP99dJBF5rxx/8AA7lf+/sdfUvwr8ZXPwj/AGKPhT+0f4gdXl1XX7HxD4hmlGNv9tXZEr/SKO/b/v1Xx+PxabpteZtxdm2PweYVcHHblUY+rV218tPU9c8ZfGCy1r9rPxN+yDqUkc1pd/CK31+1tSP715dWlzn/AMlv/Ilfnf8Asz/FX4mfEz4mWPwz1XWzNqnw68VILi6dZbu6uYrRL6IxRn97JLHL5nlfvfLSKOWWX/lrHX2FF4f1Gy/4LF3fjHVg/wBn8QfBSO00aaRP9d5d60k1vH/1y2xS/wDb1XzP8IPDek/s+/8ABazxB4KexeHT/GXhWaWx8yX7tzcGO5l/9Jpf/IdY51N0aMXDz/Q8LhKWFweFxEKseabgpR8nqmfYvwz/AGxfg7rGi+HvEPjfSLeXS7q8I03XjYA29rJkfJL/AM8pPN/df9dY69u8WaL8HP2lPCkbaXr1vcNbHfaX2nX37y2kxXwF4r+G8nwR/b/tPhxrgivfhZ8ZNJudW8ORXURkj0fXIvK+0xx/88opfNSX3luZa6zx/wDC34zfsQ2mkat8H9dN/o02qXNvPPdWlxLiKU/6Lb+V9qiiiii8zyvN/wBbL5UVeXhs4VCn7GrHnTt+J5mPybL8TWhVwtWUKktY/wAr7ryd+h6p8eP2UW+K3gu68M/ES6j1C1lh/wBF1S0m/wDIv/TKT/rlX5ufGz4J/tYfsl69IPAHxh8ZR6XFN+5h/tKWW2r6x8P/APBV/wAJ+GfHk/wz+MVwng6e6vI49GbxXZfYrG/sIv3Ut1Fc+b9mxL5cf7r/AFv72vQPil8RPB/iHwVqHiKLR/tNnH+71CKERXPmxf8APW2ji/5Z/wDxqvhs1dXD5jzrmjCfR6r7z6TKcbm2VR9njKPtIdv1R8PeFv2rvi38WvAcfhzxjPZXNx+6/feT5fm/5/e18f8A7UXhXx/4w+NNv4OvvDlzcyX83mQzQw/8fUv+t8qvtQeD/AGsfEu8/wCEcn+zW+qQ+Z52nTfuv+uv7qWL/tr+9/8ARtdV+x7+zFp3iX4ueIfE/ibSvMm0maLStCm8j/VSy/vbqX97/wBMvs0X/bWt8qr4nJ60sTR96/Tz6fifOcSzoZzU9iqTgpH5nftMfBfxP4b+Hclj470aOKP7XFFDNDD/AKqX/Pm18VXunf2br0ljP/yymljmr9vP+Crfwa1W98Gf8K6HmRyapNL9ji/dR/vYv9V/6Nlr8W/EmnT3viH7dqsMltced5d5FDD+982v2XgXiPF51gpxxXxRkz8ezLJY5PiZRpq0D0z9nW4sdI0qPxCfL+0S3n2YS/8AXL/97F/36r9BPAfxI1zR/Bun6VY2NtcyfurmbzYYpZfN8qX/AL9eVX5vwvc6N8HI/ENj/rIteuo7yH/nlL5UX/kKvtT4A+MLfxtoNvewarbS/wDEt/czXc3+q/5ay/63zfNrm4wwVSc4VoHxvtamDxarx/mPVPHn7aXj/wAryLHxxpv+i/u7z7XN5Xlf+Rf+eX/f2q/gj9s3wf8AE7T9Q8K/EbVdNuf7Uh+zf23+9/1vmxf8tfK8r/nr/wB/Za8ovPhtL+1p8evAPwH0XUPK0/SNBv8AWfEt3D/rpYvtUUXlf9dfN8uX/pl53m/9dftv4bf8EqPg7Z6XHBY+Fb2K8lh/4+9PvJbaWKKL/pr/APHa450MtwVGneLdR66H3OWYfO89pSqTqKMOx+aX7W37AnjLxb4Qf41eALW61LVr69upbvTYbU+bJaxeVF+6/wCevlYH/bKQV8WXmh3Oj3503VdMkSTzcfve9fvx8GfFHh39mn9oe4/Ze+O839pSS6b5fg/xNdw/vbqL915VrLF/yyl8q2ii/df637LWH+1p/wAE0/gv+0J4auPGOk+B7a1kupvtPladD+9l/wCmv7r/AFVejlXGP1H9ziu/4A8mxlGfs395+GurT6NcaLZabZeE7eCe2mmN1qkE0ryXqyGMxh0JMcflcj935efN9q5eS1mhl8pq+97qL9pL9gK78YeBvhd+0LrfgkeMvDcvhzWItQhivrXU7Dypf3UUnlSy2sv72XypYovNi82X97F5stfF/jDwb4i8La2dOudPt5biOLzSbNoriMR+v7rMdfp2ExmFx/JVoz908yf7up7OfxHMQ2ZEnkSRnfnpVmwDWl0LiOGOUId+JYv3dfYX/BJX4n/se+BP2v8AwNqn7evhXRdU+H+jrdRRwXfhuKS2kmuj5Xman5UXm3cUXmSfupfN/wC/VfR3/Bymv/BMO9+LPgDWP+CfVh4Kj1G90RpfGEnw2tbSLSCM/wCi/wDHnH5X2n/WeZ3x5Wec17KwtL20IwW/Uy9s0flrZ6vYiEQX1mD5X+prvPF3wz+IPw38B+GPHXiPTYbbR/GNpLceHJrXWba5+1RRSmKXMUUvmxfvf+etecXlnLEzYi+TNaYPh9tJgSOK5jv/ALRN51w10DDJHiLywkXk/u3H73J8wg704j8smTjxGGtVszphWlDYLfxxrtpMJra+8sx9q6zQfjhqP2YWGrz/ACJ0lrlb3wV4l03w/a+LNR0W4i069mkjs7uS2cRTSR/6yIP689P5Vz21s/erza+CpVX70D0cNmmLw69yZ7lP4l8Ha9o0gvp45PN/5bVwut+FYL7X/I8Kx3OoRy+b9jMUP+t8quRsmdLlFld0QSdR2rsNBhsNN0eS+n/e3Ev7uHzf+WUVd+Gw0KVH3DDEYiti3dnomj3ltoPiKSxnuI5JLXR/M8mWHzf+usUv/TWKL/yLWx4b8VWN55kE5to4/wB7J/qfK8391XmMGt3IuZ9LsLg79Uh+z3Ylhi/dxebFL/7Tj/55V0XhvTZte0byIP3d5+6j+yf6yWWL/lrLXk47DUJ6s8GSjRq6n0B8PfiHY+GtU+wz+I/tMcv7ubUbTzfK8r/yF/qv3v7r/prXeQ/ETSp7/VPB2q65HbafLpsUlnaadZ/upYvKil8qWX/W/wCtitv3X+q/1ssX/TXyP4Y/Ae+1K1+3Tzy+X/1xr0Sbw39juvsMGlRXMdrN5f7r/l68r/nlXz8amFo1vcMJez5vjMf9qv8AYq+O3gT4VeHPjt4j8E6lbeG/FtnFe+ENWkh/0a6illl8qGXyvNiil/dyS/8ATWvj/wAVQateS4uLGXzIv9dFLD5flV+ncH7T3xBu/AHhz4YeN3uPEngHw7qMOo6d4K1uWX+yJpBdxSgeXF9T/wB/q+WPix8FfC3iewvPEfhNraK4ivP+Qf8A2lLLF+98391Xt4PG1W3f4QnXw1CfunydNorPPkQySeZLX1N/wSv+Js/wv/aC+w2880Z1nTJI7NQOPtEcvmRk/wDbOOYfjXA+LPFHhyX4W6F4DsNAistR0HUtTvZtctNR837dLdRWvlfuv+WXlfZv9bH/ANM64/4a6xe+FvGWj+J9E8v7Zpd5FciGL93L+6/e1zZzho4zL6lP+YJVfrNBpn9BP/BLX9svwd4T+IniD9m7xxb20Gj67eXUsFq3+q/0mWWX/v1F5ksX/XLyv+eVeH/8FYv2LrH4KfEX7dpFj5nh/XofN0ef/wBGxf8Aov8A8hV8S+Ov2o9B+HureG/2kPBXi621H7LP5d/Yx3n+lSRS/wCq/wC2sVfpxdfFvwN+25/wTbttB0jxBHc+KPAixPZpef626sPKi8qWL/nrFLFX835rlOY8PYqGP2hzfjez/wAz7Ph1xx+E+r1UfjreeCZ9M8R3E8Fv5n2X935M3+qurWvQvhD8J/g341l+1+J/hFZSXBm/df8AEv8A+mX/AEyrY+I/w61zRvFcev6dYRSyed/plpNN/wAfUX/TWvb/ANlbWfAGsaPqHh46TJHqkU0Unk/6yWWKL/llFF/y1r6TNuKsa8rVXDbvsa5Zk8Hm/sqj9w97/Yh/4Jy+CPFOnyeP7LVf+ENs7D95D/ZMPlyy/wCqr6/8I/8ABP8A+B+rwxweLvH3iDUrCLpDP/qv8/vaqfCzTp/gf8NbOe+8K3v+lQyyQ/6rzZf/ACLWF8VP2xNV0TS7m18FeCbq5S2tP9DP7qPzZf8AplX4hhcw4ozfOJwxV7fZP1TC8JYOsv3ex7148/aL+An7K/gJPBPw40SKxsoof3otl8v/ALa/9NZa+OPhP+zD8Uf+Cs/xyXxr8XE1LTfg1o0flXcdpdS2/wDwlcv/AD6+b+6l+zf89ZYv9b/qvN/55dF+wx+wd8Tv2qPGcn7UH7b80dz4di/eeHfB8Xmx2Mn/AE1ltpf+WX/XXzPN8r97+6/dV+j/AIU8RaV4HEumQ2ttb28J8q0s7X/llF/yzr9vy7J8Nk9GlicZrPp5HnZhWpZVGeFwK55/al+hzulfsWfAPwJoemWOnfD3TbXS9BeKTQdGsNOiitrDyv8AVeVFFXzz+1D+2J8TdQ/am0b9k39mP4faP4u1XUdKkm8aQ6u3lWekWPaW4lER5/e/6r/47X0V46/aL8L3vjHSfhPphe41nXfOMNpD5WYraIfvZZP+mf7yL/v7X5U/8EX/ANoX4k/FD/gpR8b7v4vaVd23iGbT7kfZb47JdKji1LEtr/2z8yP/AL9V7eHqxx+NhKi7Q+13OTJKGIxNKrWxUuapTXuxfn/kfaPwu/4Jm614Q8NWuh6h8cpvCcUUsskOkfD6yit47fzZfMx9puopZZf4/wB7+6rfj/YA+MVzrh0O/wD21PEmneCYlHladounR2+rT/8AXxqU0sskv4RxV8pyftPft+ftN+JfF3x3+CPxA8H/AAv+Bula3fRW3xF8Xx/aZNRtLaWWKW7t7f8A5aD92fveV/zzzwa8X8Y/8Fftc1Xw3qPwl/Z18cfF/wCMHxEuYvsukeJn8PQWVhJN5kfmSxaZaxtL5Xl+Z/rUMvb3r3ZU6MJ2pQ/Hf5HtfVM3qx/jx1S5tFp6va6+8/XPwH+yP+zV4KtVjg0CO/nCbJb/AFvUZL25m/6aGWWUmuO+Ov7Bf7IPxo019K8Z6FdJbSytI9naeIrq3i8z/rnFL5dflb8Pv2Qf+DjX9sG9Gpa54p1L4Y6NdSSBJ9X1caTs/wC3a1zdfnHVr9oj/git/wAFb/At14dsdG/bV1Px5Hr2q2ul3Oda1O3+wTS5zLJiSX/Rov3n73/pn/qqqGHxU1rBHkU8HhcNiv8AftfL/hz9HPhb+xt8Qf2X7Wa1/Z++LcXiXQFER0fwX47mEkWmSjzf+PO5j/1X+s/1Xlf9ta57xz8D9Y+O37RnhDxh8UfgmNI8R6XoN/ZXK3Spd2V7akY/dTD915sfmSfuv+ecsvXy69F+An7DPgr9mD9k6x8F+MfEupeIdW0PTIr3Vtc1XW7qQSX0UfmSyxmWX91HnPHvXuPh99Ei8MrYQ6hNdxvai8sZJ5PMkSMeX/y0rOvGtGcaUtPRnDTzuthMV7ahLmldx5mrPXS+j1+Z+WP7Nnwp1L9ibwD471vxBrdqy+FvigLaTR2eKM/2bLH5TSSySHzP9Jzb+XEP+faD93/ra+zf23PAGieO/wDgmD4u8MfBPT472DT/AAF9u8M2djb+d9payjS5t444/wDlr5hjQfjXyl8OfAVv/wAFAfjJ+058JplksLDUbqGy1ELJ+90zVrGWWKzvYv8AwGWX/tkP+etU/wDgmV+2v4p+DUWt/sY/te/Em08O6j4cllt9Gvb6WK38sRyeVLb5l/dy/wCsHlfST/nlXhZi3RlCpye6fbZvgcXm79up89am4ylHvFpbJdtT6I+Df7YHwx+MHgf4eftUaTZ2s1xb3kejarcSRp9r083OIry0l/d+ZD5cvlSY/wCmUdcT/wAFddMi+EHxI+Cf7Y/hzVDbtpfxCh0rxJAofbe6ZdRebLL5nmc+VFBL5UX/AD1uP+mddX4N+BP7Huu6hJ4Q+GPx8U2+p6rFfJoujajbCE3cefMk/dRdZPx/eD/pnXI/tAeGvFP7Unwh+IfwBvdKvH0jwHGumeE77UpBNcXl/p8dlLFdSS+tyZHjT/rlJ/z1xWkMxw+KoOnJc3+fU8FUqcMfCpR5oWupJprRvRK/m9T0D9uHRV0b4E3HxHv9CuHX4T6/BrDlovMMumTY+0zL/wAtPLijllk/7ca739nfxjpXx08D6/8ACTxzcW98tuvlQfvfMklspMxxZ/6axSxtH5n/AEyzVWL9qTwR8Z/2I4PjrJ4e+3aRqfhXzPEmn2sfmyxweV/pEX/bL95XzJ/wSl+GPib9mH4QeAvFGv8AxLtPEvh/V7q80vT7nTn/AHdnbyzH7NLL/f8AN/df9c/3H/PQ14NbDUKGKjUp/wDDr/gERjOrltSFb3Zwk+T13a+drnF/t4fssWnxW0bxJ4G1cxw6zpHm28N+h8s2uqRxeba3X/XK5i/9Gyxf8sq+eP8AgnV8b/FPwf8AiBpHwR+O3h698KW2s+G7W7h8N3U8v2aL7T+9iv4o5ZZfKjl8yWWWKLyoovN/1X7qvuT/AIKVa/4t+ADXn7QGk+FpvEWl6hNo2i6voEUdrGH82/l8q/kufKll/wCXzyvK/wBiOuGsfjt/wTv+M3xVt734p+D9I1bx1aj7PA+rS3V59l8r/Ww21yf3UvlS+b/x6+b+9rlzypT9gqPI5RlvJfZZ9bg8zx+Jyym4x52u254p/wAFHPCuofsn+KIfjF4L0eA6XN/pN7pssPmRRS+b+9i/5ZeV5v7r/tr5tfYP/BKmz8QfEfwFd+P/ABj4dFje3Vx9p1a0E0Uv+n+VF+68z/plFFF/39rwz9sjxL8GvHeoxeFU8UWVzZ3Etrb3mk3evXGpXV9L5vmxfvbqWXyvK/dS/wDLL91LL5v7r/W/b/7JHwotv2fv2ftKi1TzYrh9OjuNReZf+XqT97L+7/7aeV/2yrmwVJUsAnLVrZniZ3WnTwi5lapLQ/Pz/gsDqtnrX7Yfwp+FPh7VI4ribxF9iu8f62KK5liilr8if+CjP7MfiT9m/wDaB1CAQS/2fql5L5M13N+983/pr/01r9HPj78TH/aD/wCC63hjwjBfNcad4Z162aY2kP8AqpbWH7V+8/7ax/8Ao2s//gvv+zkus+G9U8VaHYXP2+1v7W5jhhtN/wDrZYov+WX/AF1r0srzb+w+IsPRXw1Vr6tnmZ5leHq5ZGdX4+X/ACPy4+F1nca58P8AxF4bnjxb3Un2mLy+/wDyyk/8ix12fwK+P03w8isfDmsarLHcRTRW372b/wC21gfB/Rp9L+HOl3tx5n+nw3X/AH6+1f8A2qWvFfHGsXWv+N5JNNJk8272W0Qr9Zr045hGVN/CfgdWCrY6dOnsvzP0T/Zs13XvC37dFt4g8MaxcRXS+CYbzRZIj+7m/wCJpYRSxSfvf30XlC5/zFX7nfB+/tvHngW38UDRLm2uPJ/0z/Q5fKl/8i/5/e1+CP7KUmm+O/29/hN4N8OahHK8fg46TeXUX7397J9q/wDRX+t/7ZV+6v7M+hWXhf4e2tnrlja6bA0EkkMV1axfcjii/exyf6r0/wCWX/LKvz7OnPDYmm49I/5n63wzTjPI7v44s+H/APgsF8EXj8K6j8YfDsdzZa74IuvtemXXneb+6il+1f8ALX/nl5Usv/2qvtX9l7T08d/s+6HrVj4Xkez17R4rn/U/6r/P/tKvnj/gtpbxaJ+yr4zsNDtzJqmvaja2WmwxQ+Z5sUuoWvm+V5X/AEy/9G19T/sFeG18Ofs++C/CmqzS+Zpdn5fkyzfvf3X+q/8ARVfG5hGtmEqDjL7cr+lkehecqM5zifCf/BYX/gn/AKX46+H1xrqaHJFHdTfvoYv+WX/PKWKvw0+I/gbx54V8QXfhvxLpsl7d6JN5TTMfMk+y/wDLLr5v7r/Vf9/fKr+v/wDaK8N6H4q+H1xod9pMdzby/wDLHya/B/8A4LDfsl+Dr3wdefE3wdYi28QeHP3c0NrD5cl/YSy/+jYpZf8Av1LL/wAsoq/Q+GM//sjMVgqsvdkfL5rlrrU/rFOB+Wlh4nsbe9kvPsMUtv8A6uGK7pmkas1nqU1za6fG/wC4EctrL/y0ziP93/20qtGmi6j4phbXJpLKzkuil9LaWvm+Wn8cscXmRgj28wZ9axzHardtDDfP5Ab/AFkkX/slftNPNKrfunykaEEXNS1ye9uri+gs/LSb/WisauubQYj4Qsb/AEfxbbXdzqepyxS+GrWK5NzD5UcXlSy/uvKIl+0SRxCOWSTMcvmCIGLzeevLGSxLC6cxzRymOS2kGJI8fWorVqtV88zSEUtCOzvFilHmklO4r7U/bw/bD/YM/bJ+G/wZsfhN+x3ofwN8b6BbS6d8TNT8EaPbR6Te2vmQiK5jii/e3Msccc0nmSfvf3pj8ybgx/EVKHwMYqKddS/iByHTeKrDQdL8VX1j4X1j+1tOjvJI7PUfsn2b7TF0jk8o/wCrz1r0Pwp8GNd1D4fXfxY0eMSaZpUgtppbtcRy3Mo4ii/6a4/5ZV5FbRXKlZjC+xz9/FfQfwR+L1lJNaXXxK8TXOvw2F59o/snVdSl8pv3XlSxfvf+esX7qqxWIkqP7s9nJ6OGrVuSrOx574I03xBd+I7fXNB0xLmSCaLj7H5kXm/9cv8AP+tr3L4M6P5Msk88Ft/rvLs7u7/df9tf+uVc18I/DlnqVpJoyG5+2SgL503lW0UQk4/e/wCYv9b5vm16TZ3muab4b/4Ry+0TzIJYf9MmtIbr/RYvN82WKX97FF5UsX7391L/AN+q+LzXMPe9jA+QqUa+L1iaEPxCn8N3X9kwaHbaRJLNL501pZxWUssX/PLzZf8ArrXQal8Qtc0HQpLexHlXH7qSaa7s5fN8r919ll/56/vfNli/exeV/wB/a8bOva74q1TT908dtcRWf22bVpppYpZYpf3vm/6397L+9/8ARVeifDGDQ9NiuNV8R+VHb/Y5bbyYYfLupf8AW/uovN83yov+Wvmy/wDPL/nrWGHw8Uro8yvT9i/3hsXnjzxHrGl3Fj5EWm2/nfuYbub915UX/tWvP/iRda5Z3WID9muLr/nt5scUsXm+V/6Nir0T4zeJPCsMsnhzwBYx3N5LNLHeajp3/Hr/AK2WKL7N5sX2r/nrL5sv72Xzf9V+6/e+M+MvGcVlqdve2ljcW9xLJn7LHZyxy2v73yv9b5v7391F5v8A21lr38uqcu8TmcIVqpxupRaYY7yDybaWSX/UyxQ+X5kX/PWuK1PStYsdQJtE+bH+qf8A55V7j4T8GaP4q1ufTdW8VQ6WJbmGKfVtSt8W1rHLJzdSyZml8zy/+WUUUsp/1UXmVmeLPhXq93aXkWiXFtexxabFJPNY+b9m/exRS+V5kv8Azyl/9FfuvNi/e13OvSqP2Z1UG6EtT551zW7zUn8q5aP91/0yr2n9mv8Ab2+Kv7PmjXXgTT7PRdc0C5jwLDxHaySxW0n/AD1ikhMcsR+hrxzxp4bvdB1J/tUBx/00rFa0fz1gUda4sdl2DxlL2FWCnD0PrcDi5YaCnSkfYejftXeJPHiwT61Z2dtPL0itxL5f/kWvTvAfjb7Hf2euQXEsVxazRSWd3D/rYq+K/CuvfY7q3g8j/VTeXXtHgn4hQQ/6PDB5vm/6n9zX5/nfDGGpRvh6djfCZrVWM9pUP6F/2Ovj78MP28v2dLHwKfFFjY+MdBtYo723/wCevlfuvNjj/wCeUtdT4Z+Eug+B/Eka/EpIrZYpvMjSa3/dS/6r/VS1+GfwT+LnjjwH4u0/xj4A8SXOm3kU0VzZzWn/ACylr9Zf2dP+ChPxI+IPw5stP8cfC+XxtJ/qrwaT9ltrmKWL/npFLL5Uv/kKvzDFYLFZRi416ai/XQ/T8ozOtiaMvZy+X+R9ceKP2rfA3hm2/s/RRd3Mxh/crY2+f3n7yvn79pT9u74Y/s6+FLr4kfHX4gpoUksUsmleGjN5l9df9s4pef8Av3WWfEfx78TPcal8Cf2IdS05ivlx6h431e1to7aX/r2tfNll/wC/kVfnn/wUM/Yn+MXgjxJe/HD4jfFe58T+M4j/AGqdJGm/ZrG18r/llF+9l/dRVthMVmWa432mOlFU+iXX9PmexQoYGhRcl/EP0l/4JQfEzx18dviHq3xv+JvhqXQdX1qGKLTPDcsULS6VpYi/dRSn/WxSyyySyyxf8svKtYv+WX7342/4LPfAz9r7/gn1+21rP7eP7H1rd2uk/EvSZNN8Sz6dpsVwLS6kjiB/d4P+t8qOUS4/1scv4/ZX/BMz40+AdJ+CPgr4m6U4XTPEGj2tzcXkn72XMkX73zf+mvm/62vsX4maR4O+Ovw7vvCXifTbW7sdUtJbea3uT5kX+f8AprXpYPOMJga1Rz918zXL0229T5uGLq5fmyqr3oStzM/K/wD4Jz/sffCa6/ZS8I/HH/gpl+05JqPhNbeG90D4feIfE32TQ9Niz+4FzH5g82Tt5R/df8svLkr6Sn/4LHf8EZP2XbfUF+EOvaI92q4uIvBXg2WP7UY/SURRxS/9/ax/gh/wTw/ZQ/Yi+KNz8fPij4E0HxAuq3RF5qWuWET/APCM/wDPKaKOX93+8/5ay+X5v+r/AOmtev8A7Wn7YP8AwSd8JaPa6z+0j41+HmrRpEj2Fld6PFq1wPL/AOeUUUUsv/LSvtcsz3B4qglTlGMvxOrMsSsbjm3Gcqb/AJXZfcl+L3Pkn4m/8HY3wf0vU/sHwc/ZP8S6+hX98+tavFp3/kOKO6r2r4Cf8FPv+Clf7VnhmLxR8Kf+CYMWjadKZFh1bxj8TYraMuP+mRtEl/8AIdJ8LP2mvDPiGBtX/wCCf/8AwSe1m4NzFstfE2q6FY+FdPuB/wA9Q8v72WL/AIDXYfEL4e/tb/HnSG0H9oz4maR8CNNnUFG8C+K/Ov7v7vmD7TLDEi/6zy/WvRniOSHNUm3ftp+PQ550srvaFFR/xO7+5O7PBf2y/iJ+2p4W+BfjfV/20/8AgoL4J+G+o6t4au4/CPgH4fWahPtI8sxGS5nilupfMO+KURDAEuRXi37HH/BYrR/2NPgNfeDvjd+1Dp/xd1KyhMfhrT9G0u+F3Ghi/dW9xe3UUcezzP8Af8v8q+q/C/8AwR+/4JWeCdZe/wDHFhe/ELWp5fMub3XtfutSll5/eebFbfuv+en8Nez2Xhn/AIJ4/s420XiHSf2W9H8NR2qxxx6pYfCx45Y0/e/xxWvmf8sjXnTxmGlXShNKXrdnp0s1ybD4RUvYud3fZJfLr+vmfIH/AAQV+IOt/E298a/HS/8ACN/p9xaX+oX/AMSNdjsGeLX7y8le6ht4kHPmWysHx6XX+0at/wDBdz9iDU7jwcn7fH7PdwbTVtLsvM8VGzj8v7Vpkn+qupP+uX/LX/plmX/llX1F8Of+Cvn/AATo8feLdC+E/wAKP2ifD93rXiKZU02z0vd+8mk/5ZH93+6k9pMSe1epeP8AwZo3xw+D3iL4N6wsV/o9xY3Wj6vp7R+X5tlc2v8Aqv8Av1LXk5njadOrToS96/lb8zChn+MjxAsdSXJHSLje/u7WbPzA/wCCT/xB8b/tD/suaf4t1LV4f7R+HHjvSDClrHFGLfTY7eCKeWQ/7cUk0kn/AF71+hfjHwj4S+H/AI813WfGOrWOm+H/ABVpUVzNdXFziW01q22fZZYo+/7m2zj/AJZfZB/z1lNfmh/wRKvJvgT+2P8AE79j74n3Uh/4SPRbqKO7KeX5tzYXUsX7ryv+esV9cy/9sq/QL9v39n/xx8VfAOj+KPC2tXFz4mt/h94g8PfYY28qLU5bq2ilxn/llL5lj+7k9DJXLTq4ehjdun+Z7efyWKzynSlLkhO3veqT/NHL6f4nsf2ZP2iNM8cT6zpKfCD4vXb2MwjvbYWWia+P4Xll8osbmUyReV/06+tSX3wKvv2SfF2r/DjS/D8118HvHjSy2MVjBiLw3cy/62JPK/1NtJ+78r09vLrxf9iD9ofRPiV4Muv2W/2sLOO/8J+Pp5IvB17cp/rmi/1un3PlR/6NfW3lf9tfK9RX2PoEHjL9nrwEfA3xF+0fEH4fQ2otrbUJbf7TqVtbf6vyriLyv9Kj/wCmvet5RweIfNDf9fTseTmdPE5NmHJUXOtvKSWzT7rr3Mz4HeOvC/x28Fa18EPiPIP7Ys7aW1a4k8r7RcWUn/HtN/qhH5nleX/1ylir88/+CuX7Huo/Dj4aaP4p8FtKfG/hPUnuI9aVpYjcWXleXHFH5X/LKPyxc/h5VfY/xW+AXhnxOyfG/wDZH8VW5e1vRNcaZp82PL2RYkii/wCeUnlf8spf/IVfGv7fGvfHD9syPwF4O8PWF5b+ILDVpfD/AIwKfuolllli+y+b/wA8vNk8z/v75VfOLFYhYn2TjZ82/RrtY9XLqLhUeIwlRxhL4o3s4u35fgZ3/BJP9nj4s/tv/tJaT+0P8RP3Xwz8C3l1qOj2siRW0t3fy+VFFFJF5spli/dRxf63yv8AQP8AprX6b/tzfH7wz8APg7qnibUNTitoNPs/Mmln/wBVJFU/7N/7PHw8/Yc/Zps/A3hSchLa0Eup6lKSPtV15X72Xj/Vf6r/ALZV+W3/AAWG/aX8V/tOePPD/wCyR8PbwalceK9SijmtNKu/9b+9i/5aVti5/WMVDC/D/h7Hl4SNXOsxderP93TOd/4IzfDzVfjt+0R4h/bq8R6b5FvrHirVLnTdKf8AefYJZf8AWy/9cv3vlf8AbL/plS/8F/Pih4V0nwBqnhq3EcmoarqNrZabaZ8z97/rZZf+/UXlf9ta+8f2cfgG/wCz/wDCLTfC2m6NJZR6T4ctbebW5oYo5ZbW18r915UUv+tr8P8A/grv+03ceMP2vbTUHt45bfw59quIdPlH7of88v3X/XWubLcDLPOOKfL8FJX/AMjj4szeh9RcKWsvhX6nkPx51Lwv8INN1j4d6JqVtJe6CI9FP2R/9bdf8vN1/rZe8cn/AH+r5++HOgeK/F3xC0zTfCOj32qajPef6HZ6dB5sssnokfc/4Ulovi34ieMVCCS+1LU7zIBP+tlkr9gf+Ca37Clh+yd8CNP/AGhPFGnaLrnirxbfTaeljPaebJp5j8ry4v8Av7/6Kr9mzLMsHkFHnnq+x+a5Bw/Ur1Hf7X2vPsY//BF79gHxJ8D/AImRftF/HiweLXxpvlaBpMqCT7LFLF5Usv8A118r91/21/6a1+qHxC8G/HDxv4XvLbwLq8GmXD6RdR2drbxxRyxR+V+6/d/9dfM/1VYOifD3xP8ADHwhPeajYNFealpMq6ldRHzPK8yKX975Uv8A1zk/1des6Nr+u+CNHa+vrc3KtNL9l0/yvMltv+mUcn/PL915tfkubZ/DM6k5r7j9bw2Dp5bhIwp8p5b+0D8JNK+NPxw+DfwMv5bZ77R7X/hJ/Fsf/TK1tfsEX/f2W5/8la+q/h38O/Dnw/8AC6WM2p/NFD++nLV8Maj8eI/hD8b7/wARapb32t/EzxNqctlJ4TtIfMvrCwtZZfs1r/zy8r/W/vfN8rzfNl8391L5X0T8ME8c/Fe7k134r3fk2cUPlweF7Sb/AEbzf+esv/LW7/1X/wBqrnyanKu7zh7x52Mp1HQ92fumv8VP2x/2WtI0680qD4taJqV55Plww2nm3P73/tlFLX5b/to6lofxT8aa54P8O+L9I/4nOg3VtDL9si/dSyxeV/qpf3v/AJCr9d9Rs/C2m6L/AGHpmh20dpFDFHDD9j/deV5VfIH7Y37K/gz4qS3Gqap4d+zf8tIfsk3/AB6y/wDPWKtsxwVanjaWJl9g82hCpWw86UD+aT42fBH4g/DfVrzVfEWh31xpv9pS28XiAabJHY3Ug/55SHr9K4GC2nu5UtYRl5DwMV+/N43ws8EJJ+yx+2v4Ij8dfDvxvF/Z0vicWf8AxM9GuopfNtbv/Vf9/f8All/qv+mtfix+1N8G/D3wh+J2oWXw+1a91Pwpc30v/CO6lfWvlTSwiTA8yPtJiv2fh3PaePpKnOJ8FjMPUwtfkqHKaX4hPgjxLZ+Ivh54k1G2ubCW2urPVIT9lubS7i2yedGYpf3Zjl/1claPxYl+Dt14U8ETfDjV9auNdl8NTSePYtUhxFFqh1S/8v7N/wBMjYfYZP8ArrLLXCxxBj+9/d11fiTwrplh4S0vxVZ6nvk1J5RNasoHl+UI+RnmTPmemBn/AFkh8wR/W/V/aI5rwUzjNjelWDZTokc7ruSSrL2Txv5M9vs8z/yHXT6JrmoaWbZtEkiB066GoQwjUZAJJf8AlnLgScSx+1R7JEe0XQw9LuJ9PS50u8SWOOQ/cj/56x12fiGHwxqkek6vpaWGi3L+ZBqNpBFcmSKSPn7V/wDWi/55Vx/9nXEMv22aGOTza0LK7/1c99BJJJ5v/fqs/wCKZus4T54n2p8MPgPfaaY9b8HaHfalp+l+VH4klmh/1v7rzZYv+2XlS/63/nl/2yroPiJ4Pn8N+ArOxg8Ryyx+I4Yr3yftkv7qL/VRS/63/W2svmxf9svK/wCetdx4V8K32m6X/wAI5pU8sml2s11HDaaTefZrm6ililiurqL97LFFF5Xm/wDPXza8n/ai8bX1l4okafXPtuny/wChWerRWcVzc3UX/PWX975Xm/uv/IUtfk0W8bi/dkfpNbLsJkuX+/D3+36nmepXs+r+N9L8K6rBF9n0ab7NDD53lxS+bLLL5v73/VVsfELxUx+0T/DqDV49PsLOKym+16lLcy/vYvKii82L91+9iiuZfK/55ebF+9rm9M1q8v8A4hx+J/D9pfNLpckt7LqJh/e/b/8AWy/uvN/5ay/9Nf8Alr5teifCv4YweNtB/sPXb6T7Hdal9t1K7u7OL7TLLL/01/1v/LL/ALZV9JWxeEy/Dc1SXwn5vVw7zDE25Dn/AA3qWq+JNGj8HWNjc/aJfKk86GHy4vN/5a+bXqnwZ/Yz1vXr6Txj4xvrny/J8ybyf9VFF/qv9bXqnwr+D3gfQY44ND82O3ihi+2f62vZPhveeKvBMtv4H8KwXNtp9hNL/Zv76WWKwil/55f9/Zf8xV8lU4zVWXs8OX/ZMIT/ALxsfBn/AIJ++G7ywt9V8V33/CN6HYWcVzDDNpv+jS+b/qpZfNl82WL/AJ6/uv3Uv/fquD/ai/ZX+Dug3UmueDtKi0iPxRNdS/2TaXn7qwtfNl/df9Mv/jXlV9CTXl94qis7DwrrkUmseT9pm+1zfZpfN/1ssX72KKWKX/prLLF5v/kKvH/ib8N/GV5qlxpU/wBm1LUPO8ub7JeRXP8A398qXyv+estdVLiOnhqftK33hUyb3b8x+bnxe/ZX8XahHJZaLpNlKPtn7m78nypfKrL0r9kOx8P+F/7b1XT73+0Iv3k3my/uq+79Y8B2Oj2En26+tv8Av9/ra8b8bYvBcQQX3+tm8yb99XXR46wu0PeOBYDGR+CXunyXpvw9gh1ST7dB/wBdvNroNN0CC0v8wQf+QfMrtPFXw310ap5+lebFJ/12q5pvw31XzfJvp7b7ZF5snk+T/wBtZf3v/LWvV/trC4mjz8xNT238OETtPhLo8H+hzzweXH/n/VV92fs66lP8Pda0/wAf+B9ci8uWGL+0rT7Z/rf+eX7r/nrX596PoPxNs9ejsb7SYvLi/wBTFDN5tfWHwf8Aht8QPBXg2P4i/EzW5fDehy/8/c3726/65RV8PnVXLsQrVdj2MpxOb0MUqdHc/Wr9m/8Aal8MeP7eTT457SK7x5lxax/u5Ypf9V/qv+/deW/tu+FfDni/TrzxfY2NtHceT++/c14f+yLZ6XptrJ8Rr+e90mS/h/4luiXc0ssv2X915UssXm/8tf3sv73/APen7bnx3m8K/ByODQ7iS51DxH+70e1i/eyy18Fiq0IVo0sPLQ/YcNga7wXtavuzZzf/AAT5+Ffi3wf/AME945YdQNtZ+G9G8XanPE3lSRSxWOsSxf8Aor/0VXuH/BL/APb08SftBfs5prXjq58vVbc3UK/vv3svlD/W/wDf2OvjX4Of8FBtJ+Dnwm8cfsEajp9xrXihPgl4j03T7rTIfM8rXL61lv5bD/pr5Ustz+9/6ZVp/sG6rofwX+H9p4Ln13zJLDTYra8iimik+1XUsvlSxRf89f3stz+9/exfuqvibA1aeXSr+z/ezlf5dzycNVpqr7Orqj6v/wCCjfx8srz9lvxpo15P5smqWdrZCHzv9bdS6hF+6/66+VXwJ+19/wAFPP2fv+Cefx0t/BXw1/YV8E+MfiZovhvTZ9Y8YeL5PMj0/VLizimMUdtDzJ5fm/vD5vMueRij9rX9q/wf4r+I2qLrt4l14X+FKy+I/GF3aL+71TVP+PW1sIv+ustzF/36ll/5ZV+Svxb+KvjP4y/FLXfi1491E32s+IdVm1DU7lj/AKyaaTzG/U19p4fcNVvq8cTi1fR6eu34HBmmcxoxlRw7tc/c7/gnD/wX18Y+KPAuu/Hj9rLWtb8U+P8AxF48l0Twr4K8MpFZaPo2jxRWEst15X/LLyvtMo82XzZZf3cQOPNNfXPwb+Knir9vz9qnQvjpqVnq/h/wZ4O3aDoGhzv/AKTrupXVrFdzfu/+WUUVsbcySfX0r8pP+Dev9nbwZ+0z4ivNFvNTjS70rXrOTWxcc/8AEs/eyiKL2kkjk836RV+6Hh7wd4V/ZO/aS0bUNS0eOx8ByeCxpnhzU1T91YatJcyy38lz/wA8vNjisYxKf+eflV62a3rZhKg3ywjY9ivLAYHJ6VSHvV5xbv0S2svMm/bk/bA+FP7C3wivvG3jO+tbHTNK0yW5Ecd39mlurmI8Qxf89ZZP+eVfhb+0z8f/AI//APBTbxZaXn7S3jPWrHStUvIrjw58MtP1KWLTfD8UsXlWt1LF/wAtb6XzZZYpZf8AWxfvf9VLFXsX/B0H+zN8adA/ak8LftFeBbbWfEmj+PbGKwsLL+zvttrYXVtFFHFax8SxeXLF+98r/lr+9rnf+CWv/BM/9vfxV8XJ/iZ+1f4D1fRdE8QzRag2o6hFDJcy3MU0R/ex+b/ov/HtH/rYv+2VaYXLcHltGeKnO9Tp5LyX6nxlenjcRR5Yadb/APBPpf8A4I//APBF/wCFD+FPBv7Smo3l/aR6JFa6pZ3MSYl1jU4zFLFLL5vm+VFFLF5nlReVk/63zYv3Vfd/7L3xZ0zxd+1P8RvhtZzQltN8PaHLfRIAfKvjLqERi5/5aRxW9tJ9Jo69o8G6d4e+HnwasfAvw48NxCLRtGitNI0wTeWmIh5UcXmf+1K+dP8Agnj+w18Uf2dPE/ij4l/FPUbbVNc8a6lfaxq+oQ2MUckV/LN5ko8z/W+VL/o3lxf8svsv/TWvm5UauZ4xV783Lr+J2ZfKNLBVI1p69L9WfDn7cHw11b9nX/grB4N1TwnaQaPZ/EK1u73w3r0FrF+61j7DdWr/AL3/AJ5/6TF+6/e/upYq/TT4D/GA/tD/AAJ8N+Lbe1/sXWp4Ypr3TNQjzJpl7FKYr61kj9Y5I7m2rz79un9hyw/bN03wgb1ZfC/iPwb4kttS0XV1svM8rypovtEPmf8APKXy4v8Av1F/zyqH4VfCX4p6V8UvFnj7S/C19pFtD4we31TT70/u9dsJNPsPLu4/+WfmxXMUkX/XLzYv+eXlcuaUK06iqU/s/wBfr+B9TicwwuZ5bRVSX7yCt+SR8x/tc/CPQtC/aZ0XT/FPhq+i+E/x9vYdO1UNM9vL4E8amKK5sZ45Iv8Aj1+1Syjj/n680/8ALTEu5+y3+19+0P4V0ax+Cnx30rW7DxksV8ul67DoUt5bahFbXUlt5t5bRf6r/VxebJ/01i/e/va9j8R+B/CP7V37KHivwD8cI5/DN54qW68M+IILmbZc2mr2V0YtNv4v+mubaO+ik9oq6z4H+FPh9+0T+ztoeo+Jrn+zPGGs6Kmtaj5V8kd1pd7IIpbmLJJ8u38392YuY66lha1ajTdG3tNf6/T5Hbh81jHDuOMh7SEbJPrHz89PwPnH4u/t36L8BPEUvxH8WeHrXSb+FrVNVu9Bu4pdO1ywlh8zzZI/3sv7rzfN/wBV/qqn8KeIY/iH+1Xov7SWkeDRBpMyonjGwSWL/TH+z5067jjk/wCW8ckksksvmRf8esflZl4l+IP+Cl2lePPA/wAXtL+E3iOzkF5Brlrp17okV75n7qWLzf3X+lSxeV/y183yov8A2lXL/sZf8FBNe+FH7VOlfsj/ABF8TxW3hqwsbrRoZ7qH/lrF5UWmyySf88vssX/f26lllrjr5XmCwzrQl+8heTXkvLuZwzTLpVnRUdJ3jGXr3127XP13/bL/AGw/hR4P8HSR+IPirovhqIWX2j7drenySfZY/N/eS/8ATWT/AJ5Rf8ta/N7/AIJ7eAv+F8fEDxf+314wa9u5PFXi+Xw58KTqGnfvbfTIpoopdQ8qL/vz+6/5ay3X/LWKKqf7Wn7K/wAY/wBvv9rxfCfw41K91Lw39lsNOi1KKGWWx0v915sssv8Ayy83/Wy/+Qq+idKv9J/ZE/ap+G/7IlvB9i0PS/Af2LTbuKby5fN82w8qXzfN8r979ml/7ay/8svNrTIpYehg6uLq+9Umv/ATvq4OGDUcLhnfTmke+fGPXLH4X/CjUL2/srazkls/33lfuopZf9b/AMtZfN/7+y1/Ml+2L8U7T4j/AB+8X+NdMuDJZX+vyx6dMF8v/RIv3UXeX/ll5f8Ay1lr+g3/AIK5eKtQ8L/swXGuaXffZvtWm/aYZh/z1l/dRf8ALKL/AJ6x/wDf2v5wvjT4QvvB+tWtrqCyeY9pFJiSu/wstUxGLxE9+ayPzriOdP20acT6k/4JnfsvjXtI1P46eLNLvjHZQeXoksdj5kf/AE1l/wC2XlS/9+pa/TH9lq51zxB8YdD+FvhsRmzuvF8UkMMN5LLFFLFF5X2rzf8ArlF5v/XKKKvJv+CZ+geFfEv7JGh6TZaTbXsel+FZbiG0u5vKiurq683zf3v/AJCrsfg/8Qv+GJ/2h7fxV44gvbnS5fDd1Jo+oxab+9llii83/prL5v2WL/Vf8sv+2steNnWIrZ5xDWoynZw2j5HrZRP6tgoqP2j9WviBo/w/0PW9PuLy6gQ22nxW8P2qb/nlL5X/ALVkr4m/bs/4KnfDDwV4V1P4X/sra/beMfjBqWvW1joGn6JcfaYra24+3XVzdRf8esQ/eRH97FL5p/6ZSyxfAH7Wv/BQv9vH/gop8SNV8P8A7O/gfxL4U8FWd5FFda/otnLLc2Nr5p/fXV1F/qvM/efuovK/55fva+rv+CZP/BJTQPhHZx+Ktd1CK9lTypZbq7h8v7VL/mP/AFVd+XcJRy2P1vFO7ltH/M7qbdd+yX3nv/7Av7P+teH47j49fG3xAPE3xJ8W+VJr+uXkMUcUn7qKKK1toov3UVrFF+6iii/1vlf9+vsb4ZfC+wFx/wAJtrI8y83+ZD5f/LL/AJZV554Xv00rWv8AhBvCyRz3CDy5hGP+eUssXm/8sv8AVeVXunhW9tLbT5LWS582df8AWx+d/wCi69fLpx9rOco2DG1JUsP7OkWporAQ+R9nr5m/bN1Cx0XSYNQt5o4vNm/c/wCqr3f4iSRWOiXF7cXP7yOzlk/c/wDLL/rlX5w/t7/HKDwrpcmlaXPc3OoSzfubTzv9Gii/65V5XE2YwUFSp/EdGSYflj7aZ8v/ALbHxh1zWfjl4f8AB1hZW0n2Wby9Y8mGWLyv9F/1tfEPijwFH8Sv2g/F37Ierw+TL4tnivfBF5cp/wAg7U/K83yv+uUv72KvfvDfjDVfiR8ZNY8R+Mp7aWSws/Lhu4fK/wBbL5X+qli/1v8A7SrxT9rI/wBjftdeE/FfhxfLuLAWEkPlf8spYr+WvouFMX7DEwpS+Llv+TPyrP8AMI4vNanJ8MdvVHxRqWiavpWoXFnd2ckc1if30Uv/ACyruB4/8XeLdO8PeGPEWr/a9L8K6RJa6DaTRRSRWltLdS3UsUcZ/wBZ+9upZf8Anr+9r0T/AIKm+HdM8JftweMLfQIBbW+oWekat5Uf/PW+0q1u5f8AyLcy15XefES+m+DGn/CwXCmxsPFN1qtnH5UYSKW6tbWKUmT/AFkvFtF7ReX6ymv2OlXU6HP3OSN6tJF3xTHoWm6raK+lH7JFL++8mb/W/vf+WUlWbK28DR/DnUZr621OPxausW0mmGARf2bFp/lXX27zf+Wnm+b9i8ryv3Xleb/y1xXG6NqWipZXkN/FL9olh/0PE37v/tpXRyadpx0WKSyuYpNRE+PstnaSGIxSReZ1klwf+uflUcpjCP1eOpn6FNfXdzcaWIY5El/5+/8AllV6102NbuSG4g+zTf6sGX/ln/10rqdMg1Cx0O01DTLFJZliljvJfskX7rzPN/dR/rL5v/xqup+Hfwh8c+PLy8e+i1GIx2v23xFdP/rPK/1v/tSuH29KL/eHD7Wdap+7PsP9pDQtV8H38finwtrepRR+Eofs/nWmsfvYpbrypfssX/LX91/11/6ZV8y+LviBpHxOutY1LWLC9vdYutWsIobrVJvMll8r/j5+0yyyy/6391/zy/1stfSX/BQ7UoNHik+GGhwSabHFef8AEytJtY+0xS3XmxebdeVL/qv9VF/2yirwL4TeF7HWfiPbiDT4o007zbyaO1s4ovNuv+uUX/or/nr5VfkeS4j6tlX1isfpnFVSu8d9Vc/eR6z8GfgzBNo1v4OsYJYv3PlzTeT/AKqL/lrXtVp4Z0TwbqMZ0OC2kvND0eW31eWWz82WKWXypfKi/wCuXlfvf+uv/PKWuu/Zj+G39owyTnVY4vs1nLcyzXf/AC1l8rzYq8ltfFkN940194Jf9G1HUftnkyzeX+6l/wBVF+9/6Zf9Mq/OK/EGJzTE1dfcj/X5H0ODyGlgck9tP45WPorxV4Jt9N+F/wDwsay0q2tpL/Uvs02kzWcsVzL+682WWKX915v72LypYvN82KuT+DP7XWhw3/8Awivj+C2vbiKaW2s5ZoYrmXyvN/1X73/trF+9/wBV5v8A21rpvDXxd+FEXwkv9A8Z3F7ZQyzRSTataQyyRRRRSxeVdeVF/pUX2Xyov3sXlS/vZa+UtV+F9vaePLfxBpvjiyvdB1T7VJZ6tohlkil8r91LF5XlRSxSxS/8tZYv3v7qWjJoJwqVdj4ajRrY3EShy9T6j1LXvA811eQXt9fRfZYfMmtNI/07/llF+9+zSy/9df3vm/8ALWuD0eG+ltLi+8OfFTRL63lml86L/hMIra6l/wCmvlXf7397F/z1ri/GOsC40/T7fVb7+ybPS7P7P/aEMP8ApN1/+9rzfxT8SPhZo1+fI+Eum6leRf8AMQ1ybzP/ACFX0WW5HmObxs4Sa+7/AIB6uKw+XZZSj7apY9kvPEvwY8SRXEHjHVbaxkl/eTXdpN5v/tX91XlHjkfCnQtdksfCXje28TXGOP7GWKSKL/rpL5v7qvKvG3xmvvFWo+RBpWm20cUPlw2mnWf7qKuX8YeMNc1KL/QTFbW/7r/RIfK/1tfT4Hw4r0Vzylynz2KzrLZfu6Tv8j0jX/G2haZNJjVdNjki/ew6daalFfSy/wDTKL7J5v73/rrXUfDLUr74h+H7xrHQ7ay+wWcVxN53/H9LFFL5XmxRf63/AFtzFXgfwlh8U/8ACRWeleJNKj8uW8+zCWab7NFF/wBNf3v/ACy/1Vfcn7Pc3wk8B2Ec/irVdA0nUIvNj/tC71K1ili/7ay1lnOHq5Fh+SlSc5HsZHlOFx0vb1anLEp/CqDVfCsX9uWHhWyiuIv3lpq13pv23zZf3Xlfuv8AVRf+Ra0W8LfF74heN7fxRqt/q+tahazeZpv2uf8A1Uv/AEy/5ZRf9Mq7PUv20v2EfhhfyQat4ystXvPJ8vytJ1KK5/8ASTzZf+WX/kWvC/ib/wAFpPB+maD/AGF8EfhRc/Y7oRed50XlW0t1F/y1/wCWsv8A01r8+p5NxbmdbmhStzfzH6LSzjhXJKPJShep/M7H0pbeJvjp4blt4NQ0/RNDS/8A3k1/qMv73zfN8rzfs3/LKXzYvN/e/wDPWvmb9rb/AIKMfD34YWM8vww8eSeOfiTHBLpOnazcQ/6Lo8UsX726jj/1X2n975UX+t/5ayy/8sq+SPj/APtefHX456pcQeN/GMltZyzeX/YeknyovK/55Sy1U/Ze+Al18QvHFvev4cMml2s3mRXd3D5n/kL/AFVffZH4erLl9dx75mteVbfN9fyPic541q4v3KTt/XQ9U/ZLz8LvBXiD4u+LLGW98aeLbOXTtBlu/N82wtb6KWK+uv8ArrLFL5X/AG1rdT4qftAeNpv+EI+FFlLpvmzRRzaiv7uK1i/66/8APX/rlX194D/Zv+C2m+E5Nc8feMfs15a/6TqUsPlSyxf/AG2vkL9s/wDaFtvFhuPh14BSTTtDi/dyXf8Ay1uo/wDnlWEc0wObZxKko83Jp5L/ADPFwcM0xcb8slzHhn7WfxW8LeH/AAJafs0fCrxFFqun2V2b3xRrcS5/tS/9pO8cfQe9fNgO4BcYrX8Y2ttY63Na2Msjwg8GTqayY1XfhzwR+VfrWBo0sPhklqceKU6dXkl9nQ+g/wDgnp+3X8Rv2C/jzp3xa8GvJNaK4j1rRzJiO/tT1iav6avgd/wVN/Z7/a3+CcHiazutL8SaRfW/+lxfY+h8r54pYpf9VJX8iod3kbLt0r62/wCCa37TP/CiviTaW+laHqGqTa3fw6dJZ2+o/Zox5snlRy9T5sg80/8ALOvlOKcpqYnCOth5ctRfc/U+r4dxVDF14YfFR5orZ9V6H9Gfwk/bH+GBtLn4L+BvhFrwgsPKMOnazqMdzb6e8kRkie2kl82X0/d/8svSvaPAOgfHS00yPxRrPxEt9Ot5YfMTT7extjFH/wBtDFXy3+xBoNp4tS8+KmpW3lP54s7SHzf9d5UX+t/6a/6yvtjxT4V13Ufh2ttpE9zFdxWn7owy/wD22vwJ5pneMxU8NOesF00/I+oz+hleWTjSwsdJfFfX7r7HJaH+1loY12fw1fpZ3N/Z3ktvPBp3/PWKuo1H9pjQ57HfoxAPvX8/P/BXf4mfHfwV/wAFNLT4Q/sweLfEdp4vv9EsY/EekWR8uOW/lllliHlf8tf9F+zS/va+y/2VPgx+234U8GW978efGeia5fSzRedavp1/HFD/AOAt1a+b/wB+v+WVezjsLxDkuVxxFOsnzK/L9owwuTYHFLn5Ph89H/wT7/1j9tPR9Mm2zzRRp5P/AC2niqrc/ttfD6/ju7RtQt5Y1l5MU3/ouvEfirJ8C/CHw7k1XXPg/wCE5tWtvssmvR3/AIR8yKwi/wCWt15Uv+ui/wCmvm/8tK+cPB/hT4cftIWXiLxj4R8IaToelJqNzFocX9g2v2i9t4/+WtzF/wAesUvm/wDPKLzfK8v97XwWF4vzidOpUxF4xWn9dWelhMgwuK1p0mfamoeP/wBlr4gRyar8QVhuY/t32ny7mTzJftUX/TSL/nl5v+fNryf9rHS9PvbPUPFv7OGv6aosdN/tHxDDd6fFc232WKKWWPyo/wDnr/o0n/PX/Wx1+Tv/AAU48f8Axd/ZOsdH8Q/Cv4n3OmXFy/2eTT4dLto4vK/e/wDLL/Vf+Qq+8v8AggD458ffHr9j+X4u+OL6O8uG8Ry6PcXE38dzJ9lt48/9/fN//e1+sZRg8xxWUUcdQl8b+Zyzo0sux06VbmXKl7r27HG33iDxR+1vYXnxY+Kdx5usS6NFpsOuNpv9m3Ws2vm+b/q/N/5Zeb/rbWKL/lrFL/yy8r8s/wDgpDaJ8MP2tE8Qaa/lXENpFG8pPmfvY/8Alr/5E/6a1/QN48+CWp/C/wAJwto9laxf2Xef6Rd6feXWZf8AW/uvNii/e/6qLzfNl/1sv/TKLzfwu/4LWeBNQ0T4lxeKL2GZptRnleR/IijjjMflf/Ha+myjEKGcfVq/xTifPZvh6cZ/WcP8KP31/wCCPeoeD/FP7GPgjxb4f0K3hi13QLW9mWK2/wCWstrFLL/5F8yvlX/gtL4MOg+Po/jItv8AZrjTLOKSHZ/zyi/zLWh/wbKftMWHxM/Y5074Z3N0kdx8Pp7qynWfUeWill+02svlf9c/tMX/AGyroP8Agsdrfhz4g+GE0rwpfW2pXksMtufJuIo/K/5a18/xDiMDgZLDL3LysehleNruc6z6xPgv9vD9uOy+K37IWkWd1rttLcWsmjLqMEUPl+b88Usv/f3ypZa+Uv28/gib7wrH4y8OWRkFh+8Pkw/6qL/lr/8AHf8AtlXhH7TOjaj4A+IEmgRTyx2vnfNa+d0r7Y/Z0+IXhX45/BDS7DXZ7aWTyf7K1f7XN+9il8ryopf/ACJFXvYbCPhbAUcTh/eg5Ny9JW/yPh8ZCWNzK/N0PD/+Ccv7fmv/ALLmtDw7qXiw2Fs/lnRr2U+aNPl86KXAOf3Yk/eDP/LPzZf9V5vmxfsRo/iTwR42+F+l+KvhzrmkeXLZxXOpRWnlXP2r91F5sUttLF5ssXlRS/uv+eVfk78Vv+CaLat4xuLDwrBLZDUxNLo0qQ/uoTHF/wAesn/bUeV/0y82KqPwg+M37SH7Cni2P4YeN725h0+L/l11uGWWKKL/AKZeVF5ssX/TL/0V+9qM0yvJuIZ/XsBUtW8v1PUwOZPBv2VeB+5/wx/aU+Gvw506zitvgjplvbWEUsd5p3hOztba1iil82KX/Rv+WUUvlSxeV5sv72Ku88SfGrS9Y8C6pD8EfDN7HqFpZy2Q0C0s/LurW6/e+VFLFL/qZf3sUsUsv7qX/rl+9r87fgj+3L4G8SaNb6t408CaxDqHkfbYYrvSbqK2v4v9Kllll+y+b5UX/IM/1t1/qv8AW13tn+1/4U8PeNr3wr4D+KOoXUFha+XNd2r/AGm1+1fvfM/0mKLyv3sv7391LLF/01l8rzZfMoY/OMP+6xUebkPpMLisqrPmhPk+f/BP1R+C3wom+H/gG48Q+MtQhvNf1BftmptGM+ScGX7NHz8g/wBZ+84rxf4o+KPFHhHx9HeeH724ltpbz91L/wC0q+TfhD/wWSu/CVrHc+KtZuzp8s/lwR6hD5saRf6r955Uv/TSKu7+Ln/BQH4A6x4JuPHHhfx/ol95ln5v9h2mpRS+b+9iry8+z3FVcPGOGpctjvyXDKlj5qo/aKfY9T+MX7U1t4X8MBtW1yX7Rcw+XDp/lxSS+b/0y82vy5/bT+PS+L/EFxpOgXti2sX8vl+XEPLitfNliiluv+uUUX72sr9pz9u7xj4ms7g6ZBLbfabn7FYQ+d/yy/8AjteN/BrwXqGsarJ4n8fyT3OoXS+XDDN/rbqLzf3sXlf9NZYoov8Arl9ql/6a15eR4HEV6/13Hu0Y/ZOfi3MaWV4Z4bC/HL8D0T9nbwVP4c8ByeJJftMVvFDFH/aMvm+VLdf89f8AyF/5Cl/55V4f4k1KD46ftS+H7HQvLljuvFVrZaaYofN/dRSxRRf9df8AlrL/ANcpa+iP2lvjBN8H/wBmGPQ9Cvo7a8tbOKys5rSGXyrW/uoov9V5v/PKLzZfN/5a+b5X/LWvl/8AZt1qD9nXRNX/AGkbvS42ufBJubnSbW6GY5Nduovstja4/wCW3lfvZZf+vCWv0/hXCQr4l4ue8vdifiVenL3or42eRf8ABST4nW3xV/bI8b+IbKyRLTTJ7Xw5amLpLHpdhDpccv8A20FkJP8AgVeG2cVzdObOztkkkHziT2QGjVrm4u7yaa5mkkkeXfLv7/5zVrw1odvrGopZz6jFZRk/8fN1wK/WqNFxhyM9Gn+5ool8NaZcXVx5ggEnlfvBiLzPMP8Azzr0fwL4V1LX9SuJr6zjg8zzZJYza/8ALT/W/wDbKtH4YeHLCWKDU7qyt20+wf7Ref8ALOWX/pl+9/8AaVd5pvxIvdBEljodjZfZ4vN/1U3l+V+9/wCeUv8A9trz8XiqtL93SjzHh4rGVKlS0IneeCfhXpWjX8d7Pr19Lrn7r7HaTQ+VLL/zyii/1v8Ay1r74/Zd/Y/8OfFTw5pdxod9ex+JP7YsI4ftfm/2ZqlrdSxRfvYov9V/rZf+etfmP4V+J19Z6159hpMkUdrN5flRXn/LWXzZf/astfSHwZ+Nlv8ADew0fXPEeq6lqUdrZy3v7rUv3X2ryopYv3X/AMdr5PMcNmlb+GdeUToYfmnWPO/2odSudd+PF5pV9byX0dr5t7qUP2yWL/0VLF/nza3v2VfDdxrPi2S8xLLHF5Vt9r/1vmy/62WXzf8AyF/yy/49Yq8t+M3jDVfEnxb8YeJLqf7TqGqeJPLh+1/89f8A7V5v/bL91/1yr6j/AGUPhzd+D/D9nFb2lzHdy/vLz9x5cksX+t/1nlRV8JxZWjkvDMaD+OcT9MeHlmGde1f8zPqDwrrvhj4W/AvxnqXibV5bWRfDV6IYpLP/AJ+bC6sIv3vm+b/rbmKvjybU9W8Lapb289xe2P8AbMP2iHzppf3vlfuv3v72vW/il40uNa8S6X8KLWDzZNa161vYbS0h8zzfsPmy+V/21lltv+/X/bWsz9p79mvxj4PuLPVtcg824/s7999kH/Hr/wBMov8AP+t82vzTKMNSwGBjKv8AFV1P3bI+HsLnWV1KdWfLP7PyRX0bX/iLL4Ys7i48U/YpJf3kN3NeS/uvNrg/Et5Y+Az4g8R6VPHJcSzeXrH77y/Nll/1XlRf9/fNrT8cfEFvDHw706+aHytSltf9Kmu/3sUUv+qiii/6ZRRf89ZZf9V/ra8w1/XoP+Ec0/VtVNzFJ53mab5X7r91/qvN/wC2sv8A6Kr9A4TyJVMTKc/g6n41xLHCcJwq04vmqvZGp4k+Kl9Do8kF/Y232yWbzP3tn5ssX7r97F/0yi/6Zf8APWvB/G3ioRSyQTzyyfvq3PEniQz3X2eygk/7/RVzfhvwTrnjDVPPgg/67Xfk1++YKGDwmEvFcqifiNfEYzNq16u5J4Q0vxX4v1SPw34V0S5ubi6HlwxQw+X/AJirvNZvPhl+z3/yFfs3i3xp5P8AqopvKsdLl/8Aastc/wCNvi1Y/DjS7jwB8LJ/LvPJ8vWNb/8AaUVeTwwz3l1IMeZJL/rqVGnjcdiI1Ze7T7dX69kVVoUMFQ97WRY8U+Kdc8ca8Nc8Q332mWL/AFMPk/uov+mUUVWPDc2h3d1JY6rpX2mOKHiGGGL/AFtaGheA9Q1aaMQaVLLby/8AL35P/LKvpT4Bfsfw601vceOvL0nS4pvM8ow/vZavMsblVBcs7M56Wb16VOyb5TxfQfAdj4xureHQ/BFtokkUMX/IO83zf3X/AC1roP8AhizXPtUmlX/26K8im8uaGWHyvK/8hf8AkKv00+APjb4V/AHS7fQ/2ZfhXpNlqHk/6Z49u7OK5vv+3aWX/Vf9sq6jRv2XvFXxZurjx78TdVvb2S6/eXl3qF55kt1/01ll/wBbX5TnviHlmS1+Vw0Pdy/Js84hp3pe6v5mfm38Pf2G/Dl5r39lXthc3Mnk/afslp/rf/tUVfZn7Lv7EOrax5n9haVbaRpdh5sl5q13D/otr/8AHZf+mX/tKvsT4Vfsc/DL4WaVZwa3pVt9ourz99FdzeVdXUv/AC1ll/6ZVqfHDWL7SNF+x+HbeMWlhN5c1np8P7qKWL91FL5Vfk/E3i3XxOGnCnGUOf3Yx7+b8j9N4c4NwmVU+bEz55vq+noj5h/af8KeFfDXhK3+HXgz7T9ni/eald3c3m3V/df89ZP/AI1X50/H74M/Y7+S+gg/5bV9j/Hj4wadpmvSWeq+MdAjf/n1u9S/eeb5ssUf7r/tlJXjniybwr4w0uS4sbi2ljrwuE55xgKixFaL98+6p4Ki9KZ+aXj3wqbDUbgHh45q5OSx2Nt3H86+mfjh8IIJYvt+l+X5nnfvoq8A17w9dadcSRzny5I+1f05keaU8XhEz4vP8llCo6qgZNnalLjDjgJkV9j/APBIz4D6t8av2tfDGnWujyy2umn+19Sn8r/Vx2xzF/5F8uOvl/wR4Z1DxPq9tpGjae91dXknlW0MMXmSSSSZjjir97P+CL37DGp/s7+D4bCexs5vF3iDypb+SUfJFFF/rOnWOLzfK/66yebXzfH+f0ssyecIP95P3Yr16/Lc14Zytxk8VVXuR1P0F/ZI+HtpbW+l+GPD8NvFoGlQf6JJaJJ+9/56SeZ6+b5ldL+3T+2H8Mv2Pvgtq/xJ+IHiGOy03TLTzJlA5znpF6y/9Mq7SxHhj4L+BZr+F47eQQRxtLL+780/89K/nt/4LG/tb/FH/gpZ+2Ro37FHwL1t7vS4/EKWUsUWfKudS8zEjS46xW8eX9B+9z/q6/M+DMlqYicXUer96UvLsa41yzLFyxFvcjpFd2fSX/BCf4D+OP8AgoH+1x49/wCCqn7Qlj5l7r+rSxeHLb/lnCf9V+7z/wAsoooorWL/AO1V+z6/CLQNPgkeW0iAHeNK81/4Jw/su+Af2Uf2cPC3wo8DWXlWWg6NFYwXEq/vLpv+Ws0nvLLmX/trXqfxj8fWngrwpPqt7PHGI1P+tr7rPVl9LDyqVXqtvTojy54zG1cXHD0JWtZfPqfE/wDwVB+OvhD9k3wze/Hy6uiTotoUks4JOb2R5Io47f28yQRx57ASmvD/APgl54NvtY/ZJ0n4j+I5iJr21lkkOPL8z97L+9+SvgH/AILqftfaj+0f+1fp37Pug+I1n0bwvfRz6qfO/dS6jLxHH/2yil7f89ZR/wAs6/VL4HeC7v4M/sUeH/BVtZxDUrHwqjT28S9JfKr8T8RcNDJMowroR/eV581rfZ7fifrnDdatDD+xT1vFX/Fn5Of8F7PEunRXeheDrd45Z7m8luSxm3yRLHxj6Hzcf9sq+y/+DYSe/wDFP7Li+AjYr5dn41l1OO8aDzIrfy5LCSUe0kkUfl/8Dr8zP+CpUHxI17x8nj3xRpF/9jN9JaQ3c1pJHEZQEGI8/wC5X6U/8GvPiy7m+E918NdIkht2Go32o3Er2TyeamLWMfvPNj8r5zH/AN+q/oLgahCHDFGFT4rP7zzuMsKnnGJv9mC/TX77n6CftIyWlxrLSwwxLHcwxW2ba88vb5Usv72SP/ll+9+0xeV+9/8AIstfhj/wXJ8PaHdaDpHiG3hitpIr+5j8qKPEUsX7ryvL/df9da/a/wDa9+HPivwB4O1TxZo2s3N3Ja/JZ2EUUXlafJ5P/HrH+64tv3cYi/6+pK/FT/grHe3utfsweHtAn1VLqS18R6rqV5sh8uWKWS6+zfvf+eo8r/V/9da+ZweGdDjOFScuj389NDyIZfRr8JVK1P3nsYX/AAbmftO3fwY/a6f4b6tesNN8a6FNFPaOP9bdWsUtzF/5C83/AL+1+iP7bMNnq1peT2Wqxy29rqXl+TFd+Z9l/wCeUX73915ssUnm/wDPX/rrX4A/s+/FPU/gn8ZvDfxL013NzoOs214Fz/rPKlB8uv3W+IXju18dfDbQ5IJ/t3hzX5oriHT7uaW5tpZYoopYpfs0UvlS+bF5X72X/nlXmeJWSP8AtvDYr/l3L8/+GPjskxVSpgqtA/K//go34J1FNcuPEEunmOS1vJYryGX/AJZS/wCfNrzr9jj4w2nw18YJo3iGK2l0/XIoraea7l/49ZfN/dy/5/5ZGSvr39tH4ZQeL47iCeG2ik1nypP9TFbRRXXlf6qKLzf+mX/f2KWvzj1rT7vQNVks5IJP3U3l+VLX63Qp5Zm2RQw0JacnL92h8RGpVw+PnGfxI/c3wDpdj4+8G6f4j0mGPzIoIpJof3vlSy+bFF5sUf8A118qX/trLXoHxA/ZW+Ff7WHw6t/DPj/Q4otdtbOX+x9Rlhi821li82X/ANG/abWWL/pl/wBNYq/MD/gn3+3ZN4Alk8A/EbWf3F7N/o93qH/PX/lrFL/n/lrX6f8Aw9+PPwq1OJ1HiKOL/ttF5v7r91/5Cl8y6/79f6qv5wzXA8QcF5zzU7yp3/8AJT9Iy+ll2Z4O9T4z4y0fwr4q/Zj8dx/Dn4mzxRW8umyyabdzfuorWX/l6tPNl/1sXlfvYpf/AGr5vlekeA/hjB4k+Ev/ABR3irUo9Pv5v30uk6xLbebLL/y18rzf3sUXlRf9/a9o/a6+Cdj+0h4X/wCJHfR21xFefbbOHyfM+wS/6qL97/1yi/e1x/8AwSkE3gPxZ4k+B/xLP2a8ivIrabzryXzZbWW18qXyv+mv2X7TaxS/9P8AFX20+JsFjsu54xaqR/E+ZzThLF05+1w8/d/I8v8AGPgq+stC/wBO0OWSzv7yKOaHyf8AllF5Xmyxf6r97F/pP/fr/nl+6rz/AOI/w/uPB3ifb4Gn1G2/ffaYZrS8/wBGuovK/wCWsUv/AC1i/wCWv/bL/nlX6UftG/AS+8JK/i7wlqccmZZb2DULW68z7VdRfZZYv+mUsXm+bL/01illr5X8eeCbGzjvPBF9pP7u1muo9Hm87/nlL5X7qXzf+eVt9l83yovN8qX91/qpYunJ8ZhswpcttTzaM82ytqacj468OfGv4efDLxLqGreNPh9Hc/b4ZbaHVruH7Ta2sv8Az1i/55f+0v8AyLXtVrDPovh231OxvdJvft9nFJ/ap1iL7NLaxReb/wCiv3X/AE182vPvi14D+xxXmh+I9K+26HqnlfbLTyf3sX+f/IVfMWsarbfArxfL8PfEWq399ojQy/2VLL/zyl/df6r/AJ6+VLL/AN/a9t5FhsySVJ8s4/FHc0xOYOqpVK3vTZ6j8T/ifY+NrvT9Lv4I/s9hN5kM1pDFH5ssvm+bLLL/ANNf/jVeTftQfF+38R+DfDvwp8KWjWOjaS0lzqUSxeXHdanL5vH/AFztopRF/wBtJa5TWPi8dTuPL0KD7Fj939r8/wAuWWL/ANpVmQeHmLHWdWtbm7sIv3lnJ5Evlyx5/wCev/LL/VSf9+pa+9yTKVl1NTqR9D49Sca7nI4Wfw5ew/OIjJH/AM9Iq63QdIsW0yMQLbPdef5bqvm/vfN/7ZeX+6/9q11txpugyeGdQsbLTtRTUJrP7PPKuoiSLyopYpf3v7r/AKZf89f+WsX/ADy/e9R8L/hFqmoW/wDbWm3KefYWf20WN2f9JfyvK83yoov+mX73/rlay/8APKvpKmNj7Mmrjly6kvhnwjpfiDwnqF94o8Q6fYx+d5UPl+VLLdS/62X/AFsvmy/vYv8AyLXM3kH9j6z/AGHqs8X73yvOm/dfuvNr2zWP2fPEfirT7PXPCt7bXOj2ug3Wo6l9rm/dWEUV1LFdS+b/AMesX72LzfK/6axRRebLXk/i/Qb/AEW/uNLnt7a51P8AeyN5MP2mWXzYv9b5v/PL95XJQxNGoeXCryyuQeFbqztLrz769tvMl/6fIvN/1v8Arf8AP72ux1u6e20GPU9L021b7V+7eZuPs3P/AC0tov8AVS/uvN/5a/62KuJ0X4ZeJplt9Ui0k3Iltvma5/dxxS/9NJKz4tVXTrC4uvEBNtDYf6yw/wCev+f3ddmGqUZbGM6eIqyvSPoz4R/B/Vfif8ULfxKtjL/Zd/qV1cwzfY/M/wCusvlf88v3tfZNrc6V8NfCE9019bf6Fpvlr9r/AOWUvlf6r/v1/wCjayvhdDYeHPAPhPw74Y0pbiBLSOKCIfu/N8yKLzZf+mX+q/e/9dax/Evwv+KX7Xnxn0/9lz4czXMsUv2W9+IniC2/5cIpZZZfKi/6ayxV/K2bYvF8YZ9aXuUY/gk/6R/TmWZZGlRjVmel/wDBK/4T3H7Rn7UNx+0PrWh7fDujweXoK/ZP3beV+683y/8AllF5v73yv+uVe8f8FIzpHg/wpe61NCkf2iHy44YvK8qWX/VV9OfB74EeDf2W/gxp/gXQdBtra2sNG8u7EMP/ACyii/1VfmB/wWM/ailu9Rh8CeGZPNuP9XaeT/rf9b/qq+fzOu874ko5bgn7lPd/ofcZFiKlOUq6fuQifIvjvxY3ivUmtItQto9L0vyo5vLPlxeb5X/LP/llWD8SPiT4V8YSx6V4O0O+sbewhij86bWIpftXlf62WXyrWL/Wy+V5X/PLyvK/6a15f4h8eQwzf8IvY6hHLJFD5c0tpN5nmy+V+9l/9pf9cq7D4PfD2f4ha/b6UJ5Y7eWHzJpvJ/1UX+tl/wC2tf0bkeXUsHhY82nLv/mfzVxvmqxWcVaj3lov+AGg+FZ9Yi+3T/8AHv8A9MYf9bR8SPGEHw98OR2OlX3laxfzSxwww/8AkWWvWPEmjwabYXEGlz/YpIv3cPnf88v+eVfJXirUNT8b+M9Qv5jnS9CEWnQ4/wDaf/XWXzZa9/LMd/bWN9nT+CH4nyuEw08PR9tV+Im0SwuPEE0gt5/KjhHlmb/prXrnwT+AWr/EK5877D5Wj2s3+majN/qqx/gV8OLj4k+L9M+H+kwRxfa/3Zlmmiii/wC2skv+qi/56y17/wDFrXtD0Gwj+HPhzxVcxWcX+jf2TaQ/uv8Av7LL/wCRf3Va55nMqE/qeE+J7t9EeVVqOrU9pP4eiLng+fwP4Om/4RXwdpMV9J/q5tR8nzZZf+2X/LWvfNM+A89jFp8HxVuL3/T7OK5020tJvNiltf8All+9i/dXf72LypYv+2VYf/BOub4c+D7/AEvxVBpWm634g1n7V/wjeky/vYorC1837VL/AKJ+9i/1v7qXyvNr7j+GfwtHjTxtH461CDzJ4ryWPTjFafvRf/8ALW78r/tl/wA8v3ssvm/8tZZa/NeJszpZNg1d81WX5f5n0fCOQVM9xspV4ctKH4su/se/so2WtXsOq61oFtbQWUm5dMA/dWv/AMdl/wBX/wBta9/+LHxN+A/7Mvwm1j45fGDxPDpPh3QYftHnS/6258v91FL5f/LWXzf3UUVdPoHhbQ/gd8IbjUfEKmNorTzbvyf+esv/ADyi/wCWXlebX4M/8F0/+Ckdz+1H8RZfg34c8QRHwj4KvN0lpbT/ACX+on92D/00+zRfuuf+WhlPQ1+W5Lw9ieJM7VTE+8t/Rdv8j9mpQpYak40fdpx/Gx6l4a/4LkWnj79qXxBea3fSWvhrVIof+EXJ/dmxhjzLLbSf9NJfMk/e/wDPWMV7P8e/+CgHwt0v4avq+oazbTQ+TFJ5vnfuv/IVfg9cay97d/bkiCkHjDdK17Xxfqev26adqetXEsNtFi1jlmzs9q/Qc28KcmzHF0cQ7x9nbTuc9HNKeIxHvf8Abp3Px3+M+tfGX4lan48nj+ywXE/+jWkJPl20X/LMVneDvih4k8NXqXWneILiLJ/eIJjXLXa2kUDgS5OelYN3d3Eb/u+46Cv0GhlmElh1h1T91Ky9DqqZvLL6ntD2bVPjRp97Fsmukl/66iuE1/WdL18TTpMvmeZH5cX/AD1rhZ7uQrsZznPrX0v/AME0f2PZv2sfj5YeGvEFncDw5pRF74iuIP8Anl/yzth/00llxEO/3z/yzNTWwmCyLBTxE5WjFXM6fEGM4hxUMHCC94+xv+CHn/BPvUdYvof2n/H3h7dNITH4Mtbvp/zzkvv/AGlH/wBtJe0Wf3h/Zx+CHhP4IeDY47W1jlvXi/03UnixJcy/6yX/AK5fva8l/ZI+EWlafZ2EmlaTHZabpkQttN0+EfuwP8/u6+udF8CWdpa/bdR/eZ/eeVLX4JWxWO4rzeeMmvc2S7L/AIPU9DiGvQyzDwwNGWi+LzZ84ftweBvjl8Zvhhr3gf4MtaaG83h65gsfEt1P5n2W6l/deZHF/wBM/wDW+b/0yr45/wCCDH/BHbQvgKNQ/ab+J8VrqepatF9n0K7uLRo54LXzT9o6n935gjiGeuBLyY5TX6afErxh4O0C2Nxq97DGZk+7LN1iryj4gftnfCT4Z6THZSeJ9N0tY18uOOa68v8A8h12riHEZHOdOLvDskvz3+R52Gp5hiMDyUqen83bv/w579qnijwr4J0Tbb3UcSxQ/u4s1+bH/BY3/gpNon7OHwa1HWGvrSXWbq4+z6Foks37y+k9fL/55Rfu/N//AHVes+JPH/7QPxS0238U+F/hLqS6Zd+VImo38v2ZJYpf9XLHF/rfSvkX4lf8Eo/Dvxn+I2ufFj9p3xzf+L9U1OaWO1hl077FZaXb/wDPrBbebL5X/XXza+djxXhc0zmM8zlyU4Wagk7z/wCB/SO7L8ooYaPPCXNUfXsfkl/wTz+EnxD/AGyP28NATXFutTaTX/7e8VX0y+b+6jlEsskv/XWQpH9Za/ph1T4Q+IdL/Zuur64XZrF5pUv2SNMfumePEf8Ayzr59/4Jy/sDfBH9i6PW59B0i3L6ldxyS3ZP7268symOL/tkc17R+0X+03rthol4sFpFcR2sMskVoK9XjnNstzmrh63I/ctyLa3dv9DrwrxeDxNKjRnze9zSf6H5U/tY/sV3nxO+DNr4HtPD/wBnuHm83Tbryf3ssv8Az1r1z/g1uu7/AOF+v/HL9nz4ofZdF8V6Bc6a9vZXpEd0qSfaorny8c+X5gs+Y/8AnrF6ivuP4v8Aw+8OeOvBXhv4naPbRhBexRyiKKvhb/gsL8B/i9+yt8c/D/8AwU2/ZX1E6Trd/pH2fxZZ2x/0fU7WKGIfvYun/PKMj2ilBEsea+r4UznGqjPDuWj+B+b2+89HiTH4fMpOpN8sn7svk199j9If2m/jF8L/AAJ4ekstc8SPqi3Q8gwvbedK5/1gxJ/0z/1n73zK/Cb/AILL+L/CviF/+KS0/wCx2d3eRPd5tRGIpDFiOKOOPp3lz2/1f/XXF8ef8FxPHPxKign+JfwGaaYx8fZdelijf/rn5sUv8zXzJ4p+J3xC/bj+OOj+F2+z6VBeXmyMXF95VrYRZ82SV5Je3BkOa9/KMnzmvm0MTjIxjy9ncWJznhTI+FKtKjW56s4+iX5Hhd3oGpWIOo3VnILYylIroRfu5ZBmv2V/4Js/E24/aH/4J5aV4BtrqOXXPBEo8mGf/pnLL5X/AKLii/8A3tfDv/BSWX4JeGrbwR+zP+z9rUOrW3hbSnk1bUbS48yK6upTk/P/AM9P9Z/39r2n9gfQviV+wjqXhLxnf6ZejT/FtlJbeLtO2f8ALKS6ilj/AO2scX/o2vU8RqOFr5RCm6vJUjJSj523XzPyvg6WIzWtKSh0f/AZ2/7ROgz61o1xp8E9zF5UMVzZzedL/wA8ovK/1v8A1y/9peVXw3+1B8LLibxH/wAJxY2Msf8AbP7y8i8mWOKK6/5a/wDx3/trX7SftDfsyaX8TvhBZ/Fz4f65bSfb9Ntb3zbuaK2lliuoopYpfKi/5ay/8tfKi/ey/wDLKvzT+NngL+zbCTwPrtj5Ul1N5ln++/1Uv/LWX/W/62vkvD7PVGv7Oq9parqeVn+X18PinVR8QWGn6hJJ9it4o/3f/LGavWvhN+2Z8VvhZNBZahqeo3VjbR+XbW92PMEMR/5Zx+Z+8A8s/wDPSrfxG+DUGh+GY/ij4W1S2uYJb02+u6fFFL/oF1+9/e/9cq4n+zdJ1KW3h+z/AOt/5ZS1+y5pl+CxlHlrU+aD1+T2Z5OCzqphZc6Z+k//AATM/wCCjPgTX/iW+lfFPxdHFZ3tlLHHbah+78uWWaL99/2yi8391F/z9Sy19TftcfCG703VLD9oX4I33m65oM3mTR2k3/H/AGH/ADy/z/rfNlr8Tvh7pt94D8W6fqsEFzF5V5F5M1frx+zf8Yb7UvA+n+Fb2/lubf7H5Vndyw/upYvK/wDRsUVfgvHHD8ctnHFYBaR+JdLfL9T7PJOLaNTFezr+9GR7b+y9+2z4P+NFtHa6ho0n+gfZftkV3eeVLpcvlfuoopfN/wBVFdSy+V/11i/561v/ABU/Z70rWNI8+wvopP3Plw/ZPK/exReVF/zy/wBb/wDJXm/89a+Cf2k/Bfjr9nn4jW/7SXwRj23OmXn2nWNI/wCWU8Xm+b+9/wCmX7qvf/gH+2h4C+L3w6l+Jvgq4itreI2v9sWmoTfvdLuoovKlmk/5a+bLLL/yy/6Zf88q+eoRxVLDwx+D96HX+75f5H1mNw2ExCvSd4nh37Tmgz6bayWF9/x8Rf8ATbzf9b+9l/e/63/ll/qv3X+q/wCutfKnxy8E6b8X/hnqZsLaOfX/AAvF/aOnwiKKSW6tf3v2qL91/wA8vK83yv8AnlFdS/uv+Wv6J/GbwT4O+M2g3Fjpeqx23lWcttNNqM3/AB4RS+VFLLLF5X+q/wBb+6i/1svmy+b/AMsq+F/jP4P8R/B/4jf23OtzF5X7vyoZvN8qK6i/exfuv3X/AB6y/wCq/wCuv/bL7zg/O41cVzT+M/PsdgHS57nxv4d1vw1Y+JtLv1sJbmDzY5dW026upYLa6/ef6r9z+88qSL916jzf9ZXsHgHwp4P+LnjHUvF/jr4jDQ7XUPtd9tntPtzm4/0q5Ekg0+H/AETzDEefLj8rzfN4iHPiHxZ8Kf8ACCeN7ix0tv8AQ5f3tnLF/wA8q7v4N+N/HOkapYaH8MvGE1rqmsi6077EJvs0h+3xS2EsUcsv7qL7Ta3PlSy/uv3Vft1Z+3wylGXxHy2Ip+6en674b0/4U3UiSeK9NvNPtYFjh1HSdXikiiupZZYv3X/LWbypYrn/AFX7r91XTfD7xNf+MrDVbC2uPElzrMuj+Xcz2muxfYbDyopbqW6uY4v9d/ov9uReVF/yyli/6axS8Z8LvD/wOuBNJ428U+V5upWuneVeXkttbeVLL5X9qxyWlrL5sVrFFfReb5Xm+bdWvlRS/vYqj8Qa14VVNL1rRL+K5jvNLtbfxra6f4dhsfKxdf6qx8r/AJa/Zba2l83yvNP2q68391/rfJVNSn7PX1PJ9lGUrxOk8N+JNOvPEcej6bodl5l1LF5NpqN3dfarC1tbXyv3UsUX/PKKKX/Veb5tr/y1/wCWtXTdOm1LWdJ0Oyi/s2PxHef8fCf6T/qpfKlll/1vmyxfvf8AVf8APL/VVg+F4NK0y3jg8TXlz9s1TypNQ07RP9JttLtf+JhLdWEscsv/AB9f8e3/AC1/dRXUvm/vf9V6B8Ofhl4h8O+IND1/UfhxK1tLcTNYfZTLHNdS20Msvmxx3UssXlRReVdf8tfNi8r/AJ6xVOIpKEf3ZhXpI9+03wJ8Mh8NNL+Jnx31zV9S0/VPEms23jC0u9Y+zX0traxWvlahcxeb5vm2st9FL5X+q/0D/W/62vz3+Jav4lm1X4r6DbXMWiHU4rF7WVvNkthLFL9l82XyseZLFFL/ANNf3Utd5+07438TXdhHa6vYalbwwy2unx6dMJbaLS4bW1i/0XypYv8Alr+6l6j/AFXmyxfva8V/4Sq/h0qfwg99LJpkupR3s1oP9XLLF5sUR/8AIsv/AH9r08myv2NN1Ks/iPosvUFhklFH7T/se/Bf43/EnQdM0HwnYx6Bp+m6b9nn1bUdN+0y/wDXKKL/AFssv/LX/PlV+jv7JX7LPwr/AGRPhcnhvwNYfaLu/H2nWNW1H97c391L/wA9Za6vQNJ8HaPo1nPpWjWWm3dr/qf7K/deVF5XlVxXxp+PvhXwNYz2K61vuIofL8mJv8+VX8HZlx1iMRT9jgIWnU1P6OtWzCqqcIckDI/bJ/aE8OfDv4cXtxH4oFpeSWfl26Sy/wDTX/nr/ra/nu/bP/aXuPil8YNc8YWd7HcJFN9i0y6B/wCWv/LSX/7bX0F/wUm/by1X4razqekeCrzzmutQlsbM2n7x0j/1Xm/9tcyeVXx54b+Emr6/4lt/DRtZJPs/lefF/rP3v/LWWv3Dwp4PqYODx+PX76p0PP4szaOQ5YsLhHvrJ/oVfgx4H1bxhqX2m+8z7Hn/AFVfX/wH+HBs9LvNVnglit7qH7NDLFD/AMfVY/wZ+Cc/mx2MFjJJ5X/TH/Wy179431W0+GPwluLe31TztLsIPLh06/m/5ay/8+0v/XX/AJ5f88vKr7XjDPoUJLLsFL95LSR+MYXJZVan9oY/r8Mey7s+cv2pPiP/AMIf4R1c2/lyXHk/ZobuL/W2t1L/AMsopf8Arl/6Nlr5n8Y6XpnhO6s/hrYCPztEh/4nk3/PXVJf3sv/AH6/d2v/AGyll/5a12nxd8SXN/4+h/tCGCSDwRa/2jqFvLD5f+ny+V5cUsX/AD183yopYv8AplL/AKqvE7XVLi71aS+u7j7RcS+bJd+bN/rP+ulff8JYB5Nk0XP+JP8AI8PMKv1irOnDY95+Av7W/iv9nS51mTw5pNjcR6/4cl0rUxdQy+b9ll/55f8AkKuSgvvFWvWd5rlxcXMsnleX9kiml/0qWX/pr/yylrC+GPhtfEmvSatqk/8Ao/8Az2h/5a19KWHw8imsPC8HheK2EeqX32KAww+ZF9q82KX7L5v/ACyl/exS/wDgLFXm53icJg6vtVH35foeLFqVeFCMNUfYn/BHX4BapYeG9Q+J/ibzLm7tNNi0rR5jF/x6yyy+bLa20X/XWX/tr5ssVfqj8BPhDZyaz/wkmpW8sMXh+D7NFF+8lilk/wCWssUsv73zPN/8ixV4t+x98FfD3w6+Bvh86fZW95b29rJf6tp0o/e3Rli/dWssXlf88pf+ust1LF/z1r6Z+Jl3J8DPgnbym8jtpvIiubyT7R5Xm3X+tl/7+yyV+IcRzxGZ4yU2tErr9PvZ+1ZYqOGwMMNS+Of9M+AP+DhP/gof4Z+AX7PM/wAG/BXieQeOvE2pRDRre1h/5B9rGf3t35nf/nlF/wBdf+mVfzna22pXN4PPjkPntkFj9+vtL9o7x94j/wCCg37cPiLxYZZJNH1HUZbPRLz/AJZx2MR4eLzf+WkuAfrLJ6V4p+1N+z2fhH4plsNIFz5aSYgimfpF/wDva/R+EqeDyXD08LUf76a5pf5fLYwzerGC9jGfur+meJQaddLHuByWqxo9hd/aAwz9/bnHau08I+Bk1vwXrviu8kMcWjwRFAV/1k0k0cQi/Iy/9+6v3knhrTPhjDBblTqE15ul9l6CvsauLcpciV9bHTluT06sfb89oxVzi/EkUNnErpdbz/GMfcrm7i+8xsKK9G8A/B7x78bvHWneAfAXh+bUtY1a8jtbG0gTYZZZOg7V6n42/wCCUP7ZHg26+y33wd1a9cdf7PtJJ/5Csa2dZPl04UcTWjCT7ySOPMMBj8VOU6UfcPmnTbWa9uktIgSTnkd6/c//AIINfsgw+C/BE2oeJ9P+zyagYr3XJriXy8S/8sraTP8A0yk/8iyV8Zf8E6P+Ce/xB8I/Gi2+JXx7+G9zaTaJceT4b8NaxD5X23V/3vlzS/8ATvbeVLKfWWKOLvX7V/sfeHNN8EXeifB+C6hFxHGL25WGHyzHb/63/Web/wAtJa/LfEniVYujDBYN88G1zSXw77X692fX8HZVDL8vrYuov3lvd8l1Z9k/CDw3a6dpkFwNNjht4/8AVRmKsT9qH9qX4efATwJe+K/G3iO2srG1ikkubm6m8vy6s+Pvitofg3wrJbTa3bRTyQeZ5kv/ADyr8rrzVtc/4K4ftz3Hw/fWBN8FfhXPFe+MdStZv9F1KWCPzfI83/ppL+6/65RXMtfNZXVp0sJyUdo6zZ52GwUcZipYvFfDH8TbHxh/au/4KS+K59Q+Fkl94G+G0c32b/hL9U037Tfaj/0y062/9qyV9FfDj9mHwR+yNo0HiP4cfBq51zxBCImvfF3jC6+26i4/5ay+bL/qv+uUXlVr/AH4ieEPFes3Oq+DNHsrLS7DUPsWl2dvbeV9nii/1Xl/9spYq9+8Tab4h1HRfMe+8v8Ac+n/AO9r4vC53Uz3M54WnT5Ka/Hzv/Xke5icXKm1SfuU+x8GftWf8FQfjX8LL2S6/smz1CxjtIv7YtrSCX912/d/88pf+WtdT8Gf22fhn+0X4B/tzwlrkUl5a2f+mWk37qXyvNi82L/yLXlf7WnhXSv7evLfVbG2jkl82OaL7ZF/1yl/5a/9df8AW18K/s46zYfAT9qjUPA7azcx2cumy+dFLN/qvNltf3X/AKN/zFXsYjhPL83j/s7tWpndKGEy7CwqfZZ+p3hD40ar5vkT3Eksf+s/fTV8yf8ABT/9rbTPhL8PtX8TadILyW38qyDGb/W+bLXK+Mf2w/hr4c0O7nv/AIjaVYWNvFKLq6kl5P4f+0q/L39vD9ujxJ+1B4hPh/Ro5LHwnY3Qk07Twf8AWyIvliaT3Ir0uEOFc5zzMFHMKX7mn17nz+Y5tgcFH2tJ++f0XfsX/tGeE/2nf2NdM8b+GHW4g1bSTevbl/8AVXUUn72L/v7FXrPxq+HHg39pn9lPVPhlrdtbXFwNLMmnyzeV+6l/55f+jIq/AT/gh3/wU4sv2TfiDP8AAz4p6y6+D/E7bre7ebMenXuPLLH/AKZyDr9Iz61+6fwq8Y2WpeD/AOybHXPMB/1Pkzf8spf9VX0U8FW4XzKpQrQvSlrB+X+aOqGGo8Q5f7Wl319ban5B/E/4KeG4vh1pfg/XdDtpZNG1K/0nTZbvTYpJZYorr91/rf8Arr/nza8Y1n4H/CbwhY3FxpcOm2+IfMm/fS/88pf+WsX+q/e+b+6i8r/rlX33/wAFKvDVl8OfAvjTx5Y2Vz9s877RDNF/rZYpf3V15X/bXyvK/wCeX72vlf8AYs+CXjH9pDT7fx/4o0Py9PlvP3MXk/6N+6/df6r/AJ5V7GEztYbDvF+0/dw3/wCCflWJ4UxWNzj6op2/yOb/AGFf2IbHx78ctP8AF9/4clkjtf8ATfJmh/dSxf8ALr/6Nir9LPFX7NHg/wAR+Fo7DVbGLyxD/qvJ/wA+VXp/wQ/Zq0z4K+CoRGkX265h/wBL+yf+ivM8397/ANta+ff+Cg/7efhX9mnwNO1m66prF/N9m02xtf8AWXMv/PL/AL+1/P8AxRxTnnHnF1LBZbtHY/ZuHckwmQYG8JfB8TPkTx9+0don7M/x01n9mq+8b3dro1zply0Kw6nFFHa+bKfKik/df9NP+/VfMH7QHxE0XxF8S7PSvD3iy01Hzbzy82Go/aJZf9V+6/8ARdfOHx0+JvjH4nfEzVvHPizUWvNa1PUJLi8ukUyckf6uP0jjx5f/AOqvQ/2fPhXFq3ihIfCej6pr2sPZxSQXVnJFZW1vnzYpdnm20vm8SReVL+6xiT/pma/pjLeDcFk2Ep4itP8AeKPvdLy6s+AzXEVM7x1Snh4GZ428a6hfWOqWFhe3MVnLD5d5FDeS+VdS/wDXL/lr+9/9FVyHhyzvYoLbyBLs/wBYfJ82vR/jn+z38Wvht4Ykn1zwtLZW8s3mQ/vvMi/7+1wehwarpl3HpOuaXJb3kX/LK7hlj+y/5/1v/bWvtFmFDE5fFUp/CrM+AxuW1sK5RqQPUPDcVjNHHPfQRS/9Nf8A2r+9r6o/Zp+PGlWel2/hzVoI4vssPlzXc32r/W/uvKlllluv3X/XXyv+eVeA+J/CukxT6b4g8JeHL620yKG1j1G1mmluZfN/debdeb/y1/5afuv+mtYnw91HVNGttP8AFnn6bbf2N5Ukxmm8qXzftUsvlRRf62X/AKa/9cv+/vyGLjRx+DqU1K9ziw+W18LWU0fqFbwaV8UPCVxBPBJcyeT/AMus3mS/8tf8y18QfEfwtrn7HXxh/wCFneF45P8AhH7+byvE2lRQ/u5bWX/l6i/65f5/1tfSP7KX7QfhTW7K3gvr2WaOaGKPytQm+0/vYov3sUnmy+VL+9i/1v8ArZf+2tdr8evhX4V+MVrcQ2H2aS4lhlj/ANTF5Uv/AFyj/wCWX7qvxDLc1q8I5zVw2JjzUZs/VMvqrG4RQjLlkY/wx8K+OP8AhEZL6xNzFJa2f23R5ZZpY5fK/wBbFLF/11il/wBb/wBNYq8j/ac8N+HPip8NJJ7H7DHrFrqUVlDDFqVr5v2X915UXleb/wAtfN/e+V/y182vZ/2pvhH46m/YI8D+LvhL4o1KKP4YW/8Awjvi/Sdvl3MWly/8e115v/LWKL/VfvYpfK82vy98dXPxv8HeIr3QYPEF7Lpc0sUkNpeTeZFLF+68r91L5v73/Vf6r97X6pwvwzhs0csfg60XHm+a8meHnlSWG/dVdCD4w6J4d1l5PCmsapFG2l/6NpF1p/7ywS5/1UsPm/6r/ll/rYvN/wBVXEeANM0W4mbTfFn2uEWmjPbaY1wYZreK6lk+TzPNkHlRGOWUiSPpJ5UnlnqdrRvG+nWWpah/wlXhGPUbuXSf7NxNNLF9mli8r97+6/ey/wCqkrGtdXudc0iSLWBhpfssk83k/vZf9b+983/v1X7NQw0qdCFOPvHx8J0Kqad0eyaH/wAIT4e8A3Gn+CrG9jvbYWt7HpOrfZpIo4pYZYvtUv7qWPUPKlljuYpfLi8qLzf+ev7q34M8FeIdM8Cm7vl8QX11YWV/qPh7T9Gnlki0sxWsXmzHypYvsv7ny7qW6/eeVFYeVL/0y81+EP7R2o/Dnxrcaz4o0O21fS7+yjs9Y07UYpbmK6iiHlRfu5f/ACF/zyr9H/2S/CnwW+LWnf258M9V0QafLDFHDLaalLFLFLdRSxfZfs3+t/e3UsUUvlXPmxeV+683za+VzfHYvLKt/Z3j3/rYmnlspe9T1PkhvD1xrnh3RtWutfm07XLnWL+PUtbv4bvyk8qKX/iafvf9bLLdfuovKiili/s+L91+9rvPiMreB/BC3194o1H+zrq0h1HXNE1b7Vc22hRfabq6sbCWLzf9PuZdMj02KKX/AJZebcxfuorWWUfV83ws+Emm+F49Eggi1eSKG/trP/hHvtUv9s2sV1ayxRf621+yWv2qK5/1v726/eyyxeb5UtfP37T/AMKZ9Z+H8XiOx1TSbzVIvDcVvBqN3qUVzLqkUn+iy+ZLDdRWtpYxRSyxeb/rfKil/wC2XiYHieGKxEac48v/AA4oZNiJKU7HxB8YryXxBrE/he+gMevxaydOlsHl8sRRxYijhk8795+6/eRebLL/APHa8glu2ju5FmEeY+gFfQPx78K6Tc6Bd+M7bWWPibTb+1iu5bq6tY7meKKIeZfyeVL5vmyyyx/62LzT5Ukvm/62KL5yMXlz/vIj/wBc6/VMNiKM8LDkNKEeRcp+0XxO/wCC4/g3wVNcWvhvxjcausZ4igj/AHn+t/79V89/Fz/goh8bf2s5IPh18GPDNzpsGoxRRalqDt5tznnzfLP/ACzHAPH70iPrXyv8Bv2b/iN8dvidpHw1+HnhWLUtY1OcSQwmSWOOKL/lpLLJ/wAsv9ZFX7m/sL/sM/A/9kj4X6ZpvjDT9J8Q+KZYYrnU9RmtP3drL/zyj/6ZRV/M3EOScHeHODhiadD2lV/Ctz9/4fzrG5zVkow5Yf3V+p8h/sTf8E0dMg0yP4ifEKCW5kMObTzaueKv2Y4Phh4t1i9gsftOoX+pSx2cMP8AyytZZf3Uv/XWv0y1FLHxcPsmkwSK8UMkYMY/1X7r95+7ryL9pX4K6L4Qgs/GXjrxBY6agudkUD3EXn3P/TKL/pn+98vzf+WX/PKvy/KPELivMc0nXow5ae3ofX0soyWtXTzGN+yPmf4SfCGysNKTU9UuY4rPTPKkM0s3lRRS/wDLKKLzf9VL/rf+mv8Ara+VP27fj1OPGUPg/wAH2E1z4nGpRWOhaZEv7yWX/VSXUv8A01i/dxRRf9NZfN/1X733L9s79syLwxDp/wAGPgVoR1zxpqmvfZvC3hfw1DLLnzfKii/dfvZZbqWXyoov+ev7r915tfn38SNUu/h1qOp6JN4mtPEXxF1iDyfEOu6bdi4ttCtpcmWwtpYv3c1zJnypZYv3X+sii83zZJK/c/D/AIWx+a5j/aWYfa/r+mfh3H+Nw0sX7DCaKOn/AAGcZ8Rtbi0XTh8P9I1SK5jik8/V9Qtpv+P+6/8AasUX/LL/ALay/wDLWuS0Wzv9Ruo4Ipv3kvbyYpPKi/561HDCde1TyIP9XF/rov8AnrXa+F/Ctxb6Rca5aTS+f532e0G7/lrL+6il/wDRtfuGKxVGkvZx6aH5mqsKFPll8TPSv2Y/BWseIPEt5qeiQXn2fSZ4knl0/wC1eX+883975lp/yy/dSf8ALX/ll5tfYnwm8I618VPi94fg1BZ20+XXYrjUru7gupP9VdS/6yX97L+68qT/AMBZf+eVfOX7Mi+GIfBPizw7rvhyK51Sw12WSG7gmi83/VS2str+90+6l/e+bL/qpYv/AEV5X33+yp8N9J06aT4uaI0ET+F7O61KGS0MX+geVLL9mtYrn91F/wCQv3UXm/63za/GOPsfHC0oVH3t+R6WRYaniMw+4/R34c+JtN0jQtD8MazaRx3HiPxPbWdnBKP+fWLzZfNj82X/AFX2GS1l/wBV+9i/6a1xn/BZX4i+LF/Zlb4Q/DbyrnxH8SNXtfC+kpD/AKyOK6/dSy/9s4pP9b/1yrwzw98VtY1T9sX4MfCuwuDFDpMHjW+ujD5sUUVr/aUtrF/rf3v/ACy/66/9Nf3ste5fHLQdR1P9pv4OeM/EFx5unxaldSTReRF/y9Wkvlf9+oov/av/ACyr4ijHEKg8WvhVv1t+KP2b+yKeAdOrV/lbPztP7Amhfsj6itkbKUmIxbrv/WS/uv8AnnH/AM9fKll/df8ATWvBP+CjPgzw7428Gah41t7ey/tCw0jyx9kvPLi/4+v3vlfvf3vlS/af+2X72v2W/wCCi/w1hvfClx428PO+JbOKRbm3brKP3tt/z17xR/va/H79rPV9cu/BV54Qi1z7THfWf77/AEy6l/exeV+68r7V/wA8oo4v+uXm14fCGeYzHZ/zV6l5Rlb5Hzee04Y2jGpShynyPB8UfgPonws17wHb/Da5judTs4opbka9FL+9i8qXzYv+eX/LX/nr/wA8v3VeafB/4Z+M/jd420/4e+D9HmvNSvsiKIP6DzHf6eXXPWXhvWNb8UHw3p0E91dS3P2eGKM+Z5n/ADzHvX7b/wDBGb/gnto3wI8HxfGjx7arJreq2QVo7heZIvM/1Uf/ADyj83yv3v8Ay1lir9j4w4oy7g7KJ4ipK9SXwJvr/kepw3l+Jxjjz+7CPxefkvM9F/4JH/8ABOjwX+zB8N5/iV4g0BZvE+tR+SdY1OLFxHa+ZF5sUcX/ACy/ex/63/lrFXrf7Uf7Vvgb4LWMk17fW0Ug/edfLi/dS1nftp/tr+AP2cPh/fX2pa7bW12V8oCWby/Nk/65V+J3x4/bD8cftqfGW18CaZd3Nnpup6qPNkVs3FyOc/j5YH7rp5lfzVw9wrxP4k55PN8fUccP+nZH2WLrYHLf3cvtbRP1d/Y58eat+2v+0db/ABZ8O6Vu0yKKW2s8/wDPL97/AKV/5Flr6S8Y/CTx7+zl8Zk+Nmq+YPD2k6LctFY+d/rbr/tl/wBdK2f+CQP7PWifB34JWWtf2cUkmijgtR5X3Yo/3UXl17B+3RFo3ij4ZXGm+IYnktkg/wBItrSfmX/tr/yy/wC/Vfpeb5JSoZZ7DDu3L8P3nmLOnhsf9Wpr3JxtL7uh+cX/AAUf/wCCgOueAf2QJvidYSfZta8X6ZFZ6ParNxayX3m/6v8A6axxeZJ+Netf8EuvhPdfs0/8EVk165sfs2t+OrS/13WXmH7yT7TL5UX/AJIxw/8Afyvx0/4Kg/tAXvxk/aU0r4T6Hp01roXg8jTdI0rz/M8uQ+WP+/n+rFfv54asdD1L9guy+HWi/ZhHYeHPstnaQ/8APKKL91FXFxNSqcKcJUacPjrS95+T0S+5nNhKtPF5tTof8u1KK/U+X/2OvjBD4Z8Q6n4jN5HFo8uvRW0MX/PK6ii/e/8Ao2Kvvaf9oL4da/4UY6Vq1ldSSQSyQ2k00Xmy/wDTLyq/Fvwp4g8SeC/j14g/Z1tLv5Nd1K1v9Cmuh5Yjl/1csX73/pl/5Fir7F+G/wAK/iN4J8Lxz+OPH/2GSX7L/okU11c+V5X72L/nl+9i/wC2tfPUMDHKHCpT/wCXiX5H1XGWWYPCYqNpdS5+0hqWlT6dqHiT7RJJ9lPmedDNL+9lll/df+QvK/8ARv8Ay1r8Zf2wvjfceDvi3qnj6wvo/wC1JmkttOtZIM4/6ayf9cv9V/11H/TKvtT/AIKf/tpeE/gh8PU8D6Rq0epa7qWpebJb2kvliCGM4kiNfkD428a634/8TXXiTXrgST3c8khAz5aZ7IM1+o+GXC+NVapj8Z9t+76H5nxRnEZ0YYen0Ite8T634kum1PVNSlmmncud56HOK9rsv2YYIv2R7/4x3d7GdZupPtmmacbeQyRWMUxjll39MZz/AN+q8i+G/hOPxj4qhsbq5+zWkX77UbsjP2a2TBkk/AV7LZftc3cHhfxB4duvD0U1nrXhGXQbaN7vYbCHyoooz/quf9VX7VTotV4wo6RW/pbY+VhKnHBzqVtZOyivmrs+erW7uLRxLDLja2fTBr9N/wDgkr/wVb8TeA57X4E/GHxRJPawRxx+Gr+6uP8AVD/n2eQ84/55/wDfv/nnj8wWIU7cHPB61esb2XTpVubdmVgeSK8/PMlwubYOVKovSXZndw3nuIyjGKS1p/aj0aP6e/iZqnwf/aZ+E+qaH4pvrGMX+g3VlNeQnzcRS2ssXm/uv+/v/bKuT/ZD8D6T8OdN0b4QeFvCxvNL8O/urzXLqLEd/L/qpf3flf6r95+6r5I/4Jl/tkQ+KPgRoOr+PNKGoQ2U/wDZXiO8htJZZLSWKL91dSR8+dFJF5fmnvLX6G/Dj4x+CNX12OG18V6TdLMvmfZbW8i/df8ATWv5H4zp8TcP4TEZdCN6c/tI/e4ZNgMdGGZ0obx0/wAvkTftX/Hzwt8Bvgnf+KvFOvW2lafFb4nluR5flxf9Mv8Atr5X/PSv51/26v2zfF37YHxs1DxlcSz22lLceXoemBv+PW2jyIgPWTHf3r9Mf+Cy3wE/bB/aYOoeNvC2hO/g/wAM3LC30Cz/ANbJDHFHm+k/5ZS/vPM/d18OfsW/sEp8ZvHlzqnxEsriLR9HkiF7ZeV5crSyy+V5X/tSvsvCLJci4YyN5piqinXkv/AfL17/AHHxefyxlX/ZqPuRl8XmeZ/sefsP+NP2kfHdnZXUFzbaZJ+9mlih82SWKv3K/YM/4J9+DfAPgiO4ufDEem27PHZ2fm20vmfvceV/00/1p/1td/8Asw/syR/sy/s5WOnfCjwDpl1401+0i/s+SWL93Z20p8uKX6f8tf8AtnXvv7NX7K/jXwlHf+L/AIi/FrVfFGrapFKt/Z3M0v2BYpJfMlEVt/1y/wBVX3mBz+fFWPlFp+zjoeThIYPJ8JJ/bfU+eP2lv2TPgt8dvgl4g+GfjjwrY+Z/Zvmabq2nwxRy2Ev/ADy/66+bX48/CL9mLwdp/wAbfEHwr+OpksfEfhq8+xwXMX+qkl/z/qv+utfu5+1Z4H8afDmzfVnvpPs/m/6JN50sX/PX91/zy/5ZRf8APL/rlX4W/t3/ABsgvP2xtc1KwhtoriXTftGpS5/1ssX+q/7a101MPiY1auFw0re6eVn31L6lTxM/eXMfoB+zf8DfB2vWH9hX1jY6vp8tn/y92cXlfvf+WvlV5H+1p/wSisbPxJrB8AWMtjH50smmxWn7yKWL/ll/rf8Av1/2yrH/AOCd/wC1zBdTW+k3M8kckv7uaKW88qX/AD+983/trX6WabewfFXwtHqsF75ckX7zzf8Arr/9qi/e1+e5bmONyjMpYbFac0tzrw+Fy/McJCpTP5+Nel+O37OOsXEE4uZbe1m/fS+dL5v/AH6r6w/Z3/aYf4geErPUbWHUtVtJbPzZvsmkSyeV/wA9fN/7a+VX1H+2z+xDpPxClvPFeh+FfsNxf2f+pi/1UVeKfCnwJf8A7GX7Lej+Gj8PIdYntby/i1iR5vLl825uvNil8r/lr/zy/df88q+lzvB5VnOXtyp/vY/j5nm4vCyyatGrH3oSPQP2bf2sPCVr4tuPA3jCexvtM17TpbLV9Om/1V1ay/8ALLy6+Mv+Ch37Ouofs3/Eu40S+/0nQ7rzbnw3qMsPmxS2v+t+yf8ATLyvM/5ZfuvNll82vLv2jfihfaP8VrP4peAL+6iurkxSanaekv8Ayy/9Gf6qvsTwb8WPC/7en7L8fw/vNQitvGnhqX7b4du8+XLayxf6ryv8/wDkWuDJsBmHBeJpYqi3OhU0nH+W/X5GmKWD4mwTpv3akfhPjjwd8J/A/wATLbGuXEdlHL9qkvLvzoo5ZZfK8391FLL/AK3/AOO1xnxz/Zu1T4T+I08LCe21WSHRIrnWP7Ohllj0uWSXyvKll8r/AJZy/uv+eX+q/e/va7f4i2A+HMt5aCwkt9QtbP7FqVpBZ2sUvm+VLFL5X/tX/nrL/wA9fK82XP8ACjQeNnubLXfiJq1lp9/NFe3l3aWf2mXzfNliil/ey/8APLzf3v8Arf3v+t/ey1+6YPPKLpKpT+E/IsTl2Ny7GOnVOd+HXwQ0rxjY3Gi61ZSWMkum3V70/wBbLaxSxRRReb/rfNuvs0Usv/LL97L/AKqKWuRvD8Qv2a/iDH/Yeq3WnSCb9zL+9i82L/prF/2z/wDIVfZ3wU/ZW+IHibxXeeNf2dNF1saHLq0X9jxaTD9mltbWXVYpbHzYrX/Wy+b5XlReb/rYov3stVv23vgX4W134BeMPjJq3xT0658WRTRedpMs0Vzqd1dfa/8Aj6l8q6l/5ZeV+9l/eyyyy/63/W1wYniPLcVjI4Zq/MaZbXzCOMtD4C5+zN+1R4M8X/CL+wrfRNNbWNL/ANGm0q7ml+zRWstpdRSy/wCt82X/AKZf88pbqWWX/W+VXd+A9SsfEviOTQp9D1fV5Nem0vTrzSZbyKL7faxXUUUVrF+9/wBV/rYv3v8A11i/1UVeMf8ABLH9nWb4keGNQ8UrfRRaxdf6Npunywyy+b+9tZf9VF/1183/AK5RS/8ATWvevHvw2PhS6a68H/HGe5msLgXNuLvw5c20iTRf8et1F/zyi+1RR+VL5v7rypP3UX+prxsZk2DwuJlOn11P6V4H4dwmdYXlqL39e/b8D4u/ai+HYTXP7Sa4vLrxB5kX9o6tpWJYrmTy/Lll/d/8sv3UssUv/PLyv+eVfMniqwaLW3tmMskkkPmSmaHy/wDtpX2j8TNNuvEWnx3XhkXlqv2wW8HnXUVzJ5kufLiiP/PLy4vM/eyf6qX/AJa/62vMP2pv2evhx8Hvh/c3M/x40fWfGyeOZrG98H6dD9q8yx8nzotQ+3wyGKWLOIvKk8qbzZZR5X7qvp8nxNSth+WP2T5Xjrgmlkb9pSZ+of7V3/BP2DwL8RfEHxd+AGq6v4J8SX/+k2d34JvPKil83975UvlSxebF5sX/ALV/e15B4b/bR/am/Za0m3+Hn7RHg3Vde+zQ/wCh+IIrP/WxebL/AK2X/nr/AN+v9V/21l/TD4K/HX9n/wDap8W6p4G8N6RHHHYWfmRaf50vmwfvbWL/AFv/ADy/4+f9b/z1r0Txt+yn4L1jxxaR+I9TjOl/8ft2hh82UxfavK+yx/8APGL/AKa1/N0szxOHwccJm1NVYraUr8yXqd+VZzDLrVcL7v8Ad6M/Jrxn/wAFff7N8PS6H4J+HGt3GofY4pbyK8l+zeVF+6/eyf8ATL/rlXzh8Sv2vf2rvj/qMWv+I9Zl02fVJYo9Pu9Qm/5ZSy/uorG2/wBbL/y1/wBVFX6j/wDBRj9l39kbxj4MvPC7+KNG+H3h/wAOva3I/snTIpPK/debc3XlS/upZZfNr8Vb/wCKWnWNrqPjDwfE0NzpAlttMuoR5V0DKfK+1SyxfvIo4ov9VaxeXFFLiXyu0v6HwPlnCeZwlVwtG/L8W9jx+KOOc85OV2g5dl+p0GtfG3TPgfYax4C+C1nf2PizWzJpvjD4peJp5P7Y8o5iurW1tvK/4lVrL5n73/W3UsXmxeb5UssVeBWGmXMEM13BbRCRwfJfzv8AVcfuv+2n+Yv3teq/sx/s7X3xHg1z4peKFSXwv4P8O3Ou+IZJJf8Aj58v/VWHH/LW5l8qL/pl5vm/8sqypNOttX1fTxPqf26SLTftN553m/vZf3vlRfvf+eUX2av1ilmWDwdCcKEdY/1Y/Iq+YVKjc6suZl74EfDzT9EifxzruqnT/wCy447mG7dTH5UvmxRRDzR/1082X/plF+6/e+VXUXugLaaVb68ttd28No0uowz29x5f2KWTzfKi/wBb5f7qW2uf9V+9qf4rzX/hvwDa2UCmWS912106zu4byXj/AEXzb7/v7LLbf+AstYXh281rUdGi8RrpdlHZ/wBm+b9rmml8qL/WxeV5UX73zZfKl/8AAqX/AK614HPWxTVW55tT/aeWoZz+OtW8CeOP7at9OQXEV4L29sLvzpR5sX/LrL/108uKXiT/AJa/8sv+WX6k/wDBOrxvBqPgnS/h/qUNlJZy6Zax6P5xltoovt1hL+98uLzZZZfKuf3ssssX73zfKi/dV+W/xEt9O1LV5PE/hy6vbuyijmuZtR1dfLl1SX7VNF9qk8n/AFX7ryvNi82X/Vf8ta9o/YD/AGlLDwF8QdL8OaTqFzFJFqN1ZWdpdzeV+6i/0q1/e/6rzfN+0xf9tYv9b/qq+a48yaea5HJU/jh7x9bw3UpUsxpNn6J+OPFEngv9pn4c/tNXnlxWCabc6LqtoLPyvK8qKW//AOev+tl+2Ry/9utfe/x4uvBl/wDDSy1XWdQlH9lW0lhNIzborfy/K8q68v8A56+b9m/7+1+emoeG774v+AfFOg2Pia1toYltfE3gvW/9b9mllvpYv3kf8EXleZFLF/zy8uX/AJ610fwV/bJh+Of7M+sfCf4h6nBo+txaDd2+s6TeXJMl/F/ZWbCWKSU/6uWGWz8yX1tf+mvm18Nw7WVfK54Sp8Wlz+jsfgIZrRoTh9nf0dj6L1b9t34Eax4e1H4M+OvFtnNcR2v7q71DUbWSKW1/1v8A11/1X/PWL/ll5v8Aqv3tfld/wULuvhPb+IL+x8BeMtG165kt/NtHsdYivZf+uX7rzYvNi8qWX975X+t/5ayxS18+eKf2rvihoHi6W78L+NZ5Iob0y2blRjHm+YOPrXo/wt8b/wDDQviyx8d/E7wjpNve6DpHlT3WnQ+X9vl8391LJH/z1/e+V/36riwHC2H4bxlXNE3K+vLfqenieBMHi8XSo4aTkvtHof8AwSX/AOCeFj4k1yf48fGC3S3gtGP2dpP9XGI8fvDL/wA9JMeX+P8A01FfdH7Wf7bHwr/Zb+E88B8U2sdzFD9ns9PiPmSXMscX/POL/prFF/zy/wBbXiGpftb+FPhB8OdM0XwPenTYRDFJq/2qb91F+9i83yq/Pb4zfF74jftvftEReGfCktxcy6zq/wBk0G3T/WxRebx/21xXzlLJMy8RM/8AruZXjh6b0jfsTm+WU+GcK6b0/lXVs8//AGwf2kfip+0l49uda8Wy3kFrG3/EusfM8yK1X1/+20f8E5PBVr8Qf2wfA3hSKOd47/UZftSiGL/VeVLXrP7X/wADv2WP2ZPhw/gjTPirLqfjOSKHZpv9mRfu5fKl82WS5ix9l/5Z+VF+9/1v72sX/gjl4W1N/wBqfTfiZGjxaf4Yh+0X2oiLP2WKSGUf6v8A5a55j/Gv36l9TwPD84YaHJTjHlX5XPxqlVxOb53GnP4j+m/4OaXq/wAPvBFja6n4RuLJbWz/AHNv/bHm3skuP9VcSeV9m/8AIvlV4z/wUU/aP+H/AMJ/greajcX1vfSPD9phtP7etrb/AEWP/W3X+q5i83/ll/y1/wCWVavhT44adLoj+KpdMbTNHuNMkkjl8ny5GfzYvs0skX+qi8r/AJ6/9cq/HT/gub+3dd+OdQuPg/ouqtLfX80cmomOb/j1tYv9XF/11k/z/ra/MaCrZ9jaWDo/ze96I9fEZdUwDqYmp9g+PfhBHrH7aH/BRvw2rWxjHifx1bSTpYQxxGCxjljllkxF/wA8rWKSX/tlX9FuuQ/8I1+yhrE9nDeRWN14avJIZhN5ksUX2aX975Vfh1/wQB/Z9174nfthXvxUgjMUXgfwtfXslxKn7qO5uvLsI4j/ANsrqSX/ALZV+5v7U/jXRvhX8AVuI9RtvI07wPcyPN537rzIov8A47FHXN4p1KdfG4XLI7Rtf7/+GDhCMsVj4VZfan+VmfA+vfDfRvii0Xxv0WSNdS8FXtsH/wCnqyupIraX/v1LKn/kWvLv+CmP/BUHxH8HvDWlfD74d38U+pXUW+8eOb95HF/00/55eb/5F/e16L/wSO8cWvjbTfFWi/F4Sw2d9oMt0rzfu/tVt9sVvN/7+28sdfld/wAFG/iP4d+Iv7UPiN/BJb+xbK9+y2BYY3+VEkUkn4yRua6eEMoWP4ieGxMLwoxTfzeh9d4pzUavtYStty+ei/4J498Tfib4s+K3ii78Z+MdYlvb++mMk88rdTWPpGj3eqXSWVpEzyvJtjReSTUENsZpPIX/AFhr7l/4JufsBeK/iBr+n/EbxRpf2e3eWIaFaXcWZLmST/VS+X6V+0ZxmmC4ey2VeXuxgtD8Vy7C1Mzxdp/M8d8Z/DCT4HfBAWeo2txHrHiZYhIJovK8n95+8j/9p+/73/nlXgEYlvZUhj+YE5wO1fdv/BZL4cXPwl/aFt/g15Iit9A8O2sdnL+9iiuvNlluvNi/7+y18u/Az9l/47/tGeOIvBvwO+GWq+IbwgSk2Vp+6iiMvlebLLJ+7ii8w48yUiq4bzSOJy6GMqPSfvf18jPNuT6z7KmvdhoVf2jPh38OfAPxX1fw/wDCfxTJrPh61vTFp+oTT+ZJKP8ApofKi5/CuN0fRbnUrlYY4XkLtgcda/THwj/wQ/1Lw/Y3niz4j/EDRb630bSL7V/Es0l5KmlxfZQZPsn20+VJqEkshEP+jfZovNk4mk8quhf9nH9lPwF4Ag8S+JfiSdLsX0KLUja2Hha1MscUsX7qKL91/wCTXm/8tf8Alr+9rvqZvgsS3KLtEjBxoUpc1S9/5bE37KX7Wvwp/Zr+Alh8Mvgf8M5De/vLi88Q+MIcSXMkgAkkiiEXQAAf63tWjo37b9l4V12Txj4r0OPUpLWb7T/a0ujyyxWsUUX/ACyltP3UX/f2X/nlXN/Ab9g/44/GbwRb+I/hJfWPly/6TNd+TLcy/wDLKKKKWXzf+mv72X/prXD/AB2/ZR1X4TeObjwB4m8f3PjHxZ50v9m6J5MVt5svmyxfarn/AJ5fvYvN/e14mMXB+Y05U6seeXU+7pceZlSpxoUoctNadT9bP2Nf27Ph/wDFzTX8NxaVY6hY6hpkck88U37y6ili/wCWcX/XKQf9/a579p3UvgT8AdQj+MUPgeKOzih8vWPKm/dfZfNili83/rl5Un/f2vjn9kL9l39oD4M3Ufj39pT4i+EvC9vdQ+XoOl6jr0UXlSy/vf3X/XX97F+9/wCeUX/LWun/AGwPipc3nhy88AeKtcj02SWztbnydQvIo/NtfK/4+rb975V3F/rf3sXmxfuq/Lsx4ay6nmUI4SP7qXxWv+B6+WZngsZVcq8kp+Z6l8P/APg4Q+A0msW+gaf4Y02y07QbP7LDfz337qO1iii/5Z+V5v8A36il/wCmvlf62v0E/Zg/b3+Df7QukabrngDxfa31vdXfl7VuPKkl/wCev7r/AFv7qv5qpv8Agnb+0H8ffBmr/HH4KaLp+taRZCa5htNImN1dTRR/6yWPyo/3v+q7f+Q64X9lH9uD9o/9hb4jkaDfapaW0d3D/bnhnUZZIhN5WNn7v/llL5f/AC0x0NfWx4bp06HtMvnyzj9k+cxmPwVbEzw0o+70krn9Uf7d2zxt+z7q/wDYVg9zfCziuLOKLyv3sn+ZJK/lT/af8VahP8dPFmtX0Mol8+XTrxLubzJYP+mX+t/6Zy1+1/w7/wCCr/w6+K3wMm8WaLr8X2248O3UkOmak3+rupIvN/eH/plLJLX4o/Fjwb/b/hXxD8W57uXyNR177FZ5h/1vlfvbqX/rr5vlf9/Za14XqVsdj6v1mPLNKx5nFVClgMnp0+bRv8zV+HXxfvfh3rdp4n0nWjELeaKO+l8w/vIv+ev7vzf3v+Yv3Vfr5/wTs/bS8N6/o0nhvVdciubzyZfJ82by/Kl/1Uv7r/rl5tfhnD4gOnWmnxTu/mCaKSaLyvM8r/tlXsH7OP7XGmfCTxTZ6np099ZQRXnlTWk03m/6L/0y/df62uTjDhCGZUfb4b+LA+e4XzarhK/sqn8M/pa0XxD4N+IlhJpttbLci7u08/dH5Hmyf8spcSy/uoooo4v+uvleV+9rx39qn9nXSdR+C2pTaPov22a6sv8AiZWlvDLF5v73/W/8spYov+/X/kWvE/2TP2vvDnjCK30zUPFHmpfWfmeVpPm+Xdf6r/lrF/qpfKk83/nr+9r7E0HXbnxh4CurHUJHiN+kscv7793axfupf+/v7qT/AL+xV8Pw7mVanVnSxa96B+nYrAxqUoVIe9Bn83H7Vfw713wz4jutF1eykW2W8ljh1COzl8qaWL/WiL97FFLLF5n/AF1/8hVyXwZ+OXjX4b6/pOqeHtRubbUYpvLmSKaL97/yyii8qKLzf+2tfbX/AAUp/Y8vPhP468UfFTWIYoNP8RQyy2dza/8ALrLay2H/AGy/ey3P/LX/AONV8BeMvCl7ourR2Pm77ux/562nl+VL/wA8q/UsFXweaYP2bjeB+W5licRkWcci/wASPr/x14bH7V3giz+NPwsnij8WaXN5l5p9p+7lv/KryHwBd+G9D8YSaj/wiCJcmWSWbTkg8qOO5MP2YGKLzf3X7z/nr/y1/dVS+APxzh8A/EGz1XwpqEttcWMv7mEjzIrqKKL/AFUsX/f2vprx58BvgT+33oTfFf8AZ38V22ieNZoPM1nwxN+6khl/9q/89fNir5+daeRzdGtd0XtL+Xyfl2Z97gcFgeNcHy03y11+J77+y9+2Z4V+Hv7P32K98G6/rdvdebJeaT4TmsNNtovKltZbW1luZYpfN8qKWX/ll5X+lf8APXza+d/jxeQftLePbfSvBHwystA0/VJorb/hE9D1iW+sbW6i82KL97L/AK2WWLyov+Wv72K6/dReb5VfM3xF8MftXfsnPqfgvxE1/ptpFJ+8tpPMmspjKP8Alm//AFzi/wDIVd1+y38e/Bnhayl1j4i/bLuCC7ljtLSyuPJuQZYsRXXm+VKPNi/e/u/L/wBbdyy17WByrKqf+10/e5ut7nRwvwRUwWc+wxfrtb8z9IP2Ubbw38C/2YL7wY2lSa7pi2Xmy6NBpMW4nzfKiubaT7T5sUlrLL/y1j/1Uv8A1yrzL9oXwT4GvdPtdfOg2dtLZy+Xpt54O1GK2+3fvfKsbWKKLyo5br/Rr6XzbaL/AJ5S/wCql/dXvhd8V/hn8W/CVp4niv8AU9FbWLmO78VXukp5trpcckflQxfYpf3U3+lSRyyy/wDLL91/zyr5i/ae/as8H/C601/Q/Dt5DN4mm8US6TqNrDc+ZYaXo0Usv+lWsX+t/e/63/tr/wAtf3UtdNT2mMq8kD9jnXy/hbnrSvC/k9rW6HLftP8Aifw38O7Oe11Rrm517w1q0VnPaajP9mli/wCmuf8AVeb/AMtf+mX2r91/qpa+NvjL8V/FnxX8WT6vr00USpL5ohtP9VH+6ii/d/8AbKKOnfEv4w+LPiZeahc61dtcrfXpuInk/wBZFyf9X/zzj/6Z1x5+33l355m8yT/lrL/rK+pwOG+q0bQPwDjDiuvnuMajP92f/9k='}}]}], 'model': 'qwen3-vl:8b'}}
2026-06-26 15:29:37,483 [DEBUG] ThreadPoolExecutor-0_3: Sending HTTP Request: POST http://localhost:1234/v1/chat/completions
2026-06-26 15:29:37,514 [DEBUG] ThreadPoolExecutor-0_3: send_request_headers.started request=<Request [b'POST']>
2026-06-26 15:29:37,577 [DEBUG] ThreadPoolExecutor-0_3: send_request_headers.complete
2026-06-26 15:29:37,592 [DEBUG] ThreadPoolExecutor-0_3: send_request_body.started request=<Request [b'POST']>
2026-06-26 15:29:37,654 [DEBUG] ThreadPoolExecutor-0_3: send_request_body.complete
2026-06-26 15:29:37,669 [DEBUG] ThreadPoolExecutor-0_3: receive_response_headers.started request=<Request [b'POST']>
2026-06-26 15:29:46,878 [DEBUG] ThreadPoolExecutor-0_0: receive_response_headers.complete return_value=(b'HTTP/1.1', 200, b'OK', [(b'X-Powered-By', b'Express'), (b'Content-Type', b'application/json; charset=utf-8'), (b'Content-Length', b'2492'), (b'ETag', b'W/"9bc-So2o5R2MmWj+MVF3d9cI4hXinWo"'), (b'Date', b'Fri, 26 Jun 2026 12:29:46 GMT'), (b'Connection', b'keep-alive'), (b'Keep-Alive', b'timeout=5')])
2026-06-26 15:29:46,893 [INFO] ThreadPoolExecutor-0_0: HTTP Request: POST http://localhost:1234/v1/chat/completions "HTTP/1.1 200 OK"
2026-06-26 15:29:46,909 [DEBUG] ThreadPoolExecutor-0_0: receive_response_body.started request=<Request [b'POST']>
2026-06-26 15:29:46,924 [DEBUG] ThreadPoolExecutor-0_0: receive_response_body.complete
2026-06-26 15:29:46,940 [DEBUG] ThreadPoolExecutor-0_0: response_closed.started
2026-06-26 15:29:46,956 [DEBUG] ThreadPoolExecutor-0_0: response_closed.complete
2026-06-26 15:29:46,987 [DEBUG] ThreadPoolExecutor-0_0: HTTP Response: POST http://localhost:1234/v1/chat/completions "200 OK" Headers({'x-powered-by': 'Express', 'content-type': 'application/json; charset=utf-8', 'content-length': '2492', 'etag': 'W/"9bc-So2o5R2MmWj+MVF3d9cI4hXinWo"', 'date': 'Fri, 26 Jun 2026 12:29:46 GMT', 'connection': 'keep-alive', 'keep-alive': 'timeout=5'})
2026-06-26 15:29:47,003 [DEBUG] ThreadPoolExecutor-0_0: request_id: None
2026-06-26 15:29:47,018 [DEBUG] ThreadPoolExecutor-0_0: Raw LM Studio response received for F:\kuvat\test\b030774178504b05a4ed89ae6c2aa565.jpg
2026-06-26 15:29:47,313 [INFO] ThreadPoolExecutor-0_0: Successfully tagged b030774178504b05a4ed89ae6c2aa565.jpg with ['Meme', 'Surreal meme', 'Giant boot', 'Photo manipulation', 'Red outfits', 'Crowd', 'Absurd humor', 'Large shoe', 'Street scene']
2026-06-26 15:29:48,323 [DEBUG] ThreadPoolExecutor-0_2: receive_response_headers.complete return_value=(b'HTTP/1.1', 200, b'OK', [(b'X-Powered-By', b'Express'), (b'Content-Type', b'application/json; charset=utf-8'), (b'Content-Length', b'1732'), (b'ETag', b'W/"6c4-TSH7NHV8FLtjbY4FcZ9fKYn5xB4"'), (b'Date', b'Fri, 26 Jun 2026 12:29:48 GMT'), (b'Connection', b'keep-alive'), (b'Keep-Alive', b'timeout=5')])
2026-06-26 15:29:48,339 [INFO] ThreadPoolExecutor-0_2: HTTP Request: POST http://localhost:1234/v1/chat/completions "HTTP/1.1 200 OK"
2026-06-26 15:29:48,354 [DEBUG] ThreadPoolExecutor-0_2: receive_response_body.started request=<Request [b'POST']>
2026-06-26 15:29:48,369 [DEBUG] ThreadPoolExecutor-0_2: receive_response_body.complete
2026-06-26 15:29:48,385 [DEBUG] ThreadPoolExecutor-0_2: response_closed.started
2026-06-26 15:29:48,400 [DEBUG] ThreadPoolExecutor-0_2: response_closed.complete
2026-06-26 15:29:48,448 [DEBUG] ThreadPoolExecutor-0_2: HTTP Response: POST http://localhost:1234/v1/chat/completions "200 OK" Headers({'x-powered-by': 'Express', 'content-type': 'application/json; charset=utf-8', 'content-length': '1732', 'etag': 'W/"6c4-TSH7NHV8FLtjbY4FcZ9fKYn5xB4"', 'date': 'Fri, 26 Jun 2026 12:29:48 GMT', 'connection': 'keep-alive', 'keep-alive': 'timeout=5'})
2026-06-26 15:29:48,463 [DEBUG] ThreadPoolExecutor-0_2: request_id: None
2026-06-26 15:29:48,479 [DEBUG] ThreadPoolExecutor-0_2: Raw LM Studio response received for F:\kuvat\test\c1684aa9e2cc4c61a47adf3563317fdc.jpg
2026-06-26 15:29:48,787 [INFO] ThreadPoolExecutor-0_2: Successfully tagged c1684aa9e2cc4c61a47adf3563317fdc.jpg with ['Artwork', '3D rendering', 'Jungle', 'Pink vehicle', 'Whimsical', 'Cartoonish', 'Forest', 'Foliage', 'Stylized', 'Transport']
2026-06-26 15:29:54,048 [DEBUG] ThreadPoolExecutor-0_3: receive_response_headers.complete return_value=(b'HTTP/1.1', 200, b'OK', [(b'X-Powered-By', b'Express'), (b'Content-Type', b'application/json; charset=utf-8'), (b'Content-Length', b'1449'), (b'ETag', b'W/"5a9-2r37ZOw05LMLfAgOX+dOMJrQV08"'), (b'Date', b'Fri, 26 Jun 2026 12:29:54 GMT'), (b'Connection', b'keep-alive'), (b'Keep-Alive', b'timeout=5')])
2026-06-26 15:29:54,064 [INFO] ThreadPoolExecutor-0_3: HTTP Request: POST http://localhost:1234/v1/chat/completions "HTTP/1.1 200 OK"
2026-06-26 15:29:54,079 [DEBUG] ThreadPoolExecutor-0_3: receive_response_body.started request=<Request [b'POST']>
2026-06-26 15:29:54,095 [DEBUG] ThreadPoolExecutor-0_3: receive_response_body.complete
2026-06-26 15:29:54,110 [DEBUG] ThreadPoolExecutor-0_3: response_closed.started
2026-06-26 15:29:54,125 [DEBUG] ThreadPoolExecutor-0_3: response_closed.complete
2026-06-26 15:29:54,186 [DEBUG] ThreadPoolExecutor-0_3: close.started
2026-06-26 15:29:54,218 [DEBUG] ThreadPoolExecutor-0_3: close.complete
2026-06-26 15:29:54,233 [DEBUG] ThreadPoolExecutor-0_3: close.started
2026-06-26 15:29:54,248 [DEBUG] ThreadPoolExecutor-0_3: close.complete
2026-06-26 15:29:54,264 [DEBUG] ThreadPoolExecutor-0_3: HTTP Response: POST http://localhost:1234/v1/chat/completions "200 OK" Headers({'x-powered-by': 'Express', 'content-type': 'application/json; charset=utf-8', 'content-length': '1449', 'etag': 'W/"5a9-2r37ZOw05LMLfAgOX+dOMJrQV08"', 'date': 'Fri, 26 Jun 2026 12:29:54 GMT', 'connection': 'keep-alive', 'keep-alive': 'timeout=5'})
2026-06-26 15:29:54,279 [DEBUG] ThreadPoolExecutor-0_3: request_id: None
2026-06-26 15:29:54,279 [DEBUG] ThreadPoolExecutor-0_3: Raw LM Studio response received for F:\kuvat\test\ec43a2a4cb184f419b36730749ba7108.jpg
2026-06-26 15:29:54,635 [INFO] ThreadPoolExecutor-0_3: Successfully tagged ec43a2a4cb184f419b36730749ba7108.jpg with ['Artwork', 'Psychedelic', 'Surrealism', 'Skeleton', 'Cosmic', 'Nebula', 'Trippy', 'Abstract', 'Vibrant', 'Space']
2026-06-26 15:29:56,044 [DEBUG] ThreadPoolExecutor-0_1: receive_response_headers.complete return_value=(b'HTTP/1.1', 200, b'OK', [(b'X-Powered-By', b'Express'), (b'Content-Type', b'application/json; charset=utf-8'), (b'Content-Length', b'1621'), (b'ETag', b'W/"655-NS0YXPXju8jGLVMKX1uZnPtCfuc"'), (b'Date', b'Fri, 26 Jun 2026 12:29:56 GMT'), (b'Connection', b'keep-alive'), (b'Keep-Alive', b'timeout=5')])
2026-06-26 15:29:56,059 [INFO] ThreadPoolExecutor-0_1: HTTP Request: POST http://localhost:1234/v1/chat/completions "HTTP/1.1 200 OK"
2026-06-26 15:29:56,075 [DEBUG] ThreadPoolExecutor-0_1: receive_response_body.started request=<Request [b'POST']>
2026-06-26 15:29:56,090 [DEBUG] ThreadPoolExecutor-0_1: receive_response_body.complete
2026-06-26 15:29:56,105 [DEBUG] ThreadPoolExecutor-0_1: response_closed.started
2026-06-26 15:29:56,120 [DEBUG] ThreadPoolExecutor-0_1: response_closed.complete
2026-06-26 15:29:56,139 [DEBUG] ThreadPoolExecutor-0_1: HTTP Response: POST http://localhost:1234/v1/chat/completions "200 OK" Headers({'x-powered-by': 'Express', 'content-type': 'application/json; charset=utf-8', 'content-length': '1621', 'etag': 'W/"655-NS0YXPXju8jGLVMKX1uZnPtCfuc"', 'date': 'Fri, 26 Jun 2026 12:29:56 GMT', 'connection': 'keep-alive', 'keep-alive': 'timeout=5'})
2026-06-26 15:29:56,152 [DEBUG] ThreadPoolExecutor-0_1: request_id: None
2026-06-26 15:29:56,168 [DEBUG] ThreadPoolExecutor-0_1: Raw LM Studio response received for F:\kuvat\test\dd1e94f69213468d97e12c29f8bf123f.jpg
2026-06-26 15:29:56,477 [INFO] ThreadPoolExecutor-0_1: Successfully tagged dd1e94f69213468d97e12c29f8bf123f.jpg with ['Artwork', 'Abstract', 'Swirl', 'Spiral', '3D Render', 'Black and White', 'Purple', 'Gold', 'Fluid Motion', 'Psychedelic', 'Surrealism']
2026-06-26 15:29:57,123 [DEBUG] MainThread: close.started
2026-06-26 15:29:57,123 [DEBUG] MainThread: close.complete
2026-06-26 15:29:57,123 [DEBUG] MainThread: close.started
2026-06-26 15:29:57,123 [DEBUG] MainThread: close.complete
